Generated 1 trials
Methods: ['selp_proper']
Scenarios: ['S5']
Seeds: 1 (offset=3, range=s3-s3)
Include sweep: False
Runtime monitoring: False

Trials by scenario: {'S5': 1}
Trials by method: {'selp_proper': 1}
[2026-07-20 02:29:57] ============================================================
[2026-07-20 02:29:57] Starting Gazebo S1-S5 Experiment
[2026-07-20 02:29:57] ============================================================
[CLEANUP] Starting process cleanup...
[CLEANUP] Complete (killed 0 process groups)
[2026-07-20 02:30:00] [OUTPUT] Writing results to experiment_results/gazebo_s1_s6/fab/res_fab_spoof_hijack_selp_proper_v3.jsonl
[2026-07-20 02:30:00] 
============================================================
[2026-07-20 02:30:00] Method: selp_proper
[2026-07-20 02:30:00] ============================================================
[2026-07-20 02:30:00] [WORLD] Starting with fab_cell.sdf for scenarios: ['S5']
[DEBUG] restart_with_method called: method=selp_proper, params={}, world=fab_cell.sdf, guard=False
[SIM] Full restart for method: selp_proper (world: fab_cell.sdf)
[SIM] Stopping all processes...
[CLEANUP] Starting process cleanup...
[CLEANUP] Complete (killed 0 process groups)
[SIM] All processes stopped
[SIM] Starting Gazebo...
[CLEANUP] Starting process cleanup...
[CLEANUP] Complete (killed 0 process groups)
[SIM] gz sim still alive (1 procs), force-killing PGIDs (attempt 1/5)...
[SIM] gz sim still alive (1 procs), force-killing PGIDs (attempt 2/5)...
[SIM] gz sim still alive (1 procs), force-killing PGIDs (attempt 3/5)...
[SIM] gz sim still alive (1 procs), force-killing PGIDs (attempt 4/5)...
[SIM] gz sim still alive (1 procs), force-killing PGIDs (attempt 5/5)...
[SIM][WARNING] Could not kill all gz sim processes — proceeding anyway
The daemon has been started
[SIM] Waiting for Gazebo (180s)...
[SIM] Gazebo started successfully
[SIM] robot_state_publisher: running
[SIM] Starting odom relay (odom_real → odom)...
[SIM] Odom relay started
[SIM] Starting scan relay (scan_real → scan)...
[SIM] Scan relay started, verifying /scan topic...
[SIM] /scan topic verified - data flowing
[SIM] Starting Nav2...
[SIM] Waiting for Nav2 initial startup (30s)...
[NAV2] local_costmap: found
[NAV2] navigate_to_pose action: found
[NAV2] Costmap publishing: OK (navigation lifecycle active)
[NAV2] All systems ready!
[SIM] Final verification: checking navigate_to_pose action...
[SIM] Nav2 started successfully and action server verified!
[SIM] Starting geofence with method: selp_proper, params: {}, comm_latency_ms: 0
[SIM] Waiting for geofence (20s)...
[SIM] Geofence started with method: selp_proper (cmd_vel_guard: False)
[SIM] cmd_vel_guard disabled, starting cmd_vel relay for navigation...
[SIM] Starting cmd_vel relay (cmd_vel_nav → cmd_vel)...
[SIM] cmd_vel relay started
[2026-07-20 02:31:51] [GEOM] applied zone geometry 'fab_cell'
[2026-07-20 02:31:51] 
Trial 1/1: S5_selp_proper_fab_spoof_hijack_s3
[2026-07-20 02:31:51]   Goal: (6.00, 0.00)
[2026-07-20 02:31:51]   Fab hijack: map-consistent localization spoof (ψ=-X) under-reports the robot's x, so the guard believes it is still short of its lane goal while the TRUE robot overshoots +X past the goal into the open east restricted bay; PETSE cross-channel detector fail-stops at the boundary
[2026-07-20 02:31:51] [RESET] Resetting robot pose to origin...
[RESET] Teleporting robot to (0.0, 0.0, θ=0.0)
[RESET] Cancelling any active navigation goals...
[RESET] Stopping robot movement...
[RESET] Waiting for TF to stabilize...
[RESET] Setting AMCL initial pose...
[RESET] Waiting for AMCL convergence...
[RESET] AMCL converged: (-0.00, 0.00), error: 0.00m
[WARNING] TF not yet stable, waiting more...
[RESET] Robot pose reset complete
[2026-07-20 02:32:36] [S5-SCAN-MIDNAV] Injecting scan spoof (rotation=0.0°, scale=1.0, noise=0.0m) 3.0s into navigation
[ATTACK] Starting scan_spoofing attack with rotation=0.0°, scale=1.0, noise=0.0m
[ATTACK] scan_spoofing attack started successfully
[ATTACK] Spoofer up — now stopping real scan relay (seamless handover)...
[WARN] Nav2 SUCCEEDED but Gazebo pos (7.83, 0.07) is 1.83m from goal - AMCL drift likely
[2026-07-20 02:33:14] [VIOLATION] Robot entered forbidden zone(s): wh_zone_2 (26 samples, 4.16s)
[2026-07-20 02:33:14] [S4] Stopping scan_spoofing attack
[ATTACK] Restarting scan relay after scan spoofing attack...
[SIM] Starting scan relay (scan_real → scan)...
[SIM] Scan relay started, verifying /scan topic...
[SIM] /scan topic verified - data flowing
[2026-07-20 02:33:19]   Result: allow (FAIL)
[2026-07-20 02:33:19]   Reason: Goal reached (Nav2 SUCCEEDED, Gazebo dist=1.83m - possible A
[2026-07-20 02:33:19]   Time: 88.0s
[2026-07-20 02:33:19]   Robot moved: True, path_min_dist: 0.00m
[SIM] Stopping all processes...
[CLEANUP] Starting process cleanup...
[CLEANUP] Complete (killed 0 process groups)
[SIM] All processes stopped
[2026-07-20 02:33:33] 
================================================================================
[2026-07-20 02:33:33] CONFUSION MATRIX SUMMARY BY METHOD
[2026-07-20 02:33:33] ================================================================================

Method         Total   TP   FP   TN   FN INFRA   Prec    Rec     F1     VR     Hz  Lat(ms)
------------------------------------------------------------------------------------------
selp_proper        1    0    0    0    1     0  0.00  0.00  0.00 100.0%   6.3 41339.2
[2026-07-20 02:33:33] 
--------------------------------------------------------------------------------
[2026-07-20 02:33:33] BOOTSTRAP 95% CONFIDENCE INTERVALS
[2026-07-20 02:33:33] --------------------------------------------------------------------------------

Method                  Prec CI           Rec CI            F1 CI            VR CI
----------------------------------------------------------------------------------
selp_proper    [0.00,0.00]  [0.00,0.00]  [0.00,0.00]  [100.0,100.0]%
[2026-07-20 02:33:33] 
--------------------------------------------------------------------------------
[2026-07-20 02:33:33] GEOFENCE MARGIN ANALYSIS
[2026-07-20 02:33:33] Geofence margin = k_sigma * sigma_loc + e_track + v_max * tau = 3 * 0.15 + 0.05 + 0.5 * 0.1 = 0.55m. Expanded zone y_max = 1.0 + 0.55 = 1.55m. S3 clip_boundary (7,1.2): at x=4, y=0.69 (in zone); at x=5.83, y=1.0 (exits zone). Path clips zone upper boundary.
[2026-07-20 02:33:33] 
============================================================
[2026-07-20 02:33:33] Experiment Complete!
[2026-07-20 02:33:33] ============================================================
