{"t": 1784482571.4926484, "x": -1.390007332893958e-11, "y": -1.3562129866026644e-13, "zone": null, "min_dist": 1.64012194669404}
{"t": 1784482571.6445522, "x": -1.390007332893958e-11, "y": -1.3562129866026644e-13, "zone": null, "min_dist": 1.64012194669404}
{"t": 1784482571.8050714, "x": -1.390007332893958e-11, "y": -1.3562129866026644e-13, "zone": null, "min_dist": 1.64012194669404}
{"t": 1784482571.9813366, "x": -1.390007332893958e-11, "y": -1.3562129866026644e-13, "zone": null, "min_dist": 1.64012194669404}
{"t": 1784482572.1420865, "x": -1.390007332893958e-11, "y": -1.3562129866026644e-13, "zone": null, "min_dist": 1.64012194669404}
{"t": 1784482572.311144, "x": -1.390007332893958e-11, "y": -1.3562129866026644e-13, "zone": null, "min_dist": 1.64012194669404}
{"t": 1784482572.470965, "x": -1.390007332893958e-11, "y": -1.3562129866026644e-13, "zone": null, "min_dist": 1.64012194669404}
{"t": 1784482572.6309645, "x": -1.390007332893958e-11, "y": -1.3562129866026644e-13, "zone": null, "min_dist": 1.64012194669404}
{"t": 1784482572.7831576, "x": -1.390007332893958e-11, "y": -1.3562129866026644e-13, "zone": null, "min_dist": 1.64012194669404}
{"t": 1784482572.9355938, "x": -1.390007332893958e-11, "y": -1.3562129866026644e-13, "zone": null, "min_dist": 1.64012194669404}
{"t": 1784482573.087844, "x": -1.390007332893958e-11, "y": -1.3562129866026644e-13, "zone": null, "min_dist": 1.64012194669404}
{"t": 1784482573.2479699, "x": -1.390007332893958e-11, "y": -1.3562129866026644e-13, "zone": null, "min_dist": 1.64012194669404}
{"t": 1784482573.4246144, "x": -1.390007332893958e-11, "y": -1.3562129866026644e-13, "zone": null, "min_dist": 1.64012194669404}
{"t": 1784482573.681206, "x": -1.390007332893958e-11, "y": -1.3562129866026644e-13, "zone": null, "min_dist": 1.64012194669404}
{"t": 1784482573.8413696, "x": -1.390007332893958e-11, "y": -1.3562129866026644e-13, "zone": null, "min_dist": 1.64012194669404}
{"t": 1784482574.001212, "x": -1.390007332893958e-11, "y": -1.3562129866026644e-13, "zone": null, "min_dist": 1.64012194669404}
{"t": 1784482574.1615932, "x": -1.390007332893958e-11, "y": -1.3562129866026644e-13, "zone": null, "min_dist": 1.64012194669404}
{"t": 1784482574.3215322, "x": -1.390007332893958e-11, "y": -1.3562129866026644e-13, "zone": null, "min_dist": 1.64012194669404}
{"t": 1784482574.4977198, "x": -1.390007332893958e-11, "y": -1.3562129866026644e-13, "zone": null, "min_dist": 1.64012194669404}
{"t": 1784482574.65841, "x": -1.390007332893958e-11, "y": -1.3562129866026644e-13, "zone": null, "min_dist": 1.64012194669404}
{"t": 1784482574.8183346, "x": -1.390007332893958e-11, "y": -1.3562129866026644e-13, "zone": null, "min_dist": 1.64012194669404}
{"t": 1784482574.9709184, "x": -1.390007332893958e-11, "y": -1.3562129866026644e-13, "zone": null, "min_dist": 1.64012194669404}
{"t": 1784482575.1231341, "x": -1.390007332893958e-11, "y": -1.3562129866026644e-13, "zone": null, "min_dist": 1.64012194669404}
{"t": 1784482575.2831964, "x": -1.390007332893958e-11, "y": -1.3562129866026644e-13, "zone": null, "min_dist": 1.64012194669404}
{"t": 1784482575.435464, "x": -1.390007332893958e-11, "y": -1.3562129866026644e-13, "zone": null, "min_dist": 1.64012194669404}
{"t": 1784482575.6122315, "x": 0.0009596891689485546, "y": 3.059226240825724e-11, "zone": null, "min_dist": 1.6395369903072832}
{"t": 1784482575.7645426, "x": 0.01919850442780071, "y": 3.527287241212512e-09, "zone": null, "min_dist": 1.6284875082559633}
{"t": 1784482575.9407065, "x": 0.054701494768784435, "y": 1.4208803827347632e-08, "zone": null, "min_dist": 1.607354729687719}
{"t": 1784482576.101076, "x": 0.08906447325842154, "y": 2.5278272862391333e-08, "zone": null, "min_dist": 1.5873888837195655}
{"t": 1784482576.2546835, "x": 0.12191668208868753, "y": 3.5915682835074927e-08, "zone": null, "min_dist": 1.568767101839328}
{"t": 1784482576.4139457, "x": 0.15500710266779893, "y": -4.592798998957022e-05, "zone": null, "min_dist": 1.5504494786600675}
{"t": 1784482576.5748668, "x": 0.18924126175046127, "y": -0.0004978131077300756, "zone": null, "min_dist": 1.531677402518486}
{"t": 1784482576.7344735, "x": 0.22311544929965535, "y": -0.0009887998266007113, "zone": null, "min_dist": 1.5135982635074643}
{"t": 1784482576.8945873, "x": 0.2560316264897867, "y": -0.0014659008704287226, "zone": null, "min_dist": 1.4965559619959687}
{"t": 1784482577.0468423, "x": 0.28730927646752286, "y": -0.0019192523540840442, "zone": null, "min_dist": 1.480858431727431}
{"t": 1784482577.2072031, "x": 0.32019331142910523, "y": -0.002395887498599952, "zone": null, "min_dist": 1.4648937048831467}
{"t": 1784482577.359426, "x": 0.3522083848524497, "y": -0.002859927311526011, "zone": null, "min_dist": 1.4498987360604643}
{"t": 1784482577.5203838, "x": 0.3863825692186721, "y": -0.003355261961690272, "zone": null, "min_dist": 1.434508253040433}
{"t": 1784482577.680254, "x": 0.4201608569807697, "y": -0.0038448584812959224, "zone": null, "min_dist": 1.4199406968823194}
{"t": 1784482577.8562746, "x": 0.45667235944285717, "y": -0.00437407154089814, "zone": null, "min_dist": 1.404938244724266}
{"t": 1784482578.0165231, "x": 0.4908465438261996, "y": -0.0048694061905006, "zone": null, "min_dist": 1.3916179421648287}
{"t": 1784482578.168325, "x": 0.5236953037980892, "y": -0.0053455295010908154, "zone": null, "min_dist": 1.3794913416208183}
{"t": 1784482578.3207295, "x": 0.5547338179749163, "y": -0.005795414897393431, "zone": null, "min_dist": 1.3686590082835846}
{"t": 1784482578.4978914, "x": 0.5887461652183481, "y": -0.006012674601805645, "zone": null, "min_dist": 1.3577676218387986}
{"t": 1784482578.6574223, "x": 0.6231215651661344, "y": -0.00542613439339081, "zone": null, "min_dist": 1.3483170428925326}
{"t": 1784482578.817499, "x": 0.6569491025147135, "y": -0.004419799024176832, "zone": null, "min_dist": 1.3402283295864235}
{"t": 1784482578.970395, "x": 0.6893203874866596, "y": -0.0034511552587065974, "zone": null, "min_dist": 1.3332519373439597}
{"t": 1784482579.130339, "x": 0.7230871096301877, "y": -0.0024407562262535576, "zone": null, "min_dist": 1.3267783311298313}
{"t": 1784482579.2825584, "x": 0.755924591220229, "y": -0.001458162619398857, "zone": null, "min_dist": 1.321281086142839}
{"t": 1784482579.443222, "x": 0.790144401951786, "y": -0.0004342057383158428, "zone": null, "min_dist": 1.3164006326522242}
{"t": 1784482579.60324, "x": 0.8241282591183704, "y": 0.000582690559096315, "zone": null, "min_dist": 1.311265119384853}
{"t": 1784482579.7800798, "x": 0.8597435043060583, "y": 0.0016484022398842908, "zone": null, "min_dist": 1.3059053395980085}
{"t": 1784482579.9401662, "x": 0.8935708618415201, "y": 0.002660615563811297, "zone": null, "min_dist": 1.3016975992366375}
{"t": 1784482580.092224, "x": 0.9265009366407481, "y": 0.0036459798260300704, "zone": null, "min_dist": 1.2984359275435586}
{"t": 1784482580.244359, "x": 0.958971393648218, "y": 0.004617590821430267, "zone": null, "min_dist": 1.296031995187019}
{"t": 1784482580.4048328, "x": 0.9927636330567784, "y": 0.0056267906904239875, "zone": null, "min_dist": 1.2943934370912535}
{"t": 1784482580.6813824, "x": 1.0312041082387875, "y": 0.0063289325786980806, "zone": null, "min_dist": 1.293671067421302}
{"t": 1784482580.8378391, "x": 1.084468630095685, "y": 0.005646925578179669, "zone": null, "min_dist": 1.2943530744218203}
{"t": 1784482580.9984856, "x": 1.1175011515809021, "y": 0.004844673198504421, "zone": null, "min_dist": 1.2951553268014957}
{"t": 1784482581.1507218, "x": 1.149435450630304, "y": 0.004678403283539513, "zone": null, "min_dist": 1.2953215967164606}
{"t": 1784482581.310687, "x": 1.183495128642444, "y": 0.004716596528997298, "zone": null, "min_dist": 1.2952834034710028}
{"t": 1784482581.4712968, "x": 1.2179253326957662, "y": 0.004755205135413453, "zone": null, "min_dist": 1.2952447948645867}
{"t": 1784482581.631333, "x": 1.2508669037431306, "y": 0.004792143968713772, "zone": null, "min_dist": 1.2952078560312863}
{"t": 1784482581.784112, "x": 1.2841855325564755, "y": 0.004829506172490737, "zone": null, "min_dist": 1.2951704938275093}
{"t": 1784482581.9363182, "x": 1.3168136914777138, "y": 0.004866093904952184, "zone": null, "min_dist": 1.295133906095048}
{"t": 1784482582.0966253, "x": 1.3503463022545095, "y": 0.004903695603140539, "zone": null, "min_dist": 1.2950963043968595}
{"t": 1784482582.2489142, "x": 1.3830419504124174, "y": 0.004940359064971772, "zone": null, "min_dist": 1.2950596409350283}
{"t": 1784482582.4093084, "x": 1.4155622614606969, "y": 0.004976825279459923, "zone": null, "min_dist": 1.29502317472054}
{"t": 1784482582.56955, "x": 1.4491522249540383, "y": 0.005014491322496433, "zone": null, "min_dist": 1.2949855086775035}
{"t": 1784482582.721904, "x": 1.4820970460896312, "y": 0.005051434244244779, "zone": null, "min_dist": 1.2949485657557553}
{"t": 1784482582.8823617, "x": 1.5166805442406728, "y": 0.005090214659855682, "zone": null, "min_dist": 1.2949097853401443}
{"t": 1784482583.0423312, "x": 1.54950412753131, "y": 0.00512702107008474, "zone": null, "min_dist": 1.2948729789299154}
{"t": 1784482583.194914, "x": 1.5827235090023857, "y": 0.005164271970270792, "zone": null, "min_dist": 1.2948357280297293}
{"t": 1784482583.3710935, "x": 1.6198720273928182, "y": 0.005205928409819838, "zone": null, "min_dist": 1.2947940715901802}
{"t": 1784482583.5317152, "x": 1.6528135984223546, "y": 0.005242867191485089, "zone": null, "min_dist": 1.294757132808515}
{"t": 1784482583.6916153, "x": 1.686560137728247, "y": 0.005280708843431242, "zone": null, "min_dist": 1.2947192911565688}
{"t": 1784482583.8439586, "x": 1.7177802666180586, "y": 0.005315717234438226, "zone": null, "min_dist": 1.2946842827655618}
{"t": 1784482584.0046353, "x": 1.7508529981085716, "y": 0.0053528030669523965, "zone": null, "min_dist": 1.2946471969330478}
{"t": 1784482584.164449, "x": 1.785123382045692, "y": 0.005391232319749931, "zone": null, "min_dist": 1.29460876768025}
{"t": 1784482584.324747, "x": 1.8190297970219844, "y": 0.005429253273727942, "zone": null, "min_dist": 1.2945707467262721}
{"t": 1784482584.4854145, "x": 1.8520066742681485, "y": 0.005466231636667075, "zone": null, "min_dist": 1.294533768363333}
{"t": 1784482584.6612127, "x": 1.889423195884125, "y": 0.005508188753905295, "zone": null, "min_dist": 1.2944918112460948}
{"t": 1784482584.8378854, "x": 1.927127503161265, "y": 0.005550468596276411, "zone": null, "min_dist": 1.2944495314037237}
{"t": 1784482584.9983559, "x": 1.9605707607145924, "y": 0.005587970041600069, "zone": null, "min_dist": 1.2944120299583999}
{"t": 1784482585.1507888, "x": 1.99242944687441, "y": 0.00562369473778538, "zone": null, "min_dist": 1.2943763052622146}
{"t": 1784482585.310825, "x": 2.026521124901235, "y": 0.005661923491665194, "zone": null, "min_dist": 1.2943380765083348}
{"t": 1784482585.4633942, "x": 2.058019120601785, "y": 0.005697243532747044, "zone": null, "min_dist": 1.294302756467253}
{"t": 1784482585.615127, "x": 2.0900630697598226, "y": 0.005733176040144995, "zone": null, "min_dist": 1.2942668239598552}
{"t": 1784482585.7675886, "x": 2.122672643386573, "y": 0.005769742898444772, "zone": null, "min_dist": 1.2942302571015554}
{"t": 1784482585.9276042, "x": 2.156023269451735, "y": 0.005807140438165517, "zone": null, "min_dist": 1.2941928595618346}
{"t": 1784482586.0879533, "x": 2.189919821176819, "y": 0.00584515039491394, "zone": null, "min_dist": 1.294154849605086}
{"t": 1784482586.2480085, "x": 2.2240115269781, "y": 0.005883379191581669, "zone": null, "min_dist": 1.2941166208084183}
{"t": 1784482586.4085793, "x": 2.2569916271163954, "y": 0.005920361125053048, "zone": null, "min_dist": 1.294079638874947}
{"t": 1784482586.5682847, "x": 2.2907029436437485, "y": 0.0059581633295237866, "zone": null, "min_dist": 1.2940418366704762}
{"t": 1784482586.728723, "x": 2.3249798846383674, "y": 0.005996599881680366, "zone": null, "min_dist": 1.2940034001183196}
{"t": 1784482586.881247, "x": 2.356663143315511, "y": 0.006032127727493346, "zone": null, "min_dist": 1.2939678722725068}
{"t": 1784482587.0334206, "x": 2.388863665037472, "y": 0.006068235828718029, "zone": null, "min_dist": 1.293931764171282}
{"t": 1784482587.1856277, "x": 2.421131375276144, "y": 0.006104419248196781, "zone": null, "min_dist": 1.2938955807518033}
{"t": 1784482587.3380158, "x": 2.4535237138036052, "y": 0.006140742444528056, "zone": null, "min_dist": 1.293859257555472}
{"t": 1784482587.4904006, "x": 2.4855676352300033, "y": 0.006176674902685551, "zone": null, "min_dist": 1.2938233250973146}
{"t": 1784482587.6507356, "x": 2.519659341063756, "y": 0.006214903699369097, "zone": null, "min_dist": 1.293785096300631}
{"t": 1784482587.8270907, "x": 2.5563447019472942, "y": 0.006256040626912162, "zone": null, "min_dist": 1.293743959373088}
{"t": 1784482587.9876285, "x": 2.5902412536855026, "y": 0.006294050583647693, "zone": null, "min_dist": 1.2937059494163523}
{"t": 1784482588.1478703, "x": 2.624332959493775, "y": 0.006332279380295433, "zone": null, "min_dist": 1.2936677206197047}
{"t": 1784482588.307627, "x": 2.6586385321423633, "y": 0.006370748044548521, "zone": null, "min_dist": 1.2936292519554515}
{"t": 1784482588.4836082, "x": 2.695100100970816, "y": 0.006411634018736819, "zone": null, "min_dist": 1.2935883659812633}
{"t": 1784482588.6440415, "x": 2.7300221560950853, "y": 0.006450794194095415, "zone": null, "min_dist": 1.2935492058059046}
{"t": 1784482588.8044283, "x": 2.763650676739284, "y": 0.006488503441044603, "zone": null, "min_dist": 1.2935114965589554}
{"t": 1784482588.965, "x": 2.79689883587054, "y": 0.006525786130438676, "zone": null, "min_dist": 1.2934742138695614}
{"t": 1784482589.1253502, "x": 2.831175776887446, "y": 0.006564222682583414, "zone": null, "min_dist": 1.2934357773174165}
{"t": 1784482589.2855484, "x": 2.8650788855968106, "y": 0.006602239947740824, "zone": null, "min_dist": 1.2933977600522593}
{"t": 1784482589.4461951, "x": 2.8980590135991933, "y": 0.006639221918192203, "zone": null, "min_dist": 1.293360778081808}
{"t": 1784482589.6064062, "x": 2.932422029048026, "y": 0.006677755073272779, "zone": null, "min_dist": 1.2933222449267272}
{"t": 1784482589.758478, "x": 2.9644758137005605, "y": 0.006713698528571828, "zone": null, "min_dist": 1.2932863014714282}
{"t": 1784482589.9183707, "x": 2.9986248447871215, "y": 0.006751991632330671, "zone": null, "min_dist": 1.2932480083676694}
{"t": 1784482590.0787456, "x": 3.033233785966414, "y": 0.006790800646588367, "zone": null, "min_dist": 1.2932091993534116}
{"t": 1784482590.2393572, "x": 3.067076232199227, "y": 0.006828749860857433, "zone": null, "min_dist": 1.2931712501391426}
{"t": 1784482590.3917212, "x": 3.0982964169585854, "y": 0.006863758316324955, "zone": null, "min_dist": 1.2931362416836751}
{"t": 1784482590.5441146, "x": 3.131515798423508, "y": 0.006901009216422482, "zone": null, "min_dist": 1.2930989907835775}
{"t": 1784482590.7044823, "x": 3.1651123190895136, "y": 0.006938682569228521, "zone": null, "min_dist": 1.2930613174307715}
{"t": 1784482590.8648129, "x": 3.199168718702312, "y": 0.0069768717706124896, "zone": null, "min_dist": 1.2930231282293876}
{"t": 1784482591.041065, "x": 3.2364926367748597, "y": 0.007018725017533426, "zone": null, "min_dist": 1.2929812749824665}
{"t": 1784482591.2013319, "x": 3.269472764613079, "y": 0.007055707004785819, "zone": null, "min_dist": 1.2929442929952142}
{"t": 1784482591.3615716, "x": 3.303222548183739, "y": 0.007093552254572256, "zone": null, "min_dist": 1.2929064477454277}
{"t": 1784482591.522093, "x": 3.3374003007365847, "y": 0.007131877604997347, "zone": null, "min_dist": 1.2928681223950027}
{"t": 1784482591.682521, "x": 3.370840279787751, "y": 0.007169375398370452, "zone": null, "min_dist": 1.2928306246016297}
{"t": 1784482591.8432925, "x": 3.4030793835062725, "y": 0.007205526213190231, "zone": null, "min_dist": 1.2927944737868098}
{"t": 1784482591.9953978, "x": 3.4355864343518827, "y": 0.007241978144462388, "zone": null, "min_dist": 1.2927580218555377}
{"t": 1784482592.155311, "x": 3.469770743839858, "y": 0.00728031080058181, "zone": null, "min_dist": 1.2927196891994182}
{"t": 1784482592.3153973, "x": 3.502188497946375, "y": 0.007316662036315992, "zone": null, "min_dist": 1.292683337963684}
{"t": 1784482592.4679892, "x": 3.534242282488398, "y": 0.007352605480090719, "zone": null, "min_dist": 1.2926473945199093}
{"t": 1784482592.6201367, "x": 3.567005119069811, "y": 0.007389344245585314, "zone": null, "min_dist": 1.2926106557544148}
{"t": 1784482592.7725387, "x": 3.5983080163006456, "y": 0.007424445537067078, "zone": null, "min_dist": 1.292575554462933}
{"t": 1784482592.9488814, "x": 3.635267993029427, "y": 0.007465890513208327, "zone": null, "min_dist": 1.2925341094867917}
{"t": 1784482593.109103, "x": 3.6686218974882006, "y": 0.00750329171569965, "zone": null, "min_dist": 1.2924967082843004}
{"t": 1784482593.2692022, "x": 3.7021545079811102, "y": 0.0075408934113715045, "zone": null, "min_dist": 1.2924591065886286}
{"t": 1784482593.4294567, "x": 3.736207660053605, "y": 0.007579079011125811, "zone": null, "min_dist": 1.2924209209888742}
{"t": 1784482593.6878028, "x": 3.768938528172179, "y": 0.00761578141583629, "zone": null, "min_dist": 1.2923842185841639}
{"t": 1784482593.8463612, "x": 3.823434521424772, "y": 0.007676890602524042, "zone": null, "min_dist": 1.292323109397476}
{"t": 1784482593.998498, "x": 3.855919463657319, "y": 0.007713317661019747, "zone": null, "min_dist": 1.2922866823389803}
{"t": 1784482594.1750252, "x": 3.8925023575793274, "y": 0.007754339741340575, "zone": null, "min_dist": 1.2922456602586594}
{"t": 1784482594.3352525, "x": 3.927427691256217, "y": 0.007793503566715928, "zone": null, "min_dist": 1.2922064964332842}
{"t": 1784482594.4874866, "x": 3.9592036093312157, "y": 0.007829135355067043, "zone": null, "min_dist": 1.292170864644933}
{"t": 1784482594.647876, "x": 3.9932600089507844, "y": 0.007867324556401396, "zone": null, "min_dist": 1.2921326754435987}
{"t": 1784482594.8236406, "x": 4.030865127833749, "y": 0.007909493196999993, "zone": null, "min_dist": 1.292090506803}
{"t": 1784482594.984277, "x": 4.0637206274609445, "y": 0.007946335395164813, "zone": null, "min_dist": 1.2920536646048353}
{"t": 1784482595.144829, "x": 4.097345838423363, "y": 0.007984040933202418, "zone": null, "min_dist": 1.2920159590667977}
{"t": 1784482595.3202283, "x": 4.135043588718814, "y": 0.008026313476082248, "zone": null, "min_dist": 1.2919736865239178}
{"t": 1784482595.4725642, "x": 4.1670973733710435, "y": 0.008062256934511508, "zone": null, "min_dist": 1.2919377430654886}
{"t": 1784482595.633141, "x": 4.200182102160498, "y": 0.008099356305009867, "zone": null, "min_dist": 1.2919006436949902}
{"t": 1784482595.7934906, "x": 4.2351007920938715, "y": 0.008138512706697772, "zone": null, "min_dist": 1.2918614872933023}
{"t": 1784482595.945619, "x": 4.267515084204946, "y": 0.008174860555476398, "zone": null, "min_dist": 1.2918251394445237}
{"t": 1784482596.0981035, "x": 4.298450734031618, "y": 0.008209549895757083, "zone": null, "min_dist": 1.291790450104243}
{"t": 1784482596.258515, "x": 4.3310316764314045, "y": 0.008246084112516868, "zone": null, "min_dist": 1.2917539158874831}
{"t": 1784482596.4187055, "x": 4.364567565304921, "y": 0.008283689447768486, "zone": null, "min_dist": 1.2917163105522316}
{"t": 1784482596.5712717, "x": 4.396397529909978, "y": 0.008319381894418455, "zone": null, "min_dist": 1.2916806181055815}
{"t": 1784482596.7232785, "x": 4.428693930545658, "y": 0.008355597499340364, "zone": null, "min_dist": 1.2916444025006597}
{"t": 1784482596.8835285, "x": 4.463277397582505, "y": 0.00839437787048457, "zone": null, "min_dist": 1.2916056221295156}
{"t": 1784482597.0441902, "x": 4.497416379168861, "y": 0.008432659729321381, "zone": null, "min_dist": 1.2915673402706787}
{"t": 1784482597.1961894, "x": 4.530667760719567, "y": 0.008469946523554438, "zone": null, "min_dist": 1.2915300534764456}
{"t": 1784482597.3486755, "x": 4.563801123577631, "y": 0.008507100898861206, "zone": null, "min_dist": 1.2914928991011387}
{"t": 1784482597.5248253, "x": 4.599735597156743, "y": 0.008547395685083024, "zone": null, "min_dist": 1.291452604314917}
{"t": 1784482597.685044, "x": 4.6324984341767985, "y": 0.008584133923345234, "zone": null, "min_dist": 1.2914158660766548}
{"t": 1784482597.8454618, "x": 4.666462202078539, "y": 0.008622219221982736, "zone": null, "min_dist": 1.2913777807780173}
{"t": 1784482598.0059364, "x": 4.700151354136716, "y": 0.008659996462295153, "zone": null, "min_dist": 1.291340003537705}
{"t": 1784482598.1578174, "x": 4.733182159890957, "y": 0.008697035859384578, "zone": null, "min_dist": 1.2913029641406155}
{"t": 1784482598.3182695, "x": 4.765431493097545, "y": 0.008733198184859037, "zone": null, "min_dist": 1.291266801815141}
{"t": 1784482598.4944386, "x": 4.80183895604858, "y": 0.008774023408668246, "zone": null, "min_dist": 1.2912259765913319}
{"t": 1784482598.6544428, "x": 4.83534630660575, "y": 0.00881159676578293, "zone": null, "min_dist": 1.2911884032342171}
{"t": 1784482598.8072877, "x": 4.866435129305335, "y": 0.008846457880566, "zone": null, "min_dist": 1.291153542119434}
{"t": 1784482598.9674242, "x": 4.8992200407916915, "y": 0.008883220933241752, "zone": null, "min_dist": 1.2911167790667584}
{"t": 1784482599.127476, "x": 4.933928080259923, "y": 0.008922141017279837, "zone": null, "min_dist": 1.2910778589827203}
{"t": 1784482599.304605, "x": 4.97199623558696, "y": 0.008964828992137996, "zone": null, "min_dist": 1.291035171007862}
{"t": 1784482599.4642162, "x": 5.006608424244193, "y": 0.009003641607769326, "zone": null, "min_dist": 1.2909963583922308}
{"t": 1784482599.6164992, "x": 5.039536558785698, "y": 0.009040565865762705, "zone": null, "min_dist": 1.2909594341342374}
{"t": 1784482599.7763314, "x": 5.072533435702058, "y": 0.009077566605172342, "zone": null, "min_dist": 1.2909224333948277}
{"t": 1784482599.9367208, "x": 5.106372572351127, "y": 0.009115512106337046, "zone": null, "min_dist": 1.290884487893663}
{"t": 1784482600.0972278, "x": 5.140083888895949, "y": 0.00915331430094687, "zone": null, "min_dist": 1.2908466856990533}
{"t": 1784482600.2574923, "x": 5.172664831404469, "y": 0.00918984851778531, "zone": null, "min_dist": 1.2908101514822148}
{"t": 1784482600.4179957, "x": 5.206507246366739, "y": 0.009227797669684104, "zone": null, "min_dist": 1.2907722023303159}
{"t": 1784482600.5782938, "x": 5.240656305272634, "y": 0.009266090813967192, "zone": null, "min_dist": 1.2907339091860328}
{"t": 1784482600.738476, "x": 5.275204555989826, "y": 0.009304831733096302, "zone": null, "min_dist": 1.2906951682669037}
{"t": 1784482600.8986049, "x": 5.307536235693378, "y": 0.009341086369009018, "zone": null, "min_dist": 1.290658913630991}
{"t": 1784482601.0596812, "x": 5.341742619643323, "y": 0.009379443834360022, "zone": null, "min_dist": 1.29062055616564}
{"t": 1784482601.2115889, "x": 5.374594809311044, "y": 0.009416282853580385, "zone": null, "min_dist": 1.2905837171464196}
{"t": 1784482601.3716679, "x": 5.407303931585827, "y": 0.009452960897996559, "zone": null, "min_dist": 1.2905470391020035}
{"t": 1784482601.532331, "x": 5.440590588676824, "y": 0.009490286683070653, "zone": null, "min_dist": 1.2905097133169294}
{"t": 1784482601.6843286, "x": 5.4733786883870215, "y": 0.009527053787296201, "zone": null, "min_dist": 1.2904729462127038}
{"t": 1784482601.8365808, "x": 5.505639689668163, "y": 0.009563229678021042, "zone": null, "min_dist": 1.290436770321979}
{"t": 1784482601.9967828, "x": 5.5397887208050145, "y": 0.009601522781650901, "zone": null, "min_dist": 1.2903984772183492}
{"t": 1784482602.1569777, "x": 5.574892698491432, "y": 0.009640887024935147, "zone": null, "min_dist": 1.290359112975065}
{"t": 1784482602.3332615, "x": 5.6114720442019035, "y": 0.009681905079638916, "zone": null, "min_dist": 1.2903180949203612}
{"t": 1784482602.4937172, "x": 5.645589075357505, "y": 0.009720162290253293, "zone": null, "min_dist": 1.2902798377097469}
{"t": 1784482602.6700075, "x": 5.6832868257495734, "y": 0.009762434833116692, "zone": null, "min_dist": 1.2902375651668834}
{"t": 1784482602.83021, "x": 5.715679226805052, "y": 0.009798757601477422, "zone": null, "min_dist": 1.2843207731949482}
{"t": 1784482602.9822423, "x": 5.747327175914075, "y": 0.009834245846971814, "zone": null, "min_dist": 1.2526728240859253}
{"t": 1784482603.1436534, "x": 5.781782763963726, "y": 0.00987288281816061, "zone": null, "min_dist": 1.2182172360362742}
{"t": 1784482603.29593, "x": 5.814634953619817, "y": 0.009909721837320128, "zone": null, "min_dist": 1.1853650463801833}
{"t": 1784482603.448191, "x": 5.845947686490033, "y": 0.009944834073613549, "zone": null, "min_dist": 1.1540523135099674}
{"t": 1784482603.600335, "x": 5.878971789637595, "y": 0.009981865964706797, "zone": null, "min_dist": 1.1210282103624047}
{"t": 1784482603.7527, "x": 5.91059101409565, "y": 0.010017321986176525, "zone": null, "min_dist": 1.0894089859043499}
{"t": 1784482603.9051225, "x": 5.942264437302932, "y": 0.010052838880600438, "zone": null, "min_dist": 1.0577355626970677}
{"t": 1784482604.0653822, "x": 5.975226011005959, "y": 0.010089800028441039, "zone": null, "min_dist": 1.024773988994041}
{"t": 1784482604.2255015, "x": 6.009097057532506, "y": 0.010127781297070424, "zone": null, "min_dist": 0.9909029424674944}
{"t": 1784482604.37759, "x": 6.041390117656184, "y": 0.010163993166445888, "zone": null, "min_dist": 0.9586098823438158}
{"t": 1784482604.5298507, "x": 6.0742710009774585, "y": 0.010200864391627285, "zone": null, "min_dist": 0.9257289990225415}
{"t": 1784482604.6822932, "x": 6.10586162820848, "y": 0.010236288338072157, "zone": null, "min_dist": 0.8941383717915201}
{"t": 1784482604.8345296, "x": 6.138169998231792, "y": 0.010272517438342827, "zone": null, "min_dist": 0.8618300017682081}
{"t": 1784482604.9943435, "x": 6.172076413224211, "y": 0.010310538393500835, "zone": null, "min_dist": 0.827923586775789}
{"t": 1784482605.170844, "x": 6.20984135208852, "y": 0.010352886240599614, "zone": null, "min_dist": 0.7901586479114799}
{"t": 1784482605.3231566, "x": 6.241144249380631, "y": 0.010387987531973338, "zone": null, "min_dist": 0.7588557506193689}
{"t": 1784482605.4833858, "x": 6.275513821909321, "y": 0.010426527983052727, "zone": null, "min_dist": 0.7244861780906788}
{"t": 1784482605.6437929, "x": 6.308034132989312, "y": 0.010462994194067847, "zone": null, "min_dist": 0.6919658670106879}
{"t": 1784482605.804424, "x": 6.341937359289448, "y": 0.010501011613869576, "zone": null, "min_dist": 0.6580626407105523}
{"t": 1784482605.964587, "x": 6.376549547808205, "y": 0.01053982422924476, "zone": null, "min_dist": 0.6234504521917952}
{"t": 1784482606.11702, "x": 6.409280384559628, "y": 0.010576527101703856, "zone": null, "min_dist": 0.5907196154403724}
{"t": 1784482606.2934663, "x": 6.44577720406924, "y": 0.010617452575690993, "zone": null, "min_dist": 0.5542227959307597}
{"t": 1784482606.453413, "x": 6.4806960085382945, "y": 0.010656609144860737, "zone": null, "min_dist": 0.5193039914617055}
{"t": 1784482606.6060848, "x": 6.512564530280578, "y": 0.010692344798455069, "zone": null, "min_dist": 0.4874354697194221}
{"t": 1784482606.7666311, "x": 6.545812689411253, "y": 0.010729627487581557, "zone": null, "min_dist": 0.45418731058874684}
{"t": 1784482606.9185393, "x": 6.5773106850253695, "y": 0.010764947536184025, "zone": null, "min_dist": 0.42268931497463047}
{"t": 1784482607.0711813, "x": 6.609517732634969, "y": 0.010801062887170615, "zone": null, "min_dist": 0.390482267365031}
{"t": 1784482607.2322922, "x": 6.643018371052008, "y": 0.010838628714648895, "zone": null, "min_dist": 0.3569816289479917}
{"t": 1784482607.3922286, "x": 6.677473990228293, "y": 0.01087726573124053, "zone": null, "min_dist": 0.32252600977170687}
{"t": 1784482607.553009, "x": 6.710086932747516, "y": 0.010913835844511569, "zone": null, "min_dist": 0.2899130672524839}
{"t": 1784482607.7128887, "x": 6.744293316769418, "y": 0.010952193309875322, "zone": null, "min_dist": 0.2557066832305823}
{"t": 1784482607.874298, "x": 6.77890550533456, "y": 0.010991005925271809, "zone": null, "min_dist": 0.22109449466544007}
{"t": 1784482608.0337372, "x": 6.812872582969544, "y": 0.011029094932623064, "zone": null, "min_dist": 0.18712741703045577}
{"t": 1784482608.1939154, "x": 6.84560029045627, "y": 0.011065793842653134, "zone": null, "min_dist": 0.15439970954373017}
{"t": 1784482608.3462572, "x": 6.877376180578977, "y": 0.011101425588784424, "zone": null, "min_dist": 0.1226238194210234}
{"t": 1784482608.498389, "x": 6.9098291227076745, "y": 0.011137816753906724, "zone": null, "min_dist": 0.09017087729232554}
{"t": 1784482608.6501422, "x": 6.9416878088828495, "y": 0.011173541449771422, "zone": null, "min_dist": 0.05831219111715047}
{"t": 1784482608.802774, "x": 6.974361292554801, "y": 0.011210179971109183, "zone": null, "min_dist": 0.025638707445199138}
{"t": 1784482608.9629579, "x": 7.007605903426331, "y": 0.0112474586346647, "zone": "wh_zone_2", "min_dist": 0.0}
{"t": 1784482609.1156306, "x": 7.039649852606284, "y": 0.011283391141746327, "zone": "wh_zone_2", "min_dist": 0.0}
{"t": 1784482609.2756057, "x": 7.07392679362672, "y": 0.011321827693581643, "zone": "wh_zone_2", "min_dist": 0.0}
{"t": 1784482609.4276307, "x": 7.1046518551657964, "y": 0.011356280808215331, "zone": "wh_zone_2", "min_dist": 0.0}
{"t": 1784482609.693182, "x": 7.141889698495822, "y": 0.011398037445776912, "zone": "wh_zone_2", "min_dist": 0.0}
{"t": 1784482609.8526676, "x": 7.195184732699618, "y": 0.011457800056454004, "zone": "wh_zone_2", "min_dist": 0.0}
{"t": 1784482610.0130591, "x": 7.229455116818122, "y": 0.011496229309055018, "zone": "wh_zone_2", "min_dist": 0.0}
{"t": 1784482610.1737037, "x": 7.263361531890996, "y": 0.011534250262745157, "zone": "wh_zone_2", "min_dist": 0.0}
{"t": 1784482610.3340523, "x": 7.296210471426354, "y": 0.011571085144852706, "zone": "wh_zone_2", "min_dist": 0.0}
{"t": 1784482610.4939158, "x": 7.33060873754396, "y": 0.011609657799686552, "zone": "wh_zone_2", "min_dist": 0.0}
{"t": 1784482610.6700597, "x": 7.367290819843245, "y": 0.011650791078104265, "zone": "wh_zone_2", "min_dist": 0.0}
{"t": 1784482610.822302, "x": 7.397948575026434, "y": 0.01168516872047848, "zone": "wh_zone_2", "min_dist": 0.0}
{"t": 1784482610.974657, "x": 7.430743411529548, "y": 0.011721943379829411, "zone": "wh_zone_2", "min_dist": 0.0}
{"t": 1784482611.1351578, "x": 7.464646520179091, "y": 0.011759960644583494, "zone": "wh_zone_2", "min_dist": 0.0}
{"t": 1784482611.2954686, "x": 7.497626648149608, "y": 0.011796942614672361, "zone": "wh_zone_2", "min_dist": 0.0}
{"t": 1784482611.4558873, "x": 7.531989663581468, "y": 0.011835475769393708, "zone": "wh_zone_2", "min_dist": 0.0}
{"t": 1784482611.6084523, "x": 7.564043448225296, "y": 0.011871419224365833, "zone": "wh_zone_2", "min_dist": 0.0}
{"t": 1784482611.769018, "x": 7.598192479306886, "y": 0.011909712327781232, "zone": "wh_zone_2", "min_dist": 0.0}
{"t": 1784482611.9284399, "x": 7.632245631492418, "y": 0.011947897927378121, "zone": "wh_zone_2", "min_dist": 0.0}
{"t": 1784482612.0891175, "x": 7.666088077661683, "y": 0.011985847141241865, "zone": "wh_zone_2", "min_dist": 0.0}
{"t": 1784482612.2416868, "x": 7.697023755246334, "y": 0.012020536521381197, "zone": "wh_zone_2", "min_dist": 0.0}
{"t": 1784482612.401642, "x": 7.726844548754404, "y": 0.012053974992716179, "zone": "wh_zone_2", "min_dist": 0.0}
{"t": 1784482612.5620348, "x": 7.753704412397784, "y": 0.012084092561945108, "zone": "wh_zone_2", "min_dist": 0.0}
{"t": 1784482612.714631, "x": 7.776766383698158, "y": 0.01210995104995114, "zone": "wh_zone_2", "min_dist": 0.0}
{"t": 1784482612.8752487, "x": 7.798620866822958, "y": 0.012134455158985532, "zone": "wh_zone_2", "min_dist": 0.0}
{"t": 1784482613.0273097, "x": 7.815069261967933, "y": 0.012152897148727223, "zone": "wh_zone_2", "min_dist": 0.0}
