{"t": 1784482353.0948687, "x": -6.818367006199581e-12, "y": -1.667457738008676e-13, "zone": null, "min_dist": 1.6401219466896975}
{"t": 1784482353.2546978, "x": -6.818367006199581e-12, "y": -1.667457738008676e-13, "zone": null, "min_dist": 1.6401219466896975}
{"t": 1784482353.4074354, "x": -6.818367006199581e-12, "y": -1.667457738008676e-13, "zone": null, "min_dist": 1.6401219466896975}
{"t": 1784482353.5675807, "x": -6.818367006199581e-12, "y": -1.667457738008676e-13, "zone": null, "min_dist": 1.6401219466896975}
{"t": 1784482353.7281137, "x": -6.818367006199581e-12, "y": -1.667457738008676e-13, "zone": null, "min_dist": 1.6401219466896975}
{"t": 1784482353.8966413, "x": -6.818367006199581e-12, "y": -1.667457738008676e-13, "zone": null, "min_dist": 1.6401219466896975}
{"t": 1784482354.0488946, "x": -6.818367006199581e-12, "y": -1.667457738008676e-13, "zone": null, "min_dist": 1.6401219466896975}
{"t": 1784482354.225768, "x": -6.818367006199581e-12, "y": -1.667457738008676e-13, "zone": null, "min_dist": 1.6401219466896975}
{"t": 1784482354.3772402, "x": -6.818367006199581e-12, "y": -1.667457738008676e-13, "zone": null, "min_dist": 1.6401219466896975}
{"t": 1784482354.5372472, "x": -6.818367006199581e-12, "y": -1.667457738008676e-13, "zone": null, "min_dist": 1.6401219466896975}
{"t": 1784482354.6896393, "x": -6.818367006199581e-12, "y": -1.667457738008676e-13, "zone": null, "min_dist": 1.6401219466896975}
{"t": 1784482354.84209, "x": -6.818367006199581e-12, "y": -1.667457738008676e-13, "zone": null, "min_dist": 1.6401219466896975}
{"t": 1784482355.0024543, "x": -6.818367006199581e-12, "y": -1.667457738008676e-13, "zone": null, "min_dist": 1.6401219466896975}
{"t": 1784482355.1623385, "x": -6.818367006199581e-12, "y": -1.667457738008676e-13, "zone": null, "min_dist": 1.6401219466896975}
{"t": 1784482355.322982, "x": -6.818367006199581e-12, "y": -1.667457738008676e-13, "zone": null, "min_dist": 1.6401219466896975}
{"t": 1784482355.475292, "x": -6.818367006199581e-12, "y": -1.667457738008676e-13, "zone": null, "min_dist": 1.6401219466896975}
{"t": 1784482355.6353111, "x": -6.818367006199581e-12, "y": -1.667457738008676e-13, "zone": null, "min_dist": 1.6401219466896975}
{"t": 1784482355.795522, "x": -6.818367006199581e-12, "y": -1.667457738008676e-13, "zone": null, "min_dist": 1.6401219466896975}
{"t": 1784482355.9482021, "x": -6.818367006199581e-12, "y": -1.667457738008676e-13, "zone": null, "min_dist": 1.6401219466896975}
{"t": 1784482356.1084354, "x": -6.818367006199581e-12, "y": -1.667457738008676e-13, "zone": null, "min_dist": 1.6401219466896975}
{"t": 1784482356.2683575, "x": -6.818367006199581e-12, "y": -1.667457738008676e-13, "zone": null, "min_dist": 1.6401219466896975}
{"t": 1784482356.4208252, "x": -6.818367006199581e-12, "y": -1.667457738008676e-13, "zone": null, "min_dist": 1.6401219466896975}
{"t": 1784482356.57327, "x": -6.818367006199581e-12, "y": -1.667457738008676e-13, "zone": null, "min_dist": 1.6401219466896975}
{"t": 1784482356.7492561, "x": -6.818367006199581e-12, "y": -1.667457738008676e-13, "zone": null, "min_dist": 1.6401219466896975}
{"t": 1784482356.9016047, "x": -6.818367006199581e-12, "y": -1.667457738008676e-13, "zone": null, "min_dist": 1.6401219466896975}
{"t": 1784482357.0537462, "x": -6.818367006199581e-12, "y": -1.667457738008676e-13, "zone": null, "min_dist": 1.6401219466896975}
{"t": 1784482357.2143579, "x": -6.818367006199581e-12, "y": -1.667457738008676e-13, "zone": null, "min_dist": 1.6401219466896975}
{"t": 1784482357.3666072, "x": -6.818367006199581e-12, "y": -1.667457738008676e-13, "zone": null, "min_dist": 1.6401219466896975}
{"t": 1784482357.527416, "x": 0.005823190908089097, "y": 5.58004133221427e-10, "zone": null, "min_dist": 1.6365779927291468}
{"t": 1784482357.6795359, "x": 0.032434615776188676, "y": 7.596892857072551e-09, "zone": null, "min_dist": 1.620550138994857}
{"t": 1784482357.8398697, "x": 0.0652614378919465, "y": 1.76670460372692e-08, "zone": null, "min_dist": 1.6011671160617533}
{"t": 1784482358.0000348, "x": 0.09941048797721977, "y": 2.8586082334341502e-08, "zone": null, "min_dist": 1.5814744369864524}
{"t": 1784482358.192606, "x": 0.14016182422870108, "y": 4.1606952774666517e-08, "zone": null, "min_dist": 1.5586281084131774}
{"t": 1784482358.3525636, "x": 0.1736824859498841, "y": 5.2082191543443065e-08, "zone": null, "min_dist": 1.5403897229637273}
{"t": 1784482358.5052829, "x": 0.2058829066590092, "y": 6.230179734098802e-08, "zone": null, "min_dist": 1.5233587220191032}
{"t": 1784482358.6655865, "x": 0.2400606805533618, "y": 7.326906370999398e-08, "zone": null, "min_dist": 1.505824551115255}
{"t": 1784482358.8414056, "x": 0.27791499615065085, "y": 8.546563755557292e-08, "zone": null, "min_dist": 1.4870798669114798}
{"t": 1784482358.9939651, "x": 0.30867195927496016, "y": 9.476274207342998e-08, "zone": null, "min_dist": 1.4723906456880258}
{"t": 1784482359.1540644, "x": 0.3430029962718322, "y": 1.0582884230368345e-07, "zone": null, "min_dist": 1.4565866907784142}
{"t": 1784482359.3064604, "x": 0.3759478381539596, "y": 1.1652398717931751e-07, "zone": null, "min_dist": 1.4420266286523158}
{"t": 1784482359.4667451, "x": 0.41037806392907644, "y": 1.2759387010441444e-07, "zone": null, "min_dist": 1.4274640786205368}
{"t": 1784482359.6191733, "x": 0.44177361249124975, "y": 1.3736885359251407e-07, "zone": null, "min_dist": 1.4147849103492973}
{"t": 1784482359.7733366, "x": 0.47373806420300535, "y": 1.4740052635226434e-07, "zone": null, "min_dist": 1.402480389106191}
{"t": 1784482359.9317894, "x": 0.5078871167209157, "y": 1.5831877172445856e-07, "zone": null, "min_dist": 1.3900268624240586}
{"t": 1784482360.091722, "x": 0.5415984545141863, "y": 1.6902041666928762e-07, "zone": null, "min_dist": 1.3784525880314955}
{"t": 1784482360.2519982, "x": 0.5747671169187422, "y": 1.7927895524595361e-07, "zone": null, "min_dist": 1.3677801499979254}
{"t": 1784482360.4124968, "x": 0.6078264854671717, "y": 1.8952638952302398e-07, "zone": null, "min_dist": 1.357865815437024}
{"t": 1784482360.5728478, "x": 0.6419116278680819, "y": 2.0043417663508723e-07, "zone": null, "min_dist": 1.3484163901137023}
{"t": 1784482360.733215, "x": 0.6764312066377238, "y": 2.1159014906478438e-07, "zone": null, "min_dist": 1.3396627239359826}
{"t": 1784482360.8858042, "x": 0.7074795937217153, "y": 2.2107848809050935e-07, "zone": null, "min_dist": 1.3325042638900606}
{"t": 1784482361.0382974, "x": 0.7400759004295739, "y": 2.3158235394670689e-07, "zone": null, "min_dist": 1.3257299632366428}
{"t": 1784482361.1985877, "x": 0.7746880486277201, "y": 2.427777160885074e-07, "zone": null, "min_dist": 1.319380477424606}
{"t": 1784482361.3742886, "x": 0.8125456428562415, "y": 2.549475841980113e-07, "zone": null, "min_dist": 1.3134452684251925}
{"t": 1784482361.534698, "x": 0.8453306651865276, "y": 2.650709462325607e-07, "zone": null, "min_dist": 1.3091684054953556}
{"t": 1784482361.6952226, "x": 0.8792371014433658, "y": 2.7582140499130654e-07, "zone": null, "min_dist": 1.3055967832880957}
{"t": 1784482361.8552701, "x": 0.9134820640555406, "y": 2.867723996216715e-07, "zone": null, "min_dist": 1.3028755150174298}
{"t": 1784482362.0075111, "x": 0.9451555072282911, "y": 2.9671922675452443e-07, "zone": null, "min_dist": 1.3011560809209188}
{"t": 1784482362.1676824, "x": 0.9781171016840883, "y": 3.068604601357529e-07, "zone": null, "min_dist": 1.3001838575376954}
{"t": 1784482362.3279278, "x": 1.010911959233218, "y": 3.1691550009397104e-07, "zone": null, "min_dist": 1.2999996830845}
{"t": 1784482362.4881506, "x": 1.0449078073584064, "y": 3.277546628198603e-07, "zone": null, "min_dist": 1.2999996722453373}
{"t": 1784482362.6489255, "x": 1.07850110159912, "y": 3.383262980300722e-07, "zone": null, "min_dist": 1.299999661673702}
{"t": 1784482362.8092997, "x": 1.1121549063750344, "y": 3.4890056451228483e-07, "zone": null, "min_dist": 1.2999996510994356}
{"t": 1784482362.9699626, "x": 1.147130906061287, "y": 3.6034801242006657e-07, "zone": null, "min_dist": 1.2999996396519877}
{"t": 1784482363.129863, "x": 1.1823188446713717, "y": -0.00020870989320035524, "zone": null, "min_dist": 1.2997912901067996}
{"t": 1784482363.2822564, "x": 1.2156651720314047, "y": -0.0009905310160639401, "zone": null, "min_dist": 1.2990094689839362}
{"t": 1784482363.4350119, "x": 1.2481538404160462, "y": -0.0018587136689897246, "zone": null, "min_dist": 1.2981412863310102}
{"t": 1784482363.5872734, "x": 1.2811660619313612, "y": -0.002740886682383308, "zone": null, "min_dist": 1.2972591133176168}
{"t": 1784482363.7476423, "x": 1.3137355127378336, "y": -0.003611228277947634, "zone": null, "min_dist": 1.2963887717220524}
{"t": 1784482363.8998513, "x": 1.345193759686815, "y": -0.004451875399380517, "zone": null, "min_dist": 1.2955481246006195}
{"t": 1784482364.0600436, "x": 1.3787751127987595, "y": -0.005345650067740898, "zone": null, "min_dist": 1.2946543499322591}
{"t": 1784482364.2202854, "x": 1.4120954060353397, "y": -0.005997413958274324, "zone": null, "min_dist": 1.2940025860417257}
{"t": 1784482364.3727002, "x": 1.4422935368091394, "y": -0.005939263780787099, "zone": null, "min_dist": 1.294060736219213}
{"t": 1784482364.5326567, "x": 1.474791429074763, "y": -0.005145982467082325, "zone": null, "min_dist": 1.2948540175329177}
{"t": 1784482364.692591, "x": 1.5095580334646461, "y": -0.00402793607480656, "zone": null, "min_dist": 1.2959720639251935}
{"t": 1784482364.844936, "x": 1.5401141428341099, "y": -0.0030452288498072073, "zone": null, "min_dist": 1.2969547711501928}
{"t": 1784482364.9975033, "x": 1.570498433648077, "y": -0.002068047647366751, "zone": null, "min_dist": 1.2979319523526334}
{"t": 1784482365.1573098, "x": 1.6032090105463175, "y": -0.0010160512304812981, "zone": null, "min_dist": 1.2989839487695187}
{"t": 1784482365.309914, "x": 1.6349685899364363, "y": 5.360617148102875e-06, "zone": null, "min_dist": 1.2999946393828519}
{"t": 1784482365.4703724, "x": 1.668541126707961, "y": 0.0010850785706417888, "zone": null, "min_dist": 1.2989149214293583}
{"t": 1784482365.6225183, "x": 1.7010666258826277, "y": 0.0021311232101180904, "zone": null, "min_dist": 1.297868876789882}
{"t": 1784482365.7752562, "x": 1.7339337532213748, "y": 0.0031881549479912488, "zone": null, "min_dist": 1.2968118450520087}
{"t": 1784482365.9275415, "x": 1.7653483659863969, "y": 0.004198472334685283, "zone": null, "min_dist": 1.2958015276653148}
{"t": 1784482366.0800242, "x": 1.7982340132154786, "y": 0.005256099693095852, "zone": null, "min_dist": 1.2947439003069041}
{"t": 1784482366.232333, "x": 1.830500278162327, "y": 0.006293807085925622, "zone": null, "min_dist": 1.2937061929140745}
{"t": 1784482366.3926592, "x": 1.8647848369462483, "y": 0.007396424415213012, "zone": null, "min_dist": 1.2926035755847871}
{"t": 1784482366.569253, "x": 1.902028828861537, "y": 0.008594219250371524, "zone": null, "min_dist": 1.2914057807496284}
{"t": 1784482366.729406, "x": 1.9358538079926126, "y": 0.009682056003588266, "zone": null, "min_dist": 1.2903179439964119}
{"t": 1784482366.889638, "x": 1.9700457830862834, "y": 0.010781695741817894, "zone": null, "min_dist": 1.2892183042581822}
{"t": 1784482367.0503962, "x": 2.004515540242589, "y": 0.011890269262146364, "zone": null, "min_dist": 1.2881097307378537}
{"t": 1784482367.2262123, "x": 2.042407648998243, "y": 0.013108908237898087, "zone": null, "min_dist": 1.286891091762102}
{"t": 1784482367.3783977, "x": 2.073557828709154, "y": 0.014110721136017038, "zone": null, "min_dist": 1.285889278863983}
{"t": 1784482367.5544908, "x": 2.110958222347376, "y": 0.015313545966055005, "zone": null, "min_dist": 1.284686454033945}
{"t": 1784482367.7072725, "x": 2.1432666296323273, "y": 0.016352608716783443, "zone": null, "min_dist": 1.2836473912832167}
{"t": 1784482367.867745, "x": 2.177551219394121, "y": 0.01745522705426614, "zone": null, "min_dist": 1.282544772945734}
{"t": 1784482368.0199866, "x": 2.2089052040473014, "y": 0.01846359456623004, "zone": null, "min_dist": 1.28153640543377}
{"t": 1784482368.1803942, "x": 2.2434421460108775, "y": 0.01957432877362193, "zone": null, "min_dist": 1.2804256712263782}
{"t": 1784482368.3326743, "x": 2.2763699634938828, "y": 0.020633312404726073, "zone": null, "min_dist": 1.279366687595274}
{"t": 1784482368.4930756, "x": 2.310871673163848, "y": 0.021742913542338985, "zone": null, "min_dist": 1.278257086457661}
{"t": 1784482368.645563, "x": 2.343144851320418, "y": 0.022780843330035917, "zone": null, "min_dist": 1.2772191566699642}
{"t": 1784482368.8061607, "x": 2.3763670740040417, "y": 0.02384929475854397, "zone": null, "min_dist": 1.276150705241456}
{"t": 1784482368.9584503, "x": 2.4086434389520983, "y": 0.024887326976430355, "zone": null, "min_dist": 1.2751126730235698}
{"t": 1784482369.1104286, "x": 2.4411370446542557, "y": 0.02593234591949707, "zone": null, "min_dist": 1.274067654080503}
{"t": 1784482369.2703407, "x": 2.473707994513357, "y": 0.026979851778636727, "zone": null, "min_dist": 1.2730201482213632}
{"t": 1784482369.4224715, "x": 2.5042573426408317, "y": 0.02796234134086502, "zone": null, "min_dist": 1.272037658659135}
{"t": 1784482369.583455, "x": 2.5386091758854636, "y": 0.029067122274787076, "zone": null, "min_dist": 1.270932877725213}
{"t": 1784482369.7432942, "x": 2.5731109163370984, "y": 0.030176724414101727, "zone": null, "min_dist": 1.2698232755858982}
{"t": 1784482369.9037144, "x": 2.605956278381352, "y": 0.03123305566540257, "zone": null, "min_dist": 1.2687669443345975}
{"t": 1784482370.0641963, "x": 2.6401516232691535, "y": 0.032332803787975366, "zone": null, "min_dist": 1.2676671962120247}
{"t": 1784482370.2166803, "x": 2.672801599762592, "y": 0.03338285172679885, "zone": null, "min_dist": 1.2666171482732012}
{"t": 1784482370.376383, "x": 2.7069330056352694, "y": 0.03448054350714312, "zone": null, "min_dist": 1.265519456492857}
{"t": 1784482370.5367308, "x": 2.740812062522827, "y": 0.0355701195249101, "zone": null, "min_dist": 1.26442988047509}
{"t": 1784482370.6970947, "x": 2.7715466063839918, "y": 0.036558564715725, "zone": null, "min_dist": 1.263441435284275}
{"t": 1784482370.8498275, "x": 2.7986836383189404, "y": 0.03743131070939123, "zone": null, "min_dist": 1.2625686892906087}
{"t": 1784482371.0018885, "x": 2.831105143302274, "y": 0.038460702276631495, "zone": null, "min_dist": 1.2615392977233686}
{"t": 1784482371.1541557, "x": 2.8613791150882815, "y": 0.039397629269237594, "zone": null, "min_dist": 1.2606023707307625}
{"t": 1784482371.3144236, "x": 2.894230343509791, "y": 0.04033702461806611, "zone": null, "min_dist": 1.259662975381934}
{"t": 1784482371.4742682, "x": 2.927617894986202, "y": 0.04075810488078834, "zone": null, "min_dist": 1.2592418951192117}
{"t": 1784482371.6509001, "x": 2.96485548798761, "y": 0.040875470332738806, "zone": null, "min_dist": 1.2591245296672613}
{"t": 1784482371.80328, "x": 2.9980713239828987, "y": 0.040979741979287984, "zone": null, "min_dist": 1.2590202580207122}
{"t": 1784482371.9557164, "x": 3.0314791591378434, "y": 0.04108461653312413, "zone": null, "min_dist": 1.2589153834668758}
{"t": 1784482372.1160038, "x": 3.066582986044514, "y": 0.041194815205545215, "zone": null, "min_dist": 1.2588051847944548}
{"t": 1784482372.2762218, "x": 3.1009004085590575, "y": 0.04130254499454034, "zone": null, "min_dist": 1.2586974550054597}
{"t": 1784482372.4282663, "x": 3.134154894705555, "y": 0.04140693813849789, "zone": null, "min_dist": 1.2585930618615022}
{"t": 1784482372.5885086, "x": 3.1664225503942216, "y": 0.04150823262139221, "zone": null, "min_dist": 1.2584917673786078}
{"t": 1784482372.7411966, "x": 3.1978952717781013, "y": 0.04160703190152661, "zone": null, "min_dist": 1.2583929680984733}
{"t": 1784482372.9012206, "x": 3.2314883693706147, "y": 0.04171248760871248, "zone": null, "min_dist": 1.2582875123912876}
{"t": 1784482373.0612676, "x": 3.265174008142201, "y": 0.04181823382528881, "zone": null, "min_dist": 1.2581817661747112}
{"t": 1784482373.213909, "x": 3.2969398363226956, "y": 0.041917953338442226, "zone": null, "min_dist": 1.2580820466615579}
{"t": 1784482373.3661833, "x": 3.330226318889819, "y": 0.04202244693698564, "zone": null, "min_dist": 1.2579775530630144}
{"t": 1784482373.5185828, "x": 3.3635381545514393, "y": 0.04212702016168372, "zone": null, "min_dist": 1.2578729798383164}
{"t": 1784482373.678748, "x": 3.398609981630002, "y": 0.04223711839113918, "zone": null, "min_dist": 1.2577628816088608}
{"t": 1784482373.8391633, "x": 3.433681808795459, "y": 0.04234721662086914, "zone": null, "min_dist": 1.257652783379131}
{"t": 1784482373.9995062, "x": 3.4667478381856025, "y": 0.04245101763124518, "zone": null, "min_dist": 1.257548982368755}
{"t": 1784482374.1519938, "x": 3.4977253733545965, "y": 0.042548262261855596, "zone": null, "min_dist": 1.2574517377381444}
{"t": 1784482374.3123908, "x": 3.5323374130624585, "y": 0.042656916972868886, "zone": null, "min_dist": 1.257343083027131}
{"t": 1784482374.472771, "x": 3.5645697656415525, "y": 0.04275810064091681, "zone": null, "min_dist": 1.2572418993590833}
{"t": 1784482374.625134, "x": 3.597239830267626, "y": 0.042860658974390335, "zone": null, "min_dist": 1.2571393410256098}
{"t": 1784482374.7853985, "x": 3.631727211244141, "y": 0.0429689223054452, "zone": null, "min_dist": 1.2570310776945548}
{"t": 1784482374.9454205, "x": 3.665879401878876, "y": 0.043076133284460534, "zone": null, "min_dist": 1.2569238667155396}
{"t": 1784482375.1059744, "x": 3.699312680330615, "y": 0.04318108730093665, "zone": null, "min_dist": 1.2568189126990634}
{"t": 1784482375.258551, "x": 3.7311557120340377, "y": 0.04328104912806773, "zone": null, "min_dist": 1.2567189508719323}
{"t": 1784482375.418866, "x": 3.7652725964629576, "y": 0.04338814928237946, "zone": null, "min_dist": 1.2566118507176205}
{"t": 1784482375.5709453, "x": 3.7976582110063646, "y": 0.04348981463471138, "zone": null, "min_dist": 1.2565101853652887}
{"t": 1784482375.7474723, "x": 3.8356049712980305, "y": 0.043608937717979857, "zone": null, "min_dist": 1.2563910622820202}
{"t": 1784482375.9076087, "x": 3.8681251425756025, "y": 0.0437110249395176, "zone": null, "min_dist": 1.2562889750604824}
{"t": 1784482376.0679424, "x": 3.9022387484749887, "y": 0.043818114830764435, "zone": null, "min_dist": 1.2561818851692357}
{"t": 1784482376.2437906, "x": 3.9401855086980246, "y": 0.04393723791380886, "zone": null, "min_dist": 1.2560627620861913}
{"t": 1784482376.4047575, "x": 3.974704917435708, "y": 0.044045601806630995, "zone": null, "min_dist": 1.255954398193369}
{"t": 1784482376.5648808, "x": 4.007413868096382, "y": 0.04414828174362507, "zone": null, "min_dist": 1.2558517182563749}
{"t": 1784482376.7258036, "x": 4.0416586930086495, "y": 0.044255783554940656, "zone": null, "min_dist": 1.2557442164450594}
{"t": 1784482376.8859892, "x": 4.076082074356469, "y": 0.04436384595950412, "zone": null, "min_dist": 1.2556361540404959}
{"t": 1784482377.0459812, "x": 4.1102342650121635, "y": 0.04447105693855296, "zone": null, "min_dist": 1.2555289430614471}
{"t": 1784482377.2061858, "x": 4.143667543475062, "y": 0.04457601095503238, "zone": null, "min_dist": 1.2554239890449677}
{"t": 1784482377.3583648, "x": 4.175168772141749, "y": 0.04467489970893169, "zone": null, "min_dist": 1.2553251002910684}
{"t": 1784482377.5188913, "x": 4.209011041705011, "y": 0.044781137671503816, "zone": null, "min_dist": 1.2552188623284963}
{"t": 1784482377.679382, "x": 4.243064047447069, "y": 0.04488803731695698, "zone": null, "min_dist": 1.2551119626830431}
{"t": 1784482377.8313744, "x": 4.275395587611319, "y": 0.04498953285562405, "zone": null, "min_dist": 1.255010467144376}
{"t": 1784482377.9842134, "x": 4.306880088908818, "y": 0.0450883691339443, "zone": null, "min_dist": 1.2549116308660557}
{"t": 1784482378.241586, "x": 4.341759954245115, "y": 0.04519786470364383, "zone": null, "min_dist": 1.2548021352963563}
{"t": 1784482378.4003406, "x": 4.396277667089223, "y": 0.04536900741500946, "zone": null, "min_dist": 1.2546309925849906}
{"t": 1784482378.5531363, "x": 4.427019320813836, "y": 0.04546551146677037, "zone": null, "min_dist": 1.2545344885332297}
{"t": 1784482378.7132876, "x": 4.460366524904279, "y": 0.045570195184807157, "zone": null, "min_dist": 1.254429804815193}
{"t": 1784482378.8657076, "x": 4.492662786692694, "y": 0.045671579979895224, "zone": null, "min_dist": 1.2543284200201048}
{"t": 1784482379.0263035, "x": 4.52659440888943, "y": 0.04577809849692538, "zone": null, "min_dist": 1.2542219015030747}
{"t": 1784482379.185997, "x": 4.560653940527878, "y": 0.04588501856076644, "zone": null, "min_dist": 1.2541149814392336}
{"t": 1784482379.3465526, "x": 4.594272481100689, "y": 0.04599055421082929, "zone": null, "min_dist": 1.2540094457891708}
{"t": 1784482379.4983096, "x": 4.626977824176018, "y": 0.04609322328358669, "zone": null, "min_dist": 1.2539067767164134}
{"t": 1784482379.6508744, "x": 4.658750299370455, "y": 0.046192963647624645, "zone": null, "min_dist": 1.2538070363523754}
{"t": 1784482379.8113465, "x": 4.692646733250653, "y": 0.04629937175983659, "zone": null, "min_dist": 1.2537006282401635}
{"t": 1784482379.9714122, "x": 4.724668380673094, "y": 0.046399893862823435, "zone": null, "min_dist": 1.2536001061371767}
{"t": 1784482380.123838, "x": 4.755233372822892, "y": 0.04649584334422109, "zone": null, "min_dist": 1.253504156655779}
{"t": 1784482380.2839704, "x": 4.789570797536719, "y": 0.04660363586310737, "zone": null, "min_dist": 1.2533963641368926}
{"t": 1784482380.4445229, "x": 4.824090206082087, "y": 0.04671199975524642, "zone": null, "min_dist": 1.2532880002447537}
{"t": 1784482380.6045825, "x": 4.856696451485163, "y": 0.04681435725850412, "zone": null, "min_dist": 1.253185642741496}
{"t": 1784482380.7652428, "x": 4.890941245230895, "y": 0.04692185896566119, "zone": null, "min_dist": 1.2530781410343388}
{"t": 1784482380.9421136, "x": 4.9288559777475855, "y": 0.047040881488116026, "zone": null, "min_dist": 1.252959118511884}
{"t": 1784482381.1182587, "x": 4.966620782128626, "y": 0.04715943329456688, "zone": null, "min_dist": 1.2528405667054332}
{"t": 1784482381.2705748, "x": 4.997923544890202, "y": 0.04725769903874691, "zone": null, "min_dist": 1.252742300961253}
{"t": 1784482381.447005, "x": 5.035164534510722, "y": 0.04737460632144942, "zone": null, "min_dist": 1.2526253936785505}
{"t": 1784482381.6065574, "x": 5.0694699596651125, "y": 0.047482298377077174, "zone": null, "min_dist": 1.252517701622923}
{"t": 1784482381.759044, "x": 5.101050615691218, "y": 0.0475814365736135, "zone": null, "min_dist": 1.2524185634263865}
{"t": 1784482381.9113827, "x": 5.1327976478645265, "y": 0.04768109701139509, "zone": null, "min_dist": 1.252318902988605}
{"t": 1784482382.0721853, "x": 5.1658568535181155, "y": 0.04778487657407739, "zone": null, "min_dist": 1.2522151234259227}
{"t": 1784482382.232112, "x": 5.199906100742475, "y": 0.04798289930288571, "zone": null, "min_dist": 1.2520171006971144}
{"t": 1784482382.3845108, "x": 5.232665495791112, "y": 0.04855692620156274, "zone": null, "min_dist": 1.2514430737984372}
{"t": 1784482382.536647, "x": 5.2634207678772436, "y": 0.04911786953699453, "zone": null, "min_dist": 1.2508821304630056}
{"t": 1784482382.696424, "x": 5.297838656611533, "y": 0.049745615658295314, "zone": null, "min_dist": 1.2502543843417047}
{"t": 1784482382.8490722, "x": 5.330778020132388, "y": 0.05034639505110026, "zone": null, "min_dist": 1.2496536049488998}
{"t": 1784482383.0093005, "x": 5.3651099044553785, "y": 0.050972572405433146, "zone": null, "min_dist": 1.249027427594567}
{"t": 1784482383.1697173, "x": 5.398259939639368, "y": 0.05157719379506941, "zone": null, "min_dist": 1.2484228062049307}
{"t": 1784482383.3220448, "x": 5.430219076049709, "y": 0.052160094504869775, "zone": null, "min_dist": 1.2478399054951304}
{"t": 1784482383.498741, "x": 5.467849869945591, "y": 0.05284644046942378, "zone": null, "min_dist": 1.2471535595305763}
{"t": 1784482383.674751, "x": 5.505512658605862, "y": 0.053533369994323864, "zone": null, "min_dist": 1.2464666300056761}
{"t": 1784482383.8347824, "x": 5.539467553447808, "y": 0.054152671398186664, "zone": null, "min_dist": 1.2458473286018135}
{"t": 1784482383.9869013, "x": 5.5707144463920955, "y": 0.05472258133902419, "zone": null, "min_dist": 1.2452774186609759}
{"t": 1784482384.2439563, "x": 5.604669220162976, "y": 0.055341880495694315, "zone": null, "min_dist": 1.2446581195043058}
{"t": 1784482384.4037256, "x": 5.658198181698163, "y": 0.05631819195331095, "zone": null, "min_dist": 1.2436818080466892}
{"t": 1784482384.5561619, "x": 5.690731662412416, "y": 0.056911568304995885, "zone": null, "min_dist": 1.2430884316950042}
{"t": 1784482384.7084494, "x": 5.722530881087261, "y": 0.05749155225129472, "zone": null, "min_dist": 1.2425084477487054}
{"t": 1784482384.8606005, "x": 5.754914547721758, "y": 0.05808219611470509, "zone": null, "min_dist": 1.241917803885295}
{"t": 1784482385.037441, "x": 5.792324898864062, "y": 0.05876452141739989, "zone": null, "min_dist": 1.207675101135938}
{"t": 1784482385.1894069, "x": 5.823895075334994, "y": 0.05934032778910793, "zone": null, "min_dist": 1.1761049246650064}
{"t": 1784482385.3419478, "x": 5.856090141805649, "y": 0.059927531726014976, "zone": null, "min_dist": 1.143909858194351}
{"t": 1784482385.4940662, "x": 5.888780373612828, "y": 0.06052376714367993, "zone": null, "min_dist": 1.1112196263871716}
{"t": 1784482385.6541297, "x": 5.923386828394323, "y": 0.0611549524816156, "zone": null, "min_dist": 1.0766131716056773}
{"t": 1784482385.8145285, "x": 5.955706596151325, "y": 0.06174443039118756, "zone": null, "min_dist": 1.044293403848675}
{"t": 1784482385.9750233, "x": 5.989977858803498, "y": 0.062369502045794216, "zone": null, "min_dist": 1.0100221411965018}
{"t": 1784482386.1355815, "x": 6.024395685516628, "y": 0.06299724693930016, "zone": null, "min_dist": 0.9756043144833724}
{"t": 1784482386.295847, "x": 6.058542365309718, "y": 0.06362004629912271, "zone": null, "min_dist": 0.9414576346902823}
{"t": 1784482386.4716442, "x": 6.095119198958374, "y": 0.06428716887588272, "zone": null, "min_dist": 0.9048808010416263}
{"t": 1784482386.6248074, "x": 6.127263567663827, "y": 0.0648734480830612, "zone": null, "min_dist": 0.8727364323361728}
{"t": 1784482386.776504, "x": 6.159647234300499, "y": 0.06546409194648989, "zone": null, "min_dist": 0.8403527656995013}
{"t": 1784482386.928356, "x": 6.191935037931333, "y": 0.06605298738015751, "zone": null, "min_dist": 0.8080649620686673}
{"t": 1784482387.0891626, "x": 6.225044419994329, "y": 0.06665686721419865, "zone": null, "min_dist": 0.7749555800056713}
{"t": 1784482387.2413602, "x": 6.256338577460598, "y": 0.0672276392563109, "zone": null, "min_dist": 0.743661422539402}
{"t": 1784482387.3934634, "x": 6.289028753550829, "y": 0.06782387363879942, "zone": null, "min_dist": 0.7109712464491711}
{"t": 1784482387.5535972, "x": 6.32354259211016, "y": 0.0684533697248002, "zone": null, "min_dist": 0.6764574078898402}
{"t": 1784482387.7296302, "x": 6.359459173171823, "y": 0.06910844973914124, "zone": null, "min_dist": 0.6405408268281771}
{"t": 1784482387.882327, "x": 6.390332357623736, "y": 0.0696715435432515, "zone": null, "min_dist": 0.6096676423762641}
{"t": 1784482388.0347, "x": 6.422284906974111, "y": 0.07025432413405112, "zone": null, "min_dist": 0.5777150930258887}
{"t": 1784482388.2111607, "x": 6.459174771513256, "y": 0.07092715609106488, "zone": null, "min_dist": 0.5408252284867441}
{"t": 1784482388.3634615, "x": 6.492359898919241, "y": 0.07153241797998829, "zone": null, "min_dist": 0.5076401010807592}
{"t": 1784482388.5156617, "x": 6.5256983539813, "y": 0.07214047648390588, "zone": null, "min_dist": 0.4743016460187004}
{"t": 1784482388.675543, "x": 6.5607645218017, "y": 0.07278004665011703, "zone": null, "min_dist": 0.43923547819829967}
{"t": 1784482388.8279238, "x": 6.594039018708916, "y": 0.07338693861366245, "zone": null, "min_dist": 0.40596098129108427}
{"t": 1784482388.9805162, "x": 6.625134565858503, "y": 0.07395408817572814, "zone": null, "min_dist": 0.37486543414149676}
{"t": 1784482389.1324806, "x": 6.655231517579342, "y": 0.07450302411234719, "zone": null, "min_dist": 0.3447684824206583}
{"t": 1784482389.2847674, "x": 6.686242691116078, "y": 0.07506863470363981, "zone": null, "min_dist": 0.31375730888392184}
{"t": 1784482389.4448225, "x": 6.7198303679324605, "y": 0.07568123827927219, "zone": null, "min_dist": 0.28016963206753953}
{"t": 1784482389.5974214, "x": 6.751409115948978, "y": 0.07625720102174849, "zone": null, "min_dist": 0.2485908840510218}
{"t": 1784482389.7498686, "x": 6.784504994909685, "y": 0.07686083508575159, "zone": null, "min_dist": 0.2154950050903146}
{"t": 1784482389.9098458, "x": 6.81960315725782, "y": 0.07750098880919908, "zone": null, "min_dist": 0.18039684274218004}
{"t": 1784482390.0625288, "x": 6.85290961773671, "y": 0.07810846375482756, "zone": null, "min_dist": 0.14709038226328985}
{"t": 1784482390.222273, "x": 6.888007780278971, "y": 0.07874861748181046, "zone": null, "min_dist": 0.1119922197210288}
{"t": 1784482390.3826365, "x": 6.922159691937332, "y": 0.07937151233004074, "zone": null, "min_dist": 0.07784030806266795}
{"t": 1784482390.54281, "x": 6.953927102819915, "y": 0.07995091566451633, "zone": null, "min_dist": 0.04607289718008456}
{"t": 1784482390.6952596, "x": 6.984571179693223, "y": 0.08050983069357405, "zone": null, "min_dist": 0.015428820306777169}
{"t": 1784482390.8480055, "x": 7.01637052233769, "y": 0.08108981692070918, "zone": "wh_zone_2", "min_dist": 0.0}
{"t": 1784482391.0081046, "x": 7.049616361467591, "y": 0.0816961856316907, "zone": "wh_zone_2", "min_dist": 0.0}
{"t": 1784482391.183627, "x": 7.087314453555869, "y": 0.08238375904347099, "zone": "wh_zone_2", "min_dist": 0.0}
{"t": 1784482391.3446112, "x": 7.1224445795055065, "y": 0.08302449574954089, "zone": "wh_zone_2", "min_dist": 0.0}
{"t": 1784482391.4962878, "x": 7.155074100091255, "y": 0.08361962380668175, "zone": "wh_zone_2", "min_dist": 0.0}
{"t": 1784482391.656439, "x": 7.189460050027026, "y": 0.08424678732500383, "zone": "wh_zone_2", "min_dist": 0.0}
{"t": 1784482391.8328598, "x": 7.226164623764074, "y": 0.08491623970328495, "zone": "wh_zone_2", "min_dist": 0.0}
{"t": 1784482391.985278, "x": 7.258886729311524, "y": 0.08551305643158037, "zone": "wh_zone_2", "min_dist": 0.0}
{"t": 1784482392.1453373, "x": 7.293457911439598, "y": 0.0861435984490792, "zone": "wh_zone_2", "min_dist": 0.0}
{"t": 1784482392.3218074, "x": 7.329140488319626, "y": 0.08679441042466716, "zone": "wh_zone_2", "min_dist": 0.0}
{"t": 1784482392.4819505, "x": 7.361556087950438, "y": 0.08738563618316872, "zone": "wh_zone_2", "min_dist": 0.0}
{"t": 1784482392.6426883, "x": 7.3958812982824655, "y": 0.08801169181597483, "zone": "wh_zone_2", "min_dist": 0.0}
{"t": 1784482392.8028247, "x": 7.430241837141074, "y": 0.08863839180504544, "zone": "wh_zone_2", "min_dist": 0.0}
{"t": 1784482392.9632056, "x": 7.463641038205476, "y": 0.08924755776884247, "zone": "wh_zone_2", "min_dist": 0.0}
{"t": 1784482393.1156318, "x": 7.49617442264435, "y": 0.08984093232624767, "zone": "wh_zone_2", "min_dist": 0.0}
{"t": 1784482393.2755532, "x": 7.530300957294463, "y": 0.09046336427722913, "zone": "wh_zone_2", "min_dist": 0.0}
{"t": 1784482393.4359047, "x": 7.564559022220328, "y": 0.09107834407838467, "zone": "wh_zone_2", "min_dist": 0.0}
{"t": 1784482393.5883408, "x": 7.597804320686641, "y": 0.09138167783086489, "zone": "wh_zone_2", "min_dist": 0.0}
{"t": 1784482393.748662, "x": 7.632090037823326, "y": 0.09092427016196931, "zone": "wh_zone_2", "min_dist": 0.0}
{"t": 1784482393.909017, "x": 7.666510321138554, "y": 0.08965097612768197, "zone": "wh_zone_2", "min_dist": 0.0}
{"t": 1784482394.06157, "x": 7.699342356172689, "y": 0.08768911876105095, "zone": "wh_zone_2", "min_dist": 0.0}
{"t": 1784482394.2136166, "x": 7.72938751794224, "y": 0.08522106802850757, "zone": "wh_zone_2", "min_dist": 0.0}
{"t": 1784482394.3658884, "x": 7.756865380288461, "y": 0.0823443574485877, "zone": "wh_zone_2", "min_dist": 0.0}
{"t": 1784482394.5183983, "x": 7.782502257351354, "y": 0.07913257756865356, "zone": "wh_zone_2", "min_dist": 0.0}
{"t": 1784482394.678692, "x": 7.805704942448868, "y": 0.07576895022885319, "zone": "wh_zone_2", "min_dist": 0.0}
{"t": 1784482394.8547218, "x": 7.829921729099473, "y": 0.07165576361418614, "zone": "wh_zone_2", "min_dist": 0.0}
