{"t": 1784481486.8876157, "x": -1.3904901423920676e-11, "y": -1.3620198308517925e-13, "zone": null, "min_dist": 1.6401219466940427}
{"t": 1784481487.0475, "x": -1.3904901423920676e-11, "y": -1.3620198308517925e-13, "zone": null, "min_dist": 1.6401219466940427}
{"t": 1784481487.1999464, "x": -1.3904901423920676e-11, "y": -1.3620198308517925e-13, "zone": null, "min_dist": 1.6401219466940427}
{"t": 1784481487.3525624, "x": -1.3904901423920676e-11, "y": -1.3620198308517925e-13, "zone": null, "min_dist": 1.6401219466940427}
{"t": 1784481487.5123749, "x": -1.3904901423920676e-11, "y": -1.3620198308517925e-13, "zone": null, "min_dist": 1.6401219466940427}
{"t": 1784481487.67351, "x": -1.3904901423920676e-11, "y": -1.3620198308517925e-13, "zone": null, "min_dist": 1.6401219466940427}
{"t": 1784481487.8337858, "x": -1.3904901423920676e-11, "y": -1.3620198308517925e-13, "zone": null, "min_dist": 1.6401219466940427}
{"t": 1784481488.010114, "x": -1.3904901423920676e-11, "y": -1.3620198308517925e-13, "zone": null, "min_dist": 1.6401219466940427}
{"t": 1784481488.1702392, "x": -1.3904901423920676e-11, "y": -1.3620198308517925e-13, "zone": null, "min_dist": 1.6401219466940427}
{"t": 1784481488.3223484, "x": -1.3904901423920676e-11, "y": -1.3620198308517925e-13, "zone": null, "min_dist": 1.6401219466940427}
{"t": 1784481488.4743006, "x": -1.3904901423920676e-11, "y": -1.3620198308517925e-13, "zone": null, "min_dist": 1.6401219466940427}
{"t": 1784481488.650621, "x": -1.3904901423920676e-11, "y": -1.3620198308517925e-13, "zone": null, "min_dist": 1.6401219466940427}
{"t": 1784481488.827244, "x": -1.3904901423920676e-11, "y": -1.3620198308517925e-13, "zone": null, "min_dist": 1.6401219466940427}
{"t": 1784481488.9874604, "x": -1.3904901423920676e-11, "y": -1.3620198308517925e-13, "zone": null, "min_dist": 1.6401219466940427}
{"t": 1784481489.139259, "x": -1.3904901423920676e-11, "y": -1.3620198308517925e-13, "zone": null, "min_dist": 1.6401219466940427}
{"t": 1784481489.299746, "x": -1.3904901423920676e-11, "y": -1.3620198308517925e-13, "zone": null, "min_dist": 1.6401219466940427}
{"t": 1784481489.4520998, "x": -1.3904901423920676e-11, "y": -1.3620198308517925e-13, "zone": null, "min_dist": 1.6401219466940427}
{"t": 1784481489.6051831, "x": -1.3904901423920676e-11, "y": -1.3620198308517925e-13, "zone": null, "min_dist": 1.6401219466940427}
{"t": 1784481489.7641888, "x": -1.3904901423920676e-11, "y": -1.3620198308517925e-13, "zone": null, "min_dist": 1.6401219466940427}
{"t": 1784481489.9162807, "x": -1.3904901423920676e-11, "y": -1.3620198308517925e-13, "zone": null, "min_dist": 1.6401219466940427}
{"t": 1784481490.0922828, "x": -1.3904901423920676e-11, "y": -1.3620198308517925e-13, "zone": null, "min_dist": 1.6401219466940427}
{"t": 1784481490.2444973, "x": -1.3904901423920676e-11, "y": -1.3620198308517925e-13, "zone": null, "min_dist": 1.6401219466940427}
{"t": 1784481490.4050345, "x": -1.3904901423920676e-11, "y": -1.3620198308517925e-13, "zone": null, "min_dist": 1.6401219466940427}
{"t": 1784481490.5572853, "x": -1.3904901423920676e-11, "y": -1.3620198308517925e-13, "zone": null, "min_dist": 1.6401219466940427}
{"t": 1784481490.7178621, "x": -1.3904901423920676e-11, "y": -1.3620198308517925e-13, "zone": null, "min_dist": 1.6401219466940427}
{"t": 1784481490.8781822, "x": -1.3904901423920676e-11, "y": -1.3620198308517925e-13, "zone": null, "min_dist": 1.6401219466940427}
{"t": 1784481491.038462, "x": -1.3904901423920676e-11, "y": -1.3620198308517925e-13, "zone": null, "min_dist": 1.6401219466940427}
{"t": 1784481491.2151358, "x": -1.3904901423920676e-11, "y": -1.3620198308517925e-13, "zone": null, "min_dist": 1.6401219466940427}
{"t": 1784481491.367239, "x": -1.3904901423920676e-11, "y": -1.3620198308517925e-13, "zone": null, "min_dist": 1.6401219466940427}
{"t": 1784481491.5197122, "x": -1.3904901423920676e-11, "y": -1.3620198308517925e-13, "zone": null, "min_dist": 1.6401219466940427}
{"t": 1784481491.679926, "x": -1.3904901423920676e-11, "y": -1.3620198308517925e-13, "zone": null, "min_dist": 1.6401219466940427}
{"t": 1784481491.8324764, "x": -1.3904901423920676e-11, "y": -1.3620198308517925e-13, "zone": null, "min_dist": 1.6401219466940427}
{"t": 1784481491.9929166, "x": -1.3904901423920676e-11, "y": -1.3620198308517925e-13, "zone": null, "min_dist": 1.6401219466940427}
{"t": 1784481492.1529977, "x": -1.3904901423920676e-11, "y": -1.3620198308517925e-13, "zone": null, "min_dist": 1.6401219466940427}
{"t": 1784481492.3131292, "x": 0.005823190900830304, "y": 5.581434281876842e-10, "zone": null, "min_dist": 1.6365779927334456}
{"t": 1784481492.4735336, "x": 0.027142899329719996, "y": 4.776578082008922e-09, "zone": null, "min_dist": 1.6237151615679029}
{"t": 1784481492.6254442, "x": 0.05075074086989948, "y": 1.0292854922865836e-08, "zone": null, "min_dist": 1.6096813750545858}
{"t": 1784481492.8022223, "x": 0.08030248998087142, "y": 1.773523245439289e-08, "zone": null, "min_dist": 1.5924331897520163}
{"t": 1784481492.9623253, "x": 0.10926245737782726, "y": 2.5603386326769156e-08, "zone": null, "min_dist": 1.5758849270387045}
{"t": 1784481493.1385546, "x": 0.14268393117475717, "y": 3.513769937854122e-08, "zone": null, "min_dist": 1.557238180403997}
{"t": 1784481493.2986362, "x": 0.17321882272099037, "y": 4.3934481807027475e-08, "zone": null, "min_dist": 1.5406385042810058}
{"t": 1784481493.4586155, "x": 0.20266571482865892, "y": 5.2132653762163826e-08, "zone": null, "min_dist": 1.525038303376278}
{"t": 1784481493.619129, "x": 0.23160023421925863, "y": 5.995183092803815e-08, "zone": null, "min_dist": 1.510111931009467}
{"t": 1784481493.7793636, "x": 0.2606947536850685, "y": 6.784350957917019e-08, "zone": null, "min_dist": 1.4955173254882945}
{"t": 1784481493.939807, "x": 0.29074961454551723, "y": 7.635768459582376e-08, "zone": null, "min_dist": 1.4808902426369615}
{"t": 1784481494.1004834, "x": 0.32271421774787284, "y": 8.592083369567219e-08, "zone": null, "min_dist": 1.465849858425724}
{"t": 1784481494.2604883, "x": 0.353543453681434, "y": -1.002473158374481e-06, "zone": null, "min_dist": 1.4518620663991884}
{"t": 1784481494.412927, "x": 0.3834253599810699, "y": -3.4192500926748256e-05, "zone": null, "min_dist": 1.4387756556813123}
{"t": 1784481494.565497, "x": 0.41286187743578157, "y": -7.191286764304155e-05, "zone": null, "min_dist": 1.4263744973476722}
{"t": 1784481494.7253232, "x": 0.4440855207053664, "y": -0.00011192316557059846, "zone": null, "min_dist": 1.413771523473908}
{"t": 1784481494.885601, "x": 0.4759607729038278, "y": -0.00015276830129074348, "zone": null, "min_dist": 1.401506310114354}
{"t": 1784481495.0458398, "x": 0.5092138631022387, "y": -0.0001953785297757788, "zone": null, "min_dist": 1.3893750703702659}
{"t": 1784481495.206609, "x": 0.5410118495719207, "y": -0.00023612461575828336, "zone": null, "min_dist": 1.378425280523849}
{"t": 1784481495.3587246, "x": 0.5699295999235898, "y": -0.00027318037903947346, "zone": null, "min_dist": 1.3690326346234047}
{"t": 1784481495.5191176, "x": 0.6018369421370733, "y": -0.0003140665961599176, "zone": null, "min_dist": 1.3593076716235246}
{"t": 1784481495.6795185, "x": 0.6342529431179093, "y": -0.0003556044371352636, "zone": null, "min_dist": 1.3501283141005063}
{"t": 1784481495.8397179, "x": 0.6658436540216073, "y": -0.00039608500950668934, "zone": null, "min_dist": 1.3418758509699207}
{"t": 1784481496.0002286, "x": 0.6977493741413598, "y": -0.0004369691307255436, "zone": null, "min_dist": 1.3342486694893403}
{"t": 1784481496.15219, "x": 0.7280515440379538, "y": -0.0004757985087105397, "zone": null, "min_dist": 1.3276743248860823}
{"t": 1784481496.3048685, "x": 0.7574562416066152, "y": -0.0005134780623842294, "zone": null, "min_dist": 1.3219276437964032}
{"t": 1784481496.4650455, "x": 0.7904801554145547, "y": -0.0005557947290325524, "zone": null, "min_dist": 1.31622711105926}
{"t": 1784481496.61762, "x": 0.8224918872178663, "y": -0.0005968141848775099, "zone": null, "min_dist": 1.311471604500061}
{"t": 1784481496.7773936, "x": 0.8550239500224888, "y": -0.0006385007535073216, "zone": null, "min_dist": 1.3074243231603027}
{"t": 1784481496.929676, "x": 0.88661652488538, "y": -0.0006789831655088846, "zone": null, "min_dist": 1.3042587616024988}
{"t": 1784481497.0897934, "x": 0.9195547415599807, "y": -0.0007120607334749581, "zone": null, "min_dist": 1.3017759364533263}
{"t": 1784481497.25021, "x": 0.9530605681868325, "y": -0.0005292234150776154, "zone": null, "min_dist": 1.3003182723691784}
{"t": 1784481497.402523, "x": 0.9851057940796772, "y": 0.00023389394983688454, "zone": null, "min_dist": 1.2998514406680484}
{"t": 1784481497.5628428, "x": 1.0193336141844416, "y": 0.0012061199320845502, "zone": null, "min_dist": 1.2987938800679155}
{"t": 1784481497.7399197, "x": 1.057411698685035, "y": 0.0022877107934907697, "zone": null, "min_dist": 1.2977122892065094}
{"t": 1784481497.8997478, "x": 1.0919392464201971, "y": 0.003268450132057521, "zone": null, "min_dist": 1.2967315498679426}
{"t": 1784481498.0595586, "x": 1.1270930676963584, "y": 0.004266978655052437, "zone": null, "min_dist": 1.2957330213449476}
{"t": 1784481498.2119298, "x": 1.1593630619488133, "y": 0.005183593025084039, "zone": null, "min_dist": 1.294816406974916}
{"t": 1784481498.364179, "x": 1.1908535779996658, "y": 0.006078066424405877, "zone": null, "min_dist": 1.2939219335755943}
{"t": 1784481498.516079, "x": 1.2223675734872403, "y": 0.006973206726614614, "zone": null, "min_dist": 1.2930267932733854}
{"t": 1784481498.6684108, "x": 1.253514528128211, "y": 0.007857921279992294, "zone": null, "min_dist": 1.2921420787200077}
{"t": 1784481498.820691, "x": 1.2853603342527775, "y": 0.008762486659835486, "zone": null, "min_dist": 1.2912375133401646}
{"t": 1784481498.9736085, "x": 1.3178894678061692, "y": 0.00968646179739977, "zone": null, "min_dist": 1.2903135382026003}
{"t": 1784481499.1334207, "x": 1.3525415068357947, "y": 0.010670737216059982, "zone": null, "min_dist": 1.28932926278394}
{"t": 1784481499.2931514, "x": 1.3874074753954055, "y": 0.01166108931508688, "zone": null, "min_dist": 1.2883389106849132}
{"t": 1784481499.454151, "x": 1.421569789953102, "y": 0.01263145423974814, "zone": null, "min_dist": 1.287368545760252}
{"t": 1784481499.614507, "x": 1.4545550990588116, "y": 0.013568386436244046, "zone": null, "min_dist": 1.286431613563756}
{"t": 1784481499.7669282, "x": 1.4861736563805994, "y": 0.01446649685729786, "zone": null, "min_dist": 1.2855335031427022}
{"t": 1784481499.9271352, "x": 1.5199704893213097, "y": 0.015426480283860372, "zone": null, "min_dist": 1.2845735197161396}
{"t": 1784481500.079874, "x": 1.551790828585622, "y": 0.016330322211476345, "zone": null, "min_dist": 1.2836696777885237}
{"t": 1784481500.2315545, "x": 1.5846230599783042, "y": 0.017262906821350885, "zone": null, "min_dist": 1.2827370931786493}
{"t": 1784481500.383821, "x": 1.6178611121822295, "y": 0.018207018749115685, "zone": null, "min_dist": 1.2817929812508844}
{"t": 1784481500.5364482, "x": 1.6504626100872406, "y": 0.01913304937874886, "zone": null, "min_dist": 1.280866950621251}
{"t": 1784481500.688785, "x": 1.6835121069794476, "y": 0.020071805417344036, "zone": null, "min_dist": 1.279928194582656}
{"t": 1784481500.8410103, "x": 1.715874605509544, "y": 0.020991047325608213, "zone": null, "min_dist": 1.2790089526743917}
{"t": 1784481501.001242, "x": 1.748671538925947, "y": 0.02192262878868562, "zone": null, "min_dist": 1.2780773712113145}
{"t": 1784481501.1616342, "x": 1.782251230635043, "y": 0.022876444350779096, "zone": null, "min_dist": 1.2771235556492209}
{"t": 1784481501.3214538, "x": 1.8156104075564097, "y": 0.023823996240380313, "zone": null, "min_dist": 1.2761760037596197}
{"t": 1784481501.4737985, "x": 1.847338152605924, "y": 0.02472520804194227, "zone": null, "min_dist": 1.2752747919580578}
{"t": 1784481501.634312, "x": 1.8818371699314618, "y": 0.025705136959372488, "zone": null, "min_dist": 1.2742948630406277}
{"t": 1784481501.7942016, "x": 1.9166104232389858, "y": 0.02669285545496934, "zone": null, "min_dist": 1.2733071445450308}
{"t": 1784481501.946982, "x": 1.949339959326309, "y": 0.027622523018612462, "zone": null, "min_dist": 1.2723774769813876}
{"t": 1784481502.1233335, "x": 1.9874215041359125, "y": 0.028704212032178263, "zone": null, "min_dist": 1.2712957879678217}
{"t": 1784481502.2754366, "x": 2.020752060860914, "y": 0.02965095150822083, "zone": null, "min_dist": 1.2703490484917792}
{"t": 1784481502.4359195, "x": 2.0550202828234942, "y": 0.030624324666797813, "zone": null, "min_dist": 1.2693756753332022}
{"t": 1784481502.6127093, "x": 2.0928426195496113, "y": 0.031698650936356196, "zone": null, "min_dist": 1.268301349063644}
{"t": 1784481502.7726796, "x": 2.1266007657880617, "y": 0.03265753548204109, "zone": null, "min_dist": 1.267342464517959}
{"t": 1784481502.9324315, "x": 2.1603016407428335, "y": 0.033614793235552394, "zone": null, "min_dist": 1.2663852067644477}
{"t": 1784481503.0924683, "x": 2.193383183899078, "y": 0.03455445902235156, "zone": null, "min_dist": 1.2654455409776484}
{"t": 1784481503.2448668, "x": 2.226040148232477, "y": 0.03548206513747464, "zone": null, "min_dist": 1.2645179348625255}
{"t": 1784481503.4215293, "x": 2.264242907106469, "y": 0.03656719722048351, "zone": null, "min_dist": 1.2634328027795165}
{"t": 1784481503.5738835, "x": 2.2970465185565856, "y": 0.0374989688842046, "zone": null, "min_dist": 1.2625010311157954}
{"t": 1784481503.7341006, "x": 2.3279816217421745, "y": 0.038377665447637106, "zone": null, "min_dist": 1.261622334552363}
{"t": 1784481503.886126, "x": 2.3571085310808795, "y": 0.039202825147554195, "zone": null, "min_dist": 1.2607971748524458}
{"t": 1784481504.0385888, "x": 2.3864317060753155, "y": 0.039949705047294344, "zone": null, "min_dist": 1.2600502949527057}
{"t": 1784481504.1986632, "x": 2.419084994025782, "y": 0.040757609018387014, "zone": null, "min_dist": 1.259242390981613}
{"t": 1784481504.3508008, "x": 2.4506583396631934, "y": 0.041489763571386055, "zone": null, "min_dist": 1.258510236428614}
{"t": 1784481504.527713, "x": 2.4881835169453486, "y": 0.04223803591201711, "zone": null, "min_dist": 1.257761964087983}
{"t": 1784481504.6878958, "x": 2.5220245601695757, "y": 0.042810769553342676, "zone": null, "min_dist": 1.2571892304466574}
{"t": 1784481504.8400815, "x": 2.553025892604484, "y": 0.04335102514337377, "zone": null, "min_dist": 1.2566489748566263}
{"t": 1784481505.0002954, "x": 2.5863512167279277, "y": 0.04393812357161843, "zone": null, "min_dist": 1.2560618764283815}
{"t": 1784481505.1524553, "x": 2.6195368037625917, "y": 0.04452276073359427, "zone": null, "min_dist": 1.2554772392664058}
{"t": 1784481505.3048983, "x": 2.651553820382689, "y": 0.045086810618628535, "zone": null, "min_dist": 1.2549131893813714}
{"t": 1784481505.4575117, "x": 2.684247604590482, "y": 0.04566278340701942, "zone": null, "min_dist": 1.2543372165929807}
{"t": 1784481505.633554, "x": 2.722741089614744, "y": 0.04634093093074732, "zone": null, "min_dist": 1.2536590690692526}
{"t": 1784481505.794087, "x": 2.7578749162631397, "y": 0.0469598906592821, "zone": null, "min_dist": 1.253040109340718}
{"t": 1784481505.9544208, "x": 2.792532275332599, "y": 0.047570456238837495, "zone": null, "min_dist": 1.2524295437611626}
{"t": 1784481506.106504, "x": 2.8240947158410474, "y": 0.04812649766547878, "zone": null, "min_dist": 1.2518735023345213}
{"t": 1784481506.2665715, "x": 2.8568170688301135, "y": 0.048702973227647293, "zone": null, "min_dist": 1.2512970267723527}
{"t": 1784481506.419162, "x": 2.8883221958594296, "y": 0.049258004909922194, "zone": null, "min_dist": 1.2507419950900778}
{"t": 1784481506.5713298, "x": 2.9203676874545814, "y": 0.049822556410280626, "zone": null, "min_dist": 1.2501774435897195}
{"t": 1784481506.7316744, "x": 2.9538630316244756, "y": 0.050412650150000494, "zone": null, "min_dist": 1.2495873498499996}
{"t": 1784481506.8840933, "x": 2.9866747821373933, "y": 0.0509907012408816, "zone": null, "min_dist": 1.2490092987591184}
{"t": 1784481507.0608473, "x": 3.025078927949437, "y": 0.051667274799357864, "zone": null, "min_dist": 1.2483327252006422}
{"t": 1784481507.2205594, "x": 3.0599855113179775, "y": 0.05228223109378489, "zone": null, "min_dist": 1.247717768906215}
{"t": 1784481507.3728187, "x": 3.093132367876076, "y": 0.05286618592269125, "zone": null, "min_dist": 1.2471338140773087}
{"t": 1784481507.525294, "x": 3.1264392616102668, "y": 0.053452960231206756, "zone": null, "min_dist": 1.2465470397687932}
{"t": 1784481507.677322, "x": 3.1597207719999, "y": 0.054039287306854415, "zone": null, "min_dist": 1.2459607126931456}
{"t": 1784481507.8536417, "x": 3.197609722981191, "y": 0.054706784443888254, "zone": null, "min_dist": 1.2452932155561118}
{"t": 1784481508.0299442, "x": 3.235850525854945, "y": 0.05538048030315365, "zone": null, "min_dist": 1.2446195196968464}
{"t": 1784481508.1903145, "x": 3.270629036052957, "y": 0.05599318024005948, "zone": null, "min_dist": 1.2440068197599405}
{"t": 1784481508.3504019, "x": 3.3054177431076215, "y": 0.05660605984646879, "zone": null, "min_dist": 1.2433939401535312}
{"t": 1784481508.5029082, "x": 3.338446723248593, "y": 0.057187937985502736, "zone": null, "min_dist": 1.2428120620144973}
{"t": 1784481508.6633315, "x": 3.373299451412595, "y": 0.057801945496087616, "zone": null, "min_dist": 1.2421980545039124}
{"t": 1784481508.8235357, "x": 3.4081100187878377, "y": 0.05841521021577345, "zone": null, "min_dist": 1.2415847897842265}
{"t": 1784481508.9752638, "x": 3.4411289573204757, "y": 0.058996911466421706, "zone": null, "min_dist": 1.2410030885335783}
{"t": 1784481509.1357837, "x": 3.476038936503486, "y": 0.0596119275959249, "zone": null, "min_dist": 1.2403880724040752}
{"t": 1784481509.2883193, "x": 3.5094130362794433, "y": 0.060199885857590375, "zone": null, "min_dist": 1.2398001141424098}
{"t": 1784481509.4404957, "x": 3.5420935632397983, "y": 0.060775625158357424, "zone": null, "min_dist": 1.2392243748416427}
{"t": 1784481509.593222, "x": 3.5750298019828244, "y": 0.06135586938325718, "zone": null, "min_dist": 1.2386441306167428}
{"t": 1784481509.745446, "x": 3.6081547671632666, "y": 0.061939438541519926, "zone": null, "min_dist": 1.23806056145848}
{"t": 1784481509.9215982, "x": 3.6464629281080914, "y": 0.0626143210837539, "zone": null, "min_dist": 1.237385678916246}
{"t": 1784481510.081375, "x": 3.6815614818325963, "y": 0.06323265942060885, "zone": null, "min_dist": 1.2367673405793913}
{"t": 1784481510.241816, "x": 3.716756020541945, "y": 0.06385268877566638, "zone": null, "min_dist": 1.2361473112243337}
{"t": 1784481510.394453, "x": 3.7500308572597567, "y": 0.06443889829750948, "zone": null, "min_dist": 1.2355611017024906}
{"t": 1784481510.5544744, "x": 3.7850974159469777, "y": 0.06505667296068052, "zone": null, "min_dist": 1.2349433270393195}
{"t": 1784481510.7065198, "x": 3.8184362427180787, "y": 0.06564400982941368, "zone": null, "min_dist": 1.2343559901705863}
{"t": 1784481510.8668923, "x": 3.8531188610949645, "y": 0.06625502041673857, "zone": null, "min_dist": 1.2337449795832616}
{"t": 1784481511.018901, "x": 3.8863937288014974, "y": 0.06684123049505455, "zone": null, "min_dist": 1.2331587695049455}
{"t": 1784481511.171264, "x": 3.919454735041948, "y": 0.06742367286547903, "zone": null, "min_dist": 1.232576327134521}
{"t": 1784481511.3236995, "x": 3.9524836531178194, "y": 0.0680055498899419, "zone": null, "min_dist": 1.2319944501100581}
{"t": 1784481511.4840286, "x": 3.987176468271134, "y": 0.06861674015033516, "zone": null, "min_dist": 1.2313832598496648}
{"t": 1784481511.6443024, "x": 4.022338918832693, "y": 0.0692362041603198, "zone": null, "min_dist": 1.2307637958396802}
{"t": 1784481511.7971134, "x": 4.055556501258683, "y": 0.069821405004353, "zone": null, "min_dist": 1.230178594995647}
{"t": 1784481511.9490554, "x": 4.088774083700573, "y": 0.07040660584866415, "zone": null, "min_dist": 1.229593394151336}
{"t": 1784481512.101662, "x": 4.121895681092785, "y": 0.07099011567356403, "zone": null, "min_dist": 1.229009884326436}
{"t": 1784481512.253464, "x": 4.1546586905671345, "y": 0.07156730810410175, "zone": null, "min_dist": 1.2284326918958983}
{"t": 1784481512.413835, "x": 4.189693191939317, "y": 0.07218451797583134, "zone": null, "min_dist": 1.2278154820241687}
{"t": 1784481512.5661929, "x": 4.222520098199245, "y": 0.07276283607861324, "zone": null, "min_dist": 1.2272371639213868}
{"t": 1784481512.7269852, "x": 4.257618620815965, "y": 0.07338117385680587, "zone": null, "min_dist": 1.226618826143194}
{"t": 1784481512.8872993, "x": 4.292557230492618, "y": 0.07399669438630645, "zone": null, "min_dist": 1.2260033056136936}
{"t": 1784481513.0474727, "x": 4.32771974311527, "y": 0.07461615951011331, "zone": null, "min_dist": 1.2253838404898867}
{"t": 1784481513.207629, "x": 4.362697052498089, "y": 0.07523236182225611, "zone": null, "min_dist": 1.224767638177744}
{"t": 1784481513.3599875, "x": 4.395882639922444, "y": 0.07581699899326051, "zone": null, "min_dist": 1.2241830010067396}
{"t": 1784481513.5365777, "x": 4.43412344295604, "y": 0.07649069485530496, "zone": null, "min_dist": 1.223509305144695}
{"t": 1784481513.7967708, "x": 4.469094016515036, "y": 0.07710677849895813, "zone": null, "min_dist": 1.222893221501042}
{"t": 1784481513.9528291, "x": 4.525060069033106, "y": 0.07809274373099188, "zone": null, "min_dist": 1.221907256269008}
{"t": 1784481514.11307, "x": 4.55994139332434, "y": 0.07870725502295496, "zone": null, "min_dist": 1.221292744977045}
{"t": 1784481514.26529, "x": 4.59306299068238, "y": 0.079290764847204, "zone": null, "min_dist": 1.220709235152796}
{"t": 1784481514.4258723, "x": 4.627944377060103, "y": 0.07990527725406747, "zone": null, "min_dist": 1.2200947227459327}
{"t": 1784481514.5858955, "x": 4.662914888539495, "y": 0.08052135978292325, "zone": null, "min_dist": 1.2194786402170767}
{"t": 1784481514.7466495, "x": 4.697757482004819, "y": 0.08113518873338038, "zone": null, "min_dist": 1.2188648112666196}
{"t": 1784481514.8983653, "x": 4.730975064468255, "y": 0.08172038957804661, "zone": null, "min_dist": 1.2182796104219533}
{"t": 1784481515.0508854, "x": 4.76437788123658, "y": 0.08230885379222351, "zone": null, "min_dist": 1.2176911462077766}
{"t": 1784481515.2031217, "x": 4.797339503469957, "y": 0.08288954525109624, "zone": null, "min_dist": 1.2171104547489038}
{"t": 1784481515.379327, "x": 4.835615759286636, "y": 0.08356386573362388, "zone": null, "min_dist": 1.216436134266376}
{"t": 1784481515.5397043, "x": 4.870749586002777, "y": 0.08418282546302988, "zone": null, "min_dist": 1.2158171745369701}
{"t": 1784481515.7983727, "x": 4.909214354223523, "y": 0.08486046703707527, "zone": null, "min_dist": 1.2151395329629249}
{"t": 1784481515.9561949, "x": 4.961692947905402, "y": 0.0857849930071484, "zone": null, "min_dist": 1.2142150069928517}
{"t": 1784481516.116464, "x": 4.996350307015235, "y": 0.08639555858714457, "zone": null, "min_dist": 1.2136044414128555}
{"t": 1784481516.276225, "x": 5.031352937688829, "y": 0.08701220701779516, "zone": null, "min_dist": 1.2129877929822048}
{"t": 1784481516.4285338, "x": 5.0645637222337125, "y": 0.08759728807888914, "zone": null, "min_dist": 1.212402711921111}
{"t": 1784481516.5813355, "x": 5.097685319584782, "y": 0.08818079790298139, "zone": null, "min_dist": 1.2118192020970187}
{"t": 1784481516.7414567, "x": 5.132566643880305, "y": 0.0887953091949792, "zone": null, "min_dist": 1.211204690805021}
{"t": 1784481516.8934264, "x": 5.165777490499783, "y": 0.08938039137076176, "zone": null, "min_dist": 1.2106196086292382}
{"t": 1784481517.0459151, "x": 5.198803102769826, "y": 0.08996221017486816, "zone": null, "min_dist": 1.2100377898251318}
{"t": 1784481517.222723, "x": 5.237203943010962, "y": 0.09063872551705457, "zone": null, "min_dist": 1.2093612744829454}
{"t": 1784481517.3827193, "x": 5.272209907296707, "y": 0.09125543266679031, "zone": null, "min_dist": 1.2087445673332098}
{"t": 1784481517.543001, "x": 5.307279743974484, "y": 0.0918732650499148, "zone": null, "min_dist": 1.2081267349500853}
{"t": 1784481517.7987692, "x": 5.34522591808219, "y": 0.09254177030585586, "zone": null, "min_dist": 1.207458229694144}
{"t": 1784481517.9592881, "x": 5.397263254998026, "y": 0.09345852240433472, "zone": null, "min_dist": 1.2065414775956653}
{"t": 1784481518.1120808, "x": 5.430295603050771, "y": 0.09404045987876625, "zone": null, "min_dist": 1.2059595401212337}
{"t": 1784481518.2719567, "x": 5.465458146742026, "y": 0.0946599255604426, "zone": null, "min_dist": 1.2053400744395575}
{"t": 1784481518.4243753, "x": 5.498477085266553, "y": 0.09524162681078814, "zone": null, "min_dist": 1.204758373189212}
{"t": 1784481518.5766077, "x": 5.5317199269151125, "y": 0.0958272726586951, "zone": null, "min_dist": 1.204172727341305}
{"t": 1784481518.7368622, "x": 5.566697174187255, "y": 0.09644347385542044, "zone": null, "min_dist": 1.2035565261445795}
{"t": 1784481518.913644, "x": 5.605097952347759, "y": 0.09711998808277662, "zone": null, "min_dist": 1.2028800119172234}
{"t": 1784481519.0655963, "x": 5.638187585701119, "y": 0.09770293479057612, "zone": null, "min_dist": 1.2022970652094238}
{"t": 1784481519.225163, "x": 5.673286170440387, "y": 0.0983212736842094, "zone": null, "min_dist": 1.2016787263157906}
{"t": 1784481519.3775797, "x": 5.706592940093062, "y": 0.09890804576437007, "zone": null, "min_dist": 1.20109195423563}
{"t": 1784481519.5304568, "x": 5.739931766926376, "y": 0.09949538263411013, "zone": null, "min_dist": 1.20050461736589}
{"t": 1784481519.6830466, "x": 5.7733665787207675, "y": 0.1000844105216347, "zone": null, "min_dist": 1.1999155894783653}
{"t": 1784481519.8353853, "x": 5.80609749999645, "y": 0.10066103760603821, "zone": null, "min_dist": 1.1939025000035501}
{"t": 1784481519.987661, "x": 5.839116500645211, "y": 0.10124273997331296, "zone": null, "min_dist": 1.1608834993547887}
{"t": 1784481520.147762, "x": 5.873575029522951, "y": 0.10184980262136101, "zone": null, "min_dist": 1.126424970477049}
{"t": 1784481520.3079185, "x": 5.908143139249512, "y": 0.10245879585014177, "zone": null, "min_dist": 1.0918568607504877}
{"t": 1784481520.468269, "x": 5.942568113349778, "y": 0.10306526738523497, "zone": null, "min_dist": 1.057431886650222}
{"t": 1784481520.6286368, "x": 5.977264293061655, "y": 0.10367651691956319, "zone": null, "min_dist": 1.0227357069383451}
{"t": 1784481520.7886972, "x": 6.012430114748252, "y": 0.10429604032134601, "zone": null, "min_dist": 0.987569885251748}
{"t": 1784481520.9494748, "x": 6.047311439013717, "y": 0.10491055161275073, "zone": null, "min_dist": 0.9526885609862834}
{"t": 1784481521.1092885, "x": 6.082505977770491, "y": 0.10553058096851434, "zone": null, "min_dist": 0.9174940222295094}
{"t": 1784481521.2873287, "x": 6.121124237646428, "y": 0.10619721054706423, "zone": null, "min_dist": 0.8788757623535721}
{"t": 1784481521.4461443, "x": 6.155737611079679, "y": 0.10670806019998731, "zone": null, "min_dist": 0.8442623889203213}
{"t": 1784481521.622781, "x": 6.19385684511112, "y": 0.10707737853685005, "zone": null, "min_dist": 0.80614315488888}
{"t": 1784481521.7751834, "x": 6.226850545972142, "y": 0.1072414758243785, "zone": null, "min_dist": 0.7731494540278581}
{"t": 1784481521.9348288, "x": 6.261612199780121, "y": 0.10740600058128989, "zone": null, "min_dist": 0.7383878002198792}
{"t": 1784481522.0870264, "x": 6.2944926736471665, "y": 0.10756162186110922, "zone": null, "min_dist": 0.7055073263528335}
{"t": 1784481522.2476456, "x": 6.329475018652617, "y": 0.10772719131238831, "zone": null, "min_dist": 0.6705249813473833}
{"t": 1784481522.4079008, "x": 6.3646426246528245, "y": 0.1078936376612981, "zone": null, "min_dist": 0.6353573753471755}
{"t": 1784481522.560288, "x": 6.397608992323182, "y": 0.10804966553052318, "zone": null, "min_dist": 0.6023910076768182}
{"t": 1784481522.736435, "x": 6.436072592627959, "y": 0.10823171158316516, "zone": null, "min_dist": 0.5639274073720406}
{"t": 1784481522.9126873, "x": 6.474376163529079, "y": 0.10841300016532888, "zone": null, "min_dist": 0.5256238364709214}
{"t": 1784481523.0654566, "x": 6.507246501233802, "y": 0.10856857349175457, "zone": null, "min_dist": 0.4927534987661977}
{"t": 1784481523.217748, "x": 6.540127006143867, "y": 0.1087241949615983, "zone": null, "min_dist": 0.4598729938561332}
{"t": 1784481523.3778346, "x": 6.574821385455081, "y": 0.1088884014167643, "zone": null, "min_dist": 0.4251786145449188}
{"t": 1784481523.5300221, "x": 6.6077270600713796, "y": 0.10904414199015831, "zone": null, "min_dist": 0.39227293992862045}
{"t": 1784481523.6906724, "x": 6.64221088441548, "y": 0.10920735182322402, "zone": null, "min_dist": 0.3577891155845201}
{"t": 1784481523.851352, "x": 6.677193229395044, "y": 0.10937292128601617, "zone": null, "min_dist": 0.3228067706049558}
{"t": 1784481524.0116832, "x": 6.712296836110134, "y": 0.10953906471231083, "zone": null, "min_dist": 0.2877031638898657}
{"t": 1784481524.1716366, "x": 6.746959184778802, "y": 0.10970311954699251, "zone": null, "min_dist": 0.2530408152211976}
{"t": 1784481524.3243484, "x": 6.780206874450205, "y": 0.10986047900892225, "zone": null, "min_dist": 0.2197931255497947}
{"t": 1784481524.4847345, "x": 6.814677163205245, "y": 0.11002362475834224, "zone": null, "min_dist": 0.1853228367947546}
{"t": 1784481524.636509, "x": 6.847055748087647, "y": 0.11017687050706862, "zone": null, "min_dist": 0.15294425191235295}
{"t": 1784481524.7966576, "x": 6.8801333625790635, "y": 0.11033342443062633, "zone": null, "min_dist": 0.1198666374209365}
{"t": 1784481524.957169, "x": 6.913512357178614, "y": 0.11049140483364688, "zone": null, "min_dist": 0.08648764282138632}
{"t": 1784481525.1174104, "x": 6.94689128977609, "y": 0.11064938491358814, "zone": null, "min_dist": 0.05310871022390984}
{"t": 1784481525.2698264, "x": 6.979557933116763, "y": 0.11080399413114005, "zone": null, "min_dist": 0.020442066883236798}
{"t": 1784481525.4221897, "x": 7.012872900346489, "y": 0.1109616720058223, "zone": "wh_zone_2", "min_dist": 0.0}
{"t": 1784481525.5745115, "x": 7.045600050626027, "y": 0.11111656757744569, "zone": "wh_zone_2", "min_dist": 0.0}
{"t": 1784481525.7343478, "x": 7.080515117774644, "y": 0.11128181862612142, "zone": "wh_zone_2", "min_dist": 0.0}
{"t": 1784481525.886651, "x": 7.113190092482877, "y": 0.11143646725124995, "zone": "wh_zone_2", "min_dist": 0.0}
{"t": 1784481526.0386834, "x": 7.144820834275528, "y": 0.11158617325047318, "zone": "wh_zone_2", "min_dist": 0.0}
{"t": 1784481526.199181, "x": 7.178531704602383, "y": 0.11174572452522372, "zone": "wh_zone_2", "min_dist": 0.0}
{"t": 1784481526.359892, "x": 7.212153222769185, "y": 0.11190485285106638, "zone": "wh_zone_2", "min_dist": 0.0}
{"t": 1784481526.511299, "x": 7.243736869179133, "y": 0.11205433595084219, "zone": "wh_zone_2", "min_dist": 0.0}
{"t": 1784481526.6717188, "x": 7.27819203419252, "y": 0.11221741012237567, "zone": "wh_zone_2", "min_dist": 0.0}
{"t": 1784481526.8322115, "x": 7.313174797093095, "y": 0.11233391306514724, "zone": "wh_zone_2", "min_dist": 0.0}
{"t": 1784481526.9844654, "x": 7.345993854454944, "y": 0.11197194060326728, "zone": "wh_zone_2", "min_dist": 0.0}
{"t": 1784481527.145116, "x": 7.3798828963317975, "y": 0.11081432078140702, "zone": "wh_zone_2", "min_dist": 0.0}
{"t": 1784481527.3056195, "x": 7.413094266022762, "y": 0.10919593778896332, "zone": "wh_zone_2", "min_dist": 0.0}
{"t": 1784481527.466026, "x": 7.445966708079664, "y": 0.1075676249452175, "zone": "wh_zone_2", "min_dist": 0.0}
{"t": 1784481527.6183496, "x": 7.478312795647906, "y": 0.10596538530303275, "zone": "wh_zone_2", "min_dist": 0.0}
{"t": 1784481527.7785509, "x": 7.512231539941476, "y": 0.10428524526077437, "zone": "wh_zone_2", "min_dist": 0.0}
{"t": 1784481527.930815, "x": 7.545132674354051, "y": 0.10265551205255069, "zone": "wh_zone_2", "min_dist": 0.0}
{"t": 1784481528.0911152, "x": 7.58018377561275, "y": 0.10077792983673024, "zone": "wh_zone_2", "min_dist": 0.0}
{"t": 1784481528.2510877, "x": 7.6141321284699615, "y": 0.09824939888635559, "zone": "wh_zone_2", "min_dist": 0.0}
{"t": 1784481528.4033608, "x": 7.645774652952557, "y": 0.09515750819137783, "zone": "wh_zone_2", "min_dist": 0.0}
{"t": 1784481528.563581, "x": 7.678906251036309, "y": 0.09118913728553454, "zone": "wh_zone_2", "min_dist": 0.0}
{"t": 1784481528.7240772, "x": 7.7113769188248416, "y": 0.08679153784139874, "zone": "wh_zone_2", "min_dist": 0.0}
{"t": 1784481528.8761134, "x": 7.741647045700971, "y": 0.08259453295387378, "zone": "wh_zone_2", "min_dist": 0.0}
{"t": 1784481529.0363615, "x": 7.773713944072817, "y": 0.07801593219952273, "zone": "wh_zone_2", "min_dist": 0.0}
{"t": 1784481529.1886961, "x": 7.803962857863565, "y": 0.07356162178263838, "zone": "wh_zone_2", "min_dist": 0.0}
{"t": 1784481529.3490598, "x": 7.8360114033047585, "y": 0.06872083312483357, "zone": "wh_zone_2", "min_dist": 0.0}
