{"t": 1784479312.1696343, "x": -6.8265546068437536e-12, "y": -1.6738896832650253e-13, "zone": null, "min_dist": 1.6401219466897021}
{"t": 1784479312.3214962, "x": -6.8265546068437536e-12, "y": -1.6738896832650253e-13, "zone": null, "min_dist": 1.6401219466897021}
{"t": 1784479312.4738464, "x": -6.8265546068437536e-12, "y": -1.6738896832650253e-13, "zone": null, "min_dist": 1.6401219466897021}
{"t": 1784479312.6265194, "x": -6.8265546068437536e-12, "y": -1.6738896832650253e-13, "zone": null, "min_dist": 1.6401219466897021}
{"t": 1784479312.7862668, "x": -6.8265546068437536e-12, "y": -1.6738896832650253e-13, "zone": null, "min_dist": 1.6401219466897021}
{"t": 1784479312.947253, "x": -6.8265546068437536e-12, "y": -1.6738896832650253e-13, "zone": null, "min_dist": 1.6401219466897021}
{"t": 1784479313.107715, "x": -6.8265546068437536e-12, "y": -1.6738896832650253e-13, "zone": null, "min_dist": 1.6401219466897021}
{"t": 1784479313.2598703, "x": -6.8265546068437536e-12, "y": -1.6738896832650253e-13, "zone": null, "min_dist": 1.6401219466897021}
{"t": 1784479313.412026, "x": -6.8265546068437536e-12, "y": -1.6738896832650253e-13, "zone": null, "min_dist": 1.6401219466897021}
{"t": 1784479313.5640798, "x": -6.8265546068437536e-12, "y": -1.6738896832650253e-13, "zone": null, "min_dist": 1.6401219466897021}
{"t": 1784479313.7163284, "x": -6.8265546068437536e-12, "y": -1.6738896832650253e-13, "zone": null, "min_dist": 1.6401219466897021}
{"t": 1784479313.8682528, "x": -6.8265546068437536e-12, "y": -1.6738896832650253e-13, "zone": null, "min_dist": 1.6401219466897021}
{"t": 1784479314.0206358, "x": -6.8265546068437536e-12, "y": -1.6738896832650253e-13, "zone": null, "min_dist": 1.6401219466897021}
{"t": 1784479314.1732326, "x": -6.8265546068437536e-12, "y": -1.6738896832650253e-13, "zone": null, "min_dist": 1.6401219466897021}
{"t": 1784479314.3253243, "x": -6.8265546068437536e-12, "y": -1.6738896832650253e-13, "zone": null, "min_dist": 1.6401219466897021}
{"t": 1784479314.4777021, "x": -6.8265546068437536e-12, "y": -1.6738896832650253e-13, "zone": null, "min_dist": 1.6401219466897021}
{"t": 1784479314.6297503, "x": -6.8265546068437536e-12, "y": -1.6738896832650253e-13, "zone": null, "min_dist": 1.6401219466897021}
{"t": 1784479314.7819555, "x": 0.0009596891760889831, "y": 3.052726741826635e-11, "zone": null, "min_dist": 1.6395369903029835}
{"t": 1784479314.9420967, "x": 0.020798441965765052, "y": 3.986890023358816e-09, "zone": null, "min_dist": 1.6275244025484716}
{"t": 1784479315.1026726, "x": 0.052998820264801606, "y": 1.368505856898486e-08, "zone": null, "min_dist": 1.6083566764989368}
{"t": 1784479315.2547865, "x": 0.08572973662831693, "y": 2.423484337890563e-08, "zone": null, "min_dist": 1.5893048956934395}
{"t": 1784479315.4072638, "x": 0.11858191752839632, "y": 3.486201364048278e-08, "zone": null, "min_dist": 1.5706360958117205}
{"t": 1784479315.584218, "x": 0.15526410428666246, "y": -5.863066754019055e-05, "zone": null, "min_dist": 1.5502987767551666}
{"t": 1784479315.743562, "x": 0.18979907854717099, "y": -0.0005341706170009364, "zone": null, "min_dist": 1.5313513557825515}
{"t": 1784479315.8964174, "x": 0.2226189056057958, "y": -0.0010265100185424324, "zone": null, "min_dist": 1.513820826120495}
{"t": 1784479316.048272, "x": 0.25382604939393527, "y": -0.0014837242662623998, "zone": null, "min_dist": 1.4976381682197066}
{"t": 1784479316.2085261, "x": 0.2876746703057017, "y": -0.0015049226275592397, "zone": null, "min_dist": 1.4810458606284114}
{"t": 1784479316.384947, "x": 0.3246718074069335, "y": -0.0009985369555493328, "zone": null, "min_dist": 1.4640604388831224}
{"t": 1784479316.537171, "x": 0.35696166860131534, "y": -0.0005445450662842984, "zone": null, "min_dist": 1.4498561221738504}
{"t": 1784479316.6893916, "x": 0.38937623899934753, "y": -8.87998515308944e-05, "zone": null, "min_dist": 1.4361860971928448}
{"t": 1784479316.8419716, "x": 0.4204113977662967, "y": 0.00034755047271681455, "zone": null, "min_dist": 1.423031776666103}
{"t": 1784479317.0023088, "x": 0.45433649358294165, "y": 0.0008245333442647625, "zone": null, "min_dist": 1.409115167541499}
{"t": 1784479317.1633089, "x": 0.4887567325027393, "y": 0.001308478034453817, "zone": null, "min_dist": 1.3956967248605487}
{"t": 1784479317.3221657, "x": 0.5232728998928408, "y": 0.0017937714743995216, "zone": null, "min_dist": 1.3829707660537316}
{"t": 1784479317.4748163, "x": 0.5544601899080152, "y": 0.002230563973781741, "zone": null, "min_dist": 1.3721192482654743}
{"t": 1784479317.6509027, "x": 0.592201144341842, "y": 0.0025100822354771736, "zone": null, "min_dist": 1.3600661724256993}
{"t": 1784479317.8033113, "x": 0.6245148186401861, "y": 0.0021067582105129532, "zone": null, "min_dist": 1.3511165710269548}
{"t": 1784479317.9557066, "x": 0.6569032114741448, "y": 0.0016008892423117265, "zone": null, "min_dist": 1.3429652479171272}
{"t": 1784479318.1079187, "x": 0.6898100188044964, "y": 0.0011990952011647657, "zone": null, "min_dist": 1.3353282797650696}
{"t": 1784479318.260249, "x": 0.7221173398758738, "y": 0.0014129253614526688, "zone": null, "min_dist": 1.3279861306564766}
{"t": 1784479318.4205244, "x": 0.7557714415521071, "y": 0.0018697044893353203, "zone": null, "min_dist": 1.3209049371109722}
{"t": 1784479318.5733054, "x": 0.7883714761472971, "y": 0.002312177052593245, "zone": null, "min_dist": 1.3148309084951015}
{"t": 1784479318.725398, "x": 0.8208535369687359, "y": 0.0027530482097907903, "zone": null, "min_dist": 1.3095583641615984}
{"t": 1784479318.8854625, "x": 0.854692856632218, "y": 0.003212340929542838, "zone": null, "min_dist": 1.3049032142772665}
{"t": 1784479319.0375137, "x": 0.8880017884625098, "y": 0.0036644352148892684, "zone": null, "min_dist": 1.3011646690232288}
{"t": 1784479319.1900403, "x": 0.9204097509317173, "y": 0.004104300576496994, "zone": null, "min_dist": 1.2983375029363828}
{"t": 1784479319.3422406, "x": 0.9522335261730374, "y": 0.004536236781999189, "zone": null, "min_dist": 1.2963440892883364}
{"t": 1784479319.4947925, "x": 0.9832503691955992, "y": 0.0049572203532690096, "zone": null, "min_dist": 1.2951510920534388}
{"t": 1784479319.646583, "x": 1.0134168820678784, "y": 0.005366662394272839, "zone": null, "min_dist": 1.2946333376057273}
{"t": 1784479319.7987852, "x": 1.0456816716469925, "y": 0.005804584438951954, "zone": null, "min_dist": 1.294195415561048}
{"t": 1784479319.9511728, "x": 1.0780677411381607, "y": 0.006244152634548784, "zone": null, "min_dist": 1.2937558473654514}
{"t": 1784479320.1043146, "x": 1.110457088896987, "y": 0.006683765297599593, "zone": null, "min_dist": 1.2933162347024005}
{"t": 1784479320.2639081, "x": 1.1441653219432162, "y": 0.0071412788366959105, "zone": null, "min_dist": 1.292858721163304}
{"t": 1784479320.4162633, "x": 1.1768678140831645, "y": 0.007585141814350461, "zone": null, "min_dist": 1.2924148581856496}
{"t": 1784479320.5683177, "x": 1.2098096219212224, "y": 0.008032253089863791, "zone": null, "min_dist": 1.2919677469101363}
{"t": 1784479320.7207718, "x": 1.2421285093282879, "y": 0.008470909485416869, "zone": null, "min_dist": 1.291529090514583}
{"t": 1784479320.8728468, "x": 1.2745498542646425, "y": 0.008910956458995587, "zone": null, "min_dist": 1.2910890435410045}
{"t": 1784479321.0331838, "x": 1.3068720202260575, "y": 0.009349656801966647, "zone": null, "min_dist": 1.2906503431980334}
{"t": 1784479321.1854625, "x": 1.3394466139914196, "y": 0.009791783826836287, "zone": null, "min_dist": 1.2902082161731638}
{"t": 1784479321.337586, "x": 1.3722064538806595, "y": 0.010236425208457875, "zone": null, "min_dist": 1.2897635747915421}
{"t": 1784479321.4979656, "x": 1.4051421577130085, "y": 0.010672523635616753, "zone": null, "min_dist": 1.2893274763643834}
{"t": 1784479321.658502, "x": 1.4390540627925539, "y": 0.010645647108836014, "zone": null, "min_dist": 1.289354352891164}
{"t": 1784479321.8107095, "x": 1.4714233804517423, "y": 0.009890596786694067, "zone": null, "min_dist": 1.290109403213306}
{"t": 1784479321.9707296, "x": 1.5055577759226797, "y": 0.00846091513257937, "zone": null, "min_dist": 1.2915390848674206}
{"t": 1784479322.1308906, "x": 1.5397944220756943, "y": 0.006940136174499777, "zone": null, "min_dist": 1.2930598638255002}
{"t": 1784479322.2914088, "x": 1.5724677985837743, "y": 0.005488796794371103, "zone": null, "min_dist": 1.294511203205629}
{"t": 1784479322.443894, "x": 1.6047313181700458, "y": 0.004056943522716769, "zone": null, "min_dist": 1.2959430564772834}
{"t": 1784479322.6040943, "x": 1.6357512757639434, "y": 0.0028895410538378906, "zone": null, "min_dist": 1.2971104589461622}
{"t": 1784479322.756253, "x": 1.6650708244267027, "y": 0.002434277375660914, "zone": null, "min_dist": 1.2975657226243391}
{"t": 1784479322.9085517, "x": 1.697374116363461, "y": 0.0026226145739387074, "zone": null, "min_dist": 1.2973773854260613}
{"t": 1784479323.06838, "x": 1.7314625417167553, "y": 0.0030959821852127017, "zone": null, "min_dist": 1.2969040178147873}
{"t": 1784479323.2207885, "x": 1.7640369942919587, "y": 0.003548396101274173, "zone": null, "min_dist": 1.296451603898726}
{"t": 1784479323.3734794, "x": 1.7957073830745296, "y": 0.003988253479479071, "zone": null, "min_dist": 1.296011746520521}
{"t": 1784479323.5253348, "x": 1.827579497824168, "y": 0.004430912458927983, "zone": null, "min_dist": 1.2955690875410721}
{"t": 1784479323.6774101, "x": 1.8599334300836234, "y": 0.004880263380025868, "zone": null, "min_dist": 1.2951197366199743}
{"t": 1784479323.8292727, "x": 1.8924407006654076, "y": 0.005331744027529432, "zone": null, "min_dist": 1.2946682559724707}
{"t": 1784479323.9898973, "x": 1.9270495733084554, "y": 0.005812413086790163, "zone": null, "min_dist": 1.2941875869132098}
{"t": 1784479324.1504047, "x": 1.959250285641455, "y": 0.006259635435196563, "zone": null, "min_dist": 1.2937403645648036}
{"t": 1784479324.3104413, "x": 1.9936132593078373, "y": 0.006736889211848754, "zone": null, "min_dist": 1.2932631107881514}
{"t": 1784479324.4708698, "x": 2.028113938989425, "y": 0.007213939651223613, "zone": null, "min_dist": 1.2927860603487764}
{"t": 1784479324.6310298, "x": 2.060677416258409, "y": 0.007338461098703636, "zone": null, "min_dist": 1.2926615389012963}
{"t": 1784479324.783424, "x": 2.0921655577296323, "y": 0.007289237708754168, "zone": null, "min_dist": 1.292710762291246}
{"t": 1784479324.9436674, "x": 2.125875997809086, "y": 0.007161930861906259, "zone": null, "min_dist": 1.2928380691380938}
{"t": 1784479325.0958917, "x": 2.15834741904135, "y": 0.006468883134275769, "zone": null, "min_dist": 1.2935311168657242}
{"t": 1784479325.2484362, "x": 2.190663153090999, "y": 0.00558346615519037, "zone": null, "min_dist": 1.2944165338448097}
{"t": 1784479325.4085116, "x": 2.2234987969250186, "y": 0.0053016101864277005, "zone": null, "min_dist": 1.2946983898135724}
{"t": 1784479325.5688128, "x": 2.257522583880848, "y": 0.005289936305224192, "zone": null, "min_dist": 1.294710063694776}
{"t": 1784479325.7290437, "x": 2.2917929875019762, "y": 0.005278255467250815, "zone": null, "min_dist": 1.2947217445327492}
{"t": 1784479325.881638, "x": 2.324737827538299, "y": 0.005267026426168511, "zone": null, "min_dist": 1.2947329735738315}
{"t": 1784479326.0415297, "x": 2.357066337098468, "y": 0.005256006734346045, "zone": null, "min_dist": 1.294743993265654}
{"t": 1784479326.2178833, "x": 2.3947066658513245, "y": 0.005243177008169184, "zone": null, "min_dist": 1.294756822991831}
{"t": 1784479326.3703566, "x": 2.4275588742695193, "y": 0.00523197944061733, "zone": null, "min_dist": 1.2947680205593828}
{"t": 1784479326.5303514, "x": 2.4618964664867167, "y": 0.005220275472634981, "zone": null, "min_dist": 1.2947797245273651}
{"t": 1784479326.7069001, "x": 2.498108855113342, "y": 0.005207932086683412, "zone": null, "min_dist": 1.2947920679133167}
{"t": 1784479326.8669941, "x": 2.5322005524985425, "y": 0.0051963118565950305, "zone": null, "min_dist": 1.294803688143405}
{"t": 1784479327.0194213, "x": 2.5647781448039972, "y": 0.005185207755596611, "zone": null, "min_dist": 1.2948147922444033}
{"t": 1784479327.1795263, "x": 2.5981189544855416, "y": 0.005173843302344733, "zone": null, "min_dist": 1.2948261566976553}
{"t": 1784479327.3399057, "x": 2.631080547025148, "y": 0.005162607893604047, "zone": null, "min_dist": 1.294837392106396}
{"t": 1784479327.5001423, "x": 2.6637827711089295, "y": 0.005151460827202588, "zone": null, "min_dist": 1.2948485391727975}
{"t": 1784479327.652979, "x": 2.6960792179671715, "y": 0.005140452486067787, "zone": null, "min_dist": 1.2948595475139322}
{"t": 1784479327.8043504, "x": 2.7288674884448687, "y": 0.00512927667174589, "zone": null, "min_dist": 1.2948707233282541}
{"t": 1784479327.9571435, "x": 2.7595318738273504, "y": 0.005118824103899121, "zone": null, "min_dist": 1.294881175896101}
{"t": 1784479328.1091537, "x": 2.792192116502419, "y": 0.005107691868553319, "zone": null, "min_dist": 1.2948923081314467}
{"t": 1784479328.2618032, "x": 2.82504432484214, "y": 0.005096494247967266, "zone": null, "min_dist": 1.2949035057520328}
{"t": 1784479328.4379559, "x": 2.862809285296939, "y": 0.005083622003177703, "zone": null, "min_dist": 1.2949163779968222}
{"t": 1784479328.5902896, "x": 2.8941122004691877, "y": 0.005072952029604302, "zone": null, "min_dist": 1.2949270479703958}
{"t": 1784479328.7660685, "x": 2.9313533714188993, "y": 0.005060258160949087, "zone": null, "min_dist": 1.294939741839051}
{"t": 1784479328.9266932, "x": 2.9655949636279755, "y": 0.005048586817945807, "zone": null, "min_dist": 1.2949514131820543}
{"t": 1784479329.079156, "x": 2.997517578126909, "y": 0.0050377057620454154, "zone": null, "min_dist": 1.2949622942379546}
{"t": 1784479329.2314215, "x": 3.0301878019658908, "y": 0.005026570055306219, "zone": null, "min_dist": 1.2949734299446938}
{"t": 1784479329.3832877, "x": 3.0634997998164106, "y": 0.005015215831578188, "zone": null, "min_dist": 1.2949847841684219}
{"t": 1784479329.5436027, "x": 3.0985717976604703, "y": 0.005003261718570686, "zone": null, "min_dist": 1.2949967382814294}
{"t": 1784479329.7040958, "x": 3.133643857653174, "y": 0.0049913076008648175, "zone": null, "min_dist": 1.2950086923991353}
{"t": 1784479329.864513, "x": 3.16699134224836, "y": 0.004979940783397464, "zone": null, "min_dist": 1.2950200592166026}
{"t": 1784479330.0165865, "x": 3.1971572358013245, "y": 0.004969657943787393, "zone": null, "min_dist": 1.2950303420562126}
{"t": 1784479330.1688182, "x": 3.2277104074512595, "y": 0.0049592431778543765, "zone": null, "min_dist": 1.2950407568221456}
{"t": 1784479330.3211179, "x": 3.2597322722591575, "y": 0.004948328249971357, "zone": null, "min_dist": 1.2950516717500287}
{"t": 1784479330.4812932, "x": 3.2930796665200823, "y": 0.004936961403860239, "zone": null, "min_dist": 1.29506303859614}
{"t": 1784479330.6417103, "x": 3.3275065216681456, "y": 0.004925226924415939, "zone": null, "min_dist": 1.295074773075584}
{"t": 1784479330.7940848, "x": 3.3608505194508758, "y": 0.004913861765509104, "zone": null, "min_dist": 1.295086138234491}
{"t": 1784479330.9464993, "x": 3.394194517364242, "y": 0.004902496602377643, "zone": null, "min_dist": 1.2950975033976224}
{"t": 1784479331.0983198, "x": 3.4276025463546875, "y": 0.004891109641643739, "zone": null, "min_dist": 1.2951088903583563}
{"t": 1784479331.2505786, "x": 3.4597254922088667, "y": 0.004880160284712109, "zone": null, "min_dist": 1.2951198397152879}
{"t": 1784479331.4105942, "x": 3.493989190111391, "y": 0.004868481411377805, "zone": null, "min_dist": 1.2951315185886223}
{"t": 1784479331.5632823, "x": 3.5247277428668125, "y": 0.004858003509846128, "zone": null, "min_dist": 1.2951419964901538}
{"t": 1784479331.7151866, "x": 3.556008434471556, "y": 0.0048473409214390695, "zone": null, "min_dist": 1.295152659078561}
{"t": 1784479331.8914757, "x": 3.592815228008682, "y": 0.004834794905133359, "zone": null, "min_dist": 1.2951652050948668}
{"t": 1784479332.043335, "x": 3.624833752367681, "y": 0.004823881080331592, "zone": null, "min_dist": 1.2951761189196684}
{"t": 1784479332.1963682, "x": 3.6581490285943126, "y": 0.004812525632989266, "zone": null, "min_dist": 1.2951874743670109}
{"t": 1784479332.3483818, "x": 3.6914610575040125, "y": 0.004801171327833628, "zone": null, "min_dist": 1.2951988286721665}
{"t": 1784479332.5003026, "x": 3.7248690554369297, "y": 0.004789784328531251, "zone": null, "min_dist": 1.2952102156714689}
{"t": 1784479332.6523087, "x": 3.757957053522344, "y": 0.004778506292830581, "zone": null, "min_dist": 1.2952214937071695}
{"t": 1784479332.8126848, "x": 3.790474163697556, "y": 0.004767422157996991, "zone": null, "min_dist": 1.295232577842003}
{"t": 1784479332.9652379, "x": 3.8224319666544053, "y": 0.004756528964230737, "zone": null, "min_dist": 1.2952434710357692}
{"t": 1784479333.117634, "x": 3.8547218287626976, "y": 0.004745522772990834, "zone": null, "min_dist": 1.2952544772270091}
{"t": 1784479333.2700083, "x": 3.8855680531784893, "y": 0.004735008121971207, "zone": null, "min_dist": 1.2952649918780288}
{"t": 1784479333.4304845, "x": 3.918420234045312, "y": 0.004723809833412344, "zone": null, "min_dist": 1.2952761901665877}
{"t": 1784479333.6066108, "x": 3.9562104852615154, "y": 0.00471092882087039, "zone": null, "min_dist": 1.2952890711791296}
{"t": 1784479333.7588348, "x": 3.989027387331416, "y": 0.004699743092538629, "zone": null, "min_dist": 1.2953002569074614}
{"t": 1784479333.911169, "x": 4.020368887262354, "y": 0.0046890597892879846, "zone": null, "min_dist": 1.2953109402107121}
{"t": 1784479334.0872726, "x": 4.056057396448291, "y": 0.004676894562188642, "zone": null, "min_dist": 1.2953231054378114}
{"t": 1784479334.247492, "x": 4.090445455847323, "y": 0.004665173168497078, "zone": null, "min_dist": 1.295334826831503}
{"t": 1784479334.4002678, "x": 4.123080401146139, "y": 0.004654049365756888, "zone": null, "min_dist": 1.295345950634243}
{"t": 1784479334.56025, "x": 4.1564817835016665, "y": 0.00464266405854082, "zone": null, "min_dist": 1.2953573359414592}
{"t": 1784479334.7124639, "x": 4.188500245801649, "y": 0.004631750175097028, "zone": null, "min_dist": 1.295368249824903}
{"t": 1784479334.8645124, "x": 4.221199101237786, "y": 0.004620604565639009, "zone": null, "min_dist": 1.295379395434361}
{"t": 1784479335.0166981, "x": 4.2539266782015845, "y": 0.0046094492019098255, "zone": null, "min_dist": 1.2953905507980903}
{"t": 1784479335.1931088, "x": 4.291870344815617, "y": 0.00459651594857555, "zone": null, "min_dist": 1.2954034840514246}
{"t": 1784479335.3454156, "x": 4.323097290668239, "y": 0.00458587161700678, "zone": null, "min_dist": 1.2954141283829932}
{"t": 1784479335.4975169, "x": 4.355361647751829, "y": 0.0045748739663190935, "zone": null, "min_dist": 1.2954251260336809}
{"t": 1784479335.6498055, "x": 4.388025286740074, "y": 0.004563740379814684, "zone": null, "min_dist": 1.2954362596201854}
{"t": 1784479335.8102877, "x": 4.420941495648033, "y": 0.00455252022618614, "zone": null, "min_dist": 1.2954474797738138}
{"t": 1784479335.9622092, "x": 4.45221568909103, "y": 0.0045418598105318895, "zone": null, "min_dist": 1.2954581401894683}
{"t": 1784479336.1226156, "x": 4.4861826928593285, "y": 0.004530281761057473, "zone": null, "min_dist": 1.2954697182389425}
{"t": 1784479336.2747285, "x": 4.519034873393893, "y": 0.0045190839235370464, "zone": null, "min_dist": 1.295480916076463}
{"t": 1784479336.427231, "x": 4.550954209403843, "y": 0.004508203828591953, "zone": null, "min_dist": 1.295491796171408}
{"t": 1784479336.5791419, "x": 4.582516133096718, "y": 0.004497445335315229, "zone": null, "min_dist": 1.2955025546646848}
{"t": 1784479336.7313824, "x": 4.613719561965226, "y": 0.00448680900476339, "zone": null, "min_dist": 1.2955131909952367}
{"t": 1784479336.8835084, "x": 4.64600927198134, "y": 0.0044758027115779295, "zone": null, "min_dist": 1.2955241972884222}
{"t": 1784479337.0363598, "x": 4.678644217285241, "y": 0.00446467883795607, "zone": null, "min_dist": 1.295535321162044}
{"t": 1784479337.1963263, "x": 4.711653085539685, "y": 0.004453427098461948, "zone": null, "min_dist": 1.295546572901538}
{"t": 1784479337.3487225, "x": 4.744412665556418, "y": 0.0044422607761832565, "zone": null, "min_dist": 1.295557739223817}
{"t": 1784479337.509272, "x": 4.778960815045279, "y": 0.004430484805839973, "zone": null, "min_dist": 1.29556951519416}
{"t": 1784479337.685942, "x": 4.816725803330521, "y": 0.004417612272719466, "zone": null, "min_dist": 1.2955823877272805}
{"t": 1784479337.845512, "x": 4.849760024780232, "y": 0.004406351915798527, "zone": null, "min_dist": 1.2955936480842014}
{"t": 1784479338.006465, "x": 4.8837978617509386, "y": 0.0043947497182612325, "zone": null, "min_dist": 1.2956052502817388}
{"t": 1784479338.1664124, "x": 4.917854218664395, "y": 0.004383141203251208, "zone": null, "min_dist": 1.295616858796749}
{"t": 1784479338.4185982, "x": 4.949712923066151, "y": 0.0043722817012951535, "zone": null, "min_dist": 1.2956277182987048}
{"t": 1784479338.5749717, "x": 5.003605882681656, "y": 0.004353911449773967, "zone": null, "min_dist": 1.2956460885502261}
{"t": 1784479338.7270367, "x": 5.036458091123679, "y": 0.004342713545862621, "zone": null, "min_dist": 1.2956572864541374}
{"t": 1784479338.8792, "x": 5.069096315022511, "y": 0.004331588479699421, "zone": null, "min_dist": 1.2956684115203005}
{"t": 1784479339.031828, "x": 5.100584493299561, "y": 0.0043208551441797, "zone": null, "min_dist": 1.2956791448558203}
{"t": 1784479339.183541, "x": 5.1329009430750725, "y": 0.004309839625229789, "zone": null, "min_dist": 1.2956901603747704}
{"t": 1784479339.336112, "x": 5.165193993798001, "y": 0.004298832122193873, "zone": null, "min_dist": 1.295701167877806}
{"t": 1784479339.496261, "x": 5.199247072316867, "y": 0.004287224715627115, "zone": null, "min_dist": 1.295712775284373}
{"t": 1784479339.6489108, "x": 5.232127974449951, "y": 0.0042760170365103295, "zone": null, "min_dist": 1.2957239829634897}
{"t": 1784479339.8012142, "x": 5.263935910699465, "y": 0.004265174699911834, "zone": null, "min_dist": 1.2957348253000882}
{"t": 1784479339.9532962, "x": 5.297215911686319, "y": 0.004253831082728397, "zone": null, "min_dist": 1.2957461689172716}
{"t": 1784479340.105401, "x": 5.330623878576466, "y": 0.00424244387410198, "zone": null, "min_dist": 1.295757556125898}
{"t": 1784479340.257079, "x": 5.363967876525438, "y": 0.004231078455054403, "zone": null, "min_dist": 1.2957689215449457}
{"t": 1784479340.4095874, "x": 5.397183936677714, "y": 0.004219756619103483, "zone": null, "min_dist": 1.2957802433808965}
{"t": 1784479340.5619552, "x": 5.427973046944872, "y": 0.004209261280860788, "zone": null, "min_dist": 1.2957907387191392}
{"t": 1784479340.714349, "x": 5.459282487913858, "y": 0.004198588702436824, "zone": null, "min_dist": 1.2958014112975633}
{"t": 1784479340.8742633, "x": 5.492875749127702, "y": 0.004187137832230774, "zone": null, "min_dist": 1.2958128621677694}
{"t": 1784479341.0347822, "x": 5.526437010321344, "y": 0.004175697855432475, "zone": null, "min_dist": 1.2958243021445677}
{"t": 1784479341.186921, "x": 5.55798900856286, "y": 0.004164942664317278, "zone": null, "min_dist": 1.2958350573356827}
{"t": 1784479341.3395267, "x": 5.590378059179184, "y": 0.004153902414032596, "zone": null, "min_dist": 1.2958460975859674}
{"t": 1784479341.4996285, "x": 5.62489754597408, "y": 0.004142136081612038, "zone": null, "min_dist": 1.295857863918388}
{"t": 1784479341.6521418, "x": 5.65726987243263, "y": 0.004131101565798179, "zone": null, "min_dist": 1.295868898434202}
{"t": 1784479341.8044128, "x": 5.690460551471603, "y": 0.0041197882958230675, "zone": null, "min_dist": 1.295880211704177}
{"t": 1784479341.9567986, "x": 5.720744333311153, "y": 0.004109465007701213, "zone": null, "min_dist": 1.2792556666888473}
{"t": 1784479342.1170788, "x": 5.752527192850226, "y": 0.004098630713689855, "zone": null, "min_dist": 1.2474728071497738}
{"t": 1784479342.269462, "x": 5.783268995928947, "y": 0.004088151398335348, "zone": null, "min_dist": 1.216731004071053}
{"t": 1784479342.429517, "x": 5.816616362204106, "y": 0.004076784225188231, "zone": null, "min_dist": 1.1833836377958944}
{"t": 1784479342.5820155, "x": 5.848200360293372, "y": 0.004066018099958898, "zone": null, "min_dist": 1.1517996397066277}
{"t": 1784479342.7420752, "x": 5.882819215347133, "y": 0.004054217889774652, "zone": null, "min_dist": 1.1171807846528674}
{"t": 1784479342.9024198, "x": 5.917891213010784, "y": 0.004042263390710703, "zone": null, "min_dist": 1.0821087869892159}
{"t": 1784479343.0546968, "x": 5.951107273050879, "y": 0.004030941482402255, "zone": null, "min_dist": 1.0488927269491208}
{"t": 1784479343.2308106, "x": 5.98778257751653, "y": 0.004018439888984312, "zone": null, "min_dist": 1.0122174224834701}
{"t": 1784479343.3835673, "x": 6.019081944378251, "y": 0.0040077706965672005, "zone": null, "min_dist": 0.9809180556217489}
{"t": 1784479343.5437274, "x": 6.053135084870132, "y": 0.00399616317490248, "zone": null, "min_dist": 0.9468649151298676}
{"t": 1784479343.6955662, "x": 6.085987293327445, "y": 0.003984965136481754, "zone": null, "min_dist": 0.9140127066725547}
{"t": 1784479343.8482268, "x": 6.116616372469608, "y": 0.003974524211178602, "zone": null, "min_dist": 0.8833836275303923}
{"t": 1784479344.0250082, "x": 6.154410026377976, "y": 0.003961641729028403, "zone": null, "min_dist": 0.8455899736220243}
{"t": 1784479344.1846836, "x": 6.189022234692174, "y": 0.003949843771281447, "zone": null, "min_dist": 0.8109777653078263}
{"t": 1784479344.3372142, "x": 6.221785090135902, "y": 0.00393867611528424, "zone": null, "min_dist": 0.778214909864098}
{"t": 1784479344.4892876, "x": 6.253088005320167, "y": 0.00392800573155789, "zone": null, "min_dist": 0.7469119946798326}
{"t": 1784479344.641216, "x": 6.285333718252274, "y": 0.0039170141636007535, "zone": null, "min_dist": 0.7146662817477258}
{"t": 1784479344.7932067, "x": 6.317690768939263, "y": 0.003905984719013545, "zone": null, "min_dist": 0.6823092310607368}
{"t": 1784479344.9455159, "x": 6.350079847544148, "y": 0.003894944372415747, "zone": null, "min_dist": 0.6499201524558522}
{"t": 1784479345.0979269, "x": 6.382960749686352, "y": 0.0038837365456256025, "zone": null, "min_dist": 0.6170392503136481}
{"t": 1784479345.2503734, "x": 6.413497197307407, "y": 0.0038733271332834344, "zone": null, "min_dist": 0.5865028026925927}
{"t": 1784479345.4102845, "x": 6.447863483014409, "y": 0.0038616128784596804, "zone": null, "min_dist": 0.5521365169855912}
{"t": 1784479345.562971, "x": 6.4807156913998645, "y": 0.0038504147894598954, "zone": null, "min_dist": 0.5192843086001355}
{"t": 1784479345.7150128, "x": 6.511939265556856, "y": 0.0038397713346412063, "zone": null, "min_dist": 0.4880607344431436}
{"t": 1784479345.8672059, "x": 6.544516954220823, "y": 0.0038286667306160777, "zone": null, "min_dist": 0.455483045779177}
{"t": 1784479346.0208437, "x": 6.576545490794745, "y": 0.0038177491067559674, "zone": null, "min_dist": 0.4234545092052553}
{"t": 1784479346.1718502, "x": 6.608838541530027, "y": 0.003806741421804132, "zone": null, "min_dist": 0.3911614584699734}
{"t": 1784479346.3322392, "x": 6.643108945194437, "y": 0.0037950598333542102, "zone": null, "min_dist": 0.3568910548055628}
{"t": 1784479346.4846787, "x": 6.673741364860523, "y": 0.003784617693481346, "zone": null, "min_dist": 0.32625863513947717}
{"t": 1784479346.636761, "x": 6.705389363008658, "y": 0.0037738296662657416, "zone": null, "min_dist": 0.29461063699134193}
{"t": 1784479346.79709, "x": 6.739876970720926, "y": 0.003762074076746285, "zone": null, "min_dist": 0.2601230292790744}
{"t": 1784479346.9495375, "x": 6.7727930892119526, "y": 0.0037508541571168934, "zone": null, "min_dist": 0.22720691078804744}
{"t": 1784479347.1253288, "x": 6.809136635317864, "y": 0.003738465424909082, "zone": null, "min_dist": 0.19086336468213627}
{"t": 1784479347.285593, "x": 6.843838196667528, "y": 0.003726636979879462, "zone": null, "min_dist": 0.15616180333247165}
{"t": 1784479347.4380646, "x": 6.875984631213613, "y": 0.0037156791751605076, "zone": null, "min_dist": 0.12401536878638719}
{"t": 1784479347.5904007, "x": 6.908281050384189, "y": 0.0037046703032801833, "zone": null, "min_dist": 0.09171894961581106}
{"t": 1784479347.7665808, "x": 6.945419754457631, "y": 0.003692010819441089, "zone": null, "min_dist": 0.05458024554236918}
{"t": 1784479347.9434528, "x": 6.980779662911763, "y": 0.0036799570462355703, "zone": null, "min_dist": 0.019220337088237116}
{"t": 1784479348.0953515, "x": 7.012523598919354, "y": 0.0036691362887762875, "zone": "wh_zone_2", "min_dist": 0.0}
{"t": 1784479348.2554803, "x": 7.046484079947509, "y": 0.003657560180292742, "zone": "wh_zone_2", "min_dist": 0.0}
{"t": 1784479348.4076653, "x": 7.079336260454825, "y": 0.0036463620147819988, "zone": "wh_zone_2", "min_dist": 0.0}
{"t": 1784479348.5602736, "x": 7.111715199523075, "y": 0.0036353250215881362, "zone": "wh_zone_2", "min_dist": 0.0}
{"t": 1784479348.7124314, "x": 7.144835234912918, "y": 0.00362403565044651, "zone": "wh_zone_2", "min_dist": 0.0}
{"t": 1784479348.8647182, "x": 7.177406087218863, "y": 0.003612933265805508, "zone": "wh_zone_2", "min_dist": 0.0}
{"t": 1784479349.0166657, "x": 7.2089934541447995, "y": 0.003602165840466584, "zone": "wh_zone_2", "min_dist": 0.0}
{"t": 1784479349.1688337, "x": 7.241315316243958, "y": 0.0035911483295372436, "zone": "wh_zone_2", "min_dist": 0.0}
{"t": 1784479349.4216793, "x": 7.2717976613316315, "y": 0.0035807571818154767, "zone": "wh_zone_2", "min_dist": 0.0}
{"t": 1784479349.5773351, "x": 7.3260444846648225, "y": 0.0035622659773685565, "zone": "wh_zone_2", "min_dist": 0.0}
{"t": 1784479349.7296026, "x": 7.3581589191446435, "y": 0.003551318994303824, "zone": "wh_zone_2", "min_dist": 0.0}
{"t": 1784479349.8817818, "x": 7.390669322879137, "y": 0.0035402372199434223, "zone": "wh_zone_2", "min_dist": 0.0}
{"t": 1784479350.0342631, "x": 7.422815757386399, "y": 0.003529279346444506, "zone": "wh_zone_2", "min_dist": 0.0}
{"t": 1784479350.2101455, "x": 7.461040597071905, "y": 0.0035162498416019036, "zone": "wh_zone_2", "min_dist": 0.0}
{"t": 1784479350.3706057, "x": 7.4951224592375905, "y": 0.0035046323835659257, "zone": "wh_zone_2", "min_dist": 0.0}
{"t": 1784479350.5312557, "x": 7.529399419927118, "y": 0.0034929483912066756, "zone": "wh_zone_2", "min_dist": 0.0}
{"t": 1784479350.691406, "x": 7.561631929513346, "y": 0.0034819607193544095, "zone": "wh_zone_2", "min_dist": 0.0}
{"t": 1784479350.84352, "x": 7.594302153249449, "y": 0.0034708244334050006, "zone": "wh_zone_2", "min_dist": 0.0}
{"t": 1784479350.9958773, "x": 7.627125671197524, "y": 0.003459635949003508, "zone": "wh_zone_2", "min_dist": 0.0}
{"t": 1784479351.1483886, "x": 7.659454059341031, "y": 0.003448616085412471, "zone": "wh_zone_2", "min_dist": 0.0}
{"t": 1784479351.3084793, "x": 7.693257998960816, "y": 0.003437093232499646, "zone": "wh_zone_2", "min_dist": 0.0}
{"t": 1784479351.460887, "x": 7.7224336946986725, "y": 0.003427147167186739, "zone": "wh_zone_2", "min_dist": 0.0}
{"t": 1784479351.621019, "x": 7.750401873977644, "y": 0.0034176120443183693, "zone": "wh_zone_2", "min_dist": 0.0}
{"t": 1784479351.7973464, "x": 7.777817542619855, "y": 0.0034082644739403985, "zone": "wh_zone_2", "min_dist": 0.0}
{"t": 1784479351.9496284, "x": 7.800138474273812, "y": 0.0034006536912968167, "zone": "wh_zone_2", "min_dist": 0.0}
{"t": 1784479352.1099317, "x": 7.822370052732948, "y": 0.0033930730837976137, "zone": "wh_zone_2", "min_dist": 0.0}
