[INFO] [1784395287.963835067] [cmd_vel_guard]: Zones loaded: 2
[INFO] [1784395287.964034223] [cmd_vel_guard]: CBF margin: 0.1m (real-time control)
[INFO] [1784395287.964171201] [cmd_vel_guard]: SSM base margin: 0.05m (velocity-dependent)
[INFO] [1784395287.968053552] [cmd_vel_guard]: Spoof detection ON [cusum]: amcl=/amcl_pose, offset_thresh=0.95m, jump_thresh=0.45m, enforce_pose=amcl
[INFO] [1784395287.968655877] [cmd_vel_guard]: DEBUG subscriptions:
[INFO] [1784395287.968937378] [cmd_vel_guard]:   cmd_sub topic: /cmd_vel_nav
[INFO] [1784395287.969206325] [cmd_vel_guard]:   odom_sub topic: /odom_spoofed
[INFO] [1784395287.969464372] [cmd_vel_guard]:   nav_state_sub topic: /geofence/nav_state
[INFO] [1784395287.970034267] [cmd_vel_guard]: ============================================================
[INFO] [1784395287.970340434] [cmd_vel_guard]: Cmd Vel Guard node initialized
[INFO] [1784395287.970622796] [cmd_vel_guard]: Safety method: geofence
[INFO] [1784395287.970914086] [cmd_vel_guard]: Input: /cmd_vel_nav -> Output: /cmd_vel
[INFO] [1784395287.971216997] [cmd_vel_guard]: Simulated comm latency: 100ms
[INFO] [1784395287.971309862] [cmd_vel_guard]:   Mode: Forward Simulation
[INFO] [1784395287.971407837] [cmd_vel_guard]:   Horizon: 1.0s, Steps: 10
[INFO] [1784395287.971529706] [cmd_vel_guard]:   Margin: 0.562m
[INFO] [1784395287.971841574] [cmd_vel_guard]: ============================================================
[INFO] [1784395288.782773632] [cmd_vel_guard]: [HEARTBEAT #1] cmds=0, odom=no, nav_approved=False, pos=(0.00,0.00)
[INFO] [1784395289.022906452] [cmd_vel_guard]: [HEARTBEAT #2] cmds=0, odom=no, nav_approved=False, pos=(0.00,0.00)
[INFO] [1784395294.030979493] [cmd_vel_guard]: [HEARTBEAT #3] cmds=0, odom=yes, nav_approved=False, pos=(-0.00,0.00)
[INFO] [1784395296.436135462] [cmd_vel_guard]: Guard status: cmds=1, nav_approved=False, odom=yes, pos=(-0.00,0.00), passed=0, blocked=0
[INFO] [1784395299.167493975] [cmd_vel_guard]: [HEARTBEAT #4] cmds=27, odom=yes, nav_approved=False, pos=(-0.00,0.00)
[INFO] [1784395304.046112236] [cmd_vel_guard]: [HEARTBEAT #5] cmds=30, odom=yes, nav_approved=False, pos=(-0.00,0.00)
[INFO] [1784395309.053928760] [cmd_vel_guard]: [HEARTBEAT #6] cmds=30, odom=yes, nav_approved=False, pos=(-0.00,0.00)
[INFO] [1784395314.156158690] [cmd_vel_guard]: [HEARTBEAT #7] cmds=31, odom=yes, nav_approved=False, pos=(-0.00,0.00)
[INFO] [1784395319.164671178] [cmd_vel_guard]: [HEARTBEAT #8] cmds=31, odom=yes, nav_approved=False, pos=(-0.00,0.00)
[INFO] [1784395324.172506813] [cmd_vel_guard]: [HEARTBEAT #9] cmds=31, odom=yes, nav_approved=False, pos=(-0.00,0.00)
[INFO] [1784395329.179908185] [cmd_vel_guard]: [HEARTBEAT #10] cmds=31, odom=yes, nav_approved=False, pos=(-0.00,0.00)
[INFO] [1784395331.814732991] [cmd_vel_guard]: Navigation authorized
[INFO] [1784395333.759913757] [cmd_vel_guard]: Guard status: cmds=51, nav_approved=True, odom=yes, pos=(0.28,-0.01), passed=50, blocked=0
[INFO] [1784395334.367261601] [cmd_vel_guard]: [HEARTBEAT #11] cmds=56, odom=yes, nav_approved=True, pos=(0.40,-0.02)
[INFO] [1784395336.390725157] [cmd_vel_guard]: [spoofmon] d_abs=0.027 jump=0.021 max_jump=0.021 c=(0.12,0.01)
[INFO] [1784395338.814879098] [cmd_vel_guard]: Guard status: cmds=101, nav_approved=True, odom=yes, pos=(1.34,-0.07), passed=100, blocked=0
[INFO] [1784395339.320508287] [cmd_vel_guard]: [HEARTBEAT #12] cmds=105, odom=yes, nav_approved=True, pos=(1.44,-0.08)
[INFO] [1784395341.342622329] [cmd_vel_guard]: [spoofmon] d_abs=0.334 jump=0.106 max_jump=0.106 c=(0.42,0.09)
[WARN] [1784395341.949650506] [cmd_vel_guard]: Odometry data is stale (0.50s old)
[ERROR] [1784395343.670512824] [cmd_vel_guard]: LOCALIZATION SPOOF DETECTED [cusum]: d_abs=1.096m (d_abs=1.096, jump=1.020, offset c=(0.06,1.10)) — fail-stopping
[WARN] [1784395343.671111763] [cmd_vel_guard]: BLOCKED (spoof fail-stop): localization spoof detected, halting robot
[INFO] [1784395343.672130954] [cmd_vel_guard]: Guard status: cmds=151, nav_approved=True, odom=yes, pos=(2.30,-1.00), passed=148, blocked=2
[INFO] [1784395344.205767373] [cmd_vel_guard]: [HEARTBEAT #13] cmds=169, odom=yes, nav_approved=True, pos=(2.36,-1.00)
[WARN] [1784395345.688680742] [cmd_vel_guard]: BLOCKED (spoof fail-stop): localization spoof detected, halting robot
[INFO] [1784395345.788715306] [cmd_vel_guard]: Guard status: cmds=201, nav_approved=True, odom=yes, pos=(2.36,-1.00), passed=148, blocked=52
[INFO] [1784395347.365908076] [cmd_vel_guard]: Guard status: cmds=251, nav_approved=True, odom=yes, pos=(2.36,-1.00), passed=148, blocked=102
[WARN] [1784395347.706422847] [cmd_vel_guard]: BLOCKED (spoof fail-stop): localization spoof detected, halting robot
[INFO] [1784395348.605805584] [cmd_vel_guard]: Guard status: cmds=301, nav_approved=True, odom=yes, pos=(2.36,-1.00), passed=148, blocked=152
[INFO] [1784395349.213632022] [cmd_vel_guard]: [HEARTBEAT #14] cmds=325, odom=yes, nav_approved=True, pos=(2.36,-1.00)
[WARN] [1784395349.735721587] [cmd_vel_guard]: BLOCKED (spoof fail-stop): localization spoof detected, halting robot
[INFO] [1784395349.876095125] [cmd_vel_guard]: Guard status: cmds=351, nav_approved=True, odom=yes, pos=(2.36,-1.00), passed=148, blocked=202
[INFO] [1784395351.106216234] [cmd_vel_guard]: Guard status: cmds=401, nav_approved=True, odom=yes, pos=(2.36,-1.00), passed=148, blocked=252
[WARN] [1784395351.738625414] [cmd_vel_guard]: BLOCKED (spoof fail-stop): localization spoof detected, halting robot
[INFO] [1784395352.345790287] [cmd_vel_guard]: Guard status: cmds=451, nav_approved=True, odom=yes, pos=(2.36,-1.00), passed=148, blocked=302
[INFO] [1784395353.608588200] [cmd_vel_guard]: Guard status: cmds=501, nav_approved=True, odom=yes, pos=(2.36,-1.00), passed=148, blocked=352
[WARN] [1784395353.745980593] [cmd_vel_guard]: BLOCKED (spoof fail-stop): localization spoof detected, halting robot
[INFO] [1784395354.221384157] [cmd_vel_guard]: [HEARTBEAT #15] cmds=526, odom=yes, nav_approved=True, pos=(2.36,-1.00)
[INFO] [1784395354.855924936] [cmd_vel_guard]: Guard status: cmds=551, nav_approved=True, odom=yes, pos=(2.36,-1.00), passed=148, blocked=402
[WARN] [1784395355.758775507] [cmd_vel_guard]: BLOCKED (spoof fail-stop): localization spoof detected, halting robot
[INFO] [1784395356.108582386] [cmd_vel_guard]: Guard status: cmds=601, nav_approved=True, odom=yes, pos=(2.36,-1.00), passed=148, blocked=452
[INFO] [1784395357.355846213] [cmd_vel_guard]: Guard status: cmds=651, nav_approved=True, odom=yes, pos=(2.36,-1.00), passed=148, blocked=502
[WARN] [1784395357.758894209] [cmd_vel_guard]: BLOCKED (spoof fail-stop): localization spoof detected, halting robot
[INFO] [1784395358.585728173] [cmd_vel_guard]: Guard status: cmds=701, nav_approved=True, odom=yes, pos=(2.36,-1.00), passed=148, blocked=552
[INFO] [1784395359.229527458] [cmd_vel_guard]: [HEARTBEAT #16] cmds=726, odom=yes, nav_approved=True, pos=(2.36,-1.00)
[WARN] [1784395359.758998185] [cmd_vel_guard]: BLOCKED (spoof fail-stop): localization spoof detected, halting robot
[INFO] [1784395359.855911843] [cmd_vel_guard]: Guard status: cmds=751, nav_approved=True, odom=yes, pos=(2.36,-1.00), passed=148, blocked=602
[INFO] [1784395361.095883823] [cmd_vel_guard]: Guard status: cmds=801, nav_approved=True, odom=yes, pos=(2.36,-1.00), passed=148, blocked=652
[WARN] [1784395361.785897518] [cmd_vel_guard]: BLOCKED (spoof fail-stop): localization spoof detected, halting robot
[INFO] [1784395362.355770263] [cmd_vel_guard]: Guard status: cmds=851, nav_approved=True, odom=yes, pos=(2.36,-1.00), passed=148, blocked=702
[INFO] [1784395363.598490823] [cmd_vel_guard]: Guard status: cmds=901, nav_approved=True, odom=yes, pos=(2.36,-1.00), passed=148, blocked=752
[WARN] [1784395363.795897048] [cmd_vel_guard]: BLOCKED (spoof fail-stop): localization spoof detected, halting robot
[INFO] [1784395364.237516530] [cmd_vel_guard]: [HEARTBEAT #17] cmds=926, odom=yes, nav_approved=True, pos=(2.36,-1.00)
[INFO] [1784395364.848339796] [cmd_vel_guard]: Guard status: cmds=951, nav_approved=True, odom=yes, pos=(2.36,-1.00), passed=148, blocked=802
[WARN] [1784395365.795910600] [cmd_vel_guard]: BLOCKED (spoof fail-stop): localization spoof detected, halting robot
[INFO] [1784395366.105783889] [cmd_vel_guard]: Guard status: cmds=1001, nav_approved=True, odom=yes, pos=(2.36,-1.00), passed=148, blocked=852
[INFO] [1784395367.348714351] [cmd_vel_guard]: Guard status: cmds=1051, nav_approved=True, odom=yes, pos=(2.36,-1.00), passed=148, blocked=902
[WARN] [1784395367.798795796] [cmd_vel_guard]: BLOCKED (spoof fail-stop): localization spoof detected, halting robot
[INFO] [1784395368.605847849] [cmd_vel_guard]: Guard status: cmds=1101, nav_approved=True, odom=yes, pos=(2.36,-1.00), passed=148, blocked=952
[INFO] [1784395369.245759855] [cmd_vel_guard]: [HEARTBEAT #18] cmds=1125, odom=yes, nav_approved=True, pos=(2.36,-1.00)
[WARN] [1784395369.798953014] [cmd_vel_guard]: BLOCKED (spoof fail-stop): localization spoof detected, halting robot
[INFO] [1784395369.848472416] [cmd_vel_guard]: Guard status: cmds=1151, nav_approved=True, odom=yes, pos=(2.36,-1.00), passed=148, blocked=1002
[INFO] [1784395371.105840848] [cmd_vel_guard]: Guard status: cmds=1201, nav_approved=True, odom=yes, pos=(2.36,-1.00), passed=148, blocked=1052
[WARN] [1784395371.806000130] [cmd_vel_guard]: BLOCKED (spoof fail-stop): localization spoof detected, halting robot
[INFO] [1784395372.405815094] [cmd_vel_guard]: Guard status: cmds=1251, nav_approved=True, odom=yes, pos=(2.36,-1.00), passed=148, blocked=1102
[INFO] [1784395373.671617872] [cmd_vel_guard]: Guard status: cmds=1301, nav_approved=True, odom=yes, pos=(2.36,-1.00), passed=148, blocked=1152
[WARN] [1784395373.806096798] [cmd_vel_guard]: BLOCKED (spoof fail-stop): localization spoof detected, halting robot
[INFO] [1784395374.253517933] [cmd_vel_guard]: [HEARTBEAT #19] cmds=1324, odom=yes, nav_approved=True, pos=(2.36,-1.00)
[INFO] [1784395374.921777353] [cmd_vel_guard]: Guard status: cmds=1351, nav_approved=True, odom=yes, pos=(2.36,-1.00), passed=148, blocked=1202
[WARN] [1784395375.815999572] [cmd_vel_guard]: BLOCKED (spoof fail-stop): localization spoof detected, halting robot
[INFO] [1784395376.171575938] [cmd_vel_guard]: Guard status: cmds=1401, nav_approved=True, odom=yes, pos=(2.36,-1.00), passed=148, blocked=1252
[INFO] [1784395377.421828344] [cmd_vel_guard]: Guard status: cmds=1451, nav_approved=True, odom=yes, pos=(2.36,-1.00), passed=148, blocked=1302
[WARN] [1784395377.821762276] [cmd_vel_guard]: BLOCKED (spoof fail-stop): localization spoof detected, halting robot
[INFO] [1784395378.671669341] [cmd_vel_guard]: Guard status: cmds=1501, nav_approved=True, odom=yes, pos=(2.36,-1.00), passed=148, blocked=1352
[INFO] [1784395379.262071478] [cmd_vel_guard]: [HEARTBEAT #20] cmds=1524, odom=yes, nav_approved=True, pos=(2.36,-1.00)
[WARN] [1784395379.856070081] [cmd_vel_guard]: BLOCKED (spoof fail-stop): localization spoof detected, halting robot
[INFO] [1784395379.925918282] [cmd_vel_guard]: Guard status: cmds=1551, nav_approved=True, odom=yes, pos=(2.36,-1.00), passed=148, blocked=1402
[INFO] [1784395381.172292275] [cmd_vel_guard]: Guard status: cmds=1601, nav_approved=True, odom=yes, pos=(2.36,-1.00), passed=148, blocked=1452
[WARN] [1784395381.866102257] [cmd_vel_guard]: BLOCKED (spoof fail-stop): localization spoof detected, halting robot
[INFO] [1784395382.395723396] [cmd_vel_guard]: Guard status: cmds=1651, nav_approved=True, odom=yes, pos=(2.36,-1.00), passed=148, blocked=1502
[WARN] [1784395383.885385702] [cmd_vel_guard]: BLOCKED (spoof fail-stop): localization spoof detected, halting robot
[INFO] [1784395384.085353908] [cmd_vel_guard]: Guard status: cmds=1701, nav_approved=True, odom=yes, pos=(2.36,-1.00), passed=148, blocked=1552
[INFO] [1784395384.269958048] [cmd_vel_guard]: [HEARTBEAT #21] cmds=1706, odom=yes, nav_approved=True, pos=(2.36,-1.00)
[INFO] [1784395385.765929558] [cmd_vel_guard]: Guard status: cmds=1751, nav_approved=True, odom=yes, pos=(2.36,-1.00), passed=148, blocked=1602
[WARN] [1784395385.885497628] [cmd_vel_guard]: BLOCKED (spoof fail-stop): localization spoof detected, halting robot
[INFO] [1784395387.395768856] [cmd_vel_guard]: Guard status: cmds=1801, nav_approved=True, odom=yes, pos=(2.36,-1.00), passed=148, blocked=1652
[WARN] [1784395387.905876634] [cmd_vel_guard]: BLOCKED (spoof fail-stop): localization spoof detected, halting robot
[INFO] [1784395389.085499761] [cmd_vel_guard]: Guard status: cmds=1851, nav_approved=True, odom=yes, pos=(2.36,-1.00), passed=148, blocked=1702
[INFO] [1784395389.279216145] [cmd_vel_guard]: [HEARTBEAT #22] cmds=1856, odom=yes, nav_approved=True, pos=(2.36,-1.00)
[WARN] [1784395389.905918357] [cmd_vel_guard]: BLOCKED (spoof fail-stop): localization spoof detected, halting robot
[INFO] [1784395390.745746495] [cmd_vel_guard]: Guard status: cmds=1901, nav_approved=True, odom=yes, pos=(2.36,-1.00), passed=148, blocked=1752
[WARN] [1784395391.915924301] [cmd_vel_guard]: BLOCKED (spoof fail-stop): localization spoof detected, halting robot
[INFO] [1784395392.405848461] [cmd_vel_guard]: Guard status: cmds=1951, nav_approved=True, odom=yes, pos=(2.36,-1.00), passed=148, blocked=1802
[WARN] [1784395393.945802851] [cmd_vel_guard]: BLOCKED (spoof fail-stop): localization spoof detected, halting robot
[INFO] [1784395394.286802718] [cmd_vel_guard]: [HEARTBEAT #23] cmds=1990, odom=yes, nav_approved=True, pos=(2.36,-1.00)
[INFO] [1784395394.845817262] [cmd_vel_guard]: Guard status: cmds=2001, nav_approved=True, odom=yes, pos=(2.36,-1.00), passed=148, blocked=1852
[WARN] [1784395395.945938492] [cmd_vel_guard]: BLOCKED (spoof fail-stop): localization spoof detected, halting robot
[INFO] [1784395397.355935346] [cmd_vel_guard]: Guard status: cmds=2051, nav_approved=True, odom=yes, pos=(2.36,-1.00), passed=148, blocked=1902
[WARN] [1784395397.948344327] [cmd_vel_guard]: BLOCKED (spoof fail-stop): localization spoof detected, halting robot
[INFO] [1784395398.748293994] [cmd_vel_guard]: Guard status: cmds=2101, nav_approved=True, odom=yes, pos=(2.36,-1.00), passed=148, blocked=1952
[INFO] [1784395399.295899044] [cmd_vel_guard]: [HEARTBEAT #24] cmds=2122, odom=yes, nav_approved=True, pos=(2.36,-1.00)
[WARN] [1784395399.956032861] [cmd_vel_guard]: BLOCKED (spoof fail-stop): localization spoof detected, halting robot
[INFO] [1784395399.985780921] [cmd_vel_guard]: Guard status: cmds=2151, nav_approved=True, odom=yes, pos=(2.36,-1.00), passed=148, blocked=2002
[INFO] [1784395401.248452263] [cmd_vel_guard]: Guard status: cmds=2201, nav_approved=True, odom=yes, pos=(2.36,-1.00), passed=148, blocked=2052
[WARN] [1784395401.996134993] [cmd_vel_guard]: BLOCKED (spoof fail-stop): localization spoof detected, halting robot
[INFO] [1784395402.495835632] [cmd_vel_guard]: Guard status: cmds=2251, nav_approved=True, odom=yes, pos=(2.36,-1.00), passed=148, blocked=2102
[INFO] [1784395403.748230141] [cmd_vel_guard]: Guard status: cmds=2301, nav_approved=True, odom=yes, pos=(2.36,-1.00), passed=148, blocked=2152
[WARN] [1784395403.998496618] [cmd_vel_guard]: BLOCKED (spoof fail-stop): localization spoof detected, halting robot
[INFO] [1784395404.303423156] [cmd_vel_guard]: [HEARTBEAT #25] cmds=2324, odom=yes, nav_approved=True, pos=(2.36,-1.00)
[INFO] [1784395404.995890436] [cmd_vel_guard]: Guard status: cmds=2351, nav_approved=True, odom=yes, pos=(2.36,-1.00), passed=148, blocked=2202
[WARN] [1784395406.048468045] [cmd_vel_guard]: BLOCKED (spoof fail-stop): localization spoof detected, halting robot
[INFO] [1784395406.248325753] [cmd_vel_guard]: Guard status: cmds=2401, nav_approved=True, odom=yes, pos=(2.36,-1.00), passed=148, blocked=2252
[INFO] [1784395407.498218447] [cmd_vel_guard]: Guard status: cmds=2451, nav_approved=True, odom=yes, pos=(2.36,-1.00), passed=148, blocked=2302
[WARN] [1784395408.066017700] [cmd_vel_guard]: BLOCKED (spoof fail-stop): localization spoof detected, halting robot
[INFO] [1784395408.822276535] [cmd_vel_guard]: Guard status: cmds=2501, nav_approved=True, odom=yes, pos=(2.36,-1.00), passed=148, blocked=2352
[INFO] [1784395409.311731739] [cmd_vel_guard]: [HEARTBEAT #26] cmds=2520, odom=yes, nav_approved=True, pos=(2.36,-1.00)
[WARN] [1784395410.066025464] [cmd_vel_guard]: BLOCKED (spoof fail-stop): localization spoof detected, halting robot
[INFO] [1784395410.071829121] [cmd_vel_guard]: Guard status: cmds=2551, nav_approved=True, odom=yes, pos=(2.36,-1.00), passed=148, blocked=2402
[INFO] [1784395411.321941627] [cmd_vel_guard]: Guard status: cmds=2601, nav_approved=True, odom=yes, pos=(2.36,-1.00), passed=148, blocked=2452
[WARN] [1784395412.072111187] [cmd_vel_guard]: BLOCKED (spoof fail-stop): localization spoof detected, halting robot
[INFO] [1784395412.575983674] [cmd_vel_guard]: Guard status: cmds=2651, nav_approved=True, odom=yes, pos=(2.36,-1.00), passed=148, blocked=2502
[INFO] [1784395413.821839724] [cmd_vel_guard]: Guard status: cmds=2701, nav_approved=True, odom=yes, pos=(2.36,-1.00), passed=148, blocked=2552
[WARN] [1784395414.073027474] [cmd_vel_guard]: BLOCKED (spoof fail-stop): localization spoof detected, halting robot
[INFO] [1784395414.320745204] [cmd_vel_guard]: [HEARTBEAT #27] cmds=2720, odom=yes, nav_approved=True, pos=(2.36,-1.00)
[INFO] [1784395415.071953222] [cmd_vel_guard]: Guard status: cmds=2751, nav_approved=True, odom=yes, pos=(2.36,-1.00), passed=148, blocked=2602
[WARN] [1784395416.116078915] [cmd_vel_guard]: BLOCKED (spoof fail-stop): localization spoof detected, halting robot
[INFO] [1784395416.321767223] [cmd_vel_guard]: Guard status: cmds=2801, nav_approved=True, odom=yes, pos=(2.36,-1.00), passed=148, blocked=2652
[INFO] [1784395417.571859805] [cmd_vel_guard]: Guard status: cmds=2851, nav_approved=True, odom=yes, pos=(2.36,-1.00), passed=148, blocked=2702
[WARN] [1784395418.156035918] [cmd_vel_guard]: BLOCKED (spoof fail-stop): localization spoof detected, halting robot
[INFO] [1784395419.085279749] [cmd_vel_guard]: Guard status: cmds=2901, nav_approved=True, odom=yes, pos=(2.36,-1.00), passed=148, blocked=2752
[INFO] [1784395419.328302281] [cmd_vel_guard]: [HEARTBEAT #28] cmds=2908, odom=yes, nav_approved=True, pos=(2.36,-1.00)
[WARN] [1784395420.185322771] [cmd_vel_guard]: BLOCKED (spoof fail-stop): localization spoof detected, halting robot
[INFO] [1784395420.755824695] [cmd_vel_guard]: Guard status: cmds=2951, nav_approved=True, odom=yes, pos=(2.36,-1.00), passed=148, blocked=2802
[WARN] [1784395422.185358631] [cmd_vel_guard]: BLOCKED (spoof fail-stop): localization spoof detected, halting robot
[INFO] [1784395422.395884092] [cmd_vel_guard]: Guard status: cmds=3001, nav_approved=True, odom=yes, pos=(2.36,-1.00), passed=148, blocked=2852
[INFO] [1784395424.085126735] [cmd_vel_guard]: Guard status: cmds=3051, nav_approved=True, odom=yes, pos=(2.36,-1.00), passed=148, blocked=2902
[WARN] [1784395424.195844558] [cmd_vel_guard]: BLOCKED (spoof fail-stop): localization spoof detected, halting robot
[INFO] [1784395424.335978670] [cmd_vel_guard]: [HEARTBEAT #29] cmds=3058, odom=yes, nav_approved=True, pos=(2.36,-1.00)
[INFO] [1784395425.735735305] [cmd_vel_guard]: Guard status: cmds=3101, nav_approved=True, odom=yes, pos=(2.36,-1.00), passed=148, blocked=2952
[WARN] [1784395426.235866626] [cmd_vel_guard]: BLOCKED (spoof fail-stop): localization spoof detected, halting robot
[INFO] [1784395427.406119936] [cmd_vel_guard]: Guard status: cmds=3151, nav_approved=True, odom=yes, pos=(2.36,-1.00), passed=148, blocked=3002
[WARN] [1784395428.295940221] [cmd_vel_guard]: BLOCKED (spoof fail-stop): localization spoof detected, halting robot
[INFO] [1784395429.298594566] [cmd_vel_guard]: Guard status: cmds=3201, nav_approved=True, odom=yes, pos=(2.36,-1.00), passed=148, blocked=3052
[INFO] [1784395429.344765663] [cmd_vel_guard]: [HEARTBEAT #30] cmds=3202, odom=yes, nav_approved=True, pos=(2.36,-1.00)
[WARN] [1784395430.298662649] [cmd_vel_guard]: BLOCKED (spoof fail-stop): localization spoof detected, halting robot
[INFO] [1784395430.546064661] [cmd_vel_guard]: Guard status: cmds=3251, nav_approved=True, odom=yes, pos=(2.36,-1.00), passed=148, blocked=3102
[INFO] [1784395431.798359043] [cmd_vel_guard]: Guard status: cmds=3301, nav_approved=True, odom=yes, pos=(2.36,-1.00), passed=148, blocked=3152
[WARN] [1784395432.305928474] [cmd_vel_guard]: BLOCKED (spoof fail-stop): localization spoof detected, halting robot
[INFO] [1784395433.045869589] [cmd_vel_guard]: Guard status: cmds=3351, nav_approved=True, odom=yes, pos=(2.36,-1.00), passed=148, blocked=3202
[INFO] [1784395434.298641004] [cmd_vel_guard]: Guard status: cmds=3401, nav_approved=True, odom=yes, pos=(2.36,-1.00), passed=148, blocked=3252
[WARN] [1784395434.345884720] [cmd_vel_guard]: BLOCKED (spoof fail-stop): localization spoof detected, halting robot
[INFO] [1784395434.352872477] [cmd_vel_guard]: [HEARTBEAT #31] cmds=3404, odom=yes, nav_approved=True, pos=(2.36,-1.00)
[INFO] [1784395435.548429536] [cmd_vel_guard]: Guard status: cmds=3451, nav_approved=True, odom=yes, pos=(2.36,-1.00), passed=148, blocked=3302
[WARN] [1784395436.348631674] [cmd_vel_guard]: BLOCKED (spoof fail-stop): localization spoof detected, halting robot
[INFO] [1784395436.798378889] [cmd_vel_guard]: Guard status: cmds=3501, nav_approved=True, odom=yes, pos=(2.36,-1.00), passed=148, blocked=3352
[INFO] [1784395438.048361091] [cmd_vel_guard]: Guard status: cmds=3551, nav_approved=True, odom=yes, pos=(2.36,-1.00), passed=148, blocked=3402
[WARN] [1784395438.355867373] [cmd_vel_guard]: BLOCKED (spoof fail-stop): localization spoof detected, halting robot
[INFO] [1784395439.355780500] [cmd_vel_guard]: Guard status: cmds=3601, nav_approved=True, odom=yes, pos=(2.36,-1.00), passed=148, blocked=3452
[INFO] [1784395439.361282446] [cmd_vel_guard]: [HEARTBEAT #32] cmds=3601, odom=yes, nav_approved=True, pos=(2.36,-1.00)
[WARN] [1784395440.355906910] [cmd_vel_guard]: BLOCKED (spoof fail-stop): localization spoof detected, halting robot
[INFO] [1784395440.626097259] [cmd_vel_guard]: Guard status: cmds=3651, nav_approved=True, odom=yes, pos=(2.36,-1.00), passed=148, blocked=3502
[INFO] [1784395441.872242412] [cmd_vel_guard]: Guard status: cmds=3701, nav_approved=True, odom=yes, pos=(2.36,-1.00), passed=148, blocked=3552
[WARN] [1784395442.366220292] [cmd_vel_guard]: BLOCKED (spoof fail-stop): localization spoof detected, halting robot
[INFO] [1784395443.122439287] [cmd_vel_guard]: Guard status: cmds=3751, nav_approved=True, odom=yes, pos=(2.36,-1.00), passed=148, blocked=3602
[INFO] [1784395444.369468450] [cmd_vel_guard]: [HEARTBEAT #33] cmds=3800, odom=yes, nav_approved=True, pos=(2.36,-1.00)
[INFO] [1784395444.372060915] [cmd_vel_guard]: Guard status: cmds=3801, nav_approved=True, odom=yes, pos=(2.36,-1.00), passed=148, blocked=3652
[WARN] [1784395444.372261312] [cmd_vel_guard]: BLOCKED (spoof fail-stop): localization spoof detected, halting robot
[INFO] [1784395445.621894800] [cmd_vel_guard]: Guard status: cmds=3851, nav_approved=True, odom=yes, pos=(2.36,-1.00), passed=148, blocked=3702
[WARN] [1784395446.405982692] [cmd_vel_guard]: BLOCKED (spoof fail-stop): localization spoof detected, halting robot
[INFO] [1784395446.872035592] [cmd_vel_guard]: Guard status: cmds=3901, nav_approved=True, odom=yes, pos=(2.36,-1.00), passed=148, blocked=3752
[INFO] [1784395448.122013183] [cmd_vel_guard]: Guard status: cmds=3951, nav_approved=True, odom=yes, pos=(2.36,-1.00), passed=148, blocked=3802
[WARN] [1784395448.421534346] [cmd_vel_guard]: BLOCKED (spoof fail-stop): localization spoof detected, halting robot
[INFO] [1784395449.368895951] [cmd_vel_guard]: Guard status: cmds=4001, nav_approved=True, odom=yes, pos=(2.36,-1.00), passed=148, blocked=3852
[INFO] [1784395449.377451540] [cmd_vel_guard]: [HEARTBEAT #34] cmds=4001, odom=yes, nav_approved=True, pos=(2.36,-1.00)
[WARN] [1784395450.435950779] [cmd_vel_guard]: BLOCKED (spoof fail-stop): localization spoof detected, halting robot
[INFO] [1784395451.005986584] [cmd_vel_guard]: Guard status: cmds=4051, nav_approved=True, odom=yes, pos=(2.36,-1.00), passed=148, blocked=3902
[WARN] [1784395452.445805273] [cmd_vel_guard]: BLOCKED (spoof fail-stop): localization spoof detected, halting robot
[INFO] [1784395452.685159389] [cmd_vel_guard]: Guard status: cmds=4101, nav_approved=True, odom=yes, pos=(2.36,-1.00), passed=148, blocked=3952
[INFO] [1784395454.345763508] [cmd_vel_guard]: Guard status: cmds=4151, nav_approved=True, odom=yes, pos=(2.36,-1.00), passed=148, blocked=4002
[INFO] [1784395454.385800800] [cmd_vel_guard]: [HEARTBEAT #35] cmds=4151, odom=yes, nav_approved=True, pos=(2.36,-1.00)
[WARN] [1784395454.445811272] [cmd_vel_guard]: BLOCKED (spoof fail-stop): localization spoof detected, halting robot
[INFO] [1784395455.985727671] [cmd_vel_guard]: Guard status: cmds=4201, nav_approved=True, odom=yes, pos=(2.36,-1.00), passed=148, blocked=4052
[WARN] [1784395456.446005634] [cmd_vel_guard]: BLOCKED (spoof fail-stop): localization spoof detected, halting robot
[INFO] [1784395457.685325601] [cmd_vel_guard]: Guard status: cmds=4251, nav_approved=True, odom=yes, pos=(2.36,-1.00), passed=148, blocked=4102
[WARN] [1784395458.455960172] [cmd_vel_guard]: BLOCKED (spoof fail-stop): localization spoof detected, halting robot
[INFO] [1784395459.345799120] [cmd_vel_guard]: Guard status: cmds=4301, nav_approved=True, odom=yes, pos=(2.36,-1.00), passed=148, blocked=4152
[INFO] [1784395459.393767021] [cmd_vel_guard]: [HEARTBEAT #36] cmds=4303, odom=yes, nav_approved=True, pos=(2.36,-1.00)
[WARN] [1784395460.486188124] [cmd_vel_guard]: BLOCKED (spoof fail-stop): localization spoof detected, halting robot
[INFO] [1784395461.755923455] [cmd_vel_guard]: Guard status: cmds=4351, nav_approved=True, odom=yes, pos=(2.36,-1.00), passed=148, blocked=4202
[WARN] [1784395462.495866399] [cmd_vel_guard]: BLOCKED (spoof fail-stop): localization spoof detected, halting robot
[INFO] [1784395464.265974362] [cmd_vel_guard]: Guard status: cmds=4401, nav_approved=True, odom=yes, pos=(2.36,-1.00), passed=148, blocked=4252
[INFO] [1784395464.402180478] [cmd_vel_guard]: [HEARTBEAT #37] cmds=4404, odom=yes, nav_approved=True, pos=(2.36,-1.00)
[WARN] [1784395464.495959755] [cmd_vel_guard]: BLOCKED (spoof fail-stop): localization spoof detected, halting robot
[INFO] [1784395465.695895567] [cmd_vel_guard]: Guard status: cmds=4451, nav_approved=True, odom=yes, pos=(2.36,-1.00), passed=148, blocked=4302
[WARN] [1784395466.498448372] [cmd_vel_guard]: BLOCKED (spoof fail-stop): localization spoof detected, halting robot
[INFO] [1784395466.948347085] [cmd_vel_guard]: Guard status: cmds=4501, nav_approved=True, odom=yes, pos=(2.36,-1.00), passed=148, blocked=4352
[INFO] [1784395468.198357791] [cmd_vel_guard]: Guard status: cmds=4551, nav_approved=True, odom=yes, pos=(2.36,-1.00), passed=148, blocked=4402
[WARN] [1784395468.498453289] [cmd_vel_guard]: BLOCKED (spoof fail-stop): localization spoof detected, halting robot
[INFO] [1784395469.411036155] [cmd_vel_guard]: [HEARTBEAT #38] cmds=4600, odom=yes, nav_approved=True, pos=(2.36,-1.00)
[INFO] [1784395469.448725018] [cmd_vel_guard]: Guard status: cmds=4601, nav_approved=True, odom=yes, pos=(2.36,-1.00), passed=148, blocked=4452
[WARN] [1784395470.498614210] [cmd_vel_guard]: BLOCKED (spoof fail-stop): localization spoof detected, halting robot
[INFO] [1784395470.698838184] [cmd_vel_guard]: Guard status: cmds=4651, nav_approved=True, odom=yes, pos=(2.36,-1.00), passed=148, blocked=4502
[INFO] [1784395471.935819079] [cmd_vel_guard]: Guard status: cmds=4701, nav_approved=True, odom=yes, pos=(2.36,-1.00), passed=148, blocked=4552
[WARN] [1784395472.498739603] [cmd_vel_guard]: BLOCKED (spoof fail-stop): localization spoof detected, halting robot
[INFO] [1784395473.198572985] [cmd_vel_guard]: Guard status: cmds=4751, nav_approved=True, odom=yes, pos=(2.36,-1.00), passed=148, blocked=4602
[INFO] [1784395474.419190649] [cmd_vel_guard]: [HEARTBEAT #39] cmds=4800, odom=yes, nav_approved=True, pos=(2.36,-1.00)
[INFO] [1784395474.445856805] [cmd_vel_guard]: Guard status: cmds=4801, nav_approved=True, odom=yes, pos=(2.36,-1.00), passed=148, blocked=4652
[WARN] [1784395474.516038709] [cmd_vel_guard]: BLOCKED (spoof fail-stop): localization spoof detected, halting robot
[INFO] [1784395475.771966511] [cmd_vel_guard]: Guard status: cmds=4851, nav_approved=True, odom=yes, pos=(2.36,-1.00), passed=148, blocked=4702
[WARN] [1784395476.516104279] [cmd_vel_guard]: BLOCKED (spoof fail-stop): localization spoof detected, halting robot
[INFO] [1784395477.023137902] [cmd_vel_guard]: Guard status: cmds=4901, nav_approved=True, odom=yes, pos=(2.36,-1.00), passed=148, blocked=4752
[INFO] [1784395478.271584786] [cmd_vel_guard]: Guard status: cmds=4951, nav_approved=True, odom=yes, pos=(2.36,-1.00), passed=148, blocked=4802
[WARN] [1784395478.521515378] [cmd_vel_guard]: BLOCKED (spoof fail-stop): localization spoof detected, halting robot
[INFO] [1784395479.427952867] [cmd_vel_guard]: [HEARTBEAT #40] cmds=4997, odom=yes, nav_approved=True, pos=(2.36,-1.00)
[INFO] [1784395479.521702166] [cmd_vel_guard]: Guard status: cmds=5001, nav_approved=True, odom=yes, pos=(2.36,-1.00), passed=148, blocked=4852
[WARN] [1784395480.521600534] [cmd_vel_guard]: BLOCKED (spoof fail-stop): localization spoof detected, halting robot
[INFO] [1784395480.771680223] [cmd_vel_guard]: Guard status: cmds=5051, nav_approved=True, odom=yes, pos=(2.36,-1.00), passed=148, blocked=4902
[INFO] [1784395482.021678927] [cmd_vel_guard]: Guard status: cmds=5101, nav_approved=True, odom=yes, pos=(2.36,-1.00), passed=148, blocked=4952
[WARN] [1784395482.521913990] [cmd_vel_guard]: BLOCKED (spoof fail-stop): localization spoof detected, halting robot
[INFO] [1784395483.271628866] [cmd_vel_guard]: Guard status: cmds=5151, nav_approved=True, odom=yes, pos=(2.36,-1.00), passed=148, blocked=5002
[INFO] [1784395484.435412043] [cmd_vel_guard]: [HEARTBEAT #41] cmds=5197, odom=yes, nav_approved=True, pos=(2.36,-1.00)
[INFO] [1784395484.521712096] [cmd_vel_guard]: Guard status: cmds=5201, nav_approved=True, odom=yes, pos=(2.36,-1.00), passed=148, blocked=5052
[WARN] [1784395484.521946397] [cmd_vel_guard]: BLOCKED (spoof fail-stop): localization spoof detected, halting robot
[INFO] [1784395485.995894511] [cmd_vel_guard]: Guard status: cmds=5251, nav_approved=True, odom=yes, pos=(2.36,-1.00), passed=148, blocked=5102
[WARN] [1784395486.535820819] [cmd_vel_guard]: BLOCKED (spoof fail-stop): localization spoof detected, halting robot
[INFO] [1784395487.685138989] [cmd_vel_guard]: Guard status: cmds=5301, nav_approved=True, odom=yes, pos=(2.36,-1.00), passed=148, blocked=5152
[WARN] [1784395488.585477247] [cmd_vel_guard]: BLOCKED (spoof fail-stop): localization spoof detected, halting robot
[INFO] [1784395489.335827366] [cmd_vel_guard]: Guard status: cmds=5351, nav_approved=True, odom=yes, pos=(2.36,-1.00), passed=148, blocked=5202
[INFO] [1784395489.444195096] [cmd_vel_guard]: [HEARTBEAT #42] cmds=5353, odom=yes, nav_approved=True, pos=(2.36,-1.00)
[WARN] [1784395490.605891599] [cmd_vel_guard]: BLOCKED (spoof fail-stop): localization spoof detected, halting robot
[INFO] [1784395491.006094896] [cmd_vel_guard]: Guard status: cmds=5401, nav_approved=True, odom=yes, pos=(2.36,-1.00), passed=148, blocked=5252
[WARN] [1784395492.605973569] [cmd_vel_guard]: BLOCKED (spoof fail-stop): localization spoof detected, halting robot
[INFO] [1784395492.685353271] [cmd_vel_guard]: Guard status: cmds=5451, nav_approved=True, odom=yes, pos=(2.36,-1.00), passed=148, blocked=5302
[INFO] [1784395494.345710180] [cmd_vel_guard]: Guard status: cmds=5501, nav_approved=True, odom=yes, pos=(2.36,-1.00), passed=148, blocked=5352
[INFO] [1784395494.451804734] [cmd_vel_guard]: [HEARTBEAT #43] cmds=5504, odom=yes, nav_approved=True, pos=(2.36,-1.00)
[WARN] [1784395494.606074837] [cmd_vel_guard]: BLOCKED (spoof fail-stop): localization spoof detected, halting robot
[INFO] [1784395496.248703759] [cmd_vel_guard]: Guard status: cmds=5551, nav_approved=True, odom=yes, pos=(2.36,-1.00), passed=148, blocked=5402
[WARN] [1784395496.616077557] [cmd_vel_guard]: BLOCKED (spoof fail-stop): localization spoof detected, halting robot
[INFO] [1784395497.498354224] [cmd_vel_guard]: Guard status: cmds=5601, nav_approved=True, odom=yes, pos=(2.36,-1.00), passed=148, blocked=5452
[WARN] [1784395498.648334609] [cmd_vel_guard]: BLOCKED (spoof fail-stop): localization spoof detected, halting robot
[INFO] [1784395498.748358424] [cmd_vel_guard]: Guard status: cmds=5651, nav_approved=True, odom=yes, pos=(2.36,-1.00), passed=148, blocked=5502
[INFO] [1784395499.459869997] [cmd_vel_guard]: [HEARTBEAT #44] cmds=5680, odom=yes, nav_approved=True, pos=(2.36,-1.00)
[INFO] [1784395499.999273409] [cmd_vel_guard]: Guard status: cmds=5701, nav_approved=True, odom=yes, pos=(2.36,-1.00), passed=148, blocked=5552
[WARN] [1784395500.648354876] [cmd_vel_guard]: BLOCKED (spoof fail-stop): localization spoof detected, halting robot
[INFO] [1784395501.248759850] [cmd_vel_guard]: Guard status: cmds=5751, nav_approved=True, odom=yes, pos=(2.36,-1.00), passed=148, blocked=5602
[INFO] [1784395502.498399059] [cmd_vel_guard]: Guard status: cmds=5801, nav_approved=True, odom=yes, pos=(2.36,-1.00), passed=148, blocked=5652
[WARN] [1784395502.649126260] [cmd_vel_guard]: BLOCKED (spoof fail-stop): localization spoof detected, halting robot
[INFO] [1784395503.748523090] [cmd_vel_guard]: Guard status: cmds=5851, nav_approved=True, odom=yes, pos=(2.36,-1.00), passed=148, blocked=5702
[INFO] [1784395504.467383450] [cmd_vel_guard]: [HEARTBEAT #45] cmds=5880, odom=yes, nav_approved=True, pos=(2.36,-1.00)
[WARN] [1784395504.665955833] [cmd_vel_guard]: BLOCKED (spoof fail-stop): localization spoof detected, halting robot
[INFO] [1784395504.995830294] [cmd_vel_guard]: Guard status: cmds=5901, nav_approved=True, odom=yes, pos=(2.36,-1.00), passed=148, blocked=5752
[INFO] [1784395506.318349248] [cmd_vel_guard]: Guard status: cmds=5951, nav_approved=True, odom=yes, pos=(2.36,-1.00), passed=148, blocked=5802
[WARN] [1784395506.695979450] [cmd_vel_guard]: BLOCKED (spoof fail-stop): localization spoof detected, halting robot
[INFO] [1784395507.571610765] [cmd_vel_guard]: Guard status: cmds=6001, nav_approved=True, odom=yes, pos=(2.36,-1.00), passed=148, blocked=5852
[WARN] [1784395508.706163256] [cmd_vel_guard]: BLOCKED (spoof fail-stop): localization spoof detected, halting robot
[INFO] [1784395508.821732346] [cmd_vel_guard]: Guard status: cmds=6051, nav_approved=True, odom=yes, pos=(2.36,-1.00), passed=148, blocked=5902
[INFO] [1784395509.475738318] [cmd_vel_guard]: [HEARTBEAT #46] cmds=6077, odom=yes, nav_approved=True, pos=(2.36,-1.00)
[INFO] [1784395510.071778624] [cmd_vel_guard]: Guard status: cmds=6101, nav_approved=True, odom=yes, pos=(2.36,-1.00), passed=148, blocked=5952
[WARN] [1784395510.721437402] [cmd_vel_guard]: BLOCKED (spoof fail-stop): localization spoof detected, halting robot
[INFO] [1784395511.321556725] [cmd_vel_guard]: Guard status: cmds=6151, nav_approved=True, odom=yes, pos=(2.36,-1.00), passed=148, blocked=6002
[INFO] [1784395511.645211414] [cmd_vel_guard]: Navigation completed
[WARN] [1784395512.725846454] [cmd_vel_guard]: BLOCKED (spoof fail-stop): localization spoof detected, halting robot
[INFO] [1784395513.475563621] [cmd_vel_guard]: Guard status: cmds=6201, nav_approved=False, odom=yes, pos=(2.36,-1.00), passed=148, blocked=6052
[INFO] [1784395514.484573895] [cmd_vel_guard]: [HEARTBEAT #47] cmds=6210, odom=yes, nav_approved=False, pos=(2.36,-1.00)
