[INFO] [1784118881.982986386] [cmd_vel_guard]: Zones loaded: 2
[INFO] [1784118881.983206052] [cmd_vel_guard]: CBF margin: 0.1m (real-time control)
[INFO] [1784118881.983347640] [cmd_vel_guard]: SSM base margin: 0.05m (velocity-dependent)
[INFO] [1784118881.993619484] [cmd_vel_guard]: Spoof detection ON [memoryless]: amcl=/amcl_pose, offset_thresh=0.6m, jump_thresh=0.45m, enforce_pose=amcl
[INFO] [1784118881.994742182] [cmd_vel_guard]: DEBUG subscriptions:
[INFO] [1784118881.995106753] [cmd_vel_guard]:   cmd_sub topic: /cmd_vel_nav
[INFO] [1784118881.995421128] [cmd_vel_guard]:   odom_sub topic: /odom
[INFO] [1784118881.995760992] [cmd_vel_guard]:   nav_state_sub topic: /geofence/nav_state
[INFO] [1784118881.998067212] [cmd_vel_guard]: ============================================================
[INFO] [1784118881.998366039] [cmd_vel_guard]: Cmd Vel Guard node initialized
[INFO] [1784118881.998625490] [cmd_vel_guard]: Safety method: geofence
[INFO] [1784118881.998977467] [cmd_vel_guard]: Input: /cmd_vel_nav -> Output: /cmd_vel
[INFO] [1784118881.999118845] [cmd_vel_guard]:   Mode: Forward Simulation
[INFO] [1784118881.999225938] [cmd_vel_guard]:   Horizon: 1.0s, Steps: 10
[INFO] [1784118881.999348200] [cmd_vel_guard]:   Margin: 0.562m
[INFO] [1784118881.999613893] [cmd_vel_guard]: ============================================================
[INFO] [1784118882.905106295] [cmd_vel_guard]: [HEARTBEAT #1] cmds=0, odom=no, nav_approved=False, pos=(0.00,0.00)
[INFO] [1784118884.707387469] [cmd_vel_guard]: [HEARTBEAT #2] cmds=0, odom=yes, nav_approved=False, pos=(-0.00,0.00)
[INFO] [1784118892.264731289] [cmd_vel_guard]: [HEARTBEAT #3] cmds=0, odom=yes, nav_approved=False, pos=(-0.00,0.00)
[INFO] [1784118894.823906303] [cmd_vel_guard]: [HEARTBEAT #4] cmds=0, odom=yes, nav_approved=False, pos=(-0.00,0.00)
[INFO] [1784118900.111161917] [cmd_vel_guard]: [HEARTBEAT #5] cmds=0, odom=yes, nav_approved=False, pos=(-0.00,0.00)
[INFO] [1784118905.311287388] [cmd_vel_guard]: [HEARTBEAT #6] cmds=0, odom=yes, nav_approved=False, pos=(-0.00,0.00)
[INFO] [1784118911.461317198] [cmd_vel_guard]: [HEARTBEAT #7] cmds=0, odom=yes, nav_approved=False, pos=(-0.00,0.00)
[INFO] [1784118917.675672788] [cmd_vel_guard]: [HEARTBEAT #8] cmds=0, odom=yes, nav_approved=False, pos=(-0.00,0.00)
[INFO] [1784118922.145532396] [cmd_vel_guard]: [HEARTBEAT #9] cmds=0, odom=yes, nav_approved=False, pos=(-0.00,0.00)
[INFO] [1784118927.917227181] [cmd_vel_guard]: [HEARTBEAT #10] cmds=0, odom=yes, nav_approved=False, pos=(-0.00,0.00)
[INFO] [1784118933.636728551] [cmd_vel_guard]: [HEARTBEAT #11] cmds=0, odom=yes, nav_approved=False, pos=(-0.00,0.00)
[INFO] [1784118938.319133201] [cmd_vel_guard]: [HEARTBEAT #12] cmds=0, odom=yes, nav_approved=False, pos=(-0.00,0.00)
[INFO] [1784118943.762733384] [cmd_vel_guard]: [HEARTBEAT #13] cmds=0, odom=yes, nav_approved=False, pos=(-0.00,0.00)
[INFO] [1784118950.244657364] [cmd_vel_guard]: [HEARTBEAT #14] cmds=0, odom=yes, nav_approved=False, pos=(-0.00,0.00)
[INFO] [1784118954.796338799] [cmd_vel_guard]: [HEARTBEAT #15] cmds=0, odom=yes, nav_approved=False, pos=(-0.00,0.00)
[INFO] [1784118956.781046781] [cmd_vel_guard]: Navigation authorized
[INFO] [1784118956.805759847] [cmd_vel_guard]: Guard status: cmds=1, nav_approved=True, odom=yes, pos=(-0.00,0.00), passed=0, blocked=0
[INFO] [1784118958.123129165] [cmd_vel_guard]: Guard status: cmds=51, nav_approved=True, odom=yes, pos=(0.22,-0.06), passed=50, blocked=0
[INFO] [1784118959.412914348] [cmd_vel_guard]: Guard status: cmds=101, nav_approved=True, odom=yes, pos=(0.47,-0.16), passed=100, blocked=0
[INFO] [1784118959.910508368] [cmd_vel_guard]: [HEARTBEAT #16] cmds=118, odom=yes, nav_approved=True, pos=(0.56,-0.16)
[INFO] [1784118960.038436456] [cmd_vel_guard]: [spoofmon] d_abs=0.077 jump=0.026 max_jump=0.051 c=(0.09,0.02)
[INFO] [1784118960.755440628] [cmd_vel_guard]: Guard status: cmds=151, nav_approved=True, odom=yes, pos=(0.73,-0.16), passed=150, blocked=0
[INFO] [1784118962.055389212] [cmd_vel_guard]: Guard status: cmds=201, nav_approved=True, odom=yes, pos=(1.02,-0.16), passed=200, blocked=0
[INFO] [1784118963.305168588] [cmd_vel_guard]: Guard status: cmds=251, nav_approved=True, odom=yes, pos=(1.28,-0.16), passed=250, blocked=0
[INFO] [1784118964.562989507] [cmd_vel_guard]: Guard status: cmds=301, nav_approved=True, odom=yes, pos=(1.54,-0.15), passed=300, blocked=0
[INFO] [1784118964.952855782] [cmd_vel_guard]: [HEARTBEAT #17] cmds=315, odom=yes, nav_approved=True, pos=(1.63,-0.15)
[INFO] [1784118965.075713331] [cmd_vel_guard]: [spoofmon] d_abs=0.219 jump=0.017 max_jump=0.051 c=(0.23,0.05)
[INFO] [1784118965.833202710] [cmd_vel_guard]: Guard status: cmds=351, nav_approved=True, odom=yes, pos=(1.81,-0.15), passed=350, blocked=0
[INFO] [1784118967.073431064] [cmd_vel_guard]: Guard status: cmds=401, nav_approved=True, odom=yes, pos=(2.07,-0.15), passed=400, blocked=0
[INFO] [1784118968.305526159] [cmd_vel_guard]: Guard status: cmds=451, nav_approved=True, odom=yes, pos=(2.34,-0.16), passed=450, blocked=0
[INFO] [1784118969.573073051] [cmd_vel_guard]: Guard status: cmds=501, nav_approved=True, odom=yes, pos=(2.60,-0.17), passed=500, blocked=0
[INFO] [1784118969.961458498] [cmd_vel_guard]: [HEARTBEAT #18] cmds=516, odom=yes, nav_approved=True, pos=(2.68,-0.18)
[INFO] [1784118970.085538419] [cmd_vel_guard]: [spoofmon] d_abs=0.191 jump=0.012 max_jump=0.051 c=(0.19,0.11)
[INFO] [1784118970.805186272] [cmd_vel_guard]: Guard status: cmds=551, nav_approved=True, odom=yes, pos=(2.86,-0.19), passed=550, blocked=0
[INFO] [1784118972.073058500] [cmd_vel_guard]: Guard status: cmds=601, nav_approved=True, odom=yes, pos=(3.13,-0.21), passed=600, blocked=0
[INFO] [1784118973.312958400] [cmd_vel_guard]: Guard status: cmds=651, nav_approved=True, odom=yes, pos=(3.38,-0.21), passed=650, blocked=0
[INFO] [1784118974.555094898] [cmd_vel_guard]: Guard status: cmds=701, nav_approved=True, odom=yes, pos=(3.65,-0.21), passed=700, blocked=0
[INFO] [1784118974.973590779] [cmd_vel_guard]: [HEARTBEAT #19] cmds=717, odom=yes, nav_approved=True, pos=(3.73,-0.21)
[INFO] [1784118975.192158086] [cmd_vel_guard]: [spoofmon] d_abs=0.199 jump=0.009 max_jump=0.051 c=(0.16,0.17)
[INFO] [1784118975.812904544] [cmd_vel_guard]: Guard status: cmds=751, nav_approved=True, odom=yes, pos=(3.91,-0.21), passed=750, blocked=0
[INFO] [1784118976.879412432] [cmd_vel_guard]: Navigation completed
[INFO] [1784118977.212932544] [cmd_vel_guard]: Guard status: cmds=801, nav_approved=False, odom=yes, pos=(4.12,-0.22), passed=800, blocked=0
