[INFO] [1784122505.503760008] [cmd_vel_guard]: Zones loaded: 2
[INFO] [1784122505.504056819] [cmd_vel_guard]: CBF margin: 0.1m (real-time control)
[INFO] [1784122505.504229014] [cmd_vel_guard]: SSM base margin: 0.05m (velocity-dependent)
[INFO] [1784122505.513689081] [cmd_vel_guard]: Spoof detection ON [cusum]: amcl=/amcl_pose, offset_thresh=0.6m, jump_thresh=0.45m, enforce_pose=amcl
[INFO] [1784122505.514875172] [cmd_vel_guard]: DEBUG subscriptions:
[INFO] [1784122505.515258877] [cmd_vel_guard]:   cmd_sub topic: /cmd_vel_nav
[INFO] [1784122505.515623947] [cmd_vel_guard]:   odom_sub topic: /odom
[INFO] [1784122505.515996501] [cmd_vel_guard]:   nav_state_sub topic: /geofence/nav_state
[INFO] [1784122505.519077995] [cmd_vel_guard]: ============================================================
[INFO] [1784122505.519438867] [cmd_vel_guard]: Cmd Vel Guard node initialized
[INFO] [1784122505.519777416] [cmd_vel_guard]: Safety method: geofence
[INFO] [1784122505.520056724] [cmd_vel_guard]: Input: /cmd_vel_nav -> Output: /cmd_vel
[INFO] [1784122505.520171722] [cmd_vel_guard]:   Mode: Forward Simulation
[INFO] [1784122505.520299553] [cmd_vel_guard]:   Horizon: 1.0s, Steps: 10
[INFO] [1784122505.520426964] [cmd_vel_guard]:   Margin: 0.562m
[INFO] [1784122505.520714177] [cmd_vel_guard]: ============================================================
[INFO] [1784122508.075602216] [cmd_vel_guard]: [HEARTBEAT #1] cmds=0, odom=no, nav_approved=False, pos=(0.00,0.00)
[INFO] [1784122511.164671516] [cmd_vel_guard]: [HEARTBEAT #2] cmds=0, odom=yes, nav_approved=False, pos=(-0.00,0.00)
[INFO] [1784122521.571206424] [cmd_vel_guard]: [HEARTBEAT #3] cmds=0, odom=yes, nav_approved=False, pos=(-0.00,0.00)
[INFO] [1784122523.920954747] [cmd_vel_guard]: [HEARTBEAT #4] cmds=0, odom=yes, nav_approved=False, pos=(-0.00,0.00)
[INFO] [1784122526.585917504] [cmd_vel_guard]: [HEARTBEAT #5] cmds=0, odom=yes, nav_approved=False, pos=(-0.00,0.00)
[INFO] [1784122531.182016736] [cmd_vel_guard]: [HEARTBEAT #6] cmds=0, odom=yes, nav_approved=False, pos=(-0.00,0.00)
[INFO] [1784122534.128327234] [cmd_vel_guard]: [HEARTBEAT #7] cmds=0, odom=yes, nav_approved=False, pos=(-0.00,0.00)
[INFO] [1784122540.687721417] [cmd_vel_guard]: [HEARTBEAT #8] cmds=0, odom=yes, nav_approved=False, pos=(-0.00,0.00)
[INFO] [1784122546.440958553] [cmd_vel_guard]: [HEARTBEAT #9] cmds=0, odom=yes, nav_approved=False, pos=(-0.00,0.00)
[INFO] [1784122551.683020320] [cmd_vel_guard]: [HEARTBEAT #10] cmds=0, odom=yes, nav_approved=False, pos=(-0.00,0.00)
[INFO] [1784122554.564059461] [cmd_vel_guard]: [HEARTBEAT #11] cmds=0, odom=yes, nav_approved=False, pos=(-0.00,0.00)
[INFO] [1784122560.552959175] [cmd_vel_guard]: [HEARTBEAT #12] cmds=0, odom=yes, nav_approved=False, pos=(-0.00,0.00)
[INFO] [1784122564.586839465] [cmd_vel_guard]: [HEARTBEAT #13] cmds=0, odom=yes, nav_approved=False, pos=(-0.00,0.00)
[INFO] [1784122565.808361726] [cmd_vel_guard]: Navigation authorized
[INFO] [1784122565.832976431] [cmd_vel_guard]: Guard status: cmds=1, nav_approved=True, odom=yes, pos=(-0.00,0.00), passed=0, blocked=0
[INFO] [1784122567.082816106] [cmd_vel_guard]: Guard status: cmds=51, nav_approved=True, odom=yes, pos=(0.22,-0.08), passed=50, blocked=0
[INFO] [1784122568.332517850] [cmd_vel_guard]: Guard status: cmds=101, nav_approved=True, odom=yes, pos=(0.47,-0.17), passed=100, blocked=0
[INFO] [1784122569.121708433] [cmd_vel_guard]: [HEARTBEAT #14] cmds=131, odom=yes, nav_approved=True, pos=(0.63,-0.19)
[INFO] [1784122569.555569132] [cmd_vel_guard]: [spoofmon] d_abs=0.154 jump=0.072 max_jump=0.083 c=(0.03,0.03)
[INFO] [1784122569.582649877] [cmd_vel_guard]: Guard status: cmds=151, nav_approved=True, odom=yes, pos=(0.73,-0.19), passed=150, blocked=0
[INFO] [1784122570.832718997] [cmd_vel_guard]: Guard status: cmds=201, nav_approved=True, odom=yes, pos=(0.99,-0.19), passed=200, blocked=0
[INFO] [1784122572.082484853] [cmd_vel_guard]: Guard status: cmds=251, nav_approved=True, odom=yes, pos=(1.25,-0.17), passed=250, blocked=0
[INFO] [1784122573.340854590] [cmd_vel_guard]: Guard status: cmds=301, nav_approved=True, odom=yes, pos=(1.52,-0.17), passed=300, blocked=0
[INFO] [1784122574.131731160] [cmd_vel_guard]: [HEARTBEAT #15] cmds=331, odom=yes, nav_approved=True, pos=(1.68,-0.17)
[INFO] [1784122574.562098658] [cmd_vel_guard]: [spoofmon] d_abs=0.333 jump=0.003 max_jump=0.083 c=(0.21,0.04)
[INFO] [1784122574.590729533] [cmd_vel_guard]: Guard status: cmds=351, nav_approved=True, odom=yes, pos=(1.78,-0.17), passed=350, blocked=0
[INFO] [1784122575.832937819] [cmd_vel_guard]: Guard status: cmds=401, nav_approved=True, odom=yes, pos=(2.04,-0.17), passed=400, blocked=0
[INFO] [1784122577.090647879] [cmd_vel_guard]: Guard status: cmds=451, nav_approved=True, odom=yes, pos=(2.30,-0.17), passed=450, blocked=0
[INFO] [1784122578.332758959] [cmd_vel_guard]: Guard status: cmds=501, nav_approved=True, odom=yes, pos=(2.56,-0.17), passed=500, blocked=0
[INFO] [1784122579.142536905] [cmd_vel_guard]: [HEARTBEAT #16] cmds=533, odom=yes, nav_approved=True, pos=(2.73,-0.17)
[INFO] [1784122579.566887178] [cmd_vel_guard]: [spoofmon] d_abs=0.279 jump=0.006 max_jump=0.083 c=(0.16,0.10)
[INFO] [1784122579.582586612] [cmd_vel_guard]: Guard status: cmds=551, nav_approved=True, odom=yes, pos=(2.83,-0.17), passed=550, blocked=0
[INFO] [1784122580.832599151] [cmd_vel_guard]: Guard status: cmds=601, nav_approved=True, odom=yes, pos=(3.09,-0.17), passed=600, blocked=0
[INFO] [1784122582.082419933] [cmd_vel_guard]: Guard status: cmds=651, nav_approved=True, odom=yes, pos=(3.35,-0.18), passed=650, blocked=0
[INFO] [1784122583.332295615] [cmd_vel_guard]: Guard status: cmds=701, nav_approved=True, odom=yes, pos=(3.61,-0.19), passed=700, blocked=0
[INFO] [1784122584.152404334] [cmd_vel_guard]: [HEARTBEAT #17] cmds=733, odom=yes, nav_approved=True, pos=(3.78,-0.20)
[INFO] [1784122584.578000370] [cmd_vel_guard]: [spoofmon] d_abs=0.277 jump=0.010 max_jump=0.083 c=(0.14,0.16)
[INFO] [1784122584.582628551] [cmd_vel_guard]: Guard status: cmds=751, nav_approved=True, odom=yes, pos=(3.87,-0.21), passed=750, blocked=0
[INFO] [1784122585.832610528] [cmd_vel_guard]: Guard status: cmds=801, nav_approved=True, odom=yes, pos=(4.11,-0.20), passed=800, blocked=0
[INFO] [1784122585.859256045] [cmd_vel_guard]: Navigation completed
