[INFO] [1784119305.502550181] [cmd_vel_guard]: Zones loaded: 2
[INFO] [1784119305.502771360] [cmd_vel_guard]: CBF margin: 0.1m (real-time control)
[INFO] [1784119305.502911555] [cmd_vel_guard]: SSM base margin: 0.05m (velocity-dependent)
[INFO] [1784119305.509700144] [cmd_vel_guard]: Spoof detection ON [memoryless]: amcl=/amcl_pose, offset_thresh=0.6m, jump_thresh=0.45m, enforce_pose=amcl
[INFO] [1784119305.510694325] [cmd_vel_guard]: DEBUG subscriptions:
[INFO] [1784119305.511054537] [cmd_vel_guard]:   cmd_sub topic: /cmd_vel_nav
[INFO] [1784119305.511464232] [cmd_vel_guard]:   odom_sub topic: /odom
[INFO] [1784119305.511842218] [cmd_vel_guard]:   nav_state_sub topic: /geofence/nav_state
[INFO] [1784119305.516552783] [cmd_vel_guard]: ============================================================
[INFO] [1784119305.517003326] [cmd_vel_guard]: Cmd Vel Guard node initialized
[INFO] [1784119305.517424123] [cmd_vel_guard]: Safety method: geofence
[INFO] [1784119305.523040573] [cmd_vel_guard]: Input: /cmd_vel_nav -> Output: /cmd_vel
[INFO] [1784119305.523524108] [cmd_vel_guard]: Simulated comm latency: 50ms
[INFO] [1784119305.523679231] [cmd_vel_guard]:   Mode: Forward Simulation
[INFO] [1784119305.523827953] [cmd_vel_guard]:   Horizon: 1.0s, Steps: 10
[INFO] [1784119305.523978017] [cmd_vel_guard]:   Margin: 0.562m
[INFO] [1784119305.524274147] [cmd_vel_guard]: ============================================================
[INFO] [1784119310.023942930] [cmd_vel_guard]: [HEARTBEAT #1] cmds=0, odom=yes, nav_approved=False, pos=(-0.00,0.00)
[INFO] [1784119310.695042466] [cmd_vel_guard]: [HEARTBEAT #2] cmds=0, odom=yes, nav_approved=False, pos=(-0.00,0.00)
[INFO] [1784119316.098198724] [cmd_vel_guard]: [HEARTBEAT #3] cmds=0, odom=yes, nav_approved=False, pos=(-0.00,0.00)
[INFO] [1784119320.277659153] [cmd_vel_guard]: [HEARTBEAT #4] cmds=0, odom=yes, nav_approved=False, pos=(-0.00,0.00)
[INFO] [1784119325.692383185] [cmd_vel_guard]: [HEARTBEAT #5] cmds=0, odom=yes, nav_approved=False, pos=(-0.00,0.00)
[INFO] [1784119334.233041752] [cmd_vel_guard]: [HEARTBEAT #6] cmds=0, odom=yes, nav_approved=False, pos=(-0.00,0.00)
[INFO] [1784119338.713298777] [cmd_vel_guard]: [HEARTBEAT #7] cmds=0, odom=yes, nav_approved=False, pos=(-0.00,0.00)
[INFO] [1784119343.614281599] [cmd_vel_guard]: [HEARTBEAT #8] cmds=0, odom=yes, nav_approved=False, pos=(-0.00,0.00)
[INFO] [1784119346.971094794] [cmd_vel_guard]: [HEARTBEAT #9] cmds=0, odom=yes, nav_approved=False, pos=(-0.00,0.00)
[INFO] [1784119352.608401134] [cmd_vel_guard]: [HEARTBEAT #10] cmds=0, odom=yes, nav_approved=False, pos=(-0.00,0.00)
[INFO] [1784119357.552804139] [cmd_vel_guard]: [HEARTBEAT #11] cmds=0, odom=yes, nav_approved=False, pos=(-0.00,0.00)
[INFO] [1784119363.400575422] [cmd_vel_guard]: [HEARTBEAT #12] cmds=0, odom=yes, nav_approved=False, pos=(-0.00,0.00)
[INFO] [1784119369.234206954] [cmd_vel_guard]: [HEARTBEAT #13] cmds=0, odom=yes, nav_approved=False, pos=(-0.00,0.00)
[INFO] [1784119373.762847355] [cmd_vel_guard]: [HEARTBEAT #14] cmds=0, odom=yes, nav_approved=False, pos=(-0.00,0.00)
[INFO] [1784119379.676984993] [cmd_vel_guard]: [HEARTBEAT #15] cmds=0, odom=yes, nav_approved=False, pos=(-0.00,0.00)
[INFO] [1784119384.869601019] [cmd_vel_guard]: [HEARTBEAT #16] cmds=0, odom=yes, nav_approved=False, pos=(-0.00,0.00)
[INFO] [1784119389.848469606] [cmd_vel_guard]: [HEARTBEAT #17] cmds=0, odom=yes, nav_approved=False, pos=(-0.00,0.00)
[INFO] [1784119395.317862304] [cmd_vel_guard]: [HEARTBEAT #18] cmds=0, odom=yes, nav_approved=False, pos=(-0.00,0.00)
[INFO] [1784119400.765142403] [cmd_vel_guard]: [HEARTBEAT #19] cmds=0, odom=yes, nav_approved=False, pos=(-0.00,0.00)
[INFO] [1784119405.386877057] [cmd_vel_guard]: [HEARTBEAT #20] cmds=0, odom=yes, nav_approved=False, pos=(-0.00,0.00)
[INFO] [1784119411.410862889] [cmd_vel_guard]: [HEARTBEAT #21] cmds=0, odom=yes, nav_approved=False, pos=(-0.00,0.00)
[INFO] [1784119411.688748659] [cmd_vel_guard]: Navigation authorized
[INFO] [1784119411.729833296] [cmd_vel_guard]: Guard status: cmds=1, nav_approved=True, odom=yes, pos=(-0.00,0.00), passed=0, blocked=0
[INFO] [1784119414.306310348] [cmd_vel_guard]: Guard status: cmds=51, nav_approved=True, odom=yes, pos=(0.32,-0.20), passed=50, blocked=0
[INFO] [1784119414.562713593] [cmd_vel_guard]: [spoofmon] d_abs=0.097 jump=0.043 max_jump=0.055 c=(0.10,-0.00)
[INFO] [1784119416.151720390] [cmd_vel_guard]: [HEARTBEAT #22] cmds=86, odom=yes, nav_approved=True, pos=(0.58,-0.46)
[INFO] [1784119416.868580027] [cmd_vel_guard]: Guard status: cmds=101, nav_approved=True, odom=yes, pos=(0.73,-0.45), passed=100, blocked=0
[INFO] [1784119416.919589976] [cmd_vel_guard]: [spoofmon] d_abs=0.249 jump=0.007 max_jump=0.055 c=(0.24,0.08)
[INFO] [1784119419.438958172] [cmd_vel_guard]: Guard status: cmds=151, nav_approved=True, odom=yes, pos=(1.26,-0.32), passed=150, blocked=0
[INFO] [1784119421.131299993] [cmd_vel_guard]: [HEARTBEAT #23] cmds=183, odom=yes, nav_approved=True, pos=(1.62,-0.27)
[INFO] [1784119421.540432237] [cmd_vel_guard]: [spoofmon] d_abs=0.303 jump=0.021 max_jump=0.055 c=(0.30,0.05)
[INFO] [1784119422.002104715] [cmd_vel_guard]: Guard status: cmds=201, nav_approved=True, odom=yes, pos=(1.81,-0.27), passed=200, blocked=0
[INFO] [1784119424.559048893] [cmd_vel_guard]: Guard status: cmds=251, nav_approved=True, odom=yes, pos=(2.34,-0.21), passed=250, blocked=0
[INFO] [1784119426.152504837] [cmd_vel_guard]: [HEARTBEAT #24] cmds=281, odom=yes, nav_approved=True, pos=(2.67,-0.20)
[INFO] [1784119426.510622280] [cmd_vel_guard]: [spoofmon] d_abs=0.254 jump=0.007 max_jump=0.055 c=(0.24,0.10)
[INFO] [1784119427.125085070] [cmd_vel_guard]: Guard status: cmds=301, nav_approved=True, odom=yes, pos=(2.88,-0.20), passed=300, blocked=0
[INFO] [1784119429.685192379] [cmd_vel_guard]: Guard status: cmds=351, nav_approved=True, odom=yes, pos=(3.42,-0.22), passed=350, blocked=0
[INFO] [1784119431.174785941] [cmd_vel_guard]: [HEARTBEAT #25] cmds=379, odom=yes, nav_approved=True, pos=(3.73,-0.22)
[INFO] [1784119431.533061809] [cmd_vel_guard]: [spoofmon] d_abs=0.268 jump=0.008 max_jump=0.055 c=(0.24,0.14)
[INFO] [1784119432.253326400] [cmd_vel_guard]: Guard status: cmds=401, nav_approved=True, odom=yes, pos=(3.96,-0.22), passed=400, blocked=0
[INFO] [1784119432.611970344] [cmd_vel_guard]: Navigation completed
[WARN] [1784119432.612861711] [cmd_vel_guard]: BLOCKED (unapproved): cmd_vel without goal_gate authorization (speed=0.14m/s, pos=(4.03, -0.21))
