[INFO] [1784119770.735794989] [cmd_vel_guard]: Zones loaded: 2
[INFO] [1784119770.736006028] [cmd_vel_guard]: CBF margin: 0.1m (real-time control)
[INFO] [1784119770.736144561] [cmd_vel_guard]: SSM base margin: 0.05m (velocity-dependent)
[INFO] [1784119770.743948603] [cmd_vel_guard]: Spoof detection ON [memoryless]: amcl=/amcl_pose, offset_thresh=0.6m, jump_thresh=0.45m, enforce_pose=amcl
[INFO] [1784119770.745476453] [cmd_vel_guard]: DEBUG subscriptions:
[INFO] [1784119770.745912679] [cmd_vel_guard]:   cmd_sub topic: /cmd_vel_nav
[INFO] [1784119770.746298548] [cmd_vel_guard]:   odom_sub topic: /odom
[INFO] [1784119770.753676014] [cmd_vel_guard]:   nav_state_sub topic: /geofence/nav_state
[INFO] [1784119770.755665137] [cmd_vel_guard]: ============================================================
[INFO] [1784119770.755999439] [cmd_vel_guard]: Cmd Vel Guard node initialized
[INFO] [1784119770.756264330] [cmd_vel_guard]: Safety method: geofence
[INFO] [1784119770.756766140] [cmd_vel_guard]: Input: /cmd_vel_nav -> Output: /cmd_vel
[INFO] [1784119770.757070976] [cmd_vel_guard]: Simulated comm latency: 100ms
[INFO] [1784119770.757179722] [cmd_vel_guard]:   Mode: Forward Simulation
[INFO] [1784119770.757287666] [cmd_vel_guard]:   Horizon: 1.0s, Steps: 10
[INFO] [1784119770.757455934] [cmd_vel_guard]:   Margin: 0.562m
[INFO] [1784119770.757729662] [cmd_vel_guard]: ============================================================
[INFO] [1784119777.382003804] [cmd_vel_guard]: [HEARTBEAT #1] cmds=0, odom=yes, nav_approved=False, pos=(-0.00,0.00)
[INFO] [1784119777.575798656] [cmd_vel_guard]: [HEARTBEAT #2] cmds=0, odom=yes, nav_approved=False, pos=(-0.00,0.00)
[INFO] [1784119784.680489533] [cmd_vel_guard]: [HEARTBEAT #3] cmds=0, odom=yes, nav_approved=False, pos=(-0.00,0.00)
[INFO] [1784119788.207382184] [cmd_vel_guard]: [HEARTBEAT #4] cmds=0, odom=yes, nav_approved=False, pos=(-0.00,0.00)
[INFO] [1784119793.753067466] [cmd_vel_guard]: [HEARTBEAT #5] cmds=0, odom=yes, nav_approved=False, pos=(-0.00,0.00)
[INFO] [1784119799.349610181] [cmd_vel_guard]: [HEARTBEAT #6] cmds=0, odom=yes, nav_approved=False, pos=(-0.00,0.00)
[INFO] [1784119806.056763442] [cmd_vel_guard]: [HEARTBEAT #7] cmds=0, odom=yes, nav_approved=False, pos=(-0.00,0.00)
[INFO] [1784119809.857284604] [cmd_vel_guard]: [HEARTBEAT #8] cmds=0, odom=yes, nav_approved=False, pos=(-0.00,0.00)
[INFO] [1784119816.705232663] [cmd_vel_guard]: [HEARTBEAT #9] cmds=0, odom=yes, nav_approved=False, pos=(-0.00,0.00)
[INFO] [1784119817.317053703] [cmd_vel_guard]: Navigation authorized
[INFO] [1784119817.343988503] [cmd_vel_guard]: Guard status: cmds=1, nav_approved=True, odom=yes, pos=(-0.00,0.00), passed=0, blocked=0
[INFO] [1784119820.609646638] [cmd_vel_guard]: [HEARTBEAT #10] cmds=32, odom=yes, nav_approved=True, pos=(0.46,-0.22)
[INFO] [1784119821.520216276] [cmd_vel_guard]: [spoofmon] d_abs=0.139 jump=0.038 max_jump=0.101 c=(0.10,0.03)
[INFO] [1784119822.433483936] [cmd_vel_guard]: Guard status: cmds=51, nav_approved=True, odom=yes, pos=(0.81,-0.33), passed=50, blocked=0
[INFO] [1784119825.685306460] [cmd_vel_guard]: [HEARTBEAT #11] cmds=82, odom=yes, nav_approved=True, pos=(1.48,-0.27)
[INFO] [1784119826.495393912] [cmd_vel_guard]: [spoofmon] d_abs=0.298 jump=0.010 max_jump=0.101 c=(0.26,0.06)
[INFO] [1784119827.508864058] [cmd_vel_guard]: Guard status: cmds=101, nav_approved=True, odom=yes, pos=(1.87,-0.27), passed=100, blocked=0
[INFO] [1784119830.658343432] [cmd_vel_guard]: [HEARTBEAT #12] cmds=131, odom=yes, nav_approved=True, pos=(2.54,-0.27)
[INFO] [1784119831.467065816] [cmd_vel_guard]: [spoofmon] d_abs=0.282 jump=0.013 max_jump=0.101 c=(0.23,0.11)
[INFO] [1784119832.585939916] [cmd_vel_guard]: Guard status: cmds=151, nav_approved=True, odom=yes, pos=(2.94,-0.27), passed=150, blocked=0
[INFO] [1784119835.636515958] [cmd_vel_guard]: [HEARTBEAT #13] cmds=180, odom=yes, nav_approved=True, pos=(3.58,-0.27)
[INFO] [1784119836.445592808] [cmd_vel_guard]: [spoofmon] d_abs=0.286 jump=0.015 max_jump=0.101 c=(0.21,0.18)
[INFO] [1784119837.665893247] [cmd_vel_guard]: Guard status: cmds=201, nav_approved=True, odom=yes, pos=(4.00,-0.27), passed=200, blocked=0
[INFO] [1784119837.969461198] [cmd_vel_guard]: Navigation completed
[WARN] [1784119837.970064779] [cmd_vel_guard]: BLOCKED (unapproved): cmd_vel without goal_gate authorization (speed=0.14m/s, pos=(4.07, -0.26))
