[INFO] [1784123335.627465468] [cmd_vel_guard]: Zones loaded: 2
[INFO] [1784123335.627847201] [cmd_vel_guard]: CBF margin: 0.1m (real-time control)
[INFO] [1784123335.628079209] [cmd_vel_guard]: SSM base margin: 0.05m (velocity-dependent)
[INFO] [1784123335.637038458] [cmd_vel_guard]: Spoof detection ON [cusum]: amcl=/amcl_pose, offset_thresh=0.6m, jump_thresh=0.45m, enforce_pose=amcl
[INFO] [1784123335.638413860] [cmd_vel_guard]: DEBUG subscriptions:
[INFO] [1784123335.638842912] [cmd_vel_guard]:   cmd_sub topic: /cmd_vel_nav
[INFO] [1784123335.639226387] [cmd_vel_guard]:   odom_sub topic: /odom
[INFO] [1784123335.639615854] [cmd_vel_guard]:   nav_state_sub topic: /geofence/nav_state
[INFO] [1784123335.641471023] [cmd_vel_guard]: ============================================================
[INFO] [1784123335.641995065] [cmd_vel_guard]: Cmd Vel Guard node initialized
[INFO] [1784123335.642419598] [cmd_vel_guard]: Safety method: geofence
[INFO] [1784123335.642855302] [cmd_vel_guard]: Input: /cmd_vel_nav -> Output: /cmd_vel
[INFO] [1784123335.643302729] [cmd_vel_guard]: Simulated comm latency: 100ms
[INFO] [1784123335.643445679] [cmd_vel_guard]:   Mode: Forward Simulation
[INFO] [1784123335.643591515] [cmd_vel_guard]:   Horizon: 1.0s, Steps: 10
[INFO] [1784123335.643763500] [cmd_vel_guard]:   Margin: 0.562m
[INFO] [1784123335.644211718] [cmd_vel_guard]: ============================================================
[INFO] [1784123337.268110808] [cmd_vel_guard]: [HEARTBEAT #1] cmds=0, odom=no, nav_approved=False, pos=(0.00,0.00)
[INFO] [1784123349.468741619] [cmd_vel_guard]: [HEARTBEAT #2] cmds=0, odom=yes, nav_approved=False, pos=(-0.00,0.00)
[INFO] [1784123351.276717638] [cmd_vel_guard]: [HEARTBEAT #3] cmds=0, odom=yes, nav_approved=False, pos=(-0.00,0.00)
[INFO] [1784123352.135343562] [cmd_vel_guard]: [HEARTBEAT #4] cmds=0, odom=yes, nav_approved=False, pos=(-0.00,0.00)
[INFO] [1784123353.275139321] [cmd_vel_guard]: [HEARTBEAT #5] cmds=0, odom=yes, nav_approved=False, pos=(-0.00,0.00)
[INFO] [1784123355.883454533] [cmd_vel_guard]: [HEARTBEAT #6] cmds=0, odom=yes, nav_approved=False, pos=(-0.00,0.00)
[INFO] [1784123360.492498000] [cmd_vel_guard]: [HEARTBEAT #7] cmds=0, odom=yes, nav_approved=False, pos=(-0.00,0.00)
[INFO] [1784123364.717670680] [cmd_vel_guard]: [HEARTBEAT #8] cmds=0, odom=yes, nav_approved=False, pos=(-0.00,0.00)
[INFO] [1784123369.530037186] [cmd_vel_guard]: [HEARTBEAT #9] cmds=0, odom=yes, nav_approved=False, pos=(-0.00,0.00)
[INFO] [1784123373.474641398] [cmd_vel_guard]: [HEARTBEAT #10] cmds=0, odom=yes, nav_approved=False, pos=(-0.00,0.00)
[INFO] [1784123378.859090891] [cmd_vel_guard]: [HEARTBEAT #11] cmds=0, odom=yes, nav_approved=False, pos=(-0.00,0.00)
[INFO] [1784123383.245097442] [cmd_vel_guard]: [HEARTBEAT #12] cmds=0, odom=yes, nav_approved=False, pos=(-0.00,0.00)
[INFO] [1784123389.136478560] [cmd_vel_guard]: [HEARTBEAT #13] cmds=0, odom=yes, nav_approved=False, pos=(-0.00,0.00)
[INFO] [1784123394.812855756] [cmd_vel_guard]: [HEARTBEAT #14] cmds=0, odom=yes, nav_approved=False, pos=(-0.00,0.00)
[INFO] [1784123400.520371928] [cmd_vel_guard]: [HEARTBEAT #15] cmds=0, odom=yes, nav_approved=False, pos=(-0.00,0.00)
[INFO] [1784123404.684894774] [cmd_vel_guard]: [HEARTBEAT #16] cmds=0, odom=yes, nav_approved=False, pos=(-0.00,0.00)
[INFO] [1784123410.501551601] [cmd_vel_guard]: Navigation authorized
[INFO] [1784123410.531978407] [cmd_vel_guard]: Guard status: cmds=1, nav_approved=True, odom=yes, pos=(-0.00,0.00), passed=0, blocked=0
[INFO] [1784123411.873534559] [cmd_vel_guard]: [HEARTBEAT #17] cmds=13, odom=yes, nav_approved=True, pos=(0.00,-0.00)
[INFO] [1784123413.105422677] [cmd_vel_guard]: [spoofmon] d_abs=0.119 jump=0.053 max_jump=0.066 c=(0.06,0.04)
[INFO] [1784123415.641466759] [cmd_vel_guard]: Guard status: cmds=51, nav_approved=True, odom=yes, pos=(0.57,-0.49), passed=50, blocked=0
[INFO] [1784123415.742606146] [cmd_vel_guard]: [spoofmon] d_abs=0.270 jump=0.007 max_jump=0.066 c=(0.21,0.09)
[INFO] [1784123415.950063414] [cmd_vel_guard]: [HEARTBEAT #18] cmds=53, odom=yes, nav_approved=True, pos=(0.63,-0.48)
[INFO] [1784123420.712077085] [cmd_vel_guard]: [spoofmon] d_abs=0.340 jump=0.008 max_jump=0.066 c=(0.28,0.07)
[INFO] [1784123420.712595466] [cmd_vel_guard]: Guard status: cmds=101, nav_approved=True, odom=yes, pos=(1.63,-0.40), passed=100, blocked=0
[INFO] [1784123420.918504283] [cmd_vel_guard]: [HEARTBEAT #19] cmds=102, odom=yes, nav_approved=True, pos=(1.67,-0.39)
[INFO] [1784123425.684732968] [cmd_vel_guard]: [spoofmon] d_abs=0.326 jump=0.008 max_jump=0.066 c=(0.27,0.10)
[INFO] [1784123425.786438103] [cmd_vel_guard]: Guard status: cmds=151, nav_approved=True, odom=yes, pos=(2.71,-0.36), passed=150, blocked=0
[INFO] [1784123425.992779708] [cmd_vel_guard]: [HEARTBEAT #20] cmds=152, odom=yes, nav_approved=True, pos=(2.75,-0.36)
[INFO] [1784123430.761630052] [cmd_vel_guard]: [spoofmon] d_abs=0.295 jump=0.005 max_jump=0.066 c=(0.23,0.14)
[INFO] [1784123430.863395239] [cmd_vel_guard]: Guard status: cmds=201, nav_approved=True, odom=yes, pos=(3.78,-0.29), passed=200, blocked=0
[INFO] [1784123430.967672729] [cmd_vel_guard]: [HEARTBEAT #21] cmds=201, odom=yes, nav_approved=True, pos=(3.80,-0.29)
[INFO] [1784123432.893254015] [cmd_vel_guard]: Navigation completed
