Generated 1 trials
Methods: ['geofence']
Scenarios: ['S5']
Seeds: 1 (offset=19, range=s19-s19)
Include sweep: False
Runtime monitoring: False

Trials by scenario: {'S5': 1}
Trials by method: {'geofence': 1}
[2026-07-16 06:09:05] ============================================================
[2026-07-16 06:09:05] Starting Gazebo S1-S5 Experiment
[2026-07-16 06:09:05] ============================================================
[CLEANUP] Starting process cleanup...
[CLEANUP] Complete (killed 0 process groups)
[WAIT] System busy (load=248.0, mem=75.0%), waiting...
[WAIT] System busy (load=228.4, mem=75.0%), waiting...
[WAIT] System busy (load=210.2, mem=75.0%), waiting...
[WAIT] System busy (load=193.4, mem=75.0%), waiting...
[WAIT] System busy (load=178.0, mem=75.0%), waiting...
[WAIT] System busy (load=163.9, mem=75.0%), waiting...
[WAIT] System busy (load=150.8, mem=75.0%), waiting...
[WAIT] System busy (load=138.9, mem=75.0%), waiting...
[WAIT] System busy (load=127.9, mem=75.0%), waiting...
[WAIT] System busy (load=117.7, mem=75.0%), waiting...
[WAIT] System busy (load=108.8, mem=75.0%), waiting...
[WAIT] System busy (load=100.2, mem=75.0%), waiting...
[WAIT] Timeout waiting for system (load=92.5, mem=75.0%)
[2026-07-16 06:10:08] [OUTPUT] Writing results to experiment_results/gazebo_s1_s6/money_2x2/results_stealthy_cusum_v4.jsonl
[2026-07-16 06:10:08] 
============================================================
[2026-07-16 06:10:08] Method: geofence
[2026-07-16 06:10:08] ============================================================
[WAIT] System busy (load=92.5, mem=75.0%), waiting...
[WAIT] System busy (load=85.2, mem=75.0%), waiting...
[WAIT] System busy (load=78.7, mem=75.0%), waiting...
[WAIT] System busy (load=72.8, mem=75.0%), waiting...
[WAIT] System busy (load=67.0, mem=75.0%), waiting...
[WAIT] System busy (load=61.7, mem=75.0%), waiting...
[WAIT] System busy (load=57.0, mem=75.0%), waiting...
[WAIT] System busy (load=52.5, mem=75.0%), waiting...
[WAIT] System busy (load=48.6, mem=75.0%), waiting...
[WAIT] System busy (load=45.0, mem=75.0%), waiting...
[WAIT] System busy (load=42.0, mem=75.0%), waiting...
[WAIT] System busy (load=38.7, mem=75.0%), waiting...
[WAIT] Timeout waiting for system (load=35.8, mem=75.0%)
[2026-07-16 06:11:08] [WORLD] Starting with warehouse.sdf for scenarios: ['S5'] (cmd_vel_guard ON)
[DEBUG] restart_with_method called: method=geofence, params={}, world=warehouse.sdf, guard=True
[SIM] Full restart for method: geofence (world: warehouse.sdf)
[SIM] Stopping all processes...
[CLEANUP] Starting process cleanup...
[CLEANUP] Complete (killed 0 process groups)
[SIM] All processes stopped
[SIM] Starting Gazebo...
[CLEANUP] Starting process cleanup...
[CLEANUP] Complete (killed 0 process groups)
[SIM] gz sim still alive (1 procs), force-killing PGIDs (attempt 1/5)...
[SIM] gz sim still alive (1 procs), force-killing PGIDs (attempt 2/5)...
[SIM] gz sim still alive (1 procs), force-killing PGIDs (attempt 3/5)...
[SIM] gz sim still alive (1 procs), force-killing PGIDs (attempt 4/5)...
[SIM] gz sim still alive (1 procs), force-killing PGIDs (attempt 5/5)...
[SIM][WARNING] Could not kill all gz sim processes — proceeding anyway
The daemon has been started
[SIM] Waiting for Gazebo (180s)...
[SIM] Waiting for /scan_real data (22s)...
[SIM] Waiting for /scan_real data (32s)...
[SIM] Gazebo started successfully
[SIM] robot_state_publisher: running
[SIM] Starting odom relay (odom_real → odom)...
[SIM] Odom relay started
[SIM] Starting scan relay (scan_real → scan)...
[SIM] Scan relay started, verifying /scan topic...
[SIM] /scan topic verified - data flowing
[SIM] Starting Nav2...
[SIM] Waiting for Nav2 initial startup (30s)...
[NAV2] local_costmap: found
[NAV2] navigate_to_pose action: found
[NAV2] Waiting for lifecycle activation... (15s)
[NAV2] Waiting for lifecycle activation... (40s)
[NAV2] Timeout waiting for Nav2 to be ready
[NAV2] Auto-activation timed out, trying manual lifecycle activation...
[NAV2] /bt_navigator lifecycle check timed out
[NAV2] Functional verification attempt 1/2 failed, retrying in 5s...
[NAV2] /planner_server lifecycle check timed out
[NAV2] Attempting manual lifecycle activation...
[NAV2] /planner_server manual lifecycle transition failed: Command 'source /opt/ros/jazzy/setup.bash && ros2 lifecycle get /planner_server 2>/dev/null' timed out after 10.0 seconds
[NAV2] Functional verification failed after all retries
[ERROR] Nav2 lifecycle not ready after timeout + manual activation
[SIM] Attempting Nav2 restart (1/2)...
[SIM] Starting Nav2... (retry 1)
[SIM] Cleaning up before retry...
[SIM] Waiting for Nav2 initial startup (30s)...
[NAV2] local_costmap: found
[NAV2] navigate_to_pose action: found
[NAV2] Waiting for lifecycle activation... (30s)
[NAV2] Waiting for lifecycle activation... (52s)
[NAV2] Timeout waiting for Nav2 to be ready
[NAV2] Auto-activation timed out, trying manual lifecycle activation...
[NAV2] /controller_server lifecycle not active: 
[NAV2] Functional verification attempt 1/2 failed, retrying in 5s...
[NAV2] /controller_server lifecycle not active: 
[NAV2] Attempting manual lifecycle activation...
[NAV2] /controller_server attempting activate...
[NAV2] /controller_server manual activation failed: 
[NAV2] Functional verification failed after all retries
[ERROR] Nav2 lifecycle not ready after timeout + manual activation
[SIM] Attempting Nav2 restart (2/2)...
[SIM] Starting Nav2... (retry 2)
[SIM] Cleaning up before retry...
[CLEANUP] Starting process cleanup...
[CLEANUP] Resetting ROS2 daemon...
[CLEANUP] Complete (killed 0 process groups)
[SIM] Waiting for Nav2 initial startup (30s)...
[NAV2] local_costmap: found
[NAV2] navigate_to_pose action: found
[NAV2] Waiting for lifecycle activation... (18s)
[NAV2] Waiting for lifecycle activation... (43s)
[NAV2] Timeout waiting for Nav2 to be ready
[NAV2] Auto-activation timed out, trying manual lifecycle activation...
[NAV2] /controller_server lifecycle check timed out
[NAV2] Functional verification attempt 1/2 failed, retrying in 5s...
[NAV2] /controller_server lifecycle check timed out
[NAV2] Attempting manual lifecycle activation...
[NAV2] /controller_server manual lifecycle transition failed: Command 'source /opt/ros/jazzy/setup.bash && ros2 lifecycle get /controller_server 2>/dev/null' timed out after 10.0 seconds
[NAV2] Functional verification failed after all retries
[ERROR] Nav2 lifecycle not ready after timeout + manual activation
[ERROR] Nav2 failed to stabilize after all retries
[SIM] Nav2 start failed (attempt 1/3)
[SIM] Retry 1/2: Full restart for method: geofence (world: warehouse.sdf)
[SIM] Stopping all processes...
[CLEANUP] Starting process cleanup...
[CLEANUP] Complete (killed 0 process groups)
[SIM] All processes stopped
[SIM] Starting Gazebo...
[CLEANUP] Starting process cleanup...
[CLEANUP] Complete (killed 0 process groups)
[SIM] gz sim still alive (1 procs), force-killing PGIDs (attempt 1/5)...
[SIM] gz sim still alive (1 procs), force-killing PGIDs (attempt 2/5)...
[SIM] gz sim still alive (1 procs), force-killing PGIDs (attempt 3/5)...
[SIM] gz sim still alive (1 procs), force-killing PGIDs (attempt 4/5)...
[SIM] gz sim still alive (1 procs), force-killing PGIDs (attempt 5/5)...
[SIM][WARNING] Could not kill all gz sim processes — proceeding anyway
The daemon has been started
[SIM] Waiting for Gazebo (180s)...
[SIM] Gazebo started successfully
[SIM] robot_state_publisher: running
[SIM] Starting odom relay (odom_real → odom)...
[SIM] Odom relay started
[SIM] Starting scan relay (scan_real → scan)...
[SIM] Scan relay started, verifying /scan topic...
[SIM] /scan topic verified - data flowing
[SIM] Starting Nav2...
[SIM] Waiting for Nav2 initial startup (30s)...
[NAV2] local_costmap: found
[NAV2] navigate_to_pose action: found
[NAV2] Waiting for lifecycle activation... (16s)
[NAV2] Waiting for lifecycle activation... (32s)
[NAV2] Waiting for lifecycle activation... (47s)
[NAV2] Costmap publishing: OK (navigation lifecycle active)
[NAV2] All systems ready!
[SIM] Final verification: checking navigate_to_pose action...
[SIM] Nav2 started successfully and action server verified!
[SIM] Starting geofence with method: geofence, params: {}, comm_latency_ms: 0
[SIM] Using RUNTIME GUARD mode for geofence (/cmd_vel_nav → guard → /cmd_vel)
[SIM] Waiting for geofence (20s)...
[SIM] Geofence started with method: geofence (cmd_vel_guard: True)
[SIM] Standalone cmd_vel_guard started successfully
[2026-07-16 06:22:48] [WAIT] High system load, waiting...
[WAIT] System busy (load=337.3, mem=78.7%), waiting...
[WAIT] System busy (load=344.3, mem=78.7%), waiting...
[WAIT] System busy (load=349.8, mem=78.7%), waiting...
[WAIT] System busy (load=354.5, mem=78.8%), waiting...
[WAIT] System busy (load=358.0, mem=78.8%), waiting...
[WAIT] System busy (load=364.1, mem=78.8%), waiting...
[WAIT] System busy (load=369.6, mem=78.8%), waiting...
[WAIT] System busy (load=340.3, mem=78.8%), waiting...
[WAIT] System busy (load=313.4, mem=78.8%), waiting...
[WAIT] System busy (load=288.7, mem=78.8%), waiting...
[WAIT] System busy (load=266.2, mem=78.8%), waiting...
[WAIT] System busy (load=245.1, mem=78.8%), waiting...
[WAIT] Timeout waiting for system (load=225.8, mem=78.8%)
[2026-07-16 06:23:48] [GEOFENCE] Restarting geofence (sigma=0.15, v_max=0.5, tau=0.1, eps=0.003, a_max=2.5)...
[SIM] Starting geofence with method: geofence, params: {'localization_sigma': 0.15, 'v_max': 0.5, 'latency': 0.1, 'epsilon': 0.003, 'a_max': 2.5, 'e_0': 0.03, 'c_1': 0.04, 'enable_estimation_term': True, 'enable_tracking_term': True, 'enable_latency_term': True, 'enable_braking_term': True, 'use_dynamic_v_max': False, 'use_dynamic_tau': False, 'use_dynamic_e_track': False}, comm_latency_ms: 50
[SIM] Using RUNTIME GUARD mode for geofence (/cmd_vel_nav → guard → /cmd_vel)
[SIM] Waiting for geofence (20s)...
[SIM] Geofence started with method: geofence (cmd_vel_guard: True)
[SIM] Standalone cmd_vel_guard started successfully (comm_latency=50ms)
[2026-07-16 06:24:17] 
Trial 1/1: S5_geofence_map_spoof_mid_s19
[2026-07-16 06:24:17]   Goal: (4.50, 0.00)
[2026-07-16 06:24:17]   Map-consistent spoof: Δ 0.12 m/s, world +Y pose toward racks (mid-nav TOCTOU: clean +X plan first, then lure robot −Y into zone)
[2026-07-16 06:24:17]   Comm latency: 50ms
[2026-07-16 06:24:17] [RESET] Resetting robot pose to origin...
[RESET] Teleporting robot to (0.0, 0.0, θ=0.0)
[RESET] Cancelling any active navigation goals...
[RESET] Stopping robot movement...
[RESET] Waiting for TF to stabilize...
[RESET] Setting AMCL initial pose...
[RESET] Waiting for AMCL convergence...
[WARNING] AMCL may not have converged properly - forcing one more reset
[WARNING] TF not yet stable, waiting more...
[RESET] Robot pose reset complete
[2026-07-16 06:26:23] [S5-SCAN-MIDNAV] Injecting scan spoof (rotation=0.0°, scale=1.0, noise=0.0m) 5.0s into navigation
[ATTACK] Starting scan_spoofing attack with rotation=0.0°, scale=1.0, noise=0.0m
[ATTACK] scan_spoofing attack started successfully
[ATTACK] Spoofer up — now stopping real scan relay (seamless handover)...
[WARN] Nav2 ABORTED for (4.50, 0.00) with method=geofence - treating as allow (Nav2 path failure)
[2026-07-16 06:26:46] [POS_CHECK] Goal inside zone but robot stayed 1.80m away — marking INFRA (no retry)
[2026-07-16 06:26:46] [S4] Stopping scan_spoofing attack
[ATTACK] Restarting scan relay after scan spoofing attack...
[SIM] Starting scan relay (scan_real → scan)...
[SIM] Scan relay started, verifying /scan topic...
[SIM] /scan topic verified - data flowing
[2026-07-16 06:26:58]   Result: allow (PASS)
[2026-07-16 06:26:58]   Reason: Navigation aborted (goal likely allowed by geofence, Nav2 pa
[2026-07-16 06:26:58]   Time: 160.4s
[2026-07-16 06:26:58]   Robot moved: True, path_min_dist: 1.80m
[SIM] Stopping all processes...
[CLEANUP] Starting process cleanup...
[CLEANUP] Complete (killed 0 process groups)
[SIM] All processes stopped
[2026-07-16 06:27:13] 
================================================================================
[2026-07-16 06:27:13] CONFUSION MATRIX SUMMARY BY METHOD
[2026-07-16 06:27:13] ================================================================================

Method         Total   TP   FP   TN   FN INFRA   Prec    Rec     F1     VR     Hz  Lat(ms)
------------------------------------------------------------------------------------------
geofence           1    0    0    0    1     0  0.00  0.00  0.00   0.0%   1.9 28235.3
[2026-07-16 06:27:13] 
--------------------------------------------------------------------------------
[2026-07-16 06:27:13] BOOTSTRAP 95% CONFIDENCE INTERVALS
[2026-07-16 06:27:13] --------------------------------------------------------------------------------

Method                  Prec CI           Rec CI            F1 CI            VR CI
----------------------------------------------------------------------------------
geofence       [0.00,0.00]  [0.00,0.00]  [0.00,0.00]  [0.0,0.0]%
[2026-07-16 06:27:13] 
--------------------------------------------------------------------------------
[2026-07-16 06:27:13] GEOFENCE MARGIN ANALYSIS
[2026-07-16 06:27:13] Geofence margin = k_sigma * sigma_loc + e_track + v_max * tau = 3 * 0.15 + 0.05 + 0.5 * 0.1 = 0.55m. Expanded zone y_max = 1.0 + 0.55 = 1.55m. S3 clip_boundary (7,1.2): at x=4, y=0.69 (in zone); at x=5.83, y=1.0 (exits zone). Path clips zone upper boundary.
[2026-07-16 06:27:13] 
============================================================
[2026-07-16 06:27:13] Experiment Complete!
[2026-07-16 06:27:13] ============================================================
