Generated 1 trials
Methods: ['geofence']
Scenarios: ['S5']
Seeds: 1 (offset=15, range=s15-s15)
Include sweep: False
Runtime monitoring: False

Trials by scenario: {'S5': 1}
Trials by method: {'geofence': 1}
[2026-07-16 04:58:00] ============================================================
[2026-07-16 04:58:00] Starting Gazebo S1-S5 Experiment
[2026-07-16 04:58:00] ============================================================
[CLEANUP] Starting process cleanup...
[CLEANUP] Complete (killed 0 process groups)
[WAIT] System busy (load=217.2, mem=74.4%), waiting...
[WAIT] System busy (load=199.9, mem=74.3%), waiting...
[WAIT] System busy (load=184.0, mem=74.3%), waiting...
[WAIT] System busy (load=169.3, mem=74.3%), waiting...
[WAIT] System busy (load=155.9, mem=74.3%), waiting...
[WAIT] System busy (load=144.0, mem=74.3%), waiting...
[WAIT] System busy (load=132.6, mem=74.3%), waiting...
[WAIT] System busy (load=122.0, mem=74.3%), waiting...
[WAIT] System busy (load=112.3, mem=74.4%), waiting...
[WAIT] System busy (load=103.4, mem=74.3%), waiting...
[WAIT] System busy (load=95.2, mem=74.3%), waiting...
[WAIT] System busy (load=87.7, mem=74.3%), waiting...
[WAIT] Timeout waiting for system (load=80.7, mem=74.3%)
[2026-07-16 04:59:04] [OUTPUT] Writing results to experiment_results/gazebo_s1_s6/money_2x2/results_stealthy_cusum_v3.jsonl
[2026-07-16 04:59:04] 
============================================================
[2026-07-16 04:59:04] Method: geofence
[2026-07-16 04:59:04] ============================================================
[WAIT] System busy (load=80.7, mem=74.3%), waiting...
[WAIT] System busy (load=74.3, mem=74.3%), waiting...
[WAIT] System busy (load=68.5, mem=74.3%), waiting...
[WAIT] System busy (load=63.1, mem=74.4%), waiting...
[WAIT] System busy (load=58.1, mem=74.4%), waiting...
[WAIT] System busy (load=53.9, mem=74.4%), waiting...
[WAIT] System busy (load=49.7, mem=74.3%), waiting...
[WAIT] System busy (load=45.8, mem=74.4%), waiting...
[WAIT] System busy (load=42.2, mem=74.4%), waiting...
[WAIT] System busy (load=39.0, mem=74.4%), waiting...
[WAIT] System busy (load=36.0, mem=74.4%), waiting...
[WAIT] System busy (load=33.2, mem=74.4%), waiting...
[WAIT] Timeout waiting for system (load=30.6, mem=74.3%)
[2026-07-16 05:00:04] [WORLD] Starting with warehouse.sdf for scenarios: ['S5'] (cmd_vel_guard ON)
[DEBUG] restart_with_method called: method=geofence, params={}, world=warehouse.sdf, guard=True
[SIM] Full restart for method: geofence (world: warehouse.sdf)
[SIM] Stopping all processes...
[CLEANUP] Starting process cleanup...
[CLEANUP] Complete (killed 0 process groups)
[SIM] All processes stopped
[SIM] Starting Gazebo...
[CLEANUP] Starting process cleanup...
[CLEANUP] Complete (killed 0 process groups)
[SIM] gz sim still alive (1 procs), force-killing PGIDs (attempt 1/5)...
[SIM] gz sim still alive (1 procs), force-killing PGIDs (attempt 2/5)...
[SIM] gz sim still alive (1 procs), force-killing PGIDs (attempt 3/5)...
[SIM] gz sim still alive (1 procs), force-killing PGIDs (attempt 4/5)...
[SIM] gz sim still alive (1 procs), force-killing PGIDs (attempt 5/5)...
[SIM][WARNING] Could not kill all gz sim processes — proceeding anyway
The daemon has been started
[SIM] Waiting for Gazebo (180s)...
[SIM] Gazebo started successfully
[SIM] robot_state_publisher: running
[SIM] Starting odom relay (odom_real → odom)...
[SIM] Odom relay started
[SIM] Starting scan relay (scan_real → scan)...
[SIM] Scan relay started, verifying /scan topic...
[SIM] /scan topic verified - data flowing
[SIM] Starting Nav2...
[SIM] Waiting for Nav2 initial startup (30s)...
[NAV2] local_costmap: found
[NAV2] navigate_to_pose action: found
[NAV2] Waiting for lifecycle activation... (29s)
[NAV2] Waiting for lifecycle activation... (51s)
[NAV2] Timeout waiting for Nav2 to be ready
[NAV2] Auto-activation timed out, trying manual lifecycle activation...
[NAV2] /controller_server lifecycle check timed out
[NAV2] Functional verification attempt 1/2 failed, retrying in 5s...
[NAV2] /controller_server lifecycle check timed out
[NAV2] Attempting manual lifecycle activation...
[NAV2] /controller_server manual lifecycle transition failed: Command 'source /opt/ros/jazzy/setup.bash && ros2 lifecycle get /controller_server 2>/dev/null' timed out after 10.0 seconds
[NAV2] Functional verification failed after all retries
[ERROR] Nav2 lifecycle not ready after timeout + manual activation
[SIM] Attempting Nav2 restart (1/2)...
[SIM] Starting Nav2... (retry 1)
[SIM] Cleaning up before retry...
[SIM] Waiting for Nav2 initial startup (30s)...
[NAV2] local_costmap: found
[NAV2] navigate_to_pose action: found
[NAV2] Waiting for lifecycle activation... (28s)
[NAV2] Waiting for lifecycle activation... (51s)
[NAV2] Timeout waiting for Nav2 to be ready
[NAV2] Auto-activation timed out, trying manual lifecycle activation...
[NAV2] /controller_server lifecycle not active: 
[NAV2] Functional verification attempt 1/2 failed, retrying in 5s...
[NAV2] /controller_server lifecycle not active: 
[NAV2] Attempting manual lifecycle activation...
[NAV2] /controller_server attempting activate...
[NAV2] /controller_server manual activation failed: 
[NAV2] Functional verification failed after all retries
[ERROR] Nav2 lifecycle not ready after timeout + manual activation
[SIM] Attempting Nav2 restart (2/2)...
[SIM] Starting Nav2... (retry 2)
[SIM] Cleaning up before retry...
[CLEANUP] Starting process cleanup...
[CLEANUP] Resetting ROS2 daemon...
[CLEANUP] Complete (killed 0 process groups)
[SIM] Waiting for Nav2 initial startup (30s)...
[NAV2] local_costmap: found
[NAV2] navigate_to_pose action: found
[NAV2] Waiting for lifecycle activation... (15s)
[NAV2] Waiting for lifecycle activation... (30s)
[NAV2] Waiting for lifecycle activation... (47s)
[NAV2] Timeout waiting for Nav2 to be ready
[NAV2] Auto-activation timed out, trying manual lifecycle activation...
[NAV2] /controller_server lifecycle check timed out
[NAV2] Functional verification attempt 1/2 failed, retrying in 5s...
[NAV2] /controller_server lifecycle check timed out
[NAV2] Attempting manual lifecycle activation...
[NAV2] /controller_server manual lifecycle transition failed: Command 'source /opt/ros/jazzy/setup.bash && ros2 lifecycle get /controller_server 2>/dev/null' timed out after 10.0 seconds
[NAV2] Functional verification failed after all retries
[ERROR] Nav2 lifecycle not ready after timeout + manual activation
[ERROR] Nav2 failed to stabilize after all retries
[SIM] Nav2 start failed (attempt 1/3)
[SIM] Retry 1/2: Full restart for method: geofence (world: warehouse.sdf)
[SIM] Stopping all processes...
[CLEANUP] Starting process cleanup...
[CLEANUP] Complete (killed 0 process groups)
[SIM] All processes stopped
[SIM] Starting Gazebo...
[CLEANUP] Starting process cleanup...
[CLEANUP] Complete (killed 0 process groups)
[SIM] gz sim still alive (1 procs), force-killing PGIDs (attempt 1/5)...
[SIM] gz sim still alive (1 procs), force-killing PGIDs (attempt 2/5)...
[SIM] gz sim still alive (1 procs), force-killing PGIDs (attempt 3/5)...
[SIM] gz sim still alive (1 procs), force-killing PGIDs (attempt 4/5)...
[SIM] gz sim still alive (1 procs), force-killing PGIDs (attempt 5/5)...
[SIM][WARNING] Could not kill all gz sim processes — proceeding anyway
The daemon has been started
[SIM] Waiting for Gazebo (180s)...
[SIM] Waiting for /scan_real data (20s)...
[SIM] Waiting for /scan_real data (31s)...
[SIM] Waiting for /scan_real data (40s)...
[SIM] Gazebo started successfully
[SIM] robot_state_publisher: running
[SIM] Starting odom relay (odom_real → odom)...
[SIM] Odom relay started
[SIM] Starting scan relay (scan_real → scan)...
[SIM] Scan relay started, verifying /scan topic...
[SIM] /scan topic verified - data flowing
[SIM] Starting Nav2...
[SIM] Waiting for Nav2 initial startup (30s)...
[NAV2] local_costmap: found
[NAV2] navigate_to_pose action: found
[NAV2] Waiting for lifecycle activation... (17s)
[NAV2] Waiting for lifecycle activation... (42s)
[NAV2] Timeout waiting for Nav2 to be ready
[NAV2] Auto-activation timed out, trying manual lifecycle activation...
[NAV2] /planner_server lifecycle check timed out
[NAV2] Functional verification attempt 1/2 failed, retrying in 5s...
[NAV2] /planner_server lifecycle check timed out
[NAV2] Attempting manual lifecycle activation...
[NAV2] /controller_server manual lifecycle transition failed: Command 'source /opt/ros/jazzy/setup.bash && ros2 lifecycle get /controller_server 2>/dev/null' timed out after 10.0 seconds
[NAV2] Functional verification failed after all retries
[ERROR] Nav2 lifecycle not ready after timeout + manual activation
[SIM] Attempting Nav2 restart (1/2)...
[SIM] Starting Nav2... (retry 1)
[SIM] Cleaning up before retry...
[SIM] Waiting for Nav2 initial startup (30s)...
[NAV2] local_costmap: found
[NAV2] navigate_to_pose action: found
[NAV2] Waiting for lifecycle activation... (17s)
[NAV2] Waiting for lifecycle activation... (38s)
[NAV2] Waiting for lifecycle activation... (53s)
[NAV2] Timeout waiting for Nav2 to be ready
[NAV2] Auto-activation timed out, trying manual lifecycle activation...
[NAV2] /controller_server lifecycle not active: 
[NAV2] Functional verification attempt 1/2 failed, retrying in 5s...
[NAV2] /controller_server lifecycle not active: 
[NAV2] Attempting manual lifecycle activation...
[NAV2] /controller_server attempting activate...
[NAV2] /controller_server manual activation failed: 
[NAV2] Functional verification failed after all retries
[ERROR] Nav2 lifecycle not ready after timeout + manual activation
[SIM] Attempting Nav2 restart (2/2)...
[SIM] Starting Nav2... (retry 2)
[SIM] Cleaning up before retry...
[CLEANUP] Starting process cleanup...
[CLEANUP] Resetting ROS2 daemon...
[CLEANUP] Complete (killed 0 process groups)
[SIM] Waiting for Nav2 initial startup (30s)...
[NAV2] local_costmap: found
[NAV2] navigate_to_pose action: found
[NAV2] Waiting for lifecycle activation... (29s)
[NAV2] Waiting for lifecycle activation... (47s)
[NAV2] Timeout waiting for Nav2 to be ready
[NAV2] Auto-activation timed out, trying manual lifecycle activation...
[NAV2] /controller_server lifecycle check timed out
[NAV2] Functional verification attempt 1/2 failed, retrying in 5s...
[NAV2] /controller_server lifecycle check timed out
[NAV2] Attempting manual lifecycle activation...
[NAV2] /controller_server manual lifecycle transition failed: Command 'source /opt/ros/jazzy/setup.bash && ros2 lifecycle get /controller_server 2>/dev/null' timed out after 10.0 seconds
[NAV2] Functional verification failed after all retries
[ERROR] Nav2 lifecycle not ready after timeout + manual activation
[ERROR] Nav2 failed to stabilize after all retries
[SIM] Nav2 start failed (attempt 2/3)
[SIM] Retry 2/2: Full restart for method: geofence (world: warehouse.sdf)
[SIM] Stopping all processes...
[CLEANUP] Starting process cleanup...
[CLEANUP] Complete (killed 0 process groups)
[SIM] All processes stopped
[SIM] Starting Gazebo...
[CLEANUP] Starting process cleanup...
[CLEANUP] Complete (killed 0 process groups)
[SIM] gz sim still alive (1 procs), force-killing PGIDs (attempt 1/5)...
[SIM] gz sim still alive (1 procs), force-killing PGIDs (attempt 2/5)...
[SIM] gz sim still alive (1 procs), force-killing PGIDs (attempt 3/5)...
[SIM] gz sim still alive (1 procs), force-killing PGIDs (attempt 4/5)...
[SIM] gz sim still alive (1 procs), force-killing PGIDs (attempt 5/5)...
[SIM][WARNING] Could not kill all gz sim processes — proceeding anyway
The daemon has been started
[SIM] Waiting for Gazebo (180s)...
[SIM] Waiting for /scan_real data (21s)...
[SIM] Waiting for /scan_real data (31s)...
[SIM] Gazebo started successfully
[SIM] robot_state_publisher: running
[SIM] Starting odom relay (odom_real → odom)...
[SIM] Odom relay started
[SIM] Starting scan relay (scan_real → scan)...
[SIM] Scan relay started, verifying /scan topic...
[SIM] /scan topic verified - data flowing
[SIM] Starting Nav2...
[SIM] Waiting for Nav2 initial startup (30s)...
[NAV2] local_costmap: found
[NAV2] navigate_to_pose action: found
[NAV2] Waiting for lifecycle activation... (17s)
[NAV2] Waiting for lifecycle activation... (34s)
[NAV2] Waiting for lifecycle activation... (50s)
[NAV2] Timeout waiting for Nav2 to be ready
[NAV2] Auto-activation timed out, trying manual lifecycle activation...
[NAV2] /controller_server lifecycle check timed out
[NAV2] Functional verification attempt 1/2 failed, retrying in 5s...
[NAV2] /bt_navigator lifecycle check timed out
[NAV2] Attempting manual lifecycle activation...
[NAV2] /controller_server manual lifecycle transition failed: Command 'source /opt/ros/jazzy/setup.bash && ros2 lifecycle get /controller_server 2>/dev/null' timed out after 10.0 seconds
[NAV2] Functional verification failed after all retries
[ERROR] Nav2 lifecycle not ready after timeout + manual activation
[SIM] Attempting Nav2 restart (1/2)...
[SIM] Starting Nav2... (retry 1)
[SIM] Cleaning up before retry...
[SIM] Waiting for Nav2 initial startup (30s)...
[NAV2] local_costmap: found
[NAV2] navigate_to_pose action: found
[NAV2] Waiting for lifecycle activation... (15s)
[NAV2] Waiting for lifecycle activation... (33s)
[NAV2] Waiting for lifecycle activation... (51s)
[NAV2] Timeout waiting for Nav2 to be ready
[NAV2] Auto-activation timed out, trying manual lifecycle activation...
[NAV2] /controller_server lifecycle not active: 
[NAV2] Functional verification attempt 1/2 failed, retrying in 5s...
[NAV2] /controller_server lifecycle not active: 
[NAV2] Attempting manual lifecycle activation...
[NAV2] /controller_server attempting activate...
[NAV2] /controller_server manual activation failed: 
[NAV2] Functional verification failed after all retries
[ERROR] Nav2 lifecycle not ready after timeout + manual activation
[SIM] Attempting Nav2 restart (2/2)...
[SIM] Starting Nav2... (retry 2)
[SIM] Cleaning up before retry...
[CLEANUP] Starting process cleanup...
[CLEANUP] Resetting ROS2 daemon...
[CLEANUP] Complete (killed 0 process groups)
[SIM] Waiting for Nav2 initial startup (30s)...
[NAV2] local_costmap: found
[NAV2] navigate_to_pose action: found
[NAV2] Waiting for lifecycle activation... (15s)
[NAV2] Waiting for lifecycle activation... (43s)
[NAV2] Timeout waiting for Nav2 to be ready
[NAV2] Auto-activation timed out, trying manual lifecycle activation...
[NAV2] /controller_server lifecycle check timed out
[NAV2] Functional verification attempt 1/2 failed, retrying in 5s...
[NAV2] /controller_server lifecycle check timed out
[NAV2] Attempting manual lifecycle activation...
[NAV2] /controller_server manual lifecycle transition failed: Command 'source /opt/ros/jazzy/setup.bash && ros2 lifecycle get /controller_server 2>/dev/null' timed out after 10.0 seconds
[NAV2] Functional verification failed after all retries
[ERROR] Nav2 lifecycle not ready after timeout + manual activation
[ERROR] Nav2 failed to stabilize after all retries
[SIM] Nav2 start failed (attempt 3/3)
[ERROR] Failed to start after 3 attempts
[2026-07-16 05:24:09] [ERROR] Failed to start method geofence
[SIM] Stopping all processes...
[CLEANUP] Starting process cleanup...
[CLEANUP] Complete (killed 0 process groups)
[SIM] All processes stopped
[2026-07-16 05:24:25] 
================================================================================
[2026-07-16 05:24:25] CONFUSION MATRIX SUMMARY BY METHOD
[2026-07-16 05:24:25] ================================================================================

Method         Total   TP   FP   TN   FN INFRA   Prec    Rec     F1     VR     Hz  Lat(ms)
------------------------------------------------------------------------------------------
[2026-07-16 05:24:25] 
--------------------------------------------------------------------------------
[2026-07-16 05:24:25] BOOTSTRAP 95% CONFIDENCE INTERVALS
[2026-07-16 05:24:25] --------------------------------------------------------------------------------

Method                  Prec CI           Rec CI            F1 CI            VR CI
----------------------------------------------------------------------------------
[2026-07-16 05:24:25] 
--------------------------------------------------------------------------------
[2026-07-16 05:24:25] GEOFENCE MARGIN ANALYSIS
[2026-07-16 05:24:25] Geofence margin = k_sigma * sigma_loc + e_track + v_max * tau = 3 * 0.15 + 0.05 + 0.5 * 0.1 = 0.55m. Expanded zone y_max = 1.0 + 0.55 = 1.55m. S3 clip_boundary (7,1.2): at x=4, y=0.69 (in zone); at x=5.83, y=1.0 (exits zone). Path clips zone upper boundary.
[2026-07-16 05:24:25] 
============================================================
[2026-07-16 05:24:25] Experiment Complete!
[2026-07-16 05:24:25] ============================================================
