Generated 1 trials
Methods: ['geofence']
Scenarios: ['S5']
Seeds: 1 (offset=15, range=s15-s15)
Include sweep: False
Runtime monitoring: False

Trials by scenario: {'S5': 1}
Trials by method: {'geofence': 1}
[2026-07-16 01:08:23] ============================================================
[2026-07-16 01:08:23] Starting Gazebo S1-S5 Experiment
[2026-07-16 01:08:23] ============================================================
[CLEANUP] Starting process cleanup...
[CLEANUP] Complete (killed 0 process groups)
[WAIT] System busy (load=158.4, mem=70.0%), waiting...
[WAIT] System busy (load=145.8, mem=70.0%), waiting...
[WAIT] System busy (load=134.2, mem=70.0%), waiting...
[WAIT] System busy (load=123.6, mem=70.0%), waiting...
[WAIT] System busy (load=113.8, mem=70.0%), waiting...
[WAIT] System busy (load=104.7, mem=70.0%), waiting...
[WAIT] System busy (load=96.9, mem=70.0%), waiting...
[WAIT] System busy (load=89.2, mem=70.0%), waiting...
[WAIT] System busy (load=82.2, mem=70.0%), waiting...
[WAIT] System busy (load=75.7, mem=70.0%), waiting...
[WAIT] System busy (load=69.8, mem=70.0%), waiting...
[WAIT] System busy (load=64.2, mem=70.0%), waiting...
[WAIT] Timeout waiting for system (load=59.2, mem=70.0%)
[2026-07-16 01:09:27] [OUTPUT] Writing results to experiment_results/gazebo_s1_s6/money_2x2/results_stealthy_memoryless_v3.jsonl
[2026-07-16 01:09:27] 
============================================================
[2026-07-16 01:09:27] Method: geofence
[2026-07-16 01:09:27] ============================================================
[WAIT] System busy (load=59.2, mem=70.0%), waiting...
[WAIT] System busy (load=54.5, mem=70.0%), waiting...
[WAIT] System busy (load=50.2, mem=70.0%), waiting...
[WAIT] System busy (load=46.3, mem=70.0%), waiting...
[WAIT] System busy (load=42.7, mem=70.0%), waiting...
[WAIT] System busy (load=39.5, mem=70.0%), waiting...
[WAIT] System busy (load=36.4, mem=70.0%), waiting...
[WAIT] System busy (load=33.6, mem=70.0%), waiting...
[WAIT] System busy (load=31.0, mem=70.0%), waiting...
[WAIT] System busy (load=28.6, mem=70.0%), waiting...
[WAIT] System busy (load=26.4, mem=70.0%), waiting...
[WAIT] System busy (load=25.0, mem=70.0%), waiting...
[WAIT] Timeout waiting for system (load=23.1, mem=70.0%)
[2026-07-16 01:10:27] [WORLD] Starting with warehouse.sdf for scenarios: ['S5'] (cmd_vel_guard ON)
[DEBUG] restart_with_method called: method=geofence, params={}, world=warehouse.sdf, guard=True
[SIM] Full restart for method: geofence (world: warehouse.sdf)
[SIM] Stopping all processes...
[CLEANUP] Starting process cleanup...
[CLEANUP] Complete (killed 0 process groups)
[SIM] All processes stopped
[SIM] Starting Gazebo...
[CLEANUP] Starting process cleanup...
[CLEANUP] Complete (killed 0 process groups)
[SIM] gz sim still alive (1 procs), force-killing PGIDs (attempt 1/5)...
[SIM] gz sim still alive (1 procs), force-killing PGIDs (attempt 2/5)...
[SIM] gz sim still alive (1 procs), force-killing PGIDs (attempt 3/5)...
[SIM] gz sim still alive (1 procs), force-killing PGIDs (attempt 4/5)...
[SIM] gz sim still alive (1 procs), force-killing PGIDs (attempt 5/5)...
[SIM][WARNING] Could not kill all gz sim processes — proceeding anyway
The daemon has been started
[SIM] Waiting for Gazebo (180s)...
[SIM] Gazebo started successfully
[SIM] robot_state_publisher: running
[SIM] Starting odom relay (odom_real → odom)...
[SIM] Odom relay started
[SIM] Starting scan relay (scan_real → scan)...
[SIM] Scan relay started, verifying /scan topic...
[SIM] /scan topic verified - data flowing
[SIM] Starting Nav2...
[SIM] Waiting for Nav2 initial startup (30s)...
[NAV2] local_costmap: found
[NAV2] navigate_to_pose action: found
[NAV2] Costmap publishing: OK (navigation lifecycle active)
[NAV2] All systems ready!
[SIM] Final verification: checking navigate_to_pose action...
[SIM] Nav2 started successfully and action server verified!
[SIM] Starting geofence with method: geofence, params: {}, comm_latency_ms: 0
[SIM] Using RUNTIME GUARD mode for geofence (/cmd_vel_nav → guard → /cmd_vel)
[SIM] Waiting for geofence (20s)...
[SIM] Geofence started with method: geofence (cmd_vel_guard: True)
[SIM] Standalone cmd_vel_guard started successfully
[2026-07-16 01:12:49] [WAIT] High system load, waiting...
[WAIT] System busy (load=234.4, mem=73.7%), waiting...
[WAIT] System busy (load=246.9, mem=73.7%), waiting...
[WAIT] System busy (load=263.4, mem=73.8%), waiting...
[WAIT] System busy (load=242.9, mem=73.8%), waiting...
[WAIT] System busy (load=223.8, mem=73.8%), waiting...
[WAIT] System busy (load=206.2, mem=73.8%), waiting...
[WAIT] System busy (load=191.2, mem=73.8%), waiting...
[WAIT] System busy (load=176.5, mem=73.8%), waiting...
[WAIT] System busy (load=165.0, mem=73.8%), waiting...
[WAIT] System busy (load=152.4, mem=73.8%), waiting...
[WAIT] System busy (load=140.3, mem=73.8%), waiting...
[WAIT] System busy (load=129.3, mem=73.8%), waiting...
[WAIT] Timeout waiting for system (load=119.2, mem=73.8%)
[2026-07-16 01:13:49] [GEOFENCE] Restarting geofence (sigma=0.15, v_max=0.5, tau=0.1, eps=0.003, a_max=2.5)...
[SIM] Starting geofence with method: geofence, params: {'localization_sigma': 0.15, 'v_max': 0.5, 'latency': 0.1, 'epsilon': 0.003, 'a_max': 2.5, 'e_0': 0.03, 'c_1': 0.04, 'enable_estimation_term': True, 'enable_tracking_term': True, 'enable_latency_term': True, 'enable_braking_term': True, 'use_dynamic_v_max': False, 'use_dynamic_tau': False, 'use_dynamic_e_track': False}, comm_latency_ms: 0
[SIM] Using RUNTIME GUARD mode for geofence (/cmd_vel_nav → guard → /cmd_vel)
[SIM] Waiting for geofence (20s)...
[SIM] Geofence started with method: geofence (cmd_vel_guard: True)
[SIM] Standalone cmd_vel_guard started successfully
[2026-07-16 01:14:18] 
Trial 1/1: S5_geofence_map_spoof_mid_s15
[2026-07-16 01:14:18]   Goal: (4.50, 0.00)
[2026-07-16 01:14:18]   Map-consistent spoof: Δ 0.12 m/s, world +Y pose toward racks (mid-nav TOCTOU: clean +X plan first, then lure robot −Y into zone)
[2026-07-16 01:14:18] [RESET] Resetting robot pose to origin...
[RESET] Teleporting robot to (0.0, 0.0, θ=0.0)
[RESET] Cancelling any active navigation goals...
[RESET] Stopping robot movement...
[RESET] Waiting for TF to stabilize...
[RESET] Setting AMCL initial pose...
[RESET] Waiting for AMCL convergence...
[WARNING] AMCL may not have converged properly - forcing one more reset
[WARNING] TF not yet stable, waiting more...
[RESET] Robot pose reset complete
[2026-07-16 01:16:16] [S5-SCAN-MIDNAV] Injecting scan spoof (rotation=0.0°, scale=1.0, noise=0.0m) 5.0s into navigation
[ATTACK] Starting scan_spoofing attack with rotation=0.0°, scale=1.0, noise=0.0m
[ATTACK] scan_spoofing attack started successfully
[ATTACK] Spoofer up — now stopping real scan relay (seamless handover)...
[WARN] Nav2 ABORTED for (4.50, 0.00) with method=geofence - treating as allow (Nav2 path failure)
[2026-07-16 01:16:24] [POS_CHECK] Goal inside zone but robot stayed 1.80m away — marking INFRA (no retry)
[2026-07-16 01:16:24] [S4] Stopping scan_spoofing attack
[ATTACK] Restarting scan relay after scan spoofing attack...
[SIM] Starting scan relay (scan_real → scan)...
[SIM] Scan relay started, verifying /scan topic...
[SIM] /scan topic verified - data flowing
[2026-07-16 01:16:57]   Result: allow (PASS)
[2026-07-16 01:16:57]   Reason: Navigation aborted (goal likely allowed by geofence, Nav2 pa
[2026-07-16 01:16:57]   Time: 159.0s
[2026-07-16 01:16:57]   Robot moved: True, path_min_dist: 1.80m
[SIM] Stopping all processes...
[CLEANUP] Starting process cleanup...
[CLEANUP] Complete (killed 0 process groups)
[SIM] All processes stopped
[2026-07-16 01:17:11] 
================================================================================
[2026-07-16 01:17:11] CONFUSION MATRIX SUMMARY BY METHOD
[2026-07-16 01:17:11] ================================================================================

Method         Total   TP   FP   TN   FN INFRA   Prec    Rec     F1     VR     Hz  Lat(ms)
------------------------------------------------------------------------------------------
geofence           1    0    0    0    1     0  0.00  0.00  0.00   0.0%   2.6 13315.0
[2026-07-16 01:17:11] 
--------------------------------------------------------------------------------
[2026-07-16 01:17:11] BOOTSTRAP 95% CONFIDENCE INTERVALS
[2026-07-16 01:17:11] --------------------------------------------------------------------------------

Method                  Prec CI           Rec CI            F1 CI            VR CI
----------------------------------------------------------------------------------
geofence       [0.00,0.00]  [0.00,0.00]  [0.00,0.00]  [0.0,0.0]%
[2026-07-16 01:17:11] 
--------------------------------------------------------------------------------
[2026-07-16 01:17:11] GEOFENCE MARGIN ANALYSIS
[2026-07-16 01:17:11] Geofence margin = k_sigma * sigma_loc + e_track + v_max * tau = 3 * 0.15 + 0.05 + 0.5 * 0.1 = 0.55m. Expanded zone y_max = 1.0 + 0.55 = 1.55m. S3 clip_boundary (7,1.2): at x=4, y=0.69 (in zone); at x=5.83, y=1.0 (exits zone). Path clips zone upper boundary.
[2026-07-16 01:17:11] 
============================================================
[2026-07-16 01:17:11] Experiment Complete!
[2026-07-16 01:17:11] ============================================================
