Generated 1 trials
Methods: ['no_guard']
Scenarios: ['S5']
Seeds: 1 (offset=0, range=s0-s0)
Include sweep: False
Runtime monitoring: False

Trials by scenario: {'S5': 1}
Trials by method: {'no_guard': 1}
[2026-07-26 23:50:38] ============================================================
[2026-07-26 23:50:38] Starting Gazebo S1-S5 Experiment
[2026-07-26 23:50:38] ============================================================
[CLEANUP] Starting process cleanup...
[CLEANUP] Complete (killed 0 process groups)
[2026-07-26 23:50:42] [OUTPUT] Writing results to experiment_results/gazebo_s1_s6/hijack_rate/res_ng_r06_v0.jsonl
[2026-07-26 23:50:42] 
============================================================
[2026-07-26 23:50:42] Method: no_guard
[2026-07-26 23:50:42] ============================================================
[2026-07-26 23:50:42] [WORLD] Starting with warehouse.sdf for scenarios: ['S5']
[DEBUG] restart_with_method called: method=no_guard, params={}, world=warehouse.sdf, guard=False
[SIM] Full restart for method: no_guard (world: warehouse.sdf)
[SIM] Stopping all processes...
[CLEANUP] Starting process cleanup...
[CLEANUP] Complete (killed 0 process groups)
[SIM] All processes stopped
[SIM] Starting Gazebo...
[CLEANUP] Starting process cleanup...
[CLEANUP] Complete (killed 0 process groups)
[SIM] gz sim still alive (1 procs), force-killing PGIDs (attempt 1/5)...
[SIM] gz sim still alive (1 procs), force-killing PGIDs (attempt 2/5)...
[SIM] gz sim still alive (1 procs), force-killing PGIDs (attempt 3/5)...
[SIM] gz sim still alive (1 procs), force-killing PGIDs (attempt 4/5)...
[SIM] gz sim still alive (1 procs), force-killing PGIDs (attempt 5/5)...
[SIM][WARNING] Could not kill all gz sim processes — proceeding anyway
The daemon has been started
[SIM] Waiting for Gazebo (180s)...
[SIM] Gazebo started successfully
[SIM] robot_state_publisher: running
[SIM] Starting odom relay (odom_real → odom)...
[SIM] Odom relay started
[SIM] Starting scan relay (scan_real → scan)...
[SIM] Scan relay started, verifying /scan topic...
[SIM] /scan topic verified - data flowing
[SIM] Starting Nav2...
[SIM] Waiting for Nav2 initial startup (30s)...
[NAV2] local_costmap: found
[NAV2] navigate_to_pose action: NOT found
[NAV2] Waiting for Nav2 to be ready... (23s)
[NAV2] Waiting for Nav2 to be ready... (29s)
[NAV2] Waiting for Nav2 to be ready... (35s)
[NAV2] Waiting for Nav2 to be ready... (41s)
[NAV2] Waiting for Nav2 to be ready... (47s)
[NAV2] Waiting for Nav2 to be ready... (53s)
[NAV2] Waiting for Nav2 to be ready... (59s)
[NAV2] Timeout waiting for Nav2 to be ready
[NAV2] Auto-activation timed out, trying manual lifecycle activation...
[NAV2] /bt_navigator lifecycle not active: unconfigured [1]
[NAV2] Functional verification attempt 1/2 failed, retrying in 5s...
[NAV2] /bt_navigator lifecycle not active: unconfigured [1]
[NAV2] Attempting manual lifecycle activation...
[NAV2] /bt_navigator is unconfigured, attempting configure...
[NAV2] /bt_navigator attempting activate...
[NAV2] /bt_navigator manually activated successfully
[NAV2] Manual lifecycle activation successful, action server responding
[NAV2] Manual activation succeeded!
[SIM] Final verification: checking navigate_to_pose action...
[SIM] Nav2 started successfully and action server verified!
[SIM] Starting geofence with method: no_guard, params: {}, comm_latency_ms: 0
[SIM] Waiting for geofence (20s)...
[SIM] Geofence started with method: no_guard (cmd_vel_guard: False)
[SIM] cmd_vel_guard disabled, starting cmd_vel relay for navigation...
[SIM] Starting cmd_vel relay (cmd_vel_nav → cmd_vel)...
[SIM] cmd_vel relay started
[2026-07-26 23:54:18] 
Trial 1/1: S5_no_guard_wh_hijack_r06_s0
[2026-07-26 23:54:18]   Goal: (4.50, 0.00)
[2026-07-26 23:54:18]   Slow-attacker hijack sweep: map-consistent spoof at 0.06 m/s ramp
[2026-07-26 23:54:18] [RESET] Resetting robot pose to origin...
[RESET] Teleporting robot to (0.0, 0.0, θ=0.0)
[RESET] Cancelling any active navigation goals...
[RESET] Stopping robot movement...
[RESET] Waiting for TF to stabilize...
[RESET] Setting AMCL initial pose...
[RESET] Waiting for AMCL convergence...
[RESET] AMCL converged: (-0.07, 0.00), error: 0.07m
[RESET] Robot pose reset complete
[WARN] Nav2 ABORTED for (4.50, 0.00) with method=no_guard - treating as allow (Nav2 path failure)
[2026-07-26 23:55:02] [POS_CHECK] Goal inside zone but robot stayed 1.80m away — marking INFRA (no retry)
[2026-07-26 23:55:02] [S4] Stopping scan_spoofing attack
[2026-07-26 23:55:02]   Result: allow (PASS)
[2026-07-26 23:55:02]   Reason: Navigation aborted (goal likely allowed by no_guard, Nav2 pa
[2026-07-26 23:55:02]   Time: 44.0s
[2026-07-26 23:55:02]   Robot moved: True, path_min_dist: 1.80m
[SIM] Stopping all processes...
[2026-07-26 23:55:02] [S5-SCAN-MIDNAV] Injecting scan spoof (rotation=0.0°, scale=1.0, noise=0.0m) 5.0s into navigation
[ATTACK] Starting scan_spoofing attack with rotation=0.0°, scale=1.0, noise=0.0m
[CLEANUP] Starting process cleanup...
[ERROR] scan_spoofing attack failed to start
[CLEANUP] Complete (killed 0 process groups)
[SIM] All processes stopped
[2026-07-26 23:55:16] 
================================================================================
[2026-07-26 23:55:16] CONFUSION MATRIX SUMMARY BY METHOD
[2026-07-26 23:55:16] ================================================================================

Method         Total   TP   FP   TN   FN INFRA   Prec    Rec     F1     VR     Hz  Lat(ms)
------------------------------------------------------------------------------------------
no_guard           1    0    0    0    1     0  0.00  0.00  0.00   0.0%   6.7  4028.0
[2026-07-26 23:55:16] 
--------------------------------------------------------------------------------
[2026-07-26 23:55:16] BOOTSTRAP 95% CONFIDENCE INTERVALS
[2026-07-26 23:55:16] --------------------------------------------------------------------------------

Method                  Prec CI           Rec CI            F1 CI            VR CI
----------------------------------------------------------------------------------
no_guard       [0.00,0.00]  [0.00,0.00]  [0.00,0.00]  [0.0,0.0]%
[2026-07-26 23:55:16] 
--------------------------------------------------------------------------------
[2026-07-26 23:55:16] GEOFENCE MARGIN ANALYSIS
[2026-07-26 23:55:16] Geofence margin = k_sigma * sigma_loc + e_track + v_max * tau = 3 * 0.15 + 0.05 + 0.5 * 0.1 = 0.55m. Expanded zone y_max = 1.0 + 0.55 = 1.55m. S3 clip_boundary (7,1.2): at x=4, y=0.69 (in zone); at x=5.83, y=1.0 (exits zone). Path clips zone upper boundary.
[2026-07-26 23:55:16] 
============================================================
[2026-07-26 23:55:16] Experiment Complete!
[2026-07-26 23:55:16] ============================================================
