{"t": 1785081220.7836475, "x": -7.711890060766152e-12, "y": -2.314106302690344e-13, "zone": null, "min_dist": 1.802775637738283}
{"t": 1785081220.959741, "x": -7.711890060766152e-12, "y": -2.314106302690344e-13, "zone": null, "min_dist": 1.802775637738283}
{"t": 1785081221.1196196, "x": -7.711890060766152e-12, "y": -2.314106302690344e-13, "zone": null, "min_dist": 1.802775637738283}
{"t": 1785081221.2799037, "x": -7.711890060766152e-12, "y": -2.314106302690344e-13, "zone": null, "min_dist": 1.802775637738283}
{"t": 1785081221.4564915, "x": -7.711890060766152e-12, "y": -2.314106302690344e-13, "zone": null, "min_dist": 1.802775637738283}
{"t": 1785081221.633092, "x": -7.711890060766152e-12, "y": -2.314106302690344e-13, "zone": null, "min_dist": 1.802775637738283}
{"t": 1785081221.7929327, "x": -7.711890060766152e-12, "y": -2.314106302690344e-13, "zone": null, "min_dist": 1.802775637738283}
{"t": 1785081221.9531057, "x": -7.711890060766152e-12, "y": -2.314106302690344e-13, "zone": null, "min_dist": 1.802775637738283}
{"t": 1785081222.1053443, "x": -7.711890060766152e-12, "y": -2.314106302690344e-13, "zone": null, "min_dist": 1.802775637738283}
{"t": 1785081222.2659829, "x": -7.711890060766152e-12, "y": -2.314106302690344e-13, "zone": null, "min_dist": 1.802775637738283}
{"t": 1785081222.417534, "x": -7.711890060766152e-12, "y": -2.314106302690344e-13, "zone": null, "min_dist": 1.802775637738283}
{"t": 1785081222.569699, "x": -7.711890060766152e-12, "y": -2.314106302690344e-13, "zone": null, "min_dist": 1.802775637738283}
{"t": 1785081222.7303529, "x": -7.711890060766152e-12, "y": -2.314106302690344e-13, "zone": null, "min_dist": 1.802775637738283}
{"t": 1785081222.8904965, "x": 0.0006400950523952572, "y": -2.842536659842182e-07, "zone": null, "min_dist": 1.8022429237084658}
{"t": 1785081223.051223, "x": 0.01757418217671109, "y": -0.00023897031379898785, "zone": null, "min_dist": 1.7880459786672882}
{"t": 1785081223.2111933, "x": 0.04562822697340767, "y": -0.0014065617566864695, "zone": null, "min_dist": 1.7641955983051074}
{"t": 1785081223.363772, "x": 0.07817471431524754, "y": -0.0038405299052346477, "zone": null, "min_dist": 1.7360647548038095}
{"t": 1785081223.52377, "x": 0.11123650944301364, "y": -0.007608113097844698, "zone": null, "min_dist": 1.7068994375455295}
{"t": 1785081223.6841557, "x": 0.14392651253333902, "y": -0.012912118943658232, "zone": null, "min_dist": 1.6772828587743605}
{"t": 1785081223.8364968, "x": 0.17486918791677397, "y": -0.01967622676175819, "zone": null, "min_dist": 1.6483344228367052}
{"t": 1785081223.9965727, "x": 0.20611485822307105, "y": -0.028460886634733756, "zone": null, "min_dist": 1.6180318318592102}
{"t": 1785081224.1490843, "x": 0.2360306329931721, "y": -0.037995645334240775, "zone": null, "min_dist": 1.5884177470450036}
{"t": 1785081224.3015072, "x": 0.266970791610454, "y": -0.048614312239625736, "zone": null, "min_dist": 1.5574003196407245}
{"t": 1785081224.453505, "x": 0.2973498590391844, "y": -0.05971776116436128, "zone": null, "min_dist": 1.5265968853049683}
{"t": 1785081224.6136708, "x": 0.32764923463271356, "y": -0.07134718613431217, "zone": null, "min_dist": 1.4955943185763718}
{"t": 1785081224.7661338, "x": 0.3560168775274715, "y": -0.08261478836343904, "zone": null, "min_dist": 1.4663877423899363}
{"t": 1785081224.918584, "x": 0.3852675291764612, "y": -0.09448286186220885, "zone": null, "min_dist": 1.4361719148380556}
{"t": 1785081225.0705326, "x": 0.41402354157289867, "y": -0.10625429411373351, "zone": null, "min_dist": 1.4064587640766473}
{"t": 1785081225.222688, "x": 0.4434080916051112, "y": -0.11820000493137099, "zone": null, "min_dist": 1.376211354475971}
{"t": 1785081225.3750591, "x": 0.4721696880314628, "y": -0.12952843550700144, "zone": null, "min_dist": 1.3469060452727315}
{"t": 1785081225.5354598, "x": 0.5024909054664145, "y": -0.14084424529110426, "zone": null, "min_dist": 1.3165002865653412}
{"t": 1785081225.68773, "x": 0.532270413669281, "y": -0.15127734395278722, "zone": null, "min_dist": 1.2871793578004815}
{"t": 1785081225.8479428, "x": 0.5620806869080502, "y": -0.16090947649307732, "zone": null, "min_dist": 1.2584774707995359}
{"t": 1785081226.0083106, "x": 0.5927459878318603, "y": -0.1699464521919051, "zone": null, "min_dist": 1.229674239310555}
{"t": 1785081226.1687684, "x": 0.6235297683656295, "y": -0.1784311756962715, "zone": null, "min_dist": 1.2013223547445613}
{"t": 1785081226.3286717, "x": 0.6529975463278627, "y": -0.18615452885904155, "zone": null, "min_dist": 1.1746308387843687}
{"t": 1785081226.4811082, "x": 0.6836618997421339, "y": -0.1939503219655524, "zone": null, "min_dist": 1.1472244668730085}
{"t": 1785081226.6412644, "x": 0.715811716431772, "y": -0.2020746491283576, "zone": null, "min_dist": 1.118765448898614}
{"t": 1785081226.801721, "x": 0.7483711170791146, "y": -0.21045448210884335, "zone": null, "min_dist": 1.0901046291356224}
{"t": 1785081226.9618807, "x": 0.7778681848747007, "y": -0.21836292144195124, "zone": null, "min_dist": 1.0641573572516994}
{"t": 1785081227.1140318, "x": 0.8048764900807311, "y": -0.2260361665156398, "zone": null, "min_dist": 1.0402964527404148}
{"t": 1785081227.274325, "x": 0.8374266663614364, "y": -0.23588860245492488, "zone": null, "min_dist": 1.011370184604632}
{"t": 1785081227.4269536, "x": 0.8676815371401255, "y": -0.24555955391277223, "zone": null, "min_dist": 0.9843815445068897}
{"t": 1785081227.5785677, "x": 0.8974815535265257, "y": -0.2555105230103948, "zone": null, "min_dist": 0.9577541749786659}
{"t": 1785081227.7390265, "x": 0.9287731088603265, "y": -0.26636143179277605, "zone": null, "min_dist": 0.9297987469997161}
{"t": 1785081227.8994138, "x": 0.9604169490511174, "y": -0.27768502716469634, "zone": null, "min_dist": 0.9016034543264405}
{"t": 1785081228.0516493, "x": 0.9908200452328306, "y": -0.2888164540496776, "zone": null, "min_dist": 0.8746692302620294}
{"t": 1785081228.2116263, "x": 1.022068457952529, "y": -0.30030634004718304, "zone": null, "min_dist": 0.8473427740070967}
{"t": 1785081228.3716643, "x": 1.054383144487705, "y": -0.31201139558694585, "zone": null, "min_dist": 0.8196967132536811}
{"t": 1785081228.524171, "x": 1.084140388932454, "y": -0.3225261605644335, "zone": null, "min_dist": 0.7949276817653405}
{"t": 1785081228.6843798, "x": 1.1152269148955736, "y": -0.33348222846026376, "zone": null, "min_dist": 0.7696078656036944}
{"t": 1785081228.8445773, "x": 1.1463574119750546, "y": -0.34487672847236406, "zone": null, "min_dist": 0.7444794026445956}
{"t": 1785081228.9970791, "x": 1.17508783068551, "y": -0.35602151553914113, "zone": null, "min_dist": 0.7213017442216209}
{"t": 1785081229.1495566, "x": 1.2039424942584107, "y": -0.3678305371586139, "zone": null, "min_dist": 0.6980603673430384}
{"t": 1785081229.3101523, "x": 1.233809762719439, "y": -0.38075855921887813, "zone": null, "min_dist": 0.6740305663722982}
{"t": 1785081229.462759, "x": 1.262426762828299, "y": -0.3938320573371126, "zone": null, "min_dist": 0.6510611474603587}
{"t": 1785081229.6227124, "x": 1.2934057746024323, "y": -0.40873088851858036, "zone": null, "min_dist": 0.6263228689419288}
{"t": 1785081229.7825305, "x": 1.3237372374361225, "y": -0.4240750103384954, "zone": null, "min_dist": 0.6022940769949959}
{"t": 1785081229.9347534, "x": 1.351078898616455, "y": -0.4385749411496205, "zone": null, "min_dist": 0.580840417965589}
{"t": 1785081230.095431, "x": 1.3789920131366655, "y": -0.4541108814320469, "zone": null, "min_dist": 0.5591402888860841}
{"t": 1785081230.255706, "x": 1.4082170270940622, "y": -0.4711582441052341, "zone": null, "min_dist": 0.5367473492187095}
{"t": 1785081230.4078813, "x": 1.4338834550017219, "y": -0.48681670903344054, "zone": null, "min_dist": 0.517424861839647}
{"t": 1785081230.5604312, "x": 1.4591265303503975, "y": -0.502892972749888, "zone": null, "min_dist": 0.49878455976768227}
{"t": 1785081230.7203453, "x": 1.4857025799398358, "y": -0.5205678076874849, "zone": null, "min_dist": 0.479645330682955}
{"t": 1785081230.8724139, "x": 1.5102959587044815, "y": -0.5375737904206624, "zone": null, "min_dist": 0.46242620957933755}
{"t": 1785081231.0326962, "x": 1.5361395686348194, "y": -0.5561283299891115, "zone": null, "min_dist": 0.44387167001088845}
{"t": 1785081231.192519, "x": 1.562421697723078, "y": -0.5757536726120878, "zone": null, "min_dist": 0.42424632738791224}
{"t": 1785081231.3532379, "x": 1.5887791132262996, "y": -0.59619825831292, "zone": null, "min_dist": 0.40380174168708005}
{"t": 1785081231.5136712, "x": 1.614248957464681, "y": -0.6167199955216236, "zone": null, "min_dist": 0.3832800044783764}
{"t": 1785081231.6738539, "x": 1.638445726862755, "y": -0.636955552553757, "zone": null, "min_dist": 0.363044447446243}
{"t": 1785081231.834427, "x": 1.6644341615623814, "y": -0.6594669941711455, "zone": null, "min_dist": 0.3405330058288545}
{"t": 1785081231.994373, "x": 1.6884854505615945, "y": -0.6810785641522882, "zone": null, "min_dist": 0.3189214358477118}
{"t": 1785081232.1545436, "x": 1.7117718196577945, "y": -0.7028818355818015, "zone": null, "min_dist": 0.2971181644181985}
{"t": 1785081232.3069386, "x": 1.7336225928659963, "y": -0.7242115814281265, "zone": null, "min_dist": 0.27578841857187353}
{"t": 1785081232.483192, "x": 1.758318915082975, "y": -0.7493816163902954, "zone": null, "min_dist": 0.25061838360970456}
{"t": 1785081232.63536, "x": 1.7785210187792682, "y": -0.7708940972316537, "zone": null, "min_dist": 0.2291059027683463}
{"t": 1785081232.787816, "x": 1.7987321753391092, "y": -0.7932686490703958, "zone": null, "min_dist": 0.20673135092960415}
{"t": 1785081232.940525, "x": 1.8183120004713826, "y": -0.8158181050521505, "zone": null, "min_dist": 0.18418189494784953}
{"t": 1785081233.0923512, "x": 1.8377373675016562, "y": -0.8390744404381604, "zone": null, "min_dist": 0.16092555956183963}
{"t": 1785081233.2524047, "x": 1.8565087896962118, "y": -0.8624267088097144, "zone": null, "min_dist": 0.1375732911902856}
{"t": 1785081233.4126797, "x": 1.8738275557081532, "y": -0.8848118369571197, "zone": null, "min_dist": 0.11518816304288026}
{"t": 1785081233.564602, "x": 1.891626801092929, "y": -0.908671776556436, "zone": null, "min_dist": 0.09132822344356395}
{"t": 1785081233.7171247, "x": 1.9083163487370836, "y": -0.9319004733955683, "zone": null, "min_dist": 0.06809952660443175}
{"t": 1785081233.877527, "x": 1.9246059335517827, "y": -0.9555086787284864, "zone": null, "min_dist": 0.04449132127151356}
{"t": 1785081234.0298195, "x": 1.9386788271650033, "y": -0.9767487152794966, "zone": null, "min_dist": 0.023251284720503418}
{"t": 1785081234.1897516, "x": 1.954469433822925, "y": -1.0015033559382016, "zone": "wh_forbidden_zone", "min_dist": 0.0}
{"t": 1785081234.3502934, "x": 1.970093063663148, "y": -1.0266947606200967, "zone": "wh_forbidden_zone", "min_dist": 0.0}
{"t": 1785081234.510829, "x": 1.9862454752963183, "y": -1.052686728390204, "zone": "wh_forbidden_zone", "min_dist": 0.0}
{"t": 1785081234.6709986, "x": 2.0026162943409545, "y": -1.0789473847326907, "zone": "wh_forbidden_zone", "min_dist": 0.0}
{"t": 1785081234.8307612, "x": 2.0187182109530166, "y": -1.104698867954058, "zone": "wh_forbidden_zone", "min_dist": 0.0}
{"t": 1785081234.9831374, "x": 2.033987171191886, "y": -1.1290346248378722, "zone": "wh_forbidden_zone", "min_dist": 0.0}
{"t": 1785081235.1357088, "x": 2.0490216478929404, "y": -1.1529288394413602, "zone": "wh_forbidden_zone", "min_dist": 0.0}
{"t": 1785081235.29609, "x": 2.0651257316700344, "y": -1.1784444411517043, "zone": "wh_forbidden_zone", "min_dist": 0.0}
{"t": 1785081235.4561298, "x": 2.081043645292038, "y": -1.203589495415614, "zone": "wh_forbidden_zone", "min_dist": 0.0}
{"t": 1785081235.608625, "x": 2.0961031169013955, "y": -1.2273086710485288, "zone": "wh_forbidden_zone", "min_dist": 0.0}
{"t": 1785081235.7686653, "x": 2.112876568213317, "y": -1.253650112174171, "zone": "wh_forbidden_zone", "min_dist": 0.0}
{"t": 1785081235.9209538, "x": 2.127890734029328, "y": -1.2771325643827347, "zone": "wh_forbidden_zone", "min_dist": 0.0}
{"t": 1785081236.0810535, "x": 2.143855193899093, "y": -1.3019942655908763, "zone": "wh_forbidden_zone", "min_dist": 0.0}
{"t": 1785081236.2415504, "x": 2.1605530884939323, "y": -1.3278940407126245, "zone": "wh_forbidden_zone", "min_dist": 0.0}
{"t": 1785081236.3938005, "x": 2.176168648524409, "y": -1.3519923264587397, "zone": "wh_forbidden_zone", "min_dist": 0.0}
{"t": 1785081236.5460398, "x": 2.192061922782766, "y": -1.3763918345960586, "zone": "wh_forbidden_zone", "min_dist": 0.0}
{"t": 1785081236.7062857, "x": 2.209360967841154, "y": -1.4027909227092954, "zone": "wh_forbidden_zone", "min_dist": 0.0}
{"t": 1785081236.8667624, "x": 2.2261304706760012, "y": -1.4282742903532544, "zone": "wh_forbidden_zone", "min_dist": 0.0}
{"t": 1785081237.0195763, "x": 2.2421662627108057, "y": -1.452542739138997, "zone": "wh_forbidden_zone", "min_dist": 0.0}
{"t": 1785081237.1795914, "x": 2.259085691913365, "y": -1.4780421371300294, "zone": "wh_forbidden_zone", "min_dist": 0.0}
{"t": 1785081237.3394365, "x": 2.2763480830941587, "y": -1.5039544216503715, "zone": "wh_forbidden_zone", "min_dist": 0.0}
{"t": 1785081237.4915123, "x": 2.2920423584875964, "y": -1.5274126754282484, "zone": "wh_forbidden_zone", "min_dist": 0.0}
{"t": 1785081237.6515195, "x": 2.3087585850891506, "y": -1.5523005030015256, "zone": "wh_forbidden_zone", "min_dist": 0.0}
{"t": 1785081237.8117096, "x": 2.3252634705275246, "y": -1.5767682333083024, "zone": "wh_forbidden_zone", "min_dist": 0.0}
{"t": 1785081237.9880269, "x": 2.3442718572083923, "y": -1.6048250140853608, "zone": "wh_forbidden_zone", "min_dist": 0.0}
{"t": 1785081238.1484702, "x": 2.361414245165528, "y": -1.630003930814747, "zone": "wh_forbidden_zone", "min_dist": 0.0}
{"t": 1785081238.3250594, "x": 2.380860624372557, "y": -1.6584166820614545, "zone": "wh_forbidden_zone", "min_dist": 0.0}
{"t": 1785081238.5010438, "x": 2.399125299842482, "y": -1.6849542969740716, "zone": "wh_forbidden_zone", "min_dist": 0.0}
{"t": 1785081238.6614945, "x": 2.4168952893875333, "y": -1.7106400990343975, "zone": "wh_forbidden_zone", "min_dist": 0.0}
{"t": 1785081238.8217924, "x": 2.4338362014670025, "y": -1.7350031190791126, "zone": "wh_forbidden_zone", "min_dist": 0.0}
{"t": 1785081238.9739716, "x": 2.4505132040118554, "y": -1.7588167094663545, "zone": "wh_forbidden_zone", "min_dist": 0.0}
{"t": 1785081239.1262312, "x": 2.466234682854271, "y": -1.781085410813087, "zone": "wh_forbidden_zone", "min_dist": 0.0}
{"t": 1785081239.3802288, "x": 2.4832171781205252, "y": -1.8048441141592964, "zone": "wh_forbidden_zone", "min_dist": 0.0}
{"t": 1785081239.5349028, "x": 2.510405294359461, "y": -1.8424238028936775, "zone": "wh_forbidden_zone", "min_dist": 0.0}
{"t": 1785081239.687117, "x": 2.5278405126710646, "y": -1.8662669213966223, "zone": "wh_forbidden_zone", "min_dist": 0.0}
{"t": 1785081239.8473089, "x": 2.5455430125742287, "y": -1.890263579855175, "zone": "wh_forbidden_zone", "min_dist": 0.0}
{"t": 1785081239.999534, "x": 2.562450006962312, "y": -1.912969477632148, "zone": "wh_forbidden_zone", "min_dist": 0.0}
{"t": 1785081240.151691, "x": 2.57863480050405, "y": -1.9344990087120095, "zone": "wh_forbidden_zone", "min_dist": 0.0}
{"t": 1785081240.3131046, "x": 2.598430524622385, "y": -1.960464186027938, "zone": "wh_forbidden_zone", "min_dist": 0.0}
{"t": 1785081240.47256, "x": 2.620049193070444, "y": -1.9876240306989283, "zone": "wh_forbidden_zone", "min_dist": 0.0}
{"t": 1785081240.6246274, "x": 2.6412451753300443, "y": -2.012911292950301, "zone": "wh_forbidden_zone", "min_dist": 0.0}
{"t": 1785081240.7765079, "x": 2.6632031287524276, "y": -2.037838629671008, "zone": "wh_forbidden_zone", "min_dist": 0.0}
{"t": 1785081240.9289675, "x": 2.6857542549344324, "y": -2.0622029613714803, "zone": "wh_forbidden_zone", "min_dist": 0.0}
{"t": 1785081241.089159, "x": 2.710007062006921, "y": -2.087097744092027, "zone": "wh_forbidden_zone", "min_dist": 0.0}
{"t": 1785081241.2493546, "x": 2.7350251287597103, "y": -2.111478210074955, "zone": "wh_forbidden_zone", "min_dist": 0.0}
{"t": 1785081241.4095607, "x": 2.7604946380115742, "y": -2.1350455558367134, "zone": "wh_forbidden_zone", "min_dist": 0.0}
{"t": 1785081241.5697398, "x": 2.7867987629311246, "y": -2.158147644642102, "zone": "wh_forbidden_zone", "min_dist": 0.0}
{"t": 1785081241.7300625, "x": 2.813531550466641, "y": -2.180430770140772, "zone": "wh_forbidden_zone", "min_dist": 0.0}
{"t": 1785081241.882808, "x": 2.839414340659266, "y": -2.200806711838646, "zone": "wh_forbidden_zone", "min_dist": 0.0}
{"t": 1785081242.042437, "x": 2.8676426497565584, "y": -2.2218163913726467, "zone": "wh_forbidden_zone", "min_dist": 0.0}
{"t": 1785081242.2025075, "x": 2.8963410506655216, "y": -2.2419812621750763, "zone": "wh_forbidden_zone", "min_dist": 0.0}
{"t": 1785081242.3554974, "x": 2.923600813373662, "y": -2.260076595646544, "zone": "wh_forbidden_zone", "min_dist": 0.0}
{"t": 1785081242.5073807, "x": 2.9517229963587215, "y": -2.277668309189782, "zone": "wh_forbidden_zone", "min_dist": 0.0}
{"t": 1785081242.6595502, "x": 2.9798865362721014, "y": -2.294266911436561, "zone": "wh_forbidden_zone", "min_dist": 0.0}
{"t": 1785081242.819933, "x": 3.0106716801976687, "y": -2.3113154418385546, "zone": "wh_forbidden_zone", "min_dist": 0.0}
{"t": 1785081242.9719768, "x": 3.0397396527958245, "y": -2.326378700693225, "zone": "wh_forbidden_zone", "min_dist": 0.0}
{"t": 1785081243.12409, "x": 3.0696902665522883, "y": -2.3408442433343257, "zone": "wh_forbidden_zone", "min_dist": 0.0}
{"t": 1785081243.2766426, "x": 3.099823884352042, "y": -2.3544323077997444, "zone": "wh_forbidden_zone", "min_dist": 0.0}
{"t": 1785081243.42895, "x": 3.1305297288730074, "y": -2.367345342688918, "zone": "wh_forbidden_zone", "min_dist": 0.0}
{"t": 1785081243.581098, "x": 3.161667710339313, "y": -2.379514497466128, "zone": "wh_forbidden_zone", "min_dist": 0.0}
{"t": 1785081243.74162, "x": 3.194471110630223, "y": -2.391344378825209, "zone": "wh_forbidden_zone", "min_dist": 0.0}
{"t": 1785081243.9014847, "x": 3.227680928185468, "y": -2.4022970055039194, "zone": "wh_forbidden_zone", "min_dist": 0.0}
{"t": 1785081244.053725, "x": 3.2592903733991294, "y": -2.4117971008593897, "zone": "wh_forbidden_zone", "min_dist": 0.0}
{"t": 1785081244.2138045, "x": 3.292648623045249, "y": -2.4208725068964974, "zone": "wh_forbidden_zone", "min_dist": 0.0}
{"t": 1785081244.3662446, "x": 3.325127280740117, "y": -2.4287887140320428, "zone": "wh_forbidden_zone", "min_dist": 0.0}
{"t": 1785081244.5269754, "x": 3.3594348368242484, "y": -2.436181888842117, "zone": "wh_forbidden_zone", "min_dist": 0.0}
{"t": 1785081244.6791482, "x": 3.3917992329844657, "y": -2.4422352343726343, "zone": "wh_forbidden_zone", "min_dist": 0.0}
{"t": 1785081244.831201, "x": 3.4243053600651026, "y": -2.4474269947127283, "zone": "wh_forbidden_zone", "min_dist": 0.0}
{"t": 1785081244.9918244, "x": 3.45919148970925, "y": -2.4520477324496723, "zone": "wh_forbidden_zone", "min_dist": 0.0}
{"t": 1785081245.1521058, "x": 3.4941948616057843, "y": -2.4557021951305305, "zone": "wh_forbidden_zone", "min_dist": 0.0}
{"t": 1785081245.3127172, "x": 3.5290431306003778, "y": -2.458363512491487, "zone": "wh_forbidden_zone", "min_dist": 0.0}
{"t": 1785081245.4725742, "x": 3.545714777802164, "y": -2.458803921776422, "zone": "wh_forbidden_zone", "min_dist": 0.0}
{"t": 1785081245.632714, "x": 3.5468464859066704, "y": -2.4588056006234202, "zone": "wh_forbidden_zone", "min_dist": 0.0}
{"t": 1785081245.7854016, "x": 3.546691634664088, "y": -2.4588064148389757, "zone": "wh_forbidden_zone", "min_dist": 0.0}
{"t": 1785081245.9376214, "x": 3.5465409352921466, "y": -2.4588072120554343, "zone": "wh_forbidden_zone", "min_dist": 0.0}
{"t": 1785081246.0906262, "x": 3.5460654272803787, "y": -2.459050436251664, "zone": "wh_forbidden_zone", "min_dist": 0.0}
{"t": 1785081246.249558, "x": 3.5380741540036325, "y": -2.4611365407220758, "zone": "wh_forbidden_zone", "min_dist": 0.0}
{"t": 1785081246.4032376, "x": 3.5367229323573692, "y": -2.4623109864683985, "zone": "wh_forbidden_zone", "min_dist": 0.0}
{"t": 1785081246.5630505, "x": 3.5280860864165424, "y": -2.4647115536054427, "zone": "wh_forbidden_zone", "min_dist": 0.0}
{"t": 1785081246.722911, "x": 3.5294198143134343, "y": -2.467896483390541, "zone": "wh_forbidden_zone", "min_dist": 0.0}
{"t": 1785081246.8755054, "x": 3.522317167604489, "y": -2.474247882557017, "zone": "wh_forbidden_zone", "min_dist": 0.0}
{"t": 1785081247.0274081, "x": 3.5195102382628654, "y": -2.4796960292363015, "zone": "wh_forbidden_zone", "min_dist": 0.0}
{"t": 1785081247.187369, "x": 3.5228840683928118, "y": -2.4791779005594194, "zone": "wh_forbidden_zone", "min_dist": 0.0}
{"t": 1785081247.3477876, "x": 3.523102893228774, "y": -2.4769454029042213, "zone": "wh_forbidden_zone", "min_dist": 0.0}
{"t": 1785081247.5081732, "x": 3.52032056648306, "y": -2.4760767473465157, "zone": "wh_forbidden_zone", "min_dist": 0.0}
{"t": 1785081247.6607883, "x": 3.5216557590859563, "y": -2.4797062821561933, "zone": "wh_forbidden_zone", "min_dist": 0.0}
{"t": 1785081247.8128195, "x": 3.5208761435740055, "y": -2.484235465654489, "zone": "wh_forbidden_zone", "min_dist": 0.0}
{"t": 1785081247.9647744, "x": 3.5216123476583547, "y": -2.483056304010102, "zone": "wh_forbidden_zone", "min_dist": 0.0}
{"t": 1785081248.1247778, "x": 3.5237613987160064, "y": -2.481747319088754, "zone": "wh_forbidden_zone", "min_dist": 0.0}
{"t": 1785081248.3847723, "x": 3.52385801930957, "y": -2.4808934626311547, "zone": "wh_forbidden_zone", "min_dist": 0.0}
{"t": 1785081248.5414758, "x": 3.5229050701473503, "y": -2.4798904020114207, "zone": "wh_forbidden_zone", "min_dist": 0.0}
{"t": 1785081248.7016728, "x": 3.5229577986212237, "y": -2.4797702903626435, "zone": "wh_forbidden_zone", "min_dist": 0.0}
{"t": 1785081248.8537238, "x": 3.523169055166309, "y": -2.4798839199297595, "zone": "wh_forbidden_zone", "min_dist": 0.0}
{"t": 1785081249.0060587, "x": 3.523599949032822, "y": -2.4799025405239465, "zone": "wh_forbidden_zone", "min_dist": 0.0}
{"t": 1785081249.1589177, "x": 3.5248946909988907, "y": -2.4801003779599187, "zone": "wh_forbidden_zone", "min_dist": 0.0}
{"t": 1785081249.3186367, "x": 3.526317686378478, "y": -2.4815040906851786, "zone": "wh_forbidden_zone", "min_dist": 0.0}
{"t": 1785081249.470875, "x": 3.5255439051472792, "y": -2.481599622438697, "zone": "wh_forbidden_zone", "min_dist": 0.0}
{"t": 1785081249.6312325, "x": 3.525770978538365, "y": -2.481739467874488, "zone": "wh_forbidden_zone", "min_dist": 0.0}
{"t": 1785081249.7912204, "x": 3.527419748694308, "y": -2.482105782557695, "zone": "wh_forbidden_zone", "min_dist": 0.0}
{"t": 1785081249.9438753, "x": 3.524239915317825, "y": -2.486431287711793, "zone": "wh_forbidden_zone", "min_dist": 0.0}
{"t": 1785081250.0967293, "x": 3.523060554872142, "y": -2.4906667230430495, "zone": "wh_forbidden_zone", "min_dist": 0.0}
{"t": 1785081250.2479582, "x": 3.522480030642471, "y": -2.4910274110732877, "zone": "wh_forbidden_zone", "min_dist": 0.0}
{"t": 1785081250.4004834, "x": 3.522415082825888, "y": -2.4911614088001683, "zone": "wh_forbidden_zone", "min_dist": 0.0}
{"t": 1785081250.5606592, "x": 3.523462619547503, "y": -2.491115107838989, "zone": "wh_forbidden_zone", "min_dist": 0.0}
{"t": 1785081250.720794, "x": 3.524271315200493, "y": -2.4910688041270537, "zone": "wh_forbidden_zone", "min_dist": 0.0}
{"t": 1785081250.8807344, "x": 3.5249510600921297, "y": -2.491044852416561, "zone": "wh_forbidden_zone", "min_dist": 0.0}
{"t": 1785081251.0329413, "x": 3.526384263101396, "y": -2.4909675606526425, "zone": "wh_forbidden_zone", "min_dist": 0.0}
{"t": 1785081251.1936402, "x": 3.527581539816376, "y": -2.4909639199658735, "zone": "wh_forbidden_zone", "min_dist": 0.0}
{"t": 1785081251.3463578, "x": 3.529201569754986, "y": -2.4908701426634825, "zone": "wh_forbidden_zone", "min_dist": 0.0}
{"t": 1785081251.5064585, "x": 3.530712903621206, "y": -2.4907529114087152, "zone": "wh_forbidden_zone", "min_dist": 0.0}
{"t": 1785081251.6590548, "x": 3.531780805274962, "y": -2.490687241775817, "zone": "wh_forbidden_zone", "min_dist": 0.0}
{"t": 1785081251.8190303, "x": 3.532946350004566, "y": -2.4906430342963493, "zone": "wh_forbidden_zone", "min_dist": 0.0}
{"t": 1785081251.9716141, "x": 3.533667215218304, "y": -2.4906273068634905, "zone": "wh_forbidden_zone", "min_dist": 0.0}
{"t": 1785081252.1312163, "x": 3.5314706188836142, "y": -2.490824813548707, "zone": "wh_forbidden_zone", "min_dist": 0.0}
{"t": 1785081252.386387, "x": 3.5207227678876083, "y": -2.491821920519966, "zone": "wh_forbidden_zone", "min_dist": 0.0}
{"t": 1785081252.540045, "x": 3.5168405732714993, "y": -2.4962426682397996, "zone": "wh_forbidden_zone", "min_dist": 0.0}
{"t": 1785081252.692647, "x": 3.515948923399445, "y": -2.499892803214249, "zone": "wh_forbidden_zone", "min_dist": 0.0}
{"t": 1785081252.845414, "x": 3.5110594644156192, "y": -2.5007010485638554, "zone": "wh_forbidden_zone", "min_dist": 0.0}
{"t": 1785081253.0056136, "x": 3.5109148593227695, "y": -2.5007271154350397, "zone": "wh_forbidden_zone", "min_dist": 0.0}
{"t": 1785081253.1573668, "x": 3.510801943156086, "y": -2.5007474817214574, "zone": "wh_forbidden_zone", "min_dist": 0.0}
{"t": 1785081253.3096392, "x": 3.510708651309684, "y": -2.5007643155242683, "zone": "wh_forbidden_zone", "min_dist": 0.0}
{"t": 1785081253.469525, "x": 3.5106279104955083, "y": -2.5007788891865963, "zone": "wh_forbidden_zone", "min_dist": 0.0}
{"t": 1785081253.629921, "x": 3.510561869480721, "y": -2.500790812156506, "zone": "wh_forbidden_zone", "min_dist": 0.0}
{"t": 1785081253.7821462, "x": 3.510510317835445, "y": -2.500800118619333, "zone": "wh_forbidden_zone", "min_dist": 0.0}
{"t": 1785081253.9426072, "x": 3.5104532841696114, "y": -2.5008104179990696, "zone": "wh_forbidden_zone", "min_dist": 0.0}
{"t": 1785081254.1030312, "x": 3.5093553344197055, "y": -2.501012388770134, "zone": "wh_forbidden_zone", "min_dist": 0.0}
{"t": 1785081254.2630203, "x": 3.505941608549756, "y": -2.501686418288875, "zone": "wh_forbidden_zone", "min_dist": 0.0}
{"t": 1785081254.4155743, "x": 3.5027782814487454, "y": -2.5023797090756874, "zone": "wh_forbidden_zone", "min_dist": 0.0}
{"t": 1785081254.5672665, "x": 3.499037080771558, "y": -2.503291378798359, "zone": "wh_forbidden_zone", "min_dist": 0.0}
{"t": 1785081254.7196438, "x": 3.496029414612188, "y": -2.5041028425081904, "zone": "wh_forbidden_zone", "min_dist": 0.0}
{"t": 1785081254.8722227, "x": 3.492312666450494, "y": -2.5052123338001473, "zone": "wh_forbidden_zone", "min_dist": 0.0}
{"t": 1785081255.0318842, "x": 3.4887954033459105, "y": -2.50639646380586, "zone": "wh_forbidden_zone", "min_dist": 0.0}
{"t": 1785081255.1845531, "x": 3.4853683399288626, "y": -2.507687750646854, "zone": "wh_forbidden_zone", "min_dist": 0.0}
{"t": 1785081255.3445385, "x": 3.481301597515377, "y": -2.5094042485941443, "zone": "wh_forbidden_zone", "min_dist": 0.0}
{"t": 1785081255.5042036, "x": 3.4775915816144756, "y": -2.51122083191986, "zone": "wh_forbidden_zone", "min_dist": 0.0}
{"t": 1785081255.6642675, "x": 3.475185557298056, "y": -2.5125953715475204, "zone": "wh_forbidden_zone", "min_dist": 0.0}
{"t": 1785081255.8166022, "x": 3.4761091951152134, "y": -2.511900184403073, "zone": "wh_forbidden_zone", "min_dist": 0.0}
{"t": 1785081255.976819, "x": 3.483576194588936, "y": -2.5050471661519893, "zone": "wh_forbidden_zone", "min_dist": 0.0}
{"t": 1785081256.1372843, "x": 3.4929644863511395, "y": -2.4938578860120435, "zone": "wh_forbidden_zone", "min_dist": 0.0}
{"t": 1785081256.3137279, "x": 3.5008078543863554, "y": -2.480902211809353, "zone": "wh_forbidden_zone", "min_dist": 0.0}
{"t": 1785081256.4736795, "x": 3.5063478657693463, "y": -2.467180195643316, "zone": "wh_forbidden_zone", "min_dist": 0.0}
{"t": 1785081256.6254165, "x": 3.509597672293501, "y": -2.4538523039770705, "zone": "wh_forbidden_zone", "min_dist": 0.0}
{"t": 1785081256.7780516, "x": 3.5108238881582277, "y": -2.442795525091616, "zone": "wh_forbidden_zone", "min_dist": 0.0}
{"t": 1785081256.9301963, "x": 3.5108663765995485, "y": -2.44176927625965, "zone": "wh_forbidden_zone", "min_dist": 0.0}
{"t": 1785081257.082678, "x": 3.510871793827559, "y": -2.441834873325292, "zone": "wh_forbidden_zone", "min_dist": 0.0}
{"t": 1785081257.243214, "x": 3.509997083164485, "y": -2.4394603329221747, "zone": "wh_forbidden_zone", "min_dist": 0.0}
{"t": 1785081257.3951018, "x": 3.5074661026117173, "y": -2.4344065711819574, "zone": "wh_forbidden_zone", "min_dist": 0.0}
{"t": 1785081257.5557113, "x": 3.495722365286278, "y": -2.416191853404387, "zone": "wh_forbidden_zone", "min_dist": 0.0}
{"t": 1785081257.7157993, "x": 3.482179655212117, "y": -2.3987478860769937, "zone": "wh_forbidden_zone", "min_dist": 0.0}
{"t": 1785081257.8759758, "x": 3.4680834181918203, "y": -2.384784187926003, "zone": "wh_forbidden_zone", "min_dist": 0.0}
{"t": 1785081258.0370896, "x": 3.4502411895777048, "y": -2.371681134070382, "zone": "wh_forbidden_zone", "min_dist": 0.0}
{"t": 1785081258.1965828, "x": 3.4255908293123865, "y": -2.3584872022263856, "zone": "wh_forbidden_zone", "min_dist": 0.0}
{"t": 1785081258.3583953, "x": 3.3940876912516496, "y": -2.3470555909931075, "zone": "wh_forbidden_zone", "min_dist": 0.0}
{"t": 1785081258.5178316, "x": 3.361292711794705, "y": -2.340175845347361, "zone": "wh_forbidden_zone", "min_dist": 0.0}
{"t": 1785081258.6780353, "x": 3.3282103549145434, "y": -2.3380158401395783, "zone": "wh_forbidden_zone", "min_dist": 0.0}
{"t": 1785081258.830253, "x": 3.2967900871325497, "y": -2.340416359515349, "zone": "wh_forbidden_zone", "min_dist": 0.0}
{"t": 1785081258.982595, "x": 3.2668918407984724, "y": -2.3469290727607324, "zone": "wh_forbidden_zone", "min_dist": 0.0}
{"t": 1785081259.1345763, "x": 3.2387722999404733, "y": -2.3573291341535074, "zone": "wh_forbidden_zone", "min_dist": 0.0}
{"t": 1785081259.2863908, "x": 3.214173384315352, "y": -2.370389072593067, "zone": "wh_forbidden_zone", "min_dist": 0.0}
{"t": 1785081259.4392586, "x": 3.193984289309063, "y": -2.3850635610212008, "zone": "wh_forbidden_zone", "min_dist": 0.0}
{"t": 1785081259.5914438, "x": 3.176740015315949, "y": -2.4014617970504686, "zone": "wh_forbidden_zone", "min_dist": 0.0}
{"t": 1785081259.7519617, "x": 3.1681750143761374, "y": -2.4122197342296285, "zone": "wh_forbidden_zone", "min_dist": 0.0}
{"t": 1785081259.904594, "x": 3.16434430270853, "y": -2.418580205382246, "zone": "wh_forbidden_zone", "min_dist": 0.0}
{"t": 1785081260.0563576, "x": 3.16394873815157, "y": -2.41952931451609, "zone": "wh_forbidden_zone", "min_dist": 0.0}
{"t": 1785081260.2171102, "x": 3.163942812858258, "y": -2.41956507166716, "zone": "wh_forbidden_zone", "min_dist": 0.0}
{"t": 1785081260.3770149, "x": 3.1638538281200472, "y": -2.42038351869122, "zone": "wh_forbidden_zone", "min_dist": 0.0}
{"t": 1785081260.5293622, "x": 3.1638832538949413, "y": -2.4212201837862404, "zone": "wh_forbidden_zone", "min_dist": 0.0}
{"t": 1785081260.6818142, "x": 3.1639324832071556, "y": -2.4215944597117938, "zone": "wh_forbidden_zone", "min_dist": 0.0}
{"t": 1785081260.833412, "x": 3.163930255677282, "y": -2.4215874923528724, "zone": "wh_forbidden_zone", "min_dist": 0.0}
{"t": 1785081260.985485, "x": 3.1641769322310354, "y": -2.4220569028264527, "zone": "wh_forbidden_zone", "min_dist": 0.0}
{"t": 1785081261.137723, "x": 3.1647040345448305, "y": -2.4228829441096997, "zone": "wh_forbidden_zone", "min_dist": 0.0}
{"t": 1785081261.2984743, "x": 3.1646988931659754, "y": -2.422877201780712, "zone": "wh_forbidden_zone", "min_dist": 0.0}
{"t": 1785081261.4584754, "x": 3.1646929879094974, "y": -2.4228722519991823, "zone": "wh_forbidden_zone", "min_dist": 0.0}
{"t": 1785081261.6104114, "x": 3.1649796950296265, "y": -2.423072484131164, "zone": "wh_forbidden_zone", "min_dist": 0.0}
{"t": 1785081261.7630258, "x": 3.1649729806100395, "y": -2.4230695206142996, "zone": "wh_forbidden_zone", "min_dist": 0.0}
{"t": 1785081261.9161592, "x": 3.1659668038073154, "y": -2.4233276786622264, "zone": "wh_forbidden_zone", "min_dist": 0.0}
{"t": 1785081262.0754266, "x": 3.1720190420048384, "y": -2.4240766719529487, "zone": "wh_forbidden_zone", "min_dist": 0.0}
{"t": 1785081262.2357867, "x": 3.1834131163448665, "y": -2.4238381933213855, "zone": "wh_forbidden_zone", "min_dist": 0.0}
{"t": 1785081262.3962173, "x": 3.201487925576879, "y": -2.4207236386048683, "zone": "wh_forbidden_zone", "min_dist": 0.0}
{"t": 1785081262.5484183, "x": 3.224383689762472, "y": -2.4133956189029844, "zone": "wh_forbidden_zone", "min_dist": 0.0}
{"t": 1785081262.708725, "x": 3.2461212233905, "y": -2.4027825798635765, "zone": "wh_forbidden_zone", "min_dist": 0.0}
{"t": 1785081262.8692076, "x": 3.2665223472291345, "y": -2.388816722321687, "zone": "wh_forbidden_zone", "min_dist": 0.0}
{"t": 1785081263.0217245, "x": 3.284672146706507, "y": -2.3721926653509726, "zone": "wh_forbidden_zone", "min_dist": 0.0}
{"t": 1785081263.1818159, "x": 3.3021115495244655, "y": -2.350809678829191, "zone": "wh_forbidden_zone", "min_dist": 0.0}
{"t": 1785081263.342023, "x": 3.3165543063022223, "y": -2.326418127808055, "zone": "wh_forbidden_zone", "min_dist": 0.0}
{"t": 1785081263.494132, "x": 3.327011357776615, "y": -2.301033216191027, "zone": "wh_forbidden_zone", "min_dist": 0.0}
{"t": 1785081263.6543972, "x": 3.3338088282653504, "y": -2.2743530343437217, "zone": "wh_forbidden_zone", "min_dist": 0.0}
{"t": 1785081263.8065004, "x": 3.336776643705758, "y": -2.2466560924963015, "zone": "wh_forbidden_zone", "min_dist": 0.0}
{"t": 1785081263.9667933, "x": 3.335587905765561, "y": -2.216314832748499, "zone": "wh_forbidden_zone", "min_dist": 0.0}
{"t": 1785081264.120589, "x": 3.3304320830468086, "y": -2.1882496335291286, "zone": "wh_forbidden_zone", "min_dist": 0.0}
{"t": 1785081264.2714417, "x": 3.3221020003358697, "y": -2.163075900228028, "zone": "wh_forbidden_zone", "min_dist": 0.0}
{"t": 1785081264.4237537, "x": 3.3097451600953756, "y": -2.137615678194923, "zone": "wh_forbidden_zone", "min_dist": 0.0}
{"t": 1785081264.575581, "x": 3.2928640647253835, "y": -2.1123751176477708, "zone": "wh_forbidden_zone", "min_dist": 0.0}
{"t": 1785081264.7358205, "x": 3.2711180170713323, "y": -2.0880789140311444, "zone": "wh_forbidden_zone", "min_dist": 0.0}
{"t": 1785081264.8879278, "x": 3.246260584970113, "y": -2.066823445268493, "zone": "wh_forbidden_zone", "min_dist": 0.0}
{"t": 1785081265.0407085, "x": 3.2185046404205027, "y": -2.0484513762173093, "zone": "wh_forbidden_zone", "min_dist": 0.0}
{"t": 1785081265.2006147, "x": 3.1871447841180833, "y": -2.0327433080805095, "zone": "wh_forbidden_zone", "min_dist": 0.0}
{"t": 1785081265.3531322, "x": 3.1557828293867654, "y": -2.021496977510343, "zone": "wh_forbidden_zone", "min_dist": 0.0}
{"t": 1785081265.5054507, "x": 3.1234486541006645, "y": -2.0140095014781068, "zone": "wh_forbidden_zone", "min_dist": 0.0}
{"t": 1785081265.657672, "x": 3.0903670207081166, "y": -2.010331414868344, "zone": "wh_forbidden_zone", "min_dist": 0.0}
{"t": 1785081265.8095775, "x": 3.05695398476559, "y": -2.0105273183934513, "zone": "wh_forbidden_zone", "min_dist": 0.0}
{"t": 1785081265.9618974, "x": 3.0240453281188326, "y": -2.0145841454251743, "zone": "wh_forbidden_zone", "min_dist": 0.0}
{"t": 1785081266.1140516, "x": 2.9917711222539336, "y": -2.022461546480972, "zone": "wh_forbidden_zone", "min_dist": 0.0}
{"t": 1785081266.2665381, "x": 2.9606947105420174, "y": -2.034024307024642, "zone": "wh_forbidden_zone", "min_dist": 0.0}
{"t": 1785081266.4186776, "x": 2.931312479805657, "y": -2.0490426882590285, "zone": "wh_forbidden_zone", "min_dist": 0.0}
{"t": 1785081266.5706382, "x": 2.9037381314625215, "y": -2.067457258839384, "zone": "wh_forbidden_zone", "min_dist": 0.0}
{"t": 1785081266.7233205, "x": 2.878658100835684, "y": -2.088825466803844, "zone": "wh_forbidden_zone", "min_dist": 0.0}
{"t": 1785081266.8836582, "x": 2.8551850779495407, "y": -2.1143880068804983, "zone": "wh_forbidden_zone", "min_dist": 0.0}
{"t": 1785081267.0435874, "x": 2.8350822979394454, "y": -2.1427723668711804, "zone": "wh_forbidden_zone", "min_dist": 0.0}
{"t": 1785081267.2039464, "x": 2.818686233467332, "y": -2.173343747024356, "zone": "wh_forbidden_zone", "min_dist": 0.0}
{"t": 1785081267.3650029, "x": 2.8060618921522087, "y": -2.205895680091957, "zone": "wh_forbidden_zone", "min_dist": 0.0}
{"t": 1785081267.524741, "x": 2.7975404580003596, "y": -2.239655177233297, "zone": "wh_forbidden_zone", "min_dist": 0.0}
{"t": 1785081267.6767497, "x": 2.7933148967035644, "y": -2.2726070251158386, "zone": "wh_forbidden_zone", "min_dist": 0.0}
{"t": 1785081267.8371115, "x": 2.793144211832591, "y": -2.3074452902956994, "zone": "wh_forbidden_zone", "min_dist": 0.0}
{"t": 1785081267.9891734, "x": 2.7970049496328233, "y": -2.3402088224755278, "zone": "wh_forbidden_zone", "min_dist": 0.0}
{"t": 1785081268.149364, "x": 2.8052808385153303, "y": -2.374070856009224, "zone": "wh_forbidden_zone", "min_dist": 0.0}
{"t": 1785081268.3021085, "x": 2.8169455848183165, "y": -2.4048057704665036, "zone": "wh_forbidden_zone", "min_dist": 0.0}
{"t": 1785081268.461918, "x": 2.83322740198652, "y": -2.435626128418067, "zone": "wh_forbidden_zone", "min_dist": 0.0}
{"t": 1785081268.6148183, "x": 2.851970536846925, "y": -2.4624796095259955, "zone": "wh_forbidden_zone", "min_dist": 0.0}
{"t": 1785081268.7904768, "x": 2.8775830826201347, "y": -2.49061030559894, "zone": "wh_forbidden_zone", "min_dist": 0.0}
{"t": 1785081268.9509423, "x": 2.904180172622277, "y": -2.5129718221644732, "zone": "wh_forbidden_zone", "min_dist": 0.0}
{"t": 1785081269.111407, "x": 2.933259236111317, "y": -2.531704632031839, "zone": "wh_forbidden_zone", "min_dist": 0.0}
{"t": 1785081269.2715266, "x": 2.96458407819329, "y": -2.5466577532638657, "zone": "wh_forbidden_zone", "min_dist": 0.0}
{"t": 1785081269.4239647, "x": 2.9957371537073776, "y": -2.55705693251283, "zone": "wh_forbidden_zone", "min_dist": 0.0}
{"t": 1785081269.5764036, "x": 3.027823508382205, "y": -2.5636198314781713, "zone": "wh_forbidden_zone", "min_dist": 0.0}
{"t": 1785081269.7284546, "x": 3.060920703017713, "y": -2.5662615122627663, "zone": "wh_forbidden_zone", "min_dist": 0.0}
{"t": 1785081269.9046023, "x": 3.0989279841585047, "y": -2.5643543245826605, "zone": "wh_forbidden_zone", "min_dist": 0.0}
{"t": 1785081270.0651503, "x": 3.133447935557724, "y": -2.55792054018855, "zone": "wh_forbidden_zone", "min_dist": 0.0}
{"t": 1785081270.2253366, "x": 3.1666489248563847, "y": -2.547253197086365, "zone": "wh_forbidden_zone", "min_dist": 0.0}
{"t": 1785081270.3854456, "x": 3.1980785742097826, "y": -2.53249022956934, "zone": "wh_forbidden_zone", "min_dist": 0.0}
{"t": 1785081270.5455365, "x": 3.227743501155056, "y": -2.5136015456734833, "zone": "wh_forbidden_zone", "min_dist": 0.0}
{"t": 1785081270.705576, "x": 3.2547553642428237, "y": -2.4910805180020974, "zone": "wh_forbidden_zone", "min_dist": 0.0}
{"t": 1785081270.8660028, "x": 3.278663344863417, "y": -2.4652883241065955, "zone": "wh_forbidden_zone", "min_dist": 0.0}
{"t": 1785081271.018143, "x": 3.2980366663658063, "y": -2.438073005117268, "zone": "wh_forbidden_zone", "min_dist": 0.0}
{"t": 1785081271.1706731, "x": 3.313456494823263, "y": -2.4084394602765413, "zone": "wh_forbidden_zone", "min_dist": 0.0}
{"t": 1785081271.3225565, "x": 3.3246161145003845, "y": -2.376952908123298, "zone": "wh_forbidden_zone", "min_dist": 0.0}
{"t": 1785081271.4830887, "x": 3.3315529355916396, "y": -2.3424825436605112, "zone": "wh_forbidden_zone", "min_dist": 0.0}
{"t": 1785081271.6357417, "x": 3.3334449152696566, "y": -2.3094503245752174, "zone": "wh_forbidden_zone", "min_dist": 0.0}
{"t": 1785081271.7955892, "x": 3.330505381715703, "y": -2.2746621293176448, "zone": "wh_forbidden_zone", "min_dist": 0.0}
{"t": 1785081271.9557817, "x": 3.322500347193783, "y": -2.240424600622334, "zone": "wh_forbidden_zone", "min_dist": 0.0}
{"t": 1785081272.1081946, "x": 3.310431115667971, "y": -2.2094811145944053, "zone": "wh_forbidden_zone", "min_dist": 0.0}
{"t": 1785081272.2604, "x": 3.2941924641925295, "y": -2.180432991569693, "zone": "wh_forbidden_zone", "min_dist": 0.0}
{"t": 1785081272.42053, "x": 3.2731703953365607, "y": -2.1527956946690163, "zone": "wh_forbidden_zone", "min_dist": 0.0}
{"t": 1785081272.580916, "x": 3.2481431463372212, "y": -2.1282356010066437, "zone": "wh_forbidden_zone", "min_dist": 0.0}
{"t": 1785081272.7410762, "x": 3.2200877177942617, "y": -2.1077375200705935, "zone": "wh_forbidden_zone", "min_dist": 0.0}
{"t": 1785081272.9017334, "x": 3.1896071411302853, "y": -2.0915956910526914, "zone": "wh_forbidden_zone", "min_dist": 0.0}
{"t": 1785081273.062091, "x": 3.1572262709030174, "y": -2.0799988132805316, "zone": "wh_forbidden_zone", "min_dist": 0.0}
{"t": 1785081273.2221744, "x": 3.123524591299784, "y": -2.073130086287565, "zone": "wh_forbidden_zone", "min_dist": 0.0}
{"t": 1785081273.382688, "x": 3.0887178713523937, "y": -2.0711364869077293, "zone": "wh_forbidden_zone", "min_dist": 0.0}
{"t": 1785081273.5349183, "x": 3.0557844384488853, "y": -2.074000027900446, "zone": "wh_forbidden_zone", "min_dist": 0.0}
{"t": 1785081273.6870584, "x": 3.0236217141500012, "y": -2.0813448278820275, "zone": "wh_forbidden_zone", "min_dist": 0.0}
{"t": 1785081273.8396616, "x": 2.992957507468062, "y": -2.092965828595726, "zone": "wh_forbidden_zone", "min_dist": 0.0}
{"t": 1785081273.9917305, "x": 2.9640376918734703, "y": -2.108820850401591, "zone": "wh_forbidden_zone", "min_dist": 0.0}
{"t": 1785081274.1517687, "x": 2.9361962124764642, "y": -2.1297952952153563, "zone": "wh_forbidden_zone", "min_dist": 0.0}
{"t": 1785081274.3121922, "x": 2.911887694392062, "y": -2.1544785579999783, "zone": "wh_forbidden_zone", "min_dist": 0.0}
{"t": 1785081274.4727113, "x": 2.8915098728926263, "y": -2.1823643010592715, "zone": "wh_forbidden_zone", "min_dist": 0.0}
{"t": 1785081274.6260135, "x": 2.876182879895673, "y": -2.2112092266065804, "zone": "wh_forbidden_zone", "min_dist": 0.0}
{"t": 1785081274.785021, "x": 2.864436809855488, "y": -2.243888382085328, "zone": "wh_forbidden_zone", "min_dist": 0.0}
{"t": 1785081274.9454281, "x": 2.8576577566672805, "y": -2.277787833895624, "zone": "wh_forbidden_zone", "min_dist": 0.0}
{"t": 1785081275.097513, "x": 2.855891804505699, "y": -2.310596091262019, "zone": "wh_forbidden_zone", "min_dist": 0.0}
{"t": 1785081275.2495704, "x": 2.858694148234858, "y": -2.343235788474286, "zone": "wh_forbidden_zone", "min_dist": 0.0}
{"t": 1785081275.410127, "x": 2.8664971391991014, "y": -2.3768246875691523, "zone": "wh_forbidden_zone", "min_dist": 0.0}
{"t": 1785081275.5706265, "x": 2.879358002730876, "y": -2.4094014230874072, "zone": "wh_forbidden_zone", "min_dist": 0.0}
{"t": 1785081275.722488, "x": 2.895678473352166, "y": -2.4379180110400958, "zone": "wh_forbidden_zone", "min_dist": 0.0}
{"t": 1785081275.882733, "x": 2.9169297290401945, "y": -2.4651439378280178, "zone": "wh_forbidden_zone", "min_dist": 0.0}
{"t": 1785081276.043342, "x": 2.942311252193643, "y": -2.4893233855595556, "zone": "wh_forbidden_zone", "min_dist": 0.0}
{"t": 1785081276.2034478, "x": 2.9705613916954525, "y": -2.50927156959478, "zone": "wh_forbidden_zone", "min_dist": 0.0}
{"t": 1785081276.3636358, "x": 3.001625414786242, "y": -2.5249510174589207, "zone": "wh_forbidden_zone", "min_dist": 0.0}
{"t": 1785081276.5160413, "x": 3.0328648041204276, "y": -2.535427351289346, "zone": "wh_forbidden_zone", "min_dist": 0.0}
{"t": 1785081276.6765945, "x": 3.067451760764205, "y": -2.541752037348749, "zone": "wh_forbidden_zone", "min_dist": 0.0}
{"t": 1785081276.8286183, "x": 3.1008334410851006, "y": -2.5430101576229256, "zone": "wh_forbidden_zone", "min_dist": 0.0}
{"t": 1785081276.9803262, "x": 3.13374612710581, "y": -2.539656438747686, "zone": "wh_forbidden_zone", "min_dist": 0.0}
{"t": 1785081277.1325512, "x": 3.165870955395279, "y": -2.5317241892107814, "zone": "wh_forbidden_zone", "min_dist": 0.0}
{"t": 1785081277.293072, "x": 3.19815682790324, "y": -2.5186604170045532, "zone": "wh_forbidden_zone", "min_dist": 0.0}
{"t": 1785081277.4456017, "x": 3.2270255751027888, "y": -2.501849945123466, "zone": "wh_forbidden_zone", "min_dist": 0.0}
{"t": 1785081277.5977166, "x": 3.252772062242648, "y": -2.4818288107777735, "zone": "wh_forbidden_zone", "min_dist": 0.0}
{"t": 1785081277.750077, "x": 3.27568644185696, "y": -2.458483958043305, "zone": "wh_forbidden_zone", "min_dist": 0.0}
{"t": 1785081277.9019372, "x": 3.2953898831944746, "y": -2.4322616084679654, "zone": "wh_forbidden_zone", "min_dist": 0.0}
{"t": 1785081278.0547805, "x": 3.3117468895683917, "y": -2.403380103249783, "zone": "wh_forbidden_zone", "min_dist": 0.0}
{"t": 1785081278.2062893, "x": 3.324206198967475, "y": -2.3724180981438736, "zone": "wh_forbidden_zone", "min_dist": 0.0}
{"t": 1785081278.3666306, "x": 3.3329710249958686, "y": -2.3383911306266936, "zone": "wh_forbidden_zone", "min_dist": 0.0}
{"t": 1785081278.5273383, "x": 3.3377353579073543, "y": -2.303539317726254, "zone": "wh_forbidden_zone", "min_dist": 0.0}
{"t": 1785081278.679704, "x": 3.3390572696137153, "y": -2.271721389507126, "zone": "wh_forbidden_zone", "min_dist": 0.0}
{"t": 1785081278.8396952, "x": 3.337846657859974, "y": -2.2378469853243574, "zone": "wh_forbidden_zone", "min_dist": 0.0}
{"t": 1785081278.991829, "x": 3.3347873885880968, "y": -2.2056230469044067, "zone": "wh_forbidden_zone", "min_dist": 0.0}
{"t": 1785081279.1444108, "x": 3.330321185775255, "y": -2.172742861529725, "zone": "wh_forbidden_zone", "min_dist": 0.0}
{"t": 1785081279.401139, "x": 3.3217575288465797, "y": -2.1203388660018043, "zone": "wh_forbidden_zone", "min_dist": 0.0}
{"t": 1785081279.5606265, "x": 3.316190304929391, "y": -2.085866872830923, "zone": "wh_forbidden_zone", "min_dist": 0.0}
{"t": 1785081279.7370124, "x": 3.3114202717450865, "y": -2.0504488951062783, "zone": "wh_forbidden_zone", "min_dist": 0.0}
{"t": 1785081279.8973107, "x": 3.3083902310603612, "y": -2.015713872486221, "zone": "wh_forbidden_zone", "min_dist": 0.0}
{"t": 1785081280.0500371, "x": 3.3075785329379954, "y": -1.983332591981111, "zone": "wh_forbidden_zone", "min_dist": 0.0}
{"t": 1785081280.2095795, "x": 3.309494330609812, "y": -1.949198998997247, "zone": "wh_forbidden_zone", "min_dist": 0.0}
{"t": 1785081280.3694417, "x": 3.314852617033213, "y": -1.9150223208978236, "zone": "wh_forbidden_zone", "min_dist": 0.0}
{"t": 1785081280.529974, "x": 3.324015799232998, "y": -1.8812432236019188, "zone": "wh_forbidden_zone", "min_dist": 0.0}
{"t": 1785081280.683088, "x": 3.335818557667862, "y": -1.8510243633689025, "zone": "wh_forbidden_zone", "min_dist": 0.0}
{"t": 1785081280.8349414, "x": 3.3503647992042938, "y": -1.8228782099192005, "zone": "wh_forbidden_zone", "min_dist": 0.0}
{"t": 1785081280.9870157, "x": 3.3674706183158305, "y": -1.7966918144151298, "zone": "wh_forbidden_zone", "min_dist": 0.0}
{"t": 1785081281.139751, "x": 3.387051434424918, "y": -1.7720631603388577, "zone": "wh_forbidden_zone", "min_dist": 0.0}
{"t": 1785081281.39855, "x": 3.4100369477727277, "y": -1.7473170643817344, "zone": "wh_forbidden_zone", "min_dist": 0.0}
{"t": 1785081281.5563798, "x": 3.4504001589880415, "y": -1.7108092793498357, "zone": "wh_forbidden_zone", "min_dist": 0.0}
{"t": 1785081281.7163634, "x": 3.4783180433563983, "y": -1.689573298061582, "zone": "wh_forbidden_zone", "min_dist": 0.0}
{"t": 1785081281.8683596, "x": 3.5050775267057763, "y": -1.6716382332178341, "zone": "wh_forbidden_zone", "min_dist": 0.0}
{"t": 1785081282.0207198, "x": 3.5282829185351985, "y": -1.657470514312119, "zone": "wh_forbidden_zone", "min_dist": 0.0}
{"t": 1785081282.1809342, "x": 3.5518442634826335, "y": -1.6440005794031542, "zone": "wh_forbidden_zone", "min_dist": 0.0}
{"t": 1785081282.3413415, "x": 3.5757181286250295, "y": -1.6310552514144399, "zone": "wh_forbidden_zone", "min_dist": 0.0}
{"t": 1785081282.5017686, "x": 3.597877206305112, "y": -1.6198513545471405, "zone": "wh_forbidden_zone", "min_dist": 0.0}
{"t": 1785081282.6543036, "x": 3.6166192236003467, "y": -1.6113438205958013, "zone": "wh_forbidden_zone", "min_dist": 0.0}
{"t": 1785081282.8143208, "x": 3.627446759563056, "y": -1.6071465899205841, "zone": "wh_forbidden_zone", "min_dist": 0.0}
{"t": 1785081282.9748487, "x": 3.6306730086212635, "y": -1.6061468344373284, "zone": "wh_forbidden_zone", "min_dist": 0.0}
{"t": 1785081283.1346872, "x": 3.6338933228225008, "y": -1.6053634994950607, "zone": "wh_forbidden_zone", "min_dist": 0.0}
{"t": 1785081283.2874043, "x": 3.6368901574254098, "y": -1.6048133173033292, "zone": "wh_forbidden_zone", "min_dist": 0.0}
{"t": 1785081283.447394, "x": 3.6399948186820565, "y": -1.6044133754352243, "zone": "wh_forbidden_zone", "min_dist": 0.0}
{"t": 1785081283.6001244, "x": 3.642935575943685, "y": -1.604192338456528, "zone": "wh_forbidden_zone", "min_dist": 0.0}
{"t": 1785081283.7609634, "x": 3.6470275091759525, "y": -1.6040948396865007, "zone": "wh_forbidden_zone", "min_dist": 0.0}
