{"t": 1785082329.2090716, "x": -4.26977694768577e-12, "y": -2.5389942557594064e-13, "zone": null, "min_dist": 1.8027756377354065}
{"t": 1785082329.3612473, "x": -4.26977694768577e-12, "y": -2.5389942557594064e-13, "zone": null, "min_dist": 1.8027756377354065}
{"t": 1785082329.52173, "x": -4.26977694768577e-12, "y": -2.5389942557594064e-13, "zone": null, "min_dist": 1.8027756377354065}
{"t": 1785082329.6735642, "x": -4.26977694768577e-12, "y": -2.5389942557594064e-13, "zone": null, "min_dist": 1.8027756377354065}
{"t": 1785082329.8260956, "x": -4.26977694768577e-12, "y": -2.5389942557594064e-13, "zone": null, "min_dist": 1.8027756377354065}
{"t": 1785082329.9784248, "x": -4.26977694768577e-12, "y": -2.5389942557594064e-13, "zone": null, "min_dist": 1.8027756377354065}
{"t": 1785082330.1308966, "x": -4.26977694768577e-12, "y": -2.5389942557594064e-13, "zone": null, "min_dist": 1.8027756377354065}
{"t": 1785082330.2909281, "x": -4.26977694768577e-12, "y": -2.5389942557594064e-13, "zone": null, "min_dist": 1.8027756377354065}
{"t": 1785082330.4432678, "x": -4.26977694768577e-12, "y": -2.5389942557594064e-13, "zone": null, "min_dist": 1.8027756377354065}
{"t": 1785082330.5954025, "x": -4.26977694768577e-12, "y": -2.5389942557594064e-13, "zone": null, "min_dist": 1.8027756377354065}
{"t": 1785082330.7558699, "x": -4.26977694768577e-12, "y": -2.5389942557594064e-13, "zone": null, "min_dist": 1.8027756377354065}
{"t": 1785082330.9081511, "x": -4.26977694768577e-12, "y": -2.5389942557594064e-13, "zone": null, "min_dist": 1.8027756377354065}
{"t": 1785082331.0603318, "x": 0.0009598444162796749, "y": 1.509778328449476e-11, "zone": null, "min_dist": 1.8019770775685966}
{"t": 1785082331.2123144, "x": 0.019199250608529825, "y": 1.7637798316113436e-09, "zone": null, "min_dist": 1.786832634279411}
{"t": 1785082331.3644645, "x": 0.05043459716211945, "y": 6.567007511855268e-09, "zone": null, "min_dist": 1.7610337504541367}
{"t": 1785082331.5245879, "x": 0.08425897206831633, "y": -7.619510253418054e-05, "zone": null, "min_dist": 1.7332542438343217}
{"t": 1785082331.6771128, "x": 0.11574334629559532, "y": -0.00049800734390815, "zone": null, "min_dist": 1.707387102167641}
{"t": 1785082331.8290207, "x": 0.14806511242331802, "y": -0.0009599089838203513, "zone": null, "min_dist": 1.681014290154784}
{"t": 1785082331.9895875, "x": 0.18260982661527303, "y": -0.001453578025701594, "zone": null, "min_dist": 1.6530613496686428}
{"t": 1785082332.1500978, "x": 0.21503426065372752, "y": -0.0019169470465928737, "zone": null, "min_dist": 1.6270546185935204}
{"t": 1785082332.3022995, "x": 0.2470327674549341, "y": -0.0023742290053832622, "zone": null, "min_dist": 1.6016192009289363}
{"t": 1785082332.4545515, "x": 0.2794538329155392, "y": -0.002837549609992918, "zone": null, "min_dist": 1.5760919701757166}
{"t": 1785082332.6144285, "x": 0.31279779676542546, "y": -0.003314059217176698, "zone": null, "min_dist": 1.5501070724047321}
{"t": 1785082332.7665083, "x": 0.34447456237480095, "y": -0.0037667433429088514, "zone": null, "min_dist": 1.5256866449794013}
{"t": 1785082332.9190667, "x": 0.3772341195763693, "y": -0.004234901189366784, "zone": null, "min_dist": 1.5007169467467212}
{"t": 1785082333.079178, "x": 0.4123985288776237, "y": -0.004737425991393259, "zone": null, "min_dist": 1.4742538964539977}
{"t": 1785082333.239757, "x": 0.44753094156600476, "y": -0.005239493543925926, "zone": null, "min_dist": 1.4481849274749705}
{"t": 1785082333.3994596, "x": 0.48266335428714197, "y": -0.0057415610968998805, "zone": null, "min_dist": 1.422506131459657}
{"t": 1785082333.5520146, "x": 0.515256236958772, "y": -0.006207337051162516, "zone": null, "min_dist": 1.3990511555263232}
{"t": 1785082333.7119527, "x": 0.5491172907039223, "y": -0.006691236130300798, "zone": null, "min_dist": 1.3750782622158635}
{"t": 1785082333.8647707, "x": 0.5786277435405636, "y": -0.007107260591787405, "zone": null, "min_dist": 1.3545341734126526}
{"t": 1785082334.0167594, "x": 0.6052953510208762, "y": -0.007186526271161711, "zone": null, "min_dist": 1.33647858288952}
{"t": 1785082334.1769092, "x": 0.6391802807672635, "y": -0.006528985606711514, "zone": null, "min_dist": 1.3145323295604245}
{"t": 1785082334.328892, "x": 0.6725582584248351, "y": -0.005235630521405514, "zone": null, "min_dist": 1.293914984257114}
{"t": 1785082334.481699, "x": 0.7059362850707245, "y": -0.003820782347403352, "zone": null, "min_dist": 1.273934934386455}
{"t": 1785082334.6335063, "x": 0.7392184134375326, "y": -0.002409999332535444, "zone": null, "min_dist": 1.2545813771470613}
{"t": 1785082334.7861586, "x": 0.7717214520692929, "y": -0.0010322410271165175, "zone": null, "min_dist": 1.2362549198459694}
{"t": 1785082334.9382057, "x": 0.8032738090351293, "y": 0.0003052190566407917, "zone": null, "min_dist": 1.21903154858616}
{"t": 1785082335.090517, "x": 0.8337070670275019, "y": 0.0015952418905006403, "zone": null, "min_dist": 1.2029710308676531}
{"t": 1785082335.2428203, "x": 0.8656043180360474, "y": 0.0029473215606331867, "zone": null, "min_dist": 1.1867439534795012}
{"t": 1785082335.4033585, "x": 0.8988259251665812, "y": 0.0043538537171335665, "zone": null, "min_dist": 1.1705284839457235}
{"t": 1785082335.5555706, "x": 0.9313793308902676, "y": 0.005681189729906676, "zone": null, "min_dist": 1.1553026100184143}
{"t": 1785082335.7316446, "x": 0.9691509945029897, "y": 0.006572200255563268, "zone": null, "min_dist": 1.1379755098263278}
{"t": 1785082335.8840702, "x": 1.0003783978148237, "y": 0.006577912157316876, "zone": null, "min_dist": 1.1237530149517134}
{"t": 1785082336.04442, "x": 1.0355771632870665, "y": 0.0058414271117748105, "zone": null, "min_dist": 1.107883363786432}
{"t": 1785082336.2052648, "x": 1.06880865194573, "y": 0.004906695038023407, "zone": null, "min_dist": 1.0935096910266053}
{"t": 1785082336.3564978, "x": 1.1008431847900402, "y": 0.0040056310334491705, "zone": null, "min_dist": 1.0804413312509997}
{"t": 1785082336.5167089, "x": 1.1354417110524027, "y": 0.003032447500399816, "zone": null, "min_dist": 1.0672285775685741}
{"t": 1785082336.6691046, "x": 1.1681916604102291, "y": 0.0021112605372977885, "zone": null, "min_dist": 1.055615343161027}
{"t": 1785082336.8293934, "x": 1.2011488210259273, "y": 0.0011842449847397475, "zone": null, "min_dist": 1.0448358337939296}
{"t": 1785082336.9898725, "x": 1.2351344781450568, "y": 0.00022830011789084774, "zone": null, "min_dist": 1.034703047750521}
{"t": 1785082337.141997, "x": 1.2676066565427067, "y": -0.0006850737513264656, "zone": null, "min_dist": 1.0259809880824553}
{"t": 1785082337.294529, "x": 1.2999829040630488, "y": -0.0015957492918495292, "zone": null, "min_dist": 1.0182425479713342}
{"t": 1785082337.4466522, "x": 1.33266560161005, "y": -0.0025150445599422607, "zone": null, "min_dist": 1.0114232730236044}
{"t": 1785082337.6066096, "x": 1.3650771588465187, "y": -0.0034267135524270903, "zone": null, "min_dist": 1.0056651969347672}
{"t": 1785082337.7592335, "x": 1.3975746663215662, "y": -0.004340799844111432, "zone": null, "min_dist": 1.0009136785128887}
{"t": 1785082337.9110787, "x": 1.4304138884398074, "y": -0.005264497807910966, "zone": null, "min_dist": 0.9971664586433978}
{"t": 1785082338.0715432, "x": 1.4627262065434055, "y": -0.006173375401095667, "zone": null, "min_dist": 0.9945253618889246}
{"t": 1785082338.2238371, "x": 1.4943650163916842, "y": -0.0070633085069901, "zone": null, "min_dist": 0.9929526808228833}
{"t": 1785082338.4766884, "x": 1.5272075605023705, "y": -0.007987099925263716, "zone": null, "min_dist": 0.9920129000747363}
{"t": 1785082338.6327405, "x": 1.5818958703980839, "y": -0.00952536666791819, "zone": null, "min_dist": 0.9904746333320819}
{"t": 1785082338.7926064, "x": 1.6145061137194043, "y": -0.010442624246475173, "zone": null, "min_dist": 0.9895573757535249}
{"t": 1785082338.9523222, "x": 1.6488235051652635, "y": -0.011407900025297766, "zone": null, "min_dist": 0.9885920999747022}
{"t": 1785082339.1051457, "x": 1.6816627272839157, "y": -0.012331597989090051, "zone": null, "min_dist": 0.98766840201091}
{"t": 1785082339.2660995, "x": 1.7159867909373165, "y": -0.013297061462451812, "zone": null, "min_dist": 0.9867029385375482}
{"t": 1785082339.4253438, "x": 1.7490365464807285, "y": -0.014226681491324528, "zone": null, "min_dist": 0.9857733185086754}
{"t": 1785082339.5779817, "x": 1.7810457066917795, "y": -0.015127031713220327, "zone": null, "min_dist": 0.9848729682867797}
{"t": 1785082339.7299125, "x": 1.8133625833974196, "y": -0.016048402608235684, "zone": null, "min_dist": 0.9839515973917643}
{"t": 1785082339.8824842, "x": 1.846749204307704, "y": -0.017435405413899017, "zone": null, "min_dist": 0.982564594586101}
{"t": 1785082340.0348122, "x": 1.8793199257335396, "y": -0.019492237507234746, "zone": null, "min_dist": 0.9805077624927653}
{"t": 1785082340.194937, "x": 1.9139084407400542, "y": -0.022409975902285793, "zone": null, "min_dist": 0.9775900240977142}
{"t": 1785082340.3474412, "x": 1.9462799579932688, "y": -0.02537516884425899, "zone": null, "min_dist": 0.9746248311557411}
{"t": 1785082340.4998822, "x": 1.9786615277363944, "y": -0.028340429640514614, "zone": null, "min_dist": 0.9716595703594854}
{"t": 1785082340.652076, "x": 2.009391824772876, "y": -0.030876295475263656, "zone": null, "min_dist": 0.9691237045247364}
{"t": 1785082340.804109, "x": 2.0408810142280553, "y": -0.03292216223107176, "zone": null, "min_dist": 0.9670778377689282}
{"t": 1785082340.9565146, "x": 2.07241258367452, "y": -0.03490759064424648, "zone": null, "min_dist": 0.9650924093557536}
{"t": 1785082341.1087425, "x": 2.104645170556412, "y": -0.03693715954307143, "zone": null, "min_dist": 0.9630628404569286}
{"t": 1785082341.26115, "x": 2.137091274363538, "y": -0.038980172820711895, "zone": null, "min_dist": 0.9610198271792881}
{"t": 1785082341.4213855, "x": 2.17083829079111, "y": -0.04110509994739488, "zone": null, "min_dist": 0.9588949000526051}
{"t": 1785082341.5735483, "x": 2.2026305766868743, "y": -0.0431069447970196, "zone": null, "min_dist": 0.9568930552029804}
{"t": 1785082341.725543, "x": 2.2352682111201596, "y": -0.04516201809143452, "zone": null, "min_dist": 0.9548379819085655}
{"t": 1785082341.877798, "x": 2.2680596713965397, "y": -0.04723916221470757, "zone": null, "min_dist": 0.9527608377852924}
{"t": 1785082342.030383, "x": 2.300266737962846, "y": -0.04969643577080539, "zone": null, "min_dist": 0.9503035642291946}
{"t": 1785082342.1827133, "x": 2.332450983425994, "y": -0.0528571673382817, "zone": null, "min_dist": 0.9471428326617183}
{"t": 1785082342.3348913, "x": 2.3633596687368845, "y": -0.056550240457099624, "zone": null, "min_dist": 0.9434497595429003}
{"t": 1785082342.487437, "x": 2.395155905006001, "y": -0.06081504864278905, "zone": null, "min_dist": 0.9391849513572109}
{"t": 1785082342.6393838, "x": 2.4271060719746327, "y": -0.06512169743372936, "zone": null, "min_dist": 0.9348783025662706}
{"t": 1785082342.799402, "x": 2.4597906639492324, "y": -0.06952734137202347, "zone": null, "min_dist": 0.9304726586279766}
{"t": 1785082342.9601765, "x": 2.493753873537536, "y": -0.07410533332208773, "zone": null, "min_dist": 0.9258946666779123}
{"t": 1785082343.1121354, "x": 2.526311643224669, "y": -0.07849388220864432, "zone": null, "min_dist": 0.9215061177913557}
{"t": 1785082343.2644184, "x": 2.558138295846788, "y": -0.08278388199340964, "zone": null, "min_dist": 0.9172161180065903}
{"t": 1785082343.4164598, "x": 2.591273946332701, "y": -0.08731222928396459, "zone": null, "min_dist": 0.9126877707160355}
{"t": 1785082343.5766919, "x": 2.625258996378506, "y": -0.09236825119832177, "zone": null, "min_dist": 0.9076317488016782}
{"t": 1785082343.737017, "x": 2.659580827001285, "y": -0.09749558631335772, "zone": null, "min_dist": 0.9025044136866422}
{"t": 1785082343.8893282, "x": 2.692577885827059, "y": -0.10229331077235981, "zone": null, "min_dist": 0.8977066892276402}
{"t": 1785082344.0415857, "x": 2.7251802324201773, "y": -0.10703141373837714, "zone": null, "min_dist": 0.8929685862616229}
{"t": 1785082344.193991, "x": 2.755889264787914, "y": -0.11149436140158675, "zone": null, "min_dist": 0.8885056385984132}
{"t": 1785082344.3464332, "x": 2.7873348759849166, "y": -0.11606435607585806, "zone": null, "min_dist": 0.8839356439241419}
{"t": 1785082344.4989676, "x": 2.818930740461557, "y": -0.12068223735180836, "zone": null, "min_dist": 0.8793177626481916}
{"t": 1785082344.650992, "x": 2.8519512111724734, "y": -0.1260091172002939, "zone": null, "min_dist": 0.873990882799706}
{"t": 1785082344.8032436, "x": 2.884893354376063, "y": -0.13178091843532624, "zone": null, "min_dist": 0.8682190815646738}
{"t": 1785082344.9559011, "x": 2.9177472687854946, "y": -0.13804506629363364, "zone": null, "min_dist": 0.8619549337063663}
{"t": 1785082345.1155365, "x": 2.9519108178235967, "y": -0.14482576749152062, "zone": null, "min_dist": 0.8551742325084793}
{"t": 1785082345.2678604, "x": 2.9833946316905586, "y": -0.1516476447252325, "zone": null, "min_dist": 0.8483523552747675}
{"t": 1785082345.4203765, "x": 3.0134307471529915, "y": -0.1586546140049723, "zone": null, "min_dist": 0.8413453859950277}
{"t": 1785082345.5723243, "x": 3.0453587015711174, "y": -0.1661453638775031, "zone": null, "min_dist": 0.8338546361224969}
{"t": 1785082345.7245924, "x": 3.0773456848677685, "y": -0.17364996262717708, "zone": null, "min_dist": 0.826350037372823}
{"t": 1785082345.8767307, "x": 3.1077308250762545, "y": -0.18077874649411746, "zone": null, "min_dist": 0.8192212535058825}
{"t": 1785082346.0289876, "x": 3.1390307347388573, "y": -0.1881221481028826, "zone": null, "min_dist": 0.8118778518971174}
{"t": 1785082346.1812868, "x": 3.1715392452295634, "y": -0.19598591707182178, "zone": null, "min_dist": 0.8040140829281782}
{"t": 1785082346.3415859, "x": 3.2043314997088523, "y": -0.20419381370240433, "zone": null, "min_dist": 0.7958061862975957}
{"t": 1785082346.502666, "x": 3.2365014896782647, "y": -0.21228349559790646, "zone": null, "min_dist": 0.7877165044020935}
{"t": 1785082346.6544824, "x": 3.2688372092573283, "y": -0.22081980545597588, "zone": null, "min_dist": 0.7791801945440241}
{"t": 1785082346.8144267, "x": 3.302844074943946, "y": -0.22991941908985536, "zone": null, "min_dist": 0.7700805809101446}
{"t": 1785082346.9665766, "x": 3.3350514263942737, "y": -0.2389281414944788, "zone": null, "min_dist": 0.7610718585055212}
{"t": 1785082347.1190891, "x": 3.3671493048819054, "y": -0.24833318550685213, "zone": null, "min_dist": 0.7516668144931479}
{"t": 1785082347.2712414, "x": 3.398036936061407, "y": -0.2581049807806616, "zone": null, "min_dist": 0.7418950192193384}
{"t": 1785082347.4236677, "x": 3.428753649242797, "y": -0.2684843026463302, "zone": null, "min_dist": 0.7315156973536698}
{"t": 1785082347.5996976, "x": 3.4633712896225615, "y": -0.2806350706762829, "zone": null, "min_dist": 0.7193649293237171}
{"t": 1785082347.7520022, "x": 3.494286551759276, "y": -0.2917487696840412, "zone": null, "min_dist": 0.7082512303159588}
{"t": 1785082347.9040444, "x": 3.524943431126827, "y": -0.3027695828459619, "zone": null, "min_dist": 0.6972304171540381}
{"t": 1785082348.0643315, "x": 3.5580673287129088, "y": -0.31468199359860555, "zone": null, "min_dist": 0.6853180064013944}
{"t": 1785082348.2164423, "x": 3.5884572740018346, "y": -0.3259889864150284, "zone": null, "min_dist": 0.6740110135849716}
{"t": 1785082348.3689995, "x": 3.619004944122262, "y": -0.3380963821975957, "zone": null, "min_dist": 0.6619036178024043}
{"t": 1785082348.5295558, "x": 3.650946335916324, "y": -0.3511106510021781, "zone": null, "min_dist": 0.6488893489978219}
{"t": 1785082348.68187, "x": 3.6808814328253066, "y": -0.3633221148307416, "zone": null, "min_dist": 0.6366778851692584}
{"t": 1785082348.8338645, "x": 3.711654639980652, "y": -0.3763452241142265, "zone": null, "min_dist": 0.6236547758857736}
{"t": 1785082348.9941492, "x": 3.7429109721625693, "y": -0.3901051926490773, "zone": null, "min_dist": 0.6098948073509227}
{"t": 1785082349.1462147, "x": 3.773465123264574, "y": -0.4037066085253698, "zone": null, "min_dist": 0.5962933914746302}
{"t": 1785082349.2984161, "x": 3.803757949052989, "y": -0.41788667899958987, "zone": null, "min_dist": 0.5821133210004101}
{"t": 1785082349.4505363, "x": 3.8337406817875332, "y": -0.43271125952528783, "zone": null, "min_dist": 0.5672887404747122}
{"t": 1785082349.603139, "x": 3.863328494051415, "y": -0.4481018590495797, "zone": null, "min_dist": 0.5518981409504202}
{"t": 1785082349.7554686, "x": 3.892563650861749, "y": -0.4637601164112763, "zone": null, "min_dist": 0.5362398835887237}
{"t": 1785082349.9075532, "x": 3.920892792230445, "y": -0.4796658900154425, "zone": null, "min_dist": 0.5203341099845575}
{"t": 1785082350.059736, "x": 3.9493833947407095, "y": -0.4964635141540046, "zone": null, "min_dist": 0.5035364858459954}
{"t": 1785082350.2116268, "x": 3.975864948399363, "y": -0.512850985603881, "zone": null, "min_dist": 0.487149014396119}
{"t": 1785082350.3640847, "x": 4.002706723641392, "y": -0.5302736847227622, "zone": null, "min_dist": 0.46972631527723785}
{"t": 1785082350.524683, "x": 4.030171175316715, "y": -0.5489520558109564, "zone": null, "min_dist": 0.4510479441890436}
{"t": 1785082350.676814, "x": 4.052725249506731, "y": -0.5650299274046244, "zone": null, "min_dist": 0.43497007259537557}
{"t": 1785082350.8287816, "x": 4.073129089783883, "y": -0.5802459474273375, "zone": null, "min_dist": 0.4197540525726625}
{"t": 1785082350.9811904, "x": 4.0980796086818305, "y": -0.6000184918002476, "zone": null, "min_dist": 0.3999815081997524}
{"t": 1785082351.1335828, "x": 4.120880531212848, "y": -0.620191678370546, "zone": null, "min_dist": 0.379808321629454}
{"t": 1785082351.293579, "x": 4.141477020100165, "y": -0.640704036704269, "zone": null, "min_dist": 0.359295963295731}
{"t": 1785082351.4533854, "x": 4.161318017739984, "y": -0.6629198316221142, "zone": null, "min_dist": 0.3370801683778858}
{"t": 1785082351.6058629, "x": 4.17757279808003, "y": -0.6832649794120218, "zone": null, "min_dist": 0.3167350205879782}
{"t": 1785082351.7663941, "x": 4.1935337215330275, "y": -0.7043243694047406, "zone": null, "min_dist": 0.29567563059525936}
{"t": 1785082351.9186687, "x": 4.205853906267203, "y": -0.721370086248769, "zone": null, "min_dist": 0.27862991375123103}
{"t": 1785082352.0707288, "x": 4.2174693299929285, "y": -0.7381781053791105, "zone": null, "min_dist": 0.26182189462088945}
{"t": 1785082352.2232344, "x": 4.227430405472183, "y": -0.7532761701307514, "zone": null, "min_dist": 0.24672382986924857}
{"t": 1785082352.4828138, "x": 4.2407540731657685, "y": -0.7744909939895745, "zone": null, "min_dist": 0.22550900601042545}
{"t": 1785082352.6395397, "x": 4.260509971518018, "y": -0.8080464730787683, "zone": null, "min_dist": 0.1919535269212317}
{"t": 1785082352.791835, "x": 4.268139943665125, "y": -0.8216374459135191, "zone": null, "min_dist": 0.17836255408648094}
{"t": 1785082352.9441109, "x": 4.2701818235193345, "y": -0.825260375314275, "zone": null, "min_dist": 0.17473962468572501}
{"t": 1785082353.0968485, "x": 4.270177778996076, "y": -0.8252536046606489, "zone": null, "min_dist": 0.1747463953393511}
{"t": 1785082353.2482646, "x": 4.270173599298062, "y": -0.8252471953027518, "zone": null, "min_dist": 0.1747528046972482}
{"t": 1785082353.4010437, "x": 4.2701691840790845, "y": -0.825241167454708, "zone": null, "min_dist": 0.174758832545292}
{"t": 1785082353.5528765, "x": 4.270164470538325, "y": -0.8252355142317847, "zone": null, "min_dist": 0.17476448576821535}
{"t": 1785082353.7135181, "x": 4.272839296921772, "y": -0.82794940431621, "zone": null, "min_dist": 0.17205059568379}
{"t": 1785082353.8734996, "x": 4.286769270226826, "y": -0.8412212598143487, "zone": null, "min_dist": 0.1587787401856513}
{"t": 1785082354.0259573, "x": 4.3001928896926405, "y": -0.853281818401274, "zone": null, "min_dist": 0.14671818159872596}
{"t": 1785082354.1862142, "x": 4.321622138690524, "y": -0.872084394401721, "zone": null, "min_dist": 0.12791560559827897}
{"t": 1785082354.3385038, "x": 4.344000747347404, "y": -0.8918957259259208, "zone": null, "min_dist": 0.10810427407407919}
{"t": 1785082354.4907663, "x": 4.366204878540201, "y": -0.9117593635358989, "zone": null, "min_dist": 0.08824063646410107}
{"t": 1785082354.6432092, "x": 4.388335918251417, "y": -0.9317515159911292, "zone": null, "min_dist": 0.06824848400887085}
{"t": 1785082354.7953098, "x": 4.410356849482601, "y": -0.9518174024660889, "zone": null, "min_dist": 0.048182597533911076}
{"t": 1785082354.9474437, "x": 4.432342549172224, "y": -0.9720166239893315, "zone": null, "min_dist": 0.02798337601066847}
{"t": 1785082355.1000264, "x": 4.4541725762622555, "y": -0.9922429866731376, "zone": null, "min_dist": 0.007757013326862405}
{"t": 1785082355.2522352, "x": 4.476007274038604, "y": -1.0126522321813307, "zone": "wh_forbidden_zone", "min_dist": 0.0}
{"t": 1785082355.4045792, "x": 4.49758672059828, "y": -1.033006155319903, "zone": "wh_forbidden_zone", "min_dist": 0.0}
{"t": 1785082355.564722, "x": 4.516535078433929, "y": -1.0508359400798943, "zone": null, "min_dist": 0.016535078433928874}
{"t": 1785082355.7170808, "x": 4.526431549140522, "y": -1.0598049585722253, "zone": null, "min_dist": 0.026431549140522037}
{"t": 1785082355.86967, "x": 4.532670493905446, "y": -1.0650347747832902, "zone": null, "min_dist": 0.03267049390544585}
{"t": 1785082356.0214887, "x": 4.5477876165794004, "y": -1.0770226954471203, "zone": null, "min_dist": 0.04778761657940045}
{"t": 1785082356.1735463, "x": 4.571732015034661, "y": -1.0955868367584995, "zone": null, "min_dist": 0.07173201503466142}
{"t": 1785082356.3337214, "x": 4.598200551053735, "y": -1.1164226247122149, "zone": null, "min_dist": 0.09820055105373537}
{"t": 1785082356.4936898, "x": 4.622585104826443, "y": -1.136663907239211, "zone": null, "min_dist": 0.12258510482644258}
{"t": 1785082356.646369, "x": 4.639535531936278, "y": -1.1520382826368571, "zone": null, "min_dist": 0.13953553193627766}
{"t": 1785082356.8065524, "x": 4.66125662314217, "y": -1.1743199875344466, "zone": null, "min_dist": 0.1612566231421697}
{"t": 1785082356.9588153, "x": 4.680410208518269, "y": -1.1973048558551342, "zone": null, "min_dist": 0.1804102085182686}
{"t": 1785082357.1112978, "x": 4.697528935137148, "y": -1.2223057089311842, "zone": null, "min_dist": 0.1975289351371483}
{"t": 1785082357.271898, "x": 4.712638111277856, "y": -1.250913228297532, "zone": null, "min_dist": 0.21263811127785637}
{"t": 1785082357.423674, "x": 4.722220731548236, "y": -1.2766452400034687, "zone": null, "min_dist": 0.2222207315482363}
{"t": 1785082357.5835974, "x": 4.728820585297156, "y": -1.3079914786636369, "zone": null, "min_dist": 0.22882058529715632}
{"t": 1785082357.7361627, "x": 4.731141073692297, "y": -1.3404272629639942, "zone": null, "min_dist": 0.23114107369229675}
{"t": 1785082357.8883991, "x": 4.729738511136622, "y": -1.3738319361252729, "zone": null, "min_dist": 0.22973851113662214}
{"t": 1785082358.0406675, "x": 4.725134138676099, "y": -1.406952736840823, "zone": null, "min_dist": 0.22513413867609877}
{"t": 1785082358.1933692, "x": 4.718147846168694, "y": -1.4395611995073594, "zone": null, "min_dist": 0.21814784616869431}
{"t": 1785082358.3453963, "x": 4.7101204778972585, "y": -1.4706731062926521, "zone": null, "min_dist": 0.21012047789725852}
{"t": 1785082358.5053082, "x": 4.701643273083617, "y": -1.5005028919105974, "zone": null, "min_dist": 0.20164327308361685}
{"t": 1785082358.6578372, "x": 4.692139938716696, "y": -1.5313438115790399, "zone": null, "min_dist": 0.19213993871669643}
{"t": 1785082358.8103864, "x": 4.682082780002811, "y": -1.5616825925464168, "zone": null, "min_dist": 0.18208278000281108}
{"t": 1785082358.9627476, "x": 4.672010406748336, "y": -1.5900434726648296, "zone": null, "min_dist": 0.17201040674833568}
{"t": 1785082359.122678, "x": 4.661135855473851, "y": -1.6186273904410065, "zone": null, "min_dist": 0.16113585547385068}
{"t": 1785082359.2751703, "x": 4.651945849346604, "y": -1.6419345515327484, "zone": null, "min_dist": 0.15194584934660416}
{"t": 1785082359.427374, "x": 4.651272663724726, "y": -1.642400636262453, "zone": null, "min_dist": 0.15127266372472636}
{"t": 1785082359.5795548, "x": 4.648376098708672, "y": -1.6501807475963775, "zone": null, "min_dist": 0.1483760987086722}
{"t": 1785082359.7314656, "x": 4.645541491840959, "y": -1.6598278801798088, "zone": null, "min_dist": 0.14554149184095877}
{"t": 1785082359.8841128, "x": 4.645538278556659, "y": -1.659847299868909, "zone": null, "min_dist": 0.1455382785566588}
{"t": 1785082360.044318, "x": 4.645546335795517, "y": -1.6598140383153075, "zone": null, "min_dist": 0.14554633579551712}
{"t": 1785082360.1967003, "x": 4.645552146407969, "y": -1.6597863007230893, "zone": null, "min_dist": 0.14555214640796876}
{"t": 1785082360.3569145, "x": 4.645556907563922, "y": -1.659763508089073, "zone": null, "min_dist": 0.1455569075639218}
{"t": 1785082360.5093443, "x": 4.6455603876600335, "y": -1.659746804020177, "zone": null, "min_dist": 0.14556038766003354}
{"t": 1785082360.6613166, "x": 4.645563057259922, "y": -1.6597339590839684, "zone": null, "min_dist": 0.14556305725992225}
{"t": 1785082360.8139713, "x": 4.645565046730679, "y": -1.6597243639832588, "zone": null, "min_dist": 0.14556504673067927}
{"t": 1785082360.9659271, "x": 4.645475319979667, "y": -1.66018178583568, "zone": null, "min_dist": 0.145475319979667}
{"t": 1785082361.1175358, "x": 4.644748378140783, "y": -1.6595892414223052, "zone": null, "min_dist": 0.14474837814078256}
{"t": 1785082361.2701566, "x": 4.642647096188535, "y": -1.6575818605812822, "zone": null, "min_dist": 0.14264709618853466}
{"t": 1785082361.430373, "x": 4.642100930829617, "y": -1.6556443208180371, "zone": null, "min_dist": 0.14210093082961706}
{"t": 1785082361.6067173, "x": 4.641984541625532, "y": -1.653580993247226, "zone": null, "min_dist": 0.14198454162553187}
{"t": 1785082361.7584589, "x": 4.641910512531373, "y": -1.65180695736852, "zone": null, "min_dist": 0.1419105125313731}
{"t": 1785082361.9189327, "x": 4.639656626076998, "y": -1.6550575737149358, "zone": null, "min_dist": 0.1396566260769978}
{"t": 1785082362.0716956, "x": 4.638138323279343, "y": -1.6589682104692467, "zone": null, "min_dist": 0.1381383232793434}
{"t": 1785082362.2323337, "x": 4.637939965980743, "y": -1.6601603175263053, "zone": null, "min_dist": 0.13793996598074276}
{"t": 1785082362.3850498, "x": 4.637968936571573, "y": -1.659664345425873, "zone": null, "min_dist": 0.13796893657157305}
{"t": 1785082362.5379033, "x": 4.637965326649543, "y": -1.6597311690587733, "zone": null, "min_dist": 0.1379653266495433}
{"t": 1785082362.696834, "x": 4.6379635815693945, "y": -1.6597619243551722, "zone": null, "min_dist": 0.13796358156939448}
{"t": 1785082362.8494318, "x": 4.637969384846837, "y": -1.6596567588953357, "zone": null, "min_dist": 0.13796938484683707}
{"t": 1785082363.0092423, "x": 4.637971895815901, "y": -1.659609416414828, "zone": null, "min_dist": 0.13797189581590086}
{"t": 1785082363.1697419, "x": 4.637973962144667, "y": -1.6595701667170712, "zone": null, "min_dist": 0.13797396214466673}
{"t": 1785082363.3222005, "x": 4.638056076611153, "y": -1.6596014058699289, "zone": null, "min_dist": 0.1380560766111527}
{"t": 1785082363.4985793, "x": 4.638055098905632, "y": -1.6596205445113144, "zone": null, "min_dist": 0.13805509890563172}
{"t": 1785082363.6586246, "x": 4.638050381132661, "y": -1.6596369892221479, "zone": null, "min_dist": 0.13805038113266122}
{"t": 1785082363.8107462, "x": 4.6380498501474845, "y": -1.6596468031530942, "zone": null, "min_dist": 0.1380498501474845}
{"t": 1785082363.971322, "x": 4.638055726872652, "y": -1.659659117946244, "zone": null, "min_dist": 0.13805572687265233}
{"t": 1785082364.1234324, "x": 4.63804269113003, "y": -1.6600814721732633, "zone": null, "min_dist": 0.1380426911300301}
{"t": 1785082364.2757936, "x": 4.638050999503053, "y": -1.660025143036897, "zone": null, "min_dist": 0.13805099950305344}
{"t": 1785082364.4356878, "x": 4.6380443547630215, "y": -1.6599720004804754, "zone": null, "min_dist": 0.13804435476302146}
{"t": 1785082364.5957909, "x": 4.638040578455646, "y": -1.6599253544559964, "zone": null, "min_dist": 0.1380405784556462}
{"t": 1785082364.7557838, "x": 4.638042882438368, "y": -1.6598826333527168, "zone": null, "min_dist": 0.13804288243836815}
{"t": 1785082364.9079535, "x": 4.638038228029245, "y": -1.659853391069013, "zone": null, "min_dist": 0.13803822802924515}
{"t": 1785082365.060757, "x": 4.638039743586954, "y": -1.6598250136226929, "zone": null, "min_dist": 0.1380397435869538}
{"t": 1785082365.213096, "x": 4.638040993332997, "y": -1.6598015204482854, "zone": null, "min_dist": 0.13804099333299735}
{"t": 1785082365.3647056, "x": 4.638031512364582, "y": -1.659784219829346, "zone": null, "min_dist": 0.13803151236458167}
{"t": 1785082365.5173159, "x": 4.638032329646466, "y": -1.6597686410924233, "zone": null, "min_dist": 0.1380323296464656}
{"t": 1785082365.6695893, "x": 4.638023799667409, "y": -1.6597560484437657, "zone": null, "min_dist": 0.13802379966740919}
{"t": 1785082365.8224485, "x": 4.638041391810162, "y": -1.6589202441518696, "zone": null, "min_dist": 0.1380413918101624}
{"t": 1785082365.974329, "x": 4.638043815076658, "y": -1.658868737240029, "zone": null, "min_dist": 0.1380438150766583}
{"t": 1785082366.13439, "x": 4.638046634724916, "y": -1.6588083543477432, "zone": null, "min_dist": 0.1380466347249163}
{"t": 1785082366.287117, "x": 4.638048969716965, "y": -1.6587579000450903, "zone": null, "min_dist": 0.1380489697169649}
{"t": 1785082366.4390588, "x": 4.638050903714999, "y": -1.6587157692391796, "zone": null, "min_dist": 0.13805090371499862}
{"t": 1785082366.5915132, "x": 4.63805249416957, "y": -1.6586808689306474, "zone": null, "min_dist": 0.13805249416957022}
{"t": 1785082366.7521713, "x": 4.638053864434672, "y": -1.6586505965487441, "zone": null, "min_dist": 0.1380538644346716}
{"t": 1785082366.9119797, "x": 4.638054980964564, "y": -1.6586257707265926, "zone": null, "min_dist": 0.13805498096456414}
{"t": 1785082367.06413, "x": 4.638055850433849, "y": -1.6586063222785479, "zone": null, "min_dist": 0.13805585043384916}
{"t": 1785082367.2164462, "x": 4.638056508214094, "y": -1.658591503045582, "zone": null, "min_dist": 0.13805650821409365}
{"t": 1785082367.3766952, "x": 4.638056892862771, "y": -1.658582706480819, "zone": null, "min_dist": 0.138056892862771}
{"t": 1785082367.537023, "x": 4.6364218274246785, "y": -1.6587477871319178, "zone": null, "min_dist": 0.13642182742467845}
{"t": 1785082367.688894, "x": 4.627550379039163, "y": -1.6576421346984131, "zone": null, "min_dist": 0.127550379039163}
{"t": 1785082367.8406208, "x": 4.6241140813667885, "y": -1.6540882215029886, "zone": null, "min_dist": 0.12411408136678848}
{"t": 1785082367.9925582, "x": 4.6236571692819375, "y": -1.6509549822683243, "zone": null, "min_dist": 0.12365716928193748}
{"t": 1785082368.144643, "x": 4.622174745225317, "y": -1.6541860437203328, "zone": null, "min_dist": 0.12217474522531724}
{"t": 1785082368.2966518, "x": 4.622030095370987, "y": -1.6548496032189695, "zone": null, "min_dist": 0.12203009537098719}
{"t": 1785082368.4489615, "x": 4.621988350423027, "y": -1.6550499491050616, "zone": null, "min_dist": 0.12198835042302658}
{"t": 1785082368.625435, "x": 4.621942506346878, "y": -1.655275384505136, "zone": null, "min_dist": 0.12194250634687798}
{"t": 1785082368.7776084, "x": 4.621905326355854, "y": -1.6554626894421436, "zone": null, "min_dist": 0.12190532635585427}
{"t": 1785082368.9302206, "x": 4.621870403800817, "y": -1.6556425606889098, "zone": null, "min_dist": 0.12187040380081715}
{"t": 1785082369.0823965, "x": 4.621837702671648, "y": -1.6558147199914504, "zone": null, "min_dist": 0.12183770267164817}
{"t": 1785082369.234715, "x": 4.621807159693333, "y": -1.655979037239486, "zone": null, "min_dist": 0.12180715969333278}
{"t": 1785082369.489819, "x": 4.62177724678857, "y": -1.6561435359773793, "zone": null, "min_dist": 0.12177724678856983}
{"t": 1785082369.6436024, "x": 4.62173512680646, "y": -1.656381770859727, "zone": null, "min_dist": 0.1217351268064597}
{"t": 1785082369.8036683, "x": 4.621710450660186, "y": -1.6565253127711108, "zone": null, "min_dist": 0.12171045066018582}
{"t": 1785082369.956789, "x": 4.621696719080824, "y": -1.6566065905409986, "zone": null, "min_dist": 0.12169671908082424}
{"t": 1785082370.1085014, "x": 4.621686651618214, "y": -1.6566668782230987, "zone": null, "min_dist": 0.12168665161821401}
{"t": 1785082370.2607243, "x": 4.621677819980136, "y": -1.6567202729469288, "zone": null, "min_dist": 0.12167781998013627}
{"t": 1785082370.4127915, "x": 4.621679167042338, "y": -1.6565485297670042, "zone": null, "min_dist": 0.12167916704233761}
{"t": 1785082370.5733926, "x": 4.621898115890718, "y": -1.6558980825772402, "zone": null, "min_dist": 0.1218981158907182}
{"t": 1785082370.7255623, "x": 4.622154361683565, "y": -1.6553245451205403, "zone": null, "min_dist": 0.12215436168356497}
{"t": 1785082370.8774922, "x": 4.622443017061893, "y": -1.6547899885165853, "zone": null, "min_dist": 0.12244301706189287}
{"t": 1785082371.0299847, "x": 4.622754679387816, "y": -1.6542897674939863, "zone": null, "min_dist": 0.12275467938781581}
{"t": 1785082371.182185, "x": 4.623174226044079, "y": -1.653843236820415, "zone": null, "min_dist": 0.12317422604407913}
{"t": 1785082371.334507, "x": 4.6237456129774275, "y": -1.6534658239780944, "zone": null, "min_dist": 0.12374561297742748}
{"t": 1785082371.4864783, "x": 4.624303022443791, "y": -1.65311688647863, "zone": null, "min_dist": 0.1243030224437911}
{"t": 1785082371.639173, "x": 4.62484966015516, "y": -1.6527904873423673, "zone": null, "min_dist": 0.12484966015516008}
{"t": 1785082371.7914488, "x": 4.6253887785464185, "y": -1.6524808068895607, "zone": null, "min_dist": 0.1253887785464185}
{"t": 1785082371.943695, "x": 4.625922214126669, "y": -1.6521837960591919, "zone": null, "min_dist": 0.12592221412666937}
{"t": 1785082372.0953517, "x": 4.626451133532262, "y": -1.65189661363115, "zone": null, "min_dist": 0.126451133532262}
{"t": 1785082372.2475152, "x": 4.626976354486573, "y": -1.6516173141643973, "zone": null, "min_dist": 0.1269763544865734}
{"t": 1785082372.400421, "x": 4.626472674757362, "y": -1.6536799251196665, "zone": null, "min_dist": 0.12647267475736168}
{"t": 1785082372.5537302, "x": 4.6260075085883425, "y": -1.6592021284100003, "zone": null, "min_dist": 0.12600750858834253}
{"t": 1785082372.7133293, "x": 4.623427946061204, "y": -1.6599742111360376, "zone": null, "min_dist": 0.123427946061204}
{"t": 1785082372.8660653, "x": 4.623516000868344, "y": -1.6579051813823305, "zone": null, "min_dist": 0.12351600086834402}
{"t": 1785082373.0270872, "x": 4.623610707270002, "y": -1.6520109487122054, "zone": null, "min_dist": 0.1236107072700019}
{"t": 1785082373.1879637, "x": 4.623612178368567, "y": -1.6522152390232858, "zone": null, "min_dist": 0.12361217836856664}
{"t": 1785082373.3472428, "x": 4.623613159221246, "y": -1.6523793315083026, "zone": null, "min_dist": 0.12361315922124572}
{"t": 1785082373.5073318, "x": 4.623613830116284, "y": -1.6525141975752848, "zone": null, "min_dist": 0.12361383011628391}
{"t": 1785082373.6597042, "x": 4.6236142690146504, "y": -1.6526198509016081, "zone": null, "min_dist": 0.12361426901465045}
{"t": 1785082373.811871, "x": 4.623614573545542, "y": -1.6527073646314716, "zone": null, "min_dist": 0.12361457354554162}
{"t": 1785082373.9641302, "x": 4.623614783737421, "y": -1.6527799172370572, "zone": null, "min_dist": 0.12361478373742063}
{"t": 1785082374.116699, "x": 4.623614927711914, "y": -1.6528399530617177, "zone": null, "min_dist": 0.12361492771191429}
{"t": 1785082374.268603, "x": 4.623615024889345, "y": -1.652889648873699, "zone": null, "min_dist": 0.12361502488934484}
{"t": 1785082374.420955, "x": 4.6236150891880925, "y": -1.652930715018277, "zone": null, "min_dist": 0.1236150891880925}
{"t": 1785082374.581113, "x": 4.623615131794387, "y": -1.6529662521661974, "zone": null, "min_dist": 0.12361513179438699}
{"t": 1785082374.741284, "x": 4.623615156233563, "y": -1.6529953052910686, "zone": null, "min_dist": 0.123615156233563}
{"t": 1785082374.8936784, "x": 4.623615167394005, "y": -1.6530179926929875, "zone": null, "min_dist": 0.12361516739400535}
{"t": 1785082375.053817, "x": 4.623615169932543, "y": -1.653037636647645, "zone": null, "min_dist": 0.12361516993254273}
{"t": 1785082375.213698, "x": 4.623615165820895, "y": -1.6530536672579283, "zone": null, "min_dist": 0.12361516582089482}
{"t": 1785082375.3661406, "x": 4.623615157430861, "y": -1.6530661444257617, "zone": null, "min_dist": 0.12361515743086127}
{"t": 1785082375.5181966, "x": 4.623615145812118, "y": -1.6530764086678513, "zone": null, "min_dist": 0.12361514581211797}
{"t": 1785082375.6706288, "x": 4.623615132559738, "y": -1.6530844360297379, "zone": null, "min_dist": 0.12361513255973833}
{"t": 1785082375.8307395, "x": 4.62361511589278, "y": -1.6530917499950857, "zone": null, "min_dist": 0.12361511589277985}
{"t": 1785082375.982732, "x": 4.623615097557789, "y": -1.6530976851841876, "zone": null, "min_dist": 0.12361509755778943}
{"t": 1785082376.1350946, "x": 4.6236150798275295, "y": -1.653102072239427, "zone": null, "min_dist": 0.1236150798275295}
{"t": 1785082376.2874913, "x": 4.623615061182366, "y": -1.6531057036733905, "zone": null, "min_dist": 0.12361506118236587}
{"t": 1785082376.4402237, "x": 4.623615040694702, "y": -1.6531088527332367, "zone": null, "min_dist": 0.12361504069470186}
{"t": 1785082376.591865, "x": 4.623615018431423, "y": -1.6531115341671858, "zone": null, "min_dist": 0.12361501843142264}
{"t": 1785082376.7441235, "x": 4.623614995588077, "y": -1.6531136830740614, "zone": null, "min_dist": 0.12361499558807676}
{"t": 1785082376.8969102, "x": 4.623614974633941, "y": -1.6531152432301983, "zone": null, "min_dist": 0.12361497463394144}
{"t": 1785082377.0489776, "x": 4.623614956945782, "y": -1.6531163184140731, "zone": null, "min_dist": 0.12361495694578206}
{"t": 1785082377.2008839, "x": 4.623614936786199, "y": -1.6531173315771783, "zone": null, "min_dist": 0.12361493678619873}
{"t": 1785082377.3532898, "x": 4.62361491248664, "y": -1.6531183455319551, "zone": null, "min_dist": 0.12361491248663992}
{"t": 1785082377.5057132, "x": 4.623614897901634, "y": -1.65311886145932, "zone": null, "min_dist": 0.12361489790163382}
{"t": 1785082377.6579905, "x": 4.623614881406462, "y": -1.653119362555042, "zone": null, "min_dist": 0.12361488140646237}
{"t": 1785082377.818175, "x": 4.623614855914909, "y": -1.6531197886467999, "zone": null, "min_dist": 0.12361485591490862}
{"t": 1785082377.9788473, "x": 4.623614855914909, "y": -1.6531197886467999, "zone": null, "min_dist": 0.12361485591490862}
{"t": 1785082378.1388319, "x": 4.623614822809591, "y": -1.6531201840218397, "zone": null, "min_dist": 0.12361482280959102}
{"t": 1785082378.2909098, "x": 4.623614822809591, "y": -1.6531201840218397, "zone": null, "min_dist": 0.12361482280959102}
{"t": 1785082378.443704, "x": 4.623614782231918, "y": -1.6531205693710924, "zone": null, "min_dist": 0.12361478223191824}
{"t": 1785082378.5954971, "x": 4.623614782231918, "y": -1.6531205693710924, "zone": null, "min_dist": 0.12361478223191824}
{"t": 1785082378.748045, "x": 4.623614730306867, "y": -1.6531209433827854, "zone": null, "min_dist": 0.12361473030686732}
{"t": 1785082378.8999553, "x": 4.623614730306867, "y": -1.6531209433827854, "zone": null, "min_dist": 0.12361473030686732}
{"t": 1785082379.052099, "x": 4.623614730306867, "y": -1.6531209433827854, "zone": null, "min_dist": 0.12361473030686732}
{"t": 1785082379.204348, "x": 4.623614730306867, "y": -1.6531209433827854, "zone": null, "min_dist": 0.12361473030686732}
{"t": 1785082379.3566725, "x": 4.623614662071128, "y": -1.65312129753836, "zone": null, "min_dist": 0.12361466207112759}
{"t": 1785082379.5089219, "x": 4.623614662071128, "y": -1.65312129753836, "zone": null, "min_dist": 0.12361466207112759}
{"t": 1785082379.6687691, "x": 4.623614662071128, "y": -1.65312129753836, "zone": null, "min_dist": 0.12361466207112759}
{"t": 1785082379.8208818, "x": 4.623614662071128, "y": -1.65312129753836, "zone": null, "min_dist": 0.12361466207112759}
{"t": 1785082379.9732802, "x": 4.623614662071128, "y": -1.65312129753836, "zone": null, "min_dist": 0.12361466207112759}
{"t": 1785082380.1334336, "x": 4.623614573934487, "y": -1.6531216270446893, "zone": null, "min_dist": 0.12361457393448738}
{"t": 1785082380.2856317, "x": 4.623614573934487, "y": -1.6531216270446893, "zone": null, "min_dist": 0.12361457393448738}
{"t": 1785082380.4376812, "x": 4.623614573934487, "y": -1.6531216270446893, "zone": null, "min_dist": 0.12361457393448738}
{"t": 1785082380.598167, "x": 4.623614573934487, "y": -1.6531216270446893, "zone": null, "min_dist": 0.12361457393448738}
{"t": 1785082380.750605, "x": 4.623614573934487, "y": -1.6531216270446893, "zone": null, "min_dist": 0.12361457393448738}
{"t": 1785082380.903227, "x": 4.623614465343742, "y": -1.6531219223393105, "zone": null, "min_dist": 0.1236144653437421}
{"t": 1785082381.0629628, "x": 4.623614465343742, "y": -1.6531219223393105, "zone": null, "min_dist": 0.1236144653437421}
{"t": 1785082381.215023, "x": 4.623614465343742, "y": -1.6531219223393105, "zone": null, "min_dist": 0.1236144653437421}
{"t": 1785082381.375516, "x": 4.623614465343742, "y": -1.6531219223393105, "zone": null, "min_dist": 0.1236144653437421}
{"t": 1785082381.5357673, "x": 4.623614465343742, "y": -1.6531219223393105, "zone": null, "min_dist": 0.1236144653437421}
{"t": 1785082381.688011, "x": 4.623614465343742, "y": -1.6531219223393105, "zone": null, "min_dist": 0.1236144653437421}
{"t": 1785082381.8405523, "x": 4.623614465343742, "y": -1.6531219223393105, "zone": null, "min_dist": 0.1236144653437421}
{"t": 1785082381.992687, "x": 4.623614345222264, "y": -1.6531221822598845, "zone": null, "min_dist": 0.123614345222264}
{"t": 1785082382.1448858, "x": 4.623614345222264, "y": -1.6531221822598845, "zone": null, "min_dist": 0.123614345222264}
{"t": 1785082382.296741, "x": 4.623614345222264, "y": -1.6531221822598845, "zone": null, "min_dist": 0.123614345222264}
{"t": 1785082382.4491653, "x": 4.623614345222264, "y": -1.6531221822598845, "zone": null, "min_dist": 0.123614345222264}
{"t": 1785082382.601701, "x": 4.623614345222264, "y": -1.6531221822598845, "zone": null, "min_dist": 0.123614345222264}
{"t": 1785082382.7540822, "x": 4.623614345222264, "y": -1.6531221822598845, "zone": null, "min_dist": 0.123614345222264}
{"t": 1785082382.9144742, "x": 4.6236142185293, "y": -1.6531224095674941, "zone": null, "min_dist": 0.12361421852930032}
{"t": 1785082383.066658, "x": 4.6236142185293, "y": -1.6531224095674941, "zone": null, "min_dist": 0.12361421852930032}
{"t": 1785082383.2186775, "x": 4.6236142185293, "y": -1.6531224095674941, "zone": null, "min_dist": 0.12361421852930032}
{"t": 1785082383.3708372, "x": 4.6236142185293, "y": -1.6531224095674941, "zone": null, "min_dist": 0.12361421852930032}
{"t": 1785082383.5231225, "x": 4.6236142185293, "y": -1.6531224095674941, "zone": null, "min_dist": 0.12361421852930032}
{"t": 1785082383.683456, "x": 4.6236142185293, "y": -1.6531224095674941, "zone": null, "min_dist": 0.12361421852930032}
{"t": 1785082383.8357315, "x": 4.6236142185293, "y": -1.6531224095674941, "zone": null, "min_dist": 0.12361421852930032}
{"t": 1785082383.9955895, "x": 4.6236140882579475, "y": -1.6531226108846795, "zone": null, "min_dist": 0.12361408825794751}
{"t": 1785082384.1561143, "x": 4.6236140882579475, "y": -1.6531226108846795, "zone": null, "min_dist": 0.12361408825794751}
{"t": 1785082384.3080769, "x": 4.6236140882579475, "y": -1.6531226108846795, "zone": null, "min_dist": 0.12361408825794751}
{"t": 1785082384.4685323, "x": 4.6236140882579475, "y": -1.6531226108846795, "zone": null, "min_dist": 0.12361408825794751}
{"t": 1785082384.6287873, "x": 4.6236140882579475, "y": -1.6531226108846795, "zone": null, "min_dist": 0.12361408825794751}
{"t": 1785082384.7812319, "x": 4.6236140882579475, "y": -1.6531226108846795, "zone": null, "min_dist": 0.12361408825794751}
{"t": 1785082384.9336896, "x": 4.6236140882579475, "y": -1.6531226108846795, "zone": null, "min_dist": 0.12361408825794751}
{"t": 1785082385.0858748, "x": 4.623613955195027, "y": -1.6531227922857292, "zone": null, "min_dist": 0.12361395519502683}
{"t": 1785082385.2380996, "x": 4.623613955195027, "y": -1.6531227922857292, "zone": null, "min_dist": 0.12361395519502683}
{"t": 1785082385.4961708, "x": 4.623613955195027, "y": -1.6531227922857292, "zone": null, "min_dist": 0.12361395519502683}
{"t": 1785082385.6549184, "x": 4.623613955195027, "y": -1.6531227922857292, "zone": null, "min_dist": 0.12361395519502683}
{"t": 1785082385.8067646, "x": 4.623613955195027, "y": -1.6531227922857292, "zone": null, "min_dist": 0.12361395519502683}
{"t": 1785082385.958659, "x": 4.623613955195027, "y": -1.6531227922857292, "zone": null, "min_dist": 0.12361395519502683}
{"t": 1785082386.1108537, "x": 4.623613955195027, "y": -1.6531227922857292, "zone": null, "min_dist": 0.12361395519502683}
{"t": 1785082386.263334, "x": 4.623613816693225, "y": -1.6531229545737165, "zone": null, "min_dist": 0.1236138166932248}
{"t": 1785082386.4159088, "x": 4.623613816693225, "y": -1.6531229545737165, "zone": null, "min_dist": 0.1236138166932248}
{"t": 1785082386.5681238, "x": 4.623613816693225, "y": -1.6531229545737165, "zone": null, "min_dist": 0.1236138166932248}
{"t": 1785082386.7445078, "x": 4.623613816693225, "y": -1.6531229545737165, "zone": null, "min_dist": 0.1236138166932248}
{"t": 1785082386.921055, "x": 4.623613816693225, "y": -1.6531229545737165, "zone": null, "min_dist": 0.1236138166932248}
{"t": 1785082387.0812473, "x": 4.623613816693225, "y": -1.6531229545737165, "zone": null, "min_dist": 0.1236138166932248}
{"t": 1785082387.241504, "x": 4.623613816693225, "y": -1.6531229545737165, "zone": null, "min_dist": 0.1236138166932248}
{"t": 1785082387.3937936, "x": 4.623613677018736, "y": -1.6531231010550478, "zone": null, "min_dist": 0.12361367701873593}
{"t": 1785082387.5457275, "x": 4.623613677018736, "y": -1.6531231010550478, "zone": null, "min_dist": 0.12361367701873593}
{"t": 1785082387.706052, "x": 4.623613677018736, "y": -1.6531231010550478, "zone": null, "min_dist": 0.12361367701873593}
{"t": 1785082387.858839, "x": 4.623613677018736, "y": -1.6531231010550478, "zone": null, "min_dist": 0.12361367701873593}
{"t": 1785082388.0107656, "x": 4.623613677018736, "y": -1.6531231010550478, "zone": null, "min_dist": 0.12361367701873593}
{"t": 1785082388.1628764, "x": 4.623613677018736, "y": -1.6531231010550478, "zone": null, "min_dist": 0.12361367701873593}
{"t": 1785082388.3148546, "x": 4.623613677018736, "y": -1.6531231010550478, "zone": null, "min_dist": 0.12361367701873593}
{"t": 1785082388.4670367, "x": 4.623613677018736, "y": -1.6531231010550478, "zone": null, "min_dist": 0.12361367701873593}
{"t": 1785082388.6272109, "x": 4.623613535347626, "y": -1.6531232349500795, "zone": null, "min_dist": 0.12361353534762642}
{"t": 1785082388.7794034, "x": 4.623613535347626, "y": -1.6531232349500795, "zone": null, "min_dist": 0.12361353534762642}
{"t": 1785082388.9397697, "x": 4.623613535347626, "y": -1.6531232349500795, "zone": null, "min_dist": 0.12361353534762642}
{"t": 1785082389.091972, "x": 4.623613535347626, "y": -1.6531232349500795, "zone": null, "min_dist": 0.12361353534762642}
{"t": 1785082389.2441525, "x": 4.623613535347626, "y": -1.6531232349500795, "zone": null, "min_dist": 0.12361353534762642}
{"t": 1785082389.396593, "x": 4.623613535347626, "y": -1.6531232349500795, "zone": null, "min_dist": 0.12361353534762642}
{"t": 1785082389.5489597, "x": 4.623613535347626, "y": -1.6531232349500795, "zone": null, "min_dist": 0.12361353534762642}
{"t": 1785082389.701239, "x": 4.623613535347626, "y": -1.6531232349500795, "zone": null, "min_dist": 0.12361353534762642}
{"t": 1785082389.8536816, "x": 4.6236133918234, "y": -1.6531233591551333, "zone": null, "min_dist": 0.12361339182340014}
{"t": 1785082390.0058553, "x": 4.6236133918234, "y": -1.6531233591551333, "zone": null, "min_dist": 0.12361339182340014}
{"t": 1785082390.1582913, "x": 4.6236133918234, "y": -1.6531233591551333, "zone": null, "min_dist": 0.12361339182340014}
{"t": 1785082390.3102934, "x": 4.6236133918234, "y": -1.6531233591551333, "zone": null, "min_dist": 0.12361339182340014}
{"t": 1785082390.4631195, "x": 4.6236133918234, "y": -1.6531233591551333, "zone": null, "min_dist": 0.12361339182340014}
{"t": 1785082390.6229534, "x": 4.6236133918234, "y": -1.6531233591551333, "zone": null, "min_dist": 0.12361339182340014}
{"t": 1785082390.7832346, "x": 4.6236133918234, "y": -1.6531233591551333, "zone": null, "min_dist": 0.12361339182340014}
{"t": 1785082390.9353306, "x": 4.623613249275587, "y": -1.6531234734002542, "zone": null, "min_dist": 0.12361324927558659}
{"t": 1785082391.0875459, "x": 4.623613249275587, "y": -1.6531234734002542, "zone": null, "min_dist": 0.12361324927558659}
{"t": 1785082391.2480762, "x": 4.623613249275587, "y": -1.6531234734002542, "zone": null, "min_dist": 0.12361324927558659}
{"t": 1785082391.4077625, "x": 4.623613249275587, "y": -1.6531234734002542, "zone": null, "min_dist": 0.12361324927558659}
{"t": 1785082391.5676494, "x": 4.623613249275587, "y": -1.6531234734002542, "zone": null, "min_dist": 0.12361324927558659}
{"t": 1785082391.7197566, "x": 4.623613249275587, "y": -1.6531234734002542, "zone": null, "min_dist": 0.12361324927558659}
{"t": 1785082391.8722436, "x": 4.623613249275587, "y": -1.6531234734002542, "zone": null, "min_dist": 0.12361324927558659}
{"t": 1785082392.0326424, "x": 4.623613249275587, "y": -1.6531234734002542, "zone": null, "min_dist": 0.12361324927558659}
{"t": 1785082392.1848834, "x": 4.623613107117043, "y": -1.6531235819869199, "zone": null, "min_dist": 0.12361310711704299}
{"t": 1785082392.3447762, "x": 4.623613107117043, "y": -1.6531235819869199, "zone": null, "min_dist": 0.12361310711704299}
{"t": 1785082392.50541, "x": 4.623613107117043, "y": -1.6531235819869199, "zone": null, "min_dist": 0.12361310711704299}
{"t": 1785082392.6659732, "x": 4.623613107117043, "y": -1.6531235819869199, "zone": null, "min_dist": 0.12361310711704299}
{"t": 1785082392.8178706, "x": 4.623613107117043, "y": -1.6531235819869199, "zone": null, "min_dist": 0.12361310711704299}
{"t": 1785082392.9705665, "x": 4.623613107117043, "y": -1.6531235819869199, "zone": null, "min_dist": 0.12361310711704299}
{"t": 1785082393.122535, "x": 4.623613107117043, "y": -1.6531235819869199, "zone": null, "min_dist": 0.12361310711704299}
{"t": 1785082393.2749074, "x": 4.6236129651014215, "y": -1.653123684887605, "zone": null, "min_dist": 0.1236129651014215}
{"t": 1785082393.4354024, "x": 4.6236129651014215, "y": -1.653123684887605, "zone": null, "min_dist": 0.1236129651014215}
{"t": 1785082393.5876508, "x": 4.6236129651014215, "y": -1.653123684887605, "zone": null, "min_dist": 0.1236129651014215}
{"t": 1785082393.7477388, "x": 4.6236129651014215, "y": -1.653123684887605, "zone": null, "min_dist": 0.1236129651014215}
{"t": 1785082393.9001365, "x": 4.6236129651014215, "y": -1.653123684887605, "zone": null, "min_dist": 0.1236129651014215}
{"t": 1785082394.0523453, "x": 4.6236129651014215, "y": -1.653123684887605, "zone": null, "min_dist": 0.1236129651014215}
{"t": 1785082394.2043934, "x": 4.6236129651014215, "y": -1.653123684887605, "zone": null, "min_dist": 0.1236129651014215}
{"t": 1785082394.356967, "x": 4.6236129651014215, "y": -1.653123684887605, "zone": null, "min_dist": 0.1236129651014215}
{"t": 1785082394.5088556, "x": 4.623612823142817, "y": -1.6531237851656486, "zone": null, "min_dist": 0.12361282314281663}
{"t": 1785082394.6610708, "x": 4.623612823142817, "y": -1.6531237851656486, "zone": null, "min_dist": 0.12361282314281663}
{"t": 1785082394.8133798, "x": 4.623612823142817, "y": -1.6531237851656486, "zone": null, "min_dist": 0.12361282314281663}
{"t": 1785082394.9737396, "x": 4.623612823142817, "y": -1.6531237851656486, "zone": null, "min_dist": 0.12361282314281663}
{"t": 1785082395.125849, "x": 4.623612823142817, "y": -1.6531237851656486, "zone": null, "min_dist": 0.12361282314281663}
{"t": 1785082395.278125, "x": 4.623612823142817, "y": -1.6531237851656486, "zone": null, "min_dist": 0.12361282314281663}
{"t": 1785082395.4302526, "x": 4.623612823142817, "y": -1.6531237851656486, "zone": null, "min_dist": 0.12361282314281663}
{"t": 1785082395.5825512, "x": 4.623612679116658, "y": -1.653123883203609, "zone": null, "min_dist": 0.12361267911665763}
{"t": 1785082395.734863, "x": 4.623612679116658, "y": -1.653123883203609, "zone": null, "min_dist": 0.12361267911665763}
{"t": 1785082395.8869169, "x": 4.623612679116658, "y": -1.653123883203609, "zone": null, "min_dist": 0.12361267911665763}
{"t": 1785082396.046826, "x": 4.623612679116658, "y": -1.653123883203609, "zone": null, "min_dist": 0.12361267911665763}
{"t": 1785082396.1991372, "x": 4.623612679116658, "y": -1.653123883203609, "zone": null, "min_dist": 0.12361267911665763}
{"t": 1785082396.3512208, "x": 4.623612679116658, "y": -1.653123883203609, "zone": null, "min_dist": 0.12361267911665763}
{"t": 1785082396.5038407, "x": 4.623612679116658, "y": -1.653123883203609, "zone": null, "min_dist": 0.12361267911665763}
{"t": 1785082396.6641936, "x": 4.623612679116658, "y": -1.653123883203609, "zone": null, "min_dist": 0.12361267911665763}
{"t": 1785082396.8242161, "x": 4.623612534650682, "y": -1.65312397677813, "zone": null, "min_dist": 0.12361253465068156}
{"t": 1785082396.976988, "x": 4.623612534650682, "y": -1.65312397677813, "zone": null, "min_dist": 0.12361253465068156}
{"t": 1785082397.1292524, "x": 4.623612534650682, "y": -1.65312397677813, "zone": null, "min_dist": 0.12361253465068156}
{"t": 1785082397.281312, "x": 4.623612534650682, "y": -1.65312397677813, "zone": null, "min_dist": 0.12361253465068156}
{"t": 1785082397.433357, "x": 4.623612534650682, "y": -1.65312397677813, "zone": null, "min_dist": 0.12361253465068156}
{"t": 1785082397.5858686, "x": 4.623612534650682, "y": -1.65312397677813, "zone": null, "min_dist": 0.12361253465068156}
{"t": 1785082397.7460842, "x": 4.623612534650682, "y": -1.65312397677813, "zone": null, "min_dist": 0.12361253465068156}
{"t": 1785082397.8978806, "x": 4.623612534650682, "y": -1.65312397677813, "zone": null, "min_dist": 0.12361253465068156}
{"t": 1785082398.0501926, "x": 4.623612391305555, "y": -1.6531240684206547, "zone": null, "min_dist": 0.12361239130555468}
{"t": 1785082398.2027037, "x": 4.623612391305555, "y": -1.6531240684206547, "zone": null, "min_dist": 0.12361239130555468}
{"t": 1785082398.354783, "x": 4.623612391305555, "y": -1.6531240684206547, "zone": null, "min_dist": 0.12361239130555468}
{"t": 1785082398.5066836, "x": 4.623612391305555, "y": -1.6531240684206547, "zone": null, "min_dist": 0.12361239130555468}
{"t": 1785082398.6593947, "x": 4.623612391305555, "y": -1.6531240684206547, "zone": null, "min_dist": 0.12361239130555468}
{"t": 1785082398.8196836, "x": 4.623612391305555, "y": -1.6531240684206547, "zone": null, "min_dist": 0.12361239130555468}
{"t": 1785082398.971937, "x": 4.623612391305555, "y": -1.6531240684206547, "zone": null, "min_dist": 0.12361239130555468}
{"t": 1785082399.1325939, "x": 4.623612248804195, "y": -1.6531241608272822, "zone": null, "min_dist": 0.12361224880419464}
{"t": 1785082399.292613, "x": 4.623612248804195, "y": -1.6531241608272822, "zone": null, "min_dist": 0.12361224880419464}
{"t": 1785082399.44512, "x": 4.623612248804195, "y": -1.6531241608272822, "zone": null, "min_dist": 0.12361224880419464}
{"t": 1785082399.5970023, "x": 4.623612248804195, "y": -1.6531241608272822, "zone": null, "min_dist": 0.12361224880419464}
{"t": 1785082399.7574933, "x": 4.623612248804195, "y": -1.6531241608272822, "zone": null, "min_dist": 0.12361224880419464}
{"t": 1785082399.909817, "x": 4.623612248804195, "y": -1.6531241608272822, "zone": null, "min_dist": 0.12361224880419464}
{"t": 1785082400.061855, "x": 4.623612248804195, "y": -1.6531241608272822, "zone": null, "min_dist": 0.12361224880419464}
{"t": 1785082400.2216482, "x": 4.623612248804195, "y": -1.6531241608272822, "zone": null, "min_dist": 0.12361224880419464}
{"t": 1785082400.3737874, "x": 4.623612104975889, "y": -1.653124250641327, "zone": null, "min_dist": 0.12361210497588893}
{"t": 1785082400.5260155, "x": 4.623612104975889, "y": -1.653124250641327, "zone": null, "min_dist": 0.12361210497588893}
{"t": 1785082400.6868231, "x": 4.623612104975889, "y": -1.653124250641327, "zone": null, "min_dist": 0.12361210497588893}
{"t": 1785082400.8387775, "x": 4.623612104975889, "y": -1.653124250641327, "zone": null, "min_dist": 0.12361210497588893}
{"t": 1785082400.9909487, "x": 4.623612104975889, "y": -1.653124250641327, "zone": null, "min_dist": 0.12361210497588893}
{"t": 1785082401.143378, "x": 4.623612104975889, "y": -1.653124250641327, "zone": null, "min_dist": 0.12361210497588893}
{"t": 1785082401.2955651, "x": 4.623612104975889, "y": -1.653124250641327, "zone": null, "min_dist": 0.12361210497588893}
{"t": 1785082401.4478867, "x": 4.623612104975889, "y": -1.653124250641327, "zone": null, "min_dist": 0.12361210497588893}
{"t": 1785082401.5997355, "x": 4.623611960575166, "y": -1.6531243379633966, "zone": null, "min_dist": 0.12361196057516644}
{"t": 1785082401.7520685, "x": 4.623611960575166, "y": -1.6531243379633966, "zone": null, "min_dist": 0.12361196057516644}
{"t": 1785082401.912254, "x": 4.623611960575166, "y": -1.6531243379633966, "zone": null, "min_dist": 0.12361196057516644}
{"t": 1785082402.0726378, "x": 4.623611960575166, "y": -1.6531243379633966, "zone": null, "min_dist": 0.12361196057516644}
{"t": 1785082402.2248142, "x": 4.623611960575166, "y": -1.6531243379633966, "zone": null, "min_dist": 0.12361196057516644}
{"t": 1785082402.3766232, "x": 4.623611960575166, "y": -1.6531243379633966, "zone": null, "min_dist": 0.12361196057516644}
{"t": 1785082402.5371158, "x": 4.623611960575166, "y": -1.6531243379633966, "zone": null, "min_dist": 0.12361196057516644}
{"t": 1785082402.6901295, "x": 4.623611814283172, "y": -1.6531244254623811, "zone": null, "min_dist": 0.12361181428317192}
{"t": 1785082402.8422065, "x": 4.623611814283172, "y": -1.6531244254623811, "zone": null, "min_dist": 0.12361181428317192}
{"t": 1785082403.0020785, "x": 4.623611814283172, "y": -1.6531244254623811, "zone": null, "min_dist": 0.12361181428317192}
{"t": 1785082403.154495, "x": 4.623611814283172, "y": -1.6531244254623811, "zone": null, "min_dist": 0.12361181428317192}
{"t": 1785082403.3068476, "x": 4.623611814283172, "y": -1.6531244254623811, "zone": null, "min_dist": 0.12361181428317192}
{"t": 1785082403.4589908, "x": 4.623611814283172, "y": -1.6531244254623811, "zone": null, "min_dist": 0.12361181428317192}
{"t": 1785082403.6113098, "x": 4.623611814283172, "y": -1.6531244254623811, "zone": null, "min_dist": 0.12361181428317192}
{"t": 1785082403.7638538, "x": 4.623611814283172, "y": -1.6531244254623811, "zone": null, "min_dist": 0.12361181428317192}
{"t": 1785082403.9236784, "x": 4.623611666949127, "y": -1.653124511689124, "zone": null, "min_dist": 0.1236116669491274}
{"t": 1785082404.075604, "x": 4.623611666949127, "y": -1.653124511689124, "zone": null, "min_dist": 0.1236116669491274}
{"t": 1785082404.2280276, "x": 4.623611666949127, "y": -1.653124511689124, "zone": null, "min_dist": 0.1236116669491274}
{"t": 1785082404.3809524, "x": 4.623611666949127, "y": -1.653124511689124, "zone": null, "min_dist": 0.1236116669491274}
{"t": 1785082404.5325627, "x": 4.623611666949127, "y": -1.653124511689124, "zone": null, "min_dist": 0.1236116669491274}
{"t": 1785082404.6852756, "x": 4.623611666949127, "y": -1.653124511689124, "zone": null, "min_dist": 0.1236116669491274}
{"t": 1785082404.8455286, "x": 4.623611666949127, "y": -1.653124511689124, "zone": null, "min_dist": 0.1236116669491274}
{"t": 1785082404.9976106, "x": 4.623611666949127, "y": -1.653124511689124, "zone": null, "min_dist": 0.1236116669491274}
{"t": 1785082405.157813, "x": 4.6236115197247525, "y": -1.653124597100745, "zone": null, "min_dist": 0.12361151972475248}
{"t": 1785082405.334009, "x": 4.6236115197247525, "y": -1.653124597100745, "zone": null, "min_dist": 0.12361151972475248}
{"t": 1785082405.4870765, "x": 4.6236115197247525, "y": -1.653124597100745, "zone": null, "min_dist": 0.12361151972475248}
{"t": 1785082405.6467667, "x": 4.6236115197247525, "y": -1.653124597100745, "zone": null, "min_dist": 0.12361151972475248}
{"t": 1785082405.7990112, "x": 4.6236115197247525, "y": -1.653124597100745, "zone": null, "min_dist": 0.12361151972475248}
{"t": 1785082405.950721, "x": 4.6236115197247525, "y": -1.653124597100745, "zone": null, "min_dist": 0.12361151972475248}
{"t": 1785082406.1110022, "x": 4.6236115197247525, "y": -1.653124597100745, "zone": null, "min_dist": 0.12361151972475248}
{"t": 1785082406.2633333, "x": 4.6236115197247525, "y": -1.653124597100745, "zone": null, "min_dist": 0.12361151972475248}
{"t": 1785082406.4155364, "x": 4.623611372692381, "y": -1.6531246817129015, "zone": null, "min_dist": 0.12361137269238132}
{"t": 1785082406.5677621, "x": 4.623611372692381, "y": -1.6531246817129015, "zone": null, "min_dist": 0.12361137269238132}
{"t": 1785082406.728597, "x": 4.623611372692381, "y": -1.6531246817129015, "zone": null, "min_dist": 0.12361137269238132}
{"t": 1785082406.8804035, "x": 4.623611372692381, "y": -1.6531246817129015, "zone": null, "min_dist": 0.12361137269238132}
{"t": 1785082407.0327437, "x": 4.623611372692381, "y": -1.6531246817129015, "zone": null, "min_dist": 0.12361137269238132}
{"t": 1785082407.1847823, "x": 4.623611372692381, "y": -1.6531246817129015, "zone": null, "min_dist": 0.12361137269238132}
{"t": 1785082407.3372865, "x": 4.623611372692381, "y": -1.6531246817129015, "zone": null, "min_dist": 0.12361137269238132}
{"t": 1785082407.4900224, "x": 4.623611372692381, "y": -1.6531246817129015, "zone": null, "min_dist": 0.12361137269238132}
{"t": 1785082407.6656117, "x": 4.623611227113256, "y": -1.6531247673686056, "zone": null, "min_dist": 0.12361122711325567}
{"t": 1785082407.8261642, "x": 4.623611227113256, "y": -1.6531247673686056, "zone": null, "min_dist": 0.12361122711325567}
{"t": 1785082407.9791484, "x": 4.623611227113256, "y": -1.6531247673686056, "zone": null, "min_dist": 0.12361122711325567}
{"t": 1785082408.1382596, "x": 4.623611227113256, "y": -1.6531247673686056, "zone": null, "min_dist": 0.12361122711325567}
{"t": 1785082408.2909791, "x": 4.623611227113256, "y": -1.6531247673686056, "zone": null, "min_dist": 0.12361122711325567}
{"t": 1785082408.443234, "x": 4.623611227113256, "y": -1.6531247673686056, "zone": null, "min_dist": 0.12361122711325567}
{"t": 1785082408.5957804, "x": 4.623611227113256, "y": -1.6531247673686056, "zone": null, "min_dist": 0.12361122711325567}
{"t": 1785082408.7479017, "x": 4.623611082351039, "y": -1.6531248520981956, "zone": null, "min_dist": 0.12361108235103924}
{"t": 1785082408.9080215, "x": 4.623611082351039, "y": -1.6531248520981956, "zone": null, "min_dist": 0.12361108235103924}
{"t": 1785082409.0598612, "x": 4.623611082351039, "y": -1.6531248520981956, "zone": null, "min_dist": 0.12361108235103924}
{"t": 1785082409.2202578, "x": 4.623611082351039, "y": -1.6531248520981956, "zone": null, "min_dist": 0.12361108235103924}
{"t": 1785082409.3724937, "x": 4.623611082351039, "y": -1.6531248520981956, "zone": null, "min_dist": 0.12361108235103924}
{"t": 1785082409.5250745, "x": 4.623611082351039, "y": -1.6531248520981956, "zone": null, "min_dist": 0.12361108235103924}
{"t": 1785082409.684823, "x": 4.623611082351039, "y": -1.6531248520981956, "zone": null, "min_dist": 0.12361108235103924}
{"t": 1785082409.8367224, "x": 4.623611082351039, "y": -1.6531248520981956, "zone": null, "min_dist": 0.12361108235103924}
{"t": 1785082409.9889128, "x": 4.6236109377864025, "y": -1.653124939820224, "zone": null, "min_dist": 0.12361093778640253}
{"t": 1785082410.1417575, "x": 4.6236109377864025, "y": -1.653124939820224, "zone": null, "min_dist": 0.12361093778640253}
{"t": 1785082410.3019853, "x": 4.6236109377864025, "y": -1.653124939820224, "zone": null, "min_dist": 0.12361093778640253}
{"t": 1785082410.453739, "x": 4.6236109377864025, "y": -1.653124939820224, "zone": null, "min_dist": 0.12361093778640253}
{"t": 1785082410.6058736, "x": 4.6236109377864025, "y": -1.653124939820224, "zone": null, "min_dist": 0.12361093778640253}
{"t": 1785082410.7578983, "x": 4.6236109377864025, "y": -1.653124939820224, "zone": null, "min_dist": 0.12361093778640253}
{"t": 1785082410.9102516, "x": 4.6236109377864025, "y": -1.653124939820224, "zone": null, "min_dist": 0.12361093778640253}
{"t": 1785082411.0709987, "x": 4.6236109377864025, "y": -1.653124939820224, "zone": null, "min_dist": 0.12361093778640253}
{"t": 1785082411.2229302, "x": 4.623610791026877, "y": -1.6531250260921313, "zone": null, "min_dist": 0.12361079102687711}
{"t": 1785082411.3834202, "x": 4.623610791026877, "y": -1.6531250260921313, "zone": null, "min_dist": 0.12361079102687711}
{"t": 1785082411.5438733, "x": 4.623610791026877, "y": -1.6531250260921313, "zone": null, "min_dist": 0.12361079102687711}
{"t": 1785082411.7044797, "x": 4.623610791026877, "y": -1.6531250260921313, "zone": null, "min_dist": 0.12361079102687711}
{"t": 1785082411.865268, "x": 4.623610791026877, "y": -1.6531250260921313, "zone": null, "min_dist": 0.12361079102687711}
{"t": 1785082412.0247164, "x": 4.623610791026877, "y": -1.6531250260921313, "zone": null, "min_dist": 0.12361079102687711}
{"t": 1785082412.201334, "x": 4.623610791026877, "y": -1.6531250260921313, "zone": null, "min_dist": 0.12361079102687711}
{"t": 1785082412.353526, "x": 4.6236106442682345, "y": -1.6531251121357309, "zone": null, "min_dist": 0.12361064426823454}
{"t": 1785082412.5059202, "x": 4.6236106442682345, "y": -1.6531251121357309, "zone": null, "min_dist": 0.12361064426823454}
{"t": 1785082412.6582243, "x": 4.6236106442682345, "y": -1.6531251121357309, "zone": null, "min_dist": 0.12361064426823454}
{"t": 1785082412.8180032, "x": 4.6236106442682345, "y": -1.6531251121357309, "zone": null, "min_dist": 0.12361064426823454}
{"t": 1785082412.970589, "x": 4.6236106442682345, "y": -1.6531251121357309, "zone": null, "min_dist": 0.12361064426823454}
{"t": 1785082413.1226575, "x": 4.6236106442682345, "y": -1.6531251121357309, "zone": null, "min_dist": 0.12361064426823454}
{"t": 1785082413.2746742, "x": 4.6236106442682345, "y": -1.6531251121357309, "zone": null, "min_dist": 0.12361064426823454}
{"t": 1785082413.4352193, "x": 4.6236106442682345, "y": -1.6531251121357309, "zone": null, "min_dist": 0.12361064426823454}
{"t": 1785082413.5952966, "x": 4.623610498434707, "y": -1.653125197958785, "zone": null, "min_dist": 0.12361049843470706}
{"t": 1785082413.755802, "x": 4.623610498434707, "y": -1.653125197958785, "zone": null, "min_dist": 0.12361049843470706}
{"t": 1785082413.9080942, "x": 4.623610498434707, "y": -1.653125197958785, "zone": null, "min_dist": 0.12361049843470706}
{"t": 1785082414.068219, "x": 4.623610498434707, "y": -1.653125197958785, "zone": null, "min_dist": 0.12361049843470706}
{"t": 1785082414.228678, "x": 4.623606487481639, "y": -1.6532275866263895, "zone": null, "min_dist": 0.12360648748163872}
{"t": 1785082414.3809347, "x": 4.619572556615524, "y": -1.6577690661129245, "zone": null, "min_dist": 0.11957255661552413}
{"t": 1785082414.5413635, "x": 4.619639464319914, "y": -1.655127111842376, "zone": null, "min_dist": 0.11963946431991435}
{"t": 1785082414.7019348, "x": 4.619646469865454, "y": -1.654466550878979, "zone": null, "min_dist": 0.11964646986545358}
{"t": 1785082414.8543105, "x": 4.619648005766891, "y": -1.6542441831948091, "zone": null, "min_dist": 0.11964800576689072}
{"t": 1785082415.0062962, "x": 4.619649414647825, "y": -1.6539654139154678, "zone": null, "min_dist": 0.1196494146478253}
{"t": 1785082415.1579025, "x": 4.61965091584631, "y": -1.65335803143317, "zone": null, "min_dist": 0.11965091584630994}
{"t": 1785082415.3105197, "x": 4.619650857963571, "y": -1.653241094697807, "zone": null, "min_dist": 0.11965085796357133}
{"t": 1785082415.4625754, "x": 4.619650770496505, "y": -1.6532388786253156, "zone": null, "min_dist": 0.11965077049650485}
{"t": 1785082415.6230116, "x": 4.619650690716383, "y": -1.653236761421624, "zone": null, "min_dist": 0.11965069071638279}
{"t": 1785082415.7753344, "x": 4.619602421194993, "y": -1.6537791871293286, "zone": null, "min_dist": 0.11960242119499309}
{"t": 1785082415.9274392, "x": 4.619602600700524, "y": -1.6536871365609793, "zone": null, "min_dist": 0.11960260070052442}
{"t": 1785082416.0794911, "x": 4.6196027849099055, "y": -1.6536086750329038, "zone": null, "min_dist": 0.1196027849099055}
{"t": 1785082416.2559514, "x": 4.619602953563984, "y": -1.6535338912500785, "zone": null, "min_dist": 0.11960295356398376}
{"t": 1785082416.4081666, "x": 4.61960307869426, "y": -1.6534805957668568, "zone": null, "min_dist": 0.11960307869425968}
{"t": 1785082416.5598214, "x": 4.619603170788838, "y": -1.653436505399197, "zone": null, "min_dist": 0.11960317078883786}
{"t": 1785082416.7200117, "x": 4.619599601409675, "y": -1.6534795389860706, "zone": null, "min_dist": 0.11959960140967496}
{"t": 1785082416.8723774, "x": 4.6195996839123, "y": -1.653434977913847, "zone": null, "min_dist": 0.11959968391230014}
{"t": 1785082417.0325375, "x": 4.619599737442509, "y": -1.6533965898026814, "zone": null, "min_dist": 0.11959973744250885}
{"t": 1785082417.1848893, "x": 4.619599769848835, "y": -1.6533666026431355, "zone": null, "min_dist": 0.11959976984883536}
{"t": 1785082417.3450804, "x": 4.619599791029813, "y": -1.6533406016993317, "zone": null, "min_dist": 0.11959979102981322}
{"t": 1785082417.497081, "x": 4.619468852657629, "y": -1.6589568400083705, "zone": null, "min_dist": 0.1194688526576293}
{"t": 1785082417.6494782, "x": 4.619504145896003, "y": -1.6584815106055755, "zone": null, "min_dist": 0.11950414589600289}
{"t": 1785082417.802065, "x": 4.620900705266955, "y": -1.6462911782948142, "zone": null, "min_dist": 0.12090070526695484}
{"t": 1785082417.9543386, "x": 4.622850549955677, "y": -1.6267681037533996, "zone": null, "min_dist": 0.12285054995567712}
{"t": 1785082418.1065857, "x": 4.623399339777108, "y": -1.6203101796620882, "zone": null, "min_dist": 0.12339933977710782}
{"t": 1785082418.2585576, "x": 4.623693306962095, "y": -1.616520233304133, "zone": null, "min_dist": 0.12369330696209513}
{"t": 1785082418.5105097, "x": 4.623964453454629, "y": -1.6127288526433736, "zone": null, "min_dist": 0.12396445345462936}
{"t": 1785082418.6671236, "x": 4.624369523769583, "y": -1.6063405160723974, "zone": null, "min_dist": 0.12436952376958299}
{"t": 1785082418.8200345, "x": 4.624579388268466, "y": -1.6025460929713877, "zone": null, "min_dist": 0.12457938826846604}
{"t": 1785082418.9715955, "x": 4.624766422235147, "y": -1.598750801985167, "zone": null, "min_dist": 0.12476642223514656}
{"t": 1785082419.131479, "x": 4.62493863714639, "y": -1.5947549905847824, "zone": null, "min_dist": 0.12493863714639009}
{"t": 1785082419.2840824, "x": 4.625078837710959, "y": -1.5909573451954264, "zone": null, "min_dist": 0.12507883771095862}
{"t": 1785082419.4450588, "x": 4.625201740039586, "y": -1.5869588902703518, "zone": null, "min_dist": 0.12520174003958573}
{"t": 1785082419.6045294, "x": 4.625299308779956, "y": -1.5829619068889778, "zone": null, "min_dist": 0.12529930877995632}
{"t": 1785082419.756608, "x": 4.62536979402273, "y": -1.5791819006796444, "zone": null, "min_dist": 0.1253697940227303}
{"t": 1785082419.9093592, "x": 4.625425047439948, "y": -1.5754524137362027, "zone": null, "min_dist": 0.12542504743994787}
{"t": 1785082420.0617428, "x": 4.625460048486927, "y": -1.571647656122559, "zone": null, "min_dist": 0.12546004848692682}
{"t": 1785082420.2136512, "x": 4.625472109945803, "y": -1.5678470222598986, "zone": null, "min_dist": 0.12547210994580293}
{"t": 1785082420.3657048, "x": 4.625461921757509, "y": -1.5641293941839414, "zone": null, "min_dist": 0.12546192175750903}
{"t": 1785082420.5262263, "x": 4.624214653362145, "y": -1.553065696627948, "zone": null, "min_dist": 0.1242146533621451}
{"t": 1785082420.7029161, "x": 4.625395803127106, "y": -1.537397695174376, "zone": null, "min_dist": 0.1253958031271063}
{"t": 1785082420.8626425, "x": 4.626547284775546, "y": -1.5251810634143639, "zone": null, "min_dist": 0.12654728477554578}
{"t": 1785082421.022911, "x": 4.627799942699547, "y": -1.512975124505307, "zone": null, "min_dist": 0.1277999426995473}
{"t": 1785082421.174709, "x": 4.629029570118823, "y": -1.5014002312154466, "zone": null, "min_dist": 0.12902957011882332}
{"t": 1785082421.3272994, "x": 4.629406775446958, "y": -1.4935123119047682, "zone": null, "min_dist": 0.12940677544695767}
{"t": 1785082421.479558, "x": 4.62940606977837, "y": -1.4935138396099472, "zone": null, "min_dist": 0.1294060697783701}
{"t": 1785082421.6315475, "x": 4.629405745308163, "y": -1.493515454857661, "zone": null, "min_dist": 0.12940574530816296}
{"t": 1785082421.7839522, "x": 4.6300517337719125, "y": -1.4950508875036546, "zone": null, "min_dist": 0.13005173377191248}
{"t": 1785082421.9359417, "x": 4.6334088867304235, "y": -1.5014242612194102, "zone": null, "min_dist": 0.1334088867304235}
{"t": 1785082422.0885103, "x": 4.6387775081094516, "y": -1.509370416592484, "zone": null, "min_dist": 0.13877750810945155}
{"t": 1785082422.2648833, "x": 4.646164712526204, "y": -1.5178197874233201, "zone": null, "min_dist": 0.146164712526204}
{"t": 1785082422.417092, "x": 4.653495489224502, "y": -1.5243695205016328, "zone": null, "min_dist": 0.15349548922450218}
{"t": 1785082422.5693448, "x": 4.66145831379453, "y": -1.5299993368137932, "zone": null, "min_dist": 0.16145831379452957}
{"t": 1785082422.721907, "x": 4.669776273107575, "y": -1.534549388912532, "zone": null, "min_dist": 0.16977627310757537}
{"t": 1785082422.8735693, "x": 4.678272883330605, "y": -1.5379811554469205, "zone": null, "min_dist": 0.17827288333060487}
{"t": 1785082423.025875, "x": 4.686870011122715, "y": -1.5403187324531475, "zone": null, "min_dist": 0.18687001112271506}
{"t": 1785082423.1781135, "x": 4.695547019313354, "y": -1.541594080194712, "zone": null, "min_dist": 0.19554701931335394}
{"t": 1785082423.3382215, "x": 4.704769744944228, "y": -1.5418049498764703, "zone": null, "min_dist": 0.20476974494422784}
{"t": 1785082423.4909313, "x": 4.708456716004412, "y": -1.541623412543128, "zone": null, "min_dist": 0.20845671600441218}
{"t": 1785082423.643281, "x": 4.700973122161617, "y": -1.543384714092815, "zone": null, "min_dist": 0.2009731221616171}
{"t": 1785082423.7954123, "x": 4.692629174405238, "y": -1.546358772547293, "zone": null, "min_dist": 0.19262917440523797}
{"t": 1785082423.9471173, "x": 4.692176981248704, "y": -1.5464499547600048, "zone": null, "min_dist": 0.19217698124870441}
{"t": 1785082424.0994735, "x": 4.694232286711007, "y": -1.544873932253615, "zone": null, "min_dist": 0.19423228671100734}
{"t": 1785082424.2521799, "x": 4.699010598696046, "y": -1.539970849774436, "zone": null, "min_dist": 0.19901059869604598}
{"t": 1785082424.4042563, "x": 4.70110118941662, "y": -1.5372444158222849, "zone": null, "min_dist": 0.2011011894166197}
{"t": 1785082424.5570047, "x": 4.701488349830526, "y": -1.536508199512987, "zone": null, "min_dist": 0.20148834983052577}
{"t": 1785082424.7097204, "x": 4.701415342135293, "y": -1.5366707815092342, "zone": null, "min_dist": 0.20141534213529333}
{"t": 1785082424.8617527, "x": 4.701452582470724, "y": -1.5364958678457377, "zone": null, "min_dist": 0.20145258247072384}
{"t": 1785082425.0137498, "x": 4.701464815101786, "y": -1.5361964711451432, "zone": null, "min_dist": 0.2014648151017857}
{"t": 1785082425.1657722, "x": 4.700795849838782, "y": -1.5299689982249316, "zone": null, "min_dist": 0.20079584983878185}
{"t": 1785082425.3181517, "x": 4.6975075348301605, "y": -1.5157522395364706, "zone": null, "min_dist": 0.19750753483016048}
{"t": 1785082425.4704394, "x": 4.690520922929732, "y": -1.4976973837419367, "zone": null, "min_dist": 0.190520922929732}
{"t": 1785082425.6223547, "x": 4.678968871008292, "y": -1.477973271117568, "zone": null, "min_dist": 0.1789688710082924}
{"t": 1785082425.7747161, "x": 4.662259151608405, "y": -1.45783551367375, "zone": null, "min_dist": 0.16225915160840465}
{"t": 1785082425.93512, "x": 4.640987907676308, "y": -1.4395048104991657, "zone": null, "min_dist": 0.1409879076763083}
{"t": 1785082426.0873046, "x": 4.616632251240858, "y": -1.424590582953645, "zone": null, "min_dist": 0.11663225124085841}
{"t": 1785082426.2393236, "x": 4.589610530449345, "y": -1.4135772234619128, "zone": null, "min_dist": 0.0896105304493453}
{"t": 1785082426.3912318, "x": 4.56133159515353, "y": -1.4070494352406742, "zone": null, "min_dist": 0.06133159515353004}
{"t": 1785082426.5678856, "x": 4.529715651800829, "y": -1.4050316839355423, "zone": null, "min_dist": 0.029715651800828802}
{"t": 1785082426.7279325, "x": 4.501760653651462, "y": -1.4075868165685428, "zone": null, "min_dist": 0.0017606536514618298}
{"t": 1785082426.8803601, "x": 4.473775022411286, "y": -1.414268566119249, "zone": "wh_forbidden_zone", "min_dist": 0.0}
{"t": 1785082427.0326428, "x": 4.446163177065942, "y": -1.4252079139636384, "zone": "wh_forbidden_zone", "min_dist": 0.0}
{"t": 1785082427.1849139, "x": 4.420300799407392, "y": -1.4399330241635975, "zone": "wh_forbidden_zone", "min_dist": 0.0}
{"t": 1785082427.3450143, "x": 4.395669939870328, "y": -1.4589737043553697, "zone": "wh_forbidden_zone", "min_dist": 0.0}
{"t": 1785082427.4974787, "x": 4.374604302706573, "y": -1.4806285272671493, "zone": "wh_forbidden_zone", "min_dist": 0.0}
{"t": 1785082427.6495159, "x": 4.359351848538958, "y": -1.5014894000613557, "zone": "wh_forbidden_zone", "min_dist": 0.0}
{"t": 1785082427.801739, "x": 4.347373768241273, "y": -1.5238307321942681, "zone": "wh_forbidden_zone", "min_dist": 0.0}
{"t": 1785082427.9540107, "x": 4.336256209692711, "y": -1.5537640854359858, "zone": "wh_forbidden_zone", "min_dist": 0.0}
{"t": 1785082428.1143732, "x": 4.328601364937973, "y": -1.5880500722862319, "zone": "wh_forbidden_zone", "min_dist": 0.0}
{"t": 1785082428.27468, "x": 4.3260089944508175, "y": -1.6231157645849834, "zone": "wh_forbidden_zone", "min_dist": 0.0}
{"t": 1785082428.4278286, "x": 4.3265670149322215, "y": -1.639369866832268, "zone": "wh_forbidden_zone", "min_dist": 0.0}
{"t": 1785082428.587682, "x": 4.32666976564252, "y": -1.6406669827923728, "zone": "wh_forbidden_zone", "min_dist": 0.0}
{"t": 1785082428.73981, "x": 4.326758967910977, "y": -1.6419145743090668, "zone": "wh_forbidden_zone", "min_dist": 0.0}
{"t": 1785082428.9002001, "x": 4.326846207209664, "y": -1.6429844411384327, "zone": "wh_forbidden_zone", "min_dist": 0.0}
{"t": 1785082429.0602684, "x": 4.326917561881543, "y": -1.6443064507926242, "zone": "wh_forbidden_zone", "min_dist": 0.0}
{"t": 1785082429.2207875, "x": 4.326974740561853, "y": -1.64584881843702, "zone": "wh_forbidden_zone", "min_dist": 0.0}
{"t": 1785082429.3808856, "x": 4.327021262753128, "y": -1.6473985202805255, "zone": "wh_forbidden_zone", "min_dist": 0.0}
{"t": 1785082429.5407119, "x": 4.327057073138049, "y": -1.6489543209181299, "zone": "wh_forbidden_zone", "min_dist": 0.0}
{"t": 1785082429.7015712, "x": 4.3270784139299785, "y": -1.6502344648677376, "zone": "wh_forbidden_zone", "min_dist": 0.0}
{"t": 1785082429.8537834, "x": 4.3270913848225465, "y": -1.6513824981838126, "zone": "wh_forbidden_zone", "min_dist": 0.0}
{"t": 1785082430.0136683, "x": 4.327098430336736, "y": -1.6524954461305248, "zone": "wh_forbidden_zone", "min_dist": 0.0}
{"t": 1785082430.166783, "x": 4.327105355230047, "y": -1.6537430743496604, "zone": "wh_forbidden_zone", "min_dist": 0.0}
{"t": 1785082430.3181334, "x": 4.327115663929091, "y": -1.653255353476359, "zone": "wh_forbidden_zone", "min_dist": 0.0}
{"t": 1785082430.470873, "x": 4.327130269677902, "y": -1.6531899363280058, "zone": "wh_forbidden_zone", "min_dist": 0.0}
{"t": 1785082430.6225426, "x": 4.327142439726545, "y": -1.6535300073226775, "zone": "wh_forbidden_zone", "min_dist": 0.0}
{"t": 1785082430.7753558, "x": 4.327160536509018, "y": -1.653593575646676, "zone": "wh_forbidden_zone", "min_dist": 0.0}
{"t": 1785082430.927052, "x": 4.327171703709658, "y": -1.6532444899330998, "zone": "wh_forbidden_zone", "min_dist": 0.0}
{"t": 1785082431.103432, "x": 4.3271833067966705, "y": -1.6533931903585197, "zone": "wh_forbidden_zone", "min_dist": 0.0}
{"t": 1785082431.2556417, "x": 4.327194648508258, "y": -1.6533740242979738, "zone": "wh_forbidden_zone", "min_dist": 0.0}
{"t": 1785082431.5152, "x": 4.327209084792095, "y": -1.6532244145585642, "zone": "wh_forbidden_zone", "min_dist": 0.0}
{"t": 1785082431.671934, "x": 4.327229022813458, "y": -1.6531899517955253, "zone": "wh_forbidden_zone", "min_dist": 0.0}
{"t": 1785082431.8324108, "x": 4.327246567657283, "y": -1.6532523383283688, "zone": "wh_forbidden_zone", "min_dist": 0.0}
{"t": 1785082431.9843707, "x": 4.327257752506988, "y": -1.6533071635741374, "zone": "wh_forbidden_zone", "min_dist": 0.0}
{"t": 1785082432.1375694, "x": 4.327272170154798, "y": -1.6532899926503333, "zone": "wh_forbidden_zone", "min_dist": 0.0}
{"t": 1785082432.2968404, "x": 4.327291230701295, "y": -1.6530147601063652, "zone": "wh_forbidden_zone", "min_dist": 0.0}
{"t": 1785082432.4495988, "x": 4.327305366200609, "y": -1.65401552645776, "zone": "wh_forbidden_zone", "min_dist": 0.0}
{"t": 1785082432.6027963, "x": 4.327310701917885, "y": -1.6536648681564357, "zone": "wh_forbidden_zone", "min_dist": 0.0}
{"t": 1785082432.754157, "x": 4.327320881570932, "y": -1.6533154913012886, "zone": "wh_forbidden_zone", "min_dist": 0.0}
{"t": 1785082432.9143329, "x": 4.327340351054641, "y": -1.6531806294116425, "zone": "wh_forbidden_zone", "min_dist": 0.0}
{"t": 1785082433.0670125, "x": 4.327357419531142, "y": -1.653333764675189, "zone": "wh_forbidden_zone", "min_dist": 0.0}
{"t": 1785082433.2269447, "x": 4.327368433146963, "y": -1.6534724441575606, "zone": "wh_forbidden_zone", "min_dist": 0.0}
{"t": 1785082433.3787622, "x": 4.327379068516247, "y": -1.6531670598643964, "zone": "wh_forbidden_zone", "min_dist": 0.0}
{"t": 1785082433.5321603, "x": 4.327389714142052, "y": -1.6531116834056874, "zone": "wh_forbidden_zone", "min_dist": 0.0}
{"t": 1785082433.6835864, "x": 4.327403752832141, "y": -1.6530833557250038, "zone": "wh_forbidden_zone", "min_dist": 0.0}
{"t": 1785082433.8361835, "x": 4.327412441589823, "y": -1.653154777487738, "zone": "wh_forbidden_zone", "min_dist": 0.0}
{"t": 1785082433.9882631, "x": 4.327423349778707, "y": -1.6532479326306588, "zone": "wh_forbidden_zone", "min_dist": 0.0}
{"t": 1785082434.1484065, "x": 4.327434144369054, "y": -1.653315854008485, "zone": "wh_forbidden_zone", "min_dist": 0.0}
{"t": 1785082434.3007324, "x": 4.327445019446008, "y": -1.653334283604102, "zone": "wh_forbidden_zone", "min_dist": 0.0}
{"t": 1785082434.4609768, "x": 4.327455770858491, "y": -1.6533557177688272, "zone": "wh_forbidden_zone", "min_dist": 0.0}
