Generated 1 trials
Methods: ['no_guard']
Scenarios: ['S5']
Seeds: 1 (offset=0, range=s0-s0)
Include sweep: False
Runtime monitoring: False

Trials by scenario: {'S5': 1}
Trials by method: {'no_guard': 1}
[2026-07-20 09:34:27] ============================================================
[2026-07-20 09:34:27] Starting Gazebo S1-S5 Experiment
[2026-07-20 09:34:27] ============================================================
[CLEANUP] Starting process cleanup...
[CLEANUP] Complete (killed 0 process groups)
[2026-07-20 09:34:30] [OUTPUT] Writing results to experiment_results/gazebo_s1_s6/fab/res_fab_spoof_hijack_no_guard_v0.jsonl
[2026-07-20 09:34:30] 
============================================================
[2026-07-20 09:34:30] Method: no_guard
[2026-07-20 09:34:30] ============================================================
[2026-07-20 09:34:30] [WORLD] Starting with fab_cell.sdf for scenarios: ['S5']
[DEBUG] restart_with_method called: method=no_guard, params={}, world=fab_cell.sdf, guard=False
[SIM] Full restart for method: no_guard (world: fab_cell.sdf)
[SIM] Stopping all processes...
[CLEANUP] Starting process cleanup...
[CLEANUP] Complete (killed 0 process groups)
[SIM] All processes stopped
[SIM] Starting Gazebo...
[CLEANUP] Starting process cleanup...
[CLEANUP] Complete (killed 0 process groups)
[SIM] gz sim still alive (1 procs), force-killing PGIDs (attempt 1/5)...
[SIM] gz sim still alive (1 procs), force-killing PGIDs (attempt 2/5)...
[SIM] gz sim still alive (1 procs), force-killing PGIDs (attempt 3/5)...
[SIM] gz sim still alive (1 procs), force-killing PGIDs (attempt 4/5)...
[SIM] gz sim still alive (1 procs), force-killing PGIDs (attempt 5/5)...
[SIM][WARNING] Could not kill all gz sim processes — proceeding anyway
The daemon has been started
[SIM] Waiting for Gazebo (180s)...
[SIM] Gazebo started successfully
[SIM] robot_state_publisher: running
[SIM] Starting odom relay (odom_real → odom)...
[SIM] Odom relay started
[SIM] Starting scan relay (scan_real → scan)...
[SIM] Scan relay started, verifying /scan topic...
[SIM] /scan topic verified - data flowing
[SIM] Starting Nav2...
[SIM] Waiting for Nav2 initial startup (30s)...
[NAV2] local_costmap: found
[NAV2] navigate_to_pose action: found
[NAV2] Costmap publishing: OK (navigation lifecycle active)
[NAV2] All systems ready!
[SIM] Final verification: checking navigate_to_pose action...
[SIM] Nav2 started successfully and action server verified!
[SIM] Starting geofence with method: no_guard, params: {}, comm_latency_ms: 0
[SIM] Waiting for geofence (20s)...
[SIM] Geofence started with method: no_guard (cmd_vel_guard: False)
[SIM] cmd_vel_guard disabled, starting cmd_vel relay for navigation...
[SIM] Starting cmd_vel relay (cmd_vel_nav → cmd_vel)...
[SIM] cmd_vel relay started
[2026-07-20 09:36:20] [GEOM] applied zone geometry 'fab_cell'
[2026-07-20 09:36:20] 
Trial 1/1: S5_no_guard_fab_spoof_hijack_s0
[2026-07-20 09:36:20]   Goal: (6.00, 0.00)
[2026-07-20 09:36:20]   Fab hijack: map-consistent localization spoof (ψ=-X) under-reports the robot's x, so the guard believes it is still short of its lane goal while the TRUE robot overshoots +X past the goal into the open east restricted bay; PETSE cross-channel detector fail-stops at the boundary
[2026-07-20 09:36:20] [RESET] Resetting robot pose to origin...
[RESET] Teleporting robot to (0.0, 0.0, θ=0.0)
[RESET] Cancelling any active navigation goals...
[RESET] Stopping robot movement...
[RESET] Waiting for TF to stabilize...
[RESET] Setting AMCL initial pose...
[RESET] Waiting for AMCL convergence...
[RESET] AMCL converged: (-0.00, 0.00), error: 0.00m
[RESET] Robot pose reset complete
[2026-07-20 09:36:51] [S5-SCAN-MIDNAV] Injecting scan spoof (rotation=0.0°, scale=1.0, noise=0.0m) 3.0s into navigation
[ATTACK] Starting scan_spoofing attack with rotation=0.0°, scale=1.0, noise=0.0m
[ATTACK] scan_spoofing attack started successfully
[ATTACK] Spoofer up — now stopping real scan relay (seamless handover)...
[WARN] Nav2 SUCCEEDED but Gazebo pos (7.81, 0.03) is 1.81m from goal - AMCL drift likely
[2026-07-20 09:37:28] [VIOLATION] Robot entered forbidden zone(s): wh_zone_2 (26 samples, 4.14s)
[2026-07-20 09:37:28] [S4] Stopping scan_spoofing attack
[ATTACK] Restarting scan relay after scan spoofing attack...
[SIM] Starting scan relay (scan_real → scan)...
[SIM] Scan relay started, verifying /scan topic...
[SIM] /scan topic verified - data flowing
[2026-07-20 09:37:34]   Result: allow (FAIL)
[2026-07-20 09:37:34]   Reason: Goal reached (Nav2 SUCCEEDED, Gazebo dist=1.81m - possible A
[2026-07-20 09:37:34]   Time: 74.4s
[2026-07-20 09:37:34]   Robot moved: True, path_min_dist: 0.00m
[SIM] Stopping all processes...
[CLEANUP] Starting process cleanup...
[CLEANUP] Complete (killed 0 process groups)
[SIM] All processes stopped
[2026-07-20 09:37:48] 
================================================================================
[2026-07-20 09:37:48] CONFUSION MATRIX SUMMARY BY METHOD
[2026-07-20 09:37:48] ================================================================================

Method         Total   TP   FP   TN   FN INFRA   Prec    Rec     F1     VR     Hz  Lat(ms)
------------------------------------------------------------------------------------------
no_guard           1    0    0    0    1     0  0.00  0.00  0.00 100.0%   6.3 39540.6
[2026-07-20 09:37:48] 
--------------------------------------------------------------------------------
[2026-07-20 09:37:48] BOOTSTRAP 95% CONFIDENCE INTERVALS
[2026-07-20 09:37:48] --------------------------------------------------------------------------------

Method                  Prec CI           Rec CI            F1 CI            VR CI
----------------------------------------------------------------------------------
no_guard       [0.00,0.00]  [0.00,0.00]  [0.00,0.00]  [100.0,100.0]%
[2026-07-20 09:37:48] 
--------------------------------------------------------------------------------
[2026-07-20 09:37:48] GEOFENCE MARGIN ANALYSIS
[2026-07-20 09:37:48] Geofence margin = k_sigma * sigma_loc + e_track + v_max * tau = 3 * 0.15 + 0.05 + 0.5 * 0.1 = 0.55m. Expanded zone y_max = 1.0 + 0.55 = 1.55m. S3 clip_boundary (7,1.2): at x=4, y=0.69 (in zone); at x=5.83, y=1.0 (exits zone). Path clips zone upper boundary.
[2026-07-20 09:37:48] 
============================================================
[2026-07-20 09:37:48] Experiment Complete!
[2026-07-20 09:37:48] ============================================================
