{"t": 1784479106.3091886, "x": -1.3899206223553941e-11, "y": -1.3566464822397538e-13, "zone": null, "min_dist": 1.6401219466940395}
{"t": 1784479106.4611747, "x": -1.3899206223553941e-11, "y": -1.3566464822397538e-13, "zone": null, "min_dist": 1.6401219466940395}
{"t": 1784479106.6133668, "x": -1.3899206223553941e-11, "y": -1.3566464822397538e-13, "zone": null, "min_dist": 1.6401219466940395}
{"t": 1784479106.7739284, "x": -1.3899206223553941e-11, "y": -1.3566464822397538e-13, "zone": null, "min_dist": 1.6401219466940395}
{"t": 1784479106.9262645, "x": -1.3899206223553941e-11, "y": -1.3566464822397538e-13, "zone": null, "min_dist": 1.6401219466940395}
{"t": 1784479107.0786667, "x": -1.3899206223553941e-11, "y": -1.3566464822397538e-13, "zone": null, "min_dist": 1.6401219466940395}
{"t": 1784479107.231778, "x": -1.3899206223553941e-11, "y": -1.3566464822397538e-13, "zone": null, "min_dist": 1.6401219466940395}
{"t": 1784479107.391814, "x": -1.3899206223553941e-11, "y": -1.3566464822397538e-13, "zone": null, "min_dist": 1.6401219466940395}
{"t": 1784479107.5441148, "x": -1.3899206223553941e-11, "y": -1.3566464822397538e-13, "zone": null, "min_dist": 1.6401219466940395}
{"t": 1784479107.696048, "x": -1.3899206223553941e-11, "y": -1.3566464822397538e-13, "zone": null, "min_dist": 1.6401219466940395}
{"t": 1784479107.8481705, "x": -1.3899206223553941e-11, "y": -1.3566464822397538e-13, "zone": null, "min_dist": 1.6401219466940395}
{"t": 1784479108.0001369, "x": -1.3899206223553941e-11, "y": -1.3566464822397538e-13, "zone": null, "min_dist": 1.6401219466940395}
{"t": 1784479108.1533608, "x": -1.3899206223553941e-11, "y": -1.3566464822397538e-13, "zone": null, "min_dist": 1.6401219466940395}
{"t": 1784479108.305557, "x": -1.3899206223553941e-11, "y": -1.3566464822397538e-13, "zone": null, "min_dist": 1.6401219466940395}
{"t": 1784479108.4580462, "x": -1.3899206223553941e-11, "y": -1.3566464822397538e-13, "zone": null, "min_dist": 1.6401219466940395}
{"t": 1784479108.6096866, "x": -1.3899206223553941e-11, "y": -1.3566464822397538e-13, "zone": null, "min_dist": 1.6401219466940395}
{"t": 1784479108.761925, "x": -1.3899206223553941e-11, "y": -1.3566464822397538e-13, "zone": null, "min_dist": 1.6401219466940395}
{"t": 1784479108.9222405, "x": -1.3899206223553941e-11, "y": -1.3566464822397538e-13, "zone": null, "min_dist": 1.6401219466940395}
{"t": 1784479109.0824523, "x": -1.3899206223553941e-11, "y": -1.3566464822397538e-13, "zone": null, "min_dist": 1.6401219466940395}
{"t": 1784479109.2342882, "x": -1.3899206223553941e-11, "y": -1.3566464822397538e-13, "zone": null, "min_dist": 1.6401219466940395}
{"t": 1784479109.386306, "x": -1.3899206223553941e-11, "y": -1.3566464822397538e-13, "zone": null, "min_dist": 1.6401219466940395}
{"t": 1784479109.5466247, "x": -1.3899206223553941e-11, "y": -1.3566464822397538e-13, "zone": null, "min_dist": 1.6401219466940395}
{"t": 1784479109.6988366, "x": -1.3899206223553941e-11, "y": -1.3566464822397538e-13, "zone": null, "min_dist": 1.6401219466940395}
{"t": 1784479109.851129, "x": -1.3899206223553941e-11, "y": -1.3566464822397538e-13, "zone": null, "min_dist": 1.6401219466940395}
{"t": 1784479110.01136, "x": -1.3899206223553941e-11, "y": -1.3566464822397538e-13, "zone": null, "min_dist": 1.6401219466940395}
{"t": 1784479110.1876538, "x": -1.3899206223553941e-11, "y": -1.3566464822397538e-13, "zone": null, "min_dist": 1.6401219466940395}
{"t": 1784479110.3401809, "x": -1.3899206223553941e-11, "y": -1.3566464822397538e-13, "zone": null, "min_dist": 1.6401219466940395}
{"t": 1784479110.4922214, "x": -1.3899206223553941e-11, "y": -1.3566464822397538e-13, "zone": null, "min_dist": 1.6401219466940395}
{"t": 1784479110.6445398, "x": 0.012158816628002419, "y": 1.7482487701440917e-09, "zone": null, "min_dist": 1.63273702690309}
{"t": 1784479110.7967093, "x": 0.0386868427501261, "y": 8.737432376567154e-09, "zone": null, "min_dist": 1.6168249638054197}
{"t": 1784479110.9491475, "x": 0.06810297754865129, "y": 1.7242520205231282e-08, "zone": null, "min_dist": 1.599509929829489}
{"t": 1784479111.1092837, "x": 0.09863418874711878, "y": 2.599164704467571e-08, "zone": null, "min_dist": 1.581916640698012}
{"t": 1784479111.261298, "x": 0.1297010137424256, "y": 3.548145169093549e-08, "zone": null, "min_dist": 1.56442329093797}
{"t": 1784479111.41374, "x": 0.16199746163677722, "y": 4.577117781965669e-08, "zone": null, "min_dist": 1.5466894113874785}
{"t": 1784479111.5659354, "x": 0.19478573355740594, "y": 5.6387995112459145e-08, "zone": null, "min_dist": 1.5291729360258444}
{"t": 1784479111.7183456, "x": 0.22532218262488904, "y": 6.558747567526053e-08, "zone": null, "min_dist": 1.5133160774291778}
{"t": 1784479111.878637, "x": 0.2597204701349495, "y": 7.665753161175532e-08, "zone": null, "min_dist": 1.4959991921881657}
{"t": 1784479112.0306773, "x": 0.2926652840939613, "y": 8.73447009747982e-08, "zone": null, "min_dist": 1.4799737069386272}
{"t": 1784479112.1912966, "x": 0.32517571798377193, "y": 9.727952324732946e-08, "zone": null, "min_dist": 1.4647141559608026}
{"t": 1784479112.3438194, "x": 0.35769268042355873, "y": 1.0768260042955094e-07, "zone": null, "min_dist": 1.4500201422072465}
{"t": 1784479112.4953337, "x": 0.39027027459265845, "y": 1.1811433920218153e-07, "zone": null, "min_dist": 1.4358864965407412}
{"t": 1784479112.6476045, "x": 0.42256669565814764, "y": 1.2839441941044182e-07, "zone": null, "min_dist": 1.4224728071698511}
{"t": 1784479112.7997487, "x": 0.4551697328960187, "y": 1.3890179512540443e-07, "zone": null, "min_dist": 1.4095529996449043}
{"t": 1784479112.9602623, "x": 0.48759406441608816, "y": 1.4872333320000088e-07, "zone": null, "min_dist": 1.3973401361662021}
{"t": 1784479113.13625, "x": 0.5251705131458406, "y": 1.6075221885352297e-07, "zone": null, "min_dist": 1.3840023929280039}
{"t": 1784479113.2885668, "x": 0.5580514171269958, "y": 1.714283956430516e-07, "zone": null, "min_dist": 1.373068863600678}
{"t": 1784479113.4407327, "x": 0.5909675686167021, "y": 1.820873197297572e-07, "zone": null, "min_dist": 1.3628305310992759}
{"t": 1784479113.6170712, "x": 0.6268414020956392, "y": 1.9309100432242278e-07, "zone": null, "min_dist": 1.3524965202000983}
{"t": 1784479113.7692993, "x": 0.6594509961769858, "y": 2.035502990011768e-07, "zone": null, "min_dist": 1.343864983833611}
{"t": 1784479113.921512, "x": 0.6920285903474154, "y": 2.139819982123068e-07, "zone": null, "min_dist": 1.335981224722208}
{"t": 1784479114.0739367, "x": 0.7254685900997062, "y": 2.2499761602690203e-07, "zone": null, "min_dist": 1.3286711067935857}
{"t": 1784479114.2262776, "x": 0.7575024543842673, "y": 2.3518662132123479e-07, "zone": null, "min_dist": 1.3224237022015655}
{"t": 1784479114.3785686, "x": 0.7889684699461968, "y": 2.4491409821804235e-07, "zone": null, "min_dist": 1.317016958850665}
{"t": 1784479114.5387537, "x": 0.8223158384447539, "y": 2.55320732873297e-07, "zone": null, "min_dist": 1.3120865053165325}
{"t": 1784479114.6989894, "x": 0.8556632069070862, "y": 2.657273651480883e-07, "zone": null, "min_dist": 1.307987927677189}
{"t": 1784479114.851799, "x": 0.8884260641016174, "y": 2.762779241352514e-07, "zone": null, "min_dist": 1.3047789179969647}
{"t": 1784479115.0035865, "x": 0.9207224851262803, "y": 2.865579669052328e-07, "zone": null, "min_dist": 1.3024147493459681}
{"t": 1784479115.1558645, "x": 0.9531402592516408, "y": 2.969464303384278e-07, "zone": null, "min_dist": 1.3008439811300865}
{"t": 1784479115.3321536, "x": 0.9893624853355523, "y": 3.081057785209327e-07, "zone": null, "min_dist": 1.300043212990748}
{"t": 1784479115.4844449, "x": 1.021502364689293, "y": 3.1831592553310464e-07, "zone": null, "min_dist": 1.2999996816840744}
{"t": 1784479115.6446502, "x": 1.0548497331849234, "y": 3.287225428690026e-07, "zone": null, "min_dist": 1.299999671277457}
{"t": 1784479115.805078, "x": 1.089743116619669, "y": 3.400906036082698e-07, "zone": null, "min_dist": 1.2999996599093964}
{"t": 1784479115.9812958, "x": 1.1263798662523843, "y": 3.515750887132952e-07, "zone": null, "min_dist": 1.2999996484249112}
{"t": 1784479116.1332004, "x": 1.1587268756262452, "y": 3.6191883696874477e-07, "zone": null, "min_dist": 1.2999996380811631}
{"t": 1784479116.2931287, "x": 1.1903404356147975, "y": -9.865647466427433e-05, "zone": null, "min_dist": 1.2999013435253357}
{"t": 1784479116.4455247, "x": 1.222011485585657, "y": -0.0005794925484585917, "zone": null, "min_dist": 1.2994205074515415}
{"t": 1784479116.598074, "x": 1.2536776005823485, "y": -0.0015311295410590637, "zone": null, "min_dist": 1.2984688704589409}
{"t": 1784479116.7505786, "x": 1.286123621266773, "y": -0.002976176735651724, "zone": null, "min_dist": 1.2970238232643483}
{"t": 1784479116.910698, "x": 1.3201816584593244, "y": -0.004903466784471639, "zone": null, "min_dist": 1.2950965332155284}
{"t": 1784479117.063132, "x": 1.3535633028921101, "y": -0.0068781557525114745, "zone": null, "min_dist": 1.2931218442474885}
{"t": 1784479117.2151666, "x": 1.3847943561719276, "y": -0.008724737064425265, "zone": null, "min_dist": 1.2912752629355748}
{"t": 1784479117.3918684, "x": 1.4225436816418195, "y": -0.010555463053622895, "zone": null, "min_dist": 1.2894445369463772}
{"t": 1784479117.5522275, "x": 1.4553718044014203, "y": -0.011357147094793116, "zone": null, "min_dist": 1.288642852905207}
{"t": 1784479117.704212, "x": 1.4888080152914889, "y": -0.011862182281434193, "zone": null, "min_dist": 1.2881378177185658}
{"t": 1784479117.8566191, "x": 1.5222442086612764, "y": -0.01236672199668465, "zone": null, "min_dist": 1.2876332780033153}
{"t": 1784479118.0087988, "x": 1.5556804021113946, "y": -0.012871261875226681, "zone": null, "min_dist": 1.2871287381247734}
{"t": 1784479118.1688755, "x": 1.5908763952664575, "y": -0.0134023565493422, "zone": null, "min_dist": 1.2865976434506579}
{"t": 1784479118.3213868, "x": 1.624312588789916, "y": -0.01390689651157635, "zone": null, "min_dist": 1.2860931034884238}
{"t": 1784479118.4973595, "x": 1.6630281813077372, "y": -0.014491100686615604, "zone": null, "min_dist": 1.2855088993133845}
{"t": 1784479118.6498663, "x": 1.6964643748536996, "y": -0.01499564065783213, "zone": null, "min_dist": 1.2850043593421678}
{"t": 1784479118.801958, "x": 1.728360228810735, "y": -0.015433889087277143, "zone": null, "min_dist": 1.2845661109127229}
{"t": 1784479118.962266, "x": 1.7626870285087148, "y": -0.01550581628592901, "zone": null, "min_dist": 1.284494183714071}
{"t": 1784479119.114306, "x": 1.7954045146943307, "y": -0.015195672411082264, "zone": null, "min_dist": 1.2848043275889178}
{"t": 1784479119.2744353, "x": 1.8284219813136944, "y": -0.014517867900394757, "zone": null, "min_dist": 1.2854821320996053}
{"t": 1784479119.4342709, "x": 1.8590772565636602, "y": -0.013207682333891623, "zone": null, "min_dist": 1.2867923176661085}
{"t": 1784479119.5865278, "x": 1.8923154029015758, "y": -0.011284131404741563, "zone": null, "min_dist": 1.2887158685952584}
{"t": 1784479119.7388325, "x": 1.92287044136629, "y": -0.00908825775614987, "zone": null, "min_dist": 1.29091174224385}
{"t": 1784479119.8914287, "x": 1.955160296641002, "y": -0.006276809584196526, "zone": null, "min_dist": 1.2937231904158035}
{"t": 1784479120.0514605, "x": 1.9873550272745226, "y": -0.0030928103781515557, "zone": null, "min_dist": 1.2969071896218485}
{"t": 1784479120.2115917, "x": 2.0196975156048165, "y": 0.00020718009607595704, "zone": null, "min_dist": 1.2997928199039241}
{"t": 1784479120.3641217, "x": 2.0509088545444825, "y": 0.003391756266508575, "zone": null, "min_dist": 1.2966082437334914}
{"t": 1784479120.5161946, "x": 2.0833181839258312, "y": 0.006698566899626469, "zone": null, "min_dist": 1.2933014331003736}
{"t": 1784479120.6762145, "x": 2.117290855207699, "y": 0.010164889436716075, "zone": null, "min_dist": 1.289835110563284}
{"t": 1784479120.8285675, "x": 2.14858297681085, "y": 0.01335770812115518, "zone": null, "min_dist": 1.286642291878845}
{"t": 1784479120.9889464, "x": 2.1790405152704486, "y": 0.01646537125121855, "zone": null, "min_dist": 1.2835346287487814}
{"t": 1784479121.1412656, "x": 2.2081253249174053, "y": 0.019375364076892228, "zone": null, "min_dist": 1.2806246359231077}
{"t": 1784479121.2934027, "x": 2.2401041599791265, "y": 0.02203434171388499, "zone": null, "min_dist": 1.277965658286115}
{"t": 1784479121.470272, "x": 2.278692150088458, "y": 0.024349116930463488, "zone": null, "min_dist": 1.2756508830695366}
{"t": 1784479121.6223896, "x": 2.3121084090126627, "y": 0.025601447098066176, "zone": null, "min_dist": 1.274398552901934}
{"t": 1784479121.782209, "x": 2.3471241669998126, "y": 0.026277287080892806, "zone": null, "min_dist": 1.2737227129191073}
{"t": 1784479121.9342427, "x": 2.37716399436664, "y": 0.02653188515380577, "zone": null, "min_dist": 1.2734681148461944}
{"t": 1784479122.0867534, "x": 2.4096774873428433, "y": 0.026614275189869648, "zone": null, "min_dist": 1.2733857248101303}
{"t": 1784479122.238934, "x": 2.4413539241331454, "y": 0.026694544132227126, "zone": null, "min_dist": 1.273305455867773}
{"t": 1784479122.3919585, "x": 2.473650241436485, "y": 0.026776384192809335, "zone": null, "min_dist": 1.2732236158071908}
{"t": 1784479122.5436978, "x": 2.5062531739583433, "y": 0.026859001402843988, "zone": null, "min_dist": 1.273140998597156}
{"t": 1784479122.7040887, "x": 2.538677401354183, "y": 0.026941165153380398, "zone": null, "min_dist": 1.2730588348466196}
{"t": 1784479122.8563359, "x": 2.571187702491714, "y": 0.027023547622033378, "zone": null, "min_dist": 1.2729764523779667}
{"t": 1784479123.0085502, "x": 2.604132438593976, "y": 0.02710703107726229, "zone": null, "min_dist": 1.2728929689227377}
{"t": 1784479123.1610832, "x": 2.634882745987365, "y": 0.027184953116393542, "zone": null, "min_dist": 1.2728150468836066}
{"t": 1784479123.3129842, "x": 2.6660674880735913, "y": 0.027263976126191157, "zone": null, "min_dist": 1.2727360238738088}
{"t": 1784479123.4734678, "x": 2.699606568816524, "y": 0.02734896528504271, "zone": null, "min_dist": 1.2726510347149573}
{"t": 1784479123.6336765, "x": 2.7336628803558884, "y": 0.027435265325195354, "zone": null, "min_dist": 1.2725647346748048}
{"t": 1784479123.7939618, "x": 2.7676233132915153, "y": 0.027521322415215793, "zone": null, "min_dist": 1.2724786775847843}
{"t": 1784479123.970492, "x": 2.8039700231371207, "y": 0.027613426053655448, "zone": null, "min_dist": 1.2723865739463447}
{"t": 1784479124.122298, "x": 2.836266340393683, "y": 0.027695266179947976, "zone": null, "min_dist": 1.2723047338200522}
{"t": 1784479124.274756, "x": 2.868869272898731, "y": 0.027777883410906715, "zone": null, "min_dist": 1.2722221165890932}
{"t": 1784479124.435053, "x": 2.9013861315312903, "y": 0.027860281928303053, "zone": null, "min_dist": 1.272139718071697}
{"t": 1784479124.6113565, "x": 2.9390550630455285, "y": 0.027955736557045033, "zone": null, "min_dist": 1.272044263442955}
{"t": 1784479124.7632852, "x": 2.9718432580346916, "y": 0.028038823310215608, "zone": null, "min_dist": 1.2719611766897845}
{"t": 1784479124.9151812, "x": 3.004695335121532, "y": 0.028122071924258203, "zone": null, "min_dist": 1.2718779280757417}
{"t": 1784479125.0753121, "x": 3.0372982959770964, "y": 0.02820468871067318, "zone": null, "min_dist": 1.2717953112893268}
{"t": 1784479125.2516243, "x": 3.0746319807939924, "y": 0.028299293687494693, "zone": null, "min_dist": 1.2717007063125054}
{"t": 1784479125.4122314, "x": 3.10915472719782, "y": 0.028386775813529355, "zone": null, "min_dist": 1.2716132241864706}
{"t": 1784479125.5646865, "x": 3.141451044574239, "y": 0.028468615940059998, "zone": null, "min_dist": 1.27153138405994}
{"t": 1784479125.7168007, "x": 3.1737760833804476, "y": 0.02855052888765434, "zone": null, "min_dist": 1.2714494711123456}
{"t": 1784479125.8691266, "x": 3.2043124067982958, "y": 0.02862790859149741, "zone": null, "min_dist": 1.2713720914085027}
{"t": 1784479126.021386, "x": 3.2371677900142215, "y": 0.028711165564638354, "zone": null, "min_dist": 1.2712888344353617}
{"t": 1784479126.1813004, "x": 3.2712241016580816, "y": 0.028797465604759993, "zone": null, "min_dist": 1.27120253439524}
{"t": 1784479126.3340929, "x": 3.303424540318111, "y": 0.028879062780966618, "zone": null, "min_dist": 1.2711209372190335}
{"t": 1784479126.4861162, "x": 3.334491267225743, "y": 0.028957786678131182, "zone": null, "min_dist": 1.2710422133218688}
{"t": 1784479126.638881, "x": 3.365783978326915, "y": 0.02903708339300212, "zone": null, "min_dist": 1.270962916606998}
{"t": 1784479126.7988071, "x": 3.397990943091499, "y": 0.02911869653047501, "zone": null, "min_dist": 1.270881303469525}
{"t": 1784479126.9752405, "x": 3.4346729304332015, "y": 0.029211649886815152, "zone": null, "min_dist": 1.270788350113185}
{"t": 1784479127.1515756, "x": 3.4715114589965137, "y": 0.029304999944786466, "zone": null, "min_dist": 1.2706950000552135}
{"t": 1784479127.3115842, "x": 3.5059670169585924, "y": 0.02939231185025208, "zone": null, "min_dist": 1.270607688149748}
{"t": 1784479127.4637618, "x": 3.5390076628237144, "y": 0.02947603834604767, "zone": null, "min_dist": 1.2705239616539523}
{"t": 1784479127.6160035, "x": 3.571226686698719, "y": 0.029557682657018605, "zone": null, "min_dist": 1.2704423173429815}
{"t": 1784479127.7684956, "x": 3.6013957635796006, "y": 0.02963413161062637, "zone": null, "min_dist": 1.2703658683893737}
{"t": 1784479127.920949, "x": 3.633075661792133, "y": 0.029714409509406306, "zone": null, "min_dist": 1.2702855904905936}
{"t": 1784479128.0810683, "x": 3.6664229231042698, "y": 0.029798912560842546, "zone": null, "min_dist": 1.2702010874391576}
{"t": 1784479128.2331922, "x": 3.698102821369312, "y": 0.02987919045975076, "zone": null, "min_dist": 1.2701208095402492}
{"t": 1784479128.3933847, "x": 3.7314500827113783, "y": 0.029963693511258483, "zone": null, "min_dist": 1.2700363064887417}
{"t": 1784479128.5456712, "x": 3.76312998099177, "y": 0.03004397141020167, "zone": null, "min_dist": 1.2699560285897984}
{"t": 1784479128.6979964, "x": 3.794809879275045, "y": 0.030124249309149177, "zone": null, "min_dist": 1.269875750690851}
{"t": 1784479128.8742478, "x": 3.831491866762831, "y": 0.03021720266582858, "zone": null, "min_dist": 1.2697827973341715}
{"t": 1784479129.0342586, "x": 3.864839128116284, "y": 0.030301705717356145, "zone": null, "min_dist": 1.2696982942826438}
{"t": 1784479129.1943386, "x": 3.8994512271801467, "y": 0.03038941432410556, "zone": null, "min_dist": 1.2696105856758946}
{"t": 1784479129.3543692, "x": 3.933696079879506, "y": 0.030476192166764688, "zone": null, "min_dist": 1.2695238078332354}
{"t": 1784479129.5070343, "x": 3.9653694213785715, "y": 0.03055645351413403, "zone": null, "min_dist": 1.269443546485866}
{"t": 1784479129.6673226, "x": 3.9987232397584593, "y": 0.030640973153754872, "zone": null, "min_dist": 1.2693590268462451}
{"t": 1784479129.819728, "x": 4.031019557033938, "y": 0.03072281327996849, "zone": null, "min_dist": 1.2692771867200316}
{"t": 1784479129.972171, "x": 4.063529858298, "y": 0.030805195749692486, "zone": null, "min_dist": 1.2691948042503076}
{"t": 1784479130.1243255, "x": 4.094379353858074, "y": 0.030883369114404, "zone": null, "min_dist": 1.2691166308855961}
{"t": 1784479130.2764266, "x": 4.126227852493072, "y": 0.030964074386562207, "zone": null, "min_dist": 1.2690359256134378}
{"t": 1784479130.4286175, "x": 4.158929973127401, "y": 0.03104694294057558, "zone": null, "min_dist": 1.2689530570594245}
{"t": 1784479130.5810754, "x": 4.191600093954331, "y": 0.031129730391633588, "zone": null, "min_dist": 1.2688702696083665}
{"t": 1784479130.7332113, "x": 4.223088172928349, "y": 0.03120952221983895, "zone": null, "min_dist": 1.268790477780161}
{"t": 1784479130.8852696, "x": 4.2539982997851755, "y": 0.031287849236824566, "zone": null, "min_dist": 1.2687121507631756}
{"t": 1784479131.0457766, "x": 4.287345561103569, "y": 0.031372352288233346, "zone": null, "min_dist": 1.2686276477117666}
{"t": 1784479131.2224379, "x": 4.324276720947346, "y": 0.03146593710734631, "zone": null, "min_dist": 1.2685340628926538}
{"t": 1784479131.3744242, "x": 4.356972284640214, "y": 0.03154878909916764, "zone": null, "min_dist": 1.2684512109008323}
{"t": 1784479131.526621, "x": 4.3886521830360286, "y": 0.03162906699836267, "zone": null, "min_dist": 1.2683709330016373}
{"t": 1784479131.6790226, "x": 4.420332081382727, "y": 0.03170934489743109, "zone": null, "min_dist": 1.268290655102569}
{"t": 1784479131.8312933, "x": 4.453184186149111, "y": 0.031792593590468564, "zone": null, "min_dist": 1.2682074064095314}
{"t": 1784479131.9837453, "x": 4.4856690445262615, "y": 0.03187491151935403, "zone": null, "min_dist": 1.268125088480646}
{"t": 1784479132.135842, "x": 4.517620279776873, "y": 0.03195587714690756, "zone": null, "min_dist": 1.2680441228530925}
{"t": 1784479132.2960489, "x": 4.55001250725773, "y": 0.03203795980073634, "zone": null, "min_dist": 1.2679620401992637}
{"t": 1784479132.4563172, "x": 4.582529365720398, "y": 0.03212035831757098, "zone": null, "min_dist": 1.2678796416824292}
{"t": 1784479132.6167758, "x": 4.616707029851335, "y": 0.032206965939320924, "zone": null, "min_dist": 1.2677930340606791}
{"t": 1784479132.7772818, "x": 4.65131912900635, "y": 0.03229467454626217, "zone": null, "min_dist": 1.2677053254537378}
{"t": 1784479132.9292066, "x": 4.681948111559627, "y": 0.0323722890876, "zone": null, "min_dist": 1.2676277109124001}
{"t": 1784479133.0816464, "x": 4.714771556973263, "y": 0.03245546513827601, "zone": null, "min_dist": 1.267544534861724}
{"t": 1784479133.2334938, "x": 4.747626940302414, "y": 0.032538722111598466, "zone": null, "min_dist": 1.2674612778884016}
{"t": 1784479133.3938372, "x": 4.781775883268881, "y": 0.03262525691294361, "zone": null, "min_dist": 1.2673747430870563}
{"t": 1784479133.5540597, "x": 4.815487112874358, "y": 0.032710682454292636, "zone": null, "min_dist": 1.2672893175457074}
{"t": 1784479133.7062042, "x": 4.846895674477831, "y": 0.03279027266117009, "zone": null, "min_dist": 1.2672097273388299}
{"t": 1784479133.858387, "x": 4.879284623023389, "y": 0.032872347548525825, "zone": null, "min_dist": 1.2671276524514743}
{"t": 1784479134.0105689, "x": 4.9119801868015625, "y": 0.03295519954052455, "zone": null, "min_dist": 1.2670448004594754}
{"t": 1784479134.163094, "x": 4.944832291690954, "y": 0.033038448233839404, "zone": null, "min_dist": 1.2669615517661605}
{"t": 1784479134.3151984, "x": 4.976512190220241, "y": 0.033118726133349874, "zone": null, "min_dist": 1.2668812738666502}
{"t": 1784479134.4674041, "x": 5.008192088625396, "y": 0.033199004032527145, "zone": null, "min_dist": 1.2668009959674729}
{"t": 1784479134.64409, "x": 5.044874076187561, "y": 0.0332919573893022, "zone": null, "min_dist": 1.2667080426106978}
{"t": 1784479134.8038008, "x": 5.079952610114104, "y": 0.03338084808214154, "zone": null, "min_dist": 1.2666191519178585}
{"t": 1784479134.956206, "x": 5.113392502532668, "y": 0.03346558644380126, "zone": null, "min_dist": 1.266534413556199}
{"t": 1784479135.1082342, "x": 5.146832395048497, "y": 0.033550324805705085, "zone": null, "min_dist": 1.2664496751942949}
{"t": 1784479135.2606764, "x": 5.180272287617789, "y": 0.033635063167741744, "zone": null, "min_dist": 1.2663649368322583}
{"t": 1784479135.4210212, "x": 5.213516812844827, "y": 0.03371930587197585, "zone": null, "min_dist": 1.2662806941280242}
{"t": 1784479135.5733445, "x": 5.244873461846292, "y": 0.033798764606346746, "zone": null, "min_dist": 1.2662012353936534}
{"t": 1784479135.7256198, "x": 5.277604276109462, "y": 0.03388170589608903, "zone": null, "min_dist": 1.266118294103911}
{"t": 1784479135.8859367, "x": 5.31221634750958, "y": 0.033969414423677076, "zone": null, "min_dist": 1.266030585576323}
{"t": 1784479136.03815, "x": 5.343151945283151, "y": 0.03404780605732323, "zone": null, "min_dist": 1.2659521939426768}
{"t": 1784479136.198335, "x": 5.377243535179453, "y": 0.03413419548986199, "zone": null, "min_dist": 1.265865804510138}
{"t": 1784479136.3507836, "x": 5.409821024775202, "y": 0.03421674817975306, "zone": null, "min_dist": 1.265783251820247}
{"t": 1784479136.5028026, "x": 5.442117342160151, "y": 0.03429858830614846, "zone": null, "min_dist": 1.2657014116938516}
{"t": 1784479136.6550345, "x": 5.474720274727163, "y": 0.034381205537058514, "zone": null, "min_dist": 1.2656187944629416}
{"t": 1784479136.8072326, "x": 5.50766501089596, "y": 0.034464688991557475, "zone": null, "min_dist": 1.2655353110084426}
{"t": 1784479136.959432, "x": 5.540242500617263, "y": 0.03454724168175757, "zone": null, "min_dist": 1.2654527583182424}
{"t": 1784479137.1116211, "x": 5.572101104661484, "y": 0.034627972548202005, "zone": null, "min_dist": 1.265372027451798}
{"t": 1784479137.2640898, "x": 5.60291860035856, "y": 0.03470606480740953, "zone": null, "min_dist": 1.2652939351925905}
{"t": 1784479137.416201, "x": 5.6335828333387585, "y": 0.034783768649557116, "zone": null, "min_dist": 1.265216231350443}
{"t": 1784479137.576353, "x": 5.667853128654267, "y": 0.03487061103217975, "zone": null, "min_dist": 1.2651293889678203}
{"t": 1784479137.7528105, "x": 5.7063590199753, "y": 0.03496818679128367, "zone": null, "min_dist": 1.2650318132087164}
{"t": 1784479137.9050248, "x": 5.737651731254899, "y": 0.035047483506450365, "zone": null, "min_dist": 1.262348268745101}
{"t": 1784479138.0657632, "x": 5.7698586961212674, "y": 0.035129096644020655, "zone": null, "min_dist": 1.2301413038787326}
{"t": 1784479138.2175288, "x": 5.801442656752147, "y": 0.03520913142409441, "zone": null, "min_dist": 1.1985573432478533}
{"t": 1784479138.3700023, "x": 5.828454147175676, "y": 0.03527757825251203, "zone": null, "min_dist": 1.171545852824324}
