{"t": 1784510199.999611, "x": -1.3899198111524349e-11, "y": -1.3564986731250397e-13, "zone": null, "min_dist": 1.6401219466940395}
{"t": 1784510200.1595595, "x": -1.3899198111524349e-11, "y": -1.3564986731250397e-13, "zone": null, "min_dist": 1.6401219466940395}
{"t": 1784510200.3120308, "x": -1.3899198111524349e-11, "y": -1.3564986731250397e-13, "zone": null, "min_dist": 1.6401219466940395}
{"t": 1784510200.488423, "x": -1.3899198111524349e-11, "y": -1.3564986731250397e-13, "zone": null, "min_dist": 1.6401219466940395}
{"t": 1784510200.6486936, "x": -1.3899198111524349e-11, "y": -1.3564986731250397e-13, "zone": null, "min_dist": 1.6401219466940395}
{"t": 1784510200.8178456, "x": -1.3899198111524349e-11, "y": -1.3564986731250397e-13, "zone": null, "min_dist": 1.6401219466940395}
{"t": 1784510200.9775972, "x": -1.3899198111524349e-11, "y": -1.3564986731250397e-13, "zone": null, "min_dist": 1.6401219466940395}
{"t": 1784510201.1380873, "x": -1.3899198111524349e-11, "y": -1.3564986731250397e-13, "zone": null, "min_dist": 1.6401219466940395}
{"t": 1784510201.2980156, "x": -1.3899198111524349e-11, "y": -1.3564986731250397e-13, "zone": null, "min_dist": 1.6401219466940395}
{"t": 1784510201.4752102, "x": -1.3899198111524349e-11, "y": -1.3564986731250397e-13, "zone": null, "min_dist": 1.6401219466940395}
{"t": 1784510201.6502032, "x": -1.3899198111524349e-11, "y": -1.3564986731250397e-13, "zone": null, "min_dist": 1.6401219466940395}
{"t": 1784510201.8104975, "x": -1.3899198111524349e-11, "y": -1.3564986731250397e-13, "zone": null, "min_dist": 1.6401219466940395}
{"t": 1784510201.9708083, "x": -1.3899198111524349e-11, "y": -1.3564986731250397e-13, "zone": null, "min_dist": 1.6401219466940395}
{"t": 1784510202.13098, "x": -1.3899198111524349e-11, "y": -1.3564986731250397e-13, "zone": null, "min_dist": 1.6401219466940395}
{"t": 1784510202.2913375, "x": -1.3899198111524349e-11, "y": -1.3564986731250397e-13, "zone": null, "min_dist": 1.6401219466940395}
{"t": 1784510202.443461, "x": -1.3899198111524349e-11, "y": -1.3564986731250397e-13, "zone": null, "min_dist": 1.6401219466940395}
{"t": 1784510202.6040893, "x": -1.3899198111524349e-11, "y": -1.3564986731250397e-13, "zone": null, "min_dist": 1.6401219466940395}
{"t": 1784510202.8561182, "x": -1.3899198111524349e-11, "y": -1.3564986731250397e-13, "zone": null, "min_dist": 1.6401219466940395}
{"t": 1784510203.0129602, "x": -1.3899198111524349e-11, "y": -1.3564986731250397e-13, "zone": null, "min_dist": 1.6401219466940395}
{"t": 1784510203.165119, "x": -1.3899198111524349e-11, "y": -1.3564986731250397e-13, "zone": null, "min_dist": 1.6401219466940395}
{"t": 1784510203.3175309, "x": -1.3899198111524349e-11, "y": -1.3564986731250397e-13, "zone": null, "min_dist": 1.6401219466940395}
{"t": 1784510203.4783394, "x": -1.3899198111524349e-11, "y": -1.3564986731250397e-13, "zone": null, "min_dist": 1.6401219466940395}
{"t": 1784510203.6382158, "x": -1.3899198111524349e-11, "y": -1.3564986731250397e-13, "zone": null, "min_dist": 1.6401219466940395}
{"t": 1784510203.7985578, "x": -1.3899198111524349e-11, "y": -1.3564986731250397e-13, "zone": null, "min_dist": 1.6401219466940395}
{"t": 1784510203.9588869, "x": -1.3899198111524349e-11, "y": -1.3564986731250397e-13, "zone": null, "min_dist": 1.6401219466940395}
{"t": 1784510204.1117055, "x": -1.3899198111524349e-11, "y": -1.3564986731250397e-13, "zone": null, "min_dist": 1.6401219466940395}
{"t": 1784510204.2873392, "x": -1.3899198111524349e-11, "y": -1.3564986731250397e-13, "zone": null, "min_dist": 1.6401219466940395}
{"t": 1784510204.4475684, "x": 0.006489208973924633, "y": -3.858309440407198e-05, "zone": null, "min_dist": 1.6361428352465022}
{"t": 1784510204.6237562, "x": 0.032475797785598504, "y": -0.0007907549727821706, "zone": null, "min_dist": 1.6198912754363508}
{"t": 1784510204.784672, "x": 0.06285035745950349, "y": -0.0026848870289393543, "zone": null, "min_dist": 1.6003986862206856}
{"t": 1784510204.9445581, "x": 0.09701395152081001, "y": -0.005984594958769398, "zone": null, "min_dist": 1.5779289186246896}
{"t": 1784510205.1054878, "x": 0.13076893440485335, "y": -0.010452311259867677, "zone": null, "min_dist": 1.5551514032179283}
{"t": 1784510205.265272, "x": 0.16392267483154474, "y": -0.015992253249619635, "zone": null, "min_dist": 1.5322209982165849}
{"t": 1784510205.425701, "x": 0.19629972050234704, "y": -0.02256341640757925, "zone": null, "min_dist": 1.5092310506893507}
{"t": 1784510205.586098, "x": 0.22845198746552753, "y": -0.030369544646750048, "zone": null, "min_dist": 1.4856809310233459}
{"t": 1784510205.7462406, "x": 0.2603067088413748, "y": -0.0392922648526248, "zone": null, "min_dist": 1.4616874352766063}
{"t": 1784510205.9064271, "x": 0.2921554259009592, "y": -0.048878730473546204, "zone": null, "min_dist": 1.4374798684304897}
{"t": 1784510206.0829284, "x": 0.3278000575001397, "y": -0.06007409745614287, "zone": null, "min_dist": 1.4104144803907872}
{"t": 1784510206.2433374, "x": 0.3593595986753326, "y": -0.06978081862894783, "zone": null, "min_dist": 1.3870325728052288}
{"t": 1784510206.4033923, "x": 0.3917171057347567, "y": -0.07895587205981523, "zone": null, "min_dist": 1.3641689198310112}
{"t": 1784510206.5560994, "x": 0.42275786271808163, "y": -0.08702675341627053, "zone": null, "min_dist": 1.3433214738035233}
{"t": 1784510206.7161632, "x": 0.4568933053639787, "y": -0.09561798068408146, "zone": null, "min_dist": 1.3211740726376497}
{"t": 1784510206.8683636, "x": 0.4889549182615469, "y": -0.10335019500982864, "zone": null, "min_dist": 1.3012062985368913}
{"t": 1784510207.0207162, "x": 0.5206176306327385, "y": -0.110241479294111, "zone": null, "min_dist": 1.2827052637501861}
{"t": 1784510207.1809845, "x": 0.553136170772145, "y": -0.11653401031311389, "zone": null, "min_dist": 1.2650213557951275}
{"t": 1784510207.3413725, "x": 0.5860878777377192, "y": -0.12210607920979814, "zone": null, "min_dist": 1.248502035877467}
{"t": 1784510207.5012136, "x": 0.6196042821551274, "y": -0.12694782245413602, "zone": null, "min_dist": 1.2331878662230702}
{"t": 1784510207.6538157, "x": 0.650977917400596, "y": -0.13075789270685662, "zone": null, "min_dist": 1.2202227336061788}
{"t": 1784510207.813842, "x": 0.6852171197638969, "y": -0.1341202810202867, "zone": null, "min_dist": 1.2076273352396227}
{"t": 1784510207.9742315, "x": 0.7197669001620525, "y": -0.13668331707972645, "zone": null, "min_dist": 1.1965936214962094}
{"t": 1784510208.126396, "x": 0.7525747480048536, "y": -0.13836359898445244, "zone": null, "min_dist": 1.1876945665823413}
{"t": 1784510208.2868927, "x": 0.787439661410358, "y": -0.13936295409593444, "zone": null, "min_dist": 1.179940782355733}
{"t": 1784510208.43911, "x": 0.8199678407745837, "y": -0.1395488265707977, "zone": null, "min_dist": 1.1743332168803613}
{"t": 1784510208.5911925, "x": 0.8523133178156175, "y": -0.13906813427204168, "zone": null, "min_dist": 1.1702880640924394}
{"t": 1784510208.8579803, "x": 0.8900357601994796, "y": -0.1383259354806458, "zone": null, "min_dist": 1.1668670730686606}
{"t": 1784510209.0154164, "x": 0.9427616457550103, "y": -0.13728854084561987, "zone": null, "min_dist": 1.1641194811726083}
{"t": 1784510209.1679552, "x": 0.9749523162845471, "y": -0.1366551817787731, "zone": null, "min_dist": 1.1636144346568105}
{"t": 1784510209.3283494, "x": 1.008784898437799, "y": -0.13598951771023082, "zone": null, "min_dist": 1.1640104822897692}
{"t": 1784510209.4883718, "x": 1.0428954392509175, "y": -0.13531838462374104, "zone": null, "min_dist": 1.164681615376259}
{"t": 1784510209.648621, "x": 1.076108379847311, "y": -0.13466491234397587, "zone": null, "min_dist": 1.1653350876560242}
{"t": 1784510209.800698, "x": 1.1078394119756914, "y": -0.13404059692714795, "zone": null, "min_dist": 1.1659594030728522}
{"t": 1784510209.9534183, "x": 1.1404075142741832, "y": -0.13339981163825057, "zone": null, "min_dist": 1.1666001883617494}
{"t": 1784510210.1133807, "x": 1.1749490395061541, "y": -0.1327201987214276, "zone": null, "min_dist": 1.1672798012785726}
{"t": 1784510210.2738922, "x": 1.2082932953476249, "y": -0.13206414275038927, "zone": null, "min_dist": 1.1679358572496108}
{"t": 1784510210.4343204, "x": 1.2424728166350318, "y": -0.1313916524534442, "zone": null, "min_dist": 1.1686083475465558}
{"t": 1784510210.5947523, "x": 1.2762274584082647, "y": -0.1307405799144348, "zone": null, "min_dist": 1.1692594200855653}
{"t": 1784510210.7549586, "x": 1.3095901921844035, "y": -0.1304432087816336, "zone": null, "min_dist": 1.1695567912183664}
{"t": 1784510210.9151917, "x": 1.3441581250596562, "y": -0.1309202132926942, "zone": null, "min_dist": 1.169079786707306}
{"t": 1784510211.0678413, "x": 1.377361751229498, "y": -0.1320960182512586, "zone": null, "min_dist": 1.1679039817487413}
{"t": 1784510211.2276113, "x": 1.412359995349968, "y": -0.13407794272081652, "zone": null, "min_dist": 1.1659220572791835}
{"t": 1784510211.3799422, "x": 1.445104412805222, "y": -0.13623942632764077, "zone": null, "min_dist": 1.1637605736723593}
{"t": 1784510211.556538, "x": 1.483456177829845, "y": -0.13877449394580532, "zone": null, "min_dist": 1.1612255060541947}
{"t": 1784510211.7164671, "x": 1.5175325238713482, "y": -0.14102695470316884, "zone": null, "min_dist": 1.1589730452968312}
{"t": 1784510211.8768795, "x": 1.550825764615729, "y": -0.1432276520579993, "zone": null, "min_dist": 1.1567723479420007}
{"t": 1784510212.029371, "x": 1.5826821685846888, "y": -0.14533337379796235, "zone": null, "min_dist": 1.1546666262020377}
{"t": 1784510212.2059307, "x": 1.6197431868435181, "y": -0.1477831226809962, "zone": null, "min_dist": 1.1522168773190038}
{"t": 1784510212.3658772, "x": 1.6532632109935002, "y": -0.14999881045071242, "zone": null, "min_dist": 1.1500011895492877}
{"t": 1784510212.5181031, "x": 1.6860085942643408, "y": -0.15216329381155355, "zone": null, "min_dist": 1.1478367061884465}
{"t": 1784510212.6782105, "x": 1.7207487822756364, "y": -0.15445963449946115, "zone": null, "min_dist": 1.145540365500539}
{"t": 1784510212.8389664, "x": 1.755457040067697, "y": -0.1567538645977161, "zone": null, "min_dist": 1.143246135402284}
{"t": 1784510212.9991426, "x": 1.790143512812491, "y": -0.15904665468313905, "zone": null, "min_dist": 1.140953345316861}
{"t": 1784510213.15182, "x": 1.8234149061926186, "y": -0.16124590735856706, "zone": null, "min_dist": 1.138754092641433}
{"t": 1784510213.311454, "x": 1.8578458125525477, "y": -0.1635218045240119, "zone": null, "min_dist": 1.1364781954759882}
{"t": 1784510213.4714186, "x": 1.8922449744740655, "y": -0.16579560331743332, "zone": null, "min_dist": 1.1342043966825668}
{"t": 1784510213.6319091, "x": 1.927208550859193, "y": -0.16810671004030842, "zone": null, "min_dist": 1.1318932899596916}
{"t": 1784510213.7926452, "x": 1.961575689506637, "y": -0.17037839212350336, "zone": null, "min_dist": 1.1296216078764967}
{"t": 1784510213.9444237, "x": 1.9944638881433914, "y": -0.17255231560262418, "zone": null, "min_dist": 1.1274476843973757}
{"t": 1784510214.0963025, "x": 2.027301732454148, "y": -0.17472291063602313, "zone": null, "min_dist": 1.125277089363977}
{"t": 1784510214.2566729, "x": 2.0620419005223396, "y": -0.1770184187072849, "zone": null, "min_dist": 1.122981581292715}
{"t": 1784510214.4166296, "x": 2.0966586288371887, "y": -0.17924126280544528, "zone": null, "min_dist": 1.1207587371945547}
{"t": 1784510214.5694134, "x": 2.1297665677254725, "y": -0.18130959184043918, "zone": null, "min_dist": 1.1186904081595608}
{"t": 1784510214.7296238, "x": 2.1647796171393714, "y": -0.18332817852388494, "zone": null, "min_dist": 1.116671821476115}
{"t": 1784510214.9062538, "x": 2.2029872589158406, "y": -0.18534433925514507, "zone": null, "min_dist": 1.114655660744855}
{"t": 1784510215.082658, "x": 2.241098787380545, "y": -0.18709453016930921, "zone": null, "min_dist": 1.1129054698306908}
{"t": 1784510215.2423599, "x": 2.2761593144368253, "y": -0.18834882470454797, "zone": null, "min_dist": 1.111651175295452}
{"t": 1784510215.3948174, "x": 2.3088512771880034, "y": -0.189145918328895, "zone": null, "min_dist": 1.110854081671105}
{"t": 1784510215.5552948, "x": 2.343543700386661, "y": -0.18977860193596205, "zone": null, "min_dist": 1.110221398064038}
{"t": 1784510215.7080064, "x": 2.3762843165608483, "y": -0.19037475935552142, "zone": null, "min_dist": 1.1096252406444786}
{"t": 1784510215.8686047, "x": 2.4111686392325886, "y": -0.1910099503911017, "zone": null, "min_dist": 1.1089900496088982}
{"t": 1784510216.0283198, "x": 2.4461388424876023, "y": -0.19164670519546406, "zone": null, "min_dist": 1.108353294804536}
{"t": 1784510216.188398, "x": 2.4813330085916028, "y": -0.19228753796588685, "zone": null, "min_dist": 1.1077124620341132}
{"t": 1784510216.3487337, "x": 2.516431190659408, "y": -0.1929266230466592, "zone": null, "min_dist": 1.1070733769533407}
{"t": 1784510216.5090153, "x": 2.5512195294436553, "y": -0.19356006644714888, "zone": null, "min_dist": 1.1064399335528512}
{"t": 1784510216.6862779, "x": 2.5896232689149037, "y": -0.19425934081934948, "zone": null, "min_dist": 1.1057406591806505}
{"t": 1784510216.8457334, "x": 2.624593503197399, "y": -0.1948960961954763, "zone": null, "min_dist": 1.1051039038045238}
{"t": 1784510217.0062094, "x": 2.6593818109023335, "y": -0.1955295390402023, "zone": null, "min_dist": 1.1044704609597977}
{"t": 1784510217.158159, "x": 2.6926882899558295, "y": -0.19613599991763825, "zone": null, "min_dist": 1.1038640000823619}
{"t": 1784510217.3182497, "x": 2.7276652568446482, "y": -0.1967728778816408, "zone": null, "min_dist": 1.1032271221183592}
{"t": 1784510217.4788637, "x": 2.7627634110512362, "y": -0.19741196246481624, "zone": null, "min_dist": 1.1025880375351838}
{"t": 1784510217.6394598, "x": 2.7974204031986907, "y": -0.1980430142829758, "zone": null, "min_dist": 1.1019569857170242}
{"t": 1784510217.7994332, "x": 2.832038726965992, "y": -0.19867336199814373, "zone": null, "min_dist": 1.1013266380018563}
{"t": 1784510217.975876, "x": 2.870023105426924, "y": -0.19936500058731935, "zone": null, "min_dist": 1.1006349994126807}
{"t": 1784510218.136314, "x": 2.9045975848700825, "y": -0.19999454999784388, "zone": null, "min_dist": 1.100005450002156}
{"t": 1784510218.2966478, "x": 2.939510565472971, "y": -0.2006302628878855, "zone": null, "min_dist": 1.0993697371121145}
{"t": 1784510218.4566085, "x": 2.9746087164659176, "y": -0.20126934741356048, "zone": null, "min_dist": 1.0987306525864395}
{"t": 1784510218.6170723, "x": 3.0096749038279347, "y": -0.20190784992964364, "zone": null, "min_dist": 1.0980921500703564}
{"t": 1784510218.7775369, "x": 3.0447410912106943, "y": -0.2025463524461058, "zone": null, "min_dist": 1.0974536475538943}
{"t": 1784510218.9376795, "x": 3.079839273291662, "y": -0.20318543752730311, "zone": null, "min_dist": 1.096814562472697}
{"t": 1784510219.0898678, "x": 3.113241736443385, "y": -0.20379364609925477, "zone": null, "min_dist": 1.0962063539007452}
{"t": 1784510219.2501576, "x": 3.148051966368013, "y": -0.20442748809805433, "zone": null, "min_dist": 1.0955725119019457}
{"t": 1784510219.4023685, "x": 3.181358507488598, "y": -0.20503395008441724, "zone": null, "min_dist": 1.0949660499155829}
{"t": 1784510219.5543838, "x": 3.2145756761295092, "y": -0.2056387848025209, "zone": null, "min_dist": 1.094361215197479}
{"t": 1784510219.7074196, "x": 3.247696922788267, "y": -0.20624187293590404, "zone": null, "min_dist": 1.093758127064096}
{"t": 1784510219.8593113, "x": 3.2808181695103356, "y": -0.2068449610704029, "zone": null, "min_dist": 1.0931550389295972}
{"t": 1784510220.0193117, "x": 3.315571173488992, "y": -0.2074777610787369, "zone": null, "min_dist": 1.0925222389212632}
{"t": 1784510220.1796825, "x": 3.3504133701527974, "y": -0.20811218514270788, "zone": null, "min_dist": 1.0918878148572921}
{"t": 1784510220.3558812, "x": 3.388813741767798, "y": -0.20881139819297623, "zone": null, "min_dist": 1.0911886018070238}
{"t": 1784510220.515963, "x": 3.423790708568561, "y": -0.2094482761553669, "zone": null, "min_dist": 1.0905517238446332}
{"t": 1784510220.6681466, "x": 3.4571291544545515, "y": -0.21005531909953118, "zone": null, "min_dist": 1.089944680900469}
{"t": 1784510220.8286326, "x": 3.491626235332681, "y": -0.21068345920257453, "zone": null, "min_dist": 1.0893165407974255}
{"t": 1784510221.0051467, "x": 3.530122558930106, "y": -0.21138420211032555, "zone": null, "min_dist": 1.0886157978896744}
{"t": 1784510221.1573648, "x": 3.5633085141153344, "y": -0.2119014645408697, "zone": null, "min_dist": 1.0880985354591304}
{"t": 1784510221.317573, "x": 3.5981665610983025, "y": -0.2123340043434952, "zone": null, "min_dist": 1.087665995656505}
{"t": 1784510221.4781313, "x": 3.6329257198646974, "y": -0.2126320631090883, "zone": null, "min_dist": 1.0873679368909117}
{"t": 1784510221.6381485, "x": 3.667816849144994, "y": -0.2127861829361865, "zone": null, "min_dist": 1.0872138170638135}
{"t": 1784510221.7908862, "x": 3.7009548882480723, "y": -0.21288645128134873, "zone": null, "min_dist": 1.0871135487186514}
{"t": 1784510221.9511476, "x": 3.7358552807426335, "y": -0.21294271367271334, "zone": null, "min_dist": 1.0870572863272867}
{"t": 1784510222.103724, "x": 3.7692037829766134, "y": -0.21294501085523992, "zone": null, "min_dist": 1.08705498914476}
{"t": 1784510222.2635663, "x": 3.804131475301243, "y": -0.21289062964923824, "zone": null, "min_dist": 1.0871093703507617}
{"t": 1784510222.424027, "x": 3.839331278995229, "y": -0.21278642512756038, "zone": null, "min_dist": 1.0872135748724396}
{"t": 1784510222.576358, "x": 3.872741113220588, "y": -0.2126530589011582, "zone": null, "min_dist": 1.087346941098842}
{"t": 1784510222.7363586, "x": 3.9078491408671874, "y": -0.2124716151500615, "zone": null, "min_dist": 1.0875283848499386}
{"t": 1784510222.8964717, "x": 3.9429262348842484, "y": -0.21213701351498349, "zone": null, "min_dist": 1.0878629864850167}
{"t": 1784510223.0728683, "x": 3.981208363074638, "y": -0.21160543803096196, "zone": null, "min_dist": 1.088394561969038}
{"t": 1784510223.2495623, "x": 4.019399981470424, "y": -0.21090226637683854, "zone": null, "min_dist": 1.0890977336231615}
{"t": 1784510223.4261189, "x": 4.0575947797589045, "y": -0.2100252302781613, "zone": null, "min_dist": 1.0899747697218387}
{"t": 1784510223.5777287, "x": 4.090715105806056, "y": -0.20913953881469277, "zone": null, "min_dist": 1.0908604611853072}
{"t": 1784510223.730064, "x": 4.124109928045391, "y": -0.2082012920886985, "zone": null, "min_dist": 1.0917987079113016}
{"t": 1784510223.8823574, "x": 4.1574407755725105, "y": -0.20726484286360716, "zone": null, "min_dist": 1.0927351571363928}
{"t": 1784510224.0427504, "x": 4.1924989725373525, "y": -0.20627986279606142, "zone": null, "min_dist": 1.0937201372039387}
{"t": 1784510224.219108, "x": 4.231139693750368, "y": -0.20519422967225037, "zone": null, "min_dist": 1.0948057703277496}
{"t": 1784510224.371404, "x": 4.264470541305972, "y": -0.20425778048782464, "zone": null, "min_dist": 1.0957422195121753}
{"t": 1784510224.5313132, "x": 4.299528707269319, "y": -0.20327280131663097, "zone": null, "min_dist": 1.096727198683369}
{"t": 1784510224.6919956, "x": 4.334682835338413, "y": -0.202285126004053, "zone": null, "min_dist": 1.097714873995947}
{"t": 1784510224.8523762, "x": 4.36964503918993, "y": -0.201302842973197, "zone": null, "min_dist": 1.0986971570268032}
{"t": 1784510225.0126584, "x": 4.404607243035439, "y": -0.20032055994241937, "zone": null, "min_dist": 1.0996794400575807}
{"t": 1784510225.1724222, "x": 4.43957618108897, "y": -0.19933808770803127, "zone": null, "min_dist": 1.1006619122919687}
{"t": 1784510225.3245938, "x": 4.473002990701781, "y": -0.1983989423840678, "zone": null, "min_dist": 1.1016010576159323}
{"t": 1784510225.4774346, "x": 4.505988711402206, "y": -0.1974721898465713, "zone": null, "min_dist": 1.1025278101534288}
{"t": 1784510225.6532822, "x": 4.544380360860159, "y": -0.1963935545888406, "zone": null, "min_dist": 1.1036064454111594}
{"t": 1784510225.8138785, "x": 4.579438464705237, "y": -0.19540857718245322, "zone": null, "min_dist": 1.1045914228175469}
{"t": 1784510225.9902806, "x": 4.6178940578970264, "y": -0.194328145378789, "zone": null, "min_dist": 1.105671854621211}
{"t": 1784510226.1504269, "x": 4.652862964887402, "y": -0.1933456740276171, "zone": null, "min_dist": 1.106654325972383}
{"t": 1784510226.302571, "x": 4.686193812424471, "y": -0.19240922484423398, "zone": null, "min_dist": 1.107590775155766}
{"t": 1784510226.454895, "x": 4.719396710484026, "y": -0.19147637051504146, "zone": null, "min_dist": 1.1085236294849585}
{"t": 1784510226.6074154, "x": 4.752599608548321, "y": -0.19054351618571702, "zone": null, "min_dist": 1.109456483814283}
{"t": 1784510226.7596364, "x": 4.785837950919867, "y": -0.18960966598669587, "zone": null, "min_dist": 1.1103903340133041}
{"t": 1784510226.9196825, "x": 4.8209633688328815, "y": -0.18862279734157142, "zone": null, "min_dist": 1.1113772026584285}
{"t": 1784510227.071993, "x": 4.854045051601574, "y": -0.1876933486649923, "zone": null, "min_dist": 1.1123066513350077}
{"t": 1784510227.2321925, "x": 4.889013989602691, "y": -0.1867108764320197, "zone": null, "min_dist": 1.1132891235679803}
{"t": 1784510227.3928974, "x": 4.923944237060265, "y": -0.18572949123408986, "zone": null, "min_dist": 1.1142705087659102}
{"t": 1784510227.5531225, "x": 4.958849169300418, "y": -0.18474881731083292, "zone": null, "min_dist": 1.1152511826891671}
{"t": 1784510227.713289, "x": 4.993818107306038, "y": -0.18376634507774142, "zone": null, "min_dist": 1.1162336549222587}
{"t": 1784510227.8732347, "x": 5.028787045348184, "y": -0.1827838728436087, "zone": null, "min_dist": 1.1172161271563914}
{"t": 1784510228.0341856, "x": 5.063749249136352, "y": -0.1818015898143313, "zone": null, "min_dist": 1.1181984101856688}
{"t": 1784510228.2100008, "x": 5.102198077134149, "y": -0.18072134809534432, "zone": null, "min_dist": 1.1192786519046558}
{"t": 1784510228.3626015, "x": 5.135404432127536, "y": -0.17978839661057427, "zone": null, "min_dist": 1.1202116033894258}
{"t": 1784510228.5387852, "x": 5.173955866548814, "y": -0.17870527210218326, "zone": null, "min_dist": 1.1212947278978167}
{"t": 1784510228.6990817, "x": 5.208576310575005, "y": -0.1777325911179045, "zone": null, "min_dist": 1.1222674088820956}
{"t": 1784510228.8595655, "x": 5.24322883506121, "y": -0.1767590087731004, "zone": null, "min_dist": 1.1232409912268997}
{"t": 1784510229.019714, "x": 5.278318895198899, "y": -0.17577313353761365, "zone": null, "min_dist": 1.1242268664623865}
{"t": 1784510229.180064, "x": 5.313255845810875, "y": -0.1747915600192062, "zone": null, "min_dist": 1.1252084399807938}
{"t": 1784510229.3401387, "x": 5.348128821701262, "y": -0.17381178392789273, "zone": null, "min_dist": 1.1261882160721073}
{"t": 1784510229.5003574, "x": 5.3830018596592035, "y": -0.17283200607163837, "zone": null, "min_dist": 1.1271679939283616}
{"t": 1784510229.660642, "x": 5.417804064536028, "y": -0.1718542183738584, "zone": null, "min_dist": 1.1281457816261415}
{"t": 1784510229.8205009, "x": 5.452552458017881, "y": -0.17087794253602126, "zone": null, "min_dist": 1.1291220574639789}
{"t": 1784510229.972853, "x": 5.485669523054686, "y": -0.169947499752056, "zone": null, "min_dist": 1.130052500247944}
{"t": 1784510230.1256921, "x": 5.519064317445976, "y": -0.16900925393408378, "zone": null, "min_dist": 1.1309907460659163}
{"t": 1784510230.2853737, "x": 5.553684761468215, "y": -0.16803657294994015, "zone": null, "min_dist": 1.1319634270500598}
{"t": 1784510230.4459221, "x": 5.588806933122617, "y": -0.1670497954708425, "zone": null, "min_dist": 1.1329502045291575}
{"t": 1784510230.6062226, "x": 5.623615903311468, "y": -0.16607181768755014, "zone": null, "min_dist": 1.1339281823124499}
{"t": 1784510230.7592742, "x": 5.656700953075842, "y": -0.16514227441106355, "zone": null, "min_dist": 1.1348577255889365}
{"t": 1784510230.9192884, "x": 5.691545308679784, "y": -0.1641633024312988, "zone": null, "min_dist": 1.1358366975687013}
{"t": 1784510231.0953133, "x": 5.729524458384391, "y": -0.16309625673001646, "zone": null, "min_dist": 1.1369037432699836}
{"t": 1784510231.2473614, "x": 5.762567388502067, "y": -0.16216789685171035, "zone": null, "min_dist": 1.1378321031482896}
{"t": 1784510231.4078386, "x": 5.797315782030166, "y": -0.16119162101255902, "zone": null, "min_dist": 1.138808378987441}
{"t": 1784510231.5845633, "x": 5.835710736480348, "y": -0.16011289291805042, "zone": null, "min_dist": 1.1398871070819496}
{"t": 1784510231.744494, "x": 5.870768933353723, "y": -0.1591279128677522, "zone": null, "min_dist": 1.1292310666462768}
{"t": 1784510231.904514, "x": 5.9051974221261325, "y": -0.15816062504631792, "zone": null, "min_dist": 1.0948025778738675}
{"t": 1784510232.0650024, "x": 5.940006513111048, "y": -0.15718264382737976, "zone": null, "min_dist": 1.0599934868889518}
{"t": 1784510232.2253666, "x": 5.9751319309407345, "y": -0.15619577518469888, "zone": null, "min_dist": 1.0248680690592655}
{"t": 1784510232.3778691, "x": 6.008216980762428, "y": -0.1552662319065863, "zone": null, "min_dist": 0.9917830192375723}
{"t": 1784510232.5301511, "x": 6.041238055858054, "y": -0.15433848605569292, "zone": null, "min_dist": 0.9587619441419459}
{"t": 1784510232.6902626, "x": 6.0760083664312265, "y": -0.15336159442553307, "zone": null, "min_dist": 0.9239916335687735}
{"t": 1784510232.866519, "x": 6.114041327556245, "y": -0.15229303686609863, "zone": null, "min_dist": 0.8859586724437554}
{"t": 1784510233.0186417, "x": 6.14693448425323, "y": -0.15136888498561313, "zone": null, "min_dist": 0.8530655157467697}
{"t": 1784510233.171036, "x": 6.180080200457069, "y": -0.150437637211346, "zone": null, "min_dist": 0.819919799542931}
{"t": 1784510233.34726, "x": 6.21815519133609, "y": -0.14936789880812626, "zone": null, "min_dist": 0.7818448086639096}
{"t": 1784510233.4993365, "x": 6.250959151050967, "y": -0.14844625298650563, "zone": null, "min_dist": 0.7490408489490328}
{"t": 1784510233.6522524, "x": 6.284072821105316, "y": -0.14751590559839978, "zone": null, "min_dist": 0.7159271788946837}
{"t": 1784510233.8046308, "x": 6.3171897961819035, "y": -0.14658546537259326, "zone": null, "min_dist": 0.6828102038180965}
{"t": 1784510233.964357, "x": 6.351678306644525, "y": -0.1456256498279927, "zone": null, "min_dist": 0.6483216933554754}
{"t": 1784510234.1249278, "x": 6.38542133047654, "y": -0.1448909882555921, "zone": null, "min_dist": 0.6145786695234596}
{"t": 1784510234.2852545, "x": 6.417748748271605, "y": -0.1443670518307951, "zone": null, "min_dist": 0.5822512517283949}
{"t": 1784510234.4458284, "x": 6.451078474741314, "y": -0.14383620513153939, "zone": null, "min_dist": 0.5489215252586863}
{"t": 1784510234.6057467, "x": 6.484389587328039, "y": -0.1433056548655227, "zone": null, "min_dist": 0.5156104126719612}
{"t": 1784510234.7663052, "x": 6.518010496384952, "y": -0.14277017032385605, "zone": null, "min_dist": 0.4819895036150479}
{"t": 1784510234.9266837, "x": 6.5524549697606025, "y": -0.1422215684689564, "zone": null, "min_dist": 0.4475450302393975}
{"t": 1784510235.102746, "x": 6.590764278153771, "y": -0.14161141069387378, "zone": null, "min_dist": 0.4092357218462288}
{"t": 1784510235.2551088, "x": 6.624078727503183, "y": -0.1410808067093167, "zone": null, "min_dist": 0.37592127249681706}
{"t": 1784510235.4075534, "x": 6.656689328476264, "y": -0.14056141321865662, "zone": null, "min_dist": 0.34331067152373596}
{"t": 1784510235.5834317, "x": 6.693563930820928, "y": -0.13997410663469276, "zone": null, "min_dist": 0.30643606917907196}
{"t": 1784510235.7362356, "x": 6.725667617610463, "y": -0.13946278700121173, "zone": null, "min_dist": 0.27433238238953717}
{"t": 1784510235.888191, "x": 6.756941125194531, "y": -0.1389646899942709, "zone": null, "min_dist": 0.2430588748054694}
{"t": 1784510236.0403922, "x": 6.788862971276088, "y": -0.1384562666180271, "zone": null, "min_dist": 0.21113702872391205}
{"t": 1784510236.2011893, "x": 6.822512598186125, "y": -0.13792032463135623, "zone": null, "min_dist": 0.1774874018138748}
{"t": 1784510236.361303, "x": 6.856101691225221, "y": -0.13738534676861583, "zone": null, "min_dist": 0.14389830877477916}
{"t": 1784510236.5216794, "x": 6.889505364834024, "y": -0.1368533222193669, "zone": null, "min_dist": 0.11049463516597591}
{"t": 1784510236.6741545, "x": 6.9215163728189655, "y": -0.13634347873936334, "zone": null, "min_dist": 0.07848362718103452}
{"t": 1784510236.834507, "x": 6.955536568974975, "y": -0.13580163450480343, "zone": null, "min_dist": 0.044463431025024924}
{"t": 1784510236.9946365, "x": 6.990648513169717, "y": -0.13520928459160175, "zone": null, "min_dist": 0.009351486830283307}
{"t": 1784510237.1550093, "x": 7.024674908485402, "y": -0.13417256618040913, "zone": "wh_zone_2", "min_dist": 0.0}
{"t": 1784510237.3148303, "x": 7.058868850244319, "y": -0.1323746923560661, "zone": "wh_zone_2", "min_dist": 0.0}
{"t": 1784510237.475278, "x": 7.093339590684115, "y": -0.13017020112389735, "zone": "wh_zone_2", "min_dist": 0.0}
{"t": 1784510237.6355193, "x": 7.1276691090593625, "y": -0.12733483155911432, "zone": "wh_zone_2", "min_dist": 0.0}
{"t": 1784510237.7886372, "x": 7.159009620573444, "y": -0.1245629041610422, "zone": "wh_zone_2", "min_dist": 0.0}
{"t": 1784510237.9482503, "x": 7.193451893018414, "y": -0.12151663987614958, "zone": "wh_zone_2", "min_dist": 0.0}
{"t": 1784510238.1081858, "x": 7.228327208874259, "y": -0.11843207477368774, "zone": "wh_zone_2", "min_dist": 0.0}
{"t": 1784510238.2856088, "x": 7.266453653749318, "y": -0.11505996210036229, "zone": "wh_zone_2", "min_dist": 0.0}
{"t": 1784510238.4448087, "x": 7.301144368418668, "y": -0.11199172428915381, "zone": "wh_zone_2", "min_dist": 0.0}
{"t": 1784510238.59719, "x": 7.332721399273671, "y": -0.10919887823080632, "zone": "wh_zone_2", "min_dist": 0.0}
{"t": 1784510238.75728, "x": 7.366212527460303, "y": -0.10623673885575269, "zone": "wh_zone_2", "min_dist": 0.0}
{"t": 1784510238.917103, "x": 7.399213834158942, "y": -0.1033179221210363, "zone": "wh_zone_2", "min_dist": 0.0}
{"t": 1784510239.0773199, "x": 7.433412791237233, "y": -0.10026137583281218, "zone": "wh_zone_2", "min_dist": 0.0}
{"t": 1784510239.23717, "x": 7.467967492824707, "y": -0.09667876363156729, "zone": "wh_zone_2", "min_dist": 0.0}
{"t": 1784510239.389286, "x": 7.500938668254721, "y": -0.09279707699527089, "zone": "wh_zone_2", "min_dist": 0.0}
{"t": 1784510239.542299, "x": 7.533733331455941, "y": -0.08891163123659232, "zone": "wh_zone_2", "min_dist": 0.0}
{"t": 1784510239.7026055, "x": 7.567278891706385, "y": -0.08493722120397558, "zone": "wh_zone_2", "min_dist": 0.0}
{"t": 1784510239.8627133, "x": 7.60116239915904, "y": -0.08088907059445727, "zone": "wh_zone_2", "min_dist": 0.0}
{"t": 1784510240.0231457, "x": 7.634161162141348, "y": -0.0765680543881035, "zone": "wh_zone_2", "min_dist": 0.0}
{"t": 1784510240.1834095, "x": 7.666747321736449, "y": -0.07152941085953457, "zone": "wh_zone_2", "min_dist": 0.0}
{"t": 1784510240.335713, "x": 7.69908122771879, "y": -0.06576573510901729, "zone": "wh_zone_2", "min_dist": 0.0}
{"t": 1784510240.4882553, "x": 7.7312451575301715, "y": -0.059282559363676365, "zone": "wh_zone_2", "min_dist": 0.0}
{"t": 1784510240.6406, "x": 7.763387345090081, "y": -0.052102614538679766, "zone": "wh_zone_2", "min_dist": 0.0}
{"t": 1784510240.8171554, "x": 7.80029595256453, "y": -0.043106163301776836, "zone": "wh_zone_2", "min_dist": 0.0}
{"t": 1784510240.9773488, "x": 7.833746137719765, "y": -0.03426505267037686, "zone": "wh_zone_2", "min_dist": 0.0}
{"t": 1784510241.153533, "x": 7.870162507377913, "y": -0.023878207665665035, "zone": "wh_zone_2", "min_dist": 0.0}
{"t": 1784510241.3139188, "x": 7.903246584058176, "y": -0.01374538872006885, "zone": "wh_zone_2", "min_dist": 0.0}
{"t": 1784510241.474136, "x": 7.936026756209544, "y": -0.003041434431866606, "zone": "wh_zone_2", "min_dist": 0.0}
{"t": 1784510241.6262987, "x": 7.966712392394109, "y": 0.007565663679372507, "zone": "wh_zone_2", "min_dist": 0.0}
{"t": 1784510241.8029208, "x": 8.002307858850559, "y": 0.02058346880131451, "zone": "wh_zone_2", "min_dist": 0.0}
{"t": 1784510241.9628384, "x": 8.034415505287846, "y": 0.0330053403333204, "zone": "wh_zone_2", "min_dist": 0.0}
{"t": 1784510242.1153958, "x": 8.0647213632401, "y": 0.04536781979250922, "zone": "wh_zone_2", "min_dist": 0.0}
{"t": 1784510242.2914486, "x": 8.099748628121455, "y": 0.06043558953141072, "zone": "wh_zone_2", "min_dist": 0.0}
{"t": 1784510242.4435396, "x": 8.129531502272652, "y": 0.07392573768487837, "zone": "wh_zone_2", "min_dist": 0.0}
{"t": 1784510242.6050205, "x": 8.160868415649137, "y": 0.08880369938220269, "zone": "wh_zone_2", "min_dist": 0.0}
{"t": 1784510242.7650993, "x": 8.191517410089908, "y": 0.10401575352060921, "zone": "wh_zone_2", "min_dist": 0.0}
{"t": 1784510242.9256213, "x": 8.221994312484812, "y": 0.11966287276163712, "zone": "wh_zone_2", "min_dist": 0.0}
{"t": 1784510243.0862978, "x": 8.252216889167423, "y": 0.13558300081066493, "zone": "wh_zone_2", "min_dist": 0.0}
{"t": 1784510243.2466145, "x": 8.28281652944217, "y": 0.15190615625979895, "zone": "wh_zone_2", "min_dist": 0.0}
{"t": 1784510243.3982968, "x": 8.311629937399847, "y": 0.16778066587622725, "zone": "wh_zone_2", "min_dist": 0.0}
{"t": 1784510243.559111, "x": 8.341548359744387, "y": 0.1850930679973321, "zone": "wh_zone_2", "min_dist": 0.0}
{"t": 1784510243.7189136, "x": 8.371131212765778, "y": 0.2033151157889353, "zone": "wh_zone_2", "min_dist": 0.0}
{"t": 1784510243.8712776, "x": 8.398701565438925, "y": 0.22133251307445115, "zone": "wh_zone_2", "min_dist": 0.0}
{"t": 1784510244.0313988, "x": 8.427355145860748, "y": 0.24092448820201284, "zone": "wh_zone_2", "min_dist": 0.0}
{"t": 1784510244.1921964, "x": 8.435597411937291, "y": 0.2501811351924556, "zone": "wh_zone_2", "min_dist": 0.0}
{"t": 1784510244.3527138, "x": 8.435421552233446, "y": 0.25006267942906435, "zone": "wh_zone_2", "min_dist": 0.0}
{"t": 1784510244.5124352, "x": 8.437554171346685, "y": 0.25125735487766687, "zone": "wh_zone_2", "min_dist": 0.0}
{"t": 1784510244.6728961, "x": 8.443434226655185, "y": 0.2542714276126621, "zone": "wh_zone_2", "min_dist": 0.0}
{"t": 1784510244.8491666, "x": 8.439261245799301, "y": 0.257771221878352, "zone": "wh_zone_2", "min_dist": 0.0}
{"t": 1784510245.0252662, "x": 8.435665982203785, "y": 0.2610017063512764, "zone": "wh_zone_2", "min_dist": 0.0}
{"t": 1784510245.1860943, "x": 8.44279229055232, "y": 0.26459709047173896, "zone": "wh_zone_2", "min_dist": 0.0}
{"t": 1784510245.3462265, "x": 8.442672857611738, "y": 0.2644058067433876, "zone": "wh_zone_2", "min_dist": 0.0}
{"t": 1784510245.5063713, "x": 8.442614565644103, "y": 0.2643816267364597, "zone": "wh_zone_2", "min_dist": 0.0}
{"t": 1784510245.6586773, "x": 8.442597715096618, "y": 0.2643746305261451, "zone": "wh_zone_2", "min_dist": 0.0}
{"t": 1784510245.8194478, "x": 8.442588544196878, "y": 0.26437082285417435, "zone": "wh_zone_2", "min_dist": 0.0}
{"t": 1784510245.9794598, "x": 8.442582047377146, "y": 0.26436812574095936, "zone": "wh_zone_2", "min_dist": 0.0}
{"t": 1784510246.1397629, "x": 8.442576910393084, "y": 0.26436599346898937, "zone": "wh_zone_2", "min_dist": 0.0}
{"t": 1784510246.3000727, "x": 8.44257288032244, "y": 0.2643643268389377, "zone": "wh_zone_2", "min_dist": 0.0}
{"t": 1784510246.4602423, "x": 8.442569979895804, "y": 0.264363139552453, "zone": "wh_zone_2", "min_dist": 0.0}
{"t": 1784510246.620755, "x": 8.442567470253962, "y": 0.2643621156505881, "zone": "wh_zone_2", "min_dist": 0.0}
{"t": 1784510246.7806935, "x": 8.442565416934558, "y": 0.26436128143522014, "zone": "wh_zone_2", "min_dist": 0.0}
{"t": 1784510246.9327931, "x": 8.442563812623945, "y": 0.2643606329090889, "zone": "wh_zone_2", "min_dist": 0.0}
{"t": 1784510247.0849988, "x": 8.442562552003302, "y": 0.2643601260448085, "zone": "wh_zone_2", "min_dist": 0.0}
{"t": 1784510247.245265, "x": 8.442561276937948, "y": 0.26435961126740687, "zone": "wh_zone_2", "min_dist": 0.0}
{"t": 1784510247.397524, "x": 8.442560182562964, "y": 0.2643591693462448, "zone": "wh_zone_2", "min_dist": 0.0}
{"t": 1784510247.5578196, "x": 8.442559299748957, "y": 0.26435881572913905, "zone": "wh_zone_2", "min_dist": 0.0}
{"t": 1784510247.7101588, "x": 8.442558668841151, "y": 0.2643585646860882, "zone": "wh_zone_2", "min_dist": 0.0}
{"t": 1784510247.8624284, "x": 8.442558059627043, "y": 0.2643583248747215, "zone": "wh_zone_2", "min_dist": 0.0}
{"t": 1784510248.0144928, "x": 8.44255764760653, "y": 0.2643581642481164, "zone": "wh_zone_2", "min_dist": 0.0}
{"t": 1784510248.16691, "x": 8.442557244489345, "y": 0.2643580095374858, "zone": "wh_zone_2", "min_dist": 0.0}
{"t": 1784510248.3192887, "x": 8.442556841038941, "y": 0.2643578572266282, "zone": "wh_zone_2", "min_dist": 0.0}
{"t": 1784510248.4796355, "x": 8.442556639141067, "y": 0.2643577827421082, "zone": "wh_zone_2", "min_dist": 0.0}
{"t": 1784510248.6396966, "x": 8.442556436902933, "y": 0.2643577093849113, "zone": "wh_zone_2", "min_dist": 0.0}
{"t": 1784510248.8000197, "x": 8.44261366665358, "y": 0.2643766411771449, "zone": "wh_zone_2", "min_dist": 0.0}
{"t": 1784510248.9528592, "x": 8.442592420579674, "y": 0.26435315328069936, "zone": "wh_zone_2", "min_dist": 0.0}
{"t": 1784510249.104532, "x": 8.442577702904687, "y": 0.2643470369977792, "zone": "wh_zone_2", "min_dist": 0.0}
{"t": 1784510249.264756, "x": 8.442572057198461, "y": 0.2643447005530653, "zone": "wh_zone_2", "min_dist": 0.0}
{"t": 1784510249.4249513, "x": 8.442569170801448, "y": 0.26434351780823157, "zone": "wh_zone_2", "min_dist": 0.0}
{"t": 1784510249.5851493, "x": 8.442566540358753, "y": 0.26434244540244206, "zone": "wh_zone_2", "min_dist": 0.0}
{"t": 1784510249.745462, "x": 8.442564647301035, "y": 0.26434167767369915, "zone": "wh_zone_2", "min_dist": 0.0}
{"t": 1784510249.905684, "x": 8.442563193997792, "y": 0.26434109031203296, "zone": "wh_zone_2", "min_dist": 0.0}
{"t": 1784510250.0579107, "x": 8.44256196114479, "y": 0.2643405890602098, "zone": "wh_zone_2", "min_dist": 0.0}
{"t": 1784510250.2183065, "x": 8.442560754216169, "y": 0.26434010058116864, "zone": "wh_zone_2", "min_dist": 0.0}
{"t": 1784510250.370372, "x": 8.442559992283481, "y": 0.2643397937401137, "zone": "wh_zone_2", "min_dist": 0.0}
{"t": 1784510250.5308638, "x": 8.442559225950452, "y": 0.2643394872761996, "zone": "wh_zone_2", "min_dist": 0.0}
{"t": 1784510250.6913502, "x": 8.442558451154246, "y": 0.2643391798253686, "zone": "wh_zone_2", "min_dist": 0.0}
{"t": 1784510250.8436434, "x": 8.442558070957922, "y": 0.2643390305185676, "zone": "wh_zone_2", "min_dist": 0.0}
{"t": 1784510251.00372, "x": 8.442557309258243, "y": 0.26433873516476786, "zone": "wh_zone_2", "min_dist": 0.0}
{"t": 1784510251.1644804, "x": 8.442556931653685, "y": 0.26433859231747175, "zone": "wh_zone_2", "min_dist": 0.0}
{"t": 1784510251.324164, "x": 8.442556931653685, "y": 0.26433859231747175, "zone": "wh_zone_2", "min_dist": 0.0}
{"t": 1784510251.4845552, "x": 8.4426524633782, "y": 0.2643783659219194, "zone": "wh_zone_2", "min_dist": 0.0}
{"t": 1784510251.6452086, "x": 8.44259411987732, "y": 0.2643484769065105, "zone": "wh_zone_2", "min_dist": 0.0}
{"t": 1784510251.8054981, "x": 8.442575911273531, "y": 0.26434092339037524, "zone": "wh_zone_2", "min_dist": 0.0}
{"t": 1784510251.9662828, "x": 8.4425703731167, "y": 0.26433863601889496, "zone": "wh_zone_2", "min_dist": 0.0}
{"t": 1784510252.12651, "x": 8.44256747861938, "y": 0.2643374478624085, "zone": "wh_zone_2", "min_dist": 0.0}
{"t": 1784510252.2863562, "x": 8.44256558312179, "y": 0.26433667357152507, "zone": "wh_zone_2", "min_dist": 0.0}
{"t": 1784510252.4384708, "x": 8.44255612789122, "y": 0.26433275308077225, "zone": "wh_zone_2", "min_dist": 0.0}
{"t": 1784510252.5993245, "x": 8.442564266224089, "y": 0.2643361584885469, "zone": "wh_zone_2", "min_dist": 0.0}
{"t": 1784510252.7594695, "x": 8.442562765769216, "y": 0.2643355508119524, "zone": "wh_zone_2", "min_dist": 0.0}
{"t": 1784510252.9195492, "x": 8.442561619043103, "y": 0.26433509096397584, "zone": "wh_zone_2", "min_dist": 0.0}
{"t": 1784510253.0719104, "x": 8.442560692395128, "y": 0.2643347165695882, "zone": "wh_zone_2", "min_dist": 0.0}
{"t": 1784510253.232147, "x": 8.442559716313939, "y": 0.26433432414153274, "zone": "wh_zone_2", "min_dist": 0.0}
{"t": 1784510253.3922656, "x": 8.442558995720594, "y": 0.26433403672079614, "zone": "wh_zone_2", "min_dist": 0.0}
{"t": 1784510253.5524201, "x": 8.442558266661226, "y": 0.26433374831045175, "zone": "wh_zone_2", "min_dist": 0.0}
{"t": 1784510253.712981, "x": 8.44255779894033, "y": 0.264333565136162, "zone": "wh_zone_2", "min_dist": 0.0}
{"t": 1784510253.8655624, "x": 8.442557328135617, "y": 0.26433338352380487, "zone": "wh_zone_2", "min_dist": 0.0}
{"t": 1784510254.0170765, "x": 8.442013622797433, "y": 0.26398178124720284, "zone": "wh_zone_2", "min_dist": 0.0}
{"t": 1784510254.1696415, "x": 8.440202386260397, "y": 0.2628205524299063, "zone": "wh_zone_2", "min_dist": 0.0}
{"t": 1784510254.3296046, "x": 8.438353911009306, "y": 0.26161968578568123, "zone": "wh_zone_2", "min_dist": 0.0}
{"t": 1784510254.4902742, "x": 8.436551824112138, "y": 0.26043415808682563, "zone": "wh_zone_2", "min_dist": 0.0}
{"t": 1784510254.650495, "x": 8.434788358112145, "y": 0.25925970236752277, "zone": "wh_zone_2", "min_dist": 0.0}
{"t": 1784510254.8025875, "x": 8.433189170810579, "y": 0.2582152069482711, "zone": "wh_zone_2", "min_dist": 0.0}
{"t": 1784510254.9791994, "x": 8.433099245185298, "y": 0.25817808710412743, "zone": "wh_zone_2", "min_dist": 0.0}
{"t": 1784510255.1394994, "x": 8.433099245429872, "y": 0.2581780872043588, "zone": "wh_zone_2", "min_dist": 0.0}
{"t": 1784510255.2993836, "x": 8.433099245670594, "y": 0.25817808730252784, "zone": "wh_zone_2", "min_dist": 0.0}
{"t": 1784510255.4517097, "x": 8.433099245851226, "y": 0.25817808737687087, "zone": "wh_zone_2", "min_dist": 0.0}
{"t": 1784510255.6118224, "x": 8.433099245987842, "y": 0.25817808743312703, "zone": "wh_zone_2", "min_dist": 0.0}
{"t": 1784510255.764244, "x": 8.43309919236714, "y": 0.25817806301250645, "zone": "wh_zone_2", "min_dist": 0.0}
{"t": 1784510255.9243677, "x": 8.43309907213935, "y": 0.25817800692743287, "zone": "wh_zone_2", "min_dist": 0.0}
{"t": 1784510256.0844615, "x": 8.433099002169989, "y": 0.2581779743255537, "zone": "wh_zone_2", "min_dist": 0.0}
{"t": 1784510256.2449024, "x": 8.43309889547234, "y": 0.25817792570046527, "zone": "wh_zone_2", "min_dist": 0.0}
{"t": 1784510256.3971376, "x": 8.43309882442989, "y": 0.25817789463503166, "zone": "wh_zone_2", "min_dist": 0.0}
{"t": 1784510256.557122, "x": 8.433098741684828, "y": 0.2581778554136939, "zone": "wh_zone_2", "min_dist": 0.0}
{"t": 1784510256.7178295, "x": 8.433097949342889, "y": 0.25817748835079585, "zone": "wh_zone_2", "min_dist": 0.0}
{"t": 1784510256.894167, "x": 8.433005763384518, "y": 0.2581355704308055, "zone": "wh_zone_2", "min_dist": 0.0}
{"t": 1784510257.0545611, "x": 8.432905137395064, "y": 0.25808629659707893, "zone": "wh_zone_2", "min_dist": 0.0}
{"t": 1784510257.231138, "x": 8.432906458180552, "y": 0.25808696578097723, "zone": "wh_zone_2", "min_dist": 0.0}
{"t": 1784510257.3911846, "x": 8.43290743407716, "y": 0.25808749074152104, "zone": "wh_zone_2", "min_dist": 0.0}
{"t": 1784510257.5516498, "x": 8.432908117771253, "y": 0.25808787744876, "zone": "wh_zone_2", "min_dist": 0.0}
{"t": 1784510257.7121735, "x": 8.432908494801937, "y": 0.258088098880767, "zone": "wh_zone_2", "min_dist": 0.0}
{"t": 1784510257.8727202, "x": 8.432908600684724, "y": 0.25808815836686594, "zone": "wh_zone_2", "min_dist": 0.0}
{"t": 1784510258.0325153, "x": 8.432908499349308, "y": 0.2580880813970318, "zone": "wh_zone_2", "min_dist": 0.0}
{"t": 1784510258.209404, "x": 8.432908230823298, "y": 0.2580878810048651, "zone": "wh_zone_2", "min_dist": 0.0}
{"t": 1784510258.3852024, "x": 8.432907871547041, "y": 0.2580876022887592, "zone": "wh_zone_2", "min_dist": 0.0}
{"t": 1784510258.5375133, "x": 8.432907529135441, "y": 0.25808732484722696, "zone": "wh_zone_2", "min_dist": 0.0}
{"t": 1784510258.6976023, "x": 8.432907161184444, "y": 0.25808701346501967, "zone": "wh_zone_2", "min_dist": 0.0}
{"t": 1784510258.8499804, "x": 8.432906817668812, "y": 0.25808670964207975, "zone": "wh_zone_2", "min_dist": 0.0}
{"t": 1784510259.0020664, "x": 8.432906487640631, "y": 0.25808640482486633, "zone": "wh_zone_2", "min_dist": 0.0}
{"t": 1784510259.1622958, "x": 8.432906159670837, "y": 0.2580860880820265, "zone": "wh_zone_2", "min_dist": 0.0}
{"t": 1784510259.322638, "x": 8.432905854555976, "y": 0.2580857795510281, "zone": "wh_zone_2", "min_dist": 0.0}
{"t": 1784510259.4748483, "x": 8.432905587121818, "y": 0.2580854966652876, "zone": "wh_zone_2", "min_dist": 0.0}
{"t": 1784510259.627066, "x": 8.432905341489025, "y": 0.2580852251280116, "zone": "wh_zone_2", "min_dist": 0.0}
{"t": 1784510259.779509, "x": 8.432905116488486, "y": 0.25808496511330065, "zone": "wh_zone_2", "min_dist": 0.0}
{"t": 1784510259.9393358, "x": 8.432904899693302, "y": 0.25808470281962137, "zone": "wh_zone_2", "min_dist": 0.0}
{"t": 1784510260.0917208, "x": 8.432904710162266, "y": 0.2580844626304144, "zone": "wh_zone_2", "min_dist": 0.0}
{"t": 1784510260.2447958, "x": 8.432904534022162, "y": 0.2580842289823019, "zone": "wh_zone_2", "min_dist": 0.0}
{"t": 1784510260.404467, "x": 8.432904360516595, "y": 0.2580839876375491, "zone": "wh_zone_2", "min_dist": 0.0}
{"t": 1784510260.556916, "x": 8.432904204964945, "y": 0.2580837605684955, "zone": "wh_zone_2", "min_dist": 0.0}
{"t": 1784510260.717426, "x": 8.432904049309013, "y": 0.2580835219059554, "zone": "wh_zone_2", "min_dist": 0.0}
{"t": 1784510260.8778126, "x": 8.432903900709412, "y": 0.25808328203103, "zone": "wh_zone_2", "min_dist": 0.0}
{"t": 1784510261.029906, "x": 8.432903765324474, "y": 0.2580830519682977, "zone": "wh_zone_2", "min_dist": 0.0}
{"t": 1784510261.1823726, "x": 8.432903635151728, "y": 0.2580828191088207, "zone": "wh_zone_2", "min_dist": 0.0}
{"t": 1784510261.3344464, "x": 8.43290350998681, "y": 0.25808258306955356, "zone": "wh_zone_2", "min_dist": 0.0}
{"t": 1784510261.4864702, "x": 8.432903389766592, "y": 0.2580823436721022, "zone": "wh_zone_2", "min_dist": 0.0}
{"t": 1784510261.6387067, "x": 8.43290327451754, "y": 0.25808210088482864, "zone": "wh_zone_2", "min_dist": 0.0}
{"t": 1784510261.798902, "x": 8.432903158659157, "y": 0.25808184173138793, "zone": "wh_zone_2", "min_dist": 0.0}
{"t": 1784510261.9594584, "x": 8.43290304851708, "y": 0.25808157905005863, "zone": "wh_zone_2", "min_dist": 0.0}
{"t": 1784510262.1195846, "x": 8.432902944224844, "y": 0.2580813130422277, "zone": "wh_zone_2", "min_dist": 0.0}
{"t": 1784510262.2718666, "x": 8.432902850684954, "y": 0.2580810574559066, "zone": "wh_zone_2", "min_dist": 0.0}
{"t": 1784510262.4324179, "x": 8.432902758169337, "y": 0.2580807856102489, "zone": "wh_zone_2", "min_dist": 0.0}
{"t": 1784510262.5924168, "x": 8.432902671864268, "y": 0.25808051111615055, "zone": "wh_zone_2", "min_dist": 0.0}
{"t": 1784510262.7449708, "x": 8.432902595718005, "y": 0.2580802481031625, "zone": "wh_zone_2", "min_dist": 0.0}
{"t": 1784510262.8969815, "x": 8.432902525341921, "y": 0.2580799830983516, "zone": "wh_zone_2", "min_dist": 0.0}
{"t": 1784510263.0576825, "x": 8.43289009266622, "y": 0.2580259262031077, "zone": "wh_zone_2", "min_dist": 0.0}
{"t": 1784510263.218349, "x": 8.432850823619294, "y": 0.25784489899831825, "zone": "wh_zone_2", "min_dist": 0.0}
{"t": 1784510263.3778837, "x": 8.432822949541796, "y": 0.257702410169244, "zone": "wh_zone_2", "min_dist": 0.0}
{"t": 1784510263.5386786, "x": 8.43280270982693, "y": 0.25758093036852237, "zone": "wh_zone_2", "min_dist": 0.0}
{"t": 1784510263.6909106, "x": 8.432750763867581, "y": 0.2572301023253653, "zone": "wh_zone_2", "min_dist": 0.0}
{"t": 1784510263.8513188, "x": 8.432731896747137, "y": 0.25707679507356956, "zone": "wh_zone_2", "min_dist": 0.0}
{"t": 1784510264.0276084, "x": 8.43270858729028, "y": 0.25684314266438846, "zone": "wh_zone_2", "min_dist": 0.0}
{"t": 1784510264.1872575, "x": 8.432692402757764, "y": 0.2566179147757137, "zone": "wh_zone_2", "min_dist": 0.0}
{"t": 1784510264.347273, "x": 8.432684866656675, "y": 0.25646361415697555, "zone": "wh_zone_2", "min_dist": 0.0}
{"t": 1784510264.5000787, "x": 8.432678914936986, "y": 0.256242891410975, "zone": "wh_zone_2", "min_dist": 0.0}
{"t": 1784510264.6600752, "x": 8.432678585319247, "y": 0.2560498329440294, "zone": "wh_zone_2", "min_dist": 0.0}
{"t": 1784510264.8203924, "x": 8.432682341618202, "y": 0.25586173916576416, "zone": "wh_zone_2", "min_dist": 0.0}
{"t": 1784510264.9966362, "x": 8.432687439894291, "y": 0.25573377901046823, "zone": "wh_zone_2", "min_dist": 0.0}
{"t": 1784510265.1729715, "x": 8.432687462571895, "y": 0.2557334604593655, "zone": "wh_zone_2", "min_dist": 0.0}
{"t": 1784510265.325496, "x": 8.432687488757777, "y": 0.2557331858658254, "zone": "wh_zone_2", "min_dist": 0.0}
{"t": 1784510265.485616, "x": 8.4326875229171, "y": 0.25573289750006234, "zone": "wh_zone_2", "min_dist": 0.0}
{"t": 1784510265.6382525, "x": 8.432687561617783, "y": 0.25573262434365324, "zone": "wh_zone_2", "min_dist": 0.0}
{"t": 1784510265.7901545, "x": 8.432687606388557, "y": 0.25573235209853995, "zone": "wh_zone_2", "min_dist": 0.0}
{"t": 1784510265.9670582, "x": 8.432687665783, "y": 0.2557320381860041, "zone": "wh_zone_2", "min_dist": 0.0}
{"t": 1784510266.1264267, "x": 8.432336480869662, "y": 0.2572977651097959, "zone": "wh_zone_2", "min_dist": 0.0}
{"t": 1784510266.278916, "x": 8.429917712405288, "y": 0.2669103392779825, "zone": "wh_zone_2", "min_dist": 0.0}
{"t": 1784510266.431477, "x": 8.429200699406552, "y": 0.2695254045222143, "zone": "wh_zone_2", "min_dist": 0.0}
{"t": 1784510266.591888, "x": 8.429200699406552, "y": 0.2695254045222143, "zone": "wh_zone_2", "min_dist": 0.0}
{"t": 1784510266.7520502, "x": 8.429200699406552, "y": 0.2695254045222143, "zone": "wh_zone_2", "min_dist": 0.0}
{"t": 1784510266.912257, "x": 8.429200750517952, "y": 0.2695252259977729, "zone": "wh_zone_2", "min_dist": 0.0}
{"t": 1784510267.0721996, "x": 8.429202220587992, "y": 0.2695203559100987, "zone": "wh_zone_2", "min_dist": 0.0}
{"t": 1784510267.2326882, "x": 8.429205917963424, "y": 0.2695103608069707, "zone": "wh_zone_2", "min_dist": 0.0}
{"t": 1784510267.3932164, "x": 8.429220221877838, "y": 0.2694824450577686, "zone": "wh_zone_2", "min_dist": 0.0}
{"t": 1784510267.5532947, "x": 8.42941169997161, "y": 0.2691845408858315, "zone": "wh_zone_2", "min_dist": 0.0}
{"t": 1784510267.713304, "x": 8.429917167067563, "y": 0.26854635088270323, "zone": "wh_zone_2", "min_dist": 0.0}
{"t": 1784510267.8734503, "x": 8.430564189694921, "y": 0.2678685667572373, "zone": "wh_zone_2", "min_dist": 0.0}
{"t": 1784510268.033701, "x": 8.428173448726836, "y": 0.26965378364292025, "zone": "wh_zone_2", "min_dist": 0.0}
{"t": 1784510268.1861255, "x": 8.426414040925001, "y": 0.27093126149980495, "zone": "wh_zone_2", "min_dist": 0.0}
{"t": 1784510268.346364, "x": 8.42537271443548, "y": 0.27154278422391015, "zone": "wh_zone_2", "min_dist": 0.0}
{"t": 1784510268.4991508, "x": 8.4250446217189, "y": 0.2716996640978018, "zone": "wh_zone_2", "min_dist": 0.0}
{"t": 1784510268.6589565, "x": 8.425044912700836, "y": 0.27169956240433213, "zone": "wh_zone_2", "min_dist": 0.0}
{"t": 1784510268.8116693, "x": 8.42504519684153, "y": 0.2716994912594682, "zone": "wh_zone_2", "min_dist": 0.0}
{"t": 1784510268.971576, "x": 8.425045501347618, "y": 0.2716994438837626, "zone": "wh_zone_2", "min_dist": 0.0}
{"t": 1784510269.1474516, "x": 8.4250458397199, "y": 0.27169942481441084, "zone": "wh_zone_2", "min_dist": 0.0}
{"t": 1784510269.3077781, "x": 8.425046147568414, "y": 0.2716994376884425, "zone": "wh_zone_2", "min_dist": 0.0}
{"t": 1784510269.484333, "x": 8.425046483170615, "y": 0.27169948495585616, "zone": "wh_zone_2", "min_dist": 0.0}
{"t": 1784510269.636612, "x": 8.425046767815774, "y": 0.271699553330235, "zone": "wh_zone_2", "min_dist": 0.0}
{"t": 1784510269.797051, "x": 8.42504705964579, "y": 0.27169965228274007, "zone": "wh_zone_2", "min_dist": 0.0}
{"t": 1784510269.9572172, "x": 8.42504734096908, "y": 0.27169977805986395, "zone": "wh_zone_2", "min_dist": 0.0}
{"t": 1784510270.1176155, "x": 8.42504760932121, "y": 0.27169992956645284, "zone": "wh_zone_2", "min_dist": 0.0}
{"t": 1784510270.2701914, "x": 8.425047850100594, "y": 0.27170009612969026, "zone": "wh_zone_2", "min_dist": 0.0}
{"t": 1784510270.430233, "x": 8.42504808652355, "y": 0.27170029381480776, "zone": "wh_zone_2", "min_dist": 0.0}
{"t": 1784510270.590354, "x": 8.425048303445863, "y": 0.27170051272738904, "zone": "wh_zone_2", "min_dist": 0.0}
{"t": 1784510270.7506828, "x": 8.425048498966913, "y": 0.27170075095327106, "zone": "wh_zone_2", "min_dist": 0.0}
{"t": 1784510270.9031887, "x": 8.425048663326589, "y": 0.2717009932609007, "zone": "wh_zone_2", "min_dist": 0.0}
{"t": 1784510271.0553076, "x": 8.425048805524694, "y": 0.2717012492065231, "zone": "wh_zone_2", "min_dist": 0.0}
{"t": 1784510271.2154002, "x": 8.425048930031235, "y": 0.27170153113252865, "zone": "wh_zone_2", "min_dist": 0.0}
{"t": 1784510271.3757482, "x": 8.425049027646823, "y": 0.271701823461941, "zone": "wh_zone_2", "min_dist": 0.0}
{"t": 1784510271.5523543, "x": 8.42504910295121, "y": 0.27170215398473563, "zone": "wh_zone_2", "min_dist": 0.0}
{"t": 1784510271.7121475, "x": 8.425049141601358, "y": 0.27170245975161905, "zone": "wh_zone_2", "min_dist": 0.0}
{"t": 1784510271.8644733, "x": 8.425049151695678, "y": 0.2717027523786931, "zone": "wh_zone_2", "min_dist": 0.0}
{"t": 1784510272.0249088, "x": 8.425049134207061, "y": 0.2717030600830875, "zone": "wh_zone_2", "min_dist": 0.0}
{"t": 1784510272.1771195, "x": 8.425049091021025, "y": 0.2717033496828869, "zone": "wh_zone_2", "min_dist": 0.0}
{"t": 1784510272.329557, "x": 8.425049022288837, "y": 0.27170363430330097, "zone": "wh_zone_2", "min_dist": 0.0}
{"t": 1784510272.482004, "x": 8.425048928552785, "y": 0.2717039116972733, "zone": "wh_zone_2", "min_dist": 0.0}
{"t": 1784510272.6343553, "x": 8.425048810554024, "y": 0.2717041796707267, "zone": "wh_zone_2", "min_dist": 0.0}
{"t": 1784510272.8105612, "x": 8.425048644847568, "y": 0.2717044754075969, "zone": "wh_zone_2", "min_dist": 0.0}
{"t": 1784510272.986939, "x": 8.425048449623139, "y": 0.27170475254728976, "zone": "wh_zone_2", "min_dist": 0.0}
{"t": 1784510273.148324, "x": 8.425985872307999, "y": 0.2704986290384529, "zone": "wh_zone_2", "min_dist": 0.0}
{"t": 1784510273.3076217, "x": 8.435034854142936, "y": 0.2610369560110919, "zone": "wh_zone_2", "min_dist": 0.0}
{"t": 1784510273.4674735, "x": 8.443094212229408, "y": 0.253070183962986, "zone": "wh_zone_2", "min_dist": 0.0}
{"t": 1784510273.6284115, "x": 8.450551482960417, "y": 0.2461722134269994, "zone": "wh_zone_2", "min_dist": 0.0}
{"t": 1784510273.8825486, "x": 8.45525205144538, "y": 0.24150487158336295, "zone": "wh_zone_2", "min_dist": 0.0}
{"t": 1784510274.0366142, "x": 8.458464780279119, "y": 0.23866865123237063, "zone": "wh_zone_2", "min_dist": 0.0}
{"t": 1784510274.1890197, "x": 8.460944727432272, "y": 0.23672100010139313, "zone": "wh_zone_2", "min_dist": 0.0}
{"t": 1784510274.3410032, "x": 8.464654407027, "y": 0.23382183613369215, "zone": "wh_zone_2", "min_dist": 0.0}
{"t": 1784510274.5013514, "x": 8.467972952575545, "y": 0.23105153989056723, "zone": "wh_zone_2", "min_dist": 0.0}
{"t": 1784510274.6536162, "x": 8.469643068733465, "y": 0.22863677000124477, "zone": "wh_zone_2", "min_dist": 0.0}
{"t": 1784510274.8064191, "x": 8.466727038130854, "y": 0.22606347536243912, "zone": "wh_zone_2", "min_dist": 0.0}
{"t": 1784510274.966264, "x": 8.466636507636748, "y": 0.22503152700177367, "zone": "wh_zone_2", "min_dist": 0.0}
{"t": 1784510275.1263976, "x": 8.471404016177022, "y": 0.22437126424387624, "zone": "wh_zone_2", "min_dist": 0.0}
{"t": 1784510275.2865155, "x": 8.473180853417267, "y": 0.2262157535712606, "zone": "wh_zone_2", "min_dist": 0.0}
{"t": 1784510275.4393115, "x": 8.470634358162814, "y": 0.22717966779951612, "zone": "wh_zone_2", "min_dist": 0.0}
{"t": 1784510275.5913982, "x": 8.470032737331566, "y": 0.21328198202909956, "zone": "wh_zone_2", "min_dist": 0.0}
{"t": 1784510275.743526, "x": 8.456014475985846, "y": 0.1841251021008288, "zone": "wh_zone_2", "min_dist": 0.0}
{"t": 1784510275.90496, "x": 8.427977114012261, "y": 0.15446158491363599, "zone": "wh_zone_2", "min_dist": 0.0}
{"t": 1784510276.0646126, "x": 8.404321065579797, "y": 0.17303081507408682, "zone": "wh_zone_2", "min_dist": 0.0}
{"t": 1784510276.224791, "x": 8.386041577422999, "y": 0.1872571013636159, "zone": "wh_zone_2", "min_dist": 0.0}
{"t": 1784510276.3848836, "x": 8.381233318375505, "y": 0.18856393023053947, "zone": "wh_zone_2", "min_dist": 0.0}
{"t": 1784510276.5453842, "x": 8.376710150073894, "y": 0.18914162044621974, "zone": "wh_zone_2", "min_dist": 0.0}
{"t": 1784510276.705813, "x": 8.376474709769216, "y": 0.1892487800221435, "zone": "wh_zone_2", "min_dist": 0.0}
{"t": 1784510276.8814287, "x": 8.376282185672702, "y": 0.1893942688501963, "zone": "wh_zone_2", "min_dist": 0.0}
{"t": 1784510277.0420089, "x": 8.376023200082304, "y": 0.1895901427695383, "zone": "wh_zone_2", "min_dist": 0.0}
{"t": 1784510277.194377, "x": 8.375766857724111, "y": 0.18973017531658748, "zone": "wh_zone_2", "min_dist": 0.0}
{"t": 1784510277.3545277, "x": 8.375765734420636, "y": 0.18973097962918598, "zone": "wh_zone_2", "min_dist": 0.0}
{"t": 1784510277.5151072, "x": 8.375763368680975, "y": 0.18973272248261083, "zone": "wh_zone_2", "min_dist": 0.0}
{"t": 1784510277.6671028, "x": 8.373729363259041, "y": 0.19058168829757036, "zone": "wh_zone_2", "min_dist": 0.0}
{"t": 1784510277.843766, "x": 8.371528942813994, "y": 0.1914439099183426, "zone": "wh_zone_2", "min_dist": 0.0}
{"t": 1784510278.0042083, "x": 8.370531937983445, "y": 0.1921806070022082, "zone": "wh_zone_2", "min_dist": 0.0}
{"t": 1784510278.1642506, "x": 8.369688152974634, "y": 0.19282675149490952, "zone": "wh_zone_2", "min_dist": 0.0}
{"t": 1784510278.3244312, "x": 8.36956252749857, "y": 0.1929235135785784, "zone": "wh_zone_2", "min_dist": 0.0}
{"t": 1784510278.4846346, "x": 8.369562527441175, "y": 0.1929235136212685, "zone": "wh_zone_2", "min_dist": 0.0}
{"t": 1784510278.6610527, "x": 8.369562527434281, "y": 0.19292351362529353, "zone": "wh_zone_2", "min_dist": 0.0}
{"t": 1784510278.8214219, "x": 8.36956252745378, "y": 0.19292351360936255, "zone": "wh_zone_2", "min_dist": 0.0}
{"t": 1784510278.9736996, "x": 8.369562527479157, "y": 0.19292351358917534, "zone": "wh_zone_2", "min_dist": 0.0}
{"t": 1784510279.1336355, "x": 8.369562955761545, "y": 0.19292315554545547, "zone": "wh_zone_2", "min_dist": 0.0}
{"t": 1784510279.2945065, "x": 8.36919832577589, "y": 0.19178285735466433, "zone": "wh_zone_2", "min_dist": 0.0}
{"t": 1784510279.4548247, "x": 8.366735098929011, "y": 0.18748728261380038, "zone": "wh_zone_2", "min_dist": 0.0}
{"t": 1784510279.607605, "x": 8.36442520957319, "y": 0.1834656325671629, "zone": "wh_zone_2", "min_dist": 0.0}
{"t": 1784510279.7673755, "x": 8.362013097833438, "y": 0.17926518685909879, "zone": "wh_zone_2", "min_dist": 0.0}
{"t": 1784510279.9274836, "x": 8.359616819959921, "y": 0.1750887187721006, "zone": "wh_zone_2", "min_dist": 0.0}
{"t": 1784510280.087804, "x": 8.357234029090634, "y": 0.17093082457536843, "zone": "wh_zone_2", "min_dist": 0.0}
{"t": 1784510280.2482986, "x": 8.354862934682101, "y": 0.16678748350096734, "zone": "wh_zone_2", "min_dist": 0.0}
{"t": 1784510280.4084468, "x": 8.352666307799637, "y": 0.16267974506179067, "zone": "wh_zone_2", "min_dist": 0.0}
{"t": 1784510280.5684795, "x": 8.348014854135942, "y": 0.16396926631514164, "zone": "wh_zone_2", "min_dist": 0.0}
{"t": 1784510280.7285936, "x": 8.341221321305742, "y": 0.16847606011165037, "zone": "wh_zone_2", "min_dist": 0.0}
{"t": 1784510280.9053276, "x": 8.342212629837261, "y": 0.16809915941485337, "zone": "wh_zone_2", "min_dist": 0.0}
{"t": 1784510281.0576994, "x": 8.337809761668895, "y": 0.16125993672290317, "zone": "wh_zone_2", "min_dist": 0.0}
{"t": 1784510281.2096806, "x": 8.331443281665354, "y": 0.1547168538356246, "zone": "wh_zone_2", "min_dist": 0.0}
{"t": 1784510281.3700027, "x": 8.329684119376735, "y": 0.14979491459195743, "zone": "wh_zone_2", "min_dist": 0.0}
{"t": 1784510281.5224924, "x": 8.332955629703534, "y": 0.1478925606364852, "zone": "wh_zone_2", "min_dist": 0.0}
{"t": 1784510281.6827936, "x": 8.332988480697004, "y": 0.14786470698747892, "zone": "wh_zone_2", "min_dist": 0.0}
{"t": 1784510281.8427758, "x": 8.332607456724945, "y": 0.14794465356359823, "zone": "wh_zone_2", "min_dist": 0.0}
{"t": 1784510282.0032651, "x": 8.332099464809, "y": 0.14797597205020513, "zone": "wh_zone_2", "min_dist": 0.0}
{"t": 1784510282.1636052, "x": 8.332870538197458, "y": 0.14807731951143036, "zone": "wh_zone_2", "min_dist": 0.0}
{"t": 1784510282.3235168, "x": 8.336341831264688, "y": 0.14898447609737792, "zone": "wh_zone_2", "min_dist": 0.0}
{"t": 1784510282.4839368, "x": 8.339381411443263, "y": 0.15013408777125006, "zone": "wh_zone_2", "min_dist": 0.0}
{"t": 1784510282.64401, "x": 8.340623147109273, "y": 0.15078864624572663, "zone": "wh_zone_2", "min_dist": 0.0}
{"t": 1784510282.8044007, "x": 8.340455046642248, "y": 0.1506749977410615, "zone": "wh_zone_2", "min_dist": 0.0}
{"t": 1784510282.957016, "x": 8.340454455947746, "y": 0.15067446890760886, "zone": "wh_zone_2", "min_dist": 0.0}
{"t": 1784510283.1174684, "x": 8.340454451084177, "y": 0.15067446489639744, "zone": "wh_zone_2", "min_dist": 0.0}
{"t": 1784510283.2695572, "x": 8.3404544555967, "y": 0.1506744684718964, "zone": "wh_zone_2", "min_dist": 0.0}
{"t": 1784510283.429652, "x": 8.340454463583482, "y": 0.15067447492528818, "zone": "wh_zone_2", "min_dist": 0.0}
{"t": 1784510283.5820563, "x": 8.340465024221256, "y": 0.15068301314761323, "zone": "wh_zone_2", "min_dist": 0.0}
{"t": 1784510283.742595, "x": 8.340465024003315, "y": 0.15068301296721534, "zone": "wh_zone_2", "min_dist": 0.0}
{"t": 1784510283.9022045, "x": 8.340465023906352, "y": 0.1506830128868828, "zone": "wh_zone_2", "min_dist": 0.0}
{"t": 1784510284.0547638, "x": 8.34046502382818, "y": 0.1506830128221212, "zone": "wh_zone_2", "min_dist": 0.0}
{"t": 1784510284.2067626, "x": 8.34046502376681, "y": 0.1506830127713558, "zone": "wh_zone_2", "min_dist": 0.0}
{"t": 1784510284.359159, "x": 8.340465023734902, "y": 0.1506830127450356, "zone": "wh_zone_2", "min_dist": 0.0}
{"t": 1784510284.5115151, "x": 8.34046502370682, "y": 0.15068301272195905, "zone": "wh_zone_2", "min_dist": 0.0}
{"t": 1784510284.6720908, "x": 8.340465023694591, "y": 0.1506830127119518, "zone": "wh_zone_2", "min_dist": 0.0}
{"t": 1784510284.824123, "x": 8.34046502367193, "y": 0.150683012693497, "zone": "wh_zone_2", "min_dist": 0.0}
{"t": 1784510285.0005257, "x": 8.340465023661604, "y": 0.15068301268514037, "zone": "wh_zone_2", "min_dist": 0.0}
{"t": 1784510285.1608267, "x": 8.340465023651914, "y": 0.15068301267733392, "zone": "wh_zone_2", "min_dist": 0.0}
{"t": 1784510285.3130586, "x": 8.340465023651914, "y": 0.15068301267733392, "zone": "wh_zone_2", "min_dist": 0.0}
{"t": 1784510285.4735773, "x": 8.340465023642842, "y": 0.15068301267005685, "zone": "wh_zone_2", "min_dist": 0.0}
{"t": 1784510285.6334147, "x": 8.340465023642842, "y": 0.15068301267005685, "zone": "wh_zone_2", "min_dist": 0.0}
{"t": 1784510285.7934973, "x": 8.340465023633874, "y": 0.1506830126628808, "zone": "wh_zone_2", "min_dist": 0.0}
{"t": 1784510285.95383, "x": 8.340465023633874, "y": 0.1506830126628808, "zone": "wh_zone_2", "min_dist": 0.0}
{"t": 1784510286.1144125, "x": 8.340465023633874, "y": 0.1506830126628808, "zone": "wh_zone_2", "min_dist": 0.0}
{"t": 1784510286.2903047, "x": 8.340465023633874, "y": 0.1506830126628808, "zone": "wh_zone_2", "min_dist": 0.0}
{"t": 1784510286.4673345, "x": 8.340465023625166, "y": 0.15068301265591474, "zone": "wh_zone_2", "min_dist": 0.0}
{"t": 1784510286.6193814, "x": 8.340465023625166, "y": 0.15068301265591474, "zone": "wh_zone_2", "min_dist": 0.0}
{"t": 1784510286.7794256, "x": 8.340465023625166, "y": 0.15068301265591474, "zone": "wh_zone_2", "min_dist": 0.0}
{"t": 1784510286.9556231, "x": 8.340465023625166, "y": 0.15068301265591474, "zone": "wh_zone_2", "min_dist": 0.0}
{"t": 1784510287.1318758, "x": 8.340465023625166, "y": 0.15068301265591474, "zone": "wh_zone_2", "min_dist": 0.0}
{"t": 1784510287.2841437, "x": 8.340465023625166, "y": 0.15068301265591474, "zone": "wh_zone_2", "min_dist": 0.0}
{"t": 1784510287.4441645, "x": 8.340465023625166, "y": 0.15068301265591474, "zone": "wh_zone_2", "min_dist": 0.0}
{"t": 1784510287.5964987, "x": 8.340465023625166, "y": 0.15068301265591474, "zone": "wh_zone_2", "min_dist": 0.0}
{"t": 1784510287.756991, "x": 8.340465023625166, "y": 0.15068301265591474, "zone": "wh_zone_2", "min_dist": 0.0}
{"t": 1784510287.909338, "x": 8.340465023625166, "y": 0.15068301265591474, "zone": "wh_zone_2", "min_dist": 0.0}
{"t": 1784510288.0698695, "x": 8.340465023625166, "y": 0.15068301265591474, "zone": "wh_zone_2", "min_dist": 0.0}
