{"t": 1784509955.728249, "x": -1.3904901979274973e-11, "y": -1.3617504551825863e-13, "zone": null, "min_dist": 1.6401219466940427}
{"t": 1784509955.8882976, "x": -1.3904901979274973e-11, "y": -1.3617504551825863e-13, "zone": null, "min_dist": 1.6401219466940427}
{"t": 1784509956.0404131, "x": -1.3904901979274973e-11, "y": -1.3617504551825863e-13, "zone": null, "min_dist": 1.6401219466940427}
{"t": 1784509956.1939754, "x": -1.3904901979274973e-11, "y": -1.3617504551825863e-13, "zone": null, "min_dist": 1.6401219466940427}
{"t": 1784509956.3531516, "x": -1.3904901979274973e-11, "y": -1.3617504551825863e-13, "zone": null, "min_dist": 1.6401219466940427}
{"t": 1784509956.5141497, "x": -1.3904901979274973e-11, "y": -1.3617504551825863e-13, "zone": null, "min_dist": 1.6401219466940427}
{"t": 1784509956.673988, "x": -1.3904901979274973e-11, "y": -1.3617504551825863e-13, "zone": null, "min_dist": 1.6401219466940427}
{"t": 1784509956.8343327, "x": -1.3904901979274973e-11, "y": -1.3617504551825863e-13, "zone": null, "min_dist": 1.6401219466940427}
{"t": 1784509956.9865134, "x": -1.3904901979274973e-11, "y": -1.3617504551825863e-13, "zone": null, "min_dist": 1.6401219466940427}
{"t": 1784509957.1469555, "x": -1.3904901979274973e-11, "y": -1.3617504551825863e-13, "zone": null, "min_dist": 1.6401219466940427}
{"t": 1784509957.299113, "x": -1.3904901979274973e-11, "y": -1.3617504551825863e-13, "zone": null, "min_dist": 1.6401219466940427}
{"t": 1784509957.475818, "x": -1.3904901979274973e-11, "y": -1.3617504551825863e-13, "zone": null, "min_dist": 1.6401219466940427}
{"t": 1784509957.6360462, "x": -1.3904901979274973e-11, "y": -1.3617504551825863e-13, "zone": null, "min_dist": 1.6401219466940427}
{"t": 1784509957.7963269, "x": -1.3904901979274973e-11, "y": -1.3617504551825863e-13, "zone": null, "min_dist": 1.6401219466940427}
{"t": 1784509957.9567127, "x": 0.010684247389042629, "y": -9.016300409659222e-05, "zone": null, "min_dist": 1.6335578479756698}
{"t": 1784509958.1165645, "x": 0.04216793033521041, "y": -0.0005409731570127144, "zone": null, "min_dist": 1.614322159955087}
{"t": 1784509958.2767887, "x": 0.07563645017348285, "y": -0.0010212230440368255, "zone": null, "min_dist": 1.5943004218872585}
{"t": 1784509958.437401, "x": 0.10926152825755094, "y": -0.001503719277433245, "zone": null, "min_dist": 1.5746452349949853}
{"t": 1784509958.5980785, "x": 0.14315463893215108, "y": -0.001990061371197253, "zone": null, "min_dist": 1.555317901125889}
{"t": 1784509958.7497785, "x": 0.17585349789814136, "y": -0.002459266715326678, "zone": null, "min_dist": 1.5371497687147002}
{"t": 1784509958.9023678, "x": 0.2065081163741908, "y": -0.0028991392238681096, "zone": null, "min_dist": 1.5205591117763941}
{"t": 1784509959.0623097, "x": 0.24022581823852668, "y": -0.0033829644539787357, "zone": null, "min_dist": 1.5028215277069559}
{"t": 1784509959.222498, "x": 0.2741861114257893, "y": -0.0038702705934865558, "zone": null, "min_dist": 1.4855160976235224}
{"t": 1784509959.3826168, "x": 0.3082423048754615, "y": -0.004358952831362279, "zone": null, "min_dist": 1.468745870418793}
{"t": 1784509959.5349476, "x": 0.3400977316894997, "y": -0.004816055697509806, "zone": null, "min_dist": 1.4536067051648804}
{"t": 1784509959.6871452, "x": 0.37176882288188473, "y": -0.005232400656090953, "zone": null, "min_dist": 1.4391308308190756}
{"t": 1784509959.847402, "x": 0.40586359278712175, "y": -0.0051250120024094944, "zone": null, "min_dist": 1.4246751576824757}
{"t": 1784509960.007453, "x": 0.4399216915261519, "y": -0.004277453050494776, "zone": null, "min_dist": 1.4115893986199528}
{"t": 1784509960.1600778, "x": 0.47285164717932054, "y": -0.0032871830264025017, "zone": null, "min_dist": 1.3997676648591215}
{"t": 1784509960.4140537, "x": 0.5050409135393246, "y": -0.002319188052729387, "zone": null, "min_dist": 1.3888700396243394}
{"t": 1784509960.5765324, "x": 0.5601350474230249, "y": -0.0006623974732127164, "zone": null, "min_dist": 1.3717723505908712}
{"t": 1784509960.7472801, "x": 0.5953125881979041, "y": 0.00039546112909740806, "zone": null, "min_dist": 1.3611553396746936}
{"t": 1784509960.9065018, "x": 0.6288046363647735, "y": 0.0014026335102786628, "zone": null, "min_dist": 1.350607684799079}
{"t": 1784509961.0664353, "x": 0.6628456687200085, "y": 0.0024263151460634826, "zone": null, "min_dist": 1.3406604755590736}
{"t": 1784509961.2265494, "x": 0.6968867011920042, "y": 0.0034499967848376145, "zone": null, "min_dist": 1.3315102638551095}
{"t": 1784509961.3868968, "x": 0.7312342112350998, "y": 0.004482894944121294, "zone": null, "min_dist": 1.3231022706891495}
{"t": 1784509961.5472858, "x": 0.7638290710347763, "y": 0.0054630868293132325, "zone": null, "min_dist": 1.3159036922395904}
{"t": 1784509961.7240756, "x": 0.8014171314647579, "y": 0.006593434709417573, "zone": null, "min_dist": 1.3085624550675703}
{"t": 1784509961.883944, "x": 0.8358572311622846, "y": 0.007629117254334725, "zone": null, "min_dist": 1.3027529877649568}
{"t": 1784509962.04442, "x": 0.8704538018145191, "y": 0.008669505212523736, "zone": null, "min_dist": 1.2978122607805724}
{"t": 1784509962.1964355, "x": 0.9011903132412591, "y": 0.009593812866464118, "zone": null, "min_dist": 1.2941837126118805}
{"t": 1784509962.356815, "x": 0.9358254233029913, "y": 0.010635359743432025, "zone": null, "min_dist": 1.2909607088669233}
{"t": 1784509962.5172882, "x": 0.9707603982335452, "y": 0.011685924311573975, "zone": null, "min_dist": 1.288645844259929}
{"t": 1784509962.6774828, "x": 1.0049259749752169, "y": 0.012713351275379623, "zone": null, "min_dist": 1.2872866487246204}
{"t": 1784509962.8376415, "x": 1.0384369008238983, "y": 0.013721091449093102, "zone": null, "min_dist": 1.286278908550907}
{"t": 1784509962.9977233, "x": 1.0717757551740046, "y": 0.014723656939053097, "zone": null, "min_dist": 1.2852763430609468}
{"t": 1784509963.1580114, "x": 1.1058167875496179, "y": 0.015747338575489593, "zone": null, "min_dist": 1.2842526614245104}
{"t": 1784509963.414982, "x": 1.1397619842961797, "y": 0.01676813825385127, "zone": null, "min_dist": 1.2832318617461487}
{"t": 1784509963.574404, "x": 1.1921391181192162, "y": 0.018343222325484895, "zone": null, "min_dist": 1.2816567776745151}
{"t": 1784509963.7344615, "x": 1.2267356885271723, "y": 0.019383610276343086, "zone": null, "min_dist": 1.2806163897236569}
{"t": 1784509963.8949504, "x": 1.2610577670776846, "y": 0.02041574359297674, "zone": null, "min_dist": 1.2795842564070232}
{"t": 1784509964.0554767, "x": 1.294198334074126, "y": 0.021412346225196454, "zone": null, "min_dist": 1.2785876537748035}
{"t": 1784509964.2077913, "x": 1.3261483424503393, "y": 0.022373146445478123, "zone": null, "min_dist": 1.2776268535545219}
{"t": 1784509964.3597722, "x": 1.3584301700972023, "y": 0.02334392527368486, "zone": null, "min_dist": 1.2766560747263151}
{"t": 1784509964.512439, "x": 1.390740706329699, "y": 0.0243155674660784, "zone": null, "min_dist": 1.2756844325339216}
{"t": 1784509964.6882796, "x": 1.426451721040997, "y": 0.025389468268908894, "zone": null, "min_dist": 1.2746105317310912}
{"t": 1784509964.8487897, "x": 1.4590465806457258, "y": 0.026369660148546185, "zone": null, "min_dist": 1.273630339851454}
{"t": 1784509965.0092332, "x": 1.4932089110900273, "y": 0.027396989529204684, "zone": null, "min_dist": 1.2726030104707953}
{"t": 1784509965.1694531, "x": 1.5268829515226356, "y": 0.028409634867174377, "zone": null, "min_dist": 1.2715903651328258}
{"t": 1784509965.345535, "x": 1.5638547796627134, "y": 0.029521451189993393, "zone": null, "min_dist": 1.2704785488100065}
{"t": 1784509965.4977386, "x": 1.5956990004321483, "y": 0.03047907019912828, "zone": null, "min_dist": 1.2695209298008718}
{"t": 1784509965.65021, "x": 1.6289706062497074, "y": 0.03147961391847725, "zone": null, "min_dist": 1.2685203860815228}
{"t": 1784509965.8107526, "x": 1.664058744081422, "y": 0.03253478444003803, "zone": null, "min_dist": 1.267465215559962}
{"t": 1784509965.9707112, "x": 1.6981117406086976, "y": 0.033558825935908435, "zone": null, "min_dist": 1.2664411740640915}
{"t": 1784509966.1313996, "x": 1.730321090615739, "y": 0.03452742465315674, "zone": null, "min_dist": 1.2654725753468432}
{"t": 1784509966.2830472, "x": 1.7608824299303103, "y": 0.03544646445277415, "zone": null, "min_dist": 1.264553535547226}
{"t": 1784509966.4352834, "x": 1.7923376871755712, "y": 0.03639238640418238, "zone": null, "min_dist": 1.2636076135958176}
{"t": 1784509966.6115983, "x": 1.8283864813026947, "y": 0.03746407461623698, "zone": null, "min_dist": 1.2625359253837631}
{"t": 1784509966.7636497, "x": 1.8617216398716157, "y": 0.038039006262899154, "zone": null, "min_dist": 1.2619609937371008}
{"t": 1784509966.9242554, "x": 1.8968243712239021, "y": 0.038334329741008547, "zone": null, "min_dist": 1.2616656702589915}
{"t": 1784509967.0765667, "x": 1.9301672571409654, "y": 0.038614376991914175, "zone": null, "min_dist": 1.2613856230080858}
{"t": 1784509967.2284136, "x": 1.9627622560102713, "y": 0.03888814256145174, "zone": null, "min_dist": 1.2611118574385483}
{"t": 1784509967.3807993, "x": 1.9951722401756238, "y": 0.0391603542471548, "zone": null, "min_dist": 1.2608396457528452}
{"t": 1784509967.5410886, "x": 2.02840373057261, "y": 0.03943946540283898, "zone": null, "min_dist": 1.260560534597161}
{"t": 1784509967.7014437, "x": 2.0624269515556457, "y": 0.03972522659855467, "zone": null, "min_dist": 1.2602747734014454}
{"t": 1784509967.8621123, "x": 2.0964788930622995, "y": 0.04001122905831275, "zone": null, "min_dist": 1.2599887709416873}
{"t": 1784509968.0147216, "x": 2.1272028623772594, "y": 0.040269279339936105, "zone": null, "min_dist": 1.2597307206600639}
{"t": 1784509968.174678, "x": 2.1595334774913058, "y": 0.04054082380962797, "zone": null, "min_dist": 1.2594591761903722}
{"t": 1784509968.3349426, "x": 2.1939878751074247, "y": 0.04083020661185085, "zone": null, "min_dist": 1.2591697933881492}
{"t": 1784509968.4950159, "x": 2.228506236323403, "y": 0.041120126653611797, "zone": null, "min_dist": 1.2588798733463882}
{"t": 1784509968.655408, "x": 2.2609262357746855, "y": 0.041392421926586126, "zone": null, "min_dist": 1.2586075780734138}
{"t": 1784509968.8156168, "x": 2.2953552780652355, "y": 0.041681591731694535, "zone": null, "min_dist": 1.2583184082683054}
{"t": 1784509968.9757378, "x": 2.3299662087518773, "y": 0.04197228927571963, "zone": null, "min_dist": 1.2580277107242803}
{"t": 1784509969.1281495, "x": 2.3624500535218536, "y": 0.042245121276330934, "zone": null, "min_dist": 1.2577548787236692}
{"t": 1784509969.2806787, "x": 2.3944002644633895, "y": 0.04251347119549083, "zone": null, "min_dist": 1.2574865288045092}
{"t": 1784509969.4405746, "x": 2.4275357581740096, "y": 0.04279177605414799, "zone": null, "min_dist": 1.257208223945852}
{"t": 1784509969.6010046, "x": 2.461590977964366, "y": 0.04307780601904818, "zone": null, "min_dist": 1.2569221939809518}
{"t": 1784509969.7610672, "x": 2.4956749183096356, "y": 0.043364077247860816, "zone": null, "min_dist": 1.2566359227521393}
{"t": 1784509969.921889, "x": 2.528066197225158, "y": 0.04363613125958461, "zone": null, "min_dist": 1.2563638687404155}
{"t": 1784509970.0740473, "x": 2.5587295027209063, "y": 0.0438936719982972, "zone": null, "min_dist": 1.2561063280017029}
{"t": 1784509970.2343142, "x": 2.5931519014717264, "y": 0.044182786031856755, "zone": null, "min_dist": 1.2558172139681434}
{"t": 1784509970.38655, "x": 2.626095581315538, "y": 0.044459480357795636, "zone": null, "min_dist": 1.2555405196422045}
{"t": 1784509970.546723, "x": 2.6586082090976033, "y": 0.04473255364318614, "zone": null, "min_dist": 1.2552674463568139}
{"t": 1784509970.7069478, "x": 2.692235564614276, "y": 0.045014989814018094, "zone": null, "min_dist": 1.2549850101859819}
{"t": 1784509970.867467, "x": 2.7267858657653234, "y": 0.04530517811134305, "zone": null, "min_dist": 1.2546948218886569}
{"t": 1784509971.0274456, "x": 2.760965681738521, "y": 0.04559225459043155, "zone": null, "min_dist": 1.2544077454095686}
{"t": 1784509971.1797013, "x": 2.7929158926589275, "y": 0.04586060450937831, "zone": null, "min_dist": 1.2541393954906217}
{"t": 1784509971.339458, "x": 2.8271629258549686, "y": 0.04614824553333418, "zone": null, "min_dist": 1.2538517544666659}
{"t": 1784509971.4998095, "x": 2.859854163533743, "y": 0.046422819055173176, "zone": null, "min_dist": 1.2535771809448268}
{"t": 1784509971.6604068, "x": 2.889734553479661, "y": 0.046673783498381624, "zone": null, "min_dist": 1.2533262165016184}
{"t": 1784509971.8129253, "x": 2.917879044093242, "y": 0.04689787168584475, "zone": null, "min_dist": 1.2531021283141552}
{"t": 1784509971.9731812, "x": 2.951475763450105, "y": 0.046981966971926026, "zone": null, "min_dist": 1.253018033028074}
{"t": 1784509972.1333945, "x": 2.985931354265111, "y": 0.047055050171622016, "zone": null, "min_dist": 1.252944949828378}
{"t": 1784509972.2858996, "x": 3.0178924554695112, "y": 0.04712284211113251, "zone": null, "min_dist": 1.2528771578888676}
{"t": 1784509972.446213, "x": 3.051756980121698, "y": 0.04719467153473643, "zone": null, "min_dist": 1.2528053284652636}
{"t": 1784509972.5986993, "x": 3.0842738695352283, "y": 0.047263642544070734, "zone": null, "min_dist": 1.2527363574559294}
{"t": 1784509972.7587926, "x": 3.118704017801907, "y": 0.04733667179550094, "zone": null, "min_dist": 1.2526633282044992}
{"t": 1784509972.9350545, "x": 3.1550155154365305, "y": 0.04741369109918318, "zone": null, "min_dist": 1.252586308900817}
{"t": 1784509973.095289, "x": 3.1892858438575473, "y": 0.04748638136853649, "zone": null, "min_dist": 1.2525136186314636}
{"t": 1784509973.2556775, "x": 3.223099572576803, "y": 0.047558102961123935, "zone": null, "min_dist": 1.2524418970388762}
{"t": 1784509973.4157686, "x": 3.2560410901792176, "y": 0.04762797430954751, "zone": null, "min_dist": 1.2523720256904525}
{"t": 1784509973.5762653, "x": 3.2904359942157706, "y": 0.047700928836481894, "zone": null, "min_dist": 1.2522990711635182}
{"t": 1784509973.7368214, "x": 3.32452764478179, "y": 0.047773240020404034, "zone": null, "min_dist": 1.252226759979596}
{"t": 1784509973.9123595, "x": 3.3612129461996414, "y": 0.04785105228128741, "zone": null, "min_dist": 1.2521489477187127}
{"t": 1784509974.0728796, "x": 3.395109442995816, "y": 0.04792294952450733, "zone": null, "min_dist": 1.2520770504754928}
{"t": 1784509974.2333233, "x": 3.4292010935473485, "y": 0.04799526070836608, "zone": null, "min_dist": 1.252004739291634}
{"t": 1784509974.3934965, "x": 3.462181140235492, "y": 0.04806521372720432, "zone": null, "min_dist": 1.2519347862727956}
{"t": 1784509974.5536244, "x": 3.496358837347994, "y": 0.04813770748801646, "zone": null, "min_dist": 1.2518622925119836}
{"t": 1784509974.714069, "x": 3.530878338486695, "y": 0.04821092632289167, "zone": null, "min_dist": 1.2517890736771085}
{"t": 1784509974.8742123, "x": 3.564321541884158, "y": 0.04828186188124856, "zone": null, "min_dist": 1.2517181381187514}
{"t": 1784509975.0266175, "x": 3.5963654113263197, "y": 0.048349829501850614, "zone": null, "min_dist": 1.2516501704981495}
{"t": 1784509975.186756, "x": 3.6304570618775585, "y": 0.048422140685688744, "zone": null, "min_dist": 1.2515778593143112}
{"t": 1784509975.347126, "x": 3.6647945788453784, "y": 0.04849497342974288, "zone": null, "min_dist": 1.2515050265702572}
{"t": 1784509975.5076344, "x": 3.698291856738821, "y": 0.048566023746654856, "zone": null, "min_dist": 1.2514339762533453}
{"t": 1784509975.6675417, "x": 3.732903989254028, "y": 0.04863943909014112, "zone": null, "min_dist": 1.251360560909859}
{"t": 1784509975.8437006, "x": 3.769959816057108, "y": 0.04871803738520359, "zone": null, "min_dist": 1.2512819626147964}
{"t": 1784509976.0038998, "x": 3.8036390781442257, "y": 0.04878947380644832, "zone": null, "min_dist": 1.2512105261935518}
{"t": 1784509976.164189, "x": 3.8378839947555656, "y": 0.048862110122037346, "zone": null, "min_dist": 1.2511378898779626}
{"t": 1784509976.4199753, "x": 3.8750611432519957, "y": 0.04894096581094026, "zone": null, "min_dist": 1.2510590341890597}
{"t": 1784509976.572666, "x": 3.9228622713245596, "y": 0.049042355428111514, "zone": null, "min_dist": 1.2509576445718886}
{"t": 1784509976.7332509, "x": 3.955842345745816, "y": 0.04911230851151768, "zone": null, "min_dist": 1.2508876914884823}
{"t": 1784509976.893752, "x": 3.9901126740828685, "y": 0.04918499878056155, "zone": null, "min_dist": 1.2508150012194386}
{"t": 1784509977.045826, "x": 4.019377630863129, "y": 0.04924707132107683, "zone": null, "min_dist": 1.2507529286789232}
{"t": 1784509977.2062943, "x": 4.049693532479203, "y": 0.049311372860061674, "zone": null, "min_dist": 1.2506886271399384}
{"t": 1784509977.358515, "x": 4.080643504834329, "y": 0.049253875624506754, "zone": null, "min_dist": 1.2507461243754934}
{"t": 1784509977.5106988, "x": 4.112344789864781, "y": 0.04947483032447624, "zone": null, "min_dist": 1.2505251696755237}
{"t": 1784509977.6635268, "x": 4.144633409332665, "y": 0.05001938235031543, "zone": null, "min_dist": 1.2499806176496846}
{"t": 1784509977.82323, "x": 4.178439042918416, "y": 0.05059107729897686, "zone": null, "min_dist": 1.2494089227010232}
{"t": 1784509977.9995656, "x": 4.214282456932453, "y": 0.05119723314374044, "zone": null, "min_dist": 1.2488027668562596}
{"t": 1784509978.1522331, "x": 4.24546284078493, "y": 0.051724531464285586, "zone": null, "min_dist": 1.2482754685357145}
{"t": 1784509978.312547, "x": 4.278623483007767, "y": 0.05228531844639628, "zone": null, "min_dist": 1.2477146815536038}
{"t": 1784509978.4646597, "x": 4.310886569220585, "y": 0.05283092688395209, "zone": null, "min_dist": 1.2471690731160479}
{"t": 1784509978.6173697, "x": 4.343175125949358, "y": 0.053376966135057005, "zone": null, "min_dist": 1.246623033864943}
{"t": 1784509978.7772696, "x": 4.37719799170166, "y": 0.053952334650511476, "zone": null, "min_dist": 1.2460476653494885}
{"t": 1784509978.937856, "x": 4.410266043701168, "y": 0.054511555781717735, "zone": null, "min_dist": 1.2454884442182823}
{"t": 1784509979.0892026, "x": 4.442864419762465, "y": 0.05506283454799204, "zone": null, "min_dist": 1.244937165452008}
{"t": 1784509979.2494228, "x": 4.477471681804746, "y": 0.055648086116844596, "zone": null, "min_dist": 1.2443519138831554}
{"t": 1784509979.4103253, "x": 4.510632324339636, "y": 0.05620887309220843, "zone": null, "min_dist": 1.2437911269077917}
{"t": 1784509979.5704849, "x": 4.544588011168632, "y": 0.05678310555315682, "zone": null, "min_dist": 1.2432168944468431}
{"t": 1784509979.7303252, "x": 4.578518286424802, "y": 0.05735690822850452, "zone": null, "min_dist": 1.2426430917714955}
{"t": 1784509979.883882, "x": 4.610998604898179, "y": 0.05790619039837208, "zone": null, "min_dist": 1.242093809601628}
{"t": 1784509980.043316, "x": 4.644427268286816, "y": 0.0584715101006369, "zone": null, "min_dist": 1.241528489899363}
{"t": 1784509980.2031672, "x": 4.678606712181376, "y": 0.05904952657837795, "zone": null, "min_dist": 1.2409504734216221}
{"t": 1784509980.355537, "x": 4.710192842925019, "y": 0.05958368665982314, "zone": null, "min_dist": 1.2404163133401769}
{"t": 1784509980.5157778, "x": 4.744241148052889, "y": 0.06015948544011327, "zone": null, "min_dist": 1.2398405145598868}
{"t": 1784509980.6763985, "x": 4.778264013828126, "y": 0.06073485395603515, "zone": null, "min_dist": 1.239265146043965}
{"t": 1784509980.8285532, "x": 4.808831426611941, "y": 0.06125178598460885, "zone": null, "min_dist": 1.2387482140153911}
{"t": 1784509980.9887383, "x": 4.843189495319815, "y": 0.06183282331877573, "zone": null, "min_dist": 1.2381671766812243}
{"t": 1784509981.1413245, "x": 4.876129627261541, "y": 0.062389881677466834, "zone": null, "min_dist": 1.2376101183225332}
{"t": 1784509981.301413, "x": 4.909197651475003, "y": 0.06294910233317555, "zone": null, "min_dist": 1.2370508976668244}
{"t": 1784509981.4619763, "x": 4.943278199205813, "y": 0.06351448293143734, "zone": null, "min_dist": 1.2364855170685627}
{"t": 1784509981.6222985, "x": 4.977156575045619, "y": 0.06361046933752286, "zone": null, "min_dist": 1.2363895306624773}
{"t": 1784509981.78256, "x": 5.011308917303692, "y": 0.06341404363151319, "zone": null, "min_dist": 1.236585956368487}
{"t": 1784509981.9590862, "x": 5.0478912287283, "y": 0.06320356374942658, "zone": null, "min_dist": 1.2367964362505734}
{"t": 1784509982.111088, "x": 5.080592913167592, "y": 0.06301541180055499, "zone": null, "min_dist": 1.236984588199445}
{"t": 1784509982.271388, "x": 5.114035638224605, "y": 0.06282299594876341, "zone": null, "min_dist": 1.2371770040512367}
{"t": 1784509982.4312108, "x": 5.147746417988985, "y": 0.06262903799849232, "zone": null, "min_dist": 1.2373709620015076}
{"t": 1784509982.5914178, "x": 5.181930183215467, "y": 0.06243235875952167, "zone": null, "min_dist": 1.2375676412404784}
{"t": 1784509982.7440226, "x": 5.2139835033176976, "y": 0.06224586630227799, "zone": null, "min_dist": 1.237754133697722}
{"t": 1784509982.904387, "x": 5.248378664986054, "y": 0.061686084498431305, "zone": null, "min_dist": 1.2383139155015688}
{"t": 1784509983.057052, "x": 5.281182462204207, "y": 0.06058499403099555, "zone": null, "min_dist": 1.2394150059690046}
{"t": 1784509983.2167645, "x": 5.314512832095966, "y": 0.05942219234607031, "zone": null, "min_dist": 1.2405778076539298}
{"t": 1784509983.3772898, "x": 5.347648221950255, "y": 0.05826619318101022, "zone": null, "min_dist": 1.2417338068189898}
{"t": 1784509983.553382, "x": 5.384959327631424, "y": 0.05696451546674033, "zone": null, "min_dist": 1.2430354845332596}
{"t": 1784509983.713716, "x": 5.419429245418041, "y": 0.05576195887094192, "zone": null, "min_dist": 1.2442380411290581}
{"t": 1784509983.8740926, "x": 5.45232546774227, "y": 0.05461430354608306, "zone": null, "min_dist": 1.245385696453917}
{"t": 1784509984.034243, "x": 5.4867601317246795, "y": 0.05341297688512844, "zone": null, "min_dist": 1.2465870231148717}
{"t": 1784509984.1947281, "x": 5.52046080245173, "y": 0.0522372568848373, "zone": null, "min_dist": 1.2477627431151628}
{"t": 1784509984.347081, "x": 5.552830162450674, "y": 0.05110798263606538, "zone": null, "min_dist": 1.2488920173639346}
{"t": 1784509984.5233066, "x": 5.590223986223736, "y": 0.04980341926359228, "zone": null, "min_dist": 1.2501965807364077}
{"t": 1784509984.6833935, "x": 5.624294985698067, "y": 0.04861477968022834, "zone": null, "min_dist": 1.2513852203197717}
{"t": 1784509984.8447936, "x": 5.657255054632458, "y": 0.047464896918960976, "zone": null, "min_dist": 1.252535103081039}
{"t": 1784509985.004338, "x": 5.691412048515659, "y": 0.04627325730205056, "zone": null, "min_dist": 1.2537267426979495}
{"t": 1784509985.156636, "x": 5.723538939789359, "y": 0.045152442000344996, "zone": null, "min_dist": 1.254847557999655}
{"t": 1784509985.3085978, "x": 5.7551996784165205, "y": 0.04404788930748937, "zone": null, "min_dist": 1.2448003215834795}
{"t": 1784509985.469087, "x": 5.78913957232392, "y": 0.04286382362725453, "zone": null, "min_dist": 1.2108604276760797}
{"t": 1784509985.6295302, "x": 5.822039105226756, "y": 0.041716052804746016, "zone": null, "min_dist": 1.1779608947732436}
{"t": 1784509985.789232, "x": 5.855675814828893, "y": 0.0405425641892332, "zone": null, "min_dist": 1.144324185171107}
{"t": 1784509985.9497385, "x": 5.889925383957201, "y": 0.039347694917005946, "zone": null, "min_dist": 1.110074616042799}
{"t": 1784509986.1264915, "x": 5.927297084437614, "y": 0.03804390328860584, "zone": null, "min_dist": 1.0727029155623864}
{"t": 1784509986.286174, "x": 5.961980825766779, "y": 0.03683388710152131, "zone": null, "min_dist": 1.038019174233221}
{"t": 1784509986.4468462, "x": 5.995856817629734, "y": 0.035652050789534165, "zone": null, "min_dist": 1.0041431823702656}
{"t": 1784509986.6068387, "x": 6.030020364621611, "y": 0.03446018250315305, "zone": null, "min_dist": 0.9699796353783894}
{"t": 1784509986.7671318, "x": 6.062204602441817, "y": 0.033337366075554174, "zone": null, "min_dist": 0.9377953975581832}
{"t": 1784509986.9194722, "x": 6.094360169831289, "y": 0.03221555035990418, "zone": null, "min_dist": 0.9056398301687114}
{"t": 1784509987.0717387, "x": 6.126636954501124, "y": 0.031089505768875973, "zone": null, "min_dist": 0.8733630454988761}
{"t": 1784509987.2321813, "x": 6.160768520843696, "y": 0.029898753178343618, "zone": null, "min_dist": 0.8392314791563038}
{"t": 1784509987.3923502, "x": 6.194181636404112, "y": 0.028733065142001808, "zone": null, "min_dist": 0.805818363595888}
{"t": 1784509987.5524354, "x": 6.228811335985529, "y": 0.02752493424872718, "zone": null, "min_dist": 0.7711886640144714}
{"t": 1784509987.7123945, "x": 6.262323579814358, "y": 0.026355787890741517, "zone": null, "min_dist": 0.7376764201856423}
{"t": 1784509987.8725278, "x": 6.295835879251011, "y": 0.02518663961171424, "zone": null, "min_dist": 0.704164120748989}
{"t": 1784509988.0253742, "x": 6.328604188590096, "y": 0.024043447303227578, "zone": null, "min_dist": 0.6713958114099041}
{"t": 1784509988.1775885, "x": 6.359157356529663, "y": 0.02297753423411, "zone": null, "min_dist": 0.6408426434703367}
{"t": 1784509988.3378294, "x": 6.393467464646244, "y": 0.021780552930003073, "zone": null, "min_dist": 0.6065325353537556}
{"t": 1784509988.498341, "x": 6.427966055451947, "y": 0.020576996054539238, "zone": null, "min_dist": 0.5720339445480533}
{"t": 1784509988.658729, "x": 6.4603674862923235, "y": 0.019446602465844308, "zone": null, "min_dist": 0.5396325137076765}
{"t": 1784509988.810991, "x": 6.493110423627925, "y": 0.01830429526532912, "zone": null, "min_dist": 0.5068895763720747}
{"t": 1784509988.9710248, "x": 6.527577006094999, "y": 0.017101855050356, "zone": null, "min_dist": 0.47242299390500087}
{"t": 1784509989.1480937, "x": 6.563307807727067, "y": 0.015855309237023642, "zone": null, "min_dist": 0.43669219227293343}
{"t": 1784509989.3002973, "x": 6.592066733302809, "y": 0.014851991677816624, "zone": null, "min_dist": 0.4079332666971913}
{"t": 1784509989.46071, "x": 6.6257706800724385, "y": 0.013676157365551111, "zone": null, "min_dist": 0.3742293199275615}
{"t": 1784509989.6204848, "x": 6.659898969719934, "y": 0.012485519117221951, "zone": null, "min_dist": 0.3401010302800662}
{"t": 1784509989.796575, "x": 6.696751229083929, "y": 0.011205747732137714, "zone": null, "min_dist": 0.3032487709160714}
{"t": 1784509989.9567723, "x": 6.730040545856604, "y": 0.010448672774627413, "zone": null, "min_dist": 0.26995945414339584}
{"t": 1784509990.1089954, "x": 6.762378406092751, "y": 0.010235562558222843, "zone": null, "min_dist": 0.23762159390724857}
{"t": 1784509990.2612782, "x": 6.794703039008445, "y": 0.010054051532420368, "zone": null, "min_dist": 0.20529696099155537}
{"t": 1784509990.4216821, "x": 6.829222073623554, "y": 0.009860218314511754, "zone": null, "min_dist": 0.17077792637644595}
{"t": 1784509990.5817666, "x": 6.861645894040125, "y": 0.00967814953055291, "zone": null, "min_dist": 0.13835410595987518}
{"t": 1784509990.742277, "x": 6.895976389823468, "y": 0.009485374878979389, "zone": null, "min_dist": 0.10402361017653217}
{"t": 1784509990.9025211, "x": 6.9305880544823, "y": 0.009291021439732766, "zone": null, "min_dist": 0.06941194551770025}
{"t": 1784509991.0629108, "x": 6.965110367557177, "y": 0.009097169672420788, "zone": null, "min_dist": 0.03488963244282317}
{"t": 1784509991.223313, "x": 6.997894873022829, "y": 0.00891307570043809, "zone": null, "min_dist": 0.0021051269771712455}
{"t": 1784509991.3993618, "x": 7.035320719249748, "y": 0.008702919679859766, "zone": "wh_zone_2", "min_dist": 0.0}
{"t": 1784509991.5516696, "x": 7.068051060532491, "y": 0.00851913027768839, "zone": "wh_zone_2", "min_dist": 0.0}
{"t": 1784509991.7045105, "x": 7.099446114101951, "y": 0.008342838539283328, "zone": "wh_zone_2", "min_dist": 0.0}
{"t": 1784509991.8807404, "x": 7.137099328362231, "y": 0.008131405852983135, "zone": "wh_zone_2", "min_dist": 0.0}
{"t": 1784509992.032886, "x": 7.168590107298094, "y": 0.007954576547035809, "zone": "wh_zone_2", "min_dist": 0.0}
{"t": 1784509992.1930845, "x": 7.202645991361108, "y": 0.007763343779474594, "zone": "wh_zone_2", "min_dist": 0.0}
{"t": 1784509992.3533742, "x": 7.236823226621749, "y": 0.007571429662687757, "zone": "wh_zone_2", "min_dist": 0.0}
{"t": 1784509992.5054016, "x": 7.267953593525267, "y": 0.0073966240516207815, "zone": "wh_zone_2", "min_dist": 0.0}
{"t": 1784509992.6817985, "x": 7.3054014240657725, "y": 0.007186344605406899, "zone": "wh_zone_2", "min_dist": 0.0}
{"t": 1784509992.8576226, "x": 7.343098603780126, "y": 0.006974665109613547, "zone": "wh_zone_2", "min_dist": 0.0}
{"t": 1784509993.010073, "x": 7.376042926357962, "y": 0.006789674243621739, "zone": "wh_zone_2", "min_dist": 0.0}
{"t": 1784509993.1704547, "x": 7.408246236478553, "y": 0.006608843617862105, "zone": "wh_zone_2", "min_dist": 0.0}
{"t": 1784509993.4267685, "x": 7.442547983478734, "y": 0.006416230337382282, "zone": "wh_zone_2", "min_dist": 0.0}
{"t": 1784509993.5870852, "x": 7.498275856636483, "y": 0.006103304007983105, "zone": "wh_zone_2", "min_dist": 0.0}
{"t": 1784509993.7396264, "x": 7.531587331335843, "y": 0.005916251604477964, "zone": "wh_zone_2", "min_dist": 0.0}
{"t": 1784509993.9000342, "x": 7.563994579764836, "y": 0.005734275927028163, "zone": "wh_zone_2", "min_dist": 0.0}
{"t": 1784509994.0601747, "x": 7.596581855727382, "y": 0.005551289332162361, "zone": "wh_zone_2", "min_dist": 0.0}
{"t": 1784509994.2201312, "x": 7.629172409994842, "y": 0.005368284302523985, "zone": "wh_zone_2", "min_dist": 0.0}
{"t": 1784509994.3804667, "x": 7.662672423365241, "y": 0.005180172689305142, "zone": "wh_zone_2", "min_dist": 0.0}
{"t": 1784509994.5406196, "x": 7.696290509513433, "y": 0.00499139816375367, "zone": "wh_zone_2", "min_dist": 0.0}
{"t": 1784509994.6932917, "x": 7.725555070683624, "y": 0.00482706911095605, "zone": "wh_zone_2", "min_dist": 0.0}
{"t": 1784509994.8532152, "x": 7.753612072327035, "y": 0.0046695201341232255, "zone": "wh_zone_2", "min_dist": 0.0}
{"t": 1784509995.029199, "x": 7.7813978306886895, "y": 0.0045134935111000645, "zone": "wh_zone_2", "min_dist": 0.0}
{"t": 1784509995.2062676, "x": 7.807890045479291, "y": 0.0043647302623790385, "zone": "wh_zone_2", "min_dist": 0.0}
