{"t": 1784476016.6080692, "x": -1.3899195323734973e-11, "y": -1.3566945779099016e-13, "zone": null, "min_dist": 1.6401219466940395}
{"t": 1784476016.767991, "x": -1.3899195323734973e-11, "y": -1.3566945779099016e-13, "zone": null, "min_dist": 1.6401219466940395}
{"t": 1784476016.9204528, "x": -1.3899195323734973e-11, "y": -1.3566945779099016e-13, "zone": null, "min_dist": 1.6401219466940395}
{"t": 1784476017.0805929, "x": -1.3899195323734973e-11, "y": -1.3566945779099016e-13, "zone": null, "min_dist": 1.6401219466940395}
{"t": 1784476017.2331667, "x": -1.3899195323734973e-11, "y": -1.3566945779099016e-13, "zone": null, "min_dist": 1.6401219466940395}
{"t": 1784476017.3954227, "x": -1.3899195323734973e-11, "y": -1.3566945779099016e-13, "zone": null, "min_dist": 1.6401219466940395}
{"t": 1784476017.5538476, "x": -1.3899195323734973e-11, "y": -1.3566945779099016e-13, "zone": null, "min_dist": 1.6401219466940395}
{"t": 1784476017.7061787, "x": -1.3899195323734973e-11, "y": -1.3566945779099016e-13, "zone": null, "min_dist": 1.6401219466940395}
{"t": 1784476017.8587353, "x": -1.3899195323734973e-11, "y": -1.3566945779099016e-13, "zone": null, "min_dist": 1.6401219466940395}
{"t": 1784476018.0106082, "x": -1.3899195323734973e-11, "y": -1.3566945779099016e-13, "zone": null, "min_dist": 1.6401219466940395}
{"t": 1784476018.1708124, "x": -1.3899195323734973e-11, "y": -1.3566945779099016e-13, "zone": null, "min_dist": 1.6401219466940395}
{"t": 1784476018.3476613, "x": -1.3899195323734973e-11, "y": -1.3566945779099016e-13, "zone": null, "min_dist": 1.6401219466940395}
{"t": 1784476018.507873, "x": -1.3899195323734973e-11, "y": -1.3566945779099016e-13, "zone": null, "min_dist": 1.6401219466940395}
{"t": 1784476018.6677907, "x": -1.3899195323734973e-11, "y": -1.3566945779099016e-13, "zone": null, "min_dist": 1.6401219466940395}
{"t": 1784476018.8199332, "x": -1.3899195323734973e-11, "y": -1.3566945779099016e-13, "zone": null, "min_dist": 1.6401219466940395}
{"t": 1784476018.9802375, "x": -1.3899195323734973e-11, "y": -1.3566945779099016e-13, "zone": null, "min_dist": 1.6401219466940395}
{"t": 1784476019.1403408, "x": -1.3899195323734973e-11, "y": -1.3566945779099016e-13, "zone": null, "min_dist": 1.6401219466940395}
{"t": 1784476019.2921531, "x": -1.3899195323734973e-11, "y": -1.3566945779099016e-13, "zone": null, "min_dist": 1.6401219466940395}
{"t": 1784476019.4522874, "x": -1.3899195323734973e-11, "y": -1.3566945779099016e-13, "zone": null, "min_dist": 1.6401219466940395}
{"t": 1784476019.6046767, "x": -1.3899195323734973e-11, "y": -1.3566945779099016e-13, "zone": null, "min_dist": 1.6401219466940395}
{"t": 1784476019.7650714, "x": -1.3899195323734973e-11, "y": -1.3566945779099016e-13, "zone": null, "min_dist": 1.6401219466940395}
{"t": 1784476019.9254413, "x": -1.3899195323734973e-11, "y": -1.3566945779099016e-13, "zone": null, "min_dist": 1.6401219466940395}
{"t": 1784476020.0860624, "x": 0.012158816628002727, "y": 1.748244267923452e-09, "zone": null, "min_dist": 1.6327370269030936}
{"t": 1784476020.2380905, "x": 0.04243882468412183, "y": 1.0720117799460462e-08, "zone": null, "min_dist": 1.614596970330373}
{"t": 1784476020.390403, "x": 0.0747705205552455, "y": 2.100967500115003e-08, "zone": null, "min_dist": 1.5956345242593797}
{"t": 1784476020.5423276, "x": 0.10546359621971134, "y": 3.0304541841897745e-08, "zone": null, "min_dist": 1.5780352654159424}
{"t": 1784476020.718718, "x": 0.14288014010492361, "y": 4.2272892290542005e-08, "zone": null, "min_dist": 1.557130162933413}
{"t": 1784476020.878952, "x": 0.17724973364019006, "y": 5.330840483702225e-08, "zone": null, "min_dist": 1.5384790743436483}
{"t": 1784476021.0395207, "x": 0.21050774881407425, "y": 6.364519954746366e-08, "zone": null, "min_dist": 1.520952941154034}
{"t": 1784476021.1997921, "x": 0.24431169012168252, "y": 7.439519949319447e-08, "zone": null, "min_dist": 1.503683686238311}
{"t": 1784476021.3597395, "x": 0.27831078573324275, "y": 8.521100015825795e-08, "zone": null, "min_dist": 1.4868877228763362}
{"t": 1784476021.5203261, "x": 0.3126483798480396, "y": 9.622203374323867e-08, "zone": null, "min_dist": 1.4705277962514842}
{"t": 1784476021.6804652, "x": 0.3457112967767286, "y": 1.0651786351808099e-07, "zone": null, "min_dist": 1.4553671118378197}
{"t": 1784476021.8408291, "x": 0.38008089089942143, "y": 1.1755005574719818e-07, "zone": null, "min_dist": 1.4402428254283803}
{"t": 1784476022.0013807, "x": 0.4136168010321162, "y": 1.2806189435343417e-07, "zone": null, "min_dist": 1.4261293500489007}
{"t": 1784476022.1610448, "x": 0.4471428756898531, "y": 1.3864846827645248e-07, "zone": null, "min_dist": 1.4126749942624761}
{"t": 1784476022.3138673, "x": 0.4797524698117553, "y": 1.4910733299438068e-07, "zone": null, "min_dist": 1.4002346606865312}
{"t": 1784476022.4742854, "x": 0.5130104853081946, "y": 1.594408559150251e-07, "zone": null, "min_dist": 1.388221298235105}
{"t": 1784476022.6343176, "x": 0.5466004978767638, "y": 1.7005590800742822e-07, "zone": null, "min_dist": 1.3767972495542933}
{"t": 1784476022.7944057, "x": 0.5810914171938422, "y": 1.8118489998881776e-07, "zone": null, "min_dist": 1.365827196122539}
{"t": 1784476022.9712687, "x": 0.618040917316258, "y": -4.600651619026056e-05, "zone": null, "min_dist": 1.3549070543838462}
{"t": 1784476023.1474056, "x": 0.6544983605309331, "y": -0.0005073137851671958, "zone": null, "min_dist": 1.3446384734945132}
{"t": 1784476023.299057, "x": 0.6871908523489872, "y": -0.0009590769656098166, "zone": null, "min_dist": 1.3361724748595123}
{"t": 1784476023.4594102, "x": 0.7217997584831264, "y": -0.0014373220690636682, "zone": null, "min_dist": 1.3280287658387568}
{"t": 1784476023.6196442, "x": 0.754961976460899, "y": -0.0018955764625519023, "zone": null, "min_dist": 1.3210294195768084}
{"t": 1784476023.7719321, "x": 0.7874692785532037, "y": -0.002344780465156261, "zone": null, "min_dist": 1.3149442483788882}
{"t": 1784476023.9246469, "x": 0.8196126461420348, "y": -0.002788955573894411, "zone": null, "min_dist": 1.3096931286423346}
{"t": 1784476024.084122, "x": 0.8526437158814999, "y": -0.003245397640021447, "zone": null, "min_dist": 1.3051001391506316}
{"t": 1784476024.2446635, "x": 0.886479677579232, "y": -0.0037129619350509016, "zone": null, "min_dist": 1.3012482271487305}
{"t": 1784476024.4050133, "x": 0.9205681502956147, "y": -0.004184015506627034, "zone": null, "min_dist": 1.2982482368237553}
{"t": 1784476024.5574489, "x": 0.9517852908732377, "y": -0.004615391786115245, "zone": null, "min_dist": 1.296281582594468}
{"t": 1784476024.7100983, "x": 0.9843852155507936, "y": -0.005065875662274968, "zone": null, "min_dist": 1.2950282652775211}
{"t": 1784476024.886622, "x": 1.0208960850326378, "y": -0.00535301966141598, "zone": null, "min_dist": 1.294646980338584}
{"t": 1784476025.0628798, "x": 1.0579833408162487, "y": -0.004764507502828311, "zone": null, "min_dist": 1.2952354924971716}
{"t": 1784476025.2231104, "x": 1.0921458600676317, "y": -0.003741682478638958, "zone": null, "min_dist": 1.2962583175213611}
{"t": 1784476025.4849477, "x": 1.1306709038936875, "y": -0.002844810543856529, "zone": null, "min_dist": 1.2971551894561435}
{"t": 1784476025.6393964, "x": 1.181496957209976, "y": -0.002904355642635779, "zone": null, "min_dist": 1.2970956443573642}
{"t": 1784476025.799566, "x": 1.2150185715589434, "y": -0.0030669479192578864, "zone": null, "min_dist": 1.296933052080742}
{"t": 1784476025.9520779, "x": 1.2475467656740944, "y": -0.002744121747996859, "zone": null, "min_dist": 1.2972558782520032}
{"t": 1784476026.104377, "x": 1.2802338302373584, "y": -0.001991543655271622, "zone": null, "min_dist": 1.2980084563447285}
{"t": 1784476026.2569833, "x": 1.3121862994114248, "y": -0.001245678552513084, "zone": null, "min_dist": 1.298754321447487}
{"t": 1784476026.4087818, "x": 1.3439437231077571, "y": -0.000504366510914028, "zone": null, "min_dist": 1.299495633489086}
{"t": 1784476026.5610778, "x": 1.3763592238359694, "y": 0.00025230706634695593, "zone": null, "min_dist": 1.299747692933653}
{"t": 1784476026.713251, "x": 1.408372308025037, "y": 0.000999586889984765, "zone": null, "min_dist": 1.2990004131100152}
{"t": 1784476026.8737395, "x": 1.4416114333718735, "y": 0.0017754860735991816, "zone": null, "min_dist": 1.2982245139264008}
{"t": 1784476027.0337813, "x": 1.4758790610878267, "y": 0.002575393774343667, "zone": null, "min_dist": 1.2974246062256565}
{"t": 1784476027.1863525, "x": 1.5075537112118114, "y": 0.0033147734415169315, "zone": null, "min_dist": 1.2966852265584832}
{"t": 1784476027.3463047, "x": 1.541441053006746, "y": 0.004105804099248253, "zone": null, "min_dist": 1.2958941959007517}
{"t": 1784476027.5064704, "x": 1.5755234958543245, "y": 0.004901388995476072, "zone": null, "min_dist": 1.295098611004524}
{"t": 1784476027.6592155, "x": 1.6069203270652563, "y": 0.005634283458833512, "zone": null, "min_dist": 1.2943657165411666}
{"t": 1784476027.8194337, "x": 1.6411813995800277, "y": 0.006434038194367168, "zone": null, "min_dist": 1.2935659618056328}
{"t": 1784476027.9797344, "x": 1.6762504930454019, "y": 0.007252654727334439, "zone": null, "min_dist": 1.2927473452726657}
{"t": 1784476028.1397896, "x": 1.7095887800303486, "y": 0.008030868612705336, "zone": null, "min_dist": 1.2919691313872947}
{"t": 1784476028.316259, "x": 1.7464395530926724, "y": 0.00889107438590502, "zone": null, "min_dist": 1.291108925614095}
{"t": 1784476028.4684517, "x": 1.778947660149677, "y": 0.00964990966095019, "zone": null, "min_dist": 1.29035009033905}
{"t": 1784476028.621077, "x": 1.8104370976449908, "y": 0.010384965858558262, "zone": null, "min_dist": 1.2896150341414419}
{"t": 1784476028.7811868, "x": 1.8439573195095575, "y": 0.011167426712353478, "zone": null, "min_dist": 1.2888325732876467}
{"t": 1784476028.941262, "x": 1.878467497348678, "y": 0.01197299635195803, "zone": null, "min_dist": 1.2880270036480421}
{"t": 1784476029.0937195, "x": 1.9102347538168831, "y": 0.012714537754760454, "zone": null, "min_dist": 1.2872854622452397}
{"t": 1784476029.253984, "x": 1.9439369107662476, "y": 0.013501245603305767, "zone": null, "min_dist": 1.2864987543966944}
{"t": 1784476029.4146724, "x": 1.9781119321896852, "y": 0.014298991575417386, "zone": null, "min_dist": 1.2857010084245826}
{"t": 1784476029.5661974, "x": 2.0101570076359505, "y": 0.01504701818353079, "zone": null, "min_dist": 1.2849529818164693}
{"t": 1784476029.7188153, "x": 2.0417292186569864, "y": 0.015784006670740577, "zone": null, "min_dist": 1.2842159933292594}
{"t": 1784476029.8710034, "x": 2.074422538365598, "y": 0.01654716541276241, "zone": null, "min_dist": 1.2834528345872376}
{"t": 1784476030.031132, "x": 2.107578890201086, "y": 0.01732113230679576, "zone": null, "min_dist": 1.2826788676932044}
{"t": 1784476030.1914058, "x": 2.141530183483232, "y": 0.01811365579055101, "zone": null, "min_dist": 1.281886344209449}
{"t": 1784476030.3515193, "x": 2.17545606849422, "y": 0.018905586125548286, "zone": null, "min_dist": 1.2810944138744518}
{"t": 1784476030.5114486, "x": 2.2085198140342963, "y": 0.019677391281986555, "zone": null, "min_dist": 1.2803226087180135}
{"t": 1784476030.6722062, "x": 2.2424071836233432, "y": 0.02046842260687905, "zone": null, "min_dist": 1.279531577393121}
{"t": 1784476030.8248458, "x": 2.275007897011561, "y": 0.021229419613914394, "zone": null, "min_dist": 1.2787705803860856}
{"t": 1784476030.984863, "x": 2.3083494614917286, "y": 0.02200770997475958, "zone": null, "min_dist": 1.2779922900252405}
{"t": 1784476031.1609259, "x": 2.3453854471453583, "y": 0.022872239213514167, "zone": null, "min_dist": 1.277127760786486}
{"t": 1784476031.3378212, "x": 2.382986903557562, "y": 0.023749968303509048, "zone": null, "min_dist": 1.276250031696491}
{"t": 1784476031.4974926, "x": 2.417589659947099, "y": 0.024557699020840186, "zone": null, "min_dist": 1.2754423009791598}
{"t": 1784476031.6500452, "x": 2.4487087556706566, "y": 0.02528411025902641, "zone": null, "min_dist": 1.2747158897409736}
{"t": 1784476031.810224, "x": 2.483062378889553, "y": 0.02608602541237967, "zone": null, "min_dist": 1.2739139745876205}
{"t": 1784476031.9704804, "x": 2.516681762323944, "y": 0.026870800981184655, "zone": null, "min_dist": 1.2731291990188154}
{"t": 1784476032.1305354, "x": 2.549735675007358, "y": 0.027642376693987697, "zone": null, "min_dist": 1.2723576233060123}
{"t": 1784476032.2906654, "x": 2.5840639487894688, "y": 0.02844370007917038, "zone": null, "min_dist": 1.2715562999208296}
{"t": 1784476032.4430077, "x": 2.616322891687054, "y": 0.02919671906364335, "zone": null, "min_dist": 1.2708032809363567}
{"t": 1784476032.6195042, "x": 2.6528131000327995, "y": 0.030048507999480594, "zone": null, "min_dist": 1.2699514920005195}
{"t": 1784476032.7796712, "x": 2.6869815662249956, "y": 0.03084610100001974, "zone": null, "min_dist": 1.2691538989999802}
{"t": 1784476032.9320383, "x": 2.7192118542905184, "y": 0.031598451077531065, "zone": null, "min_dist": 1.268401548922469}
{"t": 1784476033.0847044, "x": 2.750477560503275, "y": 0.03232828472234356, "zone": null, "min_dist": 1.2676717152776564}
{"t": 1784476033.2443557, "x": 2.7849590866980156, "y": 0.03313318552943913, "zone": null, "min_dist": 1.2668668144705608}
{"t": 1784476033.3967593, "x": 2.8178949287414063, "y": 0.03390200555337842, "zone": null, "min_dist": 1.2660979944466215}
{"t": 1784476033.5491946, "x": 2.8490140244650246, "y": 0.0346284167915389, "zone": null, "min_dist": 1.265371583208461}
{"t": 1784476033.7016127, "x": 2.881700733337831, "y": 0.03539142125150171, "zone": null, "min_dist": 1.2646085787484984}
{"t": 1784476033.8619082, "x": 2.9153201167842755, "y": 0.03617619681734402, "zone": null, "min_dist": 1.263823803182656}
{"t": 1784476034.038642, "x": 2.9528863043478353, "y": 0.037053102638516355, "zone": null, "min_dist": 1.2629468973614837}
{"t": 1784476034.198647, "x": 2.9866810398958887, "y": 0.037841971563177285, "zone": null, "min_dist": 1.2621580284368228}
{"t": 1784476034.3590314, "x": 3.020670876482777, "y": 0.03863539472597395, "zone": null, "min_dist": 1.2613646052740262}
{"t": 1784476034.5111778, "x": 3.0515055144916237, "y": 0.0393551658293914, "zone": null, "min_dist": 1.2606448341706087}
{"t": 1784476034.6874924, "x": 3.083818577180565, "y": 0.04010944680494421, "zone": null, "min_dist": 1.259890553195056}
{"t": 1784476034.8398085, "x": 3.1137049372445516, "y": 0.040807081990902216, "zone": null, "min_dist": 1.2591929180090977}
{"t": 1784476035.0000753, "x": 3.1456944700219585, "y": 0.04155381154659583, "zone": null, "min_dist": 1.2584461884534042}
{"t": 1784476035.176832, "x": 3.182740489236925, "y": 0.04233326342055946, "zone": null, "min_dist": 1.2576667365794405}
{"t": 1784476035.3287163, "x": 3.2127645326009775, "y": 0.042894113643591816, "zone": null, "min_dist": 1.2571058863564082}
{"t": 1784476035.4890332, "x": 3.2462681294352835, "y": 0.04347396193073641, "zone": null, "min_dist": 1.2565260380692636}
{"t": 1784476035.6489525, "x": 3.280686057102579, "y": 0.04446329379461505, "zone": null, "min_dist": 1.255536706205385}
{"t": 1784476035.8014803, "x": 3.312540809424881, "y": 0.045400684025612016, "zone": null, "min_dist": 1.254599315974388}
{"t": 1784476035.9616585, "x": 3.346052377526602, "y": 0.046386829378345124, "zone": null, "min_dist": 1.253613170621655}
{"t": 1784476036.1139066, "x": 3.378647861663202, "y": 0.04734601724297585, "zone": null, "min_dist": 1.2526539827570242}
{"t": 1784476036.274503, "x": 3.412447035446623, "y": 0.04834062593394695, "zone": null, "min_dist": 1.251659374066053}
{"t": 1784476036.4346263, "x": 3.4460225139036544, "y": 0.04932865193017382, "zone": null, "min_dist": 1.2506713480698262}
{"t": 1784476036.5951815, "x": 3.480498509253787, "y": 0.050343177675131065, "zone": null, "min_dist": 1.249656822324869}
{"t": 1784476036.7556965, "x": 3.5139273171694514, "y": 0.05132688748034888, "zone": null, "min_dist": 1.248673112519651}
{"t": 1784476036.9154694, "x": 3.5473462938406466, "y": 0.05231030805599214, "zone": null, "min_dist": 1.247689691944008}
{"t": 1784476037.068067, "x": 3.5792936376828473, "y": 0.05325042285626509, "zone": null, "min_dist": 1.246749577143735}
{"t": 1784476037.2283454, "x": 3.613708965595841, "y": 0.054263163299933775, "zone": null, "min_dist": 1.2457368367000663}
{"t": 1784476037.3888102, "x": 3.6466363037229907, "y": 0.05523211624975269, "zone": null, "min_dist": 1.2447678837502474}
{"t": 1784476037.5406237, "x": 3.6797200594767836, "y": 0.05620567263821555, "zone": null, "min_dist": 1.2437943273617844}
{"t": 1784476037.7009933, "x": 3.713241458914007, "y": 0.05719210716221194, "zone": null, "min_dist": 1.2428078928377881}
{"t": 1784476037.853726, "x": 3.745616496971665, "y": 0.058144807886329544, "zone": null, "min_dist": 1.2418551921136705}
{"t": 1784476038.0133889, "x": 3.779964665519788, "y": 0.059155572068126695, "zone": null, "min_dist": 1.2408444279318733}
{"t": 1784476038.1740272, "x": 3.8126527416590648, "y": 0.06011748412546587, "zone": null, "min_dist": 1.2398825158745341}
{"t": 1784476038.3340993, "x": 3.846787045929014, "y": 0.061121954829887526, "zone": null, "min_dist": 1.2388780451701125}
{"t": 1784476038.494389, "x": 3.8813203695371747, "y": 0.06213816762263658, "zone": null, "min_dist": 1.2378618323773634}
{"t": 1784476038.654435, "x": 3.914749177468123, "y": 0.06312187742832966, "zone": null, "min_dist": 1.2368781225716703}
{"t": 1784476038.8068414, "x": 3.9465520116417796, "y": 0.06405773979574117, "zone": null, "min_dist": 1.235942260204259}
{"t": 1784476038.967274, "x": 3.98062895980943, "y": 0.06506052263477427, "zone": null, "min_dist": 1.2349394773652258}
{"t": 1784476039.1273236, "x": 4.015044287781699, "y": 0.06607326308024135, "zone": null, "min_dist": 1.2339267369197586}
{"t": 1784476039.2874897, "x": 4.047971625940415, "y": 0.0670422160310115, "zone": null, "min_dist": 1.2329577839689885}
{"t": 1784476039.4478335, "x": 4.08161766490391, "y": 0.06803231838024479, "zone": null, "min_dist": 1.2319676816197553}
{"t": 1784476039.6080866, "x": 4.115751851431877, "y": 0.06903678558245543, "zone": null, "min_dist": 1.2309632144175446}
{"t": 1784476039.7606864, "x": 4.148126889491647, "y": 0.0699894863066164, "zone": null, "min_dist": 1.2300105136933837}
{"t": 1784476039.920741, "x": 4.182382466574096, "y": 0.07099752576807841, "zone": null, "min_dist": 1.2290024742319217}
{"t": 1784476040.073138, "x": 4.213218712797248, "y": 0.07190494395444061, "zone": null, "min_dist": 1.2280950560455595}
{"t": 1784476040.2334445, "x": 4.246972674355617, "y": 0.07289822223010557, "zone": null, "min_dist": 1.2271017777698945}
{"t": 1784476040.4913926, "x": 4.2813846631480414, "y": 0.07391086442117904, "zone": null, "min_dist": 1.226089135578821}
{"t": 1784476040.649808, "x": 4.335793172836383, "y": 0.0755119444262653, "zone": null, "min_dist": 1.2244880555737347}
{"t": 1784476040.8102918, "x": 4.368947511174648, "y": 0.07648757731662384, "zone": null, "min_dist": 1.2235124226833762}
{"t": 1784476040.9704802, "x": 4.402893237697834, "y": 0.07748649867143498, "zone": null, "min_dist": 1.222513501328565}
{"t": 1784476041.1229615, "x": 4.435296984813745, "y": 0.07844004425722975, "zone": null, "min_dist": 1.2215599557427703}
{"t": 1784476041.299408, "x": 4.4718452845150765, "y": 0.07951555130820566, "zone": null, "min_dist": 1.2204844486917943}
{"t": 1784476041.4513128, "x": 4.503131110124434, "y": 0.08043619943834072, "zone": null, "min_dist": 1.2195638005616594}
{"t": 1784476041.6117978, "x": 4.5374792784635, "y": 0.0814469636138995, "zone": null, "min_dist": 1.2185530363861006}
{"t": 1784476041.7721372, "x": 4.572076512307226, "y": 0.0824650570935871, "zone": null, "min_dist": 1.2175349429064128}
{"t": 1784476041.9244, "x": 4.603653490355917, "y": 0.0833942730228473, "zone": null, "min_dist": 1.2166057269771526}
{"t": 1784476042.084443, "x": 4.638122900530525, "y": 0.08440860503283339, "zone": null, "min_dist": 1.2155913949671666}
{"t": 1784476042.2447827, "x": 4.671950724576621, "y": 0.08540405682963896, "zone": null, "min_dist": 1.214595943170361}
{"t": 1784476042.3973234, "x": 4.704329067533857, "y": 0.08635685478827548, "zone": null, "min_dist": 1.2136431452117247}
{"t": 1784476042.5574846, "x": 4.737933227199127, "y": 0.08734572480321368, "zone": null, "min_dist": 1.2126542751967864}
{"t": 1784476042.710086, "x": 4.769500755831997, "y": 0.08823976500912409, "zone": null, "min_dist": 1.211760234990876}
{"t": 1784476042.8706758, "x": 4.80351466767124, "y": 0.08882624241161871, "zone": null, "min_dist": 1.2111737575883814}
{"t": 1784476043.0302799, "x": 4.837595652440701, "y": 0.08935861243261811, "zone": null, "min_dist": 1.210641387567382}
{"t": 1784476043.1907027, "x": 4.872111020524755, "y": 0.0898977680758865, "zone": null, "min_dist": 1.2101022319241135}
{"t": 1784476043.3428524, "x": 4.902771667265221, "y": 0.09037670949974162, "zone": null, "min_dist": 1.2096232905002584}
{"t": 1784476043.4955153, "x": 4.935459986068472, "y": 0.09088732533739034, "zone": null, "min_dist": 1.2091126746626097}
{"t": 1784476043.6474004, "x": 4.967880361913892, "y": 0.0913937555781801, "zone": null, "min_dist": 1.20860624442182}
{"t": 1784476043.7999365, "x": 4.999004137726102, "y": 0.09187993158484191, "zone": null, "min_dist": 1.208120068415158}
{"t": 1784476043.9601076, "x": 5.033081788655187, "y": 0.0924122497400457, "zone": null, "min_dist": 1.2075877502599544}
{"t": 1784476044.1366138, "x": 5.069919251055967, "y": 0.09298767791589549, "zone": null, "min_dist": 1.2070123220841045}
{"t": 1784476044.2966928, "x": 5.103997089721275, "y": 0.09350231123130903, "zone": null, "min_dist": 1.2064976887686911}
{"t": 1784476044.4569376, "x": 5.137671506450233, "y": 0.09365123611430562, "zone": null, "min_dist": 1.2063487638856945}
{"t": 1784476044.6092153, "x": 5.1700957830372944, "y": 0.09371067629409155, "zone": null, "min_dist": 1.2062893237059085}
{"t": 1784476044.7612123, "x": 5.201501114245401, "y": 0.09376824834501488, "zone": null, "min_dist": 1.2062317516549852}
{"t": 1784476044.91333, "x": 5.2341040965977355, "y": 0.093828016416413, "zone": null, "min_dist": 1.2061719835835871}
{"t": 1784476045.0908403, "x": 5.272050980057693, "y": 0.09389758102685232, "zone": null, "min_dist": 1.2061024189731477}
{"t": 1784476045.249876, "x": 5.304290049972149, "y": 0.09395668133126853, "zone": null, "min_dist": 1.2060433186687316}
{"t": 1784476045.4021876, "x": 5.336797066683573, "y": 0.09401627349294146, "zone": null, "min_dist": 1.2059837265070585}
{"t": 1784476045.562399, "x": 5.370981340251934, "y": 0.09407894034115358, "zone": null, "min_dist": 1.2059210596588466}
{"t": 1784476045.7140775, "x": 5.402294040045043, "y": 0.09413634263318944, "zone": null, "min_dist": 1.2058636573668107}
{"t": 1784476045.866559, "x": 5.43443058688919, "y": 0.09419525555377115, "zone": null, "min_dist": 1.205804744446229}
{"t": 1784476046.043564, "x": 5.471489713110434, "y": 0.09426319241616024, "zone": null, "min_dist": 1.2057368075838397}
{"t": 1784476046.2198155, "x": 5.50854228246798, "y": 0.09433111730271451, "zone": null, "min_dist": 1.2056688826972854}
{"t": 1784476046.380196, "x": 5.54207157924183, "y": 0.09439258328096399, "zone": null, "min_dist": 1.205607416719036}
{"t": 1784476046.5404832, "x": 5.577228369338551, "y": 0.09436673098412095, "zone": null, "min_dist": 1.205633269015879}
{"t": 1784476046.7012126, "x": 5.611453176811917, "y": 0.0936717779954171, "zone": null, "min_dist": 1.206328222004583}
{"t": 1784476046.8610032, "x": 5.645950537118931, "y": 0.09218470834613915, "zone": null, "min_dist": 1.207815291653861}
{"t": 1784476047.0376399, "x": 5.683779187707316, "y": 0.0896256135149089, "zone": null, "min_dist": 1.210374386485091}
{"t": 1784476047.1979063, "x": 5.715386329194571, "y": 0.08670668076792831, "zone": null, "min_dist": 1.2132933192320716}
{"t": 1784476047.3748374, "x": 5.746991733476083, "y": 0.08300694902700485, "zone": null, "min_dist": 1.2169930509729951}
{"t": 1784476047.534684, "x": 5.773021989192838, "y": 0.079452232882436, "zone": null, "min_dist": 1.220547767117564}
{"t": 1784476047.6949005, "x": 5.795766249878676, "y": 0.0758730902460972, "zone": null, "min_dist": 1.2042337501213236}
{"t": 1784476047.84704, "x": 5.812826147963381, "y": 0.07312091921179772, "zone": null, "min_dist": 1.1871738520366186}
