{"t": 1784476410.7667115, "x": -1.389919891327981e-11, "y": -1.3566941748044506e-13, "zone": null, "min_dist": 1.6401219466940395}
{"t": 1784476410.9262109, "x": -1.389919891327981e-11, "y": -1.3566941748044506e-13, "zone": null, "min_dist": 1.6401219466940395}
{"t": 1784476411.0867267, "x": -1.389919891327981e-11, "y": -1.3566941748044506e-13, "zone": null, "min_dist": 1.6401219466940395}
{"t": 1784476411.2391798, "x": -1.389919891327981e-11, "y": -1.3566941748044506e-13, "zone": null, "min_dist": 1.6401219466940395}
{"t": 1784476411.3916721, "x": -1.389919891327981e-11, "y": -1.3566941748044506e-13, "zone": null, "min_dist": 1.6401219466940395}
{"t": 1784476411.5536056, "x": -1.389919891327981e-11, "y": -1.3566941748044506e-13, "zone": null, "min_dist": 1.6401219466940395}
{"t": 1784476411.7118247, "x": -1.389919891327981e-11, "y": -1.3566941748044506e-13, "zone": null, "min_dist": 1.6401219466940395}
{"t": 1784476411.9726467, "x": -1.389919891327981e-11, "y": -1.3566941748044506e-13, "zone": null, "min_dist": 1.6401219466940395}
{"t": 1784476412.1289017, "x": -1.389919891327981e-11, "y": -1.3566941748044506e-13, "zone": null, "min_dist": 1.6401219466940395}
{"t": 1784476412.288747, "x": -1.389919891327981e-11, "y": -1.3566941748044506e-13, "zone": null, "min_dist": 1.6401219466940395}
{"t": 1784476412.4410112, "x": -1.389919891327981e-11, "y": -1.3566941748044506e-13, "zone": null, "min_dist": 1.6401219466940395}
{"t": 1784476412.593767, "x": -1.389919891327981e-11, "y": -1.3566941748044506e-13, "zone": null, "min_dist": 1.6401219466940395}
{"t": 1784476412.769735, "x": -1.389919891327981e-11, "y": -1.3566941748044506e-13, "zone": null, "min_dist": 1.6401219466940395}
{"t": 1784476412.9302745, "x": -1.389919891327981e-11, "y": -1.3566941748044506e-13, "zone": null, "min_dist": 1.6401219466940395}
{"t": 1784476413.0905035, "x": -1.389919891327981e-11, "y": -1.3566941748044506e-13, "zone": null, "min_dist": 1.6401219466940395}
{"t": 1784476413.2426317, "x": -1.389919891327981e-11, "y": -1.3566941748044506e-13, "zone": null, "min_dist": 1.6401219466940395}
{"t": 1784476413.4031515, "x": -1.389919891327981e-11, "y": -1.3566941748044506e-13, "zone": null, "min_dist": 1.6401219466940395}
{"t": 1784476413.5554276, "x": -1.389919891327981e-11, "y": -1.3566941748044506e-13, "zone": null, "min_dist": 1.6401219466940395}
{"t": 1784476413.7153032, "x": -1.389919891327981e-11, "y": -1.3566941748044506e-13, "zone": null, "min_dist": 1.6401219466940395}
{"t": 1784476413.9740233, "x": -1.389919891327981e-11, "y": -1.3566941748044506e-13, "zone": null, "min_dist": 1.6401219466940395}
{"t": 1784476414.1320698, "x": -1.389919891327981e-11, "y": -1.3566941748044506e-13, "zone": null, "min_dist": 1.6401219466940395}
{"t": 1784476414.3081734, "x": -1.389919891327981e-11, "y": -1.3566941748044506e-13, "zone": null, "min_dist": 1.6401219466940395}
{"t": 1784476414.4686556, "x": -1.389919891327981e-11, "y": -1.3566941748044506e-13, "zone": null, "min_dist": 1.6401219466940395}
{"t": 1784476414.6293442, "x": 0.0009596891689490736, "y": 3.057688734112181e-11, "zone": null, "min_dist": 1.639536990307295}
{"t": 1784476414.7811038, "x": 0.01919850442780451, "y": 3.5272247237987505e-09, "zone": null, "min_dist": 1.628487508256011}
{"t": 1784476414.9416924, "x": 0.051424083594245246, "y": 1.322186908165793e-08, "zone": null, "min_dist": 1.6092843859331258}
{"t": 1784476415.1018622, "x": 0.08591499974701697, "y": 2.4352059895188323e-08, "zone": null, "min_dist": 1.5891983275765618}
{"t": 1784476415.2620955, "x": 0.12052720838864055, "y": 3.5568533315688126e-08, "zone": null, "min_dist": 1.5695452522009337}
{"t": 1784476415.4384744, "x": 0.15721259143325955, "y": 4.700236428033845e-08, "zone": null, "min_dist": 1.549287092127375}
{"t": 1784476415.5993118, "x": 0.19110916406041056, "y": 5.7811880398730394e-08, "zone": null, "min_dist": 1.5311120906570368}
{"t": 1784476415.7755523, "x": 0.2283503648276323, "y": 6.961213895054351e-08, "zone": null, "min_dist": 1.5117681629370596}
{"t": 1784476415.9515865, "x": 0.26626859043316775, "y": 8.182107994856216e-08, "zone": null, "min_dist": 1.4927697641130495}
{"t": 1784476416.1116343, "x": 0.29923887577674757, "y": 9.206712987788421e-08, "zone": null, "min_dist": 1.476843225886928}
{"t": 1784476416.264187, "x": 0.33024510180783834, "y": 1.0151389281167729e-07, "zone": null, "min_dist": 1.462385503113417}
{"t": 1784476416.41645, "x": 0.36154529297552584, "y": -9.444909487579649e-06, "zone": null, "min_dist": 1.4483093095904085}
{"t": 1784476416.5686994, "x": 0.39354224638153773, "y": -0.00023202432440269955, "zone": null, "min_dist": 1.434289997704715}
{"t": 1784476416.7209408, "x": 0.42648600244804685, "y": -0.0004994900060147107, "zone": null, "min_dist": 1.4204294705696054}
{"t": 1784476416.975913, "x": 0.45974292187685745, "y": -0.0007694986011866553, "zone": null, "min_dist": 1.407081236541504}
{"t": 1784476417.129686, "x": 0.5130548488308595, "y": -0.0012023305168179092, "zone": null, "min_dist": 1.3870800144555766}
{"t": 1784476417.2819717, "x": 0.5450051337080413, "y": -0.001461730468491037, "zone": null, "min_dist": 1.3759440271282561}
{"t": 1784476417.4422457, "x": 0.5794342557960522, "y": -0.0017412555916214811, "zone": null, "min_dist": 1.3646799304711124}
{"t": 1784476417.602572, "x": 0.6115189725894588, "y": -0.0020017475434015563, "zone": null, "min_dist": 1.3548863317778113}
{"t": 1784476417.754189, "x": 0.643657792638353, "y": -0.0022626781654771916, "zone": null, "min_dist": 1.3457718696828267}
{"t": 1784476417.914696, "x": 0.6774318373526574, "y": -0.0025368849980473237, "zone": null, "min_dist": 1.3369595185884473}
{"t": 1784476418.07534, "x": 0.7117682998055662, "y": -0.002815657870860761, "zone": null, "min_dist": 1.3288208044962202}
{"t": 1784476418.2273743, "x": 0.7443568792493466, "y": -0.0030802398441830015, "zone": null, "min_dist": 1.3218752851421935}
{"t": 1784476418.3874748, "x": 0.7790638280294323, "y": -0.003362020529791433, "zone": null, "min_dist": 1.3153261351807746}
{"t": 1784476418.5475838, "x": 0.8136782040079944, "y": -0.003643049645034119, "zone": null, "min_dist": 1.3096782636950626}
{"t": 1784476418.7081268, "x": 0.8468326599463807, "y": -0.003912226241623438, "zone": null, "min_dist": 1.3051067969116728}
{"t": 1784476418.9760504, "x": 0.8828785401737768, "y": -0.00420487816274239, "zone": null, "min_dist": 1.3010774128118046}
{"t": 1784476419.1326845, "x": 0.9349610341048361, "y": -0.004627728867900256, "zone": null, "min_dist": 1.2970040045823477}
{"t": 1784476419.2931194, "x": 0.969450785644534, "y": -0.004907746214001535, "zone": null, "min_dist": 1.2954525079346728}
{"t": 1784476419.453477, "x": 1.0023659362623474, "y": -0.005174980060835585, "zone": null, "min_dist": 1.2948250199391644}
{"t": 1784476419.6135185, "x": 1.0370528924409739, "y": -0.005456598366968274, "zone": null, "min_dist": 1.2945434016330317}
{"t": 1784476419.7743726, "x": 1.0704057432932574, "y": -0.0057273857441675815, "zone": null, "min_dist": 1.2942726142558325}
{"t": 1784476419.9343107, "x": 1.1034675705328405, "y": -0.005995810340880682, "zone": null, "min_dist": 1.2940041896591195}
{"t": 1784476420.09429, "x": 1.1363860057864432, "y": -0.006263070882498784, "zone": null, "min_dist": 1.2937369291175012}
{"t": 1784476420.246675, "x": 1.1676050975242618, "y": -0.006516534681502845, "zone": null, "min_dist": 1.2934834653184972}
{"t": 1784476420.4228706, "x": 1.2046531084908996, "y": -0.006817322441590443, "zone": null, "min_dist": 1.2931826775584097}
{"t": 1784476420.575652, "x": 1.2371624426253371, "y": -0.007081261096225189, "zone": null, "min_dist": 1.2929187389037748}
{"t": 1784476420.7279453, "x": 1.2704799911941684, "y": -0.007351761329231111, "zone": null, "min_dist": 1.292648238670769}
{"t": 1784476420.8883235, "x": 1.3028934190334154, "y": -0.007614921848744361, "zone": null, "min_dist": 1.2923850781512556}
{"t": 1784476421.0484114, "x": 1.3371659457049287, "y": -0.007893175633998481, "zone": null, "min_dist": 1.2921068243660017}
{"t": 1784476421.2087455, "x": 1.3710712923918034, "y": -0.008168448452363189, "zone": null, "min_dist": 1.2918315515476368}
{"t": 1784476421.3613741, "x": 1.4023830129326473, "y": -0.008422664280451466, "zone": null, "min_dist": 1.2915773357195486}
{"t": 1784476421.5134475, "x": 1.434984975516545, "y": -0.008687354942658376, "zone": null, "min_dist": 1.2913126450573418}
{"t": 1784476421.6734302, "x": 1.468705037408304, "y": -0.008961123529455486, "zone": null, "min_dist": 1.2910388764705445}
{"t": 1784476421.8338423, "x": 1.5027603360203639, "y": -0.009237613734504374, "zone": null, "min_dist": 1.2907623862654958}
{"t": 1784476421.9941432, "x": 1.535425135985333, "y": -0.00928666831649405, "zone": null, "min_dist": 1.290713331683506}
{"t": 1784476422.146192, "x": 1.566983119913824, "y": -0.008615664776043934, "zone": null, "min_dist": 1.291384335223956}
{"t": 1784476422.3067544, "x": 1.600500368701444, "y": -0.007392067246534845, "zone": null, "min_dist": 1.2926079327534652}
{"t": 1784476422.459049, "x": 1.6331734321293874, "y": -0.0061764718059976005, "zone": null, "min_dist": 1.2938235281940025}
{"t": 1784476422.6193125, "x": 1.6664051773804787, "y": -0.0049400913013843435, "zone": null, "min_dist": 1.2950599086986156}
{"t": 1784476422.77975, "x": 1.699355943854755, "y": -0.0037141647045336053, "zone": null, "min_dist": 1.2962858352954665}
{"t": 1784476422.9319046, "x": 1.731942992260712, "y": -0.0025017698309943363, "zone": null, "min_dist": 1.2974982301690057}
{"t": 1784476423.0920985, "x": 1.7664100341904332, "y": -0.0012194301106869918, "zone": null, "min_dist": 1.2987805698893131}
{"t": 1784476423.2523057, "x": 1.7993035119858267, "y": 4.364992595197836e-06, "zone": null, "min_dist": 1.299995635007405}
{"t": 1784476423.4045234, "x": 1.831880648344481, "y": 0.0012163911306868134, "zone": null, "min_dist": 1.2987836088693132}
{"t": 1784476423.5571852, "x": 1.8632676231996854, "y": 0.002384137106728959, "zone": null, "min_dist": 1.297615862893271}
{"t": 1784476423.7095728, "x": 1.8951968703606294, "y": 0.0035720584744921525, "zone": null, "min_dist": 1.296427941525508}
{"t": 1784476423.8700867, "x": 1.928709594387246, "y": 0.004818892670461621, "zone": null, "min_dist": 1.2951811073295385}
{"t": 1784476424.0301497, "x": 1.961944615838074, "y": 0.006055394911351285, "zone": null, "min_dist": 1.2939446050886487}
{"t": 1784476424.1828775, "x": 1.9938738630135497, "y": 0.007243316289625576, "zone": null, "min_dist": 1.2927566837103746}
{"t": 1784476424.3583562, "x": 2.032248342234212, "y": 0.008375846144473573, "zone": null, "min_dist": 1.2916241538555264}
{"t": 1784476424.5187259, "x": 2.0671323615148554, "y": 0.008935139768384993, "zone": null, "min_dist": 1.291064860231615}
{"t": 1784476424.6712844, "x": 2.098153532557941, "y": 0.009423977286176829, "zone": null, "min_dist": 1.2905760227138232}
{"t": 1784476424.823213, "x": 2.1306664585633293, "y": 0.009936322658770395, "zone": null, "min_dist": 1.2900636773412297}
{"t": 1784476424.9755187, "x": 2.162716284309518, "y": 0.010441370308769207, "zone": null, "min_dist": 1.289558629691231}
{"t": 1784476425.1275916, "x": 2.194200555475731, "y": 0.010937505752512735, "zone": null, "min_dist": 1.2890624942474873}
{"t": 1784476425.2799675, "x": 2.2268061015255713, "y": 0.011451310750370989, "zone": null, "min_dist": 1.288548689249629}
{"t": 1784476425.4564157, "x": 2.263672171483742, "y": 0.012032253706160788, "zone": null, "min_dist": 1.2879677462938393}
{"t": 1784476425.6164606, "x": 2.2978169848532413, "y": 0.012570314772305913, "zone": null, "min_dist": 1.287429685227694}
{"t": 1784476425.7689612, "x": 2.330415974816729, "y": 0.013084016514426821, "zone": null, "min_dist": 1.2869159834855732}
{"t": 1784476425.9291968, "x": 2.3642255820943463, "y": 0.01361679521178462, "zone": null, "min_dist": 1.2863832047882153}
{"t": 1784476426.081619, "x": 2.395617233232872, "y": 0.01411147111221469, "zone": null, "min_dist": 1.2858885288877853}
{"t": 1784476426.2337587, "x": 2.4284080194107958, "y": 0.014628195221772678, "zone": null, "min_dist": 1.2853718047782274}
{"t": 1784476426.385887, "x": 2.4599021248445148, "y": 0.015124485566898887, "zone": null, "min_dist": 1.2848755144331012}
{"t": 1784476426.5382535, "x": 2.4916675341957295, "y": 0.015625051303792856, "zone": null, "min_dist": 1.2843749486962073}
{"t": 1784476426.690516, "x": 2.523870634974657, "y": 0.016132514379939258, "zone": null, "min_dist": 1.2838674856200607}
{"t": 1784476426.8424273, "x": 2.5550803208603283, "y": 0.016624322746404553, "zone": null, "min_dist": 1.2833756772535956}
{"t": 1784476426.9948723, "x": 2.58721949167406, "y": 0.017130778385219092, "zone": null, "min_dist": 1.282869221614781}
{"t": 1784476427.1552203, "x": 2.6212429980160556, "y": 0.017666927826383304, "zone": null, "min_dist": 1.2823330721736168}
{"t": 1784476427.3156033, "x": 2.6543116726461915, "y": 0.018188030523227216, "zone": null, "min_dist": 1.281811969476773}
{"t": 1784476427.4678974, "x": 2.6869106625059174, "y": 0.018701732263376424, "zone": null, "min_dist": 1.2812982677366236}
{"t": 1784476427.6202805, "x": 2.7189604882273763, "y": 0.01920677993994113, "zone": null, "min_dist": 1.280793220060059}
{"t": 1784476427.772286, "x": 2.749981659106789, "y": 0.01969561763205527, "zone": null, "min_dist": 1.2803043823679447}
{"t": 1784476427.9324653, "x": 2.7836060261278135, "y": 0.020225477206887013, "zone": null, "min_dist": 1.279774522793113}
{"t": 1784476428.0845063, "x": 2.814544411074527, "y": 0.020713010233348587, "zone": null, "min_dist": 1.2792869897666515}
{"t": 1784476428.2449462, "x": 2.8474819133102245, "y": 0.02123204590563708, "zone": null, "min_dist": 1.278767954094363}
{"t": 1784476428.4053254, "x": 2.8818759308282966, "y": 0.021774034053313743, "zone": null, "min_dist": 1.2782259659466864}
{"t": 1784476428.5651898, "x": 2.9155002978870224, "y": 0.022303893636877858, "zone": null, "min_dist": 1.2776961063631223}
{"t": 1784476428.7260315, "x": 2.9495524911673563, "y": 0.022840495146281857, "zone": null, "min_dist": 1.277159504853718}
{"t": 1784476428.9800305, "x": 2.984281742846424, "y": 0.02338776613121176, "zone": null, "min_dist": 1.2766122338687882}
{"t": 1784476429.142603, "x": 3.0382472845782527, "y": 0.024238166166506415, "zone": null, "min_dist": 1.2757618338334937}
{"t": 1784476429.3029583, "x": 3.072270791020137, "y": 0.02477431560920838, "zone": null, "min_dist": 1.2752256843907916}
{"t": 1784476429.455448, "x": 3.1033944997410283, "y": 0.025264769074488148, "zone": null, "min_dist": 1.274735230925512}
{"t": 1784476429.6154728, "x": 3.137753215461435, "y": 0.025806200938521266, "zone": null, "min_dist": 1.2741937990614787}
{"t": 1784476429.7681186, "x": 3.1706939676835084, "y": 0.026325288320455283, "zone": null, "min_dist": 1.2736747116795448}
{"t": 1784476429.944234, "x": 3.2072821775591347, "y": 0.02690185261341669, "zone": null, "min_dist": 1.2730981473865834}
{"t": 1784476430.0966074, "x": 3.239478722259064, "y": 0.027409212420012603, "zone": null, "min_dist": 1.2725907875799873}
{"t": 1784476430.2489457, "x": 3.2717424471663077, "y": 0.027917630842513506, "zone": null, "min_dist": 1.2720823691574865}
{"t": 1784476430.409106, "x": 3.304718501828642, "y": 0.02843727398482092, "zone": null, "min_dist": 1.2715627260151792}
{"t": 1784476430.5692782, "x": 3.3387961348756185, "y": 0.028974276454971498, "zone": null, "min_dist": 1.2710257235450286}
{"t": 1784476430.721214, "x": 3.3705713784836737, "y": 0.02947499710342646, "zone": null, "min_dist": 1.2705250028965736}
{"t": 1784476430.8738873, "x": 3.4023400659498777, "y": 0.029975614483144546, "zone": null, "min_dist": 1.2700243855168556}
{"t": 1784476431.0344064, "x": 3.436513597217042, "y": 0.0305141281313583, "zone": null, "min_dist": 1.2694858718686417}
{"t": 1784476431.1865067, "x": 3.46856342292833, "y": 0.031019175810925927, "zone": null, "min_dist": 1.268980824189074}
{"t": 1784476431.3464186, "x": 3.5014083052854676, "y": 0.03153675193326473, "zone": null, "min_dist": 1.2684632480667353}
{"t": 1784476431.4989812, "x": 3.534135161441368, "y": 0.03205246861845878, "zone": null, "min_dist": 1.2679475313815414}
{"t": 1784476431.6592972, "x": 3.5686504550026967, "y": 0.03259636790738955, "zone": null, "min_dist": 1.2674036320926105}
{"t": 1784476431.83554, "x": 3.6052386649052464, "y": 0.03317293219754589, "zone": null, "min_dist": 1.2668270678024542}
{"t": 1784476431.9878438, "x": 3.637559794649202, "y": 0.03368225527070756, "zone": null, "min_dist": 1.2663177447292924}
{"t": 1784476432.163963, "x": 3.674793066722194, "y": 0.03426898482107032, "zone": null, "min_dist": 1.2657310151789298}
{"t": 1784476432.3403897, "x": 3.7114738965882297, "y": 0.03484700866565775, "zone": null, "min_dist": 1.2651529913343422}
{"t": 1784476432.493385, "x": 3.743299957881341, "y": 0.03534853021225165, "zone": null, "min_dist": 1.2646514697877485}
{"t": 1784476432.6530037, "x": 3.7777865955793377, "y": 0.03589197791772999, "zone": null, "min_dist": 1.26410802208227}
{"t": 1784476432.805765, "x": 3.809651181218467, "y": 0.036394106482858374, "zone": null, "min_dist": 1.2636058935171417}
{"t": 1784476432.982592, "x": 3.8463221768265714, "y": 0.03697197544147553, "zone": null, "min_dist": 1.2630280245585246}
{"t": 1784476433.142616, "x": 3.880780124440022, "y": 0.037514971014423026, "zone": null, "min_dist": 1.262485028985577}
{"t": 1784476433.3023396, "x": 3.9141266314070244, "y": 0.03804045193458708, "zone": null, "min_dist": 1.2619595480654129}
{"t": 1784476433.4623816, "x": 3.948178824709606, "y": 0.03857705344426851, "zone": null, "min_dist": 1.2614229465557316}
{"t": 1784476433.6146338, "x": 3.980777814653865, "y": 0.03909075518565816, "zone": null, "min_dist": 1.260909244814342}
{"t": 1784476433.77501, "x": 4.0144948018658315, "y": 0.03962207432658875, "zone": null, "min_dist": 1.2603779256734113}
{"t": 1784476433.9275556, "x": 4.045979073041589, "y": 0.040118209779160585, "zone": null, "min_dist": 1.2598817902208395}
{"t": 1784476434.0875885, "x": 4.0803444005982, "y": 0.04065974579937881, "zone": null, "min_dist": 1.2593402542006213}
{"t": 1784476434.2399676, "x": 4.11316384586844, "y": 0.0411769215432292, "zone": null, "min_dist": 1.2588230784567709}
{"t": 1784476434.400384, "x": 4.146075995208029, "y": 0.04169555766026701, "zone": null, "min_dist": 1.258304442339733}
{"t": 1784476434.560624, "x": 4.180527331018685, "y": 0.04223844908067533, "zone": null, "min_dist": 1.2577615509193247}
{"t": 1784476434.712723, "x": 4.21248453671501, "y": 0.04274203720170772, "zone": null, "min_dist": 1.2572579627982923}
{"t": 1784476434.8654754, "x": 4.244246668048613, "y": 0.04324255131863503, "zone": null, "min_dist": 1.256757448681365}
{"t": 1784476435.0414996, "x": 4.2777398947180165, "y": 0.04377034342378737, "zone": null, "min_dist": 1.2562296565762128}
{"t": 1784476435.201666, "x": 4.307574554132295, "y": 0.04422199876283664, "zone": null, "min_dist": 1.2557780012371633}
{"t": 1784476435.3532622, "x": 4.339674202229387, "y": 0.04436598448874267, "zone": null, "min_dist": 1.2556340155112573}
{"t": 1784476435.5137203, "x": 4.373765875781364, "y": 0.04442630052530455, "zone": null, "min_dist": 1.2555736994746955}
{"t": 1784476435.674361, "x": 4.406931207676921, "y": 0.04448497748795383, "zone": null, "min_dist": 1.2555150225120462}
{"t": 1784476435.8347633, "x": 4.441108928109391, "y": 0.04454544602980897, "zone": null, "min_dist": 1.2554545539701911}
{"t": 1784476435.994845, "x": 4.475721084252963, "y": 0.04460668332255659, "zone": null, "min_dist": 1.2553933166774434}
{"t": 1784476436.1472414, "x": 4.507496944708678, "y": 0.0446629021626622, "zone": null, "min_dist": 1.255337097837338}
{"t": 1784476436.3076484, "x": 4.541208229697903, "y": 0.04472254538353809, "zone": null, "min_dist": 1.255277454616462}
{"t": 1784476436.4595022, "x": 4.573539878551524, "y": 0.04477974772578724, "zone": null, "min_dist": 1.2552202522742129}
{"t": 1784476436.619565, "x": 4.607877419005845, "y": 0.04484049905122415, "zone": null, "min_dist": 1.255159500948776}
{"t": 1784476436.7800825, "x": 4.641032915634158, "y": 0.04489915878153801, "zone": null, "min_dist": 1.255100841218462}
{"t": 1784476436.9404125, "x": 4.675309824563203, "y": 0.044959802819583054, "zone": null, "min_dist": 1.255040197180417}
{"t": 1784476437.0925553, "x": 4.706993053588637, "y": 0.04501585774562317, "zone": null, "min_dist": 1.2549841422543768}
{"t": 1784476437.24497, "x": 4.739193545167272, "y": 0.0450728280535467, "zone": null, "min_dist": 1.2549271719464534}
{"t": 1784476437.4215786, "x": 4.7764633504764245, "y": 0.04513876713246544, "zone": null, "min_dist": 1.2548612328675346}
{"t": 1784476437.5812335, "x": 4.80972131390502, "y": 0.045197608096297893, "zone": null, "min_dist": 1.2548023919037021}
{"t": 1784476437.7579854, "x": 4.846773887577678, "y": 0.045263162781292776, "zone": null, "min_dist": 1.2547368372187073}
{"t": 1784476437.9181697, "x": 4.881136870864192, "y": 0.0453239591884118, "zone": null, "min_dist": 1.2546760408115882}
{"t": 1784476438.0707078, "x": 4.913190625509727, "y": 0.04538066978177299, "zone": null, "min_dist": 1.2546193302182271}
{"t": 1784476438.2305825, "x": 4.946346122073817, "y": 0.0454393295117683, "zone": null, "min_dist": 1.2545606704882317}
{"t": 1784476438.391158, "x": 4.980623030968663, "y": 0.045499973549604264, "zone": null, "min_dist": 1.2545000264503958}
{"t": 1784476438.543611, "x": 5.012274291065296, "y": 0.04555597191458593, "zone": null, "min_dist": 1.254444028085414}
{"t": 1784476438.7040262, "x": 5.046237996319563, "y": 0.04561606173411653, "zone": null, "min_dist": 1.2543839382658835}
{"t": 1784476438.8639205, "x": 5.0806009796814315, "y": 0.04567685814136819, "zone": null, "min_dist": 1.2543231418586318}
{"t": 1784476439.0162132, "x": 5.111546525855461, "y": 0.0457316077077291, "zone": null, "min_dist": 1.254268392292271}
{"t": 1784476439.1765904, "x": 5.145136457895997, "y": 0.04579103615466342, "zone": null, "min_dist": 1.2542089638453366}
{"t": 1784476439.3370101, "x": 5.17974861399463, "y": 0.04585227345753818, "zone": null, "min_dist": 1.2541477265424619}
{"t": 1784476439.4890463, "x": 5.212604051441755, "y": 0.04591040266168532, "zone": null, "min_dist": 1.2540895973383148}
{"t": 1784476439.6414342, "x": 5.243878225855265, "y": 0.04596573380934436, "zone": null, "min_dist": 1.2540342661906556}
{"t": 1784476439.7939718, "x": 5.27722882343165, "y": 0.04602473922997266, "zone": null, "min_dist": 1.2539752607700274}
{"t": 1784476439.9464166, "x": 5.309033374357137, "y": 0.04608100886110415, "zone": null, "min_dist": 1.253918991138896}
{"t": 1784476440.1223755, "x": 5.345894128236536, "y": 0.046146224164821587, "zone": null, "min_dist": 1.2538537758351784}
{"t": 1784476440.2823253, "x": 5.379152091593401, "y": 0.046205065136395024, "zone": null, "min_dist": 1.253794934863605}
{"t": 1784476440.4348862, "x": 5.410094269221765, "y": 0.046259808749718065, "zone": null, "min_dist": 1.253740191250282}
{"t": 1784476440.5869544, "x": 5.442419361007138, "y": 0.046316999534583264, "zone": null, "min_dist": 1.2536830004654167}
{"t": 1784476440.739343, "x": 5.475271519899473, "y": 0.04637512296588857, "zone": null, "min_dist": 1.2536248770341114}
{"t": 1784476440.9002984, "x": 5.508714746154651, "y": 0.0464342917633906, "zone": null, "min_dist": 1.2535657082366094}
{"t": 1784476441.0600777, "x": 5.542857188255307, "y": 0.046494697942717336, "zone": null, "min_dist": 1.2535053020572826}
{"t": 1784476441.2202682, "x": 5.577041465826551, "y": 0.04655517807024598, "zone": null, "min_dist": 1.253444821929754}
{"t": 1784476441.3803551, "x": 5.611471637700246, "y": 0.04661609331226388, "zone": null, "min_dist": 1.2533839066877361}
{"t": 1784476441.540749, "x": 5.6444418715297076, "y": 0.04667442521185369, "zone": null, "min_dist": 1.2533255747881464}
{"t": 1784476441.70099, "x": 5.677699834885154, "y": 0.04673326618019016, "zone": null, "min_dist": 1.2532667338198098}
{"t": 1784476441.8617003, "x": 5.709989648676875, "y": 0.04679039405557476, "zone": null, "min_dist": 1.2532096059444253}
{"t": 1784476442.022182, "x": 5.739225904253836, "y": 0.04684211863881829, "zone": null, "min_dist": 1.2531578813611817}
{"t": 1784476442.1822152, "x": 5.7654373227316285, "y": 0.04688849095908667, "zone": null, "min_dist": 1.2345626772683715}
{"t": 1784476442.3425045, "x": 5.789051782635041, "y": 0.04693026828257624, "zone": null, "min_dist": 1.210948217364959}
{"t": 1784476442.50303, "x": 5.807443800656624, "y": 0.04696280560597106, "zone": null, "min_dist": 1.1925561993433762}
