{"t": 1784478642.766364, "x": -1.3904914459752682e-11, "y": -1.3617516425906378e-13, "zone": null, "min_dist": 1.6401219466940427}
{"t": 1784478642.9259362, "x": -1.3904914459752682e-11, "y": -1.3617516425906378e-13, "zone": null, "min_dist": 1.6401219466940427}
{"t": 1784478643.0865297, "x": -1.3904914459752682e-11, "y": -1.3617516425906378e-13, "zone": null, "min_dist": 1.6401219466940427}
{"t": 1784478643.2468498, "x": -1.3904914459752682e-11, "y": -1.3617516425906378e-13, "zone": null, "min_dist": 1.6401219466940427}
{"t": 1784478643.4076087, "x": -1.3904914459752682e-11, "y": -1.3617516425906378e-13, "zone": null, "min_dist": 1.6401219466940427}
{"t": 1784478643.576427, "x": -1.3904914459752682e-11, "y": -1.3617516425906378e-13, "zone": null, "min_dist": 1.6401219466940427}
{"t": 1784478643.7283144, "x": -1.3904914459752682e-11, "y": -1.3617516425906378e-13, "zone": null, "min_dist": 1.6401219466940427}
{"t": 1784478643.9045315, "x": -1.3904914459752682e-11, "y": -1.3617516425906378e-13, "zone": null, "min_dist": 1.6401219466940427}
{"t": 1784478644.0648127, "x": -1.3904914459752682e-11, "y": -1.3617516425906378e-13, "zone": null, "min_dist": 1.6401219466940427}
{"t": 1784478644.2172923, "x": -1.3904914459752682e-11, "y": -1.3617516425906378e-13, "zone": null, "min_dist": 1.6401219466940427}
{"t": 1784478644.3699687, "x": -1.3904914459752682e-11, "y": -1.3617516425906378e-13, "zone": null, "min_dist": 1.6401219466940427}
{"t": 1784478644.52978, "x": -1.3904914459752682e-11, "y": -1.3617516425906378e-13, "zone": null, "min_dist": 1.6401219466940427}
{"t": 1784478644.6902418, "x": -1.3904914459752682e-11, "y": -1.3617516425906378e-13, "zone": null, "min_dist": 1.6401219466940427}
{"t": 1784478644.8421948, "x": -1.3904914459752682e-11, "y": -1.3617516425906378e-13, "zone": null, "min_dist": 1.6401219466940427}
{"t": 1784478645.002803, "x": -1.3904914459752682e-11, "y": -1.3617516425906378e-13, "zone": null, "min_dist": 1.6401219466940427}
{"t": 1784478645.1548011, "x": -1.3904914459752682e-11, "y": -1.3617516425906378e-13, "zone": null, "min_dist": 1.6401219466940427}
{"t": 1784478645.3313026, "x": -1.3904914459752682e-11, "y": -1.3617516425906378e-13, "zone": null, "min_dist": 1.6401219466940427}
{"t": 1784478645.4833398, "x": -1.3904914459752682e-11, "y": -1.3617516425906378e-13, "zone": null, "min_dist": 1.6401219466940427}
{"t": 1784478645.6432524, "x": -1.3904914459752682e-11, "y": -1.3617516425906378e-13, "zone": null, "min_dist": 1.6401219466940427}
{"t": 1784478645.819656, "x": -1.3904914459752682e-11, "y": -1.3617516425906378e-13, "zone": null, "min_dist": 1.6401219466940427}
{"t": 1784478645.9721043, "x": -1.3904914459752682e-11, "y": -1.3617516425906378e-13, "zone": null, "min_dist": 1.6401219466940427}
{"t": 1784478646.124288, "x": -1.3904914459752682e-11, "y": -1.3617516425906378e-13, "zone": null, "min_dist": 1.6401219466940427}
{"t": 1784478646.276446, "x": -1.3904914459752682e-11, "y": -1.3617516425906378e-13, "zone": null, "min_dist": 1.6401219466940427}
{"t": 1784478646.4362214, "x": -1.3904914459752682e-11, "y": -1.3617516425906378e-13, "zone": null, "min_dist": 1.6401219466940427}
{"t": 1784478646.5967004, "x": -1.3904914459752682e-11, "y": -1.3617516425906378e-13, "zone": null, "min_dist": 1.6401219466940427}
{"t": 1784478646.7573187, "x": 0.00499125323549514, "y": 4.385147270598066e-10, "zone": null, "min_dist": 1.6370835058107855}
{"t": 1784478646.9175873, "x": 0.032466584730053205, "y": 7.607512320418595e-09, "zone": null, "min_dist": 1.620531051811225}
{"t": 1784478647.077887, "x": 0.06639834184700089, "y": 1.8380443307892515e-08, "zone": null, "min_dist": 1.6005036733218945}
{"t": 1784478647.2540739, "x": 0.1035149088015512, "y": 3.008527572933582e-08, "zone": null, "min_dist": 1.5791407285354193}
{"t": 1784478647.4148335, "x": 0.13793857636154544, "y": 4.120938592462147e-08, "zone": null, "min_dist": 1.559855695563265}
{"t": 1784478647.5670452, "x": 0.17014567475892833, "y": 5.1428262320803855e-08, "zone": null, "min_dist": 1.54228987787894}
{"t": 1784478647.7194, "x": 0.20191165608586237, "y": 6.141130198947775e-08, "zone": null, "min_dist": 1.52543267469339}
{"t": 1784478647.8713658, "x": 0.23463920685024775, "y": 7.195716441842342e-08, "zone": null, "min_dist": 1.5085678495189387}
{"t": 1784478648.0478597, "x": 0.2711478385151553, "y": 8.330231164106146e-08, "zone": null, "min_dist": 1.4903775550896916}
{"t": 1784478648.2081654, "x": 0.30371887600937547, "y": 9.326274926543973e-08, "zone": null, "min_dist": 1.4747227404303862}
{"t": 1784478648.3601904, "x": 0.33645301166149205, "y": 1.0376724713915758e-07, "zone": null, "min_dist": 1.459552786280192}
{"t": 1784478648.5124724, "x": 0.3693910718213965, "y": -7.394660043565267e-05, "zone": null, "min_dist": 1.4448098022250313}
{"t": 1784478648.665428, "x": 0.402067709251944, "y": -0.0005885141001651658, "zone": null, "min_dist": 1.430382198577581}
{"t": 1784478648.8174136, "x": 0.43543824252553115, "y": -0.0011942734601175157, "zone": null, "min_dist": 1.4162013604341204}
{"t": 1784478648.9934938, "x": 0.4718049265079053, "y": -0.0018382337957656785, "zone": null, "min_dist": 1.4015041943910895}
{"t": 1784478649.1457832, "x": 0.5036526640060508, "y": -0.0020623277479520294, "zone": null, "min_dist": 1.3896052961180578}
{"t": 1784478649.3066978, "x": 0.5368635265172833, "y": -0.0015985892277648255, "zone": null, "min_dist": 1.3785287869918923}
{"t": 1784478649.4670553, "x": 0.5698663139712323, "y": -0.0009663813419320361, "zone": null, "min_dist": 1.3683944351905883}
{"t": 1784478649.618937, "x": 0.6015724349972141, "y": -0.0003590128347970885, "zone": null, "min_dist": 1.3593422012406562}
{"t": 1784478649.7790997, "x": 0.636452806463509, "y": 0.0003091626222170013, "zone": null, "min_dist": 1.349578761944638}
{"t": 1784478649.9317858, "x": 0.6693916053547766, "y": 0.0009401448029219528, "zone": null, "min_dist": 1.3404694767112546}
{"t": 1784478650.0915523, "x": 0.7023305224975199, "y": 0.001571128743814133, "zone": null, "min_dist": 1.3321128524071122}
{"t": 1784478650.2435997, "x": 0.7344929872415648, "y": 0.0021872390383361126, "zone": null, "min_dist": 1.3246931479927133}
{"t": 1784478650.4041612, "x": 0.7678661087512142, "y": 0.0028265407429754843, "zone": null, "min_dist": 1.3177803788443423}
{"t": 1784478650.5563345, "x": 0.799255898313111, "y": 0.003427849354231573, "zone": null, "min_dist": 1.3120204023536635}
{"t": 1784478650.716335, "x": 0.8319841509280805, "y": 0.004054797632140161, "zone": null, "min_dist": 1.3067912201570806}
{"t": 1784478650.8690104, "x": 0.8630452788369237, "y": 0.004649810156089069, "zone": null, "min_dist": 1.3025700403346887}
{"t": 1784478651.045679, "x": 0.9006148069906211, "y": 0.005369499301377091, "zone": null, "min_dist": 1.2984396597180319}
{"t": 1784478651.2054582, "x": 0.9347863117930484, "y": 0.006024095290411339, "zone": null, "min_dist": 1.2956181795183919}
{"t": 1784478651.3577487, "x": 0.965911459142075, "y": 0.006620334206631174, "zone": null, "min_dist": 1.293828809582469}
{"t": 1784478651.518178, "x": 0.9991753690346294, "y": 0.007257543873764998, "zone": null, "min_dist": 1.2927427191392415}
{"t": 1784478651.6707187, "x": 1.0319928990497942, "y": 0.007886202934103588, "zone": null, "min_dist": 1.2921137970658965}
{"t": 1784478651.8305724, "x": 1.0650175772557657, "y": 0.008518829707350527, "zone": null, "min_dist": 1.2914811702926494}
{"t": 1784478651.983113, "x": 1.0959475718393668, "y": 0.009111330230362646, "zone": null, "min_dist": 1.2908886697696373}
{"t": 1784478652.1436734, "x": 1.1299084090097524, "y": 0.009761890515365327, "zone": null, "min_dist": 1.2902381094846347}
{"t": 1784478652.3042479, "x": 1.163958493050081, "y": 0.01041416045257952, "zone": null, "min_dist": 1.2895858395474205}
{"t": 1784478652.464682, "x": 1.1981012816508174, "y": 0.011068206308777764, "zone": null, "min_dist": 1.2889317936912223}
{"t": 1784478652.6248448, "x": 1.2329816811228531, "y": 0.011736382238698516, "zone": null, "min_dist": 1.2882636177613016}
{"t": 1784478652.777539, "x": 1.2642753086145178, "y": 0.012335848674642609, "zone": null, "min_dist": 1.2876641513253575}
{"t": 1784478652.9381135, "x": 1.2982934264752173, "y": 0.012987506253360462, "zone": null, "min_dist": 1.2870124937466396}
{"t": 1784478653.0899272, "x": 1.3308904833323263, "y": 0.013611941856021133, "zone": null, "min_dist": 1.2863880581439788}
{"t": 1784478653.2421424, "x": 1.3618978475764467, "y": 0.014205924479171092, "zone": null, "min_dist": 1.285794075520829}
{"t": 1784478653.3945346, "x": 1.393476054191617, "y": 0.014810842434890583, "zone": null, "min_dist": 1.2851891575651095}
{"t": 1784478653.5465958, "x": 1.4264148529409613, "y": 0.015441824590753906, "zone": null, "min_dist": 1.284558175409246}
{"t": 1784478653.7068636, "x": 1.4608387631554618, "y": 0.016101255728633863, "zone": null, "min_dist": 1.283898744271366}
{"t": 1784478653.8834329, "x": 1.497328911012376, "y": 0.01680026772418095, "zone": null, "min_dist": 1.283199732275819}
{"t": 1784478654.0433333, "x": 1.5321066544863413, "y": 0.01746647714402709, "zone": null, "min_dist": 1.2825335228559729}
{"t": 1784478654.2038083, "x": 1.56547977608598, "y": 0.01810577885042333, "zone": null, "min_dist": 1.2818942211495767}
{"t": 1784478654.364198, "x": 1.5985366282768914, "y": 0.018739022023109918, "zone": null, "min_dist": 1.2812609779768902}
{"t": 1784478654.5164526, "x": 1.6299783800250556, "y": 0.01934132596426915, "zone": null, "min_dist": 1.2806586740357309}
{"t": 1784478654.6775222, "x": 1.6627991851098318, "y": 0.019970047221431315, "zone": null, "min_dist": 1.2800299527785688}
{"t": 1784478654.837259, "x": 1.6964117244959784, "y": 0.020613935414685095, "zone": null, "min_dist": 1.279386064585315}
{"t": 1784478654.989371, "x": 1.7282744205129534, "y": 0.021224303173626502, "zone": null, "min_dist": 1.2787756968263735}
{"t": 1784478655.1412365, "x": 1.7608460389024931, "y": 0.021848251404519164, "zone": null, "min_dist": 1.278151748595481}
{"t": 1784478655.3014507, "x": 1.7946404398202511, "y": 0.02249562343613178, "zone": null, "min_dist": 1.2775043765638683}
{"t": 1784478655.453998, "x": 1.8273366669975006, "y": 0.023121958741008967, "zone": null, "min_dist": 1.276878041258991}
{"t": 1784478655.614316, "x": 1.8604959674598351, "y": 0.023757164381271945, "zone": null, "min_dist": 1.276242835618728}
{"t": 1784478655.791108, "x": 1.896979559352059, "y": 0.024456050858881195, "zone": null, "min_dist": 1.275543949141119}
{"t": 1784478655.9511511, "x": 1.9295545459153658, "y": 0.025080063089515506, "zone": null, "min_dist": 1.2749199369104844}
{"t": 1784478656.111891, "x": 1.9621581587218315, "y": 0.025704623710000755, "zone": null, "min_dist": 1.2742953762899993}
{"t": 1784478656.2712657, "x": 1.9956526730106219, "y": 0.026346250898879632, "zone": null, "min_dist": 1.2736537491011204}
{"t": 1784478656.4239366, "x": 2.0284349309870775, "y": 0.026974234300071495, "zone": null, "min_dist": 1.2730257656999286}
{"t": 1784478656.5762243, "x": 2.0602050124771116, "y": 0.027582827892310077, "zone": null, "min_dist": 1.27241717210769}
{"t": 1784478656.7368739, "x": 2.0948714943391313, "y": 0.02824690588583588, "zone": null, "min_dist": 1.2717530941141642}
{"t": 1784478656.8975935, "x": 2.1297839157719958, "y": 0.02891569525561746, "zone": null, "min_dist": 1.2710843047443825}
{"t": 1784478657.0574365, "x": 2.163591518257257, "y": 0.029563320100238877, "zone": null, "min_dist": 1.270436679899761}
{"t": 1784478657.218035, "x": 2.196619682159282, "y": 0.03019601368626899, "zone": null, "min_dist": 1.2698039863137311}
{"t": 1784478657.378907, "x": 2.2304273186788603, "y": 0.030843639195623534, "zone": null, "min_dist": 1.2691563608043765}
{"t": 1784478657.5305364, "x": 2.2627817417135256, "y": 0.03146342672987694, "zone": null, "min_dist": 1.268536573270123}
{"t": 1784478657.6840456, "x": 2.295164853223233, "y": 0.032083763854596416, "zone": null, "min_dist": 1.2679162361454037}
{"t": 1784478657.8436081, "x": 2.329521587259781, "y": 0.03274190819027975, "zone": null, "min_dist": 1.2672580918097203}
{"t": 1784478658.0195067, "x": 2.3656159593181747, "y": 0.0334333384996914, "zone": null, "min_dist": 1.2665666615003086}
{"t": 1784478658.1719198, "x": 2.397874458880672, "y": 0.03405128849323911, "zone": null, "min_dist": 1.265948711506761}
{"t": 1784478658.3323407, "x": 2.4323237795606234, "y": 0.03471120645687502, "zone": null, "min_dist": 1.265288793543125}
{"t": 1784478658.4926445, "x": 2.464930760427899, "y": 0.03533583158980746, "zone": null, "min_dist": 1.2646641684101927}
{"t": 1784478658.6450446, "x": 2.496847521071976, "y": 0.035947235088159134, "zone": null, "min_dist": 1.264052764911841}
{"t": 1784478658.80489, "x": 2.5314533824337273, "y": 0.036610151804671066, "zone": null, "min_dist": 1.263389848195329}
{"t": 1784478658.965754, "x": 2.5659379131005964, "y": 0.03727074421964696, "zone": null, "min_dist": 1.262729255780353}
{"t": 1784478659.1254623, "x": 2.598908762249499, "y": 0.03790233983389975, "zone": null, "min_dist": 1.2620976601661003}
{"t": 1784478659.286052, "x": 2.6338817483497325, "y": 0.03857228939211454, "zone": null, "min_dist": 1.2614277106078855}
{"t": 1784478659.4622536, "x": 2.6709308614086598, "y": 0.03928200918740396, "zone": null, "min_dist": 1.260717990812596}
{"t": 1784478659.6222246, "x": 2.7050736500551973, "y": 0.03993605504436979, "zone": null, "min_dist": 1.2600639449556303}
{"t": 1784478659.7746904, "x": 2.73720432842065, "y": 0.04055155648227423, "zone": null, "min_dist": 1.2594484435177258}
{"t": 1784478659.927352, "x": 2.768422090357852, "y": 0.04114956957219453, "zone": null, "min_dist": 1.2588504304278054}
{"t": 1784478660.079735, "x": 2.799968392775638, "y": 0.04175387638408092, "zone": null, "min_dist": 1.258246123615919}
{"t": 1784478660.2395794, "x": 2.830032890344671, "y": 0.04232979659533204, "zone": null, "min_dist": 1.257670203404668}
{"t": 1784478660.3999064, "x": 2.8613668115995146, "y": 0.04292589617567426, "zone": null, "min_dist": 1.2570741038243258}
{"t": 1784478660.6530206, "x": 2.894554723089755, "y": 0.043387625123525175, "zone": null, "min_dist": 1.2566123748764748}
{"t": 1784478660.8086712, "x": 2.946887068839956, "y": 0.04407362355473633, "zone": null, "min_dist": 1.2559263764452637}
{"t": 1784478660.9611433, "x": 2.9776971435590815, "y": 0.04447749706151223, "zone": null, "min_dist": 1.2555225029384878}
{"t": 1784478661.1135473, "x": 3.007332877144608, "y": 0.044858353024078465, "zone": null, "min_dist": 1.2551416469759216}
{"t": 1784478661.2653158, "x": 3.038895177324129, "y": 0.045139408049875485, "zone": null, "min_dist": 1.2548605919501246}
{"t": 1784478661.425826, "x": 3.0727970350603533, "y": 0.04543308797359807, "zone": null, "min_dist": 1.254566912026402}
{"t": 1784478661.5866644, "x": 3.105220177780281, "y": 0.04571395787497319, "zone": null, "min_dist": 1.2542860421250268}
{"t": 1784478661.7467606, "x": 3.1392081347396803, "y": 0.046008383790928475, "zone": null, "min_dist": 1.2539916162090716}
{"t": 1784478661.9073966, "x": 3.1722796461107214, "y": 0.0462948704967186, "zone": null, "min_dist": 1.2537051295032815}
{"t": 1784478662.0673032, "x": 3.2050347487573663, "y": 0.04657861622521978, "zone": null, "min_dist": 1.2534213837747803}
{"t": 1784478662.2275121, "x": 3.2359195100443134, "y": 0.04682967320832789, "zone": null, "min_dist": 1.253170326791672}
{"t": 1784478662.4041562, "x": 3.273207715444599, "y": 0.04698892205349725, "zone": null, "min_dist": 1.253011077946503}
{"t": 1784478662.556438, "x": 3.3049800644244276, "y": 0.04712291050472485, "zone": null, "min_dist": 1.2528770894952752}
{"t": 1784478662.7086034, "x": 3.3369311180024597, "y": 0.047257652724555704, "zone": null, "min_dist": 1.2527423472754444}
{"t": 1784478662.8690355, "x": 3.369607731386732, "y": 0.04739545434838919, "zone": null, "min_dist": 1.2526045456516108}
{"t": 1784478663.021439, "x": 3.400172599205218, "y": 0.04752435038012967, "zone": null, "min_dist": 1.2524756496198703}
{"t": 1784478663.181629, "x": 3.4340147964872454, "y": 0.047667067825424146, "zone": null, "min_dist": 1.252332932174576}
{"t": 1784478663.3419223, "x": 3.4685340681625636, "y": 0.047812640821415044, "zone": null, "min_dist": 1.252187359178585}
{"t": 1784478663.502436, "x": 3.5016991571704565, "y": 0.04795250257940635, "zone": null, "min_dist": 1.2520474974205937}
{"t": 1784478663.6624835, "x": 3.53643241165236, "y": 0.048098978072220216, "zone": null, "min_dist": 1.2519010219277797}
{"t": 1784478663.8227737, "x": 3.570399208596836, "y": 0.048242221019293076, "zone": null, "min_dist": 1.251757778980707}
{"t": 1784478663.9831164, "x": 3.603030646552215, "y": 0.048379832207177745, "zone": null, "min_dist": 1.2516201677928223}
{"t": 1784478664.1432476, "x": 3.6328511936563372, "y": 0.04850558871542802, "zone": null, "min_dist": 1.251494411284572}
{"t": 1784478664.2955146, "x": 3.6620120326989465, "y": 0.04859255626720938, "zone": null, "min_dist": 1.2514074437327907}
{"t": 1784478664.4478083, "x": 3.6937405277425963, "y": 0.04833802625372097, "zone": null, "min_dist": 1.251661973746279}
{"t": 1784478664.6082644, "x": 3.727342112045805, "y": 0.04800970962314093, "zone": null, "min_dist": 1.2519902903768592}
{"t": 1784478664.7610378, "x": 3.7596976199740415, "y": 0.047693568545750686, "zone": null, "min_dist": 1.2523064314542494}
{"t": 1784478664.9211202, "x": 3.793720444748139, "y": 0.0473611364025946, "zone": null, "min_dist": 1.2526388635974055}
{"t": 1784478665.073158, "x": 3.826507152149052, "y": 0.04704078236567605, "zone": null, "min_dist": 1.252959217634324}
{"t": 1784478665.2255564, "x": 3.857170075679806, "y": 0.04674117883916825, "zone": null, "min_dist": 1.2532588211608318}
{"t": 1784478665.3855088, "x": 3.89156004709117, "y": 0.04640515950784723, "zone": null, "min_dist": 1.2535948404921529}
{"t": 1784478665.6546948, "x": 3.929505183008736, "y": 0.04603440321462849, "zone": null, "min_dist": 1.2539655967853716}
{"t": 1784478665.8104734, "x": 3.9824559186313673, "y": 0.04551702926910382, "zone": null, "min_dist": 1.2544829707308962}
{"t": 1784478665.970721, "x": 4.016268109483983, "y": 0.04518665514069983, "zone": null, "min_dist": 1.2548133448593002}
{"t": 1784478666.1231651, "x": 4.047911348594092, "y": 0.0448774734448021, "zone": null, "min_dist": 1.255122526555198}
{"t": 1784478666.2994156, "x": 4.085642572192276, "y": 0.04450880717975989, "zone": null, "min_dist": 1.2554911928202401}
{"t": 1784478666.4513764, "x": 4.118493214491877, "y": 0.04418782845298853, "zone": null, "min_dist": 1.2558121715470114}
{"t": 1784478666.627966, "x": 4.154158004588626, "y": 0.04383935237835005, "zone": null, "min_dist": 1.25616064762165}
{"t": 1784478666.7879455, "x": 4.187963582981223, "y": 0.043509042879045515, "zone": null, "min_dist": 1.2564909571209546}
{"t": 1784478666.9484196, "x": 4.2225741411519975, "y": 0.04317086828665339, "zone": null, "min_dist": 1.2568291317133466}
{"t": 1784478667.108467, "x": 4.2558305692078715, "y": 0.04284592425360416, "zone": null, "min_dist": 1.257154075746396}
{"t": 1784478667.2605252, "x": 4.288571922840883, "y": 0.04252601339931133, "zone": null, "min_dist": 1.2574739866006888}
{"t": 1784478667.4127774, "x": 4.320720103206953, "y": 0.04221189806234568, "zone": null, "min_dist": 1.2577881019376544}
{"t": 1784478667.565029, "x": 4.352491218340839, "y": 0.041901466906488896, "zone": null, "min_dist": 1.258098533093511}
{"t": 1784478667.7173102, "x": 4.384782850498863, "y": 0.04158595004777687, "zone": null, "min_dist": 1.2584140499522232}
{"t": 1784478667.8777916, "x": 4.417512176927721, "y": 0.0412661561103055, "zone": null, "min_dist": 1.2587338438896944}
{"t": 1784478668.0381458, "x": 4.451075144283866, "y": 0.040938217019218376, "zone": null, "min_dist": 1.2590617829807818}
{"t": 1784478668.198227, "x": 4.485343914065704, "y": 0.04060338191207999, "zone": null, "min_dist": 1.2593966180879201}
{"t": 1784478668.3501937, "x": 4.518194556345342, "y": 0.04028240318544635, "zone": null, "min_dist": 1.2597175968145538}
{"t": 1784478668.5027342, "x": 4.5496910684631935, "y": 0.039974655018617446, "zone": null, "min_dist": 1.2600253449813825}
{"t": 1784478668.6551945, "x": 4.58275568511642, "y": 0.03965158567886779, "zone": null, "min_dist": 1.2603484143211323}
{"t": 1784478668.8310027, "x": 4.620084401781093, "y": 0.03928685213640102, "zone": null, "min_dist": 1.2607131478635991}
{"t": 1784478668.9834192, "x": 4.652567841731006, "y": 0.03896946115241258, "zone": null, "min_dist": 1.2610305388475875}
{"t": 1784478669.1444838, "x": 4.686092316245201, "y": 0.03864189824362872, "zone": null, "min_dist": 1.2613581017563713}
{"t": 1784478669.304543, "x": 4.719070862826317, "y": 0.03831966927500401, "zone": null, "min_dist": 1.261680330724996}
{"t": 1784478669.4644792, "x": 4.7530363093796435, "y": 0.037987797738113026, "zone": null, "min_dist": 1.262012202261887}
{"t": 1784478669.616551, "x": 4.785327941533687, "y": 0.037672280879413024, "zone": null, "min_dist": 1.262327719120587}
{"t": 1784478669.7770028, "x": 4.819168793596127, "y": 0.037341626724793325, "zone": null, "min_dist": 1.2626583732752068}
{"t": 1784478669.9371028, "x": 4.852226522248102, "y": 0.03701862411165165, "zone": null, "min_dist": 1.2629813758883484}
{"t": 1784478670.0894644, "x": 4.88463947047855, "y": 0.03670192195334512, "zone": null, "min_dist": 1.263298078046655}
{"t": 1784478670.241987, "x": 4.917062253867653, "y": 0.03638512361758994, "zone": null, "min_dist": 1.2636148763824102}
{"t": 1784478670.402327, "x": 4.949478481023581, "y": 0.036068388869849054, "zone": null, "min_dist": 1.263931611130151}
{"t": 1784478670.5546722, "x": 4.981530755753708, "y": 0.03575521059471042, "zone": null, "min_dist": 1.2642447894052897}
{"t": 1784478670.714943, "x": 5.015955969695775, "y": 0.03541884688742398, "zone": null, "min_dist": 1.2645811531125761}
{"t": 1784478670.8676977, "x": 5.048343476296563, "y": 0.035102393243169966, "zone": null, "min_dist": 1.26489760675683}
{"t": 1784478671.0197823, "x": 5.0806351085128, "y": 0.03478687638384263, "zone": null, "min_dist": 1.2652131236161575}
{"t": 1784478671.1720636, "x": 5.112997232215444, "y": 0.034470670719920854, "zone": null, "min_dist": 1.265529329280079}
{"t": 1784478671.3242826, "x": 5.144768403071514, "y": 0.034160239038506575, "zone": null, "min_dist": 1.2658397609614935}
{"t": 1784478671.4765646, "x": 5.177555082690003, "y": 0.033839885272745104, "zone": null, "min_dist": 1.266160114727255}
{"t": 1784478671.6368477, "x": 5.212354173596654, "y": 0.03349986858618984, "zone": null, "min_dist": 1.2665001314138102}
{"t": 1784478671.797033, "x": 5.245137631080591, "y": 0.03317954583118277, "zone": null, "min_dist": 1.2668204541688173}
{"t": 1784478671.9739587, "x": 5.2820991452746435, "y": 0.032818400024549846, "zone": null, "min_dist": 1.26718159997545}
{"t": 1784478672.1251707, "x": 5.313777605347429, "y": 0.03250887414899185, "zone": null, "min_dist": 1.2674911258510082}
{"t": 1784478672.3020349, "x": 5.350892403128107, "y": 0.0321462306819234, "zone": null, "min_dist": 1.2678537693180767}
{"t": 1784478672.4543042, "x": 5.38386102437865, "y": 0.031824099267083315, "zone": null, "min_dist": 1.2681759007329167}
{"t": 1784478672.6068053, "x": 5.416005926403412, "y": 0.03151001598524115, "zone": null, "min_dist": 1.268489984014759}
{"t": 1784478672.7583842, "x": 5.448568582558956, "y": 0.03119185104177406, "zone": null, "min_dist": 1.268808148958226}
{"t": 1784478672.9110472, "x": 5.481540572178249, "y": 0.030869686717450658, "zone": null, "min_dist": 1.2691303132825493}
{"t": 1784478673.063301, "x": 5.513394119818264, "y": 0.030558450121926886, "zone": null, "min_dist": 1.2694415498780731}
{"t": 1784478673.2156248, "x": 5.544047152679721, "y": 0.03025894330688698, "zone": null, "min_dist": 1.269741056693113}
{"t": 1784478673.3679178, "x": 5.575732287105224, "y": 0.02994935219961288, "zone": null, "min_dist": 1.2700506478003872}
{"t": 1784478673.5281038, "x": 5.609598432042926, "y": 0.029618450914229356, "zone": null, "min_dist": 1.2703815490857706}
{"t": 1784478673.680885, "x": 5.641433481971103, "y": 0.029307395046270866, "zone": null, "min_dist": 1.2706926049537293}
{"t": 1784478673.8414254, "x": 5.676040761811735, "y": 0.028969252513561933, "zone": null, "min_dist": 1.2710307474864382}
{"t": 1784478674.0012026, "x": 5.707591374156493, "y": 0.028660975331304163, "zone": null, "min_dist": 1.271339024668696}
{"t": 1784478674.1615655, "x": 5.7363918365506095, "y": 0.02837956880050392, "zone": null, "min_dist": 1.2636081634493905}
{"t": 1784478674.3139791, "x": 5.760899479268634, "y": 0.02814010631409937, "zone": null, "min_dist": 1.2391005207313661}
{"t": 1784478674.4663718, "x": 5.783746389689553, "y": 0.027916870303074034, "zone": null, "min_dist": 1.2162536103104467}
{"t": 1784478674.6184266, "x": 5.80473083523067, "y": 0.02771183199935897, "zone": null, "min_dist": 1.1952691647693303}
