{"t": 1784508022.98268, "x": -1.3905796730754433e-11, "y": -1.3615175726973155e-13, "zone": null, "min_dist": 1.640121946694043}
{"t": 1784508023.13419, "x": -1.3905796730754433e-11, "y": -1.3615175726973155e-13, "zone": null, "min_dist": 1.640121946694043}
{"t": 1784508023.2865698, "x": -1.3905796730754433e-11, "y": -1.3615175726973155e-13, "zone": null, "min_dist": 1.640121946694043}
{"t": 1784508023.4483244, "x": -1.3905796730754433e-11, "y": -1.3615175726973155e-13, "zone": null, "min_dist": 1.640121946694043}
{"t": 1784508023.6072772, "x": -1.3905796730754433e-11, "y": -1.3615175726973155e-13, "zone": null, "min_dist": 1.640121946694043}
{"t": 1784508023.7683775, "x": -1.3905796730754433e-11, "y": -1.3615175726973155e-13, "zone": null, "min_dist": 1.640121946694043}
{"t": 1784508023.9278595, "x": -1.3905796730754433e-11, "y": -1.3615175726973155e-13, "zone": null, "min_dist": 1.640121946694043}
{"t": 1784508024.088367, "x": -1.3905796730754433e-11, "y": -1.3615175726973155e-13, "zone": null, "min_dist": 1.640121946694043}
{"t": 1784508024.2488077, "x": -1.3905796730754433e-11, "y": -1.3615175726973155e-13, "zone": null, "min_dist": 1.640121946694043}
{"t": 1784508024.4011333, "x": -1.3905796730754433e-11, "y": -1.3615175726973155e-13, "zone": null, "min_dist": 1.640121946694043}
{"t": 1784508024.553192, "x": -1.3905796730754433e-11, "y": -1.3615175726973155e-13, "zone": null, "min_dist": 1.640121946694043}
{"t": 1784508024.7295005, "x": -1.3905796730754433e-11, "y": -1.3615175726973155e-13, "zone": null, "min_dist": 1.640121946694043}
{"t": 1784508024.889961, "x": -1.3905796730754433e-11, "y": -1.3615175726973155e-13, "zone": null, "min_dist": 1.640121946694043}
{"t": 1784508025.050092, "x": -1.3905796730754433e-11, "y": -1.3615175726973155e-13, "zone": null, "min_dist": 1.640121946694043}
{"t": 1784508025.2019806, "x": -1.3905796730754433e-11, "y": -1.3615175726973155e-13, "zone": null, "min_dist": 1.640121946694043}
{"t": 1784508025.354358, "x": -1.3905796730754433e-11, "y": -1.3615175726973155e-13, "zone": null, "min_dist": 1.640121946694043}
{"t": 1784508025.5141075, "x": -1.3905796730754433e-11, "y": -1.3615175726973155e-13, "zone": null, "min_dist": 1.640121946694043}
{"t": 1784508025.6916964, "x": -1.3905796730754433e-11, "y": -1.3615175726973155e-13, "zone": null, "min_dist": 1.640121946694043}
{"t": 1784508025.8503194, "x": -1.3905796730754433e-11, "y": -1.3615175726973155e-13, "zone": null, "min_dist": 1.640121946694043}
{"t": 1784508026.0025718, "x": -1.3905796730754433e-11, "y": -1.3615175726973155e-13, "zone": null, "min_dist": 1.640121946694043}
{"t": 1784508026.154705, "x": -1.3905796730754433e-11, "y": -1.3615175726973155e-13, "zone": null, "min_dist": 1.640121946694043}
{"t": 1784508026.3066418, "x": -1.3905796730754433e-11, "y": -1.3615175726973155e-13, "zone": null, "min_dist": 1.640121946694043}
{"t": 1784508026.4592378, "x": -1.3905796730754433e-11, "y": -1.3615175726973155e-13, "zone": null, "min_dist": 1.640121946694043}
{"t": 1784508026.6111984, "x": -1.3905796730754433e-11, "y": -1.3615175726973155e-13, "zone": null, "min_dist": 1.640121946694043}
{"t": 1784508026.7634082, "x": -1.3905796730754433e-11, "y": -1.3615175726973155e-13, "zone": null, "min_dist": 1.640121946694043}
{"t": 1784508026.9159067, "x": -1.3905796730754433e-11, "y": -1.3615175726973155e-13, "zone": null, "min_dist": 1.640121946694043}
{"t": 1784508027.0760896, "x": -1.3905796730754433e-11, "y": -1.3615175726973155e-13, "zone": null, "min_dist": 1.640121946694043}
{"t": 1784508027.2285151, "x": -1.3905796730754433e-11, "y": -1.3615175726973155e-13, "zone": null, "min_dist": 1.640121946694043}
{"t": 1784508027.3884895, "x": -1.3905796730754433e-11, "y": -1.3615175726973155e-13, "zone": null, "min_dist": 1.640121946694043}
{"t": 1784508027.5408075, "x": -1.3905796730754433e-11, "y": -1.3615175726973155e-13, "zone": null, "min_dist": 1.640121946694043}
{"t": 1784508027.6934192, "x": -1.3905796730754433e-11, "y": -1.3615175726973155e-13, "zone": null, "min_dist": 1.640121946694043}
{"t": 1784508027.8452916, "x": -1.3905796730754433e-11, "y": -1.3615175726973155e-13, "zone": null, "min_dist": 1.640121946694043}
{"t": 1784508028.0138233, "x": -1.3905796730754433e-11, "y": -1.3615175726973155e-13, "zone": null, "min_dist": 1.640121946694043}
{"t": 1784508028.1660993, "x": -1.3905796730754433e-11, "y": -1.3615175726973155e-13, "zone": null, "min_dist": 1.640121946694043}
{"t": 1784508028.326305, "x": 0.0003838135752276561, "y": 6.039852454393568e-12, "zone": null, "min_dist": 1.6398879596322127}
{"t": 1784508028.4863045, "x": 0.017086660231403965, "y": 2.8573412937923445e-09, "zone": null, "min_dist": 1.629760297119171}
{"t": 1784508028.6389363, "x": 0.04758919876220341, "y": 1.198187357736177e-08, "zone": null, "min_dist": 1.611547797355558}
{"t": 1784508028.7992682, "x": 0.08232922577231419, "y": 2.3227000581587496e-08, "zone": null, "min_dist": 1.591263519811046}
{"t": 1784508028.9593945, "x": 0.11712669747694221, "y": 3.456327590490158e-08, "zone": null, "min_dist": 1.5714532059350208}
{"t": 1784508029.1199172, "x": 0.15094059149506758, "y": 4.5275686442120514e-08, "zone": null, "min_dist": 1.5527078802704528}
{"t": 1784508029.2721665, "x": 0.18438059070071683, "y": 5.6291834209345846e-08, "zone": null, "min_dist": 1.5346774496508853}
{"t": 1784508029.4321883, "x": 0.21958059027851612, "y": 6.788777254480237e-08, "zone": null, "min_dist": 1.5162632616276848}
{"t": 1784508029.6087623, "x": 0.2582045900596647, "y": 8.058040089320383e-08, "zone": null, "min_dist": 1.4967498858191086}
{"t": 1784508029.76052, "x": 0.2908076274485701, "y": 9.108824009243617e-08, "zone": null, "min_dist": 1.4808624461629483}
{"t": 1784508029.9127588, "x": 0.32319668017612213, "y": 1.0142821194898858e-07, "zone": null, "min_dist": 1.4656269887018598}
{"t": 1784508030.0653288, "x": 0.3540088582224852, "y": 1.1078660258831656e-07, "zone": null, "min_dist": 1.4516556985765816}
{"t": 1784508030.2252748, "x": 0.3885352307368204, "y": -9.888763642823034e-05, "zone": null, "min_dist": 1.4365347423484491}
{"t": 1784508030.3854244, "x": 0.4234193726951372, "y": -0.0004809614373109595, "zone": null, "min_dist": 1.421687360628266}
{"t": 1784508030.5459433, "x": 0.45829984855131684, "y": -0.001138627963793959, "zone": null, "min_dist": 1.4072952489962092}
{"t": 1784508030.7224178, "x": 0.49568098380297654, "y": -0.0018487464310148684, "zone": null, "min_dist": 1.3926716580876706}
{"t": 1784508030.8745432, "x": 0.5283100441918777, "y": -0.0024685909653653602, "zone": null, "min_dist": 1.3806082615433215}
{"t": 1784508031.0357444, "x": 0.5613482599395346, "y": -0.0030962084908938777, "zone": null, "min_dist": 1.369078081589494}
{"t": 1784508031.1951654, "x": 0.5958262839679662, "y": -0.0037511771444140416, "zone": null, "min_dist": 1.3577987345279252}
{"t": 1784508031.347621, "x": 0.6286725682381401, "y": -0.004375148103160253, "zone": null, "min_dist": 1.347786265856559}
{"t": 1784508031.5081275, "x": 0.663342433575947, "y": -0.005033761080807203, "zone": null, "min_dist": 1.3380119121185305}
{"t": 1784508031.6606848, "x": 0.6951633987960261, "y": -0.005638254618587107, "zone": null, "min_dist": 1.329773545134813}
{"t": 1784508031.812323, "x": 0.7271928086413384, "y": -0.006246707969558481, "zone": null, "min_dist": 1.32220321596062}
{"t": 1784508031.9729402, "x": 0.7610512108089555, "y": -0.006889906022658579, "zone": null, "min_dist": 1.3150019920144438}
{"t": 1784508032.1494448, "x": 0.7979842905762163, "y": -0.00758281346038064, "zone": null, "min_dist": 1.3081102900432289}
{"t": 1784508032.309501, "x": 0.829052165462037, "y": -0.007940072333478173, "zone": null, "min_dist": 1.3033196149889084}
{"t": 1784508032.4622784, "x": 0.8576540386480511, "y": -0.00764701049689445, "zone": null, "min_dist": 1.3001686898979012}
{"t": 1784508032.622233, "x": 0.8917444766430089, "y": -0.006607946277126029, "zone": null, "min_dist": 1.2979145823091633}
{"t": 1784508032.774288, "x": 0.9232049119140264, "y": -0.0055119583830940235, "zone": null, "min_dist": 1.2967639628873502}
{"t": 1784508032.9262955, "x": 0.954926387127257, "y": -0.0044068768175560165, "zone": null, "min_dist": 1.2963769403283296}
{"t": 1784508033.0786996, "x": 0.9874809574377409, "y": -0.003272772596777072, "zone": null, "min_dist": 1.296787657527448}
{"t": 1784508033.2392328, "x": 1.0219156161885898, "y": -0.0020731717061854915, "zone": null, "min_dist": 1.2979268282938146}
{"t": 1784508033.399429, "x": 1.054936368478041, "y": -0.0009228275689662834, "zone": null, "min_dist": 1.2990771724310337}
{"t": 1784508033.5593302, "x": 1.0894535933921714, "y": 0.0002796497073949123, "zone": null, "min_dist": 1.2997203502926051}
{"t": 1784508033.7355309, "x": 1.1270644340221825, "y": 0.0015898991987416493, "zone": null, "min_dist": 1.2984101008012583}
{"t": 1784508033.911959, "x": 1.16458939779619, "y": 0.002897156959140769, "zone": null, "min_dist": 1.2971028430408593}
{"t": 1784508034.0639687, "x": 1.1959659125762891, "y": 0.003990220857099926, "zone": null, "min_dist": 1.2960097791429002}
{"t": 1784508034.224086, "x": 1.229925794343032, "y": 0.005173281721821391, "zone": null, "min_dist": 1.2948267182781787}
{"t": 1784508034.3766115, "x": 1.2621386432133446, "y": 0.006295481192172642, "zone": null, "min_dist": 1.2937045188078273}
{"t": 1784508034.537593, "x": 1.295826149102068, "y": 0.007469053301398716, "zone": null, "min_dist": 1.2925309466986012}
{"t": 1784508034.6890092, "x": 1.3274222196362293, "y": 0.008534925744831062, "zone": null, "min_dist": 1.291465074255169}
{"t": 1784508034.8496158, "x": 1.361790957017686, "y": 0.009432554903915617, "zone": null, "min_dist": 1.2905674450960845}
{"t": 1784508035.0014532, "x": 1.3940707916790738, "y": 0.010233672060242859, "zone": null, "min_dist": 1.289766327939757}
{"t": 1784508035.1619735, "x": 1.4290140471788597, "y": 0.011100890024165365, "zone": null, "min_dist": 1.2888991099758347}
{"t": 1784508035.314511, "x": 1.4613124057737454, "y": 0.01190246703372476, "zone": null, "min_dist": 1.2880975329662754}
{"t": 1784508035.4668791, "x": 1.4918193099009243, "y": 0.012659583393462117, "zone": null, "min_dist": 1.2873404166065379}
{"t": 1784508035.626362, "x": 1.5247051218811187, "y": 0.01347573937387563, "zone": null, "min_dist": 1.2865242606261245}
{"t": 1784508035.8027275, "x": 1.5615004730323907, "y": 0.01438892200690125, "zone": null, "min_dist": 1.2856110779930987}
{"t": 1784508035.9631183, "x": 1.5947416337942517, "y": 0.015213897123591658, "zone": null, "min_dist": 1.2847861028764085}
{"t": 1784508036.1395879, "x": 1.632769413141009, "y": 0.016157666399265226, "zone": null, "min_dist": 1.2838423336007347}
{"t": 1784508036.2995207, "x": 1.6678626070581912, "y": 0.017028605650999607, "zone": null, "min_dist": 1.2829713943490004}
{"t": 1784508036.4766383, "x": 1.7063787471606593, "y": 0.01798449519837868, "zone": null, "min_dist": 1.2820155048016213}
{"t": 1784508036.6524515, "x": 1.7446390903920115, "y": 0.018934036366546742, "zone": null, "min_dist": 1.2810659636334534}
{"t": 1784508036.8124363, "x": 1.779208532224144, "y": 0.019791976992695953, "zone": null, "min_dist": 1.280208023007304}
{"t": 1784508036.9647963, "x": 1.8101347688272602, "y": 0.020559500461555243, "zone": null, "min_dist": 1.2794404995384447}
{"t": 1784508037.14146, "x": 1.846480540247995, "y": 0.02146152532673291, "zone": null, "min_dist": 1.278538474673267}
{"t": 1784508037.301349, "x": 1.8806796937772998, "y": 0.022310276094220458, "zone": null, "min_dist": 1.2776897239057796}
{"t": 1784508037.4618452, "x": 1.9147895218449253, "y": 0.02315680993487506, "zone": null, "min_dist": 1.276843190065125}
{"t": 1784508037.6141682, "x": 1.946424502582751, "y": 0.023941923112022256, "zone": null, "min_dist": 1.2760580768879777}
{"t": 1784508037.7665272, "x": 1.9792412549970761, "y": 0.024756365679549933, "zone": null, "min_dist": 1.27524363432045}
{"t": 1784508037.9264917, "x": 2.0141812330287636, "y": 0.02562350238613006, "zone": null, "min_dist": 1.27437649761387}
{"t": 1784508038.078754, "x": 2.047361752941728, "y": 0.026446973041797533, "zone": null, "min_dist": 1.2735530269582025}
{"t": 1784508038.2391272, "x": 2.0823017311679908, "y": 0.02731410975322082, "zone": null, "min_dist": 1.2726858902467793}
{"t": 1784508038.3992584, "x": 2.1156001410009293, "y": 0.0281405057069986, "zone": null, "min_dist": 1.2718594942930015}
{"t": 1784508038.5591536, "x": 2.148528166333539, "y": 0.028957709383418507, "zone": null, "min_dist": 1.2710422906165815}
{"t": 1784508038.7121024, "x": 2.180782655627529, "y": 0.029758197615725464, "zone": null, "min_dist": 1.2702418023842745}
{"t": 1784508038.8639143, "x": 2.2115269634107215, "y": 0.03052120590815022, "zone": null, "min_dist": 1.2694787940918497}
{"t": 1784508039.0164106, "x": 2.243075895874477, "y": 0.03130418346187236, "zone": null, "min_dist": 1.2686958165381277}
{"t": 1784508039.1764865, "x": 2.277524176831929, "y": 0.03215911710962552, "zone": null, "min_dist": 1.2678408828903744}
{"t": 1784508039.328513, "x": 2.309810625262204, "y": 0.03296039850282028, "zone": null, "min_dist": 1.2670396014971799}
{"t": 1784508039.4808955, "x": 2.3420012552717338, "y": 0.033759301904884534, "zone": null, "min_dist": 1.2662406980951155}
{"t": 1784508039.6331465, "x": 2.373307705286089, "y": 0.03453626149130096, "zone": null, "min_dist": 1.265463738508699}
{"t": 1784508039.7932851, "x": 2.4073216527579437, "y": 0.03538041577828233, "zone": null, "min_dist": 1.2646195842217176}
{"t": 1784508039.9452536, "x": 2.439914654019234, "y": 0.036189305303918534, "zone": null, "min_dist": 1.2638106946960814}
{"t": 1784508040.0975149, "x": 2.4727567517813696, "y": 0.03700437692818944, "zone": null, "min_dist": 1.2629956230718107}
{"t": 1784508040.2499075, "x": 2.503686265769206, "y": 0.03777198170059522, "zone": null, "min_dist": 1.2622280182994048}
{"t": 1784508040.410176, "x": 2.537920686954012, "y": 0.038621607727602966, "zone": null, "min_dist": 1.2613783922723971}
{"t": 1784508040.5629408, "x": 2.5706362004056644, "y": 0.03937457046679208, "zone": null, "min_dist": 1.260625429533208}
{"t": 1784508040.7231271, "x": 2.6048392222277332, "y": 0.039756783495147094, "zone": null, "min_dist": 1.260243216504853}
{"t": 1784508040.8833647, "x": 2.6388299960296773, "y": 0.04009598457116957, "zone": null, "min_dist": 1.2599040154288306}
{"t": 1784508041.035643, "x": 2.670909081556769, "y": 0.0406879235674556, "zone": null, "min_dist": 1.2593120764325445}
{"t": 1784508041.1956239, "x": 2.7048864274342224, "y": 0.04193335187823714, "zone": null, "min_dist": 1.2580666481217628}
{"t": 1784508041.4528806, "x": 2.739130519011318, "y": 0.04327607209792973, "zone": null, "min_dist": 1.2567239279020703}
{"t": 1784508041.612593, "x": 2.79324313274649, "y": 0.04539784191108965, "zone": null, "min_dist": 1.2546021580889104}
{"t": 1784508041.7735176, "x": 2.826820519569605, "y": 0.04671441986166786, "zone": null, "min_dist": 1.2532855801383322}
{"t": 1784508041.9332967, "x": 2.8609113757558697, "y": 0.048051131272024844, "zone": null, "min_dist": 1.2519488687279752}
{"t": 1784508042.0932548, "x": 2.894504268300593, "y": 0.049368317295035824, "zone": null, "min_dist": 1.2506316827049642}
{"t": 1784508042.2533271, "x": 2.9285276281393133, "y": 0.050702382077488437, "zone": null, "min_dist": 1.2492976179225117}
{"t": 1784508042.4297972, "x": 2.9652640305933944, "y": 0.05214282582119527, "zone": null, "min_dist": 1.2478571741788047}
{"t": 1784508042.5821173, "x": 2.9970123216830418, "y": 0.05338768446073297, "zone": null, "min_dist": 1.246612315539267}
{"t": 1784508042.7423134, "x": 3.0314414784119554, "y": 0.05473766083705742, "zone": null, "min_dist": 1.2452623391629427}
{"t": 1784508042.9185975, "x": 3.067454136721423, "y": 0.05614972612906133, "zone": null, "min_dist": 1.2438502738709387}
{"t": 1784508043.0790586, "x": 3.1008970976676173, "y": 0.05746103319067787, "zone": null, "min_dist": 1.242538966809322}
{"t": 1784508043.2552636, "x": 3.138658458465456, "y": 0.05894166614656982, "zone": null, "min_dist": 1.2410583338534302}
{"t": 1784508043.4076262, "x": 3.171485443677186, "y": 0.06022882097944148, "zone": null, "min_dist": 1.2397711790205586}
{"t": 1784508043.5675542, "x": 3.204717922494664, "y": 0.06153187489015195, "zone": null, "min_dist": 1.2384681251098482}
{"t": 1784508043.7281349, "x": 3.2392043850525662, "y": 0.06288409828994627, "zone": null, "min_dist": 1.2371159017100537}
{"t": 1784508043.8885427, "x": 3.2732059878879287, "y": 0.06421731001238623, "zone": null, "min_dist": 1.2357826899876139}
{"t": 1784508044.0408466, "x": 3.304494725132193, "y": 0.06544414923848779, "zone": null, "min_dist": 1.2345558507615122}
{"t": 1784508044.2009268, "x": 3.337586108301955, "y": 0.06674167078810794, "zone": null, "min_dist": 1.2332583292118922}
{"t": 1784508044.3612318, "x": 3.370540905613342, "y": 0.06803383665896585, "zone": null, "min_dist": 1.2319661633410341}
{"t": 1784508044.514066, "x": 3.402506147367313, "y": 0.06928720200397108, "zone": null, "min_dist": 1.230712797996029}
{"t": 1784508044.6738238, "x": 3.436533173549836, "y": 0.07062141063613127, "zone": null, "min_dist": 1.2293785893638687}
{"t": 1784508044.8264575, "x": 3.468654926651196, "y": 0.07188091289469238, "zone": null, "min_dist": 1.2281190871053076}
{"t": 1784508044.986565, "x": 3.501354159304017, "y": 0.07316305799547786, "zone": null, "min_dist": 1.2268369420045222}
{"t": 1784508045.146828, "x": 3.5347717587814325, "y": 0.07447337059377127, "zone": null, "min_dist": 1.2255266294062288}
{"t": 1784508045.2992191, "x": 3.566427433693195, "y": 0.07571459768013439, "zone": null, "min_dist": 1.2242854023198657}
{"t": 1784508045.4592743, "x": 3.5993756791002225, "y": 0.07700650668814298, "zone": null, "min_dist": 1.2229934933118571}
{"t": 1784508045.6198885, "x": 3.633070959868208, "y": 0.0783277073225424, "zone": null, "min_dist": 1.2216722926774577}
{"t": 1784508045.7721384, "x": 3.66528527333558, "y": 0.0795908389245001, "zone": null, "min_dist": 1.2204091610755}
{"t": 1784508045.932418, "x": 3.698792213017718, "y": 0.0809046546539094, "zone": null, "min_dist": 1.2190953453460907}
{"t": 1784508046.0846722, "x": 3.7315552815885304, "y": 0.08218930328953931, "zone": null, "min_dist": 1.2178106967104607}
{"t": 1784508046.260375, "x": 3.7662589001408735, "y": 0.08355004049834742, "zone": null, "min_dist": 1.2164499595016527}
{"t": 1784508046.4207444, "x": 3.794208882120582, "y": 0.08464596502569109, "zone": null, "min_dist": 1.215354034974309}
{"t": 1784508046.573034, "x": 3.826202558013652, "y": 0.08584899569611339, "zone": null, "min_dist": 1.2141510043038866}
{"t": 1784508046.7332675, "x": 3.859066537108461, "y": 0.08695833023458047, "zone": null, "min_dist": 1.2130416697654196}
{"t": 1784508046.8936968, "x": 3.893291523354763, "y": 0.08765450873877849, "zone": null, "min_dist": 1.2123454912612215}
{"t": 1784508047.0537162, "x": 3.927473027448788, "y": 0.08809418996822022, "zone": null, "min_dist": 1.2119058100317799}
{"t": 1784508047.213793, "x": 3.959623721138268, "y": 0.08850774823645197, "zone": null, "min_dist": 1.211492251763548}
{"t": 1784508047.3743696, "x": 3.992783083267854, "y": 0.0889342815158839, "zone": null, "min_dist": 1.2110657184841163}
{"t": 1784508047.534751, "x": 4.026594062958764, "y": 0.089369196851842, "zone": null, "min_dist": 1.210630803148158}
{"t": 1784508047.6871397, "x": 4.05898374225894, "y": 0.0897858299019909, "zone": null, "min_dist": 1.2102141700980091}
{"t": 1784508047.8471334, "x": 4.0925070436485775, "y": 0.09021704480329015, "zone": null, "min_dist": 1.2097829551967099}
{"t": 1784508047.9993677, "x": 4.125177845074742, "y": 0.09063729403643021, "zone": null, "min_dist": 1.2093627059635699}
{"t": 1784508048.151658, "x": 4.156855224674893, "y": 0.09104476448567807, "zone": null, "min_dist": 1.208955235514322}
{"t": 1784508048.3119218, "x": 4.191030171529009, "y": 0.09148436177075521, "zone": null, "min_dist": 1.2085156382292448}
{"t": 1784508048.4882135, "x": 4.2288813558997855, "y": 0.09197124708027633, "zone": null, "min_dist": 1.2080287529197238}
{"t": 1784508048.6405616, "x": 4.259635774853162, "y": 0.09236684504751387, "zone": null, "min_dist": 1.2076331549524861}
{"t": 1784508048.7927978, "x": 4.292296741505355, "y": 0.09278696785046313, "zone": null, "min_dist": 1.207213032149537}
{"t": 1784508048.9445775, "x": 4.325238858166173, "y": 0.09321070718570032, "zone": null, "min_dist": 1.2067892928142998}
{"t": 1784508049.096984, "x": 4.3578137576189055, "y": 0.09362972280630646, "zone": null, "min_dist": 1.2063702771936935}
{"t": 1784508049.2733576, "x": 4.394301024560814, "y": 0.09409906348800928, "zone": null, "min_dist": 1.2059009365119908}
{"t": 1784508049.4258358, "x": 4.426384116292909, "y": 0.09451175275752408, "zone": null, "min_dist": 1.205488247242476}
{"t": 1784508049.5778618, "x": 4.458587183026528, "y": 0.09491418076373802, "zone": null, "min_dist": 1.2050858192362621}
{"t": 1784508049.738628, "x": 4.492442854112574, "y": 0.09501415694963718, "zone": null, "min_dist": 1.2049858430503628}
{"t": 1784508049.914931, "x": 4.529195544081782, "y": 0.09501058154890868, "zone": null, "min_dist": 1.2049894184510914}
{"t": 1784508050.0749695, "x": 4.562440175600895, "y": 0.09500734754210385, "zone": null, "min_dist": 1.2049926524578962}
{"t": 1784508050.2273796, "x": 4.594829255833944, "y": 0.09500419705883732, "zone": null, "min_dist": 1.2049958029411627}
{"t": 1784508050.3874145, "x": 4.629284896545065, "y": 0.09500084570779582, "zone": null, "min_dist": 1.2049991542922043}
{"t": 1784508050.563176, "x": 4.665417859359847, "y": 0.0949973306327858, "zone": null, "min_dist": 1.2050026693672142}
{"t": 1784508050.715241, "x": 4.697771633227314, "y": 0.09499418361895373, "zone": null, "min_dist": 1.2050058163810462}
{"t": 1784508050.867718, "x": 4.730716474976571, "y": 0.09499097927279282, "zone": null, "min_dist": 1.2050090207272073}
{"t": 1784508051.0202045, "x": 4.763571963721999, "y": 0.09498778356038355, "zone": null, "min_dist": 1.2050122164396164}
{"t": 1784508051.1725156, "x": 4.794782249029226, "y": 0.09498474745127847, "zone": null, "min_dist": 1.2050152525487217}
{"t": 1784508051.3325524, "x": 4.82859602578013, "y": 0.09498145829686368, "zone": null, "min_dist": 1.2050185417031363}
{"t": 1784508051.5095563, "x": 4.866268384417624, "y": 0.09497779396329989, "zone": null, "min_dist": 1.2050222060367002}
{"t": 1784508051.6612592, "x": 4.897756564335244, "y": 0.09497473090629907, "zone": null, "min_dist": 1.205025269093701}
{"t": 1784508051.8133416, "x": 4.9288554218239256, "y": 0.09497170551385072, "zone": null, "min_dist": 1.2050282944861492}
{"t": 1784508051.9659722, "x": 4.959890279233048, "y": 0.09496868633991747, "zone": null, "min_dist": 1.2050313136600825}
{"t": 1784508052.1261399, "x": 4.994039359327206, "y": 0.09496536470552981, "zone": null, "min_dist": 1.2050346352944703}
{"t": 1784508052.2864518, "x": 5.0285876315381355, "y": 0.0949620043821344, "zone": null, "min_dist": 1.2050379956178656}
{"t": 1784508052.446919, "x": 5.0609193313813545, "y": 0.0949588589366036, "zone": null, "min_dist": 1.2050411410633965}
{"t": 1784508052.6074145, "x": 5.094940473581624, "y": 0.09495554973134307, "zone": null, "min_dist": 1.205044450268657}
{"t": 1784508052.767551, "x": 5.129552683672703, "y": 0.09495218318794248, "zone": null, "min_dist": 1.2050478168120575}
{"t": 1784508052.9272912, "x": 5.164136203409142, "y": 0.09494881940709862, "zone": null, "min_dist": 1.2050511805929014}
{"t": 1784508053.1036413, "x": 5.199917405149038, "y": 0.0949453385141375, "zone": null, "min_dist": 1.2050546614858626}
{"t": 1784508053.2559783, "x": 5.232434367508482, "y": 0.09494217562629824, "zone": null, "min_dist": 1.2050578243737018}
{"t": 1784508053.4084284, "x": 5.263536742208945, "y": 0.0949391499378386, "zone": null, "min_dist": 1.2050608500621613}
{"t": 1784508053.5687778, "x": 5.296762788501563, "y": 0.09493591776489345, "zone": null, "min_dist": 1.2050640822351066}
{"t": 1784508053.7212155, "x": 5.329832171759832, "y": 0.09493270131178853, "zone": null, "min_dist": 1.2050672986882116}
{"t": 1784508053.881234, "x": 5.36388522418527, "y": 0.09492938897838141, "zone": null, "min_dist": 1.2050706110216187}
{"t": 1784508054.0334725, "x": 5.396274276701859, "y": 0.09492623851226242, "zone": null, "min_dist": 1.2050737614877376}
{"t": 1784508054.1857016, "x": 5.429618338374659, "y": 0.0949229954822773, "zone": null, "min_dist": 1.2050770045177228}
{"t": 1784508054.3380537, "x": 5.4617345799847925, "y": 0.09491987147877796, "zone": null, "min_dist": 1.205080128521222}
{"t": 1784508054.490318, "x": 5.492599508958435, "y": 0.09491686882428946, "zone": null, "min_dist": 1.2050831311757106}
{"t": 1784508054.6664813, "x": 5.529594787272806, "y": 0.09491327011986311, "zone": null, "min_dist": 1.2050867298801369}
{"t": 1784508054.8183005, "x": 5.561488681837231, "y": 0.09491016765789412, "zone": null, "min_dist": 1.205089832342106}
{"t": 1784508054.9702654, "x": 5.593168681736711, "y": 0.09490708593351563, "zone": null, "min_dist": 1.2050929140664843}
{"t": 1784508055.122919, "x": 5.625928170358514, "y": 0.09490389952726246, "zone": null, "min_dist": 1.2050961004727376}
{"t": 1784508055.2752895, "x": 5.659240169952843, "y": 0.09490065958326019, "zone": null, "min_dist": 1.2050993404167398}
{"t": 1784508055.4359396, "x": 5.6942482317599925, "y": 0.0948972546817068, "zone": null, "min_dist": 1.2051027453182932}
{"t": 1784508055.5961034, "x": 5.7276832381184155, "y": 0.09489400228885357, "zone": null, "min_dist": 1.2051059977111465}
{"t": 1784508055.7484956, "x": 5.759085312425239, "y": 0.09489094750727019, "zone": null, "min_dist": 1.20510905249273}
{"t": 1784508055.9006774, "x": 5.791011207035907, "y": 0.0948878419417598, "zone": null, "min_dist": 1.2051121580582402}
{"t": 1784508056.0608962, "x": 5.825006906326441, "y": 0.09488453513506913, "zone": null, "min_dist": 1.1749930936735593}
{"t": 1784508056.2377164, "x": 5.863598905827845, "y": 0.09488078166118526, "zone": null, "min_dist": 1.1364010941721547}
{"t": 1784508056.397411, "x": 5.898446936707048, "y": 0.09487739226195936, "zone": null, "min_dist": 1.1015530632929522}
{"t": 1784508056.5575194, "x": 5.933614905296241, "y": 0.09487397182745892, "zone": null, "min_dist": 1.066385094703759}
{"t": 1784508056.7096066, "x": 5.965630212063596, "y": 0.0948708576479698, "zone": null, "min_dist": 1.034369787936404}
{"t": 1784508056.8861742, "x": 6.000900856208882, "y": 0.09486742618705271, "zone": null, "min_dist": 0.9990991437911179}
{"t": 1784508057.0384734, "x": 6.031543475678703, "y": 0.09486444509285817, "zone": null, "min_dist": 0.9684565243212973}
{"t": 1784508057.1988556, "x": 6.063664621103093, "y": 0.09486132005732704, "zone": null, "min_dist": 0.9363353788969073}
{"t": 1784508057.4599948, "x": 6.095855085630444, "y": 0.09485818837850699, "zone": null, "min_dist": 0.9041449143695557}
{"t": 1784508057.6153216, "x": 6.148139716934253, "y": 0.09485310199362812, "zone": null, "min_dist": 0.8518602830657471}
{"t": 1784508057.7672675, "x": 6.1789237168024895, "y": 0.09485010715935772, "zone": null, "min_dist": 0.8210762831975105}
{"t": 1784508057.9430425, "x": 6.214386453478262, "y": 0.09484665709699508, "zone": null, "min_dist": 0.7856135465217378}
{"t": 1784508058.0953548, "x": 6.244740979768002, "y": 0.09484370391448323, "zone": null, "min_dist": 0.755259020231998}
{"t": 1784508058.2721117, "x": 6.2804967689663584, "y": 0.09484022543792472, "zone": null, "min_dist": 0.7195032310336416}
{"t": 1784508058.432527, "x": 6.313444799331066, "y": 0.09483702019821172, "zone": null, "min_dist": 0.6865552006689342}
{"t": 1784508058.5926595, "x": 6.348324891811621, "y": 0.09483362771024134, "zone": null, "min_dist": 0.6516751081883791}
{"t": 1784508058.7530403, "x": 6.381367504835528, "y": 0.0948304133777202, "zone": null, "min_dist": 0.6186324951644719}
{"t": 1784508058.9052448, "x": 6.411639442851367, "y": 0.09482746818730321, "zone": null, "min_dist": 0.5883605571486328}
{"t": 1784508059.0656989, "x": 6.444127836021539, "y": 0.09482430755595285, "zone": null, "min_dist": 0.555872163978461}
{"t": 1784508059.2261984, "x": 6.47790973034999, "y": 0.09482102150365841, "zone": null, "min_dist": 0.5220902696500103}
{"t": 1784508059.3861876, "x": 6.511292377076669, "y": 0.0948177741341758, "zone": null, "min_dist": 0.48870762292333136}
{"t": 1784508059.538976, "x": 6.544173218721067, "y": 0.09481457598465605, "zone": null, "min_dist": 0.45582678127893317}
{"t": 1784508059.6987972, "x": 6.579155982976148, "y": 0.09481117352186323, "zone": null, "min_dist": 0.4208440170238523}
{"t": 1784508059.8516314, "x": 6.612563954787799, "y": 0.09480792426243967, "zone": null, "min_dist": 0.3874360452122012}
{"t": 1784508060.0119796, "x": 6.647226691515278, "y": 0.09480455281269037, "zone": null, "min_dist": 0.3527733084847222}
{"t": 1784508060.1880326, "x": 6.685025490310323, "y": 0.0948008762548046, "zone": null, "min_dist": 0.31497450968967744}
{"t": 1784508060.3401086, "x": 6.717849006998942, "y": 0.09479768364300256, "zone": null, "min_dist": 0.28215099300105795}
{"t": 1784508060.4924471, "x": 6.750576585829911, "y": 0.09479450035181766, "zone": null, "min_dist": 0.24942341417008862}
{"t": 1784508060.644859, "x": 6.783610780772903, "y": 0.09479128736550771, "zone": null, "min_dist": 0.2163892192270973}
{"t": 1784508060.796951, "x": 6.815187954180712, "y": 0.09478821558962634, "zone": null, "min_dist": 0.1848120458192879}
{"t": 1784508060.9574897, "x": 6.848927833529063, "y": 0.09478493364529243, "zone": null, "min_dist": 0.1510721664709367}
{"t": 1784508061.117715, "x": 6.88332278059112, "y": 0.09478158815749063, "zone": null, "min_dist": 0.11667721940887965}
{"t": 1784508061.2775903, "x": 6.9176890372466024, "y": 0.09477824543225619, "zone": null, "min_dist": 0.08231096275339755}
{"t": 1784508061.4298022, "x": 6.949151771025301, "y": 0.09477518477390501, "zone": null, "min_dist": 0.050848228974698984}
{"t": 1784508061.5825136, "x": 6.9816014891973515, "y": 0.09477202843672193, "zone": null, "min_dist": 0.018398510802648538}
{"t": 1784508061.7422516, "x": 7.016092374173906, "y": 0.09476867362779154, "zone": "wh_zone_2", "min_dist": 0.0}
{"t": 1784508061.9028006, "x": 7.049864343458784, "y": 0.09476538860291056, "zone": "wh_zone_2", "min_dist": 0.0}
{"t": 1784508062.063236, "x": 7.082608674721667, "y": 0.09476220312954092, "zone": "wh_zone_2", "min_dist": 0.0}
{"t": 1784508062.2154665, "x": 7.113931594189153, "y": 0.09475915602774643, "zone": "wh_zone_2", "min_dist": 0.0}
{"t": 1784508062.3675907, "x": 7.146039411231958, "y": 0.09475603283233387, "zone": "wh_zone_2", "min_dist": 0.0}
{"t": 1784508062.5278108, "x": 7.180555621372347, "y": 0.09475267558797908, "zone": "wh_zone_2", "min_dist": 0.0}
{"t": 1784508062.6806126, "x": 7.211947593679595, "y": 0.09474962178679988, "zone": "wh_zone_2", "min_dist": 0.0}
{"t": 1784508062.8401678, "x": 7.246118658391496, "y": 0.09474629804622328, "zone": "wh_zone_2", "min_dist": 0.0}
{"t": 1784508063.0004778, "x": 7.280609515536786, "y": 0.09474294323279744, "zone": "wh_zone_2", "min_dist": 0.0}
{"t": 1784508063.1533186, "x": 7.313187109612208, "y": 0.09473977445351743, "zone": "wh_zone_2", "min_dist": 0.0}
{"t": 1784508063.3131592, "x": 7.346342657992338, "y": 0.0947365491962136, "zone": "wh_zone_2", "min_dist": 0.0}
{"t": 1784508063.4892938, "x": 7.383565304646626, "y": 0.09473292844981927, "zone": "wh_zone_2", "min_dist": 0.0}
{"t": 1784508063.6496868, "x": 7.4177142671181, "y": 0.09472960678292358, "zone": "wh_zone_2", "min_dist": 0.0}
{"t": 1784508063.825643, "x": 7.455290687944703, "y": 0.09472595176091292, "zone": "wh_zone_2", "min_dist": 0.0}
{"t": 1784508063.9780447, "x": 7.487491229864371, "y": 0.09472281960514384, "zone": "wh_zone_2", "min_dist": 0.0}
{"t": 1784508064.1544826, "x": 7.524311319345572, "y": 0.09471923788641294, "zone": "wh_zone_2", "min_dist": 0.0}
{"t": 1784508064.3304784, "x": 7.561877699863576, "y": 0.09469789828204916, "zone": "wh_zone_2", "min_dist": 0.0}
{"t": 1784508064.483133, "x": 7.595119575025802, "y": 0.09422410084539842, "zone": "wh_zone_2", "min_dist": 0.0}
{"t": 1784508064.6432889, "x": 7.629065244298046, "y": 0.09295842833857917, "zone": "wh_zone_2", "min_dist": 0.0}
{"t": 1784508064.8035846, "x": 7.662346912964121, "y": 0.09093670774007209, "zone": "wh_zone_2", "min_dist": 0.0}
{"t": 1784508064.955724, "x": 7.692893406577279, "y": 0.08836034089361619, "zone": "wh_zone_2", "min_dist": 0.0}
{"t": 1784508065.1082966, "x": 7.723826945431938, "y": 0.08508573882912314, "zone": "wh_zone_2", "min_dist": 0.0}
{"t": 1784508065.2687519, "x": 7.751141267406288, "y": 0.08190041985702949, "zone": "wh_zone_2", "min_dist": 0.0}
{"t": 1784508065.4210086, "x": 7.775615091349026, "y": 0.0790438937864207, "zone": "wh_zone_2", "min_dist": 0.0}
{"t": 1784508065.5811138, "x": 7.799771261177281, "y": 0.07622444332445139, "zone": "wh_zone_2", "min_dist": 0.0}
{"t": 1784508065.7416604, "x": 7.82359766560674, "y": 0.07344348220051022, "zone": "wh_zone_2", "min_dist": 0.0}
