{"t": 1784469699.7253416, "x": -1.390576863373177e-11, "y": -1.361531418647891e-13, "zone": null, "min_dist": 1.640121946694043}
{"t": 1784469699.8775322, "x": -1.390576863373177e-11, "y": -1.361531418647891e-13, "zone": null, "min_dist": 1.640121946694043}
{"t": 1784469700.0375736, "x": -1.390576863373177e-11, "y": -1.361531418647891e-13, "zone": null, "min_dist": 1.640121946694043}
{"t": 1784469700.2138941, "x": -1.390576863373177e-11, "y": -1.361531418647891e-13, "zone": null, "min_dist": 1.640121946694043}
{"t": 1784469700.374073, "x": -1.390576863373177e-11, "y": -1.361531418647891e-13, "zone": null, "min_dist": 1.640121946694043}
{"t": 1784469700.5439446, "x": -1.390576863373177e-11, "y": -1.361531418647891e-13, "zone": null, "min_dist": 1.640121946694043}
{"t": 1784469700.7029202, "x": -1.390576863373177e-11, "y": -1.361531418647891e-13, "zone": null, "min_dist": 1.640121946694043}
{"t": 1784469700.8630798, "x": -1.390576863373177e-11, "y": -1.361531418647891e-13, "zone": null, "min_dist": 1.640121946694043}
{"t": 1784469701.0229585, "x": -1.390576863373177e-11, "y": -1.361531418647891e-13, "zone": null, "min_dist": 1.640121946694043}
{"t": 1784469701.1749773, "x": -1.390576863373177e-11, "y": -1.361531418647891e-13, "zone": null, "min_dist": 1.640121946694043}
{"t": 1784469701.335377, "x": -1.390576863373177e-11, "y": -1.361531418647891e-13, "zone": null, "min_dist": 1.640121946694043}
{"t": 1784469701.4878159, "x": -1.390576863373177e-11, "y": -1.361531418647891e-13, "zone": null, "min_dist": 1.640121946694043}
{"t": 1784469701.6641734, "x": -1.390576863373177e-11, "y": -1.361531418647891e-13, "zone": null, "min_dist": 1.640121946694043}
{"t": 1784469701.841616, "x": -1.390576863373177e-11, "y": -1.361531418647891e-13, "zone": null, "min_dist": 1.640121946694043}
{"t": 1784469701.9930289, "x": -1.390576863373177e-11, "y": -1.361531418647891e-13, "zone": null, "min_dist": 1.640121946694043}
{"t": 1784469702.145338, "x": -1.390576863373177e-11, "y": -1.361531418647891e-13, "zone": null, "min_dist": 1.640121946694043}
{"t": 1784469702.2977955, "x": -1.390576863373177e-11, "y": -1.361531418647891e-13, "zone": null, "min_dist": 1.640121946694043}
{"t": 1784469702.4587069, "x": -1.390576863373177e-11, "y": -1.361531418647891e-13, "zone": null, "min_dist": 1.640121946694043}
{"t": 1784469702.619077, "x": -1.390576863373177e-11, "y": -1.361531418647891e-13, "zone": null, "min_dist": 1.640121946694043}
{"t": 1784469702.7802064, "x": -1.390576863373177e-11, "y": -1.361531418647891e-13, "zone": null, "min_dist": 1.640121946694043}
{"t": 1784469702.9317358, "x": -1.390576863373177e-11, "y": -1.361531418647891e-13, "zone": null, "min_dist": 1.640121946694043}
{"t": 1784469703.084245, "x": -1.390576863373177e-11, "y": -1.361531418647891e-13, "zone": null, "min_dist": 1.640121946694043}
{"t": 1784469703.2439196, "x": -1.390576863373177e-11, "y": -1.361531418647891e-13, "zone": null, "min_dist": 1.640121946694043}
{"t": 1784469703.4042497, "x": -1.390576863373177e-11, "y": -1.361531418647891e-13, "zone": null, "min_dist": 1.640121946694043}
{"t": 1784469703.5568323, "x": -1.390576863373177e-11, "y": -1.361531418647891e-13, "zone": null, "min_dist": 1.640121946694043}
{"t": 1784469703.7089953, "x": -1.390576863373177e-11, "y": -1.361531418647891e-13, "zone": null, "min_dist": 1.640121946694043}
{"t": 1784469703.8690104, "x": -1.390576863373177e-11, "y": -1.361531418647891e-13, "zone": null, "min_dist": 1.640121946694043}
{"t": 1784469704.0295668, "x": -1.390576863373177e-11, "y": -1.361531418647891e-13, "zone": null, "min_dist": 1.640121946694043}
{"t": 1784469704.1816428, "x": -1.390576863373177e-11, "y": -1.361531418647891e-13, "zone": null, "min_dist": 1.640121946694043}
{"t": 1784469704.3580744, "x": -1.390576863373177e-11, "y": -1.361531418647891e-13, "zone": null, "min_dist": 1.640121946694043}
{"t": 1784469704.5344543, "x": -8.760339108457437e-08, "y": -7.523070942173085e-12, "zone": null, "min_dist": 1.6401220000924412}
{"t": 1784469704.6869826, "x": -2.949395543453512e-06, "y": -2.6150302368857914e-08, "zone": null, "min_dist": 1.6401237242382052}
{"t": 1784469704.8389542, "x": -9.289863042244808e-05, "y": -5.198035710858058e-06, "zone": null, "min_dist": 1.640174469690701}
{"t": 1784469704.9994175, "x": -0.00021950992275991435, "y": -1.8475405560450632e-05, "zone": null, "min_dist": 1.6402411506595638}
{"t": 1784469705.1513765, "x": -0.000298655777486813, "y": -3.07316623678758e-05, "zone": null, "min_dist": 1.640279701566939}
{"t": 1784469705.3034542, "x": -0.00039396610755108765, "y": -4.977647249081391e-05, "zone": null, "min_dist": 1.6403227338160067}
{"t": 1784469705.4796727, "x": -0.0004844858540114399, "y": -7.305457956664916e-05, "zone": null, "min_dist": 1.6403594940941038}
{"t": 1784469705.632101, "x": -0.0005586989487724373, "y": -9.602023442064792e-05, "zone": null, "min_dist": 1.6403865601291825}
{"t": 1784469705.784028, "x": -0.0006454219771698295, "y": -0.0001279823032247149, "zone": null, "min_dist": 1.6404141315274487}
{"t": 1784469705.9607935, "x": -0.0007191355658286987, "y": -0.00015965716015410976, "zone": null, "min_dist": 1.6404339990263637}
{"t": 1784469706.137454, "x": -0.0007972518875889654, "y": -0.0001980387511807806, "zone": null, "min_dist": 1.6404512421440716}
{"t": 1784469706.2894685, "x": -0.0008711766661090077, "y": -0.00023946752932799316, "zone": null, "min_dist": 1.640463518048922}
{"t": 1784469706.4496095, "x": -0.0009321660818437182, "y": -0.0002776182594835073, "zone": null, "min_dist": 1.6404705028419537}
{"t": 1784469706.6263058, "x": -0.001010088516181616, "y": -0.0003323126085773131, "zone": null, "min_dist": 1.6404747163429685}
{"t": 1784469706.8024225, "x": -0.001086688232987211, "y": -0.00039311990123307795, "zone": null, "min_dist": 1.6404732854141029}
{"t": 1784469706.962869, "x": -0.0011382949877123303, "y": -0.0004387118560561705, "zone": null, "min_dist": 1.6404686608811672}
{"t": 1784469707.114914, "x": -0.0011945246197941795, "y": -0.0004934220246648974, "zone": null, "min_dist": 1.64045963751926}
{"t": 1784469707.275119, "x": -0.001245680879203659, "y": -0.0005483474043101572, "zone": null, "min_dist": 1.6404473508506543}
{"t": 1784469707.4352448, "x": -0.001294795673913057, "y": -0.0006061440722245231, "zone": null, "min_dist": 1.640431547083424}
{"t": 1784469707.5958853, "x": -0.0013527162189878228, "y": -0.0006825031261973446, "zone": null, "min_dist": 1.6404064191417775}
{"t": 1784469707.7718604, "x": -0.0013966002335387682, "y": -0.0007478134342616604, "zone": null, "min_dist": 1.6403814785759874}
{"t": 1784469707.9242845, "x": -0.0014371575639476476, "y": -0.0008151203122891341, "zone": null, "min_dist": 1.6403529291463257}
{"t": 1784469708.0841293, "x": -0.0014760400075914965, "y": -0.0008882171971763822, "zone": null, "min_dist": 1.6403187747893448}
{"t": 1784469708.2440748, "x": -0.001506745867269891, "y": -0.0009532793465287117, "zone": null, "min_dist": 1.6402859947150028}
{"t": 1784469708.3964171, "x": -0.001541765680379041, "y": -0.0010391181014294112, "zone": null, "min_dist": 1.640239397498086}
{"t": 1784469708.5489528, "x": -0.00156276297685065, "y": -0.0010991594746694953, "zone": null, "min_dist": 1.640204670673521}
{"t": 1784469708.7014868, "x": -0.0015889697966957436, "y": -0.0011880789939081174, "zone": null, "min_dist": 1.6401502585330225}
{"t": 1784469708.8537405, "x": -0.0016027498700549353, "y": -0.0012450727953089264, "zone": null, "min_dist": 1.6401135416445165}
{"t": 1784469709.0060806, "x": -0.0016195539528904397, "y": -0.001332014315382012, "zone": null, "min_dist": 1.6400549588056281}
{"t": 1784469709.15834, "x": -0.0016295997323401467, "y": -0.001404002691175972, "zone": null, "min_dist": 1.6400040912407712}
{"t": 1784469709.3105977, "x": -0.0016371492561641741, "y": -0.001486997691216177, "zone": null, "min_dist": 1.6399429855744945}
{"t": 1784469709.4711406, "x": -0.0016400565146732114, "y": -0.0015561137304912472, "zone": null, "min_dist": 1.6398900355223163}
{"t": 1784469709.6315892, "x": -0.0016392251525805107, "y": -0.0016452305601337923, "zone": null, "min_dist": 1.6398189670483478}
{"t": 1784469709.7834044, "x": -0.0016390452786381317, "y": -0.0016499671967033934, "zone": null, "min_dist": 1.639815106866327}
{"t": 1784469709.9356997, "x": -0.0016390170629132876, "y": -0.0016502450889344057, "zone": null, "min_dist": 1.6398148696058295}
{"t": 1784469710.0884523, "x": -0.0016389765189406234, "y": -0.0016505214610674274, "zone": null, "min_dist": 1.639814626018511}
{"t": 1784469710.240459, "x": -0.0016389237267606395, "y": -0.0016507957630106525, "zone": null, "min_dist": 1.6398143765888036}
{"t": 1784469710.3926325, "x": -0.0016388587903954236, "y": -0.0016510674517985447, "zone": null, "min_dist": 1.639814121810146}
{"t": 1784469710.5450463, "x": -0.0016387818384261173, "y": -0.0016513359879059251, "zone": null, "min_dist": 1.6398138621882532}
{"t": 1784469710.6972826, "x": -0.0016386930230806289, "y": -0.0016516008392850113, "zone": null, "min_dist": 1.6398135982373656}
{"t": 1784469710.9481418, "x": -0.0016385925200283703, "y": -0.0016518614815534982, "zone": null, "min_dist": 1.6398133304799722}
{"t": 1784469711.1062593, "x": -0.0016383973959621545, "y": -0.0016522895155323691, "zone": null, "min_dist": 1.6398128723906915}
{"t": 1784469711.2582111, "x": -0.001638266566748061, "y": -0.0016525363351478236, "zone": null, "min_dist": 1.6398125970536372}
{"t": 1784469711.4347203, "x": -0.0016381015505328984, "y": -0.00165281452408385, "zone": null, "min_dist": 1.6398122759971607}
{"t": 1784469711.5867314, "x": -0.0016379476721439016, "y": -0.001653047672406111, "zone": null, "min_dist": 1.6398119974055612}
{"t": 1784469711.7392273, "x": -0.0016377835803061194, "y": -0.0016532737490775576, "zone": null, "min_dist": 1.6398117181744238}
{"t": 1784469711.8912175, "x": -0.0016376095995308568, "y": -0.0016534923069849595, "zone": null, "min_dist": 1.6398114388559775}
{"t": 1784469712.0434513, "x": -0.0016374260739489947, "y": -0.0016537029138091563, "zone": null, "min_dist": 1.639811160002721}
{"t": 1784469712.1960423, "x": -0.001637233366772194, "y": -0.0016539051527841959, "zone": null, "min_dist": 1.6398108821664945}
{"t": 1784469712.3562186, "x": -0.0016370210160540296, "y": -0.0016541085575123957, "zone": null, "min_dist": 1.6398105914085026}
{"t": 1784469712.5084255, "x": -0.0016368106748207744, "y": -0.0016542923871667977, "zone": null, "min_dist": 1.6398103173768286}
{"t": 1784469712.6607687, "x": -0.0016365923682066194, "y": -0.0016544666839345573, "zone": null, "min_dist": 1.6398100460275182}
{"t": 1784469712.8130531, "x": -0.0016363665291045985, "y": -0.001654631102192792, "zone": null, "min_dist": 1.6398097778986471}
{"t": 1784469712.965182, "x": -0.0016361336029122968, "y": -0.001654785317726295, "zone": null, "min_dist": 1.639809513518979}
{"t": 1784469713.1173246, "x": -0.0016358940510398203, "y": -0.001654929024960625, "zone": null, "min_dist": 1.6398092534123005}
{"t": 1784469713.2935586, "x": -0.0016356090212867502, "y": -0.001655081922231895, "zone": null, "min_dist": 1.6398089582502624}
{"t": 1784469713.4459927, "x": -0.0016353568012045859, "y": -0.0016552020139976148, "zone": null, "min_dist": 1.6398087091034703}
{"t": 1784469713.5981216, "x": -0.0016350994912382492, "y": -0.0016553107736875957, "zone": null, "min_dist": 1.6398084658200154}
{"t": 1784469713.7584684, "x": -0.0016348237003940653, "y": -0.0016554127786235495, "zone": null, "min_dist": 1.6398082165961865}
{"t": 1784469713.9185312, "x": -0.001634543436597337, "y": -0.0016555017660967956, "zone": null, "min_dist": 1.6398079749469714}
{"t": 1784469714.0709145, "x": -0.001634273604159441, "y": -0.0016555740681743153, "zone": null, "min_dist": 1.6398077528804327}
{"t": 1784469714.2476616, "x": -0.001633957520586859, "y": -0.001655642701381018, "zone": null, "min_dist": 1.6398075054674914}
{"t": 1784469714.4239047, "x": -0.0016336383243333846, "y": -0.001655694973725228, "zone": null, "min_dist": 1.6398072691072576}
{"t": 1784469714.5763898, "x": -0.0016333607989310963, "y": -0.0016557268441424126, "zone": null, "min_dist": 1.6398070743541675}
{"t": 1784469714.7283041, "x": -0.0016330821305170532, "y": -0.0016557463446273115, "zone": null, "min_dist": 1.6398068886970214}
{"t": 1784469714.8804526, "x": -0.0016328028706752294, "y": -0.001655753436557624, "zone": null, "min_dist": 1.6398067125033238}
{"t": 1784469715.0329344, "x": -0.0016325235716604367, "y": -0.0016557481059084587, "zone": null, "min_dist": 1.6398065461215117}
{"t": 1784469715.1930504, "x": -0.00163223013717102, "y": -0.0016557290861012154, "zone": null, "min_dist": 1.6398063819440714}
{"t": 1784469715.3452225, "x": -0.00163195248659233, "y": -0.0016556983164303317, "zone": null, "min_dist": 1.6398062367110022}
{"t": 1784469715.4971192, "x": -0.0016316764785323497, "y": -0.001655655233162761, "zone": null, "min_dist": 1.6398061022307555}
{"t": 1784469715.6575167, "x": -0.0016313883174158962, "y": -0.0016555966734342928, "zone": null, "min_dist": 1.63980597258093}
{"t": 1784469715.8106048, "x": -0.0016311173853345066, "y": -0.0016555286082013088, "zone": null, "min_dist": 1.6398058609811843}
{"t": 1784469715.9866023, "x": -0.001630807824603351, "y": -0.001655434841672134, "zone": null, "min_dist": 1.6398057461356619}
{"t": 1784469716.1384606, "x": -0.001630544661353391, "y": -0.0016553411284219476, "zone": null, "min_dist": 1.6398056595886459}
{"t": 1784469716.2989895, "x": -0.0016302724390278734, "y": -0.0016552299469023046, "zone": null, "min_dist": 1.639805581338993}
{"t": 1784469716.4593015, "x": -0.0016300057175733344, "y": -0.0016551061478160248, "zone": null, "min_dist": 1.639805516439625}
{"t": 1784469716.6356938, "x": -0.0016225099958130844, "y": -0.001651036976294613, "zone": null, "min_dist": 1.639804159744402}
{"t": 1784469716.787917, "x": -0.0016222692133488034, "y": -0.0016508953399541444, "zone": null, "min_dist": 1.639804124813583}
{"t": 1784469716.9481525, "x": -0.0016150548114030167, "y": -0.0016464008317156839, "zone": null, "min_dist": 1.6398032767677007}
{"t": 1784469717.100054, "x": -0.0016081256329175328, "y": -0.001641503696441957, "zone": null, "min_dist": 1.6398029217736876}
{"t": 1784469717.2601113, "x": -0.0016014810638102013, "y": -0.0016362032320329273, "zone": null, "min_dist": 1.63980306001268}
{"t": 1784469717.4121916, "x": -0.0015952836435796502, "y": -0.0016306419227666217, "zone": null, "min_dist": 1.6398036779477445}
{"t": 1784469717.5646338, "x": -0.0015949638833034445, "y": -0.0016303433242907245, "zone": null, "min_dist": 1.6398037190629235}
{"t": 1784469717.7171855, "x": -0.0015889980355921116, "y": -0.001624310083342784, "zone": null, "min_dist": 1.6398048521554316}
{"t": 1784469717.8691225, "x": -0.0015833923358883257, "y": -0.0016179405842706516, "zone": null, "min_dist": 1.6398064715129332}
{"t": 1784469718.0214741, "x": -0.0015781660052999924, "y": -0.0016112566837889056, "zone": null, "min_dist": 1.6398085715682762}
{"t": 1784469718.1738846, "x": -0.0015780003429972911, "y": -0.001611031366656332, "zone": null, "min_dist": 1.6398086487879722}
{"t": 1784469718.3262408, "x": -0.001541324470446422, "y": -0.001557466077978889, "zone": null, "min_dist": 1.6398286613301571}
{"t": 1784469718.4862874, "x": -0.0015078356891271866, "y": -0.0015018364357978773, "zone": null, "min_dist": 1.6398522572861025}
{"t": 1784469718.646672, "x": -0.0014749094654622921, "y": -0.0014397889055642703, "zone": null, "min_dist": 1.6398812811074104}
{"t": 1784469718.798952, "x": -0.0014679286925856688, "y": -0.001425452430916965, "zone": null, "min_dist": 1.6398883705283316}
{"t": 1784469718.9510682, "x": -0.0014398908676573835, "y": -0.0013629049676879225, "zone": null, "min_dist": 1.6399207784569922}
{"t": 1784469719.1031597, "x": -0.0014143514586228002, "y": -0.0012958522537213108, "zone": null, "min_dist": 1.6399582819939909}
{"t": 1784469719.2557752, "x": -0.0013945077288911327, "y": -0.0012335734913769176, "zone": null, "min_dist": 1.6399954849741407}
{"t": 1784469719.408122, "x": -0.0013901524440757434, "y": -0.001217928987034131, "zone": null, "min_dist": 1.6400052150516773}
{"t": 1784469719.5603704, "x": -0.0013879204340977837, "y": -0.0012083341584555028, "zone": null, "min_dist": 1.6400114507072143}
{"t": 1784469719.7206728, "x": -0.0013849207741444452, "y": -0.0011919035400522549, "zone": null, "min_dist": 1.6400226312413353}
{"t": 1784469719.8728871, "x": -0.0013837697464572313, "y": -0.0011834965301226977, "zone": null, "min_dist": 1.640028586335416}
{"t": 1784469720.0252953, "x": -0.0013822251722074574, "y": -0.0011668798299766835, "zone": null, "min_dist": 1.6400408028282223}
{"t": 1784469720.177332, "x": -0.001381806914651842, "y": -0.0011584048548656614, "zone": null, "min_dist": 1.6400472592272488}
{"t": 1784469720.3297064, "x": -0.0013822979975184491, "y": -0.001095272428978853, "zone": null, "min_dist": 1.64009755747917}
{"t": 1784469720.4822385, "x": -0.0013828518899113877, "y": -0.0010768094819036756, "zone": null, "min_dist": 1.6401125177636087}
{"t": 1784469720.6343324, "x": -0.0013883268602838139, "y": -0.0010038948297758023, "zone": null, "min_dist": 1.640173607402415}
{"t": 1784469720.7861762, "x": -0.0013967754793869382, "y": -0.0009395297908592243, "zone": null, "min_dist": 1.6402297422009233}
{"t": 1784469720.9387321, "x": -0.0014180160429677054, "y": -0.0008177407369869378, "zone": null, "min_dist": 1.6403391678671762}
{"t": 1784469721.091247, "x": -0.0014331752778968128, "y": -0.0007485587870617069, "zone": null, "min_dist": 1.6404032162980748}
{"t": 1784469721.267538, "x": -0.0014667072098664782, "y": -0.0006233950983046559, "zone": null, "min_dist": 1.6405228212419445}
{"t": 1784469721.4198139, "x": -0.0015024375030066464, "y": -0.0005146892614383575, "zone": null, "min_dist": 1.640630733940383}
{"t": 1784469721.5720224, "x": -0.0015104864211036347, "y": -0.0004925136736920902, "zone": null, "min_dist": 1.6406532118121597}
{"t": 1784469721.7242835, "x": -0.0015386856443480338, "y": -0.0004250572640266169, "zone": null, "min_dist": 1.6407238556897432}
{"t": 1784469721.876745, "x": -0.0015670102161872003, "y": -0.00036664852296956513, "zone": null, "min_dist": 1.6407874098203004}
{"t": 1784469722.0367908, "x": -0.001599545343185297, "y": -0.00030782694353884187, "zone": null, "min_dist": 1.6408538612368568}
{"t": 1784469722.1970303, "x": -0.0016092680196657582, "y": -0.00029152648702834735, "zone": null, "min_dist": 1.6408727074042977}
{"t": 1784469722.3570933, "x": -0.001646395969737591, "y": -0.00023389306499801076, "zone": null, "min_dist": 1.640941021272896}
{"t": 1784469722.5096126, "x": -0.0016886514632309525, "y": -0.0001759052541867983, "zone": null, "min_dist": 1.641012745761592}
{"t": 1784469722.6616757, "x": -0.0017305955952464684, "y": -0.00012458579093248013, "zone": null, "min_dist": 1.6410789982864329}
{"t": 1784469722.82232, "x": -0.0017696320576477394, "y": -8.165971063172862e-05, "zone": null, "min_dist": 1.6411368276696434}
{"t": 1784469722.9984133, "x": -0.001789160229808186, "y": -6.130202423727515e-05, "zone": null, "min_dist": 1.641164872902435}
{"t": 1784469723.158075, "x": -0.0018386542529441633, "y": -1.3862604677544756e-05, "zone": null, "min_dist": 1.6412326607082133}
{"t": 1784469723.3189018, "x": -0.0019263373689734136, "y": 5.968434733074842e-05, "zone": null, "min_dist": 1.6412498925431092}
{"t": 1784469723.4789684, "x": -0.0019898033087776064, "y": 0.00010844820543507692, "zone": null, "min_dist": 1.641250015190143}
{"t": 1784469723.639224, "x": -0.002091249577584962, "y": 0.0001791255542798548, "zone": null, "min_dist": 1.6412559758077965}
{"t": 1784469723.799505, "x": -0.0021549849591155548, "y": 0.0002194276488407772, "zone": null, "min_dist": 1.6412629740964464}
{"t": 1784469723.9522748, "x": -0.002262697953844065, "y": 0.00028094175973178306, "zone": null, "min_dist": 1.6412800327983912}
{"t": 1784469724.104198, "x": -0.00248732055440532, "y": 0.0003947966307113413, "zone": null, "min_dist": 1.641327058357621}
{"t": 1784469724.2643414, "x": -0.002706683193628499, "y": 0.000492586714365286, "zone": null, "min_dist": 1.6413836266106376}
{"t": 1784469724.4250286, "x": -0.002912325757934117, "y": 0.000572784524572222, "zone": null, "min_dist": 1.6414457717132822}
{"t": 1784469724.5771298, "x": -0.003063030034241277, "y": 0.000626194195774631, "zone": null, "min_dist": 1.641495577036877}
{"t": 1784469724.7295756, "x": -0.003331695864468541, "y": 0.0007066961653124483, "zone": null, "min_dist": 1.641596046936008}
{"t": 1784469724.8817954, "x": -0.0034043591791908362, "y": 0.0007247716284853413, "zone": null, "min_dist": 1.6416261532637857}
{"t": 1784469725.0422323, "x": -0.0035255473593740656, "y": 0.0007491737408747465, "zone": null, "min_dist": 1.6416809171510618}
{"t": 1784469725.2020042, "x": -0.00362037366857078, "y": 0.0007633958545063915, "zone": null, "min_dist": 1.641727629052443}
{"t": 1784469725.3781562, "x": -0.003888370118693657, "y": 0.0007942994461910537, "zone": null, "min_dist": 1.6418670201971537}
{"t": 1784469725.5545907, "x": -0.004016842210748212, "y": 0.0008008933596682028, "zone": null, "min_dist": 1.641940357667683}
{"t": 1784469725.7073183, "x": -0.004273006464078236, "y": 0.0008015573467832518, "zone": null, "min_dist": 1.6420964846515391}
{"t": 1784469725.8592598, "x": -0.004512883178455831, "y": 0.000790260973344855, "zone": null, "min_dist": 1.642252136078137}
{"t": 1784469726.0360858, "x": -0.004774441464250324, "y": 0.0007648037718721158, "zone": null, "min_dist": 1.6424322735923507}
{"t": 1784469726.1883564, "x": -0.005056454711939845, "y": 0.0007256631295000087, "zone": null, "min_dist": 1.6426357720469902}
{"t": 1784469726.348109, "x": -0.005462435651761851, "y": 0.0006507003906612202, "zone": null, "min_dist": 1.642943490173065}
{"t": 1784469726.5004525, "x": -0.005735474377213899, "y": 0.0005876837234937332, "zone": null, "min_dist": 1.6431604340756976}
{"t": 1784469726.6528263, "x": -0.005989522647953523, "y": 0.0005191985658029612, "zone": null, "min_dist": 1.6433700961662654}
{"t": 1784469726.813142, "x": -0.005989801706359531, "y": 0.0005191064073755163, "zone": null, "min_dist": 1.6433703398654507}
{"t": 1784469726.9733849, "x": -0.005990076197494862, "y": 0.0005190012711917606, "zone": null, "min_dist": 1.6433705910308432}
{"t": 1784469727.1255398, "x": -0.0059903321694387375, "y": 0.0005188895827357994, "zone": null, "min_dist": 1.6433708360408688}
{"t": 1784469727.277902, "x": -0.005990582943429785, "y": 0.000518766614461776, "zone": null, "min_dist": 1.6433710867883922}
{"t": 1784469727.4305274, "x": -0.005990828016681543, "y": 0.000518632610999787, "zone": null, "min_dist": 1.643371342772191}
{"t": 1784469727.582454, "x": -0.005991066899750237, "y": 0.0005184878385705797, "zone": null, "min_dist": 1.6433716034821377}
{"t": 1784469727.7591774, "x": -0.005991335142385805, "y": 0.0005183071328065525, "zone": null, "min_dist": 1.6433719105785358}
{"t": 1784469727.9111946, "x": -0.0059915590646593755, "y": 0.0005181401285417403, "zone": null, "min_dist": 1.6433721797098575}
{"t": 1784469728.063567, "x": -0.005991775343180523, "y": 0.0005179633321696082, "zone": null, "min_dist": 1.6433724519050747}
{"t": 1784469728.2158449, "x": -0.005991983549387846, "y": 0.0005177770936972533, "zone": null, "min_dist": 1.6433727266250764}
{"t": 1784469728.3760753, "x": -0.005992193539549276, "y": 0.0005175712584747452, "zone": null, "min_dist": 1.6433730179330823}
{"t": 1784469728.5283246, "x": -0.005994054556983395, "y": 0.0005154950794575109, "zone": null, "min_dist": 1.643375798876382}
{"t": 1784469728.6803164, "x": -0.006047655043169701, "y": 0.00045213509466237217, "zone": null, "min_dist": 1.6434587118019977}
{"t": 1784469728.832866, "x": -0.0060924322821427086, "y": 0.0003936052411870673, "zone": null, "min_dist": 1.6435324041811277}
{"t": 1784469728.993454, "x": -0.006142926422723126, "y": 0.0003197041047015165, "zone": null, "min_dist": 1.6436217508687854}
{"t": 1784469729.1532466, "x": -0.006178364754447901, "y": 0.00026187335798503574, "zone": null, "min_dist": 1.6436891736416679}
{"t": 1784469729.3136876, "x": -0.006220809643277681, "y": 0.00018411143350163735, "zone": null, "min_dist": 1.643776645998199}
{"t": 1784469729.4739242, "x": -0.006252277708259255, "y": 0.00011825654996765594, "zone": null, "min_dist": 1.6438479836492654}
{"t": 1784469729.6259542, "x": -0.006253860550434844, "y": 0.00011466457489576717, "zone": null, "min_dist": 1.6438517929320422}
{"t": 1784469729.8024848, "x": -0.006261789890430592, "y": 9.205774422244611e-05, "zone": null, "min_dist": 1.6438745232325802}
{"t": 1784469729.9545205, "x": -0.006267826113691771, "y": 6.543891075692659e-05, "zone": null, "min_dist": 1.6438992672867332}
{"t": 1784469730.1067579, "x": -0.006269499028724369, "y": 4.5847280379219906e-05, "zone": null, "min_dist": 1.6439157836849512}
{"t": 1784469730.2589686, "x": -0.006268255658575403, "y": 3.0943627430351006e-05, "zone": null, "min_dist": 1.6439268079425986}
{"t": 1784469730.4113755, "x": -0.0062680647629768105, "y": 2.923390757826762e-05, "zone": null, "min_dist": 1.6439280430897043}
{"t": 1784469730.587371, "x": -0.006267950459165263, "y": 2.888321588992442e-05, "zone": null, "min_dist": 1.6439282504398467}
{"t": 1784469730.7397175, "x": -0.006267807579681028, "y": 2.859840579687945e-05, "zone": null, "min_dist": 1.6439283882012667}
{"t": 1784469730.900277, "x": -0.0062676161218469615, "y": 2.832304646382869e-05, "zone": null, "min_dist": 1.643928488753977}
{"t": 1784469731.060307, "x": -0.00624026034912273, "y": 1.3553424153887398e-06, "zone": null, "min_dist": 1.6439330697017525}
{"t": 1784469731.2125983, "x": -0.0060017189038411925, "y": -0.0001827037756476753, "zone": null, "min_dist": 1.643643654202902}
{"t": 1784469731.3653064, "x": -0.0053078267075553605, "y": -0.0005958942039594989, "zone": null, "min_dist": 1.642892223062449}
{"t": 1784469731.5173693, "x": -0.004159458040227267, "y": -0.0011009390817519986, "zone": null, "min_dist": 1.641790177710279}
{"t": 1784469731.6770818, "x": -0.0030097805759848905, "y": -0.001448325507693921, "zone": null, "min_dist": 1.6408123205467033}
{"t": 1784469731.8292356, "x": -0.0021702673738359657, "y": -0.0015920703990443253, "zone": null, "min_dist": 1.6401854762369974}
{"t": 1784469731.9813216, "x": -0.0016050550626506355, "y": -0.001621098041036437, "zone": null, "min_dist": 1.6398172030379543}
{"t": 1784469732.1337416, "x": -0.0013277957358684772, "y": -0.0016038408782782694, "zone": null, "min_dist": 1.6396615323094252}
{"t": 1784469732.3101785, "x": -0.0012974419331642174, "y": -0.001599260205471688, "zone": null, "min_dist": 1.6396466230016993}
{"t": 1784469732.4625268, "x": -0.0012971523100515528, "y": -0.001599162506801117, "zone": null, "min_dist": 1.639646523500495}
{"t": 1784469732.6148958, "x": -0.0012968759689422685, "y": -0.0015990317203405913, "zone": null, "min_dist": 1.6396464583118888}
{"t": 1784469732.7911258, "x": -0.0012965775838903676, "y": -0.0015988413233676006, "zone": null, "min_dist": 1.6396464268658757}
{"t": 1784469732.9513743, "x": -0.0012963308060279166, "y": -0.0015986347508304282, "zone": null, "min_dist": 1.639646439744411}
{"t": 1784469733.103656, "x": -0.0012961214822222494, "y": -0.0015984118864603473, "zone": null, "min_dist": 1.6396464883965396}
{"t": 1784469733.2561972, "x": -0.00129593953259456, "y": -0.0015981661655031306, "zone": null, "min_dist": 1.6396465718651827}
{"t": 1784469733.4083233, "x": -0.001295787431510246, "y": -0.0015979009295810686, "zone": null, "min_dist": 1.6396466890152153}
{"t": 1784469733.5604937, "x": -0.001295667248466061, "y": -0.0015976197873380632, "zone": null, "min_dist": 1.6396468382528162}
{"t": 1784469733.7128875, "x": -0.0012955806187637468, "y": -0.0015973265644110943, "zone": null, "min_dist": 1.639647017547177}
{"t": 1784469733.8891795, "x": -0.0012955237539398641, "y": -0.001596977200615569, "zone": null, "min_dist": 1.6396472594751152}
{"t": 1784469734.0494795, "x": -0.0012955133400183682, "y": -0.0015966555439630421, "zone": null, "min_dist": 1.639647507828885}
{"t": 1784469734.201799, "x": -0.0012955400316528069, "y": -0.00159635095817283, "zone": null, "min_dist": 1.6396477653241295}
{"t": 1784469734.3541899, "x": -0.0012956020070760707, "y": -0.0015960515521338077, "zone": null, "min_dist": 1.6396480402646545}
{"t": 1784469734.5142407, "x": -0.001295704428913561, "y": -0.001595746459625199, "zone": null, "min_dist": 1.639648344407889}
{"t": 1784469734.6663015, "x": -0.0012958356724385126, "y": -0.0015954703080560666, "zone": null, "min_dist": 1.6396486432341304}
{"t": 1784469734.8185644, "x": -0.0012959981780388727, "y": -0.0015952113162325588, "zone": null, "min_dist": 1.6396489475629514}
{"t": 1784469734.9790738, "x": -0.0012962005736779068, "y": -0.0015949611012133534, "zone": null, "min_dist": 1.6396492693015305}
{"t": 1784469735.1312113, "x": -0.0012964198881984387, "y": -0.0015947480614738202, "zone": null, "min_dist": 1.6396495719337323}
{"t": 1784469735.2909684, "x": -0.0012966758718866234, "y": -0.0015945530119342187, "zone": null, "min_dist": 1.6396498827128825}
{"t": 1784469735.4514506, "x": -0.0012969538263120125, "y": -0.0015943908000508444, "zone": null, "min_dist": 1.6396501809055928}
{"t": 1784469735.6037993, "x": -0.001297234422367955, "y": -0.0015942693465426246, "zone": null, "min_dist": 1.63965044843577}
{"t": 1784469735.7803879, "x": -0.0012975743453643594, "y": -0.0015941706510187441, "zone": null, "min_dist": 1.6396507341739965}
{"t": 1784469735.940192, "x": -0.0012978923829109685, "y": -0.0015941214159005041, "zone": null, "min_dist": 1.6396509673806212}
{"t": 1784469736.1162546, "x": -0.001298246237640292, "y": -0.0015941127084479199, "zone": null, "min_dist": 1.6396511903670052}
{"t": 1784469736.2685268, "x": -0.0012985504227778612, "y": -0.0015941436324837439, "zone": null, "min_dist": 1.6396513516379692}
{"t": 1784469736.421066, "x": -0.0012988489380178817, "y": -0.0015942097648427008, "zone": null, "min_dist": 1.6396514815657575}
{"t": 1784469736.5815492, "x": -0.0012991525770946178, "y": -0.0015943164188838277, "zone": null, "min_dist": 1.6396515825343363}
{"t": 1784469736.7338626, "x": -0.0012994268771045663, "y": -0.0015944514893684047, "zone": null, "min_dist": 1.639651643083863}
{"t": 1784469736.8941126, "x": -0.0012996965412109193, "y": -0.0015946271406857737, "zone": null, "min_dist": 1.6396516686672984}
{"t": 1784469737.0546002, "x": -0.001299942650113798, "y": -0.0015948345123459914, "zone": null, "min_dist": 1.6396516547474782}
{"t": 1784469737.2146633, "x": -0.001300161491277431, "y": -0.0015950704759735263, "zone": null, "min_dist": 1.6396516015345306}
{"t": 1784469737.3753262, "x": -0.0013003497699031923, "y": -0.001595331478416857, "zone": null, "min_dist": 1.639651509830053}
{"t": 1784469737.5354161, "x": -0.0013005046481321073, "y": -0.0015956135862924092, "zone": null, "min_dist": 1.6396513810157818}
