{"t": 1784510747.758491, "x": -6.81836651667784e-12, "y": -1.667493982083725e-13, "zone": null, "min_dist": 1.6401219466896975}
{"t": 1784510747.9186373, "x": -6.81836651667784e-12, "y": -1.667493982083725e-13, "zone": null, "min_dist": 1.6401219466896975}
{"t": 1784510748.0785623, "x": -6.81836651667784e-12, "y": -1.667493982083725e-13, "zone": null, "min_dist": 1.6401219466896975}
{"t": 1784510748.2389643, "x": -6.81836651667784e-12, "y": -1.667493982083725e-13, "zone": null, "min_dist": 1.6401219466896975}
{"t": 1784510748.3993433, "x": -6.81836651667784e-12, "y": -1.667493982083725e-13, "zone": null, "min_dist": 1.6401219466896975}
{"t": 1784510748.5595458, "x": -6.81836651667784e-12, "y": -1.667493982083725e-13, "zone": null, "min_dist": 1.6401219466896975}
{"t": 1784510748.7204602, "x": -6.81836651667784e-12, "y": -1.667493982083725e-13, "zone": null, "min_dist": 1.6401219466896975}
{"t": 1784510748.8804877, "x": -6.81836651667784e-12, "y": -1.667493982083725e-13, "zone": null, "min_dist": 1.6401219466896975}
{"t": 1784510749.0410764, "x": -6.81836651667784e-12, "y": -1.667493982083725e-13, "zone": null, "min_dist": 1.6401219466896975}
{"t": 1784510749.1930487, "x": -6.81836651667784e-12, "y": -1.667493982083725e-13, "zone": null, "min_dist": 1.6401219466896975}
{"t": 1784510749.3696172, "x": -6.81836651667784e-12, "y": -1.667493982083725e-13, "zone": null, "min_dist": 1.6401219466896975}
{"t": 1784510749.5296366, "x": -6.81836651667784e-12, "y": -1.667493982083725e-13, "zone": null, "min_dist": 1.6401219466896975}
{"t": 1784510749.6896355, "x": -6.81836651667784e-12, "y": -1.667493982083725e-13, "zone": null, "min_dist": 1.6401219466896975}
{"t": 1784510749.8504505, "x": -6.81836651667784e-12, "y": -1.667493982083725e-13, "zone": null, "min_dist": 1.6401219466896975}
{"t": 1784510750.0105014, "x": 0.0028794401627179147, "y": 1.8384184741871735e-10, "zone": null, "min_dist": 1.6383679105659468}
{"t": 1784510750.170636, "x": 0.026878564907590267, "y": 5.754445495795962e-09, "zone": null, "min_dist": 1.6238735518736527}
{"t": 1784510750.3304763, "x": 0.05543584513300553, "y": 1.3424445404699525e-08, "zone": null, "min_dist": 1.6069229626077417}
{"t": 1784510750.482831, "x": 0.08308393641318232, "y": 2.1031706772755637e-08, "zone": null, "min_dist": 1.5908284046310928}
{"t": 1784510750.6353662, "x": 0.11473184109386157, "y": 3.086848384286045e-08, "zone": null, "min_dist": 1.5727999341667736}
{"t": 1784510750.787124, "x": 0.14483382497583194, "y": 3.982389713857326e-08, "zone": null, "min_dist": 1.5560556170533673}
{"t": 1784510750.9478326, "x": 0.1763285614171398, "y": 4.9105680207899837e-08, "zone": null, "min_dist": 1.538971900673431}
{"t": 1784510751.1081429, "x": 0.20782329804578129, "y": 5.838741743132625e-08, "zone": null, "min_dist": 1.5223481123947247}
{"t": 1784510751.2686288, "x": 0.2404935235064822, "y": 6.835364286324858e-08, "zone": null, "min_dist": 1.5056061603607138}
{"t": 1784510751.4288902, "x": 0.27455322251876224, "y": 7.918629616861363e-08, "zone": null, "min_dist": 1.4887151578033821}
{"t": 1784510751.5892785, "x": 0.3086096433171163, "y": 9.004561546976249e-08, "zone": null, "min_dist": 1.4724199099426403}
{"t": 1784510751.7495375, "x": 0.34380964290547505, "y": 1.0164047462315507e-07, "zone": null, "min_dist": 1.45622303253266}
{"t": 1784510751.9098122, "x": 0.3770542747146477, "y": 1.1200405935598987e-07, "zone": null, "min_dist": 1.441548155782786}
{"t": 1784510752.0702446, "x": 0.4111074482600058, "y": 1.229023768619404e-07, "zone": null, "min_dist": 1.4271629612446777}
{"t": 1784510752.2306063, "x": 0.44334320705551383, "y": 1.3262261476164749e-07, "zone": null, "min_dist": 1.4141663411043484}
{"t": 1784510752.390796, "x": 0.4755469967614839, "y": 1.4233287397301184e-07, "zone": null, "min_dist": 1.401802618966182}
{"t": 1784510752.5514736, "x": 0.5088943650300481, "y": 1.5273900026556092e-07, "zone": null, "min_dist": 1.3896705895923185}
{"t": 1784510752.7122664, "x": 0.5434139436342044, "y": 1.63895478552114e-07, "zone": null, "min_dist": 1.3778499195265979}
{"t": 1784510752.872199, "x": 0.577936800866765, "y": 1.7502528194033162e-07, "zone": null, "min_dist": 1.3667980425055044}
{"t": 1784510753.0324585, "x": 0.6124851012356477, "y": 1.862307407807909e-07, "zone": null, "min_dist": 1.3565276674526232}
{"t": 1784510753.1922438, "x": 0.6470973116449343, "y": 1.9744663051655533e-07, "zone": null, "min_dist": 1.3470485492687456}
{"t": 1784510753.3526516, "x": 0.6814349059665198, "y": 2.0845757126899948e-07, "zone": null, "min_dist": 1.3384629905779684}
{"t": 1784510753.5132644, "x": 0.7162898929973639, "y": -0.00017564766249005825, "zone": null, "min_dist": 1.330426537522863}
{"t": 1784510753.6732, "x": 0.7508237501262522, "y": -0.0010300597084558327, "zone": null, "min_dist": 1.3226532838511242}
{"t": 1784510753.8332376, "x": 0.7848977644262686, "y": -0.0020199547097164653, "zone": null, "min_dist": 1.3156827770099386}
{"t": 1784510753.9932694, "x": 0.8190324157251029, "y": -0.0030116110120123785, "zone": null, "min_dist": 1.3095526517585871}
{"t": 1784510754.1538234, "x": 0.8526291799346198, "y": -0.0039552783973195345, "zone": null, "min_dist": 1.3043964424211347}
{"t": 1784510754.3059542, "x": 0.8819383731341445, "y": -0.004295468972111374, "zone": null, "min_dist": 1.301072165356101}
{"t": 1784510754.466385, "x": 0.9134955315974942, "y": -0.003936367248858599, "zone": null, "min_dist": 1.2989472518904244}
{"t": 1784510754.619084, "x": 0.9441391399514636, "y": -0.0028998974503257123, "zone": null, "min_dist": 1.2983023961002835}
{"t": 1784510754.7793481, "x": 0.9764424788357383, "y": -0.0010780510402977497, "zone": null, "min_dist": 1.2991355534711058}
{"t": 1784510754.9557998, "x": 1.0130055505920796, "y": 0.001559996118465969, "zone": null, "min_dist": 1.298440003881534}
{"t": 1784510755.1079137, "x": 1.0458635317222074, "y": 0.00395074337879576, "zone": null, "min_dist": 1.2960492566212043}
{"t": 1784510755.2679634, "x": 1.0781034479544955, "y": 0.006296519320200385, "zone": null, "min_dist": 1.2937034806797996}
{"t": 1784510755.4283288, "x": 1.111999527171006, "y": 0.008762798089574766, "zone": null, "min_dist": 1.2912372019104252}
{"t": 1784510755.5888338, "x": 1.1457241524932034, "y": 0.011216601755237133, "zone": null, "min_dist": 1.288783398244763}
{"t": 1784510755.748838, "x": 1.1797864670860239, "y": 0.013694975788656786, "zone": null, "min_dist": 1.2863050242113432}
{"t": 1784510755.9092956, "x": 1.2131317614589558, "y": 0.016121179282188473, "zone": null, "min_dist": 1.2838788207178116}
{"t": 1784510756.0692775, "x": 1.2465825224586762, "y": 0.018555056462440867, "zone": null, "min_dist": 1.2814449435375592}
{"t": 1784510756.2218196, "x": 1.278793792471113, "y": 0.020898748458294317, "zone": null, "min_dist": 1.2791012515417057}
{"t": 1784510756.374467, "x": 1.3111260956392095, "y": 0.023251246896693268, "zone": null, "min_dist": 1.2767487531033068}
{"t": 1784510756.5342631, "x": 1.3421617068038363, "y": 0.025509397174041253, "zone": null, "min_dist": 1.2744906028259588}
{"t": 1784510756.6948798, "x": 1.3707059961825954, "y": 0.02758608443043904, "zone": null, "min_dist": 1.272413915569561}
{"t": 1784510756.854993, "x": 1.4048737175041004, "y": 0.029772172367813293, "zone": null, "min_dist": 1.2702278276321868}
{"t": 1784510757.0154517, "x": 1.4394199075971967, "y": 0.03119246186865353, "zone": null, "min_dist": 1.2688075381313466}
{"t": 1784510757.175589, "x": 1.4720732644814751, "y": 0.03178115500027413, "zone": null, "min_dist": 1.2682188449997258}
{"t": 1784510757.3283834, "x": 1.5046385529444797, "y": 0.031620137770112196, "zone": null, "min_dist": 1.2683798622298879}
{"t": 1784510757.4802096, "x": 1.537440092784295, "y": 0.030787220221339878, "zone": null, "min_dist": 1.26921277977866}
{"t": 1784510757.6402922, "x": 1.5703030358969987, "y": 0.029803810233674687, "zone": null, "min_dist": 1.2701961897663254}
{"t": 1784510757.800711, "x": 1.604286863405853, "y": 0.02878685886122893, "zone": null, "min_dist": 1.271213141138771}
{"t": 1784510757.9609094, "x": 1.6376125150741863, "y": 0.02778960306809387, "zone": null, "min_dist": 1.272210396931906}
{"t": 1784510758.1131802, "x": 1.6699870754891935, "y": 0.026820808550828208, "zone": null, "min_dist": 1.273179191449172}
{"t": 1784510758.2658446, "x": 1.7025755248265226, "y": 0.025845613618366913, "zone": null, "min_dist": 1.2741543863816331}
{"t": 1784510758.4179964, "x": 1.7331908732068608, "y": 0.024929462239131544, "zone": null, "min_dist": 1.2750705377608684}
{"t": 1784510758.5783415, "x": 1.767513103230478, "y": 0.023902384637853994, "zone": null, "min_dist": 1.276097615362146}
{"t": 1784510758.7388322, "x": 1.8026973530551593, "y": 0.02284951178187522, "zone": null, "min_dist": 1.2771504882181248}
{"t": 1784510758.8992817, "x": 1.8378816030326275, "y": 0.021796638921123036, "zone": null, "min_dist": 1.278203361078877}
{"t": 1784510759.0597858, "x": 1.873065853091459, "y": 0.020743766057675164, "zone": null, "min_dist": 1.2792562339423248}
{"t": 1784510759.219574, "x": 1.9082501031936234, "y": 0.019690893192731505, "zone": null, "min_dist": 1.2803091068072685}
{"t": 1784510759.3799956, "x": 1.9434343533188723, "y": 0.018638020326967073, "zone": null, "min_dist": 1.281361979673033}
{"t": 1784510759.5562358, "x": 1.982137028470592, "y": 0.01747986017411863, "zone": null, "min_dist": 1.2825201398258814}
{"t": 1784510759.7163005, "x": 2.017321278615133, "y": 0.016426987307647727, "zone": null, "min_dist": 1.2835730126923524}
{"t": 1784510759.8768473, "x": 2.0525055287629486, "y": 0.01537411444105273, "zone": null, "min_dist": 1.2846258855589474}
{"t": 1784510760.0293925, "x": 2.0859305664050045, "y": 0.014373885217723889, "zone": null, "min_dist": 1.285626114782276}
{"t": 1784510760.2056797, "x": 2.1246332415705376, "y": 0.013215725064354143, "zone": null, "min_dist": 1.286784274935646}
{"t": 1784510760.3816671, "x": 2.163335916736653, "y": 0.01205756491095982, "zone": null, "min_dist": 1.2879424350890403}
{"t": 1784510760.5333633, "x": 2.1967609543792244, "y": 0.011057335687576369, "zone": null, "min_dist": 1.2889426643124238}
{"t": 1784510760.7102432, "x": 2.2354636295262407, "y": 0.009899175534584066, "zone": null, "min_dist": 1.290100824465416}
{"t": 1784510760.8704698, "x": 2.2706478796755056, "y": 0.008846302668266394, "zone": null, "min_dist": 1.2911536973317337}
{"t": 1784510761.0308812, "x": 2.3058321298257987, "y": 0.00779342980216841, "zone": null, "min_dist": 1.2922065701978316}
{"t": 1784510761.1831336, "x": 2.3392571674695337, "y": 0.0067932005794130385, "zone": null, "min_dist": 1.293206799420587}
{"t": 1784510761.3434105, "x": 2.3744414176212265, "y": 0.005740327713349393, "zone": null, "min_dist": 1.2942596722866506}
{"t": 1784510761.4955587, "x": 2.4078664552647644, "y": 0.0047400984905125385, "zone": null, "min_dist": 1.2952599015094874}
{"t": 1784510761.6560838, "x": 2.4430507054159865, "y": 0.0036872256241366978, "zone": null, "min_dist": 1.2963127743758633}
{"t": 1784510761.816325, "x": 2.47823495556735, "y": 0.0026343527575186285, "zone": null, "min_dist": 1.2973656472424815}
{"t": 1784510761.9769437, "x": 2.512597141734131, "y": 0.001639156641845222, "zone": null, "min_dist": 1.2983608433581548}
{"t": 1784510762.1535943, "x": 2.5504159521280894, "y": 0.0010159184817788468, "zone": null, "min_dist": 1.2989840815182212}
{"t": 1784510762.4100816, "x": 2.604956756261801, "y": 0.0009825131875224236, "zone": null, "min_dist": 1.2990174868124775}
{"t": 1784510762.5620239, "x": 2.6383690207852086, "y": 0.0014783734060656733, "zone": null, "min_dist": 1.2985216265939343}
{"t": 1784510762.7146342, "x": 2.6717959880253317, "y": 0.002374342120256704, "zone": null, "min_dist": 1.2976256578797434}
{"t": 1784510762.8748505, "x": 2.706980065027197, "y": 0.003432983824709682, "zone": null, "min_dist": 1.2965670161752905}
{"t": 1784510763.0353198, "x": 2.7421641420539173, "y": 0.004491625294686739, "zone": null, "min_dist": 1.2955083747053133}
{"t": 1784510763.2112694, "x": 2.780866626800681, "y": 0.00565613081810899, "zone": null, "min_dist": 1.2943438691818911}
{"t": 1784510763.363831, "x": 2.814291499998778, "y": 0.0066618401077441994, "zone": null, "min_dist": 1.2933381598922558}
{"t": 1784510763.524, "x": 2.8494755770533535, "y": 0.0077204814575090866, "zone": null, "min_dist": 1.292279518542491}
{"t": 1784510763.6762106, "x": 2.8829004502571833, "y": 0.008726190737883182, "zone": null, "min_dist": 1.2912738092621168}
{"t": 1784510763.852536, "x": 2.9216029350207577, "y": 0.009890696220229776, "zone": null, "min_dist": 1.2901093037797702}
{"t": 1784510764.0043528, "x": 2.9550278082262214, "y": 0.010896405500693311, "zone": null, "min_dist": 1.2891035944993068}
{"t": 1784510764.1567538, "x": 2.988452681431962, "y": 0.011902114781406976, "zone": null, "min_dist": 1.2880978852185931}
{"t": 1784510764.3092985, "x": 3.021877554637853, "y": 0.012907824062304273, "zone": null, "min_dist": 1.2870921759376959}
{"t": 1784510764.4695747, "x": 3.05706163169677, "y": 0.013966465410745223, "zone": null, "min_dist": 1.2860335345892548}
{"t": 1784510764.629452, "x": 3.0920572524038654, "y": 0.015019436332098991, "zone": null, "min_dist": 1.284980563667901}
{"t": 1784510764.781712, "x": 3.124527520558809, "y": 0.01599642250793395, "zone": null, "min_dist": 1.2840035774920662}
{"t": 1784510764.9426992, "x": 3.1593918665131517, "y": 0.0170454435200871, "zone": null, "min_dist": 1.282954556479913}
{"t": 1784510765.1024706, "x": 3.1927560116957006, "y": 0.018049324994388664, "zone": null, "min_dist": 1.2819506750056113}
{"t": 1784510765.2622879, "x": 3.2267970271505777, "y": 0.01907357280447299, "zone": null, "min_dist": 1.280926427195527}
{"t": 1784510765.4228466, "x": 3.260742206972978, "y": 0.02009493706100297, "zone": null, "min_dist": 1.279905062938997}
{"t": 1784510765.575118, "x": 3.29138935926286, "y": 0.02101706762828711, "zone": null, "min_dist": 1.278982932371713}
{"t": 1784510765.7274995, "x": 3.3220398750873255, "y": 0.02193929939955024, "zone": null, "min_dist": 1.2780607006004499}
{"t": 1784510765.8881292, "x": 3.356479901742356, "y": 0.022975553053955086, "zone": null, "min_dist": 1.277024446946045}
{"t": 1784510766.0403457, "x": 3.3894098407507594, "y": 0.02396637027725009, "zone": null, "min_dist": 1.27603362972275}
{"t": 1784510766.1926599, "x": 3.4202389264245077, "y": 0.024893975063224858, "zone": null, "min_dist": 1.2751060249367752}
{"t": 1784510766.3453102, "x": 3.452609904989926, "y": 0.025867973740418302, "zone": null, "min_dist": 1.2741320262595817}
{"t": 1784510766.5056407, "x": 3.485974049916202, "y": 0.02687185520700403, "zone": null, "min_dist": 1.273128144792996}
{"t": 1784510766.6652675, "x": 3.520015065234581, "y": 0.02789610301296806, "zone": null, "min_dist": 1.272103896987032}
{"t": 1784510766.825574, "x": 3.5540561084841293, "y": 0.028920351668838006, "zone": null, "min_dist": 1.271079648331162}
{"t": 1784510767.002439, "x": 3.592758565088591, "y": 0.030084856295475658, "zone": null, "min_dist": 1.2699151437045244}
{"t": 1784510767.1545882, "x": 3.6261834381490696, "y": 0.03109056557224956, "zone": null, "min_dist": 1.2689094344277505}
{"t": 1784510767.4077938, "x": 3.6648859228251607, "y": 0.03225507105301528, "zone": null, "min_dist": 1.2677449289469847}
{"t": 1784510767.5633624, "x": 3.715238052197128, "y": 0.033770098460226806, "zone": null, "min_dist": 1.2662299015397733}
{"t": 1784510767.7157986, "x": 3.7471880448672636, "y": 0.03473143008132244, "zone": null, "min_dist": 1.2652685699186776}
{"t": 1784510767.8681781, "x": 3.7784732551370017, "y": 0.03567275915308313, "zone": null, "min_dist": 1.2643272408469168}
{"t": 1784510768.0286148, "x": 3.812514298361189, "y": 0.03669700780817116, "zone": null, "min_dist": 1.2633029921918288}
{"t": 1784510768.1884363, "x": 3.8469543530396213, "y": 0.03773326231518357, "zone": null, "min_dist": 1.2622667376848165}
{"t": 1784510768.3485377, "x": 3.8814196317121317, "y": 0.03877027577661638, "zone": null, "min_dist": 1.2612297242233836}
{"t": 1784510768.5007732, "x": 3.909009908443185, "y": 0.03960042842641126, "zone": null, "min_dist": 1.2603995715735887}
{"t": 1784510768.653219, "x": 3.93749166366297, "y": 0.040455282506882864, "zone": null, "min_dist": 1.2595447174931171}
{"t": 1784510768.8056502, "x": 3.9701110863873974, "y": 0.04114703812626329, "zone": null, "min_dist": 1.2588529618737367}
{"t": 1784510768.9659326, "x": 4.004727095411189, "y": 0.04154181581614151, "zone": null, "min_dist": 1.2584581841838585}
{"t": 1784510769.1184266, "x": 4.036677760994999, "y": 0.041566236258071036, "zone": null, "min_dist": 1.258433763741929}
{"t": 1784510769.2784197, "x": 4.0696101575573245, "y": 0.04122768789724361, "zone": null, "min_dist": 1.2587723121027565}
{"t": 1784510769.430509, "x": 4.10070368499092, "y": 0.04087840732913291, "zone": null, "min_dist": 1.2591215926708672}
{"t": 1784510769.5824513, "x": 4.133001346646844, "y": 0.0405156009793866, "zone": null, "min_dist": 1.2594843990206135}
{"t": 1784510769.7349124, "x": 4.165295758002025, "y": 0.04015283124106892, "zone": null, "min_dist": 1.2598471687589312}
{"t": 1784510769.895517, "x": 4.199749225182337, "y": 0.039765808571465944, "zone": null, "min_dist": 1.260234191428534}
{"t": 1784510770.047572, "x": 4.2305042479715445, "y": 0.03942033062942389, "zone": null, "min_dist": 1.2605796693705762}
{"t": 1784510770.2235658, "x": 4.267445255000715, "y": 0.039005364696112745, "zone": null, "min_dist": 1.2609946353038872}
{"t": 1784510770.3839033, "x": 4.30190530652244, "y": 0.03861826802792715, "zone": null, "min_dist": 1.2613817319720728}
{"t": 1784510770.5364475, "x": 4.332439829377663, "y": 0.038275266981249986, "zone": null, "min_dist": 1.26172473301875}
{"t": 1784510770.6889606, "x": 4.36346614460144, "y": 0.037926741683376626, "zone": null, "min_dist": 1.2620732583166234}
{"t": 1784510770.8493898, "x": 4.397370441641555, "y": 0.03754588775481553, "zone": null, "min_dist": 1.2624541122451844}
{"t": 1784510771.009603, "x": 4.431613243765286, "y": 0.03716123142229604, "zone": null, "min_dist": 1.262838768577704}
{"t": 1784510771.1698833, "x": 4.464859326251395, "y": 0.03678777122194945, "zone": null, "min_dist": 1.2632122287780505}
{"t": 1784510771.3223178, "x": 4.496821761395712, "y": 0.03642873052345301, "zone": null, "min_dist": 1.263571269476547}
{"t": 1784510771.474469, "x": 4.528304406822923, "y": 0.0360750793051611, "zone": null, "min_dist": 1.2639249206948389}
{"t": 1784510771.634373, "x": 4.562387398939361, "y": 0.03569221815858993, "zone": null, "min_dist": 1.2643077818414101}
{"t": 1784510771.7944942, "x": 4.594681782821323, "y": 0.035329448240806166, "zone": null, "min_dist": 1.2646705517591939}
{"t": 1784510771.9551365, "x": 4.627104068637293, "y": 0.03496524158513898, "zone": null, "min_dist": 1.2650347584148611}
{"t": 1784510772.1073313, "x": 4.659797674445329, "y": 0.034597987798719435, "zone": null, "min_dist": 1.2654020122012806}
{"t": 1784510772.2599776, "x": 4.6927404378707545, "y": 0.03422793522396795, "zone": null, "min_dist": 1.265772064776032}
{"t": 1784510772.4123046, "x": 4.723581529773505, "y": 0.033881490532691766, "zone": null, "min_dist": 1.2661185094673082}
{"t": 1784510772.564566, "x": 4.756003815162906, "y": 0.03351728440712748, "zone": null, "min_dist": 1.2664827155928726}
{"t": 1784510772.716964, "x": 4.788579354093881, "y": 0.0331513567925386, "zone": null, "min_dist": 1.2668486432074615}
{"t": 1784510772.8771653, "x": 4.821825436618568, "y": 0.03277789659166525, "zone": null, "min_dist": 1.2672221034083349}
{"t": 1784510773.0375197, "x": 4.8555477607277675, "y": 0.03239908672076942, "zone": null, "min_dist": 1.2676009132792305}
{"t": 1784510773.1979027, "x": 4.88879029510457, "y": 0.032025666330266316, "zone": null, "min_dist": 1.2679743336697338}
{"t": 1784510773.3582985, "x": 4.921904927529407, "y": 0.031653682677876466, "zone": null, "min_dist": 1.2683463173221237}
{"t": 1784510773.518713, "x": 4.955250192167089, "y": 0.031279108307236125, "zone": null, "min_dist": 1.268720891692764}
{"t": 1784510773.6783028, "x": 4.988595456811036, "y": 0.030904533936522902, "zone": null, "min_dist": 1.2690954660634772}
{"t": 1784510773.838521, "x": 5.02302351032164, "y": 0.030517796697099964, "zone": null, "min_dist": 1.2694822033029}
{"t": 1784510773.9990213, "x": 5.058221289378526, "y": 0.030122413253010263, "zone": null, "min_dist": 1.2698775867469898}
{"t": 1784510774.1509771, "x": 5.091659179615308, "y": 0.029746798979631447, "zone": null, "min_dist": 1.2702532010203686}
{"t": 1784510774.3034859, "x": 5.1250970699223215, "y": 0.029371184705461472, "zone": null, "min_dist": 1.2706288152945386}
{"t": 1784510774.4558854, "x": 5.156387907682958, "y": 0.02901968810487224, "zone": null, "min_dist": 1.2709803118951277}
{"t": 1784510774.63255, "x": 5.192020096387258, "y": 0.028619423897282874, "zone": null, "min_dist": 1.2713805761027173}
{"t": 1784510774.7925634, "x": 5.225365361016622, "y": 0.02824484952671694, "zone": null, "min_dist": 1.2717551504732831}
{"t": 1784510774.9684334, "x": 5.262045152120433, "y": 0.02783281771896235, "zone": null, "min_dist": 1.2721671822810376}
{"t": 1784510775.1290882, "x": 5.295390416765726, "y": 0.027458243348212317, "zone": null, "min_dist": 1.2725417566517878}
{"t": 1784510775.2894258, "x": 5.330374224578738, "y": 0.02706526338699746, "zone": null, "min_dist": 1.2729347366130026}
{"t": 1784510775.4414167, "x": 5.363812114729118, "y": 0.02668964911457068, "zone": null, "min_dist": 1.2733103508854293}
{"t": 1784510775.6018028, "x": 5.398159601343107, "y": 0.026303816970020193, "zone": null, "min_dist": 1.2736961830299798}
{"t": 1784510775.7541726, "x": 5.42814164833456, "y": 0.025967021810348656, "zone": null, "min_dist": 1.2740329781896513}
{"t": 1784510775.9062502, "x": 5.459819621854645, "y": 0.02561117646245804, "zone": null, "min_dist": 1.274388823537542}
{"t": 1784510776.0589468, "x": 5.491497623245729, "y": 0.02525533081047875, "zone": null, "min_dist": 1.2747446691895212}
{"t": 1784510776.211178, "x": 5.523175624649171, "y": 0.024899485158358572, "zone": null, "min_dist": 1.2751005148416414}
{"t": 1784510776.3633173, "x": 5.55501015783415, "y": 0.024541881172869356, "zone": null, "min_dist": 1.2754581188271308}
{"t": 1784510776.5154536, "x": 5.58844804779663, "y": 0.02416626690251936, "zone": null, "min_dist": 1.2758337330974807}
{"t": 1784510776.675431, "x": 5.623645826927452, "y": 0.023770883457557058, "zone": null, "min_dist": 1.276229116542443}
{"t": 1784510776.8522837, "x": 5.660401582937741, "y": 0.02335799843032656, "zone": null, "min_dist": 1.2766420015696736}
{"t": 1784510777.0123682, "x": 5.69260661945226, "y": 0.022996232116711125, "zone": null, "min_dist": 1.2770037678832888}
{"t": 1784510777.165112, "x": 5.724284620830593, "y": 0.022640386464859392, "zone": null, "min_dist": 1.275715379169407}
{"t": 1784510777.3173418, "x": 5.755962622227024, "y": 0.02228454081280232, "zone": null, "min_dist": 1.244037377772976}
{"t": 1784510777.4696302, "x": 5.7876406236334015, "y": 0.02192869516063131, "zone": null, "min_dist": 1.2123593763665985}
{"t": 1784510777.6455996, "x": 5.825403203605505, "y": 0.02150450048410616, "zone": null, "min_dist": 1.1745967963944954}
{"t": 1784510777.8058324, "x": 5.860600982660945, "y": 0.021109117039973417, "zone": null, "min_dist": 1.1393990173390547}
{"t": 1784510777.9583173, "x": 5.894006905952503, "y": 0.020733861857402218, "zone": null, "min_dist": 1.1059930940474967}
{"t": 1784510778.1346996, "x": 5.930615933984184, "y": 0.02032262493934303, "zone": null, "min_dist": 1.0693840660158163}
{"t": 1784510778.294779, "x": 5.96292565478532, "y": 0.019959682810351233, "zone": null, "min_dist": 1.0370743452146796}
{"t": 1784510778.4547408, "x": 5.9955011939947385, "y": 0.019593754671293248, "zone": null, "min_dist": 1.0044988060052615}
{"t": 1784510778.6153147, "x": 6.02770295199604, "y": 0.01923202521208657, "zone": null, "min_dist": 0.9722970480039601}
{"t": 1784510778.7754312, "x": 6.061048216487274, "y": 0.018857450843012775, "zone": null, "min_dist": 0.9389517835127261}
{"t": 1784510778.9355135, "x": 6.094393481053206, "y": 0.018482876473096835, "zone": null, "min_dist": 0.9056065189467937}
{"t": 1784510779.0958571, "x": 6.129284663105568, "y": 0.018090936965940045, "zone": null, "min_dist": 0.870715336894432}
{"t": 1784510779.256172, "x": 6.1644824421843065, "y": 0.017695553521522522, "zone": null, "min_dist": 0.8355175578156935}
{"t": 1784510779.4083407, "x": 6.197255291219042, "y": 0.017327409639317264, "zone": null, "min_dist": 0.802744708780958}
{"t": 1784510779.560571, "x": 6.227173404360161, "y": 0.016991332663104205, "zone": null, "min_dist": 0.772826595639839}
{"t": 1784510779.7389107, "x": 6.262987566055094, "y": 0.01658902439539712, "zone": null, "min_dist": 0.7370124339449058}
{"t": 1784510779.8978872, "x": 6.296026233742958, "y": 0.016217893973306197, "zone": null, "min_dist": 0.7039737662570422}
{"t": 1784510780.049785, "x": 6.327704235066822, "y": 0.015862048322026527, "zone": null, "min_dist": 0.6722957649331782}
{"t": 1784510780.2026958, "x": 6.3610207795983325, "y": 0.015487797079829497, "zone": null, "min_dist": 0.6389792204016675}
{"t": 1784510780.354459, "x": 6.394458669721696, "y": 0.01511218280763274, "zone": null, "min_dist": 0.6055413302783039}
{"t": 1784510780.5311933, "x": 6.431955431402572, "y": 0.014690974139198969, "zone": null, "min_dist": 0.5680445685974282}
{"t": 1784510780.6830554, "x": 6.461873544457488, "y": 0.014354897163925394, "zone": null, "min_dist": 0.5381264555425123}
{"t": 1784510780.8436363, "x": 6.493366294747512, "y": 0.014001131930096996, "zone": null, "min_dist": 0.5066337052524883}
{"t": 1784510781.0035598, "x": 6.524859044874919, "y": 0.013647366698093277, "zone": null, "min_dist": 0.4751409551250809}
{"t": 1784510781.1560216, "x": 6.5547771574150095, "y": 0.013311289728597095, "zone": null, "min_dist": 0.44522284258499045}
{"t": 1784510781.4125001, "x": 6.586269907411356, "y": 0.012957524498061795, "zone": null, "min_dist": 0.41373009258864357}
{"t": 1784510781.5726147, "x": 6.636658307357968, "y": 0.0123915001297344, "zone": null, "min_dist": 0.36334169264203187}
{"t": 1784510781.7329125, "x": 6.668151057310613, "y": 0.012037734899683978, "zone": null, "min_dist": 0.3318489426893869}
{"t": 1784510781.8929064, "x": 6.699643807258328, "y": 0.011683969669686616, "zone": null, "min_dist": 0.30035619274167225}
{"t": 1784510782.0451674, "x": 6.730459457140222, "y": 0.01133781071021054, "zone": null, "min_dist": 0.2695405428597777}
{"t": 1784510782.2058191, "x": 6.763804721471443, "y": 0.01096323634288384, "zone": null, "min_dist": 0.23619527852855704}
{"t": 1784510782.3656719, "x": 6.797149985952159, "y": 0.01058866197387558, "zone": null, "min_dist": 0.20285001404784087}
{"t": 1784510782.5264044, "x": 6.832319045115843, "y": 0.010193601106228299, "zone": null, "min_dist": 0.16768095488415735}
{"t": 1784510782.6864777, "x": 6.867516824193658, "y": 0.009798217661767993, "zone": null, "min_dist": 0.1324831758063416}
{"t": 1784510782.8468695, "x": 6.901308556528266, "y": 0.009418628248262848, "zone": null, "min_dist": 0.09869144347173364}
{"t": 1784510783.0075493, "x": 6.933548869351931, "y": 0.009056465658883147, "zone": null, "min_dist": 0.06645113064806907}
{"t": 1784510783.167229, "x": 6.967724487144969, "y": 0.008672564058953763, "zone": null, "min_dist": 0.03227551285503072}
{"t": 1784510783.3195045, "x": 7.000667250668982, "y": 0.008302511482951466, "zone": "wh_zone_2", "min_dist": 0.0}
{"t": 1784510783.471928, "x": 7.03123046541327, "y": 0.007959188162118236, "zone": "wh_zone_2", "min_dist": 0.0}
{"t": 1784510783.6245291, "x": 7.062879747119019, "y": 0.007603665086878952, "zone": "wh_zone_2", "min_dist": 0.0}
{"t": 1784510783.7767653, "x": 7.095701196146013, "y": 0.0072349752033465135, "zone": "wh_zone_2", "min_dist": 0.0}
{"t": 1784510783.9288087, "x": 7.128027546623464, "y": 0.006871846711562907, "zone": "wh_zone_2", "min_dist": 0.0}
{"t": 1784510784.1053035, "x": 7.164978658485991, "y": 0.006456767255653485, "zone": "wh_zone_2", "min_dist": 0.0}
{"t": 1784510784.2653615, "x": 7.198515731191794, "y": 0.006080038294718846, "zone": "wh_zone_2", "min_dist": 0.0}
{"t": 1784510784.4256208, "x": 7.2326626293676295, "y": 0.005696459268246915, "zone": "wh_zone_2", "min_dist": 0.0}
{"t": 1784510784.5855813, "x": 7.266557064057153, "y": 0.005315716186581702, "zone": "wh_zone_2", "min_dist": 0.0}
{"t": 1784510784.7381635, "x": 7.297187490866587, "y": 0.004971637830640705, "zone": "wh_zone_2", "min_dist": 0.0}
{"t": 1784510784.8983057, "x": 7.329517150989466, "y": 0.004608471631361194, "zone": "wh_zone_2", "min_dist": 0.0}
{"t": 1784510785.0588512, "x": 7.362603405156382, "y": 0.004236806858048985, "zone": "wh_zone_2", "min_dist": 0.0}
{"t": 1784510785.218826, "x": 7.39407401028428, "y": 0.0038832903279975494, "zone": "wh_zone_2", "min_dist": 0.0}
{"t": 1784510785.3794537, "x": 7.428594674456694, "y": 0.003495512813043108, "zone": "wh_zone_2", "min_dist": 0.0}
{"t": 1784510785.5395634, "x": 7.462841661185042, "y": 0.0033475210599519965, "zone": "wh_zone_2", "min_dist": 0.0}
{"t": 1784510785.6994624, "x": 7.496979580838554, "y": 0.003596516428339906, "zone": "wh_zone_2", "min_dist": 0.0}
{"t": 1784510785.859287, "x": 7.529659565126383, "y": 0.0044985109118034034, "zone": "wh_zone_2", "min_dist": 0.0}
{"t": 1784510786.019231, "x": 7.563641195463264, "y": 0.006226821667272672, "zone": "wh_zone_2", "min_dist": 0.0}
{"t": 1784510786.171837, "x": 7.596342425643583, "y": 0.008236018281101773, "zone": "wh_zone_2", "min_dist": 0.0}
{"t": 1784510786.3324523, "x": 7.630334656802743, "y": 0.010326003128070794, "zone": "wh_zone_2", "min_dist": 0.0}
{"t": 1784510786.4842966, "x": 7.662506415675949, "y": 0.012304057523459247, "zone": "wh_zone_2", "min_dist": 0.0}
{"t": 1784510786.6607413, "x": 7.7000152845615695, "y": 0.014610259726737553, "zone": "wh_zone_2", "min_dist": 0.0}
{"t": 1784510786.8210783, "x": 7.734099972699903, "y": 0.016705928966450748, "zone": "wh_zone_2", "min_dist": 0.0}
{"t": 1784510786.9733484, "x": 7.766456645507425, "y": 0.018695352609528915, "zone": "wh_zone_2", "min_dist": 0.0}
{"t": 1784510787.1339185, "x": 7.7975156489266295, "y": 0.02060498925909461, "zone": "wh_zone_2", "min_dist": 0.0}
{"t": 1784510787.2941542, "x": 7.825800915342545, "y": 0.02234408427894749, "zone": "wh_zone_2", "min_dist": 0.0}
