{"t": 1784555122.3679132, "x": -5.474905831357244e-13, "y": -3.8326612164898135e-14, "zone": null, "min_dist": 4.000000000000547}
{"t": 1784555122.540429, "x": -5.474905831357244e-13, "y": -3.8326612164898135e-14, "zone": null, "min_dist": 4.000000000000547}
{"t": 1784555122.6954944, "x": -5.474905831357244e-13, "y": -3.8326612164898135e-14, "zone": null, "min_dist": 4.000000000000547}
{"t": 1784555122.8519785, "x": -5.474905831357244e-13, "y": -3.8326612164898135e-14, "zone": null, "min_dist": 4.000000000000547}
{"t": 1784555123.0228446, "x": -5.474905831357244e-13, "y": -3.8326612164898135e-14, "zone": null, "min_dist": 4.000000000000547}
{"t": 1784555123.1978383, "x": -5.474905831357244e-13, "y": -3.8326612164898135e-14, "zone": null, "min_dist": 4.000000000000547}
{"t": 1784555123.3719964, "x": -5.474905831357244e-13, "y": -3.8326612164898135e-14, "zone": null, "min_dist": 4.000000000000547}
{"t": 1784555123.5430613, "x": -5.474905831357244e-13, "y": -3.8326612164898135e-14, "zone": null, "min_dist": 4.000000000000547}
{"t": 1784555123.7145376, "x": -5.474905831357244e-13, "y": -3.8326612164898135e-14, "zone": null, "min_dist": 4.000000000000547}
{"t": 1784555123.8700857, "x": -5.474905831357244e-13, "y": -3.8326612164898135e-14, "zone": null, "min_dist": 4.000000000000547}
{"t": 1784555124.04414, "x": -5.474905831357244e-13, "y": -3.8326612164898135e-14, "zone": null, "min_dist": 4.000000000000547}
{"t": 1784555124.2005575, "x": -5.474905831357244e-13, "y": -3.8326612164898135e-14, "zone": null, "min_dist": 4.000000000000547}
{"t": 1784555124.3700988, "x": -5.474905831357244e-13, "y": -3.8326612164898135e-14, "zone": null, "min_dist": 4.000000000000547}
{"t": 1784555124.5266433, "x": -5.474905831357244e-13, "y": -3.8326612164898135e-14, "zone": null, "min_dist": 4.000000000000547}
{"t": 1784555124.6807382, "x": -5.474905831357244e-13, "y": -3.8326612164898135e-14, "zone": null, "min_dist": 4.000000000000547}
{"t": 1784555124.8530123, "x": -5.474905831357244e-13, "y": -3.8326612164898135e-14, "zone": null, "min_dist": 4.000000000000547}
{"t": 1784555125.005888, "x": -5.474905831357244e-13, "y": -3.8326612164898135e-14, "zone": null, "min_dist": 4.000000000000547}
{"t": 1784555125.1589246, "x": -5.474905831357244e-13, "y": -3.8326612164898135e-14, "zone": null, "min_dist": 4.000000000000547}
{"t": 1784555125.3296094, "x": -5.474905831357244e-13, "y": -3.8326612164898135e-14, "zone": null, "min_dist": 4.000000000000547}
{"t": 1784555125.4861128, "x": 0.0004646423474972023, "y": 1.966532159190126e-07, "zone": null, "min_dist": 3.999535357652503}
{"t": 1784555125.6399746, "x": 0.015079674202796467, "y": 0.00015302049059736918, "zone": null, "min_dist": 3.9849203257972037}
{"t": 1784555125.792076, "x": 0.036176081495680086, "y": 0.0007425060322413608, "zone": null, "min_dist": 3.96382391850432}
{"t": 1784555125.9480329, "x": 0.0587774706574632, "y": 0.0017928014448402774, "zone": null, "min_dist": 3.9412225293425367}
{"t": 1784555126.1058097, "x": 0.08226900085054262, "y": 0.003337280389093374, "zone": null, "min_dist": 3.9177309991494575}
{"t": 1784555126.2629378, "x": 0.10595332004744162, "y": 0.005343827253015656, "zone": null, "min_dist": 3.8940466799525586}
{"t": 1784555126.4169106, "x": 0.13048287310486195, "y": 0.007888168795733995, "zone": null, "min_dist": 3.869517126895138}
{"t": 1784555126.5728142, "x": 0.15893449852443206, "y": 0.011358501397196083, "zone": null, "min_dist": 3.841065501475568}
{"t": 1784555126.7475753, "x": 0.1929486902106824, "y": 0.016141292878278642, "zone": null, "min_dist": 3.8070513097893177}
{"t": 1784555126.9027567, "x": 0.22521077391546854, "y": 0.021170102297710866, "zone": null, "min_dist": 3.7747892260845313}
{"t": 1784555127.0573163, "x": 0.2579805680698228, "y": 0.02588936194118407, "zone": null, "min_dist": 3.7420194319301774}
{"t": 1784555127.2112634, "x": 0.28924849954145637, "y": 0.029730535421470285, "zone": null, "min_dist": 3.7107515004585436}
{"t": 1784555127.3658943, "x": 0.32181377392215776, "y": 0.033027556688271544, "zone": null, "min_dist": 3.6781862260778424}
{"t": 1784555127.5210617, "x": 0.3552594220661326, "y": 0.03570784404638456, "zone": null, "min_dist": 3.6447405779338675}
{"t": 1784555127.693737, "x": 0.39289214101171754, "y": 0.037889965767000836, "zone": null, "min_dist": 3.6071078589882823}
{"t": 1784555127.867013, "x": 0.43020658568513453, "y": 0.03924071480650124, "zone": null, "min_dist": 3.5697934143148653}
{"t": 1784555128.041915, "x": 0.46823125972614743, "y": 0.03981624861834445, "zone": null, "min_dist": 3.5317687402738525}
{"t": 1784555128.2127867, "x": 0.5050809824093432, "y": 0.039608706609974134, "zone": null, "min_dist": 3.494919017590657}
{"t": 1784555128.3854969, "x": 0.5421883733203416, "y": 0.03863371171986573, "zone": null, "min_dist": 3.4578116266796584}
{"t": 1784555128.538362, "x": 0.5753682958553792, "y": 0.03712142400391135, "zone": null, "min_dist": 3.4246317041446206}
{"t": 1784555128.6920562, "x": 0.6088362855960515, "y": 0.03500918834536758, "zone": null, "min_dist": 3.3911637144039486}
{"t": 1784555128.8637693, "x": 0.6457475888042022, "y": 0.031991662248294, "zone": null, "min_dist": 3.3542524111957976}
{"t": 1784555129.0197508, "x": 0.6785984478842215, "y": 0.028752909099308534, "zone": null, "min_dist": 3.3214015521157787}
{"t": 1784555129.1744096, "x": 0.7120184248493863, "y": 0.02564656273433453, "zone": null, "min_dist": 3.2879815751506136}
{"t": 1784555129.3474844, "x": 0.7488452391840144, "y": 0.023040739792878365, "zone": null, "min_dist": 3.251154760815986}
{"t": 1784555129.5181422, "x": 0.7849363709507126, "y": 0.02133227982587895, "zone": null, "min_dist": 3.2150636290492876}
{"t": 1784555129.6739829, "x": 0.8175664571367093, "y": 0.020507606902124394, "zone": null, "min_dist": 3.182433542863291}
{"t": 1784555129.8464391, "x": 0.8541879556186733, "y": 0.01990479784556348, "zone": null, "min_dist": 3.1458120443813264}
{"t": 1784555130.0038426, "x": 0.8873008254455599, "y": 0.019361561567729356, "zone": null, "min_dist": 3.1126991745544403}
{"t": 1784555130.176891, "x": 0.9246377738969824, "y": 0.01874902679381649, "zone": null, "min_dist": 3.0753622261030173}
{"t": 1784555130.3329525, "x": 0.9585845115151561, "y": 0.018192110434816108, "zone": null, "min_dist": 3.041415488484844}
{"t": 1784555130.485675, "x": 0.9917503644134129, "y": 0.01764800494574641, "zone": null, "min_dist": 3.008249635586587}
{"t": 1784555130.6389053, "x": 1.0248071530478804, "y": 0.01710568871546304, "zone": null, "min_dist": 2.97519284695212}
{"t": 1784555130.7924726, "x": 1.0566705609150673, "y": 0.016582950550751277, "zone": null, "min_dist": 2.9433294390849327}
{"t": 1784555130.9499846, "x": 1.0882199057894029, "y": 0.016065364740366843, "zone": null, "min_dist": 2.911780094210597}
{"t": 1784555131.1043794, "x": 1.1204611666672366, "y": 0.015536427686186509, "zone": null, "min_dist": 2.8795388333327634}
{"t": 1784555131.262235, "x": 1.1540493968937706, "y": 0.01498539281973103, "zone": null, "min_dist": 2.845950603106229}
{"t": 1784555131.415974, "x": 1.1862312487712041, "y": 0.014457430402670453, "zone": null, "min_dist": 2.813768751228796}
{"t": 1784555131.573076, "x": 1.2198882269767555, "y": 0.013905267695786308, "zone": null, "min_dist": 2.7801117730232443}
{"t": 1784555131.7473843, "x": 1.2568452978185825, "y": 0.013298965003609832, "zone": null, "min_dist": 2.7431547021814175}
{"t": 1784555131.919006, "x": 1.2940677890371983, "y": 0.012688307960805674, "zone": null, "min_dist": 2.7059322109628017}
{"t": 1784555132.0734024, "x": 1.3274591115942898, "y": 0.012140503507650542, "zone": null, "min_dist": 2.6725408884057105}
{"t": 1784555132.2463553, "x": 1.3650252144903976, "y": 0.011524209307859945, "zone": null, "min_dist": 2.6349747855096024}
{"t": 1784555132.40233, "x": 1.3988026693031117, "y": 0.010970070124046319, "zone": null, "min_dist": 2.6011973306968885}
{"t": 1784555132.5727801, "x": 1.4347341969308458, "y": 0.010380592064423098, "zone": null, "min_dist": 2.5652658030691544}
{"t": 1784555132.7449646, "x": 1.4701969736640719, "y": 0.009798804113995115, "zone": null, "min_dist": 2.5298030263359284}
{"t": 1784555132.9192963, "x": 1.5068574517941251, "y": 0.00919736718277651, "zone": null, "min_dist": 2.493142548205875}
{"t": 1784555133.0948133, "x": 1.541036735226425, "y": 0.008636635678053103, "zone": null, "min_dist": 2.4589632647735753}
{"t": 1784555133.250928, "x": 1.5721173965257853, "y": 0.008126738890419982, "zone": null, "min_dist": 2.427882603474215}
{"t": 1784555133.4233127, "x": 1.6066428407541282, "y": 0.007560328401829565, "zone": null, "min_dist": 2.3933571592458716}
{"t": 1784555133.5779805, "x": 1.6345728495301615, "y": 0.007102119973583534, "zone": null, "min_dist": 2.3654271504698388}
{"t": 1784555133.7319746, "x": 1.6659635591798985, "y": 0.006587136685642969, "zone": null, "min_dist": 2.3340364408201015}
{"t": 1784555133.8837743, "x": 1.6967874777635608, "y": 0.006081451935725282, "zone": null, "min_dist": 2.3032125222364392}
{"t": 1784555134.0382228, "x": 1.7278043195850499, "y": 0.005572602165927727, "zone": null, "min_dist": 2.27219568041495}
{"t": 1784555134.194963, "x": 1.7518699604233847, "y": 0.005177790778957856, "zone": null, "min_dist": 2.2481300395766155}
{"t": 1784555134.3509572, "x": 1.7663176927662756, "y": 0.0049407927098642, "zone": null, "min_dist": 2.2336823072337246}
{"t": 1784555134.5049043, "x": 1.7694073286236447, "y": 0.004890111422069729, "zone": null, "min_dist": 2.230592671376355}
{"t": 1784555134.663184, "x": 1.7697791210899434, "y": 0.00488401266835409, "zone": null, "min_dist": 2.230220878910057}
{"t": 1784555134.838485, "x": 1.7701888030338482, "y": 0.004877292388886132, "zone": null, "min_dist": 2.2298111969661516}
{"t": 1784555134.9959517, "x": 1.7705605952229997, "y": 0.004871193639716729, "zone": null, "min_dist": 2.2294394047770005}
{"t": 1784555135.148941, "x": 1.7709205468513363, "y": 0.0048652891189699355, "zone": null, "min_dist": 2.229079453148664}
{"t": 1784555135.3198879, "x": 1.7713231243024539, "y": 0.004858685379119401, "zone": null, "min_dist": 2.228676875697546}
{"t": 1784555135.492283, "x": 1.7717257017381787, "y": 0.004852081639521379, "zone": null, "min_dist": 2.2282742982618213}
{"t": 1784555135.663055, "x": 1.7721282791660935, "y": 0.004845477900051458, "zone": null, "min_dist": 2.2278717208339067}
{"t": 1784555135.8330977, "x": 1.7725308565900457, "y": 0.0048388741606465255, "zone": null, "min_dist": 2.2274691434099543}
{"t": 1784555136.0061147, "x": 1.7729334340119896, "y": 0.004832270421274563, "zone": null, "min_dist": 2.2270665659880104}
{"t": 1784555136.1605906, "x": 1.7732957536908505, "y": 0.004826327055854368, "zone": null, "min_dist": 2.2267042463091498}
{"t": 1784555136.3170135, "x": 1.7736651776766825, "y": 0.004820267153864797, "zone": null, "min_dist": 2.2263348223233175}
{"t": 1784555136.489843, "x": 1.774072491301805, "y": 0.004813585723470682, "zone": null, "min_dist": 2.225927508698195}
{"t": 1784555136.6430328, "x": 1.7744300747748925, "y": 0.004807720049115178, "zone": null, "min_dist": 2.2255699252251073}
{"t": 1784555136.8012173, "x": 1.7748018668627403, "y": 0.0048016213016075825, "zone": null, "min_dist": 2.2251981331372597}
{"t": 1784555136.957934, "x": 1.7751689227456087, "y": 0.0047956002451516365, "zone": null, "min_dist": 2.2248310772543913}
{"t": 1784555137.1129646, "x": 1.775535978628454, "y": 0.004789579188696008, "zone": null, "min_dist": 2.224464021371546}
{"t": 1784555137.2867029, "x": 1.7759409241509259, "y": 0.00478293660383029, "zone": null, "min_dist": 2.224059075849074}
{"t": 1784555137.4439173, "x": 1.77629613952164, "y": 0.004777109774998753, "zone": null, "min_dist": 2.22370386047836}
{"t": 1784555137.600039, "x": 1.776660827302004, "y": 0.004771127564068909, "zone": null, "min_dist": 2.223339172697996}
{"t": 1784555137.768645, "x": 1.7770563004144766, "y": 0.004764640361307324, "zone": null, "min_dist": 2.2229436995855236}
{"t": 1784555137.9218578, "x": 1.7774162519899008, "y": 0.004758735841428516, "zone": null, "min_dist": 2.2225837480100994}
{"t": 1784555138.0779061, "x": 1.7777856759752046, "y": 0.00475267593944767, "zone": null, "min_dist": 2.2222143240247956}
{"t": 1784555138.2489014, "x": 1.7781858852926171, "y": 0.0047461110456351934, "zone": null, "min_dist": 2.221814114707383}
{"t": 1784555138.4210403, "x": 1.7785908308149694, "y": 0.004739468460771683, "zone": null, "min_dist": 2.221409169185031}
{"t": 1784555138.5765855, "x": 1.7789555185953334, "y": 0.004733486249841972, "zone": null, "min_dist": 2.2210444814046664}
{"t": 1784555138.7299197, "x": 1.7793178382732275, "y": 0.004727542884437779, "zone": null, "min_dist": 2.2206821617267725}
{"t": 1784555138.8817737, "x": 1.7796754217461819, "y": 0.00472167721008462, "zone": null, "min_dist": 2.220324578253818}
{"t": 1784555139.0328224, "x": 1.7800306371166663, "y": 0.00471585038125698, "zone": null, "min_dist": 2.219969362883334}
{"t": 1784555139.2088988, "x": 1.7804450550488982, "y": 0.004709052414291399, "zone": null, "min_dist": 2.219554944951102}
{"t": 1784555139.3652413, "x": 1.780812110931732, "y": 0.00470303135783617, "zone": null, "min_dist": 2.2191878890682677}
{"t": 1784555139.5387855, "x": 1.7812170564540843, "y": 0.00469638877297266, "zone": null, "min_dist": 2.2187829435459157}
{"t": 1784555139.693961, "x": 1.7815817442344484, "y": 0.004690406562042949, "zone": null, "min_dist": 2.2184182557655516}
{"t": 1784555139.8639524, "x": 1.7819819535518608, "y": 0.004683841668230474, "zone": null, "min_dist": 2.2180180464481394}
{"t": 1784555140.035051, "x": 1.7823845309717432, "y": 0.004677237928892481, "zone": null, "min_dist": 2.2176154690282566}
{"t": 1784555140.1920924, "x": 1.7827515868545771, "y": 0.004671216872437252, "zone": null, "min_dist": 2.217248413145423}
{"t": 1784555140.349913, "x": 1.7831233789423508, "y": 0.0046651181249309885, "zone": null, "min_dist": 2.216876621057649}
{"t": 1784555140.5221589, "x": 1.783528324464703, "y": 0.004658475540067478, "zone": null, "min_dist": 2.216471675535297}
{"t": 1784555140.6909127, "x": 1.7839261656796457, "y": 0.004651949491780521, "zone": null, "min_dist": 2.2160738343203543}
{"t": 1784555140.8641064, "x": 1.7843334793044678, "y": 0.004645268061391493, "zone": null, "min_dist": 2.215666520695532}
{"t": 1784555141.035906, "x": 1.7847360567243502, "y": 0.004638664322053494, "zone": null, "min_dist": 2.21526394327565}
{"t": 1784555141.1909575, "x": 1.7850983764022443, "y": 0.004632720956649282, "zone": null, "min_dist": 2.214901623597756}
{"t": 1784555141.3628876, "x": 1.7877764844883082, "y": 0.004588790223476664, "zone": null, "min_dist": 2.212223515511692}
{"t": 1784555141.5159967, "x": 1.7908425942881239, "y": 0.004538494843253027, "zone": null, "min_dist": 2.209157405711876}
{"t": 1784555141.6708071, "x": 1.791674360072642, "y": 0.004524850849022184, "zone": null, "min_dist": 2.208325639927358}
{"t": 1784555141.8240657, "x": 1.7928960563815979, "y": 0.004504810571946342, "zone": null, "min_dist": 2.207103943618402}
{"t": 1784555141.9966319, "x": 1.7937999328627976, "y": 0.0044899836990687616, "zone": null, "min_dist": 2.2062000671372024}
{"t": 1784555142.1509635, "x": 1.7960801284962928, "y": 0.004452580173902684, "zone": null, "min_dist": 2.2039198715037074}
{"t": 1784555142.3228781, "x": 1.7982293247927452, "y": 0.004417325515539134, "zone": null, "min_dist": 2.201770675207255}
{"t": 1784555142.477928, "x": 1.8001028314295593, "y": 0.0043865931726520925, "zone": null, "min_dist": 2.1998971685704407}
{"t": 1784555142.6349926, "x": 1.802282497311135, "y": 0.0043508387020485435, "zone": null, "min_dist": 2.1977175026888647}
{"t": 1784555142.7899034, "x": 1.803884530291906, "y": 0.0043245595170393735, "zone": null, "min_dist": 2.196115469708094}
{"t": 1784555142.96115, "x": 1.806305837088093, "y": 0.004284841253818592, "zone": null, "min_dist": 2.193694162911907}
{"t": 1784555143.1159883, "x": 1.8081109408325429, "y": 0.004255230968062188, "zone": null, "min_dist": 2.1918890591674574}
{"t": 1784555143.2862551, "x": 1.8110248313684814, "y": 0.004207432537493367, "zone": null, "min_dist": 2.1889751686315186}
{"t": 1784555143.4571702, "x": 1.8161952435086208, "y": 0.0041226189337466536, "zone": null, "min_dist": 2.183804756491379}
{"t": 1784555143.611314, "x": 1.8212955437249494, "y": 0.00403895542339195, "zone": null, "min_dist": 2.1787044562750504}
{"t": 1784555143.7659595, "x": 1.826008056747095, "y": 0.003961653039287064, "zone": null, "min_dist": 2.173991943252905}
{"t": 1784555143.935214, "x": 1.8265528783092952, "y": 0.003952715976929776, "zone": null, "min_dist": 2.173447121690705}
{"t": 1784555144.0920022, "x": 1.827008417496001, "y": 0.003945243471381224, "zone": null, "min_dist": 2.172991582503999}
{"t": 1784555144.26189, "x": 1.8291280154099185, "y": 0.003910474336715476, "zone": null, "min_dist": 2.1708719845900815}
{"t": 1784555144.4334671, "x": 1.8335643966681643, "y": 0.0038377015121138142, "zone": null, "min_dist": 2.166435603331836}
{"t": 1784555144.5859437, "x": 1.8385878717831032, "y": 0.0037552982133586717, "zone": null, "min_dist": 2.161412128216897}
{"t": 1784555144.7450814, "x": 1.845619635752468, "y": 0.0036399516740707946, "zone": null, "min_dist": 2.1543803642475323}
{"t": 1784555144.9181504, "x": 1.8465443993235529, "y": 0.0036247821768973917, "zone": null, "min_dist": 2.1534556006764474}
{"t": 1784555145.0907362, "x": 1.8473927813812425, "y": 0.0036108656151593813, "zone": null, "min_dist": 2.1526072186187575}
{"t": 1784555145.2620676, "x": 1.8486522474307365, "y": 0.003590205776348254, "zone": null, "min_dist": 2.1513477525692632}
{"t": 1784555145.4367664, "x": 1.8540361977262638, "y": 0.0035018893757499943, "zone": null, "min_dist": 2.1459638022737364}
{"t": 1784555145.6098616, "x": 1.8654548802215754, "y": 0.00331458143901605, "zone": null, "min_dist": 2.1345451197784246}
{"t": 1784555145.7825146, "x": 1.8832520978126717, "y": 0.003022642445949158, "zone": null, "min_dist": 2.1167479021873286}
{"t": 1784555145.951022, "x": 1.908300540859331, "y": 0.0026117572406821722, "zone": null, "min_dist": 2.091699459140669}
{"t": 1784555146.1038895, "x": 1.9340231073226382, "y": 0.00218981405769663, "zone": null, "min_dist": 2.065976892677362}
{"t": 1784555146.2774837, "x": 1.9561316927926513, "y": 0.0018271530812455714, "zone": null, "min_dist": 2.0438683072073487}
{"t": 1784555146.446457, "x": 1.9740846345782133, "y": 0.001532659653611694, "zone": null, "min_dist": 2.0259153654217865}
{"t": 1784555146.6159582, "x": 1.9953776705489308, "y": 0.0011833766304295665, "zone": null, "min_dist": 2.0046223294510694}
{"t": 1784555146.7707932, "x": 2.012627622228317, "y": 0.0009004148079597223, "zone": null, "min_dist": 1.987372377771683}
{"t": 1784555146.9231296, "x": 2.0270578101825527, "y": 0.0006637073010713819, "zone": null, "min_dist": 1.9729421898174473}
{"t": 1784555147.0949259, "x": 2.040250700071062, "y": 0.00044729593507392314, "zone": null, "min_dist": 1.959749299928938}
{"t": 1784555147.2503045, "x": 2.050106490725013, "y": 0.0002856251045835023, "zone": null, "min_dist": 1.949893509274987}
{"t": 1784555147.422943, "x": 2.057487005277855, "y": 0.00016455778162616789, "zone": null, "min_dist": 1.942512994722145}
{"t": 1784555147.5929754, "x": 2.061610249347509, "y": 9.692154739830815e-05, "zone": null, "min_dist": 1.9383897506524912}
{"t": 1784555147.748982, "x": 2.0657274095630083, "y": 2.9385111456601365e-05, "zone": null, "min_dist": 1.9342725904369917}
{"t": 1784555147.9227312, "x": 2.071144660410305, "y": -5.947754579267759e-05, "zone": null, "min_dist": 1.928855339589695}
{"t": 1784555148.077988, "x": 2.0775724222580134, "y": -0.00016491625542785127, "zone": null, "min_dist": 1.9224275777419866}
{"t": 1784555148.2482185, "x": 2.0856792030316442, "y": -0.0002978969812943529, "zone": null, "min_dist": 1.9143207969683558}
{"t": 1784555148.4198844, "x": 2.094817456133217, "y": -0.0004477976019257337, "zone": null, "min_dist": 1.905182543866783}
{"t": 1784555148.590118, "x": 2.105360821686023, "y": -0.0006207471647993268, "zone": null, "min_dist": 1.894639178313977}
{"t": 1784555148.7618697, "x": 2.1181981921650945, "y": -0.000831326723575617, "zone": null, "min_dist": 1.8818018078349055}
{"t": 1784555148.9315636, "x": 2.1357095488442344, "y": -0.001118576560826295, "zone": null, "min_dist": 1.8642904511557656}
{"t": 1784555149.1038375, "x": 2.159397348741306, "y": -0.0015071423446738163, "zone": null, "min_dist": 1.8406026512586942}
{"t": 1784555149.2617502, "x": 2.186770606104122, "y": -0.001956162801964673, "zone": null, "min_dist": 1.813229393895878}
{"t": 1784555149.4169116, "x": 2.2178176285359954, "y": -0.0024654461465630564, "zone": null, "min_dist": 1.7821823714640046}
{"t": 1784555149.574799, "x": 2.255032449733149, "y": -0.003075903429692937, "zone": null, "min_dist": 1.7449675502668511}
{"t": 1784555149.7459593, "x": 2.293385457482803, "y": -0.00370503115657496, "zone": null, "min_dist": 1.706614542517197}
{"t": 1784555149.8999467, "x": 2.324841582485579, "y": -0.004221025238003082, "zone": null, "min_dist": 1.675158417514421}
{"t": 1784555150.0729227, "x": 2.3665973003308687, "y": -0.0049059695580570065, "zone": null, "min_dist": 1.6334026996691313}
{"t": 1784555150.2439687, "x": 2.4146550169390353, "y": -0.0056942889972687516, "zone": null, "min_dist": 1.5853449830609647}
{"t": 1784555150.4162052, "x": 2.473084744830564, "y": -0.006652746091517337, "zone": null, "min_dist": 1.526915255169436}
{"t": 1784555150.5871613, "x": 2.5425703585677235, "y": -0.007792558552018817, "zone": null, "min_dist": 1.4574296414322765}
{"t": 1784555150.7419088, "x": 2.613495966458289, "y": -0.008955991346877112, "zone": null, "min_dist": 1.3865040335417111}
{"t": 1784555150.896007, "x": 2.6886583744014945, "y": -0.010188922286824387, "zone": null, "min_dist": 1.3113416255985055}
{"t": 1784555151.0683894, "x": 2.7709493240603664, "y": -0.011538786880669864, "zone": null, "min_dist": 1.2290506759396336}
{"t": 1784555151.2390165, "x": 2.8490075923986926, "y": -0.012819220714228146, "zone": null, "min_dist": 1.1509924076013074}
{"t": 1784555151.3930063, "x": 2.9166868837186, "y": -0.013929402574955353, "zone": null, "min_dist": 1.0833131162814}
{"t": 1784555151.545756, "x": 2.981643283157468, "y": -0.014994919443624502, "zone": null, "min_dist": 1.0183567168425318}
{"t": 1784555151.7021823, "x": 3.045117864898907, "y": -0.016036129456336312, "zone": null, "min_dist": 0.954882135101093}
{"t": 1784555151.8560886, "x": 3.1088001560227956, "y": -0.017080746567294164, "zone": null, "min_dist": 0.8911998439772044}
{"t": 1784555152.0282745, "x": 3.180581975959822, "y": -0.018258224842628564, "zone": null, "min_dist": 0.819418024040178}
{"t": 1784555152.1829693, "x": 3.2433993266317214, "y": -0.019288653924961145, "zone": null, "min_dist": 0.7566006733682786}
{"t": 1784555152.3533306, "x": 3.3012080073443686, "y": -0.02023692360578252, "zone": null, "min_dist": 0.6987919926556314}
{"t": 1784555152.5075347, "x": 3.3438826905351418, "y": -0.02093694197431292, "zone": null, "min_dist": 0.6561173094648582}
{"t": 1784555152.6630523, "x": 3.3775419642702955, "y": -0.021489075564205994, "zone": null, "min_dist": 0.6224580357297045}
{"t": 1784555152.8389509, "x": 3.4114603539730837, "y": -0.022045459757085443, "zone": null, "min_dist": 0.5885396460269163}
{"t": 1784555153.008938, "x": 3.445371552800613, "y": -0.02260172595118926, "zone": null, "min_dist": 0.554628447199387}
{"t": 1784555153.16166, "x": 3.4801604740721754, "y": -0.023172389769953308, "zone": null, "min_dist": 0.5198395259278246}
{"t": 1784555153.3188148, "x": 3.5200435442814606, "y": -0.023826615821111063, "zone": null, "min_dist": 0.4799564557185394}
{"t": 1784555153.474702, "x": 3.565066208446925, "y": -0.02456514942183674, "zone": null, "min_dist": 0.4349337915530751}
{"t": 1784555153.650375, "x": 3.6216336509697253, "y": -0.025493058555006744, "zone": null, "min_dist": 0.37836634903027466}
{"t": 1784555154.9716828, "x": 3.682073271729406, "y": -0.0264844849469942, "zone": null, "min_dist": 0.317926728270594}
{"t": 1784555155.1450176, "x": 3.955858160105971, "y": -0.03097554457227489, "zone": null, "min_dist": 0.0441418398940292}
{"t": 1784555155.3009183, "x": 3.9709388833558315, "y": -0.031222923214427663, "zone": null, "min_dist": 0.02906111664416855}
{"t": 1784555155.4581823, "x": 3.9846910245697216, "y": -0.031448508309898655, "zone": null, "min_dist": 0.015308975430278426}
{"t": 1784555155.6122105, "x": 3.9952429735956874, "y": -0.031621598660789035, "zone": null, "min_dist": 0.0047570264043126365}
{"t": 1784555155.7649992, "x": 4.004046820890787, "y": -0.03176601380125331, "zone": "forbidden_zone", "min_dist": 0.0}
{"t": 1784555155.9201589, "x": 4.01039306914606, "y": -0.031870115391933525, "zone": "forbidden_zone", "min_dist": 0.0}
{"t": 1784555156.0958889, "x": 4.015889454041195, "y": -0.03196027613607709, "zone": "forbidden_zone", "min_dist": 0.0}
{"t": 1784555156.2672856, "x": 4.023183224805767, "y": -0.032079920544839415, "zone": "forbidden_zone", "min_dist": 0.0}
{"t": 1784555156.4380362, "x": 4.031725812965337, "y": -0.03222005009487331, "zone": "forbidden_zone", "min_dist": 0.0}
{"t": 1784555156.5913095, "x": 4.040630996422512, "y": -0.03236612751683947, "zone": "forbidden_zone", "min_dist": 0.0}
{"t": 1784555156.7639341, "x": 4.0503518459598755, "y": -0.03252558482847361, "zone": "forbidden_zone", "min_dist": 0.0}
{"t": 1784555156.9377344, "x": 4.0493029189000875, "y": -0.0325083785821315, "zone": "forbidden_zone", "min_dist": 0.0}
{"t": 1784555157.110828, "x": 4.036529569323281, "y": -0.03229884882400727, "zone": "forbidden_zone", "min_dist": 0.0}
{"t": 1784555157.264072, "x": 4.015591450247477, "y": -0.03195538667720624, "zone": "forbidden_zone", "min_dist": 0.0}
{"t": 1784555157.4330165, "x": 3.982375860711244, "y": -0.031410528500219824, "zone": null, "min_dist": 0.01762413928875617}
{"t": 1784555157.6029515, "x": 3.9450946300651357, "y": -0.03079897865475074, "zone": null, "min_dist": 0.05490536993486428}
{"t": 1784555157.7580585, "x": 3.916687018720189, "y": -0.03033298912792659, "zone": null, "min_dist": 0.08331298127981102}
{"t": 1784555157.914332, "x": 3.8925819653337297, "y": -0.02993757752978111, "zone": null, "min_dist": 0.10741803466627031}
{"t": 1784555158.0839422, "x": 3.872426425716112, "y": -0.029606952635082274, "zone": null, "min_dist": 0.12757357428388794}
{"t": 1784555158.242128, "x": 3.8524871080026712, "y": -0.029279874543637136, "zone": null, "min_dist": 0.14751289199732875}
{"t": 1784555158.3971446, "x": 3.8267469743742324, "y": -0.02885764155829955, "zone": null, "min_dist": 0.1732530256257676}
{"t": 1784555158.5559695, "x": 3.804454110638739, "y": -0.028491956596712064, "zone": null, "min_dist": 0.19554588936126116}
{"t": 1784555158.7290854, "x": 3.7895204271322878, "y": -0.02824698940551641, "zone": null, "min_dist": 0.21047957286771224}
{"t": 1784555158.9000027, "x": 3.78567466546126, "y": -0.028183904846711377, "zone": null, "min_dist": 0.21432533453873992}
{"t": 1784555159.05398, "x": 3.7847216763645317, "y": -0.02816827234254419, "zone": null, "min_dist": 0.21527832363546828}
{"t": 1784555159.2094605, "x": 3.780815810904893, "y": -0.028104201867630477, "zone": null, "min_dist": 0.21918418909510695}
{"t": 1784555159.366278, "x": 3.7751170803784637, "y": -0.028010721839203355, "zone": null, "min_dist": 0.22488291962153628}
{"t": 1784555159.536501, "x": 3.7663556567943584, "y": -0.027867002416004278, "zone": null, "min_dist": 0.23364434320564165}
{"t": 1784555159.708753, "x": 3.7546408756683123, "y": -0.02767483708041424, "zone": null, "min_dist": 0.24535912433168772}
{"t": 1784555159.8630688, "x": 3.742259306476316, "y": -0.02747173395118161, "zone": null, "min_dist": 0.2577406935236839}
{"t": 1784555160.034651, "x": 3.7276753748951177, "y": -0.027232503987427093, "zone": null, "min_dist": 0.2723246251048823}
{"t": 1784555160.1894617, "x": 3.715811224338863, "y": -0.02703788842808588, "zone": null, "min_dist": 0.284188775661137}
{"t": 1784555160.3425753, "x": 3.7060286432883496, "y": -0.026877418260128336, "zone": null, "min_dist": 0.2939713567116504}
{"t": 1784555160.5131392, "x": 3.695826269223409, "y": -0.026710061957939377, "zone": null, "min_dist": 0.3041737307765908}
{"t": 1784555160.6708202, "x": 3.6886622124244437, "y": -0.026592545206086362, "zone": null, "min_dist": 0.3113377875755563}
{"t": 1784555160.8400607, "x": 3.6821864520520466, "y": -0.026486319041451573, "zone": null, "min_dist": 0.31781354794795336}
{"t": 1784555161.0140676, "x": 3.676874894159627, "y": -0.026399190065973275, "zone": null, "min_dist": 0.323125105840373}
{"t": 1784555161.1855326, "x": 3.673786824055604, "y": -0.026348534428364618, "zone": null, "min_dist": 0.326213175944396}
{"t": 1784555161.341135, "x": 3.6744524090765993, "y": -0.026359452444991906, "zone": null, "min_dist": 0.3255475909234007}
{"t": 1784555161.4977586, "x": 3.6798112839622705, "y": -0.026447357518631812, "zone": null, "min_dist": 0.32018871603772947}
{"t": 1784555161.651859, "x": 3.690658647657552, "y": -0.0266252937371079, "zone": null, "min_dist": 0.309341352342448}
{"t": 1784555161.8052871, "x": 3.7014632167819475, "y": -0.026802527969055873, "zone": null, "min_dist": 0.29853678321805255}
{"t": 1784555161.9759448, "x": 3.7165239264465324, "y": -0.027049578336117663, "zone": null, "min_dist": 0.2834760735534676}
{"t": 1784555162.1468987, "x": 3.7374865521980025, "y": -0.027393441440564062, "zone": null, "min_dist": 0.2625134478019975}
{"t": 1784555162.3170276, "x": 3.763589774761712, "y": -0.027821628829988093, "zone": null, "min_dist": 0.2364102252382878}
{"t": 1784555162.4714577, "x": 3.793089774739867, "y": -0.028305535450357026, "zone": null, "min_dist": 0.20691022526013292}
{"t": 1784555162.6418161, "x": 3.8348327096279498, "y": -0.028990270046316883, "zone": null, "min_dist": 0.16516729037205025}
{"t": 1784555162.9132001, "x": 3.8873091057758895, "y": -0.029851071500078288, "zone": null, "min_dist": 0.1126908942241105}
{"t": 1784555163.0690644, "x": 3.982516229212716, "y": -0.03141280912786415, "zone": null, "min_dist": 0.017483770787284136}
{"t": 1784555163.2243881, "x": 4.041265558440084, "y": -0.032376508409201525, "zone": "forbidden_zone", "min_dist": 0.0}
{"t": 1784555163.3980117, "x": 4.104468321232655, "y": -0.03341326012944137, "zone": "forbidden_zone", "min_dist": 0.0}
{"t": 1784555163.5510087, "x": 4.1591889286220445, "y": -0.03431087417104124, "zone": "forbidden_zone", "min_dist": 0.0}
{"t": 1784555163.7233837, "x": 4.228299578550844, "y": -0.03544453589874422, "zone": "forbidden_zone", "min_dist": 0.0}
{"t": 1784555163.8790028, "x": 4.302986069812973, "y": -0.03666966026830371, "zone": "forbidden_zone", "min_dist": 0.0}
{"t": 1784555164.0325077, "x": 4.386995205930199, "y": -0.03804770809426215, "zone": "forbidden_zone", "min_dist": 0.0}
{"t": 1784555164.2031543, "x": 4.481034337166609, "y": -0.039590283355796896, "zone": "forbidden_zone", "min_dist": 0.0}
{"t": 1784555164.3591547, "x": 4.56831419132945, "y": -0.04102198239575767, "zone": "forbidden_zone", "min_dist": 0.0}
{"t": 1784555164.515684, "x": 4.656700755401008, "y": -0.042471835344933144, "zone": "forbidden_zone", "min_dist": 0.0}
{"t": 1784555164.6850588, "x": 4.750399604599343, "y": -0.04400882873831176, "zone": "forbidden_zone", "min_dist": 0.0}
{"t": 1784555164.837938, "x": 4.826452515741915, "y": -0.045256366953088815, "zone": "forbidden_zone", "min_dist": 0.0}
{"t": 1784555164.9909568, "x": 4.90291624333155, "y": -0.04651064402916809, "zone": "forbidden_zone", "min_dist": 0.0}
{"t": 1784555165.1603336, "x": 4.98960495552429, "y": -0.04793264701082628, "zone": "forbidden_zone", "min_dist": 0.0}
{"t": 1784555165.316384, "x": 5.072063291288754, "y": -0.04928525653413417, "zone": "forbidden_zone", "min_dist": 0.0}
{"t": 1784555165.490292, "x": 5.18612848709366, "y": -0.05115632794285961, "zone": "forbidden_zone", "min_dist": 0.0}
{"t": 1784555165.660086, "x": 5.325180526253017, "y": -0.053437267293257706, "zone": "forbidden_zone", "min_dist": 0.0}
{"t": 1784555165.8164291, "x": 5.480264060069668, "y": -0.05598117450419062, "zone": "forbidden_zone", "min_dist": 0.0}
{"t": 1784555165.9708076, "x": 5.657226132681634, "y": -0.05888396041449122, "zone": "forbidden_zone", "min_dist": 0.0}
{"t": 1784555166.1250968, "x": 5.852734287696637, "y": -0.06209096140946433, "zone": "forbidden_zone", "min_dist": 0.0}
{"t": 1784555166.2940826, "x": 6.07068986556022, "y": -0.0656661752832078, "zone": null, "min_dist": 0.07068986556021972}
{"t": 1784555166.4673867, "x": 6.300065415596969, "y": -0.06942871404657165, "zone": null, "min_dist": 0.3000654155969693}
{"t": 1784555166.6240096, "x": 6.508817908338002, "y": -0.0728529646758791, "zone": null, "min_dist": 0.5088179083380018}
{"t": 1784555166.7810626, "x": 6.711523239623078, "y": -0.07617802276307997, "zone": null, "min_dist": 0.7115232396230784}
{"t": 1784555166.9378414, "x": 6.90856380835177, "y": -0.07941016079140935, "zone": null, "min_dist": 0.9085638083517704}
{"t": 1784555167.1079462, "x": 7.114850521684863, "y": -0.08279396879624658, "zone": null, "min_dist": 1.114850521684863}
{"t": 1784555167.2628324, "x": 7.2963134164971315, "y": -0.08577058240939303, "zone": null, "min_dist": 1.2963134164971315}
{"t": 1784555167.4338477, "x": 7.494685425792387, "y": -0.08902456419222028, "zone": null, "min_dist": 1.4946854257923867}
{"t": 1784555167.5897863, "x": 7.67145070850769, "y": -0.09192412212843123, "zone": null, "min_dist": 1.67145070850769}
{"t": 1784555167.758768, "x": 7.862031749331704, "y": -0.09505030644840422, "zone": null, "min_dist": 1.8620317493317042}
{"t": 1784555167.910657, "x": 8.030153884361692, "y": -0.09780808815976386, "zone": null, "min_dist": 2.0301538843616918}
{"t": 1784555168.0629034, "x": 8.196363305786832, "y": -0.10053449517255275, "zone": null, "min_dist": 2.196363305786832}
{"t": 1784555168.2334898, "x": 8.379208143358643, "y": -0.10353378096101083, "zone": null, "min_dist": 2.3792081433586425}
{"t": 1784555168.405018, "x": 8.559807555068678, "y": -0.10649623468256277, "zone": null, "min_dist": 2.5598075550686783}
{"t": 1784555168.575424, "x": 8.738952626906979, "y": -0.1094348320798964, "zone": null, "min_dist": 2.738952626906979}
{"t": 1784555168.7471774, "x": 8.92085062565874, "y": -0.11241858706100985, "zone": null, "min_dist": 2.9208506256587405}
{"t": 1784555168.9028656, "x": 9.075835860235452, "y": -0.11496088147807947, "zone": null, "min_dist": 3.0758358602354523}
{"t": 1784555169.0760186, "x": 9.237835350555233, "y": -0.11761823592566016, "zone": null, "min_dist": 3.2378353505552333}
{"t": 1784555169.2483647, "x": 9.387262760160084, "y": -0.12006936648083051, "zone": null, "min_dist": 3.387262760160084}
{"t": 1784555169.4045882, "x": 9.51264073835379, "y": -0.1221260040312526, "zone": null, "min_dist": 3.51264073835379}
{"t": 1784555169.5758932, "x": 9.639317958284447, "y": -0.12420395520009701, "zone": null, "min_dist": 3.6393179582844475}
{"t": 1784555169.731836, "x": 9.746071886561145, "y": -0.1259550955788091, "zone": null, "min_dist": 3.746071886561145}
{"t": 1784555169.8888152, "x": 9.856388098590534, "y": -0.12776466957612745, "zone": null, "min_dist": 3.856388098590534}
{"t": 1784555170.0440423, "x": 9.970234254973414, "y": -0.12963214640152657, "zone": null, "min_dist": 3.9702342549734144}
{"t": 1784555170.215802, "x": 10.100838865674772, "y": -0.13177452002274528, "zone": null, "min_dist": 4.100838865674772}
{"t": 1784555170.3902626, "x": 10.229377096987246, "y": -0.13388299837241105, "zone": null, "min_dist": 4.229377096987246}
{"t": 1784555170.5625749, "x": 10.357062062734427, "y": -0.13597747999187446, "zone": null, "min_dist": 4.3570620627344265}
{"t": 1784555170.7330718, "x": 10.48901118847243, "y": -0.1381419080689205, "zone": null, "min_dist": 4.48901118847243}
{"t": 1784555170.885917, "x": 10.615814114204454, "y": -0.1402219191554966, "zone": null, "min_dist": 4.615814114204454}
{"t": 1784555171.055001, "x": 10.765501562379434, "y": -0.14267731478916088, "zone": null, "min_dist": 4.765501562379434}
{"t": 1784555171.2278054, "x": 10.927812115458417, "y": -0.14533977154889652, "zone": null, "min_dist": 4.927812115458417}
{"t": 1784555171.3978455, "x": 11.099961104944052, "y": -0.14816361078682203, "zone": null, "min_dist": 5.099961104944052}
{"t": 1784555171.5680053, "x": 11.278578222451353, "y": -0.1510935480204783, "zone": null, "min_dist": 5.278578222451353}
{"t": 1784555171.7402189, "x": 11.457675321282263, "y": -0.15403135892562703, "zone": null, "min_dist": 5.457675321282263}
{"t": 1784555171.8967788, "x": 11.618292024898526, "y": -0.15666602804624885, "zone": null, "min_dist": 5.618292024898526}
{"t": 1784555172.0506186, "x": 11.775089214282136, "y": -0.15923804426824054, "zone": null, "min_dist": 5.775089214282136}
{"t": 1784555172.2051659, "x": 11.928691830583094, "y": -0.16175765904443817, "zone": null, "min_dist": 5.9286918305830945}
{"t": 1784555172.380546, "x": 12.10183328714608, "y": -0.16459777874250056, "zone": null, "min_dist": 6.10183328714608}
{"t": 1784555172.5524974, "x": 12.273039181985672, "y": -0.16740614833351494, "zone": null, "min_dist": 6.273039181985672}
{"t": 1784555172.7089267, "x": 12.428757014063878, "y": -0.16996045995616169, "zone": null, "min_dist": 6.428757014063878}
{"t": 1784555172.8640156, "x": 12.586371601115163, "y": -0.17254588456424858, "zone": null, "min_dist": 6.586371601115163}
{"t": 1784555173.0329492, "x": 12.757110515573833, "y": -0.175346593382105, "zone": null, "min_dist": 6.757110515573833}
{"t": 1784555173.2040937, "x": 12.932247147338582, "y": -0.1782194397150152, "zone": null, "min_dist": 6.9322471473385825}
{"t": 1784555173.3770132, "x": 13.11149524535618, "y": -0.18115972791028864, "zone": null, "min_dist": 7.1114952453561795}
{"t": 1784555173.5503378, "x": 13.29208513666757, "y": -0.1841220258919036, "zone": null, "min_dist": 7.29208513666757}
{"t": 1784555173.721021, "x": 13.470431552925985, "y": -0.18704752295471375, "zone": null, "min_dist": 7.4704315529259855}
{"t": 1784555173.8922484, "x": 13.653701316952302, "y": -0.1900537789170228, "zone": null, "min_dist": 7.6537013169523025}
{"t": 1784555174.0620084, "x": 13.842788263399061, "y": -0.1931554555112049, "zone": null, "min_dist": 7.842788263399061}
{"t": 1784555174.2188647, "x": 14.021679707653417, "y": -0.19608988985061332, "zone": null, "min_dist": 8.021679707653417}
{"t": 1784555174.389949, "x": 14.22180620244497, "y": -0.19937265057052864, "zone": null, "min_dist": 8.22180620244497}
{"t": 1784555174.5615578, "x": 14.429040963549498, "y": -0.20277200988314664, "zone": null, "min_dist": 8.429040963549498}
{"t": 1784555174.7372913, "x": 14.647932955649797, "y": -0.20636258637399754, "zone": null, "min_dist": 8.647932955649797}
{"t": 1784555174.909065, "x": 14.867461578941667, "y": -0.20996360411862627, "zone": null, "min_dist": 8.867461578941667}
{"t": 1784555175.0634427, "x": 15.074302464438182, "y": -0.21335649737216678, "zone": null, "min_dist": 9.074302464438182}
{"t": 1784555175.2183638, "x": 15.284086800466737, "y": -0.21679767279181134, "zone": null, "min_dist": 9.284086800466737}
{"t": 1784555175.392912, "x": 15.512324116896412, "y": -0.2205415415751006, "zone": null, "min_dist": 9.512324116896412}
{"t": 1784555175.548963, "x": 15.714366689620764, "y": -0.223855728028929, "zone": null, "min_dist": 9.714366689620764}
{"t": 1784555175.720036, "x": 15.94351100501035, "y": -0.22761447347499872, "zone": null, "min_dist": 9.94351100501035}
{"t": 1784555175.8930042, "x": 16.186266512898833, "y": -0.23159648584336906, "zone": null, "min_dist": 10.186266512898833}
{"t": 1784555176.0459769, "x": 16.40796396912852, "y": -0.2352330725032159, "zone": null, "min_dist": 10.40796396912852}
{"t": 1784555176.203005, "x": 16.640559682926025, "y": -0.23904842636840623, "zone": null, "min_dist": 10.640559682926025}
{"t": 1784555176.376206, "x": 16.89562789411264, "y": -0.24323240491648038, "zone": null, "min_dist": 10.89562789411264}
{"t": 1784555176.527978, "x": 17.119194816539952, "y": -0.24689965700979233, "zone": null, "min_dist": 11.119194816539952}
{"t": 1784555176.6831856, "x": 17.342987747458203, "y": -0.2505706171340011, "zone": null, "min_dist": 11.342987747458203}
{"t": 1784555176.8409061, "x": 17.569616230873894, "y": -0.2542880899357484, "zone": null, "min_dist": 11.569616230873894}
{"t": 1784555176.9988346, "x": 17.796856666878394, "y": -0.25801560065152845, "zone": null, "min_dist": 11.796856666878394}
{"t": 1784555177.1534882, "x": 18.02156992387383, "y": -0.26170165659317757, "zone": null, "min_dist": 12.02156992387383}
{"t": 1784555177.310489, "x": 18.25073160867188, "y": -0.26546068174736853, "zone": null, "min_dist": 12.250731608671881}
{"t": 1784555177.4638526, "x": 18.46711906261566, "y": -0.26901016821764384, "zone": null, "min_dist": 12.467119062615659}
{"t": 1784555177.6341457, "x": 18.697032695174748, "y": -0.27278153251109305, "zone": null, "min_dist": 12.697032695174748}
{"t": 1784555177.808966, "x": 18.92790863562723, "y": -0.2765686837273311, "zone": null, "min_dist": 12.92790863562723}
{"t": 1784555177.9819136, "x": 19.157012822894078, "y": -0.2803267716129787, "zone": null, "min_dist": 13.157012822894078}
{"t": 1784555178.1546237, "x": 19.386906847444244, "y": -0.28409781465011863, "zone": null, "min_dist": 13.386906847444244}
{"t": 1784555178.312494, "x": 19.603483184849896, "y": -0.2876504012687572, "zone": null, "min_dist": 13.603483184849896}
{"t": 1784555178.46638, "x": 19.818461741981004, "y": -0.29117677746478304, "zone": null, "min_dist": 13.818461741981004}
{"t": 1784555178.6209114, "x": 20.040099882362806, "y": -0.2948123923446986, "zone": null, "min_dist": 14.040099882362806}
{"t": 1784555178.7920465, "x": 20.287427644517514, "y": -0.2988694031315588, "zone": null, "min_dist": 14.287427644517514}
{"t": 1784555178.9619348, "x": 20.52690492851802, "y": -0.30279764088803024, "zone": null, "min_dist": 14.526904928518022}
{"t": 1784555179.1179335, "x": 20.74613946437577, "y": -0.3063938295280018, "zone": null, "min_dist": 14.74613946437577}
{"t": 1784555179.276099, "x": 20.963332298318857, "y": -0.30995652895676146, "zone": null, "min_dist": 14.963332298318857}
{"t": 1784555179.4303067, "x": 21.16795279789028, "y": -0.3133130008786558, "zone": null, "min_dist": 15.16795279789028}
{"t": 1784555179.5881162, "x": 21.37010015495758, "y": -0.316628906422564, "zone": null, "min_dist": 15.37010015495758}
{"t": 1784555179.7490044, "x": 21.57158205292802, "y": -0.31993389696323793, "zone": null, "min_dist": 15.571582052928019}
{"t": 1784555179.9244983, "x": 21.7901611556793, "y": -0.3235193407719081, "zone": null, "min_dist": 15.7901611556793}
{"t": 1784555180.0895634, "x": 21.992042535729222, "y": -0.32683088555985207, "zone": null, "min_dist": 15.992042535729222}
{"t": 1784555180.2586932, "x": 22.19762438832292, "y": -0.33020313132760354, "zone": null, "min_dist": 16.19762438832292}
{"t": 1784555180.4297938, "x": 22.403432708993037, "y": -0.33357909272442765, "zone": null, "min_dist": 16.403432708993037}
{"t": 1784555180.5868585, "x": 22.587124035063034, "y": -0.3365922602822601, "zone": null, "min_dist": 16.587124035063034}
{"t": 1784555180.7472339, "x": 22.774503829483372, "y": -0.33966593186708816, "zone": null, "min_dist": 16.774503829483372}
{"t": 1784555180.9180164, "x": 22.970491948349682, "y": -0.34288080993423303, "zone": null, "min_dist": 16.970491948349682}
{"t": 1784555181.0720866, "x": 23.1495348767771, "y": -0.34581772833795216, "zone": null, "min_dist": 17.1495348767771}
{"t": 1784555181.2268817, "x": 23.328603298859267, "y": -0.34875506491906544, "zone": null, "min_dist": 17.328603298859267}
{"t": 1784555181.4006848, "x": 23.520381062884695, "y": -0.35190088029128785, "zone": null, "min_dist": 17.520381062884695}
{"t": 1784555181.5722396, "x": 23.69844318286522, "y": -0.35482171414695823, "zone": null, "min_dist": 17.69844318286522}
{"t": 1784555181.7430515, "x": 23.864080962186073, "y": -0.35753874799173924, "zone": null, "min_dist": 17.864080962186073}
{"t": 1784555181.9160187, "x": 24.02603766379476, "y": -0.36019540059041427, "zone": null, "min_dist": 18.02603766379476}
{"t": 1784555182.0751157, "x": 24.179656481358514, "y": -0.36271528203823133, "zone": null, "min_dist": 18.179656481358514}
{"t": 1784555182.2290761, "x": 24.332451372252244, "y": -0.3652216474807136, "zone": null, "min_dist": 18.332451372252244}
{"t": 1784555182.4019318, "x": 24.505043685748987, "y": -0.3680527588636343, "zone": null, "min_dist": 18.505043685748987}
{"t": 1784555182.5549476, "x": 24.652814352711538, "y": -0.37047671034771124, "zone": null, "min_dist": 18.652814352711538}
{"t": 1784555182.708823, "x": 24.799430104175475, "y": -0.3728817176068119, "zone": null, "min_dist": 18.799430104175475}
{"t": 1784555182.863028, "x": 24.951601103727103, "y": -0.3753778491828805, "zone": null, "min_dist": 18.951601103727103}
{"t": 1784555183.0189745, "x": 25.10979328252709, "y": -0.37797274818863197, "zone": null, "min_dist": 19.10979328252709}
{"t": 1784555183.1899757, "x": 25.287382879901834, "y": -0.3808858307458451, "zone": null, "min_dist": 19.287382879901834}
{"t": 1784555183.364818, "x": 25.480028887609468, "y": -0.384045888611144, "zone": null, "min_dist": 19.480028887609468}
{"t": 1784555183.5360568, "x": 25.67796368913293, "y": -0.3872926987862855, "zone": null, "min_dist": 19.67796368913293}
{"t": 1784555183.710355, "x": 25.88490385158921, "y": -0.3906872262824116, "zone": null, "min_dist": 19.88490385158921}
{"t": 1784555183.880676, "x": 26.085533901060376, "y": -0.39397824690286204, "zone": null, "min_dist": 20.085533901060376}
{"t": 1784555184.0360165, "x": 26.264390876868973, "y": -0.3969121153298489, "zone": null, "min_dist": 20.264390876868973}
