{"t": 1784554589.7911704, "x": -3.323338849911928e-13, "y": -3.8083203265335377e-14, "zone": null, "min_dist": 4.000000000000332}
{"t": 1784554589.9450517, "x": -3.323338849911928e-13, "y": -3.8083203265335377e-14, "zone": null, "min_dist": 4.000000000000332}
{"t": 1784554590.119624, "x": -3.323338849911928e-13, "y": -3.8083203265335377e-14, "zone": null, "min_dist": 4.000000000000332}
{"t": 1784554590.3805385, "x": -3.323338849911928e-13, "y": -3.8083203265335377e-14, "zone": null, "min_dist": 4.000000000000332}
{"t": 1784554590.554155, "x": -3.323338849911928e-13, "y": -3.8083203265335377e-14, "zone": null, "min_dist": 4.000000000000332}
{"t": 1784554590.7092025, "x": -3.323338849911928e-13, "y": -3.8083203265335377e-14, "zone": null, "min_dist": 4.000000000000332}
{"t": 1784554590.8639555, "x": -3.323338849911928e-13, "y": -3.8083203265335377e-14, "zone": null, "min_dist": 4.000000000000332}
{"t": 1784554591.020677, "x": -3.323338849911928e-13, "y": -3.8083203265335377e-14, "zone": null, "min_dist": 4.000000000000332}
{"t": 1784554591.1759057, "x": -3.323338849911928e-13, "y": -3.8083203265335377e-14, "zone": null, "min_dist": 4.000000000000332}
{"t": 1784554591.3502579, "x": -3.323338849911928e-13, "y": -3.8083203265335377e-14, "zone": null, "min_dist": 4.000000000000332}
{"t": 1784554591.5031838, "x": -3.323338849911928e-13, "y": -3.8083203265335377e-14, "zone": null, "min_dist": 4.000000000000332}
{"t": 1784554591.6567311, "x": -3.323338849911928e-13, "y": -3.8083203265335377e-14, "zone": null, "min_dist": 4.000000000000332}
{"t": 1784554591.8339481, "x": -3.323338849911928e-13, "y": -3.8083203265335377e-14, "zone": null, "min_dist": 4.000000000000332}
{"t": 1784554591.989299, "x": -3.323338849911928e-13, "y": -3.8083203265335377e-14, "zone": null, "min_dist": 4.000000000000332}
{"t": 1784554592.1639636, "x": -3.323338849911928e-13, "y": -3.8083203265335377e-14, "zone": null, "min_dist": 4.000000000000332}
{"t": 1784554592.3200533, "x": 0.008872819131007447, "y": 6.497841950990007e-05, "zone": null, "min_dist": 3.9911271808689928}
{"t": 1784554592.4735012, "x": 0.032455192623117864, "y": 0.0005683435169708446, "zone": null, "min_dist": 3.967544807376882}
{"t": 1784554592.6295464, "x": 0.062256273646563956, "y": 0.001614352264465318, "zone": null, "min_dist": 3.937743726353436}
{"t": 1784554592.784818, "x": 0.09339234144870634, "y": 0.003084206920690697, "zone": null, "min_dist": 3.9066076585512937}
{"t": 1784554592.9383519, "x": 0.12479136975819231, "y": 0.004605975968040962, "zone": null, "min_dist": 3.875208630241808}
{"t": 1784554593.1118941, "x": 0.16238773545142676, "y": 0.00642810200960865, "zone": null, "min_dist": 3.8376122645485733}
{"t": 1784554593.3821375, "x": 0.19866244066621588, "y": 0.008186173089440177, "zone": null, "min_dist": 3.801337559333784}
{"t": 1784554593.5530791, "x": 0.2552055461548917, "y": 0.01092656193171771, "zone": null, "min_dist": 3.7447944538451083}
{"t": 1784554593.707918, "x": 0.28771772284161445, "y": 0.012502280235804224, "zone": null, "min_dist": 3.7122822771583857}
{"t": 1784554593.881866, "x": 0.3239092531957558, "y": 0.014256320182345645, "zone": null, "min_dist": 3.676090746804244}
{"t": 1784554594.052953, "x": 0.36022816922850043, "y": 0.016016533956824907, "zone": null, "min_dist": 3.6397718307714997}
{"t": 1784554594.224933, "x": 0.39651976792620863, "y": 0.017775423783167356, "zone": null, "min_dist": 3.6034802320737915}
{"t": 1784554594.3819177, "x": 0.42794311253936757, "y": 0.019298371256570596, "zone": null, "min_dist": 3.5720568874606324}
{"t": 1784554594.5541372, "x": 0.46415789096724763, "y": 0.021053537940085187, "zone": null, "min_dist": 3.5358421090327523}
{"t": 1784554594.7090142, "x": 0.4971895519105749, "y": 0.022654433317902803, "zone": null, "min_dist": 3.5028104480894253}
{"t": 1784554594.8808904, "x": 0.5331777576775786, "y": 0.024398619039225612, "zone": null, "min_dist": 3.4668222423224213}
{"t": 1784554595.0360405, "x": 0.5649353127263688, "y": 0.02593776421914491, "zone": null, "min_dist": 3.4350646872736315}
{"t": 1784554595.1931608, "x": 0.5981301428124371, "y": 0.02754656765714933, "zone": null, "min_dist": 3.4018698571875627}
{"t": 1784554595.3469613, "x": 0.6297257340143093, "y": 0.029077863177432488, "zone": null, "min_dist": 3.3702742659856906}
{"t": 1784554595.502997, "x": 0.6602004902583315, "y": 0.030554836832263222, "zone": null, "min_dist": 3.3397995097416686}
{"t": 1784554595.657035, "x": 0.6920459650754458, "y": 0.03209824308182674, "zone": null, "min_dist": 3.3079540349245544}
{"t": 1784554595.8316438, "x": 0.7278243264266411, "y": 0.03383225857702954, "zone": null, "min_dist": 3.2721756735733587}
{"t": 1784554596.0041063, "x": 0.7624733476729477, "y": 0.03551154002538628, "zone": null, "min_dist": 3.2375266523270523}
{"t": 1784554596.159595, "x": 0.7944031849957283, "y": 0.037059034946320075, "zone": null, "min_dist": 3.205596815004272}
{"t": 1784554596.3295343, "x": 0.8305909921979436, "y": 0.03881289447324399, "zone": null, "min_dist": 3.1694090078020563}
{"t": 1784554596.4989226, "x": 0.8650951016804537, "y": 0.0404851527208997, "zone": null, "min_dist": 3.1349048983195464}
{"t": 1784554596.6518605, "x": 0.8979844973000896, "y": 0.04207915315218063, "zone": null, "min_dist": 3.1020155026999103}
{"t": 1784554596.805542, "x": 0.9309930274952699, "y": 0.04367892750340883, "zone": null, "min_dist": 3.06900697250473}
{"t": 1784554596.9739184, "x": 0.9657900005047986, "y": 0.04536537953524523, "zone": null, "min_dist": 3.0342099994952014}
{"t": 1784554597.1278307, "x": 0.9980425904248614, "y": 0.046928516837960725, "zone": null, "min_dist": 3.0019574095751387}
{"t": 1784554597.3832128, "x": 1.0344594246250183, "y": 0.04869347627642175, "zone": null, "min_dist": 2.9655405753749817}
{"t": 1784554597.559084, "x": 1.0893008545301794, "y": 0.05135139259760727, "zone": null, "min_dist": 2.9106991454698203}
{"t": 1784554597.7114425, "x": 1.1209880598567952, "y": 0.0528871282509616, "zone": null, "min_dist": 2.879011940143205}
{"t": 1784554597.881808, "x": 1.1561699226040159, "y": 0.054592234163554944, "zone": null, "min_dist": 2.8438300773959844}
{"t": 1784554598.0369897, "x": 1.1888552838761368, "y": 0.05617634594716569, "zone": null, "min_dist": 2.811144716123863}
{"t": 1784554598.191722, "x": 1.2215112814299804, "y": 0.05775903460365924, "zone": null, "min_dist": 2.7784887185700198}
{"t": 1784554598.348848, "x": 1.2540833225440857, "y": 0.05933765424913514, "zone": null, "min_dist": 2.7459166774559143}
{"t": 1784554598.519737, "x": 1.2892651852966197, "y": 0.06104276015146024, "zone": null, "min_dist": 2.7107348147033803}
{"t": 1784554598.6931536, "x": 1.325071578151493, "y": 0.06277813420562106, "zone": null, "min_dist": 2.6749284218485068}
{"t": 1784554598.8478444, "x": 1.3567144369510127, "y": 0.06431172057894731, "zone": null, "min_dist": 2.6432855630489875}
{"t": 1784554599.0221705, "x": 1.3922771583481128, "y": 0.0660352849616431, "zone": null, "min_dist": 2.607722841651887}
{"t": 1784554599.1929474, "x": 1.4278985941847, "y": 0.06776169499567929, "zone": null, "min_dist": 2.5721014058153}
{"t": 1784554599.34793, "x": 1.4603500715439428, "y": 0.06933447147424429, "zone": null, "min_dist": 2.539649928456057}
{"t": 1784554599.5222018, "x": 1.4960513316069104, "y": 0.07106475020643627, "zone": null, "min_dist": 2.5039486683930896}
{"t": 1784554599.6912827, "x": 1.5324726910791946, "y": 0.07282992898196307, "zone": null, "min_dist": 2.4675273089208054}
{"t": 1784554599.862993, "x": 1.5697893387238935, "y": 0.07458405952716933, "zone": null, "min_dist": 2.4302106612761065}
{"t": 1784554600.0188534, "x": 1.6023557101289336, "y": 0.07588639003422898, "zone": null, "min_dist": 2.3976442898710664}
{"t": 1784554600.1754391, "x": 1.6357378866724437, "y": 0.07673200596462774, "zone": null, "min_dist": 2.3642621133275563}
{"t": 1784554600.3457398, "x": 1.6724293674354271, "y": 0.07683779361799249, "zone": null, "min_dist": 2.327570632564573}
{"t": 1784554600.5288079, "x": 1.7099318858012569, "y": 0.0762094709150709, "zone": null, "min_dist": 2.290068114198743}
{"t": 1784554600.6820486, "x": 1.7388149385791423, "y": 0.07507631058849563, "zone": null, "min_dist": 2.261185061420858}
{"t": 1784554600.8377469, "x": 1.765099245298679, "y": 0.07348726243544593, "zone": null, "min_dist": 2.234900754701321}
{"t": 1784554601.011244, "x": 1.789112080252381, "y": 0.07153331341532469, "zone": null, "min_dist": 2.210887919747619}
{"t": 1784554601.1836894, "x": 1.800104059190188, "y": 0.07057621807208536, "zone": null, "min_dist": 2.199895940809812}
{"t": 1784554601.3388531, "x": 1.8008426958455137, "y": 0.07051210039262346, "zone": null, "min_dist": 2.199157304154486}
{"t": 1784554601.514598, "x": 1.8012532574856974, "y": 0.07047646140807846, "zone": null, "min_dist": 2.1987467425143024}
{"t": 1784554601.6739182, "x": 1.8016284257466777, "y": 0.07044389476132094, "zone": null, "min_dist": 2.198371574253322}
{"t": 1784554601.8310359, "x": 1.801994155748151, "y": 0.07041214740679105, "zone": null, "min_dist": 2.198005844251849}
{"t": 1784554601.9899707, "x": 1.802369323908078, "y": 0.07037958076870912, "zone": null, "min_dist": 2.197630676091922}
{"t": 1784554602.1622572, "x": 1.8027728066252107, "y": 0.07034455627294402, "zone": null, "min_dist": 2.1972271933747893}
{"t": 1784554602.3325598, "x": 1.8031692106872839, "y": 0.07031014624295291, "zone": null, "min_dist": 2.196830789312716}
{"t": 1784554602.50539, "x": 1.8035750529356418, "y": 0.0702749169270206, "zone": null, "min_dist": 2.196424947064358}
{"t": 1784554602.6618319, "x": 1.8039407828662164, "y": 0.07024316957857879, "zone": null, "min_dist": 2.196059217133784}
{"t": 1784554602.8190465, "x": 1.8043088723434568, "y": 0.07021121740864358, "zone": null, "min_dist": 2.195691127656543}
{"t": 1784554602.9729586, "x": 1.804669883176235, "y": 0.07017987970357248, "zone": null, "min_dist": 2.195330116823765}
{"t": 1784554603.1289523, "x": 1.8050379726524255, "y": 0.07014792753372771, "zone": null, "min_dist": 2.1949620273475743}
{"t": 1784554603.3861744, "x": 1.805439095799333, "y": 0.07011310786148042, "zone": null, "min_dist": 2.1945609042006673}
{"t": 1784554603.5399406, "x": 1.8060006682048135, "y": 0.07006436032035068, "zone": null, "min_dist": 2.1939993317951867}
{"t": 1784554603.694467, "x": 1.8063593194889311, "y": 0.07003322743694501, "zone": null, "min_dist": 2.193640680511069}
{"t": 1784554603.8487682, "x": 1.8067226898688753, "y": 0.07000168491033834, "zone": null, "min_dist": 2.1932773101311245}
{"t": 1784554604.0029926, "x": 1.807081341152975, "y": 0.06997055202693583, "zone": null, "min_dist": 2.192918658847025}
{"t": 1784554604.172835, "x": 1.8074777452037858, "y": 0.06993614199791201, "zone": null, "min_dist": 2.192522254796214}
{"t": 1784554604.3275807, "x": 1.8078387560357743, "y": 0.06990480429290817, "zone": null, "min_dist": 2.1921612439642257}
{"t": 1784554604.4819026, "x": 1.8082021264156842, "y": 0.06987326176630404, "zone": null, "min_dist": 2.1917978735843158}
{"t": 1784554604.6683583, "x": 1.808636283233239, "y": 0.06983557459166145, "zone": null, "min_dist": 2.191363716766761}
{"t": 1784554604.8389528, "x": 1.8090374063798929, "y": 0.06980075491943732, "zone": null, "min_dist": 2.190962593620107}
{"t": 1784554604.994141, "x": 1.8094031363077243, "y": 0.06976900757123297, "zone": null, "min_dist": 2.1905968636922757}
{"t": 1784554605.1495335, "x": 1.8097641471397128, "y": 0.06973766986623126, "zone": null, "min_dist": 2.190235852860287}
{"t": 1784554605.3196568, "x": 1.8101605511905237, "y": 0.06970325983720976, "zone": null, "min_dist": 2.1898394488094763}
{"t": 1784554605.4747663, "x": 1.8116412131448132, "y": 0.069574730325425, "zone": null, "min_dist": 2.188358786855187}
{"t": 1784554605.6295166, "x": 1.8141586089706128, "y": 0.06935620667613063, "zone": null, "min_dist": 2.1858413910293875}
{"t": 1784554605.7845817, "x": 1.8161812357895237, "y": 0.06918063166686976, "zone": null, "min_dist": 2.1838187642104763}
{"t": 1784554605.9560058, "x": 1.8196511970747529, "y": 0.06887942015743523, "zone": null, "min_dist": 2.180348802925247}
{"t": 1784554606.1286316, "x": 1.8236934741244883, "y": 0.06852852853089753, "zone": null, "min_dist": 2.1763065258755114}
{"t": 1784554606.284984, "x": 1.8248826357308863, "y": 0.0684253028352658, "zone": null, "min_dist": 2.1751173642691137}
{"t": 1784554606.4421089, "x": 1.8252809731394497, "y": 0.06839072498038147, "zone": null, "min_dist": 2.1747190268605503}
{"t": 1784554606.5965185, "x": 1.8320498316327356, "y": 0.06780315128543228, "zone": null, "min_dist": 2.1679501683672644}
{"t": 1784554606.7668076, "x": 1.845027285755324, "y": 0.06667663783358857, "zone": null, "min_dist": 2.1549727142446757}
{"t": 1784554606.9218943, "x": 1.861809348012775, "y": 0.06521986385434375, "zone": null, "min_dist": 2.138190651987225}
{"t": 1784554607.0921707, "x": 1.8859817150471108, "y": 0.0631215715195118, "zone": null, "min_dist": 2.1140182849528895}
{"t": 1784554607.2640712, "x": 1.9020893517721367, "y": 0.061723341309474176, "zone": null, "min_dist": 2.097910648227863}
{"t": 1784554607.4189053, "x": 1.9061848702231212, "y": 0.06136782805256787, "zone": null, "min_dist": 2.093815129776879}
{"t": 1784554607.5901606, "x": 1.906822967555107, "y": 0.06131243773261796, "zone": null, "min_dist": 2.093177032444893}
{"t": 1784554607.7608254, "x": 1.9074130153797346, "y": 0.061261218371298394, "zone": null, "min_dist": 2.092586984620265}
{"t": 1784554607.9339523, "x": 1.9083619469727884, "y": 0.06117884594699424, "zone": null, "min_dist": 2.0916380530272116}
{"t": 1784554608.1076107, "x": 1.9095493443632303, "y": 0.06107577339480544, "zone": null, "min_dist": 2.0904506556367695}
{"t": 1784554608.2608783, "x": 1.9104274166182706, "y": 0.0609995519467728, "zone": null, "min_dist": 2.089572583381729}
{"t": 1784554608.415855, "x": 1.9119952502974469, "y": 0.0608634554564551, "zone": null, "min_dist": 2.088004749702553}
{"t": 1784554608.5689566, "x": 1.9131281279835695, "y": 0.06076511551163907, "zone": null, "min_dist": 2.0868718720164305}
{"t": 1784554608.7228281, "x": 1.915288859735632, "y": 0.06057755224572701, "zone": null, "min_dist": 2.084711140264368}
{"t": 1784554608.877915, "x": 1.9170413760807097, "y": 0.06042542429649386, "zone": null, "min_dist": 2.08295862391929}
{"t": 1784554609.035666, "x": 1.9199424373136578, "y": 0.06017359640806701, "zone": null, "min_dist": 2.080057562686342}
{"t": 1784554609.2081952, "x": 1.9229655542416983, "y": 0.05991117342171482, "zone": null, "min_dist": 2.0770344457583017}
{"t": 1784554609.3815084, "x": 1.9261599222986072, "y": 0.0596338849062828, "zone": null, "min_dist": 2.0738400777013926}
{"t": 1784554609.5337443, "x": 1.9303905023851307, "y": 0.05926664755910993, "zone": null, "min_dist": 2.069609497614869}
{"t": 1784554609.7037923, "x": 1.9356346530428135, "y": 0.05881142678022921, "zone": null, "min_dist": 2.0643653469571865}
{"t": 1784554609.8580406, "x": 1.9424020883142812, "y": 0.058223976633571754, "zone": null, "min_dist": 2.057597911685719}
{"t": 1784554610.0117254, "x": 1.9510555041541744, "y": 0.057472813148515, "zone": null, "min_dist": 2.0489444958458254}
{"t": 1784554610.1808493, "x": 1.963732593739782, "y": 0.056372372974409196, "zone": null, "min_dist": 2.036267406260218}
{"t": 1784554610.336849, "x": 1.9800084576506634, "y": 0.05495953975045799, "zone": null, "min_dist": 2.0199915423493366}
{"t": 1784554610.4910548, "x": 1.9997724723107244, "y": 0.05324391622164189, "zone": null, "min_dist": 2.0002275276892756}
{"t": 1784554610.6614082, "x": 2.0240146164060704, "y": 0.051139566875783665, "zone": null, "min_dist": 1.9759853835939296}
{"t": 1784554610.8156831, "x": 2.0348155644988086, "y": 0.050201985965920744, "zone": null, "min_dist": 1.9651844355011914}
{"t": 1784554610.9871888, "x": 2.0367145891619742, "y": 0.05003714029939341, "zone": null, "min_dist": 1.9632854108380258}
{"t": 1784554611.1599097, "x": 2.0372137129372043, "y": 0.04999381364011613, "zone": null, "min_dist": 1.9627862870627957}
{"t": 1784554611.3309379, "x": 2.037945094262827, "y": 0.049930325762199655, "zone": null, "min_dist": 1.962054905737173}
{"t": 1784554611.4830194, "x": 2.0386879184147237, "y": 0.04986584458494788, "zone": null, "min_dist": 1.9613120815852763}
{"t": 1784554611.6348453, "x": 2.039678339589852, "y": 0.049779870639671424, "zone": null, "min_dist": 1.9603216604101479}
{"t": 1784554611.7877424, "x": 2.0407288710971567, "y": 0.049688678790798975, "zone": null, "min_dist": 1.9592711289028433}
{"t": 1784554611.9412992, "x": 2.0420806739883144, "y": 0.04957133494768784, "zone": null, "min_dist": 1.9579193260116856}
{"t": 1784554612.1009843, "x": 2.043689683768553, "y": 0.04943166414844162, "zone": null, "min_dist": 1.956310316231447}
{"t": 1784554612.2571461, "x": 2.045266378277559, "y": 0.049294798490290656, "zone": null, "min_dist": 1.9547336217224411}
{"t": 1784554612.409915, "x": 2.0472704564741577, "y": 0.04912083360495646, "zone": null, "min_dist": 1.9527295435258423}
{"t": 1784554612.5831273, "x": 2.0492797702845627, "y": 0.048946414239331354, "zone": null, "min_dist": 1.9507202297154373}
{"t": 1784554612.7573428, "x": 2.05206368524198, "y": 0.04870475528376101, "zone": null, "min_dist": 1.94793631475802}
{"t": 1784554612.9280584, "x": 2.05517808658022, "y": 0.04843440831487973, "zone": null, "min_dist": 1.94482191341978}
{"t": 1784554613.080932, "x": 2.05785415667655, "y": 0.04820211088031134, "zone": null, "min_dist": 1.9421458433234502}
{"t": 1784554613.2560763, "x": 2.0628733855053856, "y": 0.04776641453646258, "zone": null, "min_dist": 1.9371266144946144}
{"t": 1784554613.410368, "x": 2.068917481219825, "y": 0.04724175418939868, "zone": null, "min_dist": 1.9310825187801748}
{"t": 1784554613.5664563, "x": 2.078078648209156, "y": 0.04644651515134268, "zone": null, "min_dist": 1.9219213517908438}
{"t": 1784554613.7400298, "x": 2.092951409893286, "y": 0.0451554787567667, "zone": null, "min_dist": 1.9070485901067138}
{"t": 1784554613.894912, "x": 2.1100270314018617, "y": 0.04367322225944292, "zone": null, "min_dist": 1.8899729685981383}
{"t": 1784554614.0628884, "x": 2.135507346942715, "y": 0.04146139296752839, "zone": null, "min_dist": 1.864492653057285}
{"t": 1784554614.2365708, "x": 2.155776439637481, "y": 0.039701925897600895, "zone": null, "min_dist": 1.844223560362519}
{"t": 1784554614.407943, "x": 2.16281267962575, "y": 0.03909114204836547, "zone": null, "min_dist": 1.83718732037425}
{"t": 1784554614.5787325, "x": 2.1633886441912673, "y": 0.03904114519051409, "zone": null, "min_dist": 1.8366113558087327}
{"t": 1784554614.7498803, "x": 2.163975706185845, "y": 0.03899018501549802, "zone": null, "min_dist": 1.8360242938141549}
{"t": 1784554614.9073467, "x": 2.164813896339813, "y": 0.03891742555049884, "zone": null, "min_dist": 1.8351861036601869}
{"t": 1784554615.080483, "x": 2.165644261166657, "y": 0.03884534536648165, "zone": null, "min_dist": 1.834355738833343}
{"t": 1784554615.2511172, "x": 2.16682147842733, "y": 0.038743156505113736, "zone": null, "min_dist": 1.8331785215726701}
{"t": 1784554615.4240098, "x": 2.1683548413305993, "y": 0.03861005226539906, "zone": null, "min_dist": 1.8316451586694007}
{"t": 1784554615.5793858, "x": 2.16952417166728, "y": 0.038508548032332154, "zone": null, "min_dist": 1.83047582833272}
{"t": 1784554615.7518044, "x": 2.1716447089688984, "y": 0.038324473862938274, "zone": null, "min_dist": 1.8283552910311016}
{"t": 1784554615.9213543, "x": 2.1741242632479376, "y": 0.03810923506894218, "zone": null, "min_dist": 1.8258757367520624}
{"t": 1784554616.076832, "x": 2.1760645782272303, "y": 0.03794080517742963, "zone": null, "min_dist": 1.8239354217727697}
{"t": 1784554616.2515924, "x": 2.1794315244087317, "y": 0.03764853594293099, "zone": null, "min_dist": 1.8205684755912683}
{"t": 1784554616.4276974, "x": 2.183084873673517, "y": 0.03733140536564219, "zone": null, "min_dist": 1.8169151263264829}
{"t": 1784554616.5842855, "x": 2.187131257537976, "y": 0.03698015725089896, "zone": null, "min_dist": 1.8128687424620238}
{"t": 1784554616.7383473, "x": 2.1940824682043285, "y": 0.03637675440367818, "zone": null, "min_dist": 1.8059175317956715}
{"t": 1784554616.9109018, "x": 2.20455590915394, "y": 0.035467602865173864, "zone": null, "min_dist": 1.7954440908460598}
{"t": 1784554617.0700715, "x": 2.2184633271549754, "y": 0.03426036354269857, "zone": null, "min_dist": 1.7815366728450246}
{"t": 1784554617.2227798, "x": 2.2365866137541235, "y": 0.0326871640637945, "zone": null, "min_dist": 1.7634133862458765}
{"t": 1784554617.3959475, "x": 2.2625035285855795, "y": 0.030437435577153733, "zone": null, "min_dist": 1.7374964714144205}
{"t": 1784554617.5498679, "x": 2.2785884777555445, "y": 0.029041174796701236, "zone": null, "min_dist": 1.7214115222444555}
{"t": 1784554617.719962, "x": 2.2848518847256107, "y": 0.028497477046930984, "zone": null, "min_dist": 1.7151481152743893}
{"t": 1784554617.8748562, "x": 2.285372158117878, "y": 0.02845231448591772, "zone": null, "min_dist": 1.714627841882122}
{"t": 1784554618.046999, "x": 2.2861044124104746, "y": 0.02838875082976593, "zone": null, "min_dist": 1.7138955875895254}
{"t": 1784554618.217802, "x": 2.2870112654153485, "y": 0.028310031055835554, "zone": null, "min_dist": 1.7129887345846515}
{"t": 1784554618.3718662, "x": 2.2877697766308143, "y": 0.028244188156237048, "zone": null, "min_dist": 1.7122302233691857}
{"t": 1784554618.5449991, "x": 2.2891290383836553, "y": 0.028126196842979085, "zone": null, "min_dist": 1.7108709616163447}
{"t": 1784554618.7160256, "x": 2.2907322652874016, "y": 0.02798702802832477, "zone": null, "min_dist": 1.7092677347125984}
{"t": 1784554618.8729188, "x": 2.291964108064892, "y": 0.027880097375539193, "zone": null, "min_dist": 1.7080358919351082}
{"t": 1784554619.0432363, "x": 2.2942846491205873, "y": 0.027678661792961242, "zone": null, "min_dist": 1.7057153508794127}
{"t": 1784554619.216144, "x": 2.2967488648939356, "y": 0.027464754464766063, "zone": null, "min_dist": 1.7032511351060644}
{"t": 1784554619.3688169, "x": 2.2989157333208543, "y": 0.02727665850275497, "zone": null, "min_dist": 1.7010842666791457}
{"t": 1784554619.5378764, "x": 2.30241694803873, "y": 0.026972734030194876, "zone": null, "min_dist": 1.6975830519612698}
{"t": 1784554619.6950576, "x": 2.305663066046734, "y": 0.026690953339045184, "zone": null, "min_dist": 1.6943369339532661}
{"t": 1784554619.8509812, "x": 2.3111897607668648, "y": 0.026211206204351228, "zone": null, "min_dist": 1.6888102392331352}
{"t": 1784554620.0089002, "x": 2.3185171359288788, "y": 0.025575150238451225, "zone": null, "min_dist": 1.6814828640711212}
{"t": 1784554620.1794689, "x": 2.330127371430578, "y": 0.024567318776422407, "zone": null, "min_dist": 1.669872628569422}
{"t": 1784554620.331894, "x": 2.345006011091751, "y": 0.02327577217479728, "zone": null, "min_dist": 1.6549939889082488}
{"t": 1784554620.4878464, "x": 2.3642203350413467, "y": 0.021607864758599122, "zone": null, "min_dist": 1.6357796649586533}
{"t": 1784554620.6420698, "x": 2.386297082710058, "y": 0.019691483540717643, "zone": null, "min_dist": 1.6137029172899422}
{"t": 1784554620.812984, "x": 2.3984128577779957, "y": 0.018639768518280943, "zone": null, "min_dist": 1.6015871422220043}
{"t": 1784554620.9670095, "x": 2.3998996669578676, "y": 0.018510705396711267, "zone": null, "min_dist": 1.6001003330421324}
{"t": 1784554621.1228154, "x": 2.4003924194531887, "y": 0.018467931799219642, "zone": null, "min_dist": 1.5996075805468113}
{"t": 1784554621.3925667, "x": 2.400990171728159, "y": 0.01841604364967861, "zone": null, "min_dist": 1.599009828271841}
{"t": 1784554621.5662687, "x": 2.4019895190147578, "y": 0.018329294868442987, "zone": null, "min_dist": 1.5980104809852422}
{"t": 1784554621.7189314, "x": 2.4029369561667884, "y": 0.018247052169963977, "zone": null, "min_dist": 1.5970630438332116}
{"t": 1784554621.8908505, "x": 2.4039178853583327, "y": 0.01816190218038208, "zone": null, "min_dist": 1.5960821146416673}
{"t": 1784554622.0609286, "x": 2.4050444257270356, "y": 0.018064112348852968, "zone": null, "min_dist": 1.5949555742729644}
{"t": 1784554622.21497, "x": 2.4066502466692925, "y": 0.017924718357781477, "zone": null, "min_dist": 1.5933497533307075}
{"t": 1784554622.3688836, "x": 2.4078093954363684, "y": 0.017824097940341406, "zone": null, "min_dist": 1.5921906045636316}
{"t": 1784554622.523883, "x": 2.409927656776897, "y": 0.017640221337068142, "zone": null, "min_dist": 1.590072343223103}
{"t": 1784554622.6800802, "x": 2.4115755640813887, "y": 0.017497174021344822, "zone": null, "min_dist": 1.5884244359186113}
{"t": 1784554622.8377378, "x": 2.4143630567610357, "y": 0.0172552045005322, "zone": null, "min_dist": 1.5856369432389643}
{"t": 1784554623.008986, "x": 2.417202990735529, "y": 0.017008682790589844, "zone": null, "min_dist": 1.5827970092644712}
{"t": 1784554623.178271, "x": 2.42034458598338, "y": 0.016735975242217947, "zone": null, "min_dist": 1.57965541401662}
{"t": 1784554623.3329687, "x": 2.4251477404943778, "y": 0.01631903532610883, "zone": null, "min_dist": 1.5748522595056222}
{"t": 1784554623.5048761, "x": 2.432379015008459, "y": 0.015691321412281228, "zone": null, "min_dist": 1.567620984991541}
{"t": 1784554623.676412, "x": 2.4439820111658896, "y": 0.014684118362953035, "zone": null, "min_dist": 1.5560179888341104}
{"t": 1784554623.830276, "x": 2.459191137088728, "y": 0.013363883764934715, "zone": null, "min_dist": 1.540808862911272}
{"t": 1784554624.0003283, "x": 2.48062630039642, "y": 0.01150319547316322, "zone": null, "min_dist": 1.5193736996035798}
{"t": 1784554624.1721098, "x": 2.492918280208748, "y": 0.010436184925926946, "zone": null, "min_dist": 1.5070817197912518}
{"t": 1784554624.325919, "x": 2.494642201558126, "y": 0.010286539179730577, "zone": null, "min_dist": 1.505357798441874}
{"t": 1784554624.4949026, "x": 2.4952607694148847, "y": 0.01023284412449559, "zone": null, "min_dist": 1.5047392305851153}
{"t": 1784554624.6480925, "x": 2.4958007399255058, "y": 0.010185971746533113, "zone": null, "min_dist": 1.5041992600744942}
{"t": 1784554624.8190548, "x": 2.4967473119548735, "y": 0.0101038041452707, "zone": null, "min_dist": 1.5032526880451265}
{"t": 1784554624.9702938, "x": 2.4974844328215466, "y": 0.010039818044320666, "zone": null, "min_dist": 1.5025155671784534}
{"t": 1784554625.1427612, "x": 2.4986993659871373, "y": 0.009934355237168822, "zone": null, "min_dist": 1.5013006340128627}
{"t": 1784554625.2963257, "x": 2.5000496387154825, "y": 0.009817144220678285, "zone": null, "min_dist": 1.4999503612845175}
{"t": 1784554625.4523704, "x": 2.5016079020446718, "y": 0.0096818784891493, "zone": null, "min_dist": 1.4983920979553282}
{"t": 1784554625.622082, "x": 2.503792568655885, "y": 0.009492237547371928, "zone": null, "min_dist": 1.4962074313441152}
{"t": 1784554625.7760706, "x": 2.505531900167816, "y": 0.009341254113522728, "zone": null, "min_dist": 1.4944680998321842}
{"t": 1784554625.9279518, "x": 2.5082891561986354, "y": 0.009101909298551831, "zone": null, "min_dist": 1.4917108438013646}
{"t": 1784554626.0823445, "x": 2.510452888831495, "y": 0.008914085540311159, "zone": null, "min_dist": 1.489547111168505}
{"t": 1784554626.2521574, "x": 2.5140954588436384, "y": 0.008597890660015785, "zone": null, "min_dist": 1.4859045411563616}
{"t": 1784554626.419928, "x": 2.5182982861548475, "y": 0.008233062404274743, "zone": null, "min_dist": 1.4817017138451525}
{"t": 1784554626.5904338, "x": 2.524102215203093, "y": 0.007729249822026658, "zone": null, "min_dist": 1.4758977847969068}
{"t": 1784554626.760037, "x": 2.5337368726397234, "y": 0.006892909238425027, "zone": null, "min_dist": 1.4662631273602766}
{"t": 1784554626.914075, "x": 2.5458705565968445, "y": 0.005839639633759002, "zone": null, "min_dist": 1.4541294434031555}
{"t": 1784554627.069355, "x": 2.562411593715404, "y": 0.004403787946384105, "zone": null, "min_dist": 1.437588406284596}
{"t": 1784554627.2430608, "x": 2.587173290139823, "y": 0.0022543386408485646, "zone": null, "min_dist": 1.4128267098601772}
{"t": 1784554627.4130275, "x": 2.6078762769416945, "y": 0.0004572072316436265, "zone": null, "min_dist": 1.3921237230583055}
{"t": 1784554627.5860753, "x": 2.6154024153730737, "y": -0.00019610245844090338, "zone": null, "min_dist": 1.3845975846269263}
{"t": 1784554627.7541776, "x": 2.6159150211877704, "y": -0.0002405994320739376, "zone": null, "min_dist": 1.3840849788122296}
{"t": 1784554627.9084885, "x": 2.616521110570116, "y": -0.0002932112877922021, "zone": null, "min_dist": 1.3834788894298842}
{"t": 1784554628.0599995, "x": 2.6170558628755263, "y": -0.0003396306971504787, "zone": null, "min_dist": 1.3829441371244737}
{"t": 1784554628.2139323, "x": 2.617921974309218, "y": -0.0004148138810439352, "zone": null, "min_dist": 1.3820780256907819}
{"t": 1784554628.3865986, "x": 2.618846482173019, "y": -0.0004950661925866511, "zone": null, "min_dist": 1.3811535178269811}
{"t": 1784554628.5570982, "x": 2.6200341629899024, "y": -0.0005981633474856491, "zone": null, "min_dist": 1.3799658370100976}
{"t": 1784554628.7140412, "x": 2.6215889133178267, "y": -0.0007331241316295948, "zone": null, "min_dist": 1.3784110866821733}
{"t": 1784554628.8694444, "x": 2.6228135511974835, "y": -0.0008394293600690636, "zone": null, "min_dist": 1.3771864488025165}
{"t": 1784554629.0262403, "x": 2.624964429152327, "y": -0.0010261372628584768, "zone": null, "min_dist": 1.3750355708476731}
{"t": 1784554629.1969504, "x": 2.6269687675999798, "y": -0.0012001247396476306, "zone": null, "min_dist": 1.3730312324000202}
{"t": 1784554629.3510675, "x": 2.629566888998362, "y": -0.001425655803716775, "zone": null, "min_dist": 1.370433111001638}
{"t": 1784554629.505971, "x": 2.6322375569989576, "y": -0.001657484306570562, "zone": null, "min_dist": 1.3677624430010424}
{"t": 1784554629.678588, "x": 2.6356961977956845, "y": -0.0019577131314938816, "zone": null, "min_dist": 1.3643038022043155}
{"t": 1784554629.833544, "x": 2.640494872071256, "y": -0.002374264139026162, "zone": null, "min_dist": 1.359505127928744}
{"t": 1784554629.98689, "x": 2.64633875129341, "y": -0.0028815446091603873, "zone": null, "min_dist": 1.3536612487065902}
{"t": 1784554630.142875, "x": 2.6561474511699594, "y": -0.003732993010505698, "zone": null, "min_dist": 1.3438525488300406}
{"t": 1784554630.3164268, "x": 2.670615363498725, "y": -0.00498888628904101, "zone": null, "min_dist": 1.329384636501275}
{"t": 1784554630.487637, "x": 2.6909350642168866, "y": -0.006752746414151614, "zone": null, "min_dist": 1.3090649357831134}
{"t": 1784554630.63829, "x": 2.7120773488621217, "y": -0.00858801119291069, "zone": null, "min_dist": 1.2879226511378783}
{"t": 1784554630.8089845, "x": 2.7241995981082154, "y": -0.00964028820951542, "zone": null, "min_dist": 1.2758004018917846}
{"t": 1784554630.9790387, "x": 2.7258154459422936, "y": -0.009780552588074164, "zone": null, "min_dist": 1.2741845540577064}
{"t": 1784554631.1350052, "x": 2.7262842912365737, "y": -0.009821250910451227, "zone": null, "min_dist": 1.2737157087634263}
{"t": 1784554631.3962922, "x": 2.7270156725610266, "y": -0.009884738788264015, "zone": null, "min_dist": 1.2729843274389734}
{"t": 1784554631.5693433, "x": 2.728142590796458, "y": -0.009982561421577685, "zone": null, "min_dist": 1.271857409203542}
{"t": 1784554631.7249389, "x": 2.7293257487138987, "y": -0.010085265964261608, "zone": null, "min_dist": 1.2706742512861013}
{"t": 1784554631.8978968, "x": 2.730594463128657, "y": -0.010195397275963625, "zone": null, "min_dist": 1.2694055368713428}
{"t": 1784554632.0521958, "x": 2.7318311953512353, "y": -0.010302752359364342, "zone": null, "min_dist": 1.2681688046487647}
{"t": 1784554632.2079425, "x": 2.7335493244924502, "y": -0.010451895312407802, "zone": null, "min_dist": 1.2664506755075498}
{"t": 1784554632.3789442, "x": 2.7350360013446418, "y": -0.010580946948840785, "zone": null, "min_dist": 1.2649639986553582}
{"t": 1784554632.5365374, "x": 2.7371249950034233, "y": -0.010762282958389827, "zone": null, "min_dist": 1.2628750049965767}
{"t": 1784554632.7059572, "x": 2.7392631999148374, "y": -0.010947890771715095, "zone": null, "min_dist": 1.2607368000851626}
{"t": 1784554632.8601198, "x": 2.741418982328964, "y": -0.011135024407709861, "zone": null, "min_dist": 1.2585810176710361}
{"t": 1784554633.0139482, "x": 2.7440917744002613, "y": -0.01136703729147329, "zone": null, "min_dist": 1.2559082255997387}
{"t": 1784554633.1699166, "x": 2.746749170970898, "y": -0.01159771376266293, "zone": null, "min_dist": 1.2532508290291018}
{"t": 1784554633.3237543, "x": 2.7506454920345584, "y": -0.011935935610714725, "zone": null, "min_dist": 1.2493545079654416}
{"t": 1784554633.4779031, "x": 2.75523410773855, "y": -0.01233425239356027, "zone": null, "min_dist": 1.2447658922614502}
{"t": 1784554633.6359704, "x": 2.7633165269752764, "y": -0.013035850280581665, "zone": null, "min_dist": 1.2366834730247236}
{"t": 1784554633.8078666, "x": 2.7752087664912937, "y": -0.014068161219298677, "zone": null, "min_dist": 1.2247912335087063}
{"t": 1784554633.9649112, "x": 2.790829998910807, "y": -0.015424168894278441, "zone": null, "min_dist": 1.209170001089193}
{"t": 1784554634.1212204, "x": 2.8113254657577063, "y": -0.01720328642196456, "zone": null, "min_dist": 1.1886745342422937}
{"t": 1784554634.29538, "x": 2.8398954038307562, "y": -0.019683311602670655, "zone": null, "min_dist": 1.1601045961692438}
{"t": 1784554634.4672575, "x": 2.8596526849254107, "y": -0.021398350658762225, "zone": null, "min_dist": 1.1403473150745893}
{"t": 1784554634.6369722, "x": 2.8670323940391924, "y": -0.022038949490841238, "zone": null, "min_dist": 1.1329676059608076}
{"t": 1784554634.8083322, "x": 2.8676776050194, "y": -0.02209495731414214, "zone": null, "min_dist": 1.1323223949806}
{"t": 1784554634.9659946, "x": 2.868197492268118, "y": -0.022140086355775454, "zone": null, "min_dist": 1.1318025077318818}
{"t": 1784554635.1373227, "x": 2.868960255561824, "y": -0.022206298359192196, "zone": null, "min_dist": 1.131039744438176}
{"t": 1784554635.2908475, "x": 2.869768076007742, "y": -0.02227642156822918, "zone": null, "min_dist": 1.130231923992258}
{"t": 1784554635.4480643, "x": 2.8706209841070756, "y": -0.022350458630775165, "zone": null, "min_dist": 1.1293790158929244}
{"t": 1784554635.6051304, "x": 2.871929894802583, "y": -0.022464079198217152, "zone": null, "min_dist": 1.1280701051974171}
{"t": 1784554635.7789874, "x": 2.87309637423601, "y": -0.02256533595777942, "zone": null, "min_dist": 1.12690362576399}
{"t": 1784554635.9338593, "x": 2.8749634674537816, "y": -0.0227274098027447, "zone": null, "min_dist": 1.1250365325462184}
{"t": 1784554636.1056159, "x": 2.87688498866421, "y": -0.022894208293090617, "zone": null, "min_dist": 1.12311501133579}
{"t": 1784554636.2830436, "x": 2.8788594097990985, "y": -0.02306559878492784, "zone": null, "min_dist": 1.1211405902009015}
{"t": 1784554636.444847, "x": 2.881665312272594, "y": -0.02330916637596292, "zone": null, "min_dist": 1.118334687727406}
{"t": 1784554636.6224728, "x": 2.8848637411857543, "y": -0.023586807394789792, "zone": null, "min_dist": 1.1151362588142457}
{"t": 1784554636.7809062, "x": 2.8881715180666085, "y": -0.023873940411451914, "zone": null, "min_dist": 1.1118284819333915}
{"t": 1784554636.9518526, "x": 2.893904085816697, "y": -0.024371558445970918, "zone": null, "min_dist": 1.106095914183303}
{"t": 1784554637.1225665, "x": 2.901774586137073, "y": -0.025054760626066666, "zone": null, "min_dist": 1.0982254138629268}
{"t": 1784554637.2950156, "x": 2.9123622548489676, "y": -0.025973827754808936, "zone": null, "min_dist": 1.0876377451510324}
{"t": 1784554637.4489677, "x": 2.9255815355361827, "y": -0.02712133302909452, "zone": null, "min_dist": 1.0744184644638173}
{"t": 1784554637.6019192, "x": 2.941457294458987, "y": -0.02849943497239614, "zone": null, "min_dist": 1.0585427055410128}
{"t": 1784554637.7721722, "x": 2.9642348949614297, "y": -0.030476654052918228, "zone": null, "min_dist": 1.0357651050385703}
{"t": 1784554637.9262042, "x": 2.989821119936748, "y": -0.03269767678596104, "zone": null, "min_dist": 1.0101788800632518}
{"t": 1784554638.0790899, "x": 3.0198084836838603, "y": -0.035300741999996124, "zone": null, "min_dist": 0.9801915163161397}
{"t": 1784554638.2479212, "x": 3.0457065654328894, "y": -0.03754883564427815, "zone": null, "min_dist": 0.9542934345671106}
{"t": 1784554638.4178631, "x": 3.0592215744457274, "y": -0.038722011748165544, "zone": null, "min_dist": 0.9407784255542726}
{"t": 1784554638.588181, "x": 3.0619276980810772, "y": -0.03895691799142556, "zone": null, "min_dist": 0.9380723019189228}
{"t": 1784554638.7418656, "x": 3.0624851065928187, "y": -0.03900530408274404, "zone": null, "min_dist": 0.9375148934071813}
{"t": 1784554638.917094, "x": 3.0634411169231095, "y": -0.03908829097987978, "zone": null, "min_dist": 0.9365588830768905}
{"t": 1784554639.0710828, "x": 3.0641946478719158, "y": -0.03915370156524027, "zone": null, "min_dist": 0.9358053521280842}
{"t": 1784554639.246378, "x": 3.065618901113146, "y": -0.03927733449308506, "zone": null, "min_dist": 0.934381098886854}
{"t": 1784554639.414898, "x": 3.067248788983439, "y": -0.039418817624478256, "zone": null, "min_dist": 0.9327512110165612}
{"t": 1784554639.5669677, "x": 3.0686266168605587, "y": -0.03953842057745, "zone": null, "min_dist": 0.9313733831394413}
{"t": 1784554639.7412522, "x": 3.071194193397678, "y": -0.03976130018264274, "zone": null, "min_dist": 0.9288058066023219}
{"t": 1784554639.9101925, "x": 3.073756563949745, "y": -0.03998372787881191, "zone": null, "min_dist": 0.9262434360502549}
{"t": 1784554640.081662, "x": 3.0765420990693966, "y": -0.040225527473141, "zone": null, "min_dist": 0.9234579009306034}
{"t": 1784554640.2519643, "x": 3.0804697252977826, "y": -0.040566466781562914, "zone": null, "min_dist": 0.9195302747022174}
{"t": 1784554640.4228525, "x": 3.0856483543232978, "y": -0.0410159999254977, "zone": null, "min_dist": 0.9143516456767022}
{"t": 1784554640.5937889, "x": 3.0928258500133587, "y": -0.04163904554700497, "zone": null, "min_dist": 0.9071741499866413}
{"t": 1784554640.7501361, "x": 3.102386263255896, "y": -0.042468941322536195, "zone": null, "min_dist": 0.8976137367441042}
{"t": 1784554640.9059448, "x": 3.114524179327666, "y": -0.04352257830068644, "zone": null, "min_dist": 0.8854758206723341}
{"t": 1784554641.0608995, "x": 3.1308121680544003, "y": -0.04493646402176617, "zone": null, "min_dist": 0.8691878319455997}
{"t": 1784554641.2323916, "x": 3.153480504664939, "y": -0.04690419840812083, "zone": null, "min_dist": 0.8465194953350612}
{"t": 1784554641.4051595, "x": 3.1819273561355206, "y": -0.04937353901011834, "zone": null, "min_dist": 0.8180726438644794}
{"t": 1784554641.5618129, "x": 3.2143962151887155, "y": -0.05219201136742724, "zone": null, "min_dist": 0.7856037848112845}
{"t": 1784554641.7141113, "x": 3.2411334992479612, "y": -0.05451295219623479, "zone": null, "min_dist": 0.7588665007520388}
{"t": 1784554641.8859997, "x": 3.2593396021616403, "y": -0.05609334061417658, "zone": null, "min_dist": 0.7406603978383597}
{"t": 1784554642.0431545, "x": 3.2656389529941956, "y": -0.05664015848555981, "zone": null, "min_dist": 0.7343610470058044}
{"t": 1784554642.212015, "x": 3.2662744631673153, "y": -0.056695324226030755, "zone": null, "min_dist": 0.7337255368326847}
{"t": 1784554642.3842564, "x": 3.266969473116661, "y": -0.05675565487062303, "zone": null, "min_dist": 0.733030526883339}
{"t": 1784554642.537853, "x": 3.267650787792548, "y": -0.056814796690877044, "zone": null, "min_dist": 0.7323492122074522}
{"t": 1784554642.6923244, "x": 3.268604558423087, "y": -0.05689758916958762, "zone": null, "min_dist": 0.7313954415769128}
{"t": 1784554642.8467064, "x": 3.269575785711166, "y": -0.0569818969810622, "zone": null, "min_dist": 0.730424214288834}
{"t": 1784554643.0180528, "x": 3.271142519728256, "y": -0.05711789801480265, "zone": null, "min_dist": 0.7288574802717438}
{"t": 1784554643.1887069, "x": 3.2725971665230227, "y": -0.05724416926794361, "zone": null, "min_dist": 0.7274028334769773}
{"t": 1784554643.358869, "x": 3.2744903307694004, "y": -0.05740850621988805, "zone": null, "min_dist": 0.7255096692305996}
{"t": 1784554643.5140145, "x": 3.2767829282690877, "y": -0.0576075161489653, "zone": null, "min_dist": 0.7232170717309123}
{"t": 1784554643.68582, "x": 3.279033465559099, "y": -0.0578028750238203, "zone": null, "min_dist": 0.7209665344409011}
{"t": 1784554643.856184, "x": 3.2822979645986026, "y": -0.058086251289286295, "zone": null, "min_dist": 0.7177020354013974}
{"t": 1784554644.0098662, "x": 3.2853772257089138, "y": -0.0583535478942801, "zone": null, "min_dist": 0.7146227742910862}
{"t": 1784554644.1658938, "x": 3.289408063145122, "y": -0.05870344649468902, "zone": null, "min_dist": 0.7105919368548781}
{"t": 1784554644.3190653, "x": 3.2951327576255287, "y": -0.059200381081003554, "zone": null, "min_dist": 0.7048672423744713}
{"t": 1784554644.4770892, "x": 3.303250704950062, "y": -0.0599050629986612, "zone": null, "min_dist": 0.6967492950499379}
{"t": 1784554644.6466885, "x": 3.316607837685959, "y": -0.06106453459598073, "zone": null, "min_dist": 0.6833921623140409}
{"t": 1784554644.818062, "x": 3.3347405978847435, "y": -0.06263855647765598, "zone": null, "min_dist": 0.6652594021152565}
{"t": 1784554644.9719677, "x": 3.355853698010548, "y": -0.06447128789354521, "zone": null, "min_dist": 0.6441463019894522}
{"t": 1784554645.1249075, "x": 3.3805991488307225, "y": -0.06661932690633633, "zone": null, "min_dist": 0.6194008511692775}
{"t": 1784554645.2859583, "x": 3.3966098242786935, "y": -0.0680091403402885, "zone": null, "min_dist": 0.6033901757213065}
{"t": 1784554645.4428577, "x": 3.4014227613430177, "y": -0.06842692942773602, "zone": null, "min_dist": 0.5985772386569823}
{"t": 1784554645.615839, "x": 3.402020513837683, "y": -0.06847881759634797, "zone": null, "min_dist": 0.5979794861623171}
{"t": 1784554645.7711084, "x": 3.402512528314049, "y": -0.0685215271297428, "zone": null, "min_dist": 0.5974874716859508}
{"t": 1784554645.9420772, "x": 3.403337063183905, "y": -0.06859310124187923, "zone": null, "min_dist": 0.5966629368160952}
{"t": 1784554646.0968714, "x": 3.4043131218058176, "y": -0.0686778284395082, "zone": null, "min_dist": 0.5956868781941824}
{"t": 1784554646.252301, "x": 3.4052204543908173, "y": -0.06875658984326341, "zone": null, "min_dist": 0.5947795456091827}
{"t": 1784554646.405998, "x": 3.40654595912221, "y": -0.06887165086314118, "zone": null, "min_dist": 0.59345404087779}
{"t": 1784554646.5636618, "x": 3.4077524066165994, "y": -0.06897637706737013, "zone": null, "min_dist": 0.5922475933834006}
{"t": 1784554646.7366567, "x": 3.4100112761172032, "y": -0.06917245922378323, "zone": null, "min_dist": 0.5899887238827968}
{"t": 1784554646.909119, "x": 3.4123454803189537, "y": -0.06937508084081583, "zone": null, "min_dist": 0.5876545196810463}
{"t": 1784554647.0627518, "x": 3.4146581741181037, "y": -0.06957583523790865, "zone": null, "min_dist": 0.5853418258818963}
{"t": 1784554647.218983, "x": 3.4177709179665996, "y": -0.06984603832695266, "zone": null, "min_dist": 0.5822290820334004}
{"t": 1784554647.3910158, "x": 3.421070140795159, "y": -0.0701324288062525, "zone": null, "min_dist": 0.5789298592048411}
{"t": 1784554647.5448813, "x": 3.426149536150841, "y": -0.07057334792718456, "zone": null, "min_dist": 0.5738504638491588}
{"t": 1784554647.7168477, "x": 3.433974939501916, "y": -0.07125263544615157, "zone": null, "min_dist": 0.5660250604980841}
{"t": 1784554647.8699758, "x": 3.4443578993570902, "y": -0.07215393272130954, "zone": null, "min_dist": 0.5556421006429098}
{"t": 1784554648.0245087, "x": 3.459082214432491, "y": -0.07343208311986225, "zone": null, "min_dist": 0.5409177855675091}
{"t": 1784554648.196952, "x": 3.4797067600620637, "y": -0.07522240542879395, "zone": null, "min_dist": 0.5202932399379363}
{"t": 1784554648.351938, "x": 3.503838861499909, "y": -0.07731720242173833, "zone": null, "min_dist": 0.4961611385000908}
{"t": 1784554648.5061035, "x": 3.532544596222408, "y": -0.07980901537739968, "zone": null, "min_dist": 0.467455403777592}
{"t": 1784554648.6749647, "x": 3.5644985211720734, "y": -0.08258278876179546, "zone": null, "min_dist": 0.43550147882792656}
{"t": 1784554648.8284225, "x": 3.5824381271301733, "y": -0.08414004376264146, "zone": null, "min_dist": 0.4175618728698267}
{"t": 1784554648.9998786, "x": 3.5909513087791924, "y": -0.0848790341603469, "zone": null, "min_dist": 0.40904869122080756}
{"t": 1784554649.1700864, "x": 3.588617593141482, "y": -0.08467645492990103, "zone": null, "min_dist": 0.4113824068585181}
{"t": 1784554649.323392, "x": 3.5837617455428696, "y": -0.08425494090557396, "zone": null, "min_dist": 0.41623825445713036}
{"t": 1784554649.478852, "x": 3.5789734216198816, "y": -0.08383928830481498, "zone": null, "min_dist": 0.42102657838011837}
{"t": 1784554649.6484065, "x": 3.574557507675347, "y": -0.08345596292219638, "zone": null, "min_dist": 0.4254424923246529}
{"t": 1784554649.8021114, "x": 3.5714570317497665, "y": -0.08318682472668176, "zone": null, "min_dist": 0.4285429682502335}
{"t": 1784554649.9761581, "x": 3.568898622101033, "y": -0.08296474083858288, "zone": null, "min_dist": 0.4311013778989672}
{"t": 1784554650.1349137, "x": 3.568528086510167, "y": -0.08293257633043301, "zone": null, "min_dist": 0.4314719134898328}
{"t": 1784554650.2918806, "x": 3.5683691173097225, "y": -0.08291877693612835, "zone": null, "min_dist": 0.4316308826902775}
{"t": 1784554650.4452894, "x": 3.5699577698095295, "y": -0.08305668061197173, "zone": null, "min_dist": 0.4300422301904705}
{"t": 1784554650.5990205, "x": 3.5720943255277073, "y": -0.08324214526530604, "zone": null, "min_dist": 0.42790567447229266}
{"t": 1784554650.7540393, "x": 3.5774880836390235, "y": -0.08371035277977115, "zone": null, "min_dist": 0.4225119163609765}
{"t": 1784554650.909526, "x": 3.585883502955737, "y": -0.08443912076770894, "zone": null, "min_dist": 0.414116497044263}
{"t": 1784554651.0800328, "x": 3.6008894982200967, "y": -0.08574172255424146, "zone": null, "min_dist": 0.39911050177990326}
{"t": 1784554651.23308, "x": 3.6077145586289525, "y": -0.08633417486552528, "zone": null, "min_dist": 0.3922854413710475}
