{"t": 1784551799.1313655, "x": -5.47220164410663e-13, "y": -3.834453718269679e-14, "zone": null, "min_dist": 4.000000000000547}
{"t": 1784551799.304942, "x": -5.47220164410663e-13, "y": -3.834453718269679e-14, "zone": null, "min_dist": 4.000000000000547}
{"t": 1784551799.4751222, "x": -5.47220164410663e-13, "y": -3.834453718269679e-14, "zone": null, "min_dist": 4.000000000000547}
{"t": 1784551799.6319373, "x": -5.47220164410663e-13, "y": -3.834453718269679e-14, "zone": null, "min_dist": 4.000000000000547}
{"t": 1784551799.806053, "x": -5.47220164410663e-13, "y": -3.834453718269679e-14, "zone": null, "min_dist": 4.000000000000547}
{"t": 1784551799.9799562, "x": -5.47220164410663e-13, "y": -3.834453718269679e-14, "zone": null, "min_dist": 4.000000000000547}
{"t": 1784551800.1579092, "x": -5.47220164410663e-13, "y": -3.834453718269679e-14, "zone": null, "min_dist": 4.000000000000547}
{"t": 1784551800.314, "x": -5.47220164410663e-13, "y": -3.834453718269679e-14, "zone": null, "min_dist": 4.000000000000547}
{"t": 1784551800.4879856, "x": -5.47220164410663e-13, "y": -3.834453718269679e-14, "zone": null, "min_dist": 4.000000000000547}
{"t": 1784551800.6459656, "x": -5.47220164410663e-13, "y": -3.834453718269679e-14, "zone": null, "min_dist": 4.000000000000547}
{"t": 1784551800.8031576, "x": -5.47220164410663e-13, "y": -3.834453718269679e-14, "zone": null, "min_dist": 4.000000000000547}
{"t": 1784551800.9731278, "x": -5.47220164410663e-13, "y": -3.834453718269679e-14, "zone": null, "min_dist": 4.000000000000547}
{"t": 1784551801.1470518, "x": -5.47220164410663e-13, "y": -3.834453718269679e-14, "zone": null, "min_dist": 4.000000000000547}
{"t": 1784551801.3171551, "x": -5.47220164410663e-13, "y": -3.834453718269679e-14, "zone": null, "min_dist": 4.000000000000547}
{"t": 1784551801.472121, "x": 2.998059090700148e-06, "y": -3.7848762908972153e-14, "zone": null, "min_dist": 3.9999970019409092}
{"t": 1784551801.6300075, "x": 0.012560846232928463, "y": 2.4631726400914056e-10, "zone": null, "min_dist": 3.9874391537670717}
{"t": 1784551801.7860339, "x": 0.042984123595300766, "y": 1.368669984130967e-09, "zone": null, "min_dist": 3.957015876404699}
{"t": 1784551801.9603336, "x": 0.07877464944081546, "y": 2.7583751433373532e-09, "zone": null, "min_dist": 3.9212253505591845}
{"t": 1784551802.1331437, "x": 0.11424658039532158, "y": 4.139067687100217e-09, "zone": null, "min_dist": 3.8857534196046783}
{"t": 1784551802.3048005, "x": 0.15012540292405244, "y": 5.558983041957338e-09, "zone": null, "min_dist": 3.8498745970759476}
{"t": 1784551802.4749444, "x": 0.18622662892974695, "y": 7.00452588963224e-09, "zone": null, "min_dist": 3.813773371070253}
{"t": 1784551802.6288795, "x": 0.21892144662526583, "y": 8.306507646221448e-09, "zone": null, "min_dist": 3.781078553374734}
{"t": 1784551802.8028898, "x": 0.2557599422229207, "y": 9.793927536884112e-09, "zone": null, "min_dist": 3.744240057777079}
{"t": 1784551802.975084, "x": 0.2935624421861857, "y": 1.1350522118919937e-08, "zone": null, "min_dist": 3.7064375578138145}
{"t": 1784551803.1290095, "x": 0.3260777472858705, "y": 1.2646611866634807e-08, "zone": null, "min_dist": 3.6739222527141293}
{"t": 1784551803.3010135, "x": 0.3610479948718033, "y": 1.3996746551260457e-08, "zone": null, "min_dist": 3.6389520051281967}
{"t": 1784551803.473854, "x": 0.39716273171744565, "y": 1.5419844659356908e-08, "zone": null, "min_dist": 3.6028372682825545}
{"t": 1784551803.6291325, "x": 0.42989803679060473, "y": 1.672500229587171e-08, "zone": null, "min_dist": 3.570101963209395}
{"t": 1784551803.799305, "x": 0.4655716800387164, "y": 1.8146310221631086e-08, "zone": null, "min_dist": 3.5344283199612834}
{"t": 1784551803.9700532, "x": 0.5001014910573619, "y": 1.9478868611170273e-08, "zone": null, "min_dist": 3.499898508942638}
{"t": 1784551804.1280525, "x": 0.5340060889361624, "y": 2.0842691044806214e-08, "zone": null, "min_dist": 3.465993911063838}
{"t": 1784551804.2829893, "x": 0.5670533958879455, "y": 2.2180473115798072e-08, "zone": null, "min_dist": 3.4329466041120544}
{"t": 1784551804.437842, "x": 0.6000704422099604, "y": 2.3498805359052907e-08, "zone": null, "min_dist": 3.3999295577900397}
{"t": 1784551804.5926766, "x": 0.6323312272999025, "y": 2.477509869650917e-08, "zone": null, "min_dist": 3.3676687727000973}
{"t": 1784551804.76521, "x": 0.6680309948664176, "y": 2.6173863161872975e-08, "zone": null, "min_dist": 3.3319690051335824}
{"t": 1784551804.9364367, "x": 0.7043025474843341, "y": 2.7624764407820105e-08, "zone": null, "min_dist": 3.295697452515666}
{"t": 1784551805.0908365, "x": 0.7371031790632009, "y": 2.893441626365121e-08, "zone": null, "min_dist": 3.262896820936799}
{"t": 1784551805.2469616, "x": 0.7707988744852566, "y": 3.031643307818777e-08, "zone": null, "min_dist": 3.2292011255147433}
{"t": 1784551805.403988, "x": 0.8033694948442388, "y": 3.160068577108716e-08, "zone": null, "min_dist": 3.196630505155761}
{"t": 1784551805.5747063, "x": 0.8384093068313433, "y": 3.296421302480154e-08, "zone": null, "min_dist": 3.1615906931686566}
{"t": 1784551805.7259443, "x": 0.8701000504102008, "y": 3.4220914078497956e-08, "zone": null, "min_dist": 3.1298999495897992}
{"t": 1784551805.881352, "x": 0.9029111790658241, "y": 3.5531304562885435e-08, "zone": null, "min_dist": 3.097088820934176}
{"t": 1784551806.0521197, "x": 0.938460464716605, "y": 3.693462388453186e-08, "zone": null, "min_dist": 3.061539535283395}
{"t": 1784551806.315319, "x": 0.9729833755293992, "y": 3.8256237072243296e-08, "zone": null, "min_dist": 3.0270166244706007}
{"t": 1784551806.4711444, "x": 1.0244648745457474, "y": 4.027087374576661e-08, "zone": null, "min_dist": 2.9755351254542526}
{"t": 1784551806.6266937, "x": 1.0577137087751924, "y": 4.161625668475419e-08, "zone": null, "min_dist": 2.9422862912248076}
{"t": 1784551806.8005636, "x": 1.0931838331606978, "y": 4.298035487031763e-08, "zone": null, "min_dist": 2.9068161668393024}
{"t": 1784551806.9716055, "x": 1.128624533412505, "y": 4.43738236539568e-08, "zone": null, "min_dist": 2.8713754665874953}
{"t": 1784551807.12492, "x": 1.1598575762784886, "y": 4.5570498626099415e-08, "zone": null, "min_dist": 2.8401424237215114}
{"t": 1784551807.278805, "x": 1.1913256665541694, "y": 4.678432161951191e-08, "zone": null, "min_dist": 2.808674333445831}
{"t": 1784551807.4323382, "x": 1.2238303169717641, "y": 4.809560656915239e-08, "zone": null, "min_dist": 2.776169683028236}
{"t": 1784551807.5893874, "x": 1.2557366568351525, "y": 4.9318850713056136e-08, "zone": null, "min_dist": 2.7442633431648478}
{"t": 1784551807.7461038, "x": 1.2890690061064278, "y": 5.0662833991007966e-08, "zone": null, "min_dist": 2.710930993893572}
{"t": 1784551807.898596, "x": 1.321530890557237, "y": 5.1970458315103915e-08, "zone": null, "min_dist": 2.678469109442763}
{"t": 1784551808.0519369, "x": 1.3541900474716495, "y": 5.328574999865822e-08, "zone": null, "min_dist": 2.6458099525283503}
{"t": 1784551808.2049587, "x": 1.3861382805028177, "y": 5.4537628114471926e-08, "zone": null, "min_dist": 2.6138617194971823}
{"t": 1784551808.3591733, "x": 1.4181720211848912, "y": 5.5796087626337815e-08, "zone": null, "min_dist": 2.5818279788151086}
{"t": 1784551808.5130274, "x": 1.4505067317019504, "y": 5.7085627577884406e-08, "zone": null, "min_dist": 2.5494932682980496}
{"t": 1784551808.6700447, "x": 1.4837971639901528, "y": 5.8417927855124534e-08, "zone": null, "min_dist": 2.516202836009847}
{"t": 1784551808.8296075, "x": 1.5184682891488492, "y": 5.984315658968144e-08, "zone": null, "min_dist": 2.4815317108511508}
{"t": 1784551808.9838288, "x": 1.5505467429305264, "y": 6.110364325800553e-08, "zone": null, "min_dist": 2.4494532570694734}
{"t": 1784551809.1379108, "x": 1.5826060850579824, "y": 6.235404105427689e-08, "zone": null, "min_dist": 2.417393914942018}
{"t": 1784551809.3113623, "x": 1.619794179045808, "y": 6.386945373212036e-08, "zone": null, "min_dist": 2.380205820954192}
{"t": 1784551809.4672647, "x": 1.6525993481955557, "y": 6.517176636405393e-08, "zone": null, "min_dist": 2.3474006518044446}
{"t": 1784551809.6271484, "x": 1.683179374164205, "y": 6.628278746611394e-08, "zone": null, "min_dist": 2.316820625835795}
{"t": 1784551809.8047905, "x": 1.713313182869904, "y": 6.726817475168378e-08, "zone": null, "min_dist": 2.286686817130096}
{"t": 1784551809.963082, "x": 1.737064337109869, "y": 6.793914350658873e-08, "zone": null, "min_dist": 2.262935662890131}
{"t": 1784551810.1181633, "x": 1.7574674011571894, "y": 6.844665766964996e-08, "zone": null, "min_dist": 2.2425325988428106}
{"t": 1784551810.3043795, "x": 1.7725767793518958, "y": 6.870472966170244e-08, "zone": null, "min_dist": 2.227423220648104}
{"t": 1784551810.4788036, "x": 1.7741255497249486, "y": 6.871083341483205e-08, "zone": null, "min_dist": 2.225874450275051}
{"t": 1784551810.63303, "x": 1.7744902868349879, "y": 6.871099207299273e-08, "zone": null, "min_dist": 2.225509713165012}
{"t": 1784551810.8069046, "x": 1.7749000238344446, "y": 6.87111703050913e-08, "zone": null, "min_dist": 2.2250999761655557}
{"t": 1784551810.976922, "x": 1.7753002870699384, "y": 6.871134441581871e-08, "zone": null, "min_dist": 2.224699712930062}
{"t": 1784551811.1490011, "x": 1.7757005502673562, "y": 6.871151852612214e-08, "zone": null, "min_dist": 2.224299449732644}
{"t": 1784551811.3013139, "x": 1.7760605502860194, "y": 6.871167512216281e-08, "zone": null, "min_dist": 2.2239394497139804}
{"t": 1784551811.4569468, "x": 1.7764252871383965, "y": 6.871183377840258e-08, "zone": null, "min_dist": 2.2235747128616037}
{"t": 1784551811.6109486, "x": 1.7767876555649773, "y": 6.871199140417577e-08, "zone": null, "min_dist": 2.223212344435023}
{"t": 1784551811.768908, "x": 1.7771618660943647, "y": 6.871215418101458e-08, "zone": null, "min_dist": 2.2228381339056353}
{"t": 1784551811.9256504, "x": 1.777526602938075, "y": 6.871231283667549e-08, "zone": null, "min_dist": 2.222473397061925}
{"t": 1784551812.0815923, "x": 1.7778937082021051, "y": 6.87124725221992e-08, "zone": null, "min_dist": 2.222106291797895}
{"t": 1784551812.2350357, "x": 1.7782537082025676, "y": 6.871262911672092e-08, "zone": null, "min_dist": 2.2217462917974324}
{"t": 1784551812.3920052, "x": 1.7786208134659822, "y": 6.871278880162307e-08, "zone": null, "min_dist": 2.221379186534018}
{"t": 1784551812.5634131, "x": 1.7790234450450755, "y": 6.871296393950586e-08, "zone": null, "min_dist": 2.2209765549549245}
{"t": 1784551812.7171483, "x": 1.7793858134662, "y": 6.8713121563276e-08, "zone": null, "min_dist": 2.2206141865338003}
{"t": 1784551812.8894882, "x": 1.7797908134662372, "y": 6.871329773063529e-08, "zone": null, "min_dist": 2.2202091865337628}
{"t": 1784551813.0428016, "x": 1.7801508134662674, "y": 6.871345432353295e-08, "zone": null, "min_dist": 2.2198491865337324}
{"t": 1784551813.1982083, "x": 1.7805179187294222, "y": 6.871361400677005e-08, "zone": null, "min_dist": 2.219482081270578}
{"t": 1784551813.354025, "x": 1.780885023992577, "y": 6.871377368973284e-08, "zone": null, "min_dist": 2.2191149760074227}
{"t": 1784551813.507184, "x": 1.7812426555715215, "y": 6.871392925155773e-08, "zone": null, "min_dist": 2.2187573444284787}
{"t": 1784551813.662608, "x": 1.7816073924136238, "y": 6.871408790371412e-08, "zone": null, "min_dist": 2.2183926075863765}
{"t": 1784551813.8149424, "x": 1.7819650239925764, "y": 6.871424346572096e-08, "zone": null, "min_dist": 2.2180349760074236}
{"t": 1784551813.9829524, "x": 1.7823487082031273, "y": 6.871441035914809e-08, "zone": null, "min_dist": 2.217651291796873}
{"t": 1784551814.1349518, "x": 1.7827039713610355, "y": 6.871456488912263e-08, "zone": null, "min_dist": 2.2172960286389642}
{"t": 1784551814.3050222, "x": 1.7831042345189336, "y": 6.871473898970047e-08, "zone": null, "min_dist": 2.216895765481066}
{"t": 1784551814.4749339, "x": 1.783504497676828, "y": 6.871491308898567e-08, "zone": null, "min_dist": 2.216495502323172}
{"t": 1784551814.6480176, "x": 1.783909497676826, "y": 6.871508924677215e-08, "zone": null, "min_dist": 2.216090502323174}
{"t": 1784551814.821987, "x": 1.784319234518929, "y": 6.871526746266841e-08, "zone": null, "min_dist": 2.2156807654810713}
{"t": 1784551814.9943488, "x": 1.7847242345189267, "y": 6.871544361598819e-08, "zone": null, "min_dist": 2.2152757654810733}
{"t": 1784551815.167059, "x": 1.7851316029399764, "y": 6.871562079729893e-08, "zone": null, "min_dist": 2.2148683970600236}
{"t": 1784551815.32257, "x": 1.785496339782079, "y": 6.871577943453037e-08, "zone": null, "min_dist": 2.214503660217921}
{"t": 1784551815.4764745, "x": 1.785856339782076, "y": 6.871593600934063e-08, "zone": null, "min_dist": 2.214143660217924}
{"t": 1784551815.6309407, "x": 1.7862187082031253, "y": 6.871609361253602e-08, "zone": null, "min_dist": 2.2137812917968747}
{"t": 1784551815.8028588, "x": 1.7866237082031224, "y": 6.871626975514842e-08, "zone": null, "min_dist": 2.2133762917968776}
{"t": 1784551815.9602764, "x": 1.7869931818873293, "y": 6.87164304445159e-08, "zone": null, "min_dist": 2.213006818112671}
{"t": 1784551816.1317217, "x": 1.787395813466273, "y": 6.871660555305759e-08, "zone": null, "min_dist": 2.212604186533727}
{"t": 1784551816.302554, "x": 1.7941263361192772, "y": 6.881003845020821e-08, "zone": null, "min_dist": 2.205873663880723}
{"t": 1784551816.4568515, "x": 1.823673922677985, "y": 6.992363024870771e-08, "zone": null, "min_dist": 2.176326077322015}
{"t": 1784551816.6291783, "x": 1.884270755414413, "y": 7.401377327840479e-08, "zone": null, "min_dist": 2.1157292445855873}
{"t": 1784551816.7982056, "x": 1.9722804856138318, "y": 8.271030882304697e-08, "zone": null, "min_dist": 2.027719514386168}
{"t": 1784551816.9704313, "x": 2.0900679505898494, "y": 9.80571431912046e-08, "zone": null, "min_dist": 1.9099320494101506}
{"t": 1784551817.1409888, "x": 2.236755415511184, "y": 1.2182357856927454e-07, "zone": null, "min_dist": 1.7632445844888158}
{"t": 1784551817.2938142, "x": 2.391283899035257, "y": 1.5148101335415633e-07, "zone": null, "min_dist": 1.608716100964743}
{"t": 1784551817.465067, "x": 2.5938107313564474, "y": 1.9646822003126958e-07, "zone": null, "min_dist": 1.4061892686435526}
{"t": 1784551817.6188905, "x": 2.79980494974236, "y": 2.484556147051987e-07, "zone": null, "min_dist": 1.2001950502576402}
{"t": 1784551817.791678, "x": 3.0503302412659874, "y": 3.180441654166279e-07, "zone": null, "min_dist": 0.9496697587340126}
{"t": 1784551817.9488587, "x": 3.2873302404498657, "y": 3.846598184680066e-07, "zone": null, "min_dist": 0.7126697595501343}
{"t": 1784551818.1190577, "x": 3.540830239994291, "y": 4.5591326935242046e-07, "zone": null, "min_dist": 0.4591697600057092}
{"t": 1784551818.2719598, "x": 3.767330239780208, "y": 5.195775992267842e-07, "zone": null, "min_dist": 0.23266976021979202}
{"t": 1784551818.4258249, "x": 3.9983302396613176, "y": 5.845067804290721e-07, "zone": null, "min_dist": 0.00166976033868238}
{"t": 1784551818.5801814, "x": 4.227830239597396, "y": 6.490143406222495e-07, "zone": "forbidden_zone", "min_dist": 0.0}
{"t": 1784551818.7530715, "x": 4.482830239559925, "y": 7.206894076676267e-07, "zone": "forbidden_zone", "min_dist": 0.0}
{"t": 1784551818.9060154, "x": 4.710830239542438, "y": 7.84775318958577e-07, "zone": "forbidden_zone", "min_dist": 0.0}
{"t": 1784551819.0762265, "x": 4.964330239532197, "y": 8.560286934655351e-07, "zone": "forbidden_zone", "min_dist": 0.0}
{"t": 1784551819.244839, "x": 5.2148302395270605, "y": 9.264388012422589e-07, "zone": "forbidden_zone", "min_dist": 0.0}
{"t": 1784551819.4020875, "x": 5.448830239524584, "y": 9.922110933242661e-07, "zone": "forbidden_zone", "min_dist": 0.0}
{"t": 1784551819.5565355, "x": 5.679830239523304, "y": 1.0571401318285382e-06, "zone": "forbidden_zone", "min_dist": 0.0}
{"t": 1784551819.7109365, "x": 5.909330239522651, "y": 1.121647535807041e-06, "zone": "forbidden_zone", "min_dist": 0.0}
{"t": 1784551819.8809125, "x": 6.162830239522307, "y": 1.1929007925095032e-06, "zone": null, "min_dist": 0.16283023952230735}
{"t": 1784551820.051449, "x": 6.416330239522176, "y": 1.2641540293605441e-06, "zone": null, "min_dist": 0.41633023952217574}
{"t": 1784551820.320621, "x": 6.674330239521371, "y": 1.3366722594643205e-06, "zone": null, "min_dist": 0.674330239521371}
{"t": 1784551820.4750452, "x": 7.047830239505494, "y": 1.4416564185466498e-06, "zone": null, "min_dist": 1.047830239505494}
{"t": 1784551820.628956, "x": 7.275830239503706, "y": 1.5057422167188562e-06, "zone": null, "min_dist": 1.2758302395037058}
{"t": 1784551820.7834537, "x": 7.505330239502811, "y": 1.5702486677674432e-06, "zone": null, "min_dist": 1.5053302395028112}
{"t": 1784551820.9548728, "x": 7.760330239502316, "y": 1.6419213759008026e-06, "zone": null, "min_dist": 1.7603302395023164}
{"t": 1784551821.1244433, "x": 8.013830239502068, "y": 1.7131713061800051e-06, "zone": null, "min_dist": 2.0138302395020684}
{"t": 1784551821.278818, "x": 8.244830239501946, "y": 1.7780962639193057e-06, "zone": null, "min_dist": 2.2448302395019457}
{"t": 1784551821.4538949, "x": 8.505830239502028, "y": 1.8514518710162886e-06, "zone": null, "min_dist": 2.5058302395020284}
{"t": 1784551821.6090462, "x": 8.736830239502124, "y": 1.916374763738636e-06, "zone": null, "min_dist": 2.7368302395021242}
{"t": 1784551821.7622542, "x": 8.964830239502202, "y": 1.9804535522956336e-06, "zone": null, "min_dist": 2.964830239502202}
{"t": 1784551821.916874, "x": 9.194330239502287, "y": 2.044952959077524e-06, "zone": null, "min_dist": 3.1943302395022872}
{"t": 1784551822.0879254, "x": 9.449330239502368, "y": 2.1166178423176267e-06, "zone": null, "min_dist": 3.449330239502368}
{"t": 1784551822.2582912, "x": 9.702830239502475, "y": 2.1878599922957606e-06, "zone": null, "min_dist": 3.7028302395024753}
{"t": 1784551822.4290168, "x": 9.956330239502602, "y": 2.259100978357039e-06, "zone": null, "min_dist": 3.956330239502602}
{"t": 1784551822.5836828, "x": 10.185830239502675, "y": 2.3235962494398857e-06, "zone": null, "min_dist": 4.185830239502675}
{"t": 1784551822.756978, "x": 10.44533023950281, "y": 2.396521125776963e-06, "zone": null, "min_dist": 4.445330239502811}
{"t": 1784551822.9108684, "x": 10.673330239502882, "y": 2.4605928434962167e-06, "zone": null, "min_dist": 4.6733302395028815}
{"t": 1784551823.0836408, "x": 10.93133023950298, "y": 2.5330939120490643e-06, "zone": null, "min_dist": 4.93133023950298}
{"t": 1784551823.236129, "x": 11.159330239503026, "y": 2.5971636189116203e-06, "zone": null, "min_dist": 5.159330239503026}
{"t": 1784551823.3888447, "x": 11.385830239503179, "y": 2.6608108796174787e-06, "zone": null, "min_dist": 5.3858302395031785}
{"t": 1784551823.5458262, "x": 11.6198302395033, "y": 2.726564686719551e-06, "zone": null, "min_dist": 5.619830239503299}
{"t": 1784551823.7176204, "x": 11.874830239503405, "y": 2.7982183394256212e-06, "zone": null, "min_dist": 5.874830239503405}
{"t": 1784551823.8912413, "x": 12.132830239503512, "y": 2.8707137757404584e-06, "zone": null, "min_dist": 6.132830239503512}
{"t": 1784551824.0458288, "x": 12.362330239503612, "y": 2.935199981682954e-06, "zone": null, "min_dist": 6.362330239503612}
{"t": 1784551824.201976, "x": 12.594830239503711, "y": 3.0005281753382306e-06, "zone": null, "min_dist": 6.594830239503711}
{"t": 1784551824.3568196, "x": 12.82583023950383, "y": 3.0654339306583707e-06, "zone": null, "min_dist": 6.82583023950383}
{"t": 1784551824.527549, "x": 13.080830239503936, "y": 3.137082017241507e-06, "zone": null, "min_dist": 7.0808302395039355}
{"t": 1784551824.6831472, "x": 13.311830239504056, "y": 3.2019857284559124e-06, "zone": null, "min_dist": 7.311830239504056}
{"t": 1784551824.8538353, "x": 13.565330239504206, "y": 3.273210107296053e-06, "zone": null, "min_dist": 7.565330239504206}
{"t": 1784551825.0259943, "x": 13.821830239504314, "y": 3.345276185217867e-06, "zone": null, "min_dist": 7.8218302395043136}
{"t": 1784551825.1961546, "x": 14.075330239504384, "y": 3.4164982101646246e-06, "zone": null, "min_dist": 8.075330239504384}
{"t": 1784551825.350931, "x": 14.304830239504474, "y": 3.4809763109902807e-06, "zone": null, "min_dist": 8.304830239504474}
{"t": 1784551825.5098512, "x": 14.541830239504588, "y": 3.547560533232317e-06, "zone": null, "min_dist": 8.541830239504588}
{"t": 1784551825.6837378, "x": 14.79983023950475, "y": 3.6200434621053632e-06, "zone": null, "min_dist": 8.79983023950475}
{"t": 1784551825.8509767, "x": 15.048830239504854, "y": 3.6899967670487133e-06, "zone": null, "min_dist": 9.048830239504854}
{"t": 1784551826.0033488, "x": 15.275330239504921, "y": 3.753628009013081e-06, "zone": null, "min_dist": 9.275330239504921}
{"t": 1784551826.1552029, "x": 15.503330239504958, "y": 3.817679712377251e-06, "zone": null, "min_dist": 9.503330239504958}
{"t": 1784551826.3088186, "x": 15.731330239505077, "y": 3.8817304706120315e-06, "zone": null, "min_dist": 9.731330239505077}
{"t": 1784551826.4608707, "x": 15.957830239505205, "y": 3.945358912542158e-06, "zone": null, "min_dist": 9.957830239505205}
{"t": 1784551826.6306074, "x": 16.209830239505298, "y": 4.016149724648901e-06, "zone": null, "min_dist": 10.209830239505298}
{"t": 1784551826.7828434, "x": 16.436330239505356, "y": 4.079776199335579e-06, "zone": null, "min_dist": 10.436330239505356}
{"t": 1784551826.9547966, "x": 16.692830239505387, "y": 4.151828901020967e-06, "zone": null, "min_dist": 10.692830239505387}
{"t": 1784551827.1081045, "x": 16.920830239505374, "y": 4.215874740959675e-06, "zone": null, "min_dist": 10.920830239505374}
{"t": 1784551827.2619867, "x": 17.150330239505383, "y": 4.280340982543077e-06, "zone": null, "min_dist": 11.150330239505383}
{"t": 1784551827.4348838, "x": 17.406830239505457, "y": 4.3523903605430606e-06, "zone": null, "min_dist": 11.406830239505457}
{"t": 1784551827.5880837, "x": 17.634830239505455, "y": 4.416433251947311e-06, "zone": null, "min_dist": 11.634830239505455}
{"t": 1784551827.7602327, "x": 17.891330239505454, "y": 4.488480380865252e-06, "zone": null, "min_dist": 11.891330239505454}
{"t": 1784551827.9299228, "x": 18.144830239505534, "y": 4.559683678479697e-06, "zone": null, "min_dist": 12.144830239505534}
{"t": 1784551828.1028516, "x": 18.40133023950554, "y": 4.631728438794852e-06, "zone": null, "min_dist": 12.40133023950554}
{"t": 1784551828.2569008, "x": 18.630830239505627, "y": 4.696188530736555e-06, "zone": null, "min_dist": 12.630830239505627}
{"t": 1784551828.4117808, "x": 18.86333023950567, "y": 4.761490268018556e-06, "zone": null, "min_dist": 12.863330239505672}
{"t": 1784551828.580669, "x": 19.1138302395057, "y": 4.831846523956035e-06, "zone": null, "min_dist": 13.113830239505699}
{"t": 1784551828.7367842, "x": 19.34633023950573, "y": 4.897146231711353e-06, "zone": null, "min_dist": 13.346330239505729}
{"t": 1784551828.906784, "x": 19.599830239505778, "y": 4.968342865107905e-06, "zone": null, "min_dist": 13.599830239505778}
{"t": 1784551829.0602384, "x": 19.827830239505793, "y": 5.0323767192850785e-06, "zone": null, "min_dist": 13.827830239505793}
{"t": 1784551829.2165363, "x": 20.06033023950582, "y": 5.097673427473056e-06, "zone": null, "min_dist": 14.06033023950582}
{"t": 1784551829.3719468, "x": 20.292830239505847, "y": 5.162969157718798e-06, "zone": null, "min_dist": 14.292830239505847}
{"t": 1784551829.526857, "x": 20.522330239505894, "y": 5.2274214015827825e-06, "zone": null, "min_dist": 14.522330239505894}
{"t": 1784551829.6976762, "x": 20.77583023950597, "y": 5.2986126353805005e-06, "zone": null, "min_dist": 14.775830239505972}
{"t": 1784551829.868782, "x": 21.030830239506106, "y": 5.3702239284116845e-06, "zone": null, "min_dist": 15.030830239506106}
{"t": 1784551830.0271504, "x": 21.267830239506125, "y": 5.436779244936471e-06, "zone": null, "min_dist": 15.267830239506125}
{"t": 1784551830.1801226, "x": 21.49583023950621, "y": 5.500806181171785e-06, "zone": null, "min_dist": 15.495830239506208}
{"t": 1784551830.3503199, "x": 21.749330239506204, "y": 5.571992921047377e-06, "zone": null, "min_dist": 15.749330239506204}
{"t": 1784551830.5047343, "x": 21.977330239506237, "y": 5.636017868314146e-06, "zone": null, "min_dist": 15.977330239506237}
{"t": 1784551830.680369, "x": 22.238330239506237, "y": 5.709308429405389e-06, "zone": null, "min_dist": 16.238330239506237}
{"t": 1784551830.8510022, "x": 22.49333023950629, "y": 5.780912966241317e-06, "zone": null, "min_dist": 16.49333023950629}
{"t": 1784551831.0067997, "x": 22.725830239506355, "y": 5.846198428042732e-06, "zone": null, "min_dist": 16.725830239506355}
{"t": 1784551831.1618161, "x": 22.956830239506406, "y": 5.911061723982236e-06, "zone": null, "min_dist": 16.956830239506406}
{"t": 1784551831.3329582, "x": 23.210330239506426, "y": 5.982241762042288e-06, "zone": null, "min_dist": 17.210330239506426}
{"t": 1784551831.5075362, "x": 23.469830239506457, "y": 6.05510532978317e-06, "zone": null, "min_dist": 17.469830239506457}
{"t": 1784551831.6628106, "x": 23.70233023950646, "y": 6.120386693928864e-06, "zone": null, "min_dist": 17.70233023950646}
{"t": 1784551831.817652, "x": 23.93333023950659, "y": 6.185245920681898e-06, "zone": null, "min_dist": 17.93333023950659}
{"t": 1784551831.968819, "x": 24.158330239506622, "y": 6.2484195663236125e-06, "zone": null, "min_dist": 18.158330239506622}
{"t": 1784551832.1416852, "x": 24.41483023950667, "y": 6.32043641422397e-06, "zone": null, "min_dist": 18.41483023950667}
{"t": 1784551832.3129582, "x": 24.669830239506712, "y": 6.392030930327253e-06, "zone": null, "min_dist": 18.669830239506712}
{"t": 1784551832.465944, "x": 24.899330239506742, "y": 6.456464986410186e-06, "zone": null, "min_dist": 18.899330239506742}
{"t": 1784551832.6209807, "x": 25.130330239506776, "y": 6.5213192249555506e-06, "zone": null, "min_dist": 19.130330239506776}
{"t": 1784551832.7759037, "x": 25.359830239506845, "y": 6.585751373353569e-06, "zone": null, "min_dist": 19.359830239506845}
{"t": 1784551832.9509873, "x": 25.620830239506887, "y": 6.6590259883068774e-06, "zone": null, "min_dist": 19.620830239506887}
{"t": 1784551833.12291, "x": 25.875830239506914, "y": 6.730614933635245e-06, "zone": null, "min_dist": 19.875830239506914}
{"t": 1784551833.2769392, "x": 26.106830239506976, "y": 6.7954650789374725e-06, "zone": null, "min_dist": 20.106830239506976}
{"t": 1784551833.4343193, "x": 26.340830239507014, "y": 6.861156447272574e-06, "zone": null, "min_dist": 20.340830239507014}
{"t": 1784551833.589452, "x": 26.570330239507093, "y": 6.9255835528286895e-06, "zone": null, "min_dist": 20.570330239507093}
{"t": 1784551833.7444444, "x": 26.801330239507138, "y": 6.99043078456582e-06, "zone": null, "min_dist": 20.801330239507138}
{"t": 1784551833.9009194, "x": 27.035330239507186, "y": 7.0561192034637035e-06, "zone": null, "min_dist": 21.035330239507186}
{"t": 1784551834.0580184, "x": 27.26783023950724, "y": 7.1213855503550826e-06, "zone": null, "min_dist": 21.26783023950724}
{"t": 1784551834.2120337, "x": 27.497330239507278, "y": 7.185808784945069e-06, "zone": null, "min_dist": 21.497330239507278}
{"t": 1784551834.3858929, "x": 27.755330239507387, "y": 7.258231145661054e-06, "zone": null, "min_dist": 21.755330239507387}
{"t": 1784551834.5380468, "x": 27.983330239507445, "y": 7.322231293474377e-06, "zone": null, "min_dist": 21.983330239507445}
{"t": 1784551834.70983, "x": 28.23983023950751, "y": 7.394230333780743e-06, "zone": null, "min_dist": 22.23983023950751}
{"t": 1784551834.8669274, "x": 28.47383023950755, "y": 7.459912637923137e-06, "zone": null, "min_dist": 22.47383023950755}
{"t": 1784551835.023427, "x": 28.704830239507594, "y": 7.52475188888226e-06, "zone": null, "min_dist": 22.704830239507594}
{"t": 1784551835.192944, "x": 28.958330239507625, "y": 7.595905543336713e-06, "zone": null, "min_dist": 22.958330239507625}
{"t": 1784551835.3482013, "x": 29.190830239507676, "y": 7.661163793329541e-06, "zone": null, "min_dist": 23.190830239507676}
{"t": 1784551835.501954, "x": 29.417330239507724, "y": 7.724737005358897e-06, "zone": null, "min_dist": 23.417330239507724}
{"t": 1784551835.657476, "x": 29.648330239507807, "y": 7.789572299314387e-06, "zone": null, "min_dist": 23.648330239507807}
{"t": 1784551835.8289037, "x": 29.90483023950792, "y": 7.861563602701032e-06, "zone": null, "min_dist": 23.90483023950792}
{"t": 1784551836.0014427, "x": 30.161330239507972, "y": 7.933553712840897e-06, "zone": null, "min_dist": 24.161330239507972}
{"t": 1784551836.153802, "x": 30.387830239508013, "y": 7.997122935346574e-06, "zone": null, "min_dist": 24.387830239508013}
{"t": 1784551836.3253655, "x": 30.641330239508033, "y": 8.068268849723376e-06, "zone": null, "min_dist": 24.641330239508033}
{"t": 1784551836.4800591, "x": 30.873830239508123, "y": 8.133519994978135e-06, "zone": null, "min_dist": 24.873830239508123}
{"t": 1784551836.6358883, "x": 31.10483023950816, "y": 8.19834919415496e-06, "zone": null, "min_dist": 25.10483023950816}
{"t": 1784551836.7943792, "x": 31.340330239508273, "y": 8.264440304211005e-06, "zone": null, "min_dist": 25.340330239508273}
{"t": 1784551836.9470654, "x": 31.568330239508303, "y": 8.328425651470895e-06, "zone": null, "min_dist": 25.568330239508303}
{"t": 1784551837.1002986, "x": 31.79783023950835, "y": 8.392831000113059e-06, "zone": null, "min_dist": 25.79783023950835}
{"t": 1784551837.2704756, "x": 32.04983023950837, "y": 8.463549484915326e-06, "zone": null, "min_dist": 26.049830239508367}
{"t": 1784551837.4289362, "x": 32.285330239508376, "y": 8.529636551622906e-06, "zone": null, "min_dist": 26.285330239508376}
{"t": 1784551837.6000354, "x": 32.5403302395083, "y": 8.601194667046864e-06, "zone": null, "min_dist": 26.5403302395083}
{"t": 1784551837.7738986, "x": 32.79833023950827, "y": 8.673593450495537e-06, "zone": null, "min_dist": 26.798330239508267}
{"t": 1784551837.9269614, "x": 33.026330239508255, "y": 8.737572772304412e-06, "zone": null, "min_dist": 27.026330239508255}
{"t": 1784551838.094761, "x": 33.278330239508314, "y": 8.808285682608622e-06, "zone": null, "min_dist": 27.278330239508314}
{"t": 1784551838.2517648, "x": 33.51083023950825, "y": 8.873525761155933e-06, "zone": null, "min_dist": 27.510830239508252}
{"t": 1784551838.4246197, "x": 33.767330239508276, "y": 8.945499154482094e-06, "zone": null, "min_dist": 27.767330239508276}
{"t": 1784551838.597203, "x": 34.02383023950835, "y": 9.017471345062407e-06, "zone": null, "min_dist": 28.02383023950835}
{"t": 1784551838.7520585, "x": 34.25483023950829, "y": 9.082287382396397e-06, "zone": null, "min_dist": 28.254830239508287}
{"t": 1784551838.910377, "x": 34.49033023950822, "y": 9.148365094496583e-06, "zone": null, "min_dist": 28.490330239508218}
{"t": 1784551839.0658836, "x": 34.7228302395082, "y": 9.213600088852166e-06, "zone": null, "min_dist": 28.7228302395082}
{"t": 1784551839.219956, "x": 34.952330239508086, "y": 9.277992379610419e-06, "zone": null, "min_dist": 28.952330239508086}
{"t": 1784551839.3929088, "x": 35.20883023950803, "y": 9.349959082554304e-06, "zone": null, "min_dist": 29.208830239508032}
{"t": 1784551839.5499303, "x": 35.44283023950793, "y": 9.415611864658992e-06, "zone": null, "min_dist": 29.442830239507927}
{"t": 1784551839.7220933, "x": 35.699330239507916, "y": 9.487576254996187e-06, "zone": null, "min_dist": 29.699330239507916}
{"t": 1784551839.893828, "x": 35.95583023950794, "y": 9.559539434844137e-06, "zone": null, "min_dist": 29.95583023950794}
{"t": 1784551840.0651662, "x": 36.21083023950787, "y": 9.631080581987143e-06, "zone": null, "min_dist": 30.21083023950787}
{"t": 1784551840.2209976, "x": 36.443330239507816, "y": 9.696308235047503e-06, "zone": null, "min_dist": 30.443330239507816}
{"t": 1784551840.3789957, "x": 36.67733023950773, "y": 9.761955719756404e-06, "zone": null, "min_dist": 30.677330239507732}
{"t": 1784551840.5339584, "x": 36.9083302395077, "y": 9.826760609750746e-06, "zone": null, "min_dist": 30.9083302395077}
{"t": 1784551840.6868606, "x": 37.13633023950753, "y": 9.890722931118952e-06, "zone": null, "min_dist": 31.13633023950753}
{"t": 1784551840.8560827, "x": 37.38833023950768, "y": 9.961417015467993e-06, "zone": null, "min_dist": 31.38833023950768}
{"t": 1784551841.0096395, "x": 37.61633023950766, "y": 1.0025377322772385e-05, "zone": null, "min_dist": 31.61633023950766}
{"t": 1784551841.180006, "x": 37.8698302395076, "y": 1.0096489979644003e-05, "zone": null, "min_dist": 31.8698302395076}
{"t": 1784551841.3344939, "x": 38.0993302395075, "y": 1.0160869071602626e-05, "zone": null, "min_dist": 32.0993302395075}
{"t": 1784551841.4921227, "x": 38.33333023950744, "y": 1.0226509523621894e-05, "zone": null, "min_dist": 32.33333023950744}
{"t": 1784551841.6668644, "x": 38.59433023950737, "y": 1.0299722712969117e-05, "zone": null, "min_dist": 32.59433023950737}
{"t": 1784551841.8396397, "x": 38.850830239507246, "y": 1.0371672405973662e-05, "zone": null, "min_dist": 32.850830239507246}
{"t": 1784551841.9949362, "x": 39.081830239507205, "y": 1.0436468194426218e-05, "zone": null, "min_dist": 33.081830239507205}
{"t": 1784551842.1679296, "x": 39.3398302395071, "y": 1.0508836368872288e-05, "zone": null, "min_dist": 33.3398302395071}
{"t": 1784551842.322918, "x": 39.57083023950709, "y": 1.0573630110409034e-05, "zone": null, "min_dist": 33.57083023950709}
{"t": 1784551842.4980488, "x": 39.83033023950699, "y": 1.0646416720912197e-05, "zone": null, "min_dist": 33.83033023950699}
{"t": 1784551842.6606154, "x": 40.07183023950719, "y": 1.0714153436221163e-05, "zone": null, "min_dist": 34.07183023950719}
{"t": 1784551842.8403115, "x": 40.338830239507175, "y": 1.0789041244982437e-05, "zone": null, "min_dist": 34.338830239507175}
{"t": 1784551842.9940078, "x": 40.56833023950725, "y": 1.0853410088443712e-05, "zone": null, "min_dist": 34.56833023950725}
{"t": 1784551843.1509619, "x": 40.80233023950728, "y": 1.0919040087513195e-05, "zone": null, "min_dist": 34.80233023950728}
{"t": 1784551843.321898, "x": 41.05583023950729, "y": 1.0990138130192632e-05, "zone": null, "min_dist": 35.05583023950729}
{"t": 1784551843.4789712, "x": 41.28983023950723, "y": 1.1055766061353948e-05, "zone": null, "min_dist": 35.28983023950723}
{"t": 1784551843.6529949, "x": 41.549330239507306, "y": 1.1128544586170592e-05, "zone": null, "min_dist": 35.549330239507306}
{"t": 1784551843.8069077, "x": 41.777330239507286, "y": 1.1192487690212142e-05, "zone": null, "min_dist": 35.777330239507286}
{"t": 1784551843.9619722, "x": 42.008330239507345, "y": 1.1257271174256423e-05, "zone": null, "min_dist": 36.008330239507345}
{"t": 1784551844.1151717, "x": 42.23633023950735, "y": 1.1321212361994001e-05, "zone": null, "min_dist": 36.23633023950735}
{"t": 1784551844.2690032, "x": 42.46583023950738, "y": 1.138557326331197e-05, "zone": null, "min_dist": 36.46583023950738}
{"t": 1784551844.4406693, "x": 42.7208302395072, "y": 1.1457084247580548e-05, "zone": null, "min_dist": 36.7208302395072}
{"t": 1784551844.6129339, "x": 42.97883023950707, "y": 1.1529435356925746e-05, "zone": null, "min_dist": 36.97883023950707}
{"t": 1784551844.7852213, "x": 43.233830239507014, "y": 1.1600943979377145e-05, "zone": null, "min_dist": 37.233830239507014}
{"t": 1784551844.9396493, "x": 43.463330239506995, "y": 1.1665300730430705e-05, "zone": null, "min_dist": 37.463330239506995}
{"t": 1784551845.109839, "x": 43.716830239507004, "y": 1.1736386485751989e-05, "zone": null, "min_dist": 37.716830239507004}
{"t": 1784551845.2832468, "x": 43.976330239506936, "y": 1.1809153518567147e-05, "zone": null, "min_dist": 37.976330239506936}
{"t": 1784551845.455062, "x": 44.23283023950684, "y": 1.1881078098796348e-05, "zone": null, "min_dist": 38.23283023950684}
{"t": 1784551845.6249497, "x": 44.484830239506906, "y": 1.1951739669253169e-05, "zone": null, "min_dist": 38.484830239506906}
{"t": 1784551845.7806134, "x": 44.71583023950695, "y": 1.2016511756462951e-05, "zone": null, "min_dist": 38.71583023950695}
{"t": 1784551845.9498363, "x": 44.96783023950706, "y": 1.2087171108115098e-05, "zone": null, "min_dist": 38.96783023950706}
{"t": 1784551846.1042902, "x": 45.19733023950711, "y": 1.215152057388699e-05, "zone": null, "min_dist": 39.19733023950711}
{"t": 1784551846.2749236, "x": 45.45233023950711, "y": 1.2223018853925413e-05, "zone": null, "min_dist": 39.45233023950711}
{"t": 1784551846.4453166, "x": 45.705830239507094, "y": 1.2294095390648467e-05, "zone": null, "min_dist": 39.705830239507094}
{"t": 1784551846.61905, "x": 45.96383023950712, "y": 1.2366432434834794e-05, "zone": null, "min_dist": 39.96383023950712}
{"t": 1784551846.7912512, "x": 46.22183023950722, "y": 1.243876826717344e-05, "zone": null, "min_dist": 40.22183023950722}
{"t": 1784551846.943572, "x": 46.44833023950716, "y": 1.2502271404607869e-05, "zone": null, "min_dist": 40.44833023950716}
{"t": 1784551847.09797, "x": 46.67783023950718, "y": 1.2566614682060849e-05, "zone": null, "min_dist": 40.67783023950718}
{"t": 1784551847.249189, "x": 46.90433023950713, "y": 1.2630115917865965e-05, "zone": null, "min_dist": 40.90433023950713}
{"t": 1784551847.4205222, "x": 47.15933023950707, "y": 1.2701606270850644e-05, "zone": null, "min_dist": 41.15933023950707}
{"t": 1784551847.5768182, "x": 47.39333023950705, "y": 1.2767208140313641e-05, "zone": null, "min_dist": 41.39333023950705}
{"t": 1784551847.747918, "x": 47.648330239507, "y": 1.2838696219762776e-05, "zone": null, "min_dist": 41.648330239507}
{"t": 1784551847.904952, "x": 47.880830239506984, "y": 1.2903875521063031e-05, "zone": null, "min_dist": 41.880830239506984}
{"t": 1784551848.0590067, "x": 48.11033023950698, "y": 1.296821285048785e-05, "zone": null, "min_dist": 42.11033023950698}
{"t": 1784551848.2148597, "x": 48.341330239507016, "y": 1.3032969720635608e-05, "zone": null, "min_dist": 42.341330239507016}
{"t": 1784551848.3870568, "x": 48.59783023950711, "y": 1.3104873938238792e-05, "zone": null, "min_dist": 42.59783023950711}
{"t": 1784551848.5599658, "x": 48.8543302395072, "y": 1.317677698659936e-05, "zone": null, "min_dist": 42.8543302395072}
{"t": 1784551848.7137282, "x": 49.08383023950708, "y": 1.3241110291473355e-05, "zone": null, "min_dist": 43.08383023950708}
{"t": 1784551848.8670356, "x": 49.31183023950714, "y": 1.3305022190756521e-05, "zone": null, "min_dist": 43.31183023950714}
{"t": 1784551849.0379968, "x": 49.566830239507176, "y": 1.337650147106296e-05, "zone": null, "min_dist": 43.566830239507176}
{"t": 1784551849.2097912, "x": 49.8218302395071, "y": 1.3447979564941418e-05, "zone": null, "min_dist": 43.8218302395071}
{"t": 1784551849.3800626, "x": 50.075330239507245, "y": 1.351903600939626e-05, "zone": null, "min_dist": 44.075330239507245}
{"t": 1784551849.548912, "x": 50.32733023950718, "y": 1.3589670823274054e-05, "zone": null, "min_dist": 44.32733023950718}
{"t": 1784551849.7028656, "x": 50.556830239507185, "y": 1.3653997943986158e-05, "zone": null, "min_dist": 44.556830239507185}
{"t": 1784551849.873879, "x": 50.811830239507174, "y": 1.3725471377754248e-05, "zone": null, "min_dist": 44.811830239507174}
{"t": 1784551850.0460584, "x": 51.06833023950712, "y": 1.3797364037818348e-05, "zone": null, "min_dist": 45.06833023950712}
{"t": 1784551850.199861, "x": 51.29783023950705, "y": 1.386168803236756e-05, "zone": null, "min_dist": 45.29783023950705}
{"t": 1784551850.3547893, "x": 51.52733023950707, "y": 1.3926011060322997e-05, "zone": null, "min_dist": 45.52733023950707}
{"t": 1784551850.5078478, "x": 51.75533023950716, "y": 1.3989912703745492e-05, "zone": null, "min_dist": 45.75533023950716}
{"t": 1784551850.66284, "x": 51.98633023950721, "y": 1.4054654182416389e-05, "zone": null, "min_dist": 45.98633023950721}
{"t": 1784551850.8179631, "x": 52.21883023950729, "y": 1.4119815093578539e-05, "zone": null, "min_dist": 46.21883023950729}
{"t": 1784551850.9734783, "x": 52.44983023950727, "y": 1.418455465682326e-05, "zone": null, "min_dist": 46.44983023950727}
{"t": 1784551851.127939, "x": 52.679330239507195, "y": 1.4248872871083044e-05, "zone": null, "min_dist": 46.679330239507195}
{"t": 1784551851.281824, "x": 52.90733023950715, "y": 1.4312769777414579e-05, "zone": null, "min_dist": 46.90733023950715}
{"t": 1784551851.434951, "x": 53.13533023950706, "y": 1.4376665741863495e-05, "zone": null, "min_dist": 47.13533023950706}
{"t": 1784551851.6049347, "x": 53.38883023950704, "y": 1.4447706851892477e-05, "zone": null, "min_dist": 47.38883023950704}
{"t": 1784551851.7769263, "x": 53.645330239507054, "y": 1.4519587492251807e-05, "zone": null, "min_dist": 47.645330239507054}
{"t": 1784551851.9310298, "x": 53.874830239507084, "y": 1.458390074626784e-05, "zone": null, "min_dist": 47.874830239507084}
{"t": 1784551852.085882, "x": 54.10433023950693, "y": 1.4648213037932428e-05, "zone": null, "min_dist": 48.10433023950693}
{"t": 1784551852.2567573, "x": 54.357830239506974, "y": 1.471924968154545e-05, "zone": null, "min_dist": 48.357830239506974}
{"t": 1784551852.4098375, "x": 54.58733023950695, "y": 1.478355994957783e-05, "zone": null, "min_dist": 48.58733023950695}
{"t": 1784551852.5817492, "x": 54.84233023950684, "y": 1.4855014692975062e-05, "zone": null, "min_dist": 48.84233023950684}
{"t": 1784551852.7359524, "x": 55.07183023950674, "y": 1.4919322961017163e-05, "zone": null, "min_dist": 49.07183023950674}
{"t": 1784551852.8940408, "x": 55.30733023950664, "y": 1.498531148605398e-05, "zone": null, "min_dist": 49.30733023950664}
{"t": 1784551853.0640635, "x": 55.56083023950651, "y": 1.5056342583170715e-05, "zone": null, "min_dist": 49.56083023950651}
{"t": 1784551853.3332884, "x": 55.81883023950653, "y": 1.5128633372437012e-05, "zone": null, "min_dist": 49.81883023950653}
{"t": 1784551853.4888136, "x": 56.192330239506546, "y": 1.5233284735539916e-05, "zone": null, "min_dist": 50.192330239506546}
{"t": 1784551853.643898, "x": 56.42333023950652, "y": 1.529800760007405e-05, "zone": null, "min_dist": 50.42333023950652}
{"t": 1784551853.8018088, "x": 56.65733023950645, "y": 1.536357002914724e-05, "zone": null, "min_dist": 50.65733023950645}
{"t": 1784551853.9729476, "x": 56.91233023950645, "y": 1.5435015130154186e-05, "zone": null, "min_dist": 50.91233023950645}
{"t": 1784551854.1283677, "x": 57.14333023950656, "y": 1.549973496706318e-05, "zone": null, "min_dist": 51.14333023950656}
{"t": 1784551854.2799747, "x": 57.36833023950665, "y": 1.556277283323465e-05, "zone": null, "min_dist": 51.36833023950665}
{"t": 1784551854.4351072, "x": 57.59933023950658, "y": 1.5627490763774662e-05, "zone": null, "min_dist": 51.59933023950658}
{"t": 1784551854.5894687, "x": 57.82883023950664, "y": 1.569178749500076e-05, "zone": null, "min_dist": 51.82883023950664}
{"t": 1784551854.760767, "x": 58.08533023950649, "y": 1.576364740959373e-05, "zone": null, "min_dist": 52.08533023950649}
{"t": 1784551854.9159853, "x": 58.31633023950637, "y": 1.5828362329004234e-05, "zone": null, "min_dist": 52.31633023950637}
{"t": 1784551855.069917, "x": 58.54583023950635, "y": 1.5892656047898925e-05, "zone": null, "min_dist": 52.54583023950635}
{"t": 1784551855.224257, "x": 58.773830239506296, "y": 1.595652859638069e-05, "zone": null, "min_dist": 52.773830239506296}
{"t": 1784551855.379836, "x": 59.006330239506205, "y": 1.6021660815909914e-05, "zone": null, "min_dist": 53.006330239506205}
{"t": 1784551855.5519707, "x": 59.26133023950607, "y": 1.60930950163188e-05, "zone": null, "min_dist": 53.26133023950607}
{"t": 1784551855.7218044, "x": 59.514830239506, "y": 1.616410784071722e-05, "zone": null, "min_dist": 53.514830239506}
{"t": 1784551855.8925383, "x": 59.76833023950588, "y": 1.6235119509285273e-05, "zone": null, "min_dist": 53.76833023950588}
{"t": 1784551856.0622995, "x": 60.02033023950575, "y": 1.6305709816207684e-05, "zone": null, "min_dist": 54.02033023950575}
{"t": 1784551856.2188382, "x": 60.254330239505684, "y": 1.6371256927876475e-05, "zone": null, "min_dist": 54.254330239505684}
{"t": 1784551856.3719068, "x": 60.48233023950569, "y": 1.6435122390790832e-05, "zone": null, "min_dist": 54.48233023950569}
{"t": 1784551856.5410557, "x": 60.73583023950569, "y": 1.6506129606041273e-05, "zone": null, "min_dist": 54.73583023950569}
{"t": 1784551856.7138727, "x": 60.99233023950561, "y": 1.6577975965542426e-05, "zone": null, "min_dist": 54.99233023950561}
{"t": 1784551856.867708, "x": 61.22033023950554, "y": 1.6641838400283554e-05, "zone": null, "min_dist": 55.22033023950554}
{"t": 1784551857.0370255, "x": 61.4723302395055, "y": 1.671242210628254e-05, "zone": null, "min_dist": 55.4723302395055}
{"t": 1784551857.1934154, "x": 61.70483023950557, "y": 1.6777542980493137e-05, "zone": null, "min_dist": 55.70483023950557}
{"t": 1784551857.3480136, "x": 61.93433023950547, "y": 1.6841822624063212e-05, "zone": null, "min_dist": 55.93433023950547}
{"t": 1784551857.5049672, "x": 62.16833023950548, "y": 1.6907361675300056e-05, "zone": null, "min_dist": 56.16833023950548}
{"t": 1784551857.6570082, "x": 62.396330239505595, "y": 1.6971219277866305e-05, "zone": null, "min_dist": 56.396330239505595}
{"t": 1784551857.8118699, "x": 62.62433023950568, "y": 1.7035075932206214e-05, "zone": null, "min_dist": 56.62433023950568}
{"t": 1784551857.9685602, "x": 62.85833023950563, "y": 1.710061203329457e-05, "zone": null, "min_dist": 56.85833023950563}
{"t": 1784551858.122557, "x": 63.08633023950566, "y": 1.7164466758883037e-05, "zone": null, "min_dist": 57.08633023950566}
{"t": 1784551858.2781334, "x": 63.31883023950573, "y": 1.7229580800775242e-05, "zone": null, "min_dist": 57.31883023950573}
{"t": 1784551858.433925, "x": 63.5513302395057, "y": 1.7294693851721484e-05, "zone": null, "min_dist": 57.5513302395057}
{"t": 1784551858.6047187, "x": 63.80333023950578, "y": 1.736526687380575e-05, "zone": null, "min_dist": 57.80333023950578}
{"t": 1784551858.7619367, "x": 64.03733023950579, "y": 1.7430797928478585e-05, "zone": null, "min_dist": 58.03733023950579}
{"t": 1784551858.9173713, "x": 64.26833023950579, "y": 1.7495487862531627e-05, "zone": null, "min_dist": 58.26833023950579}
{"t": 1784551859.0910175, "x": 64.5278302395058, "y": 1.7568157876791916e-05, "zone": null, "min_dist": 58.5278302395058}
{"t": 1784551859.2475739, "x": 64.7603302395058, "y": 1.7633265805285404e-05, "zone": null, "min_dist": 58.760330239505805}
{"t": 1784551859.4219382, "x": 65.01983023950581, "y": 1.7705933501207097e-05, "zone": null, "min_dist": 59.01983023950581}
{"t": 1784551859.5762458, "x": 65.24933023950581, "y": 1.7770199287700655e-05, "zone": null, "min_dist": 59.24933023950581}
{"t": 1784551859.7489674, "x": 65.50733023950583, "y": 1.7842444656138522e-05, "zone": null, "min_dist": 59.50733023950583}
{"t": 1784551859.9019394, "x": 65.73533023950584, "y": 1.7906288401185628e-05, "zone": null, "min_dist": 59.73533023950584}
{"t": 1784551860.0720663, "x": 65.99033023950585, "y": 1.7977691464061936e-05, "zone": null, "min_dist": 59.99033023950585}
{"t": 1784551860.228992, "x": 66.22283023950587, "y": 1.8042793235618213e-05, "zone": null, "min_dist": 60.22283023950587}
{"t": 1784551860.3861437, "x": 66.45533023950587, "y": 1.8107894009412173e-05, "zone": null, "min_dist": 60.45533023950587}
{"t": 1784551860.5418153, "x": 66.68783023950589, "y": 1.8172993786532943e-05, "zone": null, "min_dist": 60.687830239505885}
