Generated 8 trials
Methods: ['geofence']
Scenarios: ['S5']
Seeds: 2 (offset=0, range=s0-s1)
Include sweep: False
Runtime monitoring: False

Trials by scenario: {'S5': 8}
Trials by method: {'geofence': 8}
[2026-07-13 12:23:44] ============================================================
[2026-07-13 12:23:44] Starting Gazebo S1-S5 Experiment
[2026-07-13 12:23:44] ============================================================
[CLEANUP] Starting process cleanup...
[CLEANUP] Complete (killed 0 process groups)
[2026-07-13 12:23:47] [OUTPUT] Writing results to experiment_results/gazebo_s1_s6/results_adaptive_pilot.jsonl
[2026-07-13 12:23:47] 
============================================================
[2026-07-13 12:23:47] Method: geofence
[2026-07-13 12:23:47] ============================================================
[2026-07-13 12:23:47] [WORLD] Starting with empty.sdf for scenarios: ['S5'] (cmd_vel_guard ON)
[DEBUG] restart_with_method called: method=geofence, params={}, world=empty.sdf, guard=True
[SIM] Full restart for method: geofence (world: empty.sdf)
[SIM] Stopping all processes...
[CLEANUP] Starting process cleanup...
[CLEANUP] Complete (killed 0 process groups)
[SIM] All processes stopped
[SIM] Starting Gazebo...
[CLEANUP] Starting process cleanup...
[CLEANUP] Complete (killed 0 process groups)
[SIM] gz sim still alive (1 procs), force-killing PGIDs (attempt 1/5)...
[SIM] gz sim still alive (1 procs), force-killing PGIDs (attempt 2/5)...
[SIM] gz sim still alive (1 procs), force-killing PGIDs (attempt 3/5)...
[SIM] gz sim still alive (1 procs), force-killing PGIDs (attempt 4/5)...
[SIM] gz sim still alive (1 procs), force-killing PGIDs (attempt 5/5)...
[SIM][WARNING] Could not kill all gz sim processes — proceeding anyway
The daemon has been started
[SIM] Waiting for Gazebo (180s)...
[SIM] Gazebo started successfully
[SIM] robot_state_publisher: running
[SIM] Starting odom relay (odom_real → odom)...
[SIM] Odom relay started
[SIM] Starting scan relay (scan_real → scan)...
[SIM] Scan relay started, verifying /scan topic...
[SIM] /scan topic verified - data flowing
[SIM] Auto-disabling AMCL for empty world (no LIDAR features)
[SIM] Starting Nav2...
[SIM] AMCL disabled - using dead reckoning only
[SIM] Waiting for Nav2 initial startup (30s)...
[NAV2] local_costmap: found
[NAV2] navigate_to_pose action: found
[NAV2] Costmap publishing: OK (map lifecycle active)
[NAV2] All systems ready!
[SIM] Final verification: checking navigate_to_pose action...
[SIM] Nav2 started successfully and action server verified!
[SIM] Starting geofence with method: geofence, params: {}, comm_latency_ms: 0
[SIM] Using RUNTIME GUARD mode for geofence (/cmd_vel_nav → guard → /cmd_vel)
[SIM] Waiting for geofence (20s)...
[SIM] Geofence started with method: geofence (cmd_vel_guard: True)
[SIM] Standalone cmd_vel_guard started successfully
[2026-07-13 12:25:38] [GEOFENCE] Restarting geofence (sigma=0.15, v_max=0.5, tau=0.1, eps=0.003, a_max=2.5)...
[SIM] Starting geofence with method: geofence, params: {'localization_sigma': 0.15, 'v_max': 0.5, 'latency': 0.1, 'epsilon': 0.003, 'a_max': 2.5, 'e_0': 0.03, 'c_1': 0.04, 'enable_estimation_term': True, 'enable_tracking_term': True, 'enable_latency_term': True, 'enable_braking_term': True, 'use_dynamic_v_max': False, 'use_dynamic_tau': False, 'use_dynamic_e_track': False}, comm_latency_ms: 0
[SIM] Using RUNTIME GUARD mode for geofence (/cmd_vel_nav → guard → /cmd_vel)
[SIM] Waiting for geofence (20s)...
[SIM] Geofence started with method: geofence (cmd_vel_guard: True)
[SIM] Standalone cmd_vel_guard started successfully
[2026-07-13 12:26:07] 
Trial 1/8: S5_geofence_toctou_persist_0_s0
[2026-07-13 12:26:07]   Goal: (7.00, 1.60)
[2026-07-13 12:26:07]   Adaptive Δ=1.5, spoof removed at decision (transient/TOCTOU)
[2026-07-13 12:26:07] [RESET] Resetting robot pose to origin...
[RESET] Teleporting robot to (0.0, 0.0, θ=0.0)
[RESET] Cancelling any active navigation goals...
[RESET] Stopping robot movement...
[RESET] Waiting for TF to stabilize...
[RESET] AMCL disabled, correcting map→odom TF after teleport...
[WARNING] Could not read odom, TF correction skipped
[WARNING] TF not yet stable, waiting more...
[RESET] Robot pose reset complete
[2026-07-13 12:26:41] [S5] Starting odom_spoofing attack (scale=1.0, offset=(0.0, 1.5))
[ATTACK] Starting odom_spoofing attack with scale=1.0, offset=(0.0, 1.5)
[ATTACK] Stopping odom relay for odom spoofing attack...
[ATTACK] odom_spoofing attack started successfully
[2026-07-13 12:26:47] [S5-TOCTOU] Δy=1.5, true path y@zone=0.914, biased path y@zone=1.557
[2026-07-13 12:26:49] [S5-TOCTOU] Biased odom confirmed: y=1.500 (expected ~1.5)
[TOCTOU] Goal sent, waiting 5.0s for planning decision...
[TOCTOU] Removing odom bias (restoring real odom)...
[2026-07-13 12:26:54] [S5-TOCTOU] Stopping odom bias, restoring real odom...
[ATTACK] Restarting odom relay after odom spoofing attack...
[SIM] Starting odom relay (odom_real → odom)...
[SIM] Odom relay started
[2026-07-13 12:28:13] [S5-TOCTOU] decision=allow, reason=Goal reached successfully (dist=0.20m)
[2026-07-13 12:28:13] [S4] Stopping odom_spoofing attack
[2026-07-13 12:28:13]   Result: allow (PASS)
[2026-07-13 12:28:13]   Reason: Goal reached successfully (dist=0.20m)
[2026-07-13 12:28:13]   Time: 125.4s
[2026-07-13 12:28:13]   Robot moved: True, path_min_dist: 0.62m
[2026-07-13 12:28:13] [HEALTH] Pre-trial restart (every 1 trials, world=empty.sdf)...
[SIM] Stopping all processes...
[CLEANUP] Starting process cleanup...
[CLEANUP] Complete (killed 0 process groups)
[SIM] All processes stopped
[CLEANUP] Starting process cleanup...
[CLEANUP] Complete (killed 0 process groups)
[DEBUG] restart_with_method called: method=geofence, params={}, world=empty.sdf, guard=True
[SIM] Full restart for method: geofence (world: empty.sdf)
[SIM] Stopping all processes...
[CLEANUP] Starting process cleanup...
[CLEANUP] Complete (killed 0 process groups)
[SIM] All processes stopped
[SIM] Starting Gazebo...
[CLEANUP] Starting process cleanup...
[CLEANUP] Complete (killed 0 process groups)
[SIM] gz sim still alive (1 procs), force-killing PGIDs (attempt 1/5)...
[SIM] gz sim still alive (1 procs), force-killing PGIDs (attempt 2/5)...
[SIM] gz sim still alive (1 procs), force-killing PGIDs (attempt 3/5)...
[SIM] gz sim still alive (1 procs), force-killing PGIDs (attempt 4/5)...
[SIM] gz sim still alive (1 procs), force-killing PGIDs (attempt 5/5)...
[SIM][WARNING] Could not kill all gz sim processes — proceeding anyway
The daemon has been started
[SIM] Waiting for Gazebo (180s)...
[SIM] Gazebo started successfully
[SIM] robot_state_publisher: running
[SIM] Starting odom relay (odom_real → odom)...
[SIM] Odom relay started
[SIM] Starting scan relay (scan_real → scan)...
[SIM] Scan relay started, verifying /scan topic...
[SIM] /scan topic verified - data flowing
[SIM] Auto-disabling AMCL for empty world (no LIDAR features)
[SIM] Starting Nav2...
[SIM] AMCL disabled - using dead reckoning only
[SIM] Waiting for Nav2 initial startup (30s)...
[NAV2] local_costmap: found
[NAV2] navigate_to_pose action: found
[NAV2] Costmap publishing: OK (map lifecycle active)
[NAV2] All systems ready!
[SIM] Final verification: checking navigate_to_pose action...
[SIM] Nav2 started successfully and action server verified!
[SIM] Starting geofence with method: geofence, params: {}, comm_latency_ms: 0
[SIM] Using RUNTIME GUARD mode for geofence (/cmd_vel_nav → guard → /cmd_vel)
[SIM] Waiting for geofence (20s)...
[SIM] Geofence started with method: geofence (cmd_vel_guard: True)
[SIM] Standalone cmd_vel_guard started successfully
[2026-07-13 12:30:28] [GEOFENCE] Restarting geofence (sigma=0.15, v_max=0.5, tau=0.1, eps=0.003, a_max=2.5)...
[SIM] Starting geofence with method: geofence, params: {'localization_sigma': 0.15, 'v_max': 0.5, 'latency': 0.1, 'epsilon': 0.003, 'a_max': 2.5, 'e_0': 0.03, 'c_1': 0.04, 'enable_estimation_term': True, 'enable_tracking_term': True, 'enable_latency_term': True, 'enable_braking_term': True, 'use_dynamic_v_max': False, 'use_dynamic_tau': False, 'use_dynamic_e_track': False}, comm_latency_ms: 50
[SIM] Using RUNTIME GUARD mode for geofence (/cmd_vel_nav → guard → /cmd_vel)
[SIM] Waiting for geofence (20s)...
[SIM] Geofence started with method: geofence (cmd_vel_guard: True)
[SIM] Standalone cmd_vel_guard started successfully (comm_latency=50ms)
[2026-07-13 12:30:57] 
Trial 2/8: S5_geofence_toctou_persist_0_s1
[2026-07-13 12:30:57]   Goal: (7.00, 1.60)
[2026-07-13 12:30:57]   Adaptive Δ=1.5, spoof removed at decision (transient/TOCTOU)
[2026-07-13 12:30:57]   Comm latency: 50ms
[2026-07-13 12:30:57] [RESET] Resetting robot pose to origin...
[RESET] Teleporting robot to (0.0, 0.0, θ=0.0)
[RESET] Cancelling any active navigation goals...
[RESET] Stopping robot movement...
[RESET] Waiting for TF to stabilize...
[RESET] AMCL disabled, correcting map→odom TF after teleport...
[RESET] Odom at (-0.00, -0.00, yaw=0.0°), target (0.00, 0.00, yaw=0.0°)
[RESET] TF correction: tx=0.000, ty=-0.000, yaw=-0.0°
[RESET] Static TF republished with yaw correction
[RESET] Robot pose reset complete
[2026-07-13 12:31:29] [S5] Starting odom_spoofing attack (scale=1.0, offset=(0.0, 1.5))
[ATTACK] Starting odom_spoofing attack with scale=1.0, offset=(0.0, 1.5)
[ATTACK] Stopping odom relay for odom spoofing attack...
[ATTACK] odom_spoofing attack started successfully
[2026-07-13 12:31:34] [S5-TOCTOU] Δy=1.5, true path y@zone=0.914, biased path y@zone=1.557
[2026-07-13 12:31:35] [S5-TOCTOU] Biased odom confirmed: y=1.500 (expected ~1.5)
[TOCTOU] Goal sent, waiting 5.0s for planning decision...
[TOCTOU] Removing odom bias (restoring real odom)...
[2026-07-13 12:31:40] [S5-TOCTOU] Stopping odom bias, restoring real odom...
[ATTACK] Restarting odom relay after odom spoofing attack...
[SIM] Starting odom relay (odom_real → odom)...
[SIM] Odom relay started
[2026-07-13 12:34:39] [S5-TOCTOU] decision=timeout, reason=TOCTOU goal timed out after 180s
[2026-07-13 12:34:39] [TIMEOUT→RUNTIME_REJECT] Robot didn't reach zone (path_min=0.45m) — cmd_vel_guard blocked. Skipping retry.
[2026-07-13 12:34:39] [S4] Stopping odom_spoofing attack
[2026-07-13 12:34:39]   Result: runtime_reject (FAIL)
[2026-07-13 12:34:39]   Reason: Runtime guard blocked (timeout, path_min=0.45m)
[2026-07-13 12:34:39]   Time: 221.6s
[2026-07-13 12:34:39]   Robot moved: True, path_min_dist: 0.45m
[2026-07-13 12:34:39] [HEALTH] Pre-trial restart (every 1 trials, world=empty.sdf)...
[SIM] Stopping all processes...
[CLEANUP] Starting process cleanup...
[CLEANUP] Complete (killed 1 process groups)
[SIM] All processes stopped
[CLEANUP] Starting process cleanup...
[CLEANUP] Complete (killed 0 process groups)
[DEBUG] restart_with_method called: method=geofence, params={}, world=empty.sdf, guard=True
[SIM] Full restart for method: geofence (world: empty.sdf)
[SIM] Stopping all processes...
[CLEANUP] Starting process cleanup...
[CLEANUP] Complete (killed 0 process groups)
[SIM] All processes stopped
[SIM] Starting Gazebo...
[CLEANUP] Starting process cleanup...
[CLEANUP] Complete (killed 0 process groups)
[SIM] gz sim still alive (1 procs), force-killing PGIDs (attempt 1/5)...
[SIM] gz sim still alive (1 procs), force-killing PGIDs (attempt 2/5)...
[SIM] gz sim still alive (1 procs), force-killing PGIDs (attempt 3/5)...
[SIM] gz sim still alive (1 procs), force-killing PGIDs (attempt 4/5)...
[SIM] gz sim still alive (1 procs), force-killing PGIDs (attempt 5/5)...
[SIM][WARNING] Could not kill all gz sim processes — proceeding anyway
The daemon has been started
[SIM] Waiting for Gazebo (180s)...
[SIM] Gazebo started successfully
[SIM] robot_state_publisher: running
[SIM] Starting odom relay (odom_real → odom)...
[SIM] Odom relay started
[SIM] Starting scan relay (scan_real → scan)...
[SIM] Scan relay started, verifying /scan topic...
[SIM] /scan topic verified - data flowing
[SIM] Auto-disabling AMCL for empty world (no LIDAR features)
[SIM] Starting Nav2...
[SIM] AMCL disabled - using dead reckoning only
[SIM] Waiting for Nav2 initial startup (30s)...
[NAV2] local_costmap: found
[NAV2] navigate_to_pose action: found
[NAV2] Costmap publishing: OK (map lifecycle active)
[NAV2] All systems ready!
[SIM] Final verification: checking navigate_to_pose action...
[SIM] Nav2 started successfully and action server verified!
[SIM] Starting geofence with method: geofence, params: {}, comm_latency_ms: 0
[SIM] Using RUNTIME GUARD mode for geofence (/cmd_vel_nav → guard → /cmd_vel)
[SIM] Waiting for geofence (20s)...
[SIM] Geofence started with method: geofence (cmd_vel_guard: True)
[SIM] Standalone cmd_vel_guard started successfully
[2026-07-13 12:36:59] [GEOFENCE] Restarting geofence (sigma=0.15, v_max=0.5, tau=0.1, eps=0.003, a_max=2.5)...
[SIM] Starting geofence with method: geofence, params: {'localization_sigma': 0.15, 'v_max': 0.5, 'latency': 0.1, 'epsilon': 0.003, 'a_max': 2.5, 'e_0': 0.03, 'c_1': 0.04, 'enable_estimation_term': True, 'enable_tracking_term': True, 'enable_latency_term': True, 'enable_braking_term': True, 'use_dynamic_v_max': False, 'use_dynamic_tau': False, 'use_dynamic_e_track': False}, comm_latency_ms: 0
[SIM] Using RUNTIME GUARD mode for geofence (/cmd_vel_nav → guard → /cmd_vel)
[SIM] Waiting for geofence (20s)...
[SIM] Geofence started with method: geofence (cmd_vel_guard: True)
[SIM] Standalone cmd_vel_guard started successfully
[2026-07-13 12:37:28] 
Trial 3/8: S5_geofence_toctou_persist_8_s0
[2026-07-13 12:37:28]   Goal: (7.00, 1.60)
[2026-07-13 12:37:28]   Adaptive Δ=1.5, spoof persists 8s into execution
[2026-07-13 12:37:28] [RESET] Resetting robot pose to origin...
[RESET] Teleporting robot to (0.0, 0.0, θ=0.0)
[RESET] Cancelling any active navigation goals...
[RESET] Stopping robot movement...
[RESET] Waiting for TF to stabilize...
[RESET] AMCL disabled, correcting map→odom TF after teleport...
[RESET] Odom at (-0.00, -0.00, yaw=0.0°), target (0.00, 0.00, yaw=0.0°)
[RESET] TF correction: tx=0.000, ty=-0.000, yaw=-0.0°
[RESET] Static TF republished with yaw correction
[RESET] Robot pose reset complete
[2026-07-13 12:37:50] [S5] Starting odom_spoofing attack (scale=1.0, offset=(0.0, 1.5))
[ATTACK] Starting odom_spoofing attack with scale=1.0, offset=(0.0, 1.5)
[ATTACK] Stopping odom relay for odom spoofing attack...
[ATTACK] odom_spoofing attack started successfully
[2026-07-13 12:37:56] [S5-TOCTOU] Δy=1.5, true path y@zone=0.914, biased path y@zone=1.557
[2026-07-13 12:37:58] [S5-TOCTOU] Biased odom confirmed: y=1.500 (expected ~1.5)
[TOCTOU] Goal sent, waiting 5.0s for planning decision...
[TOCTOU] Spoof persists 8.0s into execution before removal...
[TOCTOU] Removing odom bias (restoring real odom)...
[2026-07-13 12:38:11] [S5-TOCTOU] Stopping odom bias, restoring real odom...
[ATTACK] Restarting odom relay after odom spoofing attack...
[SIM] Starting odom relay (odom_real → odom)...
[SIM] Odom relay started
[2026-07-13 12:40:53] [S5-TOCTOU] decision=allow, reason=Goal reached successfully (dist=0.13m)
[2026-07-13 12:40:53] [S4] Stopping odom_spoofing attack
[2026-07-13 12:40:54]   Result: allow (PASS)
[2026-07-13 12:40:54]   Reason: Goal reached successfully (dist=0.13m)
[2026-07-13 12:40:54]   Time: 205.5s
[2026-07-13 12:40:54]   Robot moved: True, path_min_dist: 0.46m
[2026-07-13 12:40:54] [HEALTH] Pre-trial restart (every 1 trials, world=empty.sdf)...
[SIM] Stopping all processes...
[CLEANUP] Starting process cleanup...
[CLEANUP] Complete (killed 1 process groups)
[SIM] All processes stopped
[CLEANUP] Starting process cleanup...
[CLEANUP] Complete (killed 0 process groups)
[DEBUG] restart_with_method called: method=geofence, params={}, world=empty.sdf, guard=True
[SIM] Full restart for method: geofence (world: empty.sdf)
[SIM] Stopping all processes...
[CLEANUP] Starting process cleanup...
[CLEANUP] Complete (killed 0 process groups)
[SIM] All processes stopped
[SIM] Starting Gazebo...
[CLEANUP] Starting process cleanup...
[CLEANUP] Complete (killed 0 process groups)
[SIM] gz sim still alive (1 procs), force-killing PGIDs (attempt 1/5)...
[SIM] gz sim still alive (1 procs), force-killing PGIDs (attempt 2/5)...
[SIM] gz sim still alive (1 procs), force-killing PGIDs (attempt 3/5)...
[SIM] gz sim still alive (1 procs), force-killing PGIDs (attempt 4/5)...
[SIM] gz sim still alive (1 procs), force-killing PGIDs (attempt 5/5)...
[SIM][WARNING] Could not kill all gz sim processes — proceeding anyway
The daemon has been started
[SIM] Waiting for Gazebo (180s)...
[SIM] Gazebo started successfully
[SIM] robot_state_publisher: running
[SIM] Starting odom relay (odom_real → odom)...
[SIM] Odom relay started
[SIM] Starting scan relay (scan_real → scan)...
[SIM] Scan relay started, verifying /scan topic...
[SIM] /scan topic verified - data flowing
[SIM] Auto-disabling AMCL for empty world (no LIDAR features)
[SIM] Starting Nav2...
[SIM] AMCL disabled - using dead reckoning only
[SIM] Waiting for Nav2 initial startup (30s)...
[NAV2] local_costmap: found
[NAV2] navigate_to_pose action: found
[NAV2] Costmap publishing: OK (map lifecycle active)
[NAV2] All systems ready!
[SIM] Final verification: checking navigate_to_pose action...
[SIM] Nav2 started successfully and action server verified!
[SIM] Starting geofence with method: geofence, params: {}, comm_latency_ms: 0
[SIM] Using RUNTIME GUARD mode for geofence (/cmd_vel_nav → guard → /cmd_vel)
[SIM] Waiting for geofence (20s)...
[SIM] Geofence started with method: geofence (cmd_vel_guard: True)
[SIM] Standalone cmd_vel_guard started successfully
[2026-07-13 12:43:11] [GEOFENCE] Restarting geofence (sigma=0.15, v_max=0.5, tau=0.1, eps=0.003, a_max=2.5)...
[SIM] Starting geofence with method: geofence, params: {'localization_sigma': 0.15, 'v_max': 0.5, 'latency': 0.1, 'epsilon': 0.003, 'a_max': 2.5, 'e_0': 0.03, 'c_1': 0.04, 'enable_estimation_term': True, 'enable_tracking_term': True, 'enable_latency_term': True, 'enable_braking_term': True, 'use_dynamic_v_max': False, 'use_dynamic_tau': False, 'use_dynamic_e_track': False}, comm_latency_ms: 50
[SIM] Using RUNTIME GUARD mode for geofence (/cmd_vel_nav → guard → /cmd_vel)
[SIM] Waiting for geofence (20s)...
[SIM] Geofence started with method: geofence (cmd_vel_guard: True)
[SIM] Standalone cmd_vel_guard started successfully (comm_latency=50ms)
[2026-07-13 12:43:41] 
Trial 4/8: S5_geofence_toctou_persist_8_s1
[2026-07-13 12:43:41]   Goal: (7.00, 1.60)
[2026-07-13 12:43:41]   Adaptive Δ=1.5, spoof persists 8s into execution
[2026-07-13 12:43:41]   Comm latency: 50ms
[2026-07-13 12:43:41] [RESET] Resetting robot pose to origin...
[RESET] Teleporting robot to (0.0, 0.0, θ=0.0)
[RESET] Cancelling any active navigation goals...
[RESET] Stopping robot movement...
[RESET] Waiting for TF to stabilize...
[RESET] AMCL disabled, correcting map→odom TF after teleport...
[RESET] Odom at (-0.00, -0.00, yaw=0.0°), target (0.00, 0.00, yaw=0.0°)
[RESET] TF correction: tx=0.000, ty=-0.000, yaw=-0.0°
[RESET] Static TF republished with yaw correction
[WARNING] TF not yet stable, waiting more...
[RESET] Robot pose reset complete
[2026-07-13 12:44:14] [S5] Starting odom_spoofing attack (scale=1.0, offset=(0.0, 1.5))
[ATTACK] Starting odom_spoofing attack with scale=1.0, offset=(0.0, 1.5)
[ATTACK] Stopping odom relay for odom spoofing attack...
[ATTACK] odom_spoofing attack started successfully
[2026-07-13 12:44:20] [S5-TOCTOU] Δy=1.5, true path y@zone=0.914, biased path y@zone=1.557
[2026-07-13 12:44:21] [S5-TOCTOU] Biased odom confirmed: y=1.500 (expected ~1.5)
[TOCTOU] Goal sent, waiting 5.0s for planning decision...
[TOCTOU] Spoof persists 8.0s into execution before removal...
[TOCTOU] Removing odom bias (restoring real odom)...
[2026-07-13 12:44:34] [S5-TOCTOU] Stopping odom bias, restoring real odom...
[ATTACK] Restarting odom relay after odom spoofing attack...
[SIM] Starting odom relay (odom_real → odom)...
[SIM] Odom relay started
[2026-07-13 12:47:20] [S5-TOCTOU] decision=allow, reason=Goal reached successfully (dist=0.19m)
[2026-07-13 12:47:20] [S4] Stopping odom_spoofing attack
[2026-07-13 12:47:20]   Result: allow (PASS)
[2026-07-13 12:47:20]   Reason: Goal reached successfully (dist=0.19m)
[2026-07-13 12:47:20]   Time: 219.6s
[2026-07-13 12:47:20]   Robot moved: True, path_min_dist: 0.48m
[2026-07-13 12:47:20] [HEALTH] Pre-trial restart (every 1 trials, world=empty.sdf)...
[SIM] Stopping all processes...
[CLEANUP] Starting process cleanup...
[CLEANUP] Complete (killed 1 process groups)
[SIM] All processes stopped
[CLEANUP] Starting process cleanup...
[CLEANUP] Complete (killed 0 process groups)
[DEBUG] restart_with_method called: method=geofence, params={}, world=empty.sdf, guard=True
[SIM] Full restart for method: geofence (world: empty.sdf)
[SIM] Stopping all processes...
[CLEANUP] Starting process cleanup...
[CLEANUP] Complete (killed 0 process groups)
[SIM] All processes stopped
[SIM] Starting Gazebo...
[CLEANUP] Starting process cleanup...
[CLEANUP] Complete (killed 0 process groups)
[SIM] gz sim still alive (1 procs), force-killing PGIDs (attempt 1/5)...
[SIM] gz sim still alive (1 procs), force-killing PGIDs (attempt 2/5)...
[SIM] gz sim still alive (1 procs), force-killing PGIDs (attempt 3/5)...
[SIM] gz sim still alive (1 procs), force-killing PGIDs (attempt 4/5)...
[SIM] gz sim still alive (1 procs), force-killing PGIDs (attempt 5/5)...
[SIM][WARNING] Could not kill all gz sim processes — proceeding anyway
The daemon has been started
[SIM] Waiting for Gazebo (180s)...
[SIM] Gazebo started successfully
[SIM] robot_state_publisher: running
[SIM] Starting odom relay (odom_real → odom)...
[SIM] Odom relay started
[SIM] Starting scan relay (scan_real → scan)...
[SIM] Scan relay started, verifying /scan topic...
[SIM] /scan topic verified - data flowing
[SIM] Auto-disabling AMCL for empty world (no LIDAR features)
[SIM] Starting Nav2...
[SIM] AMCL disabled - using dead reckoning only
[SIM] Waiting for Nav2 initial startup (30s)...
[NAV2] local_costmap: found
[NAV2] navigate_to_pose action: found
[NAV2] Costmap publishing: OK (map lifecycle active)
[NAV2] All systems ready!
[SIM] Final verification: checking navigate_to_pose action...
[SIM] Nav2 started successfully and action server verified!
[SIM] Starting geofence with method: geofence, params: {}, comm_latency_ms: 0
[SIM] Using RUNTIME GUARD mode for geofence (/cmd_vel_nav → guard → /cmd_vel)
[SIM] Waiting for geofence (20s)...
[SIM] Geofence started with method: geofence (cmd_vel_guard: True)
[SIM] Standalone cmd_vel_guard started successfully
[2026-07-13 12:49:38] [GEOFENCE] Restarting geofence (sigma=0.15, v_max=0.5, tau=0.1, eps=0.003, a_max=2.5)...
[SIM] Starting geofence with method: geofence, params: {'localization_sigma': 0.15, 'v_max': 0.5, 'latency': 0.1, 'epsilon': 0.003, 'a_max': 2.5, 'e_0': 0.03, 'c_1': 0.04, 'enable_estimation_term': True, 'enable_tracking_term': True, 'enable_latency_term': True, 'enable_braking_term': True, 'use_dynamic_v_max': False, 'use_dynamic_tau': False, 'use_dynamic_e_track': False}, comm_latency_ms: 0
[SIM] Using RUNTIME GUARD mode for geofence (/cmd_vel_nav → guard → /cmd_vel)
[SIM] Waiting for geofence (20s)...
[SIM] Geofence started with method: geofence (cmd_vel_guard: True)
[SIM] Standalone cmd_vel_guard started successfully
[2026-07-13 12:50:07] 
Trial 5/8: S5_geofence_toctou_persist_16_s0
[2026-07-13 12:50:07]   Goal: (7.00, 1.60)
[2026-07-13 12:50:07]   Adaptive Δ=1.5, spoof persists 16s into execution
[2026-07-13 12:50:07] [RESET] Resetting robot pose to origin...
[RESET] Teleporting robot to (0.0, 0.0, θ=0.0)
[RESET] Cancelling any active navigation goals...
[RESET] Stopping robot movement...
[RESET] Waiting for TF to stabilize...
[RESET] AMCL disabled, correcting map→odom TF after teleport...
[RESET] Odom at (-0.00, -0.00, yaw=0.0°), target (0.00, 0.00, yaw=0.0°)
[RESET] TF correction: tx=0.000, ty=-0.000, yaw=-0.0°
[RESET] Static TF republished with yaw correction
[RESET] Robot pose reset complete
[2026-07-13 12:50:38] [S5] Starting odom_spoofing attack (scale=1.0, offset=(0.0, 1.5))
[ATTACK] Starting odom_spoofing attack with scale=1.0, offset=(0.0, 1.5)
[ATTACK] Stopping odom relay for odom spoofing attack...
[ATTACK] odom_spoofing attack started successfully
[2026-07-13 12:50:44] [S5-TOCTOU] Δy=1.5, true path y@zone=0.914, biased path y@zone=1.557
[2026-07-13 12:50:45] [S5-TOCTOU] Biased odom confirmed: y=1.500 (expected ~1.5)
[TOCTOU] Goal sent, waiting 5.0s for planning decision...
[TOCTOU] Spoof persists 16.0s into execution before removal...
[TOCTOU] Removing odom bias (restoring real odom)...
[2026-07-13 12:51:06] [S5-TOCTOU] Stopping odom bias, restoring real odom...
[ATTACK] Restarting odom relay after odom spoofing attack...
[SIM] Starting odom relay (odom_real → odom)...
[SIM] Odom relay started
[2026-07-13 12:53:49] [S5-TOCTOU] decision=timeout, reason=TOCTOU goal timed out after 180s
[2026-07-13 12:53:49] [VIOLATION] Robot entered forbidden zone(s): forbidden_zone (978 samples, 162.14s)
[2026-07-13 12:53:49] [S4] Stopping odom_spoofing attack
[2026-07-13 12:53:49]   Result: timeout (FAIL)
[2026-07-13 12:53:49]   Reason: TOCTOU goal timed out after 180s
[2026-07-13 12:53:49]   Time: 221.5s
[2026-07-13 12:53:49]   Robot moved: True, path_min_dist: 0.00m
[CHECKPOINT] Saved at trial 5/8
[2026-07-13 12:53:49] [HEALTH] Pre-trial restart (every 1 trials, world=empty.sdf)...
[SIM] Stopping all processes...
[CLEANUP] Starting process cleanup...
[CLEANUP] Complete (killed 1 process groups)
[SIM] All processes stopped
[CLEANUP] Starting process cleanup...
[CLEANUP] Complete (killed 0 process groups)
[DEBUG] restart_with_method called: method=geofence, params={}, world=empty.sdf, guard=True
[SIM] Full restart for method: geofence (world: empty.sdf)
[SIM] Stopping all processes...
[CLEANUP] Starting process cleanup...
[CLEANUP] Complete (killed 0 process groups)
[SIM] All processes stopped
[SIM] Starting Gazebo...
[CLEANUP] Starting process cleanup...
[CLEANUP] Complete (killed 0 process groups)
[SIM] gz sim still alive (1 procs), force-killing PGIDs (attempt 1/5)...
[SIM] gz sim still alive (1 procs), force-killing PGIDs (attempt 2/5)...
[SIM] gz sim still alive (1 procs), force-killing PGIDs (attempt 3/5)...
[SIM] gz sim still alive (1 procs), force-killing PGIDs (attempt 4/5)...
[SIM] gz sim still alive (1 procs), force-killing PGIDs (attempt 5/5)...
[SIM][WARNING] Could not kill all gz sim processes — proceeding anyway
The daemon has been started
[SIM] Waiting for Gazebo (180s)...
[SIM] Gazebo started successfully
[SIM] robot_state_publisher: running
[SIM] Starting odom relay (odom_real → odom)...
[SIM] Odom relay started
[SIM] Starting scan relay (scan_real → scan)...
[SIM] Scan relay started, verifying /scan topic...
[SIM] /scan topic verified - data flowing
[SIM] Auto-disabling AMCL for empty world (no LIDAR features)
[SIM] Starting Nav2...
[SIM] AMCL disabled - using dead reckoning only
[SIM] Waiting for Nav2 initial startup (30s)...
[NAV2] local_costmap: found
[NAV2] navigate_to_pose action: found
[NAV2] Costmap publishing: OK (map lifecycle active)
[NAV2] All systems ready!
[SIM] Final verification: checking navigate_to_pose action...
[SIM] Nav2 started successfully and action server verified!
[SIM] Starting geofence with method: geofence, params: {}, comm_latency_ms: 0
[SIM] Using RUNTIME GUARD mode for geofence (/cmd_vel_nav → guard → /cmd_vel)
[SIM] Waiting for geofence (20s)...
[SIM] Geofence started with method: geofence (cmd_vel_guard: True)
[SIM] Standalone cmd_vel_guard started successfully
[2026-07-13 12:56:07] [GEOFENCE] Restarting geofence (sigma=0.15, v_max=0.5, tau=0.1, eps=0.003, a_max=2.5)...
[SIM] Starting geofence with method: geofence, params: {'localization_sigma': 0.15, 'v_max': 0.5, 'latency': 0.1, 'epsilon': 0.003, 'a_max': 2.5, 'e_0': 0.03, 'c_1': 0.04, 'enable_estimation_term': True, 'enable_tracking_term': True, 'enable_latency_term': True, 'enable_braking_term': True, 'use_dynamic_v_max': False, 'use_dynamic_tau': False, 'use_dynamic_e_track': False}, comm_latency_ms: 50
[SIM] Using RUNTIME GUARD mode for geofence (/cmd_vel_nav → guard → /cmd_vel)
[SIM] Waiting for geofence (20s)...
[SIM] Geofence started with method: geofence (cmd_vel_guard: True)
[SIM] Standalone cmd_vel_guard started successfully (comm_latency=50ms)
[2026-07-13 12:56:36] 
Trial 6/8: S5_geofence_toctou_persist_16_s1
[2026-07-13 12:56:36]   Goal: (7.00, 1.60)
[2026-07-13 12:56:36]   Adaptive Δ=1.5, spoof persists 16s into execution
[2026-07-13 12:56:36]   Comm latency: 50ms
[2026-07-13 12:56:36] [RESET] Resetting robot pose to origin...
[RESET] Teleporting robot to (0.0, 0.0, θ=0.0)
[RESET] Cancelling any active navigation goals...
[RESET] Stopping robot movement...
[RESET] Waiting for TF to stabilize...
[RESET] AMCL disabled, correcting map→odom TF after teleport...
[RESET] Odom at (-0.00, -0.00, yaw=0.0°), target (0.00, 0.00, yaw=0.0°)
[RESET] TF correction: tx=0.000, ty=-0.000, yaw=-0.0°
[RESET] Static TF republished with yaw correction
[RESET] Robot pose reset complete
[2026-07-13 12:57:11] [S5] Starting odom_spoofing attack (scale=1.0, offset=(0.0, 1.5))
[ATTACK] Starting odom_spoofing attack with scale=1.0, offset=(0.0, 1.5)
[ATTACK] Stopping odom relay for odom spoofing attack...
[ATTACK] odom_spoofing attack started successfully
[2026-07-13 12:57:17] [S5-TOCTOU] Δy=1.5, true path y@zone=0.914, biased path y@zone=1.557
[2026-07-13 12:57:18] [S5-TOCTOU] Biased odom confirmed: y=1.500 (expected ~1.5)
[TOCTOU] Goal sent, waiting 5.0s for planning decision...
[TOCTOU] Spoof persists 16.0s into execution before removal...
[TOCTOU] Removing odom bias (restoring real odom)...
[2026-07-13 12:57:39] [S5-TOCTOU] Stopping odom bias, restoring real odom...
[ATTACK] Restarting odom relay after odom spoofing attack...
[SIM] Starting odom relay (odom_real → odom)...
[SIM] Odom relay started
[2026-07-13 13:00:21] [S5-TOCTOU] decision=timeout, reason=TOCTOU goal timed out after 180s
[2026-07-13 13:00:21] [VIOLATION] Robot entered forbidden zone(s): forbidden_zone (965 samples, 159.05s)
[2026-07-13 13:00:21] [S4] Stopping odom_spoofing attack
[2026-07-13 13:00:21]   Result: timeout (FAIL)
[2026-07-13 13:00:21]   Reason: TOCTOU goal timed out after 180s
[2026-07-13 13:00:21]   Time: 225.4s
[2026-07-13 13:00:21]   Robot moved: True, path_min_dist: 0.00m
[2026-07-13 13:00:21] [HEALTH] Pre-trial restart (every 1 trials, world=empty.sdf)...
[SIM] Stopping all processes...
[CLEANUP] Starting process cleanup...
[CLEANUP] Complete (killed 1 process groups)
[SIM] All processes stopped
[CLEANUP] Starting process cleanup...
[CLEANUP] Complete (killed 0 process groups)
[DEBUG] restart_with_method called: method=geofence, params={}, world=empty.sdf, guard=True
[SIM] Full restart for method: geofence (world: empty.sdf)
[SIM] Stopping all processes...
[CLEANUP] Starting process cleanup...
[CLEANUP] Complete (killed 0 process groups)
[SIM] All processes stopped
[SIM] Starting Gazebo...
[CLEANUP] Starting process cleanup...
[CLEANUP] Complete (killed 0 process groups)
[SIM] gz sim still alive (1 procs), force-killing PGIDs (attempt 1/5)...
[SIM] gz sim still alive (1 procs), force-killing PGIDs (attempt 2/5)...
[SIM] gz sim still alive (1 procs), force-killing PGIDs (attempt 3/5)...
[SIM] gz sim still alive (1 procs), force-killing PGIDs (attempt 4/5)...
[SIM] gz sim still alive (1 procs), force-killing PGIDs (attempt 5/5)...
[SIM][WARNING] Could not kill all gz sim processes — proceeding anyway
The daemon has been started
[SIM] Waiting for Gazebo (180s)...
[SIM] Gazebo started successfully
[SIM] robot_state_publisher: running
[SIM] Starting odom relay (odom_real → odom)...
[SIM] Odom relay started
[SIM] Starting scan relay (scan_real → scan)...
[SIM] Scan relay started, verifying /scan topic...
[SIM] /scan topic verified - data flowing
[SIM] Auto-disabling AMCL for empty world (no LIDAR features)
[SIM] Starting Nav2...
[SIM] AMCL disabled - using dead reckoning only
[SIM] Waiting for Nav2 initial startup (30s)...
[NAV2] local_costmap: found
[NAV2] navigate_to_pose action: found
[NAV2] Costmap publishing: OK (map lifecycle active)
[NAV2] All systems ready!
[SIM] Final verification: checking navigate_to_pose action...
[SIM] Nav2 started successfully and action server verified!
[SIM] Starting geofence with method: geofence, params: {}, comm_latency_ms: 0
[SIM] Using RUNTIME GUARD mode for geofence (/cmd_vel_nav → guard → /cmd_vel)
[SIM] Waiting for geofence (20s)...
[SIM] Geofence started with method: geofence (cmd_vel_guard: True)
[SIM] Standalone cmd_vel_guard started successfully
[2026-07-13 13:02:37] [GEOFENCE] Restarting geofence (sigma=0.15, v_max=0.5, tau=0.1, eps=0.003, a_max=2.5)...
[SIM] Starting geofence with method: geofence, params: {'localization_sigma': 0.15, 'v_max': 0.5, 'latency': 0.1, 'epsilon': 0.003, 'a_max': 2.5, 'e_0': 0.03, 'c_1': 0.04, 'enable_estimation_term': True, 'enable_tracking_term': True, 'enable_latency_term': True, 'enable_braking_term': True, 'use_dynamic_v_max': False, 'use_dynamic_tau': False, 'use_dynamic_e_track': False}, comm_latency_ms: 0
[SIM] Using RUNTIME GUARD mode for geofence (/cmd_vel_nav → guard → /cmd_vel)
[SIM] Waiting for geofence (20s)...
[SIM] Geofence started with method: geofence (cmd_vel_guard: True)
[SIM] Standalone cmd_vel_guard started successfully
[2026-07-13 13:03:06] 
Trial 7/8: S5_geofence_toctou_persist_full_s0
[2026-07-13 13:03:06]   Goal: (7.00, 1.60)
[2026-07-13 13:03:06]   Adaptive Δ=1.5, spoof never removed (fully persistent)
[2026-07-13 13:03:06] [RESET] Resetting robot pose to origin...
[RESET] Teleporting robot to (0.0, 0.0, θ=0.0)
[RESET] Cancelling any active navigation goals...
[RESET] Stopping robot movement...
[RESET] Waiting for TF to stabilize...
[RESET] AMCL disabled, correcting map→odom TF after teleport...
[RESET] Odom at (-0.00, -0.00, yaw=0.0°), target (0.00, 0.00, yaw=0.0°)
[RESET] TF correction: tx=0.000, ty=-0.000, yaw=-0.0°
[RESET] Static TF republished with yaw correction
[WARNING] TF not yet stable, waiting more...
[RESET] Robot pose reset complete
[2026-07-13 13:03:33] [S5] Starting odom_spoofing attack (scale=1.0, offset=(0.0, 1.5))
[ATTACK] Starting odom_spoofing attack with scale=1.0, offset=(0.0, 1.5)
[ATTACK] Stopping odom relay for odom spoofing attack...
[ATTACK] odom_spoofing attack started successfully
[2026-07-13 13:03:39] [S5-TOCTOU] Δy=1.5, true path y@zone=0.914, biased path y@zone=1.557
[2026-07-13 13:03:40] [S5-TOCTOU] Biased odom confirmed: y=1.500 (expected ~1.5)
[TOCTOU] Goal sent, waiting 5.0s for planning decision...
[TOCTOU] Persistent spoof: bias NOT removed (adaptive attacker keeps spoofing).
[2026-07-13 13:04:18] [S5-TOCTOU] decision=allow, reason=Goal reached successfully (dist=0.16m)
[2026-07-13 13:04:18] [VIOLATION] Robot entered forbidden zone(s): forbidden_zone (52 samples, 8.62s)
[2026-07-13 13:04:18] [S4] Stopping odom_spoofing attack
[ATTACK] Restarting odom relay after odom spoofing attack...
[SIM] Starting odom relay (odom_real → odom)...
[SIM] Odom relay started
[2026-07-13 13:04:21]   Result: allow (FAIL)
[2026-07-13 13:04:21]   Reason: Goal reached successfully (dist=0.16m)
[2026-07-13 13:04:21]   Time: 75.0s
[2026-07-13 13:04:21]   Robot moved: True, path_min_dist: 0.00m
[2026-07-13 13:04:21] [HEALTH] Pre-trial restart (every 1 trials, world=empty.sdf)...
[SIM] Stopping all processes...
[CLEANUP] Starting process cleanup...
[CLEANUP] Complete (killed 1 process groups)
[SIM] All processes stopped
[CLEANUP] Starting process cleanup...
[CLEANUP] Complete (killed 0 process groups)
[DEBUG] restart_with_method called: method=geofence, params={}, world=empty.sdf, guard=True
[SIM] Full restart for method: geofence (world: empty.sdf)
[SIM] Stopping all processes...
[CLEANUP] Starting process cleanup...
[CLEANUP] Complete (killed 0 process groups)
[SIM] All processes stopped
[SIM] Starting Gazebo...
[CLEANUP] Starting process cleanup...
[CLEANUP] Complete (killed 0 process groups)
[SIM] gz sim still alive (1 procs), force-killing PGIDs (attempt 1/5)...
[SIM] gz sim still alive (1 procs), force-killing PGIDs (attempt 2/5)...
[SIM] gz sim still alive (1 procs), force-killing PGIDs (attempt 3/5)...
[SIM] gz sim still alive (1 procs), force-killing PGIDs (attempt 4/5)...
[SIM] gz sim still alive (1 procs), force-killing PGIDs (attempt 5/5)...
[SIM][WARNING] Could not kill all gz sim processes — proceeding anyway
The daemon has been started
[SIM] Waiting for Gazebo (180s)...
[SIM] Gazebo started successfully
[SIM] robot_state_publisher: running
[SIM] Starting odom relay (odom_real → odom)...
[SIM] Odom relay started
[SIM] Starting scan relay (scan_real → scan)...
[SIM] Scan relay started, verifying /scan topic...
[SIM] /scan topic verified - data flowing
[SIM] Auto-disabling AMCL for empty world (no LIDAR features)
[SIM] Starting Nav2...
[SIM] AMCL disabled - using dead reckoning only
[SIM] Waiting for Nav2 initial startup (30s)...
[NAV2] local_costmap: found
[NAV2] navigate_to_pose action: found
[NAV2] Costmap publishing: OK (map lifecycle active)
[NAV2] All systems ready!
[SIM] Final verification: checking navigate_to_pose action...
[SIM] Nav2 started successfully and action server verified!
[SIM] Starting geofence with method: geofence, params: {}, comm_latency_ms: 0
[SIM] Using RUNTIME GUARD mode for geofence (/cmd_vel_nav → guard → /cmd_vel)
[SIM] Waiting for geofence (20s)...
[SIM] Geofence started with method: geofence (cmd_vel_guard: True)
[SIM] Standalone cmd_vel_guard started successfully
[2026-07-13 13:06:42] [GEOFENCE] Restarting geofence (sigma=0.15, v_max=0.5, tau=0.1, eps=0.003, a_max=2.5)...
[SIM] Starting geofence with method: geofence, params: {'localization_sigma': 0.15, 'v_max': 0.5, 'latency': 0.1, 'epsilon': 0.003, 'a_max': 2.5, 'e_0': 0.03, 'c_1': 0.04, 'enable_estimation_term': True, 'enable_tracking_term': True, 'enable_latency_term': True, 'enable_braking_term': True, 'use_dynamic_v_max': False, 'use_dynamic_tau': False, 'use_dynamic_e_track': False}, comm_latency_ms: 50
[SIM] Using RUNTIME GUARD mode for geofence (/cmd_vel_nav → guard → /cmd_vel)
[SIM] Waiting for geofence (20s)...
[SIM] Geofence started with method: geofence (cmd_vel_guard: True)
[SIM] Standalone cmd_vel_guard started successfully (comm_latency=50ms)
[2026-07-13 13:07:11] 
Trial 8/8: S5_geofence_toctou_persist_full_s1
[2026-07-13 13:07:11]   Goal: (7.00, 1.60)
[2026-07-13 13:07:11]   Adaptive Δ=1.5, spoof never removed (fully persistent)
[2026-07-13 13:07:11]   Comm latency: 50ms
[2026-07-13 13:07:11] [RESET] Resetting robot pose to origin...
[RESET] Teleporting robot to (0.0, 0.0, θ=0.0)
[RESET] Cancelling any active navigation goals...
[RESET] Stopping robot movement...
[RESET] Waiting for TF to stabilize...
[RESET] AMCL disabled, correcting map→odom TF after teleport...
[RESET] Odom at (-0.00, -0.00, yaw=0.0°), target (0.00, 0.00, yaw=0.0°)
[RESET] TF correction: tx=0.000, ty=-0.000, yaw=-0.0°
[RESET] Static TF republished with yaw correction
[RESET] Robot pose reset complete
[2026-07-13 13:07:44] [S5] Starting odom_spoofing attack (scale=1.0, offset=(0.0, 1.5))
[ATTACK] Starting odom_spoofing attack with scale=1.0, offset=(0.0, 1.5)
[ATTACK] Stopping odom relay for odom spoofing attack...
[ATTACK] odom_spoofing attack started successfully
[2026-07-13 13:07:49] [S5-TOCTOU] Δy=1.5, true path y@zone=0.914, biased path y@zone=1.557
[2026-07-13 13:07:50] [S5-TOCTOU] Biased odom confirmed: y=1.500 (expected ~1.5)
[TOCTOU] Goal sent, waiting 5.0s for planning decision...
[TOCTOU] Persistent spoof: bias NOT removed (adaptive attacker keeps spoofing).
[2026-07-13 13:08:31] [S5-TOCTOU] decision=allow, reason=Goal reached successfully (dist=0.16m)
[2026-07-13 13:08:31] [VIOLATION] Robot entered forbidden zone(s): forbidden_zone (68 samples, 11.12s)
[2026-07-13 13:08:31] [S4] Stopping odom_spoofing attack
[ATTACK] Restarting odom relay after odom spoofing attack...
[SIM] Starting odom relay (odom_real → odom)...
[SIM] Odom relay started
[2026-07-13 13:08:35]   Result: allow (FAIL)
[2026-07-13 13:08:35]   Reason: Goal reached successfully (dist=0.16m)
[2026-07-13 13:08:35]   Time: 83.4s
[2026-07-13 13:08:35]   Robot moved: True, path_min_dist: 0.00m
[SIM] Stopping all processes...
[CLEANUP] Starting process cleanup...
[CLEANUP] Complete (killed 1 process groups)
[SIM] All processes stopped
[2026-07-13 13:08:49] 
================================================================================
[2026-07-13 13:08:49] CONFUSION MATRIX SUMMARY BY METHOD
[2026-07-13 13:08:49] ================================================================================

Method         Total   TP   FP   TN   FN INFRA   Prec    Rec     F1     VR     Hz  Lat(ms)
------------------------------------------------------------------------------------------
geofence           8    1    0    0    7     0  1.00  0.12  0.22  50.0%   6.0 133504.4
[2026-07-13 13:08:49] 
--------------------------------------------------------------------------------
[2026-07-13 13:08:49] BOOTSTRAP 95% CONFIDENCE INTERVALS
[2026-07-13 13:08:49] --------------------------------------------------------------------------------

Method                  Prec CI           Rec CI            F1 CI            VR CI
----------------------------------------------------------------------------------
geofence       [0.00,1.00]  [0.00,0.38]  [0.00,0.55]  [12.5,87.5]%
[2026-07-13 13:08:49] 
--------------------------------------------------------------------------------
[2026-07-13 13:08:49] GEOFENCE MARGIN ANALYSIS
[2026-07-13 13:08:49] Geofence margin = k_sigma * sigma_loc + e_track + v_max * tau = 3 * 0.15 + 0.05 + 0.5 * 0.1 = 0.55m. Expanded zone y_max = 1.0 + 0.55 = 1.55m. S3 clip_boundary (7,1.2): at x=4, y=0.69 (in zone); at x=5.83, y=1.0 (exits zone). Path clips zone upper boundary.
[2026-07-13 13:08:49] 
============================================================
[2026-07-13 13:08:49] Experiment Complete!
[2026-07-13 13:08:49] ============================================================
