Generated 1 trials
Methods: ['no_guard']
Scenarios: ['S5']
Seeds: 1 (offset=0, range=s0-s0)
Include sweep: False
Runtime monitoring: False

Trials by scenario: {'S5': 1}
Trials by method: {'no_guard': 1}
[2026-07-13 16:25:42] ============================================================
[2026-07-13 16:25:42] Starting Gazebo S1-S5 Experiment
[2026-07-13 16:25:42] ============================================================
[CLEANUP] Starting process cleanup...
[CLEANUP] Complete (killed 0 process groups)
[2026-07-13 16:25:46] [OUTPUT] Writing results to experiment_results/gazebo_s1_s6/results_char_clean.jsonl
[2026-07-13 16:25:46] 
============================================================
[2026-07-13 16:25:46] Method: no_guard
[2026-07-13 16:25:46] ============================================================
[2026-07-13 16:25:46] [WORLD] Starting with warehouse.sdf for scenarios: ['S5']
[DEBUG] restart_with_method called: method=no_guard, params={}, world=warehouse.sdf, guard=False
[SIM] Full restart for method: no_guard (world: warehouse.sdf)
[SIM] Stopping all processes...
[CLEANUP] Starting process cleanup...
[CLEANUP] Complete (killed 0 process groups)
[SIM] All processes stopped
[SIM] Starting Gazebo...
[CLEANUP] Starting process cleanup...
[CLEANUP] Complete (killed 0 process groups)
[SIM] gz sim still alive (1 procs), force-killing PGIDs (attempt 1/5)...
[SIM] gz sim still alive (1 procs), force-killing PGIDs (attempt 2/5)...
[SIM] gz sim still alive (1 procs), force-killing PGIDs (attempt 3/5)...
[SIM] gz sim still alive (1 procs), force-killing PGIDs (attempt 4/5)...
[SIM] gz sim still alive (1 procs), force-killing PGIDs (attempt 5/5)...
[SIM][WARNING] Could not kill all gz sim processes — proceeding anyway
The daemon has been started
[SIM] Waiting for Gazebo (180s)...
[SIM] Gazebo started successfully
[SIM] robot_state_publisher: running
[SIM] Starting odom relay (odom_real → odom)...
[SIM] Odom relay started
[SIM] Starting scan relay (scan_real → scan)...
[SIM] Scan relay started, verifying /scan topic...
[SIM] /scan topic verified - data flowing
[SIM] Starting Nav2...
[SIM] Waiting for Nav2 initial startup (30s)...
[NAV2] local_costmap: found
[NAV2] navigate_to_pose action: found
[NAV2] Waiting for lifecycle activation... (17s)
[NAV2] Waiting for lifecycle activation... (35s)
[NAV2] Waiting for lifecycle activation... (53s)
[NAV2] Timeout waiting for Nav2 to be ready
[NAV2] Auto-activation timed out, trying manual lifecycle activation...
[NAV2] /planner_server lifecycle not active: unconfigured [1]
[NAV2] Functional verification attempt 1/2 failed, retrying in 5s...
[NAV2] /planner_server lifecycle not active: unconfigured [1]
[NAV2] Attempting manual lifecycle activation...
[NAV2] /planner_server is unconfigured, attempting configure...
[NAV2] /planner_server attempting activate...
[NAV2] /planner_server manually activated successfully
[NAV2] /bt_navigator is unconfigured, attempting configure...
[NAV2] /bt_navigator attempting activate...
[NAV2] /bt_navigator manually activated successfully
[NAV2] Manual lifecycle activation successful, action server responding
[NAV2] Manual activation succeeded!
[SIM] Final verification: checking navigate_to_pose action...
[SIM] Nav2 started successfully and action server verified!
[SIM] Starting geofence with method: no_guard, params: {}, comm_latency_ms: 0
[SIM] Waiting for geofence (20s)...
[SIM] Geofence started with method: no_guard (cmd_vel_guard: False)
[SIM] cmd_vel_guard disabled, starting cmd_vel relay for navigation...
[SIM] Starting cmd_vel relay (cmd_vel_nav → cmd_vel)...
[SIM] cmd_vel relay started
[2026-07-13 16:29:33] 
Trial 1/1: S5_no_guard_warehouse_baseline_s0
[2026-07-13 16:29:33]   Goal: (0.00, 7.00)
[2026-07-13 16:29:33]   Warehouse no-attack: drive Gazebo+X through zone x[4,6] (map goal (0,7)=Gazebo(7,0)); calibrates the clean path
[2026-07-13 16:29:33] [RESET] Resetting robot pose to origin...
[RESET] Teleporting robot to (0.0, 0.0, θ=0.0)
[RESET] Cancelling any active navigation goals...
[RESET] Stopping robot movement...
[RESET] Waiting for TF to stabilize...
[RESET] Setting AMCL initial pose...
[RESET] Waiting for AMCL convergence...
[RESET] AMCL converged: (0.00, 0.00), error: 0.00m
[RESET] Robot pose reset complete
[2026-07-13 16:30:06] [GOAL_DEBUG] decision=nav_fail, reason=Nav2 rejected goal (infrastructure issue, no safety method)
[2026-07-13 16:30:06]   [INVALID RESULT] System error: nav_fail (max retries reached)
[2026-07-13 16:30:06]   Result: nav_fail (FAIL) [INVALID]
[2026-07-13 16:30:06]   Reason: Nav2 rejected goal (infrastructure issue, no safety method)
[2026-07-13 16:30:06]   Time: 32.8s
[2026-07-13 16:30:06]   Robot moved: False, path_min_dist: 4.00m
[2026-07-13 16:30:06] [NAV_FAIL] Recovering Nav2 before next trial...
[RECOVER] Attempting Nav2 recovery...
[SIM] Starting Nav2...
[SIM] Waiting for Nav2 initial startup (30s)...
[NAV2] local_costmap: found
[NAV2] navigate_to_pose action: found
[NAV2] Waiting for lifecycle activation... (17s)
[NAV2] Waiting for lifecycle activation... (35s)
[NAV2] Waiting for lifecycle activation... (52s)
[NAV2] Timeout waiting for Nav2 to be ready
[NAV2] Auto-activation timed out, trying manual lifecycle activation...
[NAV2] /controller_server lifecycle not active: 
[NAV2] Functional verification attempt 1/2 failed, retrying in 5s...
[NAV2] /controller_server lifecycle not active: 
[NAV2] Attempting manual lifecycle activation...
[NAV2] /controller_server attempting activate...
[NAV2] /controller_server manual activation failed: 
[NAV2] Functional verification failed after all retries
[ERROR] Nav2 lifecycle not ready after timeout + manual activation
[SIM] Attempting Nav2 restart (1/2)...
[SIM] Starting Nav2... (retry 1)
[SIM] Cleaning up before retry...
[SIM] Waiting for Nav2 initial startup (30s)...
[NAV2] local_costmap: found
[NAV2] navigate_to_pose action: found
[NAV2] Waiting for lifecycle activation... (17s)
[NAV2] Waiting for lifecycle activation... (35s)
[NAV2] Waiting for lifecycle activation... (53s)
[NAV2] Timeout waiting for Nav2 to be ready
[NAV2] Auto-activation timed out, trying manual lifecycle activation...
[NAV2] /controller_server lifecycle not active: 
[NAV2] Functional verification attempt 1/2 failed, retrying in 5s...
[NAV2] /controller_server lifecycle not active: 
[NAV2] Attempting manual lifecycle activation...
[NAV2] /controller_server attempting activate...
[NAV2] /controller_server manual activation failed: 
[NAV2] Functional verification failed after all retries
[ERROR] Nav2 lifecycle not ready after timeout + manual activation
[SIM] Attempting Nav2 restart (2/2)...
[SIM] Starting Nav2... (retry 2)
[SIM] Cleaning up before retry...
[CLEANUP] Starting process cleanup...
[CLEANUP] Resetting ROS2 daemon...
[CLEANUP] Complete (killed 0 process groups)
[SIM] Waiting for Nav2 initial startup (30s)...
[NAV2] local_costmap: NOT found
[NAV2] Waiting for lifecycle activation... (18s)
[NAV2] Waiting for lifecycle activation... (36s)
[NAV2] Waiting for lifecycle activation... (54s)
[NAV2] Timeout waiting for Nav2 to be ready
[NAV2] Auto-activation timed out, trying manual lifecycle activation...
[NAV2] /controller_server lifecycle check timed out
[NAV2] Functional verification attempt 1/2 failed, retrying in 5s...
[NAV2] /controller_server lifecycle check timed out
[NAV2] Attempting manual lifecycle activation...
[NAV2] /controller_server manual lifecycle transition failed: Command 'source /opt/ros/jazzy/setup.bash && ros2 lifecycle get /controller_server 2>/dev/null' timed out after 10.0 seconds
[NAV2] Functional verification failed after all retries
[ERROR] Nav2 lifecycle not ready after timeout + manual activation
[ERROR] Nav2 failed to stabilize after all retries
[RECOVER] Nav2 restart failed
[RECOVER] Trying with daemon reset...
[RECOVER] Attempting Nav2 recovery...
[RECOVER] Resetting ROS2 daemon...
[CLEANUP] Starting process cleanup...
[CLEANUP] Resetting ROS2 daemon...
[CLEANUP] Complete (killed 0 process groups)
[SIM] Starting Nav2...
[SIM] Waiting for Nav2 initial startup (30s)...
[NAV2] local_costmap: found
[NAV2] navigate_to_pose action: found
[NAV2] Waiting for lifecycle activation... (17s)
[NAV2] Waiting for lifecycle activation... (35s)
[NAV2] Waiting for lifecycle activation... (53s)
[NAV2] Timeout waiting for Nav2 to be ready
[NAV2] Auto-activation timed out, trying manual lifecycle activation...
[NAV2] /controller_server lifecycle check timed out
[NAV2] Functional verification attempt 1/2 failed, retrying in 5s...
[NAV2] /controller_server lifecycle check timed out
[NAV2] Attempting manual lifecycle activation...
[NAV2] /controller_server manual lifecycle transition failed: Command 'source /opt/ros/jazzy/setup.bash && ros2 lifecycle get /controller_server 2>/dev/null' timed out after 10.0 seconds
[NAV2] Functional verification failed after all retries
[ERROR] Nav2 lifecycle not ready after timeout + manual activation
[SIM] Attempting Nav2 restart (1/2)...
[SIM] Starting Nav2... (retry 1)
[SIM] Cleaning up before retry...
[SIM] Waiting for Nav2 initial startup (30s)...
[NAV2] local_costmap: found
[NAV2] navigate_to_pose action: found
[NAV2] Waiting for lifecycle activation... (17s)
[NAV2] Waiting for lifecycle activation... (35s)
[NAV2] Waiting for lifecycle activation... (53s)
[NAV2] Timeout waiting for Nav2 to be ready
[NAV2] Auto-activation timed out, trying manual lifecycle activation...
[NAV2] /controller_server lifecycle not active: 
[NAV2] Functional verification attempt 1/2 failed, retrying in 5s...
[NAV2] /controller_server lifecycle not active: 
[NAV2] Attempting manual lifecycle activation...
[NAV2] /controller_server attempting activate...
[NAV2] /controller_server manual activation failed: 
[NAV2] Functional verification failed after all retries
[ERROR] Nav2 lifecycle not ready after timeout + manual activation
[SIM] Attempting Nav2 restart (2/2)...
[SIM] Starting Nav2... (retry 2)
[SIM] Cleaning up before retry...
[CLEANUP] Starting process cleanup...
[CLEANUP] Resetting ROS2 daemon...
[CLEANUP] Complete (killed 0 process groups)
[SIM] Waiting for Nav2 initial startup (30s)...
[NAV2] local_costmap: found
[NAV2] navigate_to_pose action: found
[NAV2] Waiting for lifecycle activation... (17s)
[NAV2] Waiting for lifecycle activation... (35s)
[NAV2] Waiting for lifecycle activation... (52s)
[NAV2] Timeout waiting for Nav2 to be ready
[NAV2] Auto-activation timed out, trying manual lifecycle activation...
[NAV2] /controller_server lifecycle check timed out
[NAV2] Functional verification attempt 1/2 failed, retrying in 5s...
[NAV2] /controller_server lifecycle check timed out
[NAV2] Attempting manual lifecycle activation...
[NAV2] /controller_server manual lifecycle transition failed: Command 'source /opt/ros/jazzy/setup.bash && ros2 lifecycle get /controller_server 2>/dev/null' timed out after 10.0 seconds
[NAV2] Functional verification failed after all retries
[ERROR] Nav2 lifecycle not ready after timeout + manual activation
[ERROR] Nav2 failed to stabilize after all retries
[RECOVER] Nav2 restart failed
[RECOVER] Daemon reset didn't help, trying full restart...
[RECOVER] Attempting Nav2 recovery...
[RECOVER] Performing full simulation restart (world: warehouse.sdf)...
[SIM] Stopping all processes...
[CLEANUP] Starting process cleanup...
[CLEANUP] Resetting ROS2 daemon...
[CLEANUP] Complete (killed 0 process groups)
[SIM] All processes stopped
[SIM] Starting Gazebo...
[CLEANUP] Starting process cleanup...
[CLEANUP] Complete (killed 0 process groups)
[SIM] gz sim still alive (1 procs), force-killing PGIDs (attempt 1/5)...
[SIM] gz sim still alive (1 procs), force-killing PGIDs (attempt 2/5)...
[SIM] gz sim still alive (1 procs), force-killing PGIDs (attempt 3/5)...
[SIM] gz sim still alive (1 procs), force-killing PGIDs (attempt 4/5)...
[SIM] gz sim still alive (1 procs), force-killing PGIDs (attempt 5/5)...
[SIM][WARNING] Could not kill all gz sim processes — proceeding anyway
The daemon has been started
[SIM] Waiting for Gazebo (180s)...
[SIM] Gazebo started successfully
[SIM] robot_state_publisher: running
[SIM] Starting odom relay (odom_real → odom)...
[SIM] Odom relay started
[SIM] Starting scan relay (scan_real → scan)...
[SIM] Scan relay started, verifying /scan topic...
[SIM] /scan topic verified - data flowing
[SIM] Starting Nav2...
[SIM] Waiting for Nav2 initial startup (30s)...
[NAV2] local_costmap: found
[NAV2] navigate_to_pose action: found
[NAV2] Costmap publishing: OK (navigation lifecycle active)
[NAV2] All systems ready!
[SIM] Final verification: checking navigate_to_pose action...
[SIM] Nav2 started successfully and action server verified!
[SIM] Starting geofence with method: no_guard, params: {}, comm_latency_ms: 0
[SIM] Waiting for geofence (20s)...
[SIM] Geofence started with method: no_guard (cmd_vel_guard: False)
[SIM] cmd_vel_guard disabled, starting cmd_vel relay for navigation...
[SIM] Starting cmd_vel relay (cmd_vel_nav → cmd_vel)...
[SIM] cmd_vel relay started
[RECOVER] Full simulation restart successful
[SIM] Stopping all processes...
[CLEANUP] Starting process cleanup...
[CLEANUP] Complete (killed 0 process groups)
[SIM] All processes stopped
[2026-07-13 16:45:02] 
================================================================================
[2026-07-13 16:45:02] CONFUSION MATRIX SUMMARY BY METHOD
[2026-07-13 16:45:02] ================================================================================

Method         Total   TP   FP   TN   FN INFRA   Prec    Rec     F1     VR     Hz  Lat(ms)
------------------------------------------------------------------------------------------
no_guard           1    0    0    0    0     1  0.00  0.00  0.00   0.0%   6.8  2257.9
[2026-07-13 16:45:02] 
--------------------------------------------------------------------------------
[2026-07-13 16:45:02] BOOTSTRAP 95% CONFIDENCE INTERVALS
[2026-07-13 16:45:02] --------------------------------------------------------------------------------

Method                  Prec CI           Rec CI            F1 CI            VR CI
----------------------------------------------------------------------------------
no_guard       [0.00,0.00]  [0.00,0.00]  [0.00,0.00]  [0.0,0.0]%
[2026-07-13 16:45:02] 
--------------------------------------------------------------------------------
[2026-07-13 16:45:02] GEOFENCE MARGIN ANALYSIS
[2026-07-13 16:45:02] Geofence margin = k_sigma * sigma_loc + e_track + v_max * tau = 3 * 0.15 + 0.05 + 0.5 * 0.1 = 0.55m. Expanded zone y_max = 1.0 + 0.55 = 1.55m. S3 clip_boundary (7,1.2): at x=4, y=0.69 (in zone); at x=5.83, y=1.0 (exits zone). Path clips zone upper boundary.
[2026-07-13 16:45:02] 
============================================================
[2026-07-13 16:45:02] Experiment Complete!
[2026-07-13 16:45:02] ============================================================
