[BOOT] Starting Gazebo warehouse + robot...
[SIM] Starting Gazebo...
[CLEANUP] Starting process cleanup...
[CLEANUP] Complete (killed 0 process groups)
[SIM] gz sim still alive (1 procs), force-killing PGIDs (attempt 1/5)...
[SIM] gz sim still alive (1 procs), force-killing PGIDs (attempt 2/5)...
[SIM] gz sim still alive (1 procs), force-killing PGIDs (attempt 3/5)...
[SIM] gz sim still alive (1 procs), force-killing PGIDs (attempt 4/5)...
[SIM] gz sim still alive (1 procs), force-killing PGIDs (attempt 5/5)...
[SIM][WARNING] Could not kill all gz sim processes — proceeding anyway
The daemon has been started
[SIM] Waiting for Gazebo (180s)...
[SIM] Gazebo started successfully
[SIM] robot_state_publisher: running
[SIM] Starting odom relay (odom_real → odom)...
[SIM] Odom relay started
[SIM] Starting scan relay (scan_real → scan)...
[SIM] Scan relay started, verifying /scan topic...
[SIM] /scan topic verified - data flowing
[BOOT] Gazebo up. Ground-truth-pose mapping (400s)...
[GTMAP] t=15s mode=goto wp=0/61 scans=125 integrated=62 pose=(-1.08, -0.12, 3.11)
[GTMAP] t=30s mode=goto wp=1/61 scans=275 integrated=137 pose=(-3.65, 0.08, 0.34)
[GTMAP] t=45s mode=goto wp=2/61 scans=425 integrated=212 pose=(-2.12, -0.0, -0.8)
[GTMAP] t=60s mode=goto wp=3/61 scans=575 integrated=287 pose=(-0.86, -0.0, 0.0)
[GTMAP] t=75s mode=goto wp=4/61 scans=726 integrated=363 pose=(0.94, -0.15, 0.02)
[GTMAP] t=90s mode=goto wp=5/61 scans=877 integrated=438 pose=(4.26, -0.01, 0.01)
[GTMAP] t=105s mode=goto wp=7/61 scans=1027 integrated=513 pose=(4.12, 1.85, 3.0)
[GTMAP] t=120s mode=goto wp=8/61 scans=1178 integrated=589 pose=(2.52, 2.05, -2.65)
[GTMAP] t=135s mode=goto wp=9/61 scans=1328 integrated=664 pose=(2.47, 1.74, -1.27)
[GTMAP] t=150s mode=goto wp=10/61 scans=1479 integrated=739 pose=(2.01, 1.84, -2.27)
[GTMAP] t=165s mode=goto wp=10/61 scans=1629 integrated=814 pose=(2.03, 1.52, -0.78)
[GTMAP] t=180s mode=goto wp=11/61 scans=1779 integrated=889 pose=(1.49, 1.58, -1.7)
[GTMAP] t=195s mode=goto wp=12/61 scans=1929 integrated=964 pose=(0.52, 1.81, -2.35)
[GTMAP] t=210s mode=goto wp=13/61 scans=2080 integrated=1040 pose=(0.5, 1.5, -0.74)
[GTMAP] t=225s mode=goto wp=14/61 scans=2230 integrated=1115 pose=(-0.03, 1.84, -2.09)
[GTMAP] t=240s mode=goto wp=14/61 scans=2381 integrated=1190 pose=(-0.19, 2.26, 2.73)
[GTMAP] t=256s mode=goto wp=15/61 scans=2531 integrated=1265 pose=(-0.1, 2.31, 0.93)
[GTMAP] t=271s mode=goto wp=16/61 scans=2682 integrated=1341 pose=(0.91, 3.01, 0.82)
[GTMAP] t=286s mode=goto wp=17/61 scans=2833 integrated=1416 pose=(0.81, 3.34, 2.64)
[GTMAP] t=301s mode=goto wp=17/61 scans=2984 integrated=1492 pose=(1.4, 3.47, 1.57)
[GTMAP] t=316s mode=goto wp=18/61 scans=3135 integrated=1567 pose=(1.14, 3.62, -2.7)
[GTMAP] t=331s mode=goto wp=19/61 scans=3286 integrated=1643 pose=(1.5, 4.16, 2.3)
[GTMAP] t=346s mode=goto wp=20/61 scans=3436 integrated=1718 pose=(1.27, 4.97, 1.82)
[GTMAP] t=361s mode=goto wp=21/61 scans=3587 integrated=1793 pose=(0.9, 5.27, -2.49)
[GTMAP] t=376s mode=goto wp=21/61 scans=3738 integrated=1869 pose=(0.91, 4.98, -0.85)
[GTMAP] t=391s mode=goto wp=22/61 scans=3889 integrated=1944 pose=(0.36, 5.12, -1.87)
[GTMAP] saved warehouse_map_gt: 526x522 occ=66493 free=117896 origin=(-12.40,-10.60)
[CLEANUP] Stopping sim...
[SIM] Stopping all processes...
[CLEANUP] Starting process cleanup...
[CLEANUP] Resetting ROS2 daemon...
[CLEANUP] Complete (killed 0 process groups)
[SIM] All processes stopped
