======== bias_hc_slow seed 0 ========
Generated 1 trials
Methods: ['no_guard']
Scenarios: ['S5']
Seeds: 1 (offset=0, range=s0-s0)
Include sweep: False
Runtime monitoring: False

Trials by scenario: {'S5': 1}
Trials by method: {'no_guard': 1}
[2026-07-14 01:56:12] ============================================================
[2026-07-14 01:56:12] Starting Gazebo S1-S5 Experiment
[2026-07-14 01:56:12] ============================================================
[CLEANUP] Starting process cleanup...
[CLEANUP] Complete (killed 0 process groups)
[2026-07-14 01:56:15] [OUTPUT] Writing results to experiment_results/gazebo_s1_s6/hc_verify/results_bias_hc_slow_s0.jsonl
[2026-07-14 01:56:15] 
============================================================
[2026-07-14 01:56:15] Method: no_guard
[2026-07-14 01:56:15] ============================================================
[2026-07-14 01:56:15] [WORLD] Starting with warehouse.sdf for scenarios: ['S5']
[DEBUG] restart_with_method called: method=no_guard, params={}, world=warehouse.sdf, guard=False
[SIM] Full restart for method: no_guard (world: warehouse.sdf)
[SIM] Stopping all processes...
[CLEANUP] Starting process cleanup...
[CLEANUP] Complete (killed 0 process groups)
[SIM] All processes stopped
[SIM] Starting Gazebo...
[CLEANUP] Starting process cleanup...
[CLEANUP] Complete (killed 0 process groups)
[SIM] gz sim still alive (1 procs), force-killing PGIDs (attempt 1/5)...
[SIM] gz sim still alive (1 procs), force-killing PGIDs (attempt 2/5)...
[SIM] gz sim still alive (1 procs), force-killing PGIDs (attempt 3/5)...
[SIM] gz sim still alive (1 procs), force-killing PGIDs (attempt 4/5)...
[SIM] gz sim still alive (1 procs), force-killing PGIDs (attempt 5/5)...
[SIM][WARNING] Could not kill all gz sim processes — proceeding anyway
The daemon has been started
[SIM] Waiting for Gazebo (180s)...
[SIM] Gazebo started successfully
[SIM] robot_state_publisher: running
[SIM] Starting odom relay (odom_real → odom)...
[SIM] Odom relay started
[SIM] Starting scan relay (scan_real → scan)...
[SIM] Scan relay started, verifying /scan topic...
[SIM] /scan topic verified - data flowing
[SIM] Starting Nav2...
[SIM] Waiting for Nav2 initial startup (30s)...
[NAV2] local_costmap: found
[NAV2] navigate_to_pose action: found
[NAV2] Waiting for lifecycle activation... (17s)
[NAV2] Waiting for lifecycle activation... (35s)
[NAV2] Waiting for lifecycle activation... (53s)
[NAV2] Timeout waiting for Nav2 to be ready
[NAV2] Auto-activation timed out, trying manual lifecycle activation...
[NAV2] /bt_navigator lifecycle not active: unconfigured [1]
[NAV2] Functional verification attempt 1/2 failed, retrying in 5s...
[NAV2] /bt_navigator lifecycle not active: unconfigured [1]
[NAV2] Attempting manual lifecycle activation...
[NAV2] /bt_navigator is unconfigured, attempting configure...
[NAV2] /bt_navigator attempting activate...
[NAV2] /bt_navigator manually activated successfully
[NAV2] Manual lifecycle activation successful, action server responding
[NAV2] Manual activation succeeded!
[SIM] Final verification: checking navigate_to_pose action...
[SIM] Nav2 started successfully and action server verified!
[SIM] Starting geofence with method: no_guard, params: {}, comm_latency_ms: 0
[SIM] Waiting for geofence (20s)...
[SIM] Geofence started with method: no_guard (cmd_vel_guard: False)
[SIM] cmd_vel_guard disabled, starting cmd_vel relay for navigation...
[SIM] Starting cmd_vel relay (cmd_vel_nav → cmd_vel)...
[SIM] cmd_vel relay started
[2026-07-14 01:59:57] 
Trial 1/1: S5_no_guard_bias_hc_slow_s0
[2026-07-14 01:59:57]   Goal: (0.00, 5.00)
[2026-07-14 01:59:57]   Heading-compensated stealthy bias: 0.08 m/s, world +X (reliable lure)
[2026-07-14 01:59:57] [RESET] Resetting robot pose to origin...
[RESET] Teleporting robot to (0.0, 0.0, θ=0.0)
[RESET] Cancelling any active navigation goals...
[RESET] Stopping robot movement...
[RESET] Waiting for TF to stabilize...
[RESET] Setting AMCL initial pose...
[RESET] Waiting for AMCL convergence...
[WARNING] AMCL may not have converged properly - forcing one more reset
[WARNING] TF not yet stable, waiting more...
[RESET] Robot pose reset complete
[2026-07-14 02:01:06] [S5] Starting scan_spoofing attack (rotation=0.0°, scale=1.0, noise=0.0m)
[ATTACK] Starting scan_spoofing attack with rotation=0.0°, scale=1.0, noise=0.0m
[ATTACK] Stopping scan relay for scan spoofing attack...
[ATTACK] scan_spoofing attack started successfully
[2026-07-14 02:01:16] [GOAL_DEBUG] decision=nav_fail, reason=Nav2 rejected goal (infrastructure issue, no safety method)
[2026-07-14 02:01:16] [S4] Stopping scan_spoofing attack
[ATTACK] Restarting scan relay after scan spoofing attack...
[SIM] Starting scan relay (scan_real → scan)...
[SIM] Scan relay started, verifying /scan topic...
[SIM] /scan topic verified - data flowing
[2026-07-14 02:01:22]   [INVALID RESULT] System error: nav_fail (max retries reached)
[2026-07-14 02:01:22]   Result: nav_fail (FAIL) [INVALID]
[2026-07-14 02:01:22]   Reason: Nav2 rejected goal (infrastructure issue, no safety method)
[2026-07-14 02:01:22]   Time: 85.2s
[2026-07-14 02:01:22]   Robot moved: True, path_min_dist: 1.30m
[2026-07-14 02:01:22] [NAV_FAIL] Recovering Nav2 before next trial...
[RECOVER] Attempting Nav2 recovery...
[SIM] Starting Nav2...
[SIM] Waiting for Nav2 initial startup (30s)...
[NAV2] local_costmap: found
[NAV2] navigate_to_pose action: found
[NAV2] Waiting for lifecycle activation... (17s)
[NAV2] Waiting for lifecycle activation... (35s)
[NAV2] Waiting for lifecycle activation... (53s)
[NAV2] Timeout waiting for Nav2 to be ready
[NAV2] Auto-activation timed out, trying manual lifecycle activation...
[NAV2] /controller_server lifecycle not active: 
[NAV2] Functional verification attempt 1/2 failed, retrying in 5s...
[NAV2] /controller_server lifecycle not active: 
[NAV2] Attempting manual lifecycle activation...
[NAV2] /controller_server attempting activate...
[NAV2] /controller_server manual activation failed: 
[NAV2] Functional verification failed after all retries
[ERROR] Nav2 lifecycle not ready after timeout + manual activation
[SIM] Attempting Nav2 restart (1/2)...
[SIM] Starting Nav2... (retry 1)
[SIM] Cleaning up before retry...
[SIM] Waiting for Nav2 initial startup (30s)...
[NAV2] local_costmap: found
[NAV2] navigate_to_pose action: found
[NAV2] Waiting for lifecycle activation... (17s)
[NAV2] Waiting for lifecycle activation... (35s)
[NAV2] Waiting for lifecycle activation... (53s)
[NAV2] Timeout waiting for Nav2 to be ready
[NAV2] Auto-activation timed out, trying manual lifecycle activation...
[NAV2] /controller_server lifecycle not active: 
[NAV2] Functional verification attempt 1/2 failed, retrying in 5s...
[NAV2] /controller_server lifecycle not active: 
[NAV2] Attempting manual lifecycle activation...
[NAV2] /controller_server attempting activate...
[NAV2] /controller_server manual activation failed: 
[NAV2] Functional verification failed after all retries
[ERROR] Nav2 lifecycle not ready after timeout + manual activation
[SIM] Attempting Nav2 restart (2/2)...
[SIM] Starting Nav2... (retry 2)
[SIM] Cleaning up before retry...
[CLEANUP] Starting process cleanup...
[CLEANUP] Resetting ROS2 daemon...
[CLEANUP] Complete (killed 0 process groups)
[SIM] Waiting for Nav2 initial startup (30s)...
[NAV2] local_costmap: found
[NAV2] navigate_to_pose action: found
[NAV2] Waiting for lifecycle activation... (17s)
[NAV2] Waiting for lifecycle activation... (35s)
[NAV2] Waiting for lifecycle activation... (53s)
[NAV2] Timeout waiting for Nav2 to be ready
[NAV2] Auto-activation timed out, trying manual lifecycle activation...
[NAV2] /controller_server lifecycle check timed out
[NAV2] Functional verification attempt 1/2 failed, retrying in 5s...
[NAV2] /controller_server lifecycle check timed out
[NAV2] Attempting manual lifecycle activation...
[NAV2] /controller_server manual lifecycle transition failed: Command 'source /opt/ros/jazzy/setup.bash && ros2 lifecycle get /controller_server 2>/dev/null' timed out after 10.0 seconds
[NAV2] Functional verification failed after all retries
[ERROR] Nav2 lifecycle not ready after timeout + manual activation
[ERROR] Nav2 failed to stabilize after all retries
[RECOVER] Nav2 restart failed
[RECOVER] Trying with daemon reset...
[RECOVER] Attempting Nav2 recovery...
[RECOVER] Resetting ROS2 daemon...
[CLEANUP] Starting process cleanup...
[CLEANUP] Resetting ROS2 daemon...
[CLEANUP] Complete (killed 0 process groups)
[SIM] Starting Nav2...
[SIM] Waiting for Nav2 initial startup (30s)...
[NAV2] local_costmap: found
[NAV2] navigate_to_pose action: found
[NAV2] Waiting for lifecycle activation... (17s)
[NAV2] Waiting for lifecycle activation... (35s)
[NAV2] Waiting for lifecycle activation... (53s)
[NAV2] Timeout waiting for Nav2 to be ready
[NAV2] Auto-activation timed out, trying manual lifecycle activation...
[NAV2] /controller_server lifecycle check timed out
[NAV2] Functional verification attempt 1/2 failed, retrying in 5s...
[NAV2] /controller_server lifecycle check timed out
[NAV2] Attempting manual lifecycle activation...
[NAV2] /controller_server manual lifecycle transition failed: Command 'source /opt/ros/jazzy/setup.bash && ros2 lifecycle get /controller_server 2>/dev/null' timed out after 10.0 seconds
[NAV2] Functional verification failed after all retries
[ERROR] Nav2 lifecycle not ready after timeout + manual activation
[SIM] Attempting Nav2 restart (1/2)...
[SIM] Starting Nav2... (retry 1)
[SIM] Cleaning up before retry...
[SIM] Waiting for Nav2 initial startup (30s)...
[NAV2] local_costmap: found
[NAV2] navigate_to_pose action: found
[NAV2] Waiting for lifecycle activation... (17s)
[NAV2] Waiting for lifecycle activation... (35s)
[NAV2] Waiting for lifecycle activation... (53s)
[NAV2] Timeout waiting for Nav2 to be ready
[NAV2] Auto-activation timed out, trying manual lifecycle activation...
[NAV2] /controller_server lifecycle not active: 
[NAV2] Functional verification attempt 1/2 failed, retrying in 5s...
[NAV2] /controller_server lifecycle not active: 
[NAV2] Attempting manual lifecycle activation...
[NAV2] /controller_server attempting activate...
[NAV2] /controller_server manual activation failed: 
[NAV2] Functional verification failed after all retries
[ERROR] Nav2 lifecycle not ready after timeout + manual activation
[SIM] Attempting Nav2 restart (2/2)...
[SIM] Starting Nav2... (retry 2)
[SIM] Cleaning up before retry...
[CLEANUP] Starting process cleanup...
[CLEANUP] Resetting ROS2 daemon...
[CLEANUP] Complete (killed 0 process groups)
[SIM] Waiting for Nav2 initial startup (30s)...
[NAV2] local_costmap: found
[NAV2] navigate_to_pose action: found
[NAV2] Waiting for lifecycle activation... (17s)
[NAV2] Waiting for lifecycle activation... (35s)
[NAV2] Waiting for lifecycle activation... (53s)
[NAV2] Timeout waiting for Nav2 to be ready
[NAV2] Auto-activation timed out, trying manual lifecycle activation...
[NAV2] /controller_server lifecycle check timed out
[NAV2] Functional verification attempt 1/2 failed, retrying in 5s...
[NAV2] /controller_server lifecycle check timed out
[NAV2] Attempting manual lifecycle activation...
[NAV2] /controller_server manual lifecycle transition failed: Command 'source /opt/ros/jazzy/setup.bash && ros2 lifecycle get /controller_server 2>/dev/null' timed out after 10.0 seconds
[NAV2] Functional verification failed after all retries
[ERROR] Nav2 lifecycle not ready after timeout + manual activation
[ERROR] Nav2 failed to stabilize after all retries
[RECOVER] Nav2 restart failed
[RECOVER] Daemon reset didn't help, trying full restart...
[RECOVER] Attempting Nav2 recovery...
[RECOVER] Performing full simulation restart (world: warehouse.sdf)...
[SIM] Stopping all processes...
[CLEANUP] Starting process cleanup...
[CLEANUP] Resetting ROS2 daemon...
[CLEANUP] Complete (killed 0 process groups)
[SIM] All processes stopped
[SIM] Starting Gazebo...
[CLEANUP] Starting process cleanup...
[CLEANUP] Complete (killed 0 process groups)
[SIM] gz sim still alive (1 procs), force-killing PGIDs (attempt 1/5)...
[SIM] gz sim still alive (1 procs), force-killing PGIDs (attempt 2/5)...
[SIM] gz sim still alive (1 procs), force-killing PGIDs (attempt 3/5)...
[SIM] gz sim still alive (1 procs), force-killing PGIDs (attempt 4/5)...
[SIM] gz sim still alive (1 procs), force-killing PGIDs (attempt 5/5)...
[SIM][WARNING] Could not kill all gz sim processes — proceeding anyway
The daemon has been started
[SIM] Waiting for Gazebo (180s)...
[SIM] Gazebo started successfully
[SIM] robot_state_publisher: running
[SIM] Starting odom relay (odom_real → odom)...
[SIM] Odom relay started
[SIM] Starting scan relay (scan_real → scan)...
[SIM] Scan relay started, verifying /scan topic...
[SIM] /scan topic verified - data flowing
[SIM] Starting Nav2...
[SIM] Waiting for Nav2 initial startup (30s)...
[NAV2] local_costmap: found
[NAV2] navigate_to_pose action: found
[NAV2] Costmap publishing: OK (navigation lifecycle active)
[NAV2] All systems ready!
[SIM] Final verification: checking navigate_to_pose action...
[SIM] Nav2 started successfully and action server verified!
[SIM] Starting geofence with method: no_guard, params: {}, comm_latency_ms: 0
[SIM] Waiting for geofence (20s)...
[SIM] Geofence started with method: no_guard (cmd_vel_guard: False)
[SIM] cmd_vel_guard disabled, starting cmd_vel relay for navigation...
[SIM] Starting cmd_vel relay (cmd_vel_nav → cmd_vel)...
[SIM] cmd_vel relay started
[RECOVER] Full simulation restart successful
[SIM] Stopping all processes...
[CLEANUP] Starting process cleanup...
[CLEANUP] Complete (killed 0 process groups)
[SIM] All processes stopped
[2026-07-14 02:16:14] 
================================================================================
[2026-07-14 02:16:14] CONFUSION MATRIX SUMMARY BY METHOD
[2026-07-14 02:16:14] ================================================================================

Method         Total   TP   FP   TN   FN INFRA   Prec    Rec     F1     VR     Hz  Lat(ms)
------------------------------------------------------------------------------------------
no_guard           1    0    0    0    0     1  0.00  0.00  0.00   0.0%   6.7  4026.4
[2026-07-14 02:16:14] 
--------------------------------------------------------------------------------
[2026-07-14 02:16:14] BOOTSTRAP 95% CONFIDENCE INTERVALS
[2026-07-14 02:16:14] --------------------------------------------------------------------------------

Method                  Prec CI           Rec CI            F1 CI            VR CI
----------------------------------------------------------------------------------
no_guard       [0.00,0.00]  [0.00,0.00]  [0.00,0.00]  [0.0,0.0]%
[2026-07-14 02:16:14] 
--------------------------------------------------------------------------------
[2026-07-14 02:16:14] GEOFENCE MARGIN ANALYSIS
[2026-07-14 02:16:14] Geofence margin = k_sigma * sigma_loc + e_track + v_max * tau = 3 * 0.15 + 0.05 + 0.5 * 0.1 = 0.55m. Expanded zone y_max = 1.0 + 0.55 = 1.55m. S3 clip_boundary (7,1.2): at x=4, y=0.69 (in zone); at x=5.83, y=1.0 (exits zone). Path clips zone upper boundary.
[2026-07-14 02:16:14] 
============================================================
[2026-07-14 02:16:14] Experiment Complete!
[2026-07-14 02:16:14] ============================================================
-------- done bias_hc_slow s0 --------
======== bias_hc_slow seed 1 ========
Generated 1 trials
Methods: ['no_guard']
Scenarios: ['S5']
Seeds: 1 (offset=1, range=s1-s1)
Include sweep: False
Runtime monitoring: False

Trials by scenario: {'S5': 1}
Trials by method: {'no_guard': 1}
[2026-07-14 02:16:17] ============================================================
[2026-07-14 02:16:17] Starting Gazebo S1-S5 Experiment
[2026-07-14 02:16:17] ============================================================
[CLEANUP] Starting process cleanup...
[CLEANUP] Complete (killed 0 process groups)
[2026-07-14 02:16:20] [OUTPUT] Writing results to experiment_results/gazebo_s1_s6/hc_verify/results_bias_hc_slow_s1.jsonl
[2026-07-14 02:16:20] 
============================================================
[2026-07-14 02:16:20] Method: no_guard
[2026-07-14 02:16:20] ============================================================
[2026-07-14 02:16:20] [WORLD] Starting with warehouse.sdf for scenarios: ['S5']
[DEBUG] restart_with_method called: method=no_guard, params={}, world=warehouse.sdf, guard=False
[SIM] Full restart for method: no_guard (world: warehouse.sdf)
[SIM] Stopping all processes...
[CLEANUP] Starting process cleanup...
[CLEANUP] Complete (killed 0 process groups)
[SIM] All processes stopped
[SIM] Starting Gazebo...
[CLEANUP] Starting process cleanup...
[CLEANUP] Complete (killed 0 process groups)
[SIM] gz sim still alive (1 procs), force-killing PGIDs (attempt 1/5)...
[SIM] gz sim still alive (1 procs), force-killing PGIDs (attempt 2/5)...
[SIM] gz sim still alive (1 procs), force-killing PGIDs (attempt 3/5)...
[SIM] gz sim still alive (1 procs), force-killing PGIDs (attempt 4/5)...
[SIM] gz sim still alive (1 procs), force-killing PGIDs (attempt 5/5)...
[SIM][WARNING] Could not kill all gz sim processes — proceeding anyway
The daemon has been started
[SIM] Waiting for Gazebo (180s)...
[SIM] Gazebo started successfully
[SIM] robot_state_publisher: running
[SIM] Starting odom relay (odom_real → odom)...
[SIM] Odom relay started
[SIM] Starting scan relay (scan_real → scan)...
[SIM] Scan relay started, verifying /scan topic...
[SIM] /scan topic verified - data flowing
[SIM] Starting Nav2...
[SIM] Waiting for Nav2 initial startup (30s)...
[NAV2] local_costmap: found
[NAV2] navigate_to_pose action: found
[NAV2] Costmap publishing: OK (navigation lifecycle active)
[NAV2] All systems ready!
[SIM] Final verification: checking navigate_to_pose action...
[SIM] Nav2 started successfully and action server verified!
[SIM] Starting geofence with method: no_guard, params: {}, comm_latency_ms: 0
[SIM] Waiting for geofence (20s)...
[SIM] Geofence started with method: no_guard (cmd_vel_guard: False)
[SIM] cmd_vel_guard disabled, starting cmd_vel relay for navigation...
[SIM] Starting cmd_vel relay (cmd_vel_nav → cmd_vel)...
[SIM] cmd_vel relay started
[2026-07-14 02:18:10] 
Trial 1/1: S5_no_guard_bias_hc_slow_s1
[2026-07-14 02:18:10]   Goal: (0.00, 5.00)
[2026-07-14 02:18:10]   Heading-compensated stealthy bias: 0.08 m/s, world +X (reliable lure)
[2026-07-14 02:18:10]   Comm latency: 50ms
[2026-07-14 02:18:10] [RESET] Resetting robot pose to origin...
[RESET] Teleporting robot to (0.0, 0.0, θ=0.0)
[RESET] Cancelling any active navigation goals...
[RESET] Stopping robot movement...
[RESET] Waiting for TF to stabilize...
[RESET] Setting AMCL initial pose...
[RESET] Waiting for AMCL convergence...
[RESET] AMCL converged: (-0.01, 0.00), error: 0.01m
[RESET] Robot pose reset complete
[2026-07-14 02:19:01] [S5] Starting scan_spoofing attack (rotation=0.0°, scale=1.0, noise=0.0m)
[ATTACK] Starting scan_spoofing attack with rotation=0.0°, scale=1.0, noise=0.0m
[ATTACK] Stopping scan relay for scan spoofing attack...
[ATTACK] scan_spoofing attack started successfully
[WARN] Nav2 SUCCEEDED but Gazebo pos (4.73, -0.57) is 7.30m from goal - AMCL drift likely
[2026-07-14 02:19:36] [VIOLATION] Robot entered forbidden zone(s): wh_forbidden_zone (51 samples, 8.02s)
[2026-07-14 02:19:36] [S4] Stopping scan_spoofing attack
[ATTACK] Restarting scan relay after scan spoofing attack...
[SIM] Starting scan relay (scan_real → scan)...
[SIM] Scan relay started, verifying /scan topic...
[SIM] /scan topic verified - data flowing
[2026-07-14 02:19:41]   Result: allow (FAIL)
[2026-07-14 02:19:41]   Reason: Goal reached (Nav2 SUCCEEDED, Gazebo dist=7.30m - possible A
[2026-07-14 02:19:41]   Time: 90.8s
[2026-07-14 02:19:41]   Robot moved: True, path_min_dist: 0.00m
[SIM] Stopping all processes...
[CLEANUP] Starting process cleanup...
[CLEANUP] Complete (killed 0 process groups)
[SIM] All processes stopped
[2026-07-14 02:19:55] 
================================================================================
[2026-07-14 02:19:55] CONFUSION MATRIX SUMMARY BY METHOD
[2026-07-14 02:19:55] ================================================================================

Method         Total   TP   FP   TN   FN INFRA   Prec    Rec     F1     VR     Hz  Lat(ms)
------------------------------------------------------------------------------------------
no_guard           1    0    0    0    1     0  0.00  0.00  0.00 100.0%   6.4 28419.7
[2026-07-14 02:19:55] 
--------------------------------------------------------------------------------
[2026-07-14 02:19:55] BOOTSTRAP 95% CONFIDENCE INTERVALS
[2026-07-14 02:19:55] --------------------------------------------------------------------------------

Method                  Prec CI           Rec CI            F1 CI            VR CI
----------------------------------------------------------------------------------
no_guard       [0.00,0.00]  [0.00,0.00]  [0.00,0.00]  [100.0,100.0]%
[2026-07-14 02:19:55] 
--------------------------------------------------------------------------------
[2026-07-14 02:19:55] GEOFENCE MARGIN ANALYSIS
[2026-07-14 02:19:55] Geofence margin = k_sigma * sigma_loc + e_track + v_max * tau = 3 * 0.15 + 0.05 + 0.5 * 0.1 = 0.55m. Expanded zone y_max = 1.0 + 0.55 = 1.55m. S3 clip_boundary (7,1.2): at x=4, y=0.69 (in zone); at x=5.83, y=1.0 (exits zone). Path clips zone upper boundary.
[2026-07-14 02:19:55] 
============================================================
[2026-07-14 02:19:55] Experiment Complete!
[2026-07-14 02:19:55] ============================================================
-------- done bias_hc_slow s1 --------
======== bias_hc_slow seed 2 ========
Generated 1 trials
Methods: ['no_guard']
Scenarios: ['S5']
Seeds: 1 (offset=2, range=s2-s2)
Include sweep: False
Runtime monitoring: False

Trials by scenario: {'S5': 1}
Trials by method: {'no_guard': 1}
[2026-07-14 02:19:58] ============================================================
[2026-07-14 02:19:58] Starting Gazebo S1-S5 Experiment
[2026-07-14 02:19:58] ============================================================
[CLEANUP] Starting process cleanup...
[CLEANUP] Complete (killed 0 process groups)
[2026-07-14 02:20:02] [OUTPUT] Writing results to experiment_results/gazebo_s1_s6/hc_verify/results_bias_hc_slow_s2.jsonl
[2026-07-14 02:20:02] 
============================================================
[2026-07-14 02:20:02] Method: no_guard
[2026-07-14 02:20:02] ============================================================
[2026-07-14 02:20:02] [WORLD] Starting with warehouse.sdf for scenarios: ['S5']
[DEBUG] restart_with_method called: method=no_guard, params={}, world=warehouse.sdf, guard=False
[SIM] Full restart for method: no_guard (world: warehouse.sdf)
[SIM] Stopping all processes...
[CLEANUP] Starting process cleanup...
[CLEANUP] Complete (killed 0 process groups)
[SIM] All processes stopped
[SIM] Starting Gazebo...
[CLEANUP] Starting process cleanup...
[CLEANUP] Complete (killed 0 process groups)
[SIM] gz sim still alive (1 procs), force-killing PGIDs (attempt 1/5)...
[SIM] gz sim still alive (1 procs), force-killing PGIDs (attempt 2/5)...
[SIM] gz sim still alive (1 procs), force-killing PGIDs (attempt 3/5)...
[SIM] gz sim still alive (1 procs), force-killing PGIDs (attempt 4/5)...
[SIM] gz sim still alive (1 procs), force-killing PGIDs (attempt 5/5)...
[SIM][WARNING] Could not kill all gz sim processes — proceeding anyway
The daemon has been started
[SIM] Waiting for Gazebo (180s)...
[SIM] Gazebo started successfully
[SIM] robot_state_publisher: running
[SIM] Starting odom relay (odom_real → odom)...
[SIM] Odom relay started
[SIM] Starting scan relay (scan_real → scan)...
[SIM] Scan relay started, verifying /scan topic...
[SIM] /scan topic verified - data flowing
[SIM] Starting Nav2...
[SIM] Waiting for Nav2 initial startup (30s)...
[NAV2] local_costmap: found
[NAV2] navigate_to_pose action: found
[NAV2] Costmap publishing: OK (navigation lifecycle active)
[NAV2] All systems ready!
[SIM] Final verification: checking navigate_to_pose action...
[SIM] Nav2 started successfully and action server verified!
[SIM] Starting geofence with method: no_guard, params: {}, comm_latency_ms: 0
[SIM] Waiting for geofence (20s)...
[SIM] Geofence started with method: no_guard (cmd_vel_guard: False)
[SIM] cmd_vel_guard disabled, starting cmd_vel relay for navigation...
[SIM] Starting cmd_vel relay (cmd_vel_nav → cmd_vel)...
[SIM] cmd_vel relay started
[2026-07-14 02:21:56] 
Trial 1/1: S5_no_guard_bias_hc_slow_s2
[2026-07-14 02:21:56]   Goal: (0.00, 5.00)
[2026-07-14 02:21:56]   Heading-compensated stealthy bias: 0.08 m/s, world +X (reliable lure)
[2026-07-14 02:21:56]   Comm latency: 100ms
[2026-07-14 02:21:56] [RESET] Resetting robot pose to origin...
[RESET] Teleporting robot to (0.0, 0.0, θ=0.0)
[RESET] Cancelling any active navigation goals...
[RESET] Stopping robot movement...
[RESET] Waiting for TF to stabilize...
[RESET] Setting AMCL initial pose...
[RESET] Waiting for AMCL convergence...
[RESET] AMCL converged: (-0.00, -0.00), error: 0.00m
[WARNING] TF not yet stable, waiting more...
[RESET] Robot pose reset complete
[2026-07-14 02:22:43] [S5] Starting scan_spoofing attack (rotation=0.0°, scale=1.0, noise=0.0m)
[ATTACK] Starting scan_spoofing attack with rotation=0.0°, scale=1.0, noise=0.0m
[ATTACK] Stopping scan relay for scan spoofing attack...
[ATTACK] scan_spoofing attack started successfully
[2026-07-14 02:23:51] [S4] Stopping scan_spoofing attack
[ATTACK] Restarting scan relay after scan spoofing attack...
[SIM] Starting scan relay (scan_real → scan)...
[SIM] Scan relay started, verifying /scan topic...
[SIM] /scan topic verified - data flowing
[2026-07-14 02:23:57]   Result: allow (PASS)
[2026-07-14 02:23:57]   Reason: Goal reached successfully (dist=0.95m)
[2026-07-14 02:23:57]   Time: 121.0s
[2026-07-14 02:23:57]   Robot moved: True, path_min_dist: 0.99m
[SIM] Stopping all processes...
[CLEANUP] Starting process cleanup...
[CLEANUP] Complete (killed 0 process groups)
[SIM] All processes stopped
[2026-07-14 02:24:11] 
================================================================================
[2026-07-14 02:24:11] CONFUSION MATRIX SUMMARY BY METHOD
[2026-07-14 02:24:11] ================================================================================

Method         Total   TP   FP   TN   FN INFRA   Prec    Rec     F1     VR     Hz  Lat(ms)
------------------------------------------------------------------------------------------
no_guard           1    0    0    0    1     0  0.00  0.00  0.00   0.0%   6.4 61734.1
[2026-07-14 02:24:11] 
--------------------------------------------------------------------------------
[2026-07-14 02:24:11] BOOTSTRAP 95% CONFIDENCE INTERVALS
[2026-07-14 02:24:11] --------------------------------------------------------------------------------

Method                  Prec CI           Rec CI            F1 CI            VR CI
----------------------------------------------------------------------------------
no_guard       [0.00,0.00]  [0.00,0.00]  [0.00,0.00]  [0.0,0.0]%
[2026-07-14 02:24:11] 
--------------------------------------------------------------------------------
[2026-07-14 02:24:11] GEOFENCE MARGIN ANALYSIS
[2026-07-14 02:24:11] Geofence margin = k_sigma * sigma_loc + e_track + v_max * tau = 3 * 0.15 + 0.05 + 0.5 * 0.1 = 0.55m. Expanded zone y_max = 1.0 + 0.55 = 1.55m. S3 clip_boundary (7,1.2): at x=4, y=0.69 (in zone); at x=5.83, y=1.0 (exits zone). Path clips zone upper boundary.
[2026-07-14 02:24:11] 
============================================================
[2026-07-14 02:24:11] Experiment Complete!
[2026-07-14 02:24:11] ============================================================
-------- done bias_hc_slow s2 --------
======== bias_hc_mid seed 0 ========
Generated 1 trials
Methods: ['no_guard']
Scenarios: ['S5']
Seeds: 1 (offset=0, range=s0-s0)
Include sweep: False
Runtime monitoring: False

Trials by scenario: {'S5': 1}
Trials by method: {'no_guard': 1}
[2026-07-14 02:24:14] ============================================================
[2026-07-14 02:24:14] Starting Gazebo S1-S5 Experiment
[2026-07-14 02:24:14] ============================================================
[CLEANUP] Starting process cleanup...
[CLEANUP] Complete (killed 0 process groups)
[2026-07-14 02:24:17] [OUTPUT] Writing results to experiment_results/gazebo_s1_s6/hc_verify/results_bias_hc_mid_s0.jsonl
[2026-07-14 02:24:17] 
============================================================
[2026-07-14 02:24:17] Method: no_guard
[2026-07-14 02:24:17] ============================================================
[2026-07-14 02:24:17] [WORLD] Starting with warehouse.sdf for scenarios: ['S5']
[DEBUG] restart_with_method called: method=no_guard, params={}, world=warehouse.sdf, guard=False
[SIM] Full restart for method: no_guard (world: warehouse.sdf)
[SIM] Stopping all processes...
[CLEANUP] Starting process cleanup...
[CLEANUP] Complete (killed 0 process groups)
[SIM] All processes stopped
[SIM] Starting Gazebo...
[CLEANUP] Starting process cleanup...
[CLEANUP] Complete (killed 0 process groups)
[SIM] gz sim still alive (1 procs), force-killing PGIDs (attempt 1/5)...
[SIM] gz sim still alive (1 procs), force-killing PGIDs (attempt 2/5)...
[SIM] gz sim still alive (1 procs), force-killing PGIDs (attempt 3/5)...
[SIM] gz sim still alive (1 procs), force-killing PGIDs (attempt 4/5)...
[SIM] gz sim still alive (1 procs), force-killing PGIDs (attempt 5/5)...
[SIM][WARNING] Could not kill all gz sim processes — proceeding anyway
The daemon has been started
[SIM] Waiting for Gazebo (180s)...
[SIM] Gazebo started successfully
[SIM] robot_state_publisher: running
[SIM] Starting odom relay (odom_real → odom)...
[SIM] Odom relay started
[SIM] Starting scan relay (scan_real → scan)...
[SIM] Scan relay started, verifying /scan topic...
[SIM] /scan topic verified - data flowing
[SIM] Starting Nav2...
[SIM] Waiting for Nav2 initial startup (30s)...
[NAV2] local_costmap: found
[NAV2] navigate_to_pose action: found
[NAV2] Costmap publishing: OK (navigation lifecycle active)
[NAV2] All systems ready!
[SIM] Final verification: checking navigate_to_pose action...
[SIM] Nav2 started successfully and action server verified!
[SIM] Starting geofence with method: no_guard, params: {}, comm_latency_ms: 0
[SIM] Waiting for geofence (20s)...
[SIM] Geofence started with method: no_guard (cmd_vel_guard: False)
[SIM] cmd_vel_guard disabled, starting cmd_vel relay for navigation...
[SIM] Starting cmd_vel relay (cmd_vel_nav → cmd_vel)...
[SIM] cmd_vel relay started
[2026-07-14 02:26:09] 
Trial 1/1: S5_no_guard_bias_hc_mid_s0
[2026-07-14 02:26:09]   Goal: (0.00, 5.00)
[2026-07-14 02:26:09]   Heading-compensated stealthy bias: 0.15 m/s, world +X
[2026-07-14 02:26:09] [RESET] Resetting robot pose to origin...
[RESET] Teleporting robot to (0.0, 0.0, θ=0.0)
[RESET] Cancelling any active navigation goals...
[RESET] Stopping robot movement...
[RESET] Waiting for TF to stabilize...
[RESET] Setting AMCL initial pose...
[RESET] Waiting for AMCL convergence...
[RESET] AMCL converged: (-0.01, 0.00), error: 0.01m
[WARNING] TF not yet stable, waiting more...
[RESET] Robot pose reset complete
[2026-07-14 02:26:42] [S5] Starting scan_spoofing attack (rotation=0.0°, scale=1.0, noise=0.0m)
[ATTACK] Starting scan_spoofing attack with rotation=0.0°, scale=1.0, noise=0.0m
[ATTACK] Stopping scan relay for scan spoofing attack...
[ATTACK] scan_spoofing attack started successfully
[WARN] Nav2 ABORTED for (0.00, 5.00) with method=no_guard - treating as allow (Nav2 path failure)
[2026-07-14 02:27:56] [VIOLATION] Robot entered forbidden zone(s): wh_forbidden_zone (123 samples, 19.33s)
[2026-07-14 02:27:56] [S4] Stopping scan_spoofing attack
[ATTACK] Restarting scan relay after scan spoofing attack...
[SIM] Starting scan relay (scan_real → scan)...
[SIM] Scan relay started, verifying /scan topic...
[SIM] /scan topic verified - data flowing
[2026-07-14 02:28:02]   Result: allow (FAIL)
[2026-07-14 02:28:02]   Reason: Navigation aborted (goal likely allowed by no_guard, Nav2 pa
[2026-07-14 02:28:02]   Time: 112.9s
[2026-07-14 02:28:02]   Robot moved: True, path_min_dist: 0.00m
[SIM] Stopping all processes...
[CLEANUP] Starting process cleanup...
[CLEANUP] Complete (killed 0 process groups)
[SIM] All processes stopped
[2026-07-14 02:28:16] 
================================================================================
[2026-07-14 02:28:16] CONFUSION MATRIX SUMMARY BY METHOD
[2026-07-14 02:28:16] ================================================================================

Method         Total   TP   FP   TN   FN INFRA   Prec    Rec     F1     VR     Hz  Lat(ms)
------------------------------------------------------------------------------------------
no_guard           1    0    0    0    1     0  0.00  0.00  0.00 100.0%   6.4 68010.4
[2026-07-14 02:28:16] 
--------------------------------------------------------------------------------
[2026-07-14 02:28:16] BOOTSTRAP 95% CONFIDENCE INTERVALS
[2026-07-14 02:28:16] --------------------------------------------------------------------------------

Method                  Prec CI           Rec CI            F1 CI            VR CI
----------------------------------------------------------------------------------
no_guard       [0.00,0.00]  [0.00,0.00]  [0.00,0.00]  [100.0,100.0]%
[2026-07-14 02:28:16] 
--------------------------------------------------------------------------------
[2026-07-14 02:28:16] GEOFENCE MARGIN ANALYSIS
[2026-07-14 02:28:16] Geofence margin = k_sigma * sigma_loc + e_track + v_max * tau = 3 * 0.15 + 0.05 + 0.5 * 0.1 = 0.55m. Expanded zone y_max = 1.0 + 0.55 = 1.55m. S3 clip_boundary (7,1.2): at x=4, y=0.69 (in zone); at x=5.83, y=1.0 (exits zone). Path clips zone upper boundary.
[2026-07-14 02:28:16] 
============================================================
[2026-07-14 02:28:16] Experiment Complete!
[2026-07-14 02:28:16] ============================================================
-------- done bias_hc_mid s0 --------
======== bias_hc_mid seed 1 ========
Generated 1 trials
Methods: ['no_guard']
Scenarios: ['S5']
Seeds: 1 (offset=1, range=s1-s1)
Include sweep: False
Runtime monitoring: False

Trials by scenario: {'S5': 1}
Trials by method: {'no_guard': 1}
[2026-07-14 02:28:19] ============================================================
[2026-07-14 02:28:19] Starting Gazebo S1-S5 Experiment
[2026-07-14 02:28:19] ============================================================
[CLEANUP] Starting process cleanup...
[CLEANUP] Complete (killed 0 process groups)
[2026-07-14 02:28:23] [OUTPUT] Writing results to experiment_results/gazebo_s1_s6/hc_verify/results_bias_hc_mid_s1.jsonl
[2026-07-14 02:28:23] 
============================================================
[2026-07-14 02:28:23] Method: no_guard
[2026-07-14 02:28:23] ============================================================
[2026-07-14 02:28:23] [WORLD] Starting with warehouse.sdf for scenarios: ['S5']
[DEBUG] restart_with_method called: method=no_guard, params={}, world=warehouse.sdf, guard=False
[SIM] Full restart for method: no_guard (world: warehouse.sdf)
[SIM] Stopping all processes...
[CLEANUP] Starting process cleanup...
[CLEANUP] Complete (killed 0 process groups)
[SIM] All processes stopped
[SIM] Starting Gazebo...
[CLEANUP] Starting process cleanup...
[CLEANUP] Complete (killed 0 process groups)
[SIM] gz sim still alive (1 procs), force-killing PGIDs (attempt 1/5)...
[SIM] gz sim still alive (1 procs), force-killing PGIDs (attempt 2/5)...
[SIM] gz sim still alive (1 procs), force-killing PGIDs (attempt 3/5)...
[SIM] gz sim still alive (1 procs), force-killing PGIDs (attempt 4/5)...
[SIM] gz sim still alive (1 procs), force-killing PGIDs (attempt 5/5)...
[SIM][WARNING] Could not kill all gz sim processes — proceeding anyway
The daemon has been started
[SIM] Waiting for Gazebo (180s)...
[SIM] Gazebo started successfully
[SIM] robot_state_publisher: running
[SIM] Starting odom relay (odom_real → odom)...
[SIM] Odom relay started
[SIM] Starting scan relay (scan_real → scan)...
[SIM] Scan relay started, verifying /scan topic...
[SIM] /scan topic verified - data flowing
[SIM] Starting Nav2...
[SIM] Waiting for Nav2 initial startup (30s)...
[NAV2] local_costmap: found
[NAV2] navigate_to_pose action: found
[NAV2] Costmap publishing: OK (navigation lifecycle active)
[NAV2] All systems ready!
[SIM] Final verification: checking navigate_to_pose action...
[SIM] Nav2 started successfully and action server verified!
[SIM] Starting geofence with method: no_guard, params: {}, comm_latency_ms: 0
[SIM] Waiting for geofence (20s)...
[SIM] Geofence started with method: no_guard (cmd_vel_guard: False)
[SIM] cmd_vel_guard disabled, starting cmd_vel relay for navigation...
[SIM] Starting cmd_vel relay (cmd_vel_nav → cmd_vel)...
[SIM] cmd_vel relay started
[2026-07-14 02:30:15] 
Trial 1/1: S5_no_guard_bias_hc_mid_s1
[2026-07-14 02:30:15]   Goal: (0.00, 5.00)
[2026-07-14 02:30:15]   Heading-compensated stealthy bias: 0.15 m/s, world +X
[2026-07-14 02:30:15]   Comm latency: 50ms
[2026-07-14 02:30:15] [RESET] Resetting robot pose to origin...
[RESET] Teleporting robot to (0.0, 0.0, θ=0.0)
[RESET] Cancelling any active navigation goals...
[RESET] Stopping robot movement...
[RESET] Waiting for TF to stabilize...
[RESET] Setting AMCL initial pose...
[RESET] Waiting for AMCL convergence...
[RESET] AMCL converged: (-0.01, -0.00), error: 0.01m
[RESET] Robot pose reset complete
[2026-07-14 02:31:07] [S5] Starting scan_spoofing attack (rotation=0.0°, scale=1.0, noise=0.0m)
[ATTACK] Starting scan_spoofing attack with rotation=0.0°, scale=1.0, noise=0.0m
[ATTACK] Stopping scan relay for scan spoofing attack...
[ATTACK] scan_spoofing attack started successfully
[WARN] Nav2 ABORTED for (0.00, 5.00) with method=no_guard - treating as allow (Nav2 path failure)
[2026-07-14 02:33:05] [VIOLATION] Robot entered forbidden zone(s): wh_forbidden_zone (80 samples, 12.70s)
[2026-07-14 02:33:05] [S4] Stopping scan_spoofing attack
[ATTACK] Restarting scan relay after scan spoofing attack...
[SIM] Starting scan relay (scan_real → scan)...
[SIM] Scan relay started, verifying /scan topic...
[SIM] /scan topic verified - data flowing
[2026-07-14 02:33:10]   Result: allow (FAIL)
[2026-07-14 02:33:10]   Reason: Navigation aborted (goal likely allowed by no_guard, Nav2 pa
[2026-07-14 02:33:10]   Time: 174.2s
[2026-07-14 02:33:10]   Robot moved: True, path_min_dist: 0.00m
[SIM] Stopping all processes...
[CLEANUP] Starting process cleanup...
[CLEANUP] Complete (killed 0 process groups)
[SIM] All processes stopped
[2026-07-14 02:33:24] 
================================================================================
[2026-07-14 02:33:24] CONFUSION MATRIX SUMMARY BY METHOD
[2026-07-14 02:33:24] ================================================================================

Method         Total   TP   FP   TN   FN INFRA   Prec    Rec     F1     VR     Hz  Lat(ms)
------------------------------------------------------------------------------------------
no_guard           1    0    0    0    1     0  0.00  0.00  0.00 100.0%   6.4 112739.3
[2026-07-14 02:33:24] 
--------------------------------------------------------------------------------
[2026-07-14 02:33:24] BOOTSTRAP 95% CONFIDENCE INTERVALS
[2026-07-14 02:33:24] --------------------------------------------------------------------------------

Method                  Prec CI           Rec CI            F1 CI            VR CI
----------------------------------------------------------------------------------
no_guard       [0.00,0.00]  [0.00,0.00]  [0.00,0.00]  [100.0,100.0]%
[2026-07-14 02:33:24] 
--------------------------------------------------------------------------------
[2026-07-14 02:33:24] GEOFENCE MARGIN ANALYSIS
[2026-07-14 02:33:24] Geofence margin = k_sigma * sigma_loc + e_track + v_max * tau = 3 * 0.15 + 0.05 + 0.5 * 0.1 = 0.55m. Expanded zone y_max = 1.0 + 0.55 = 1.55m. S3 clip_boundary (7,1.2): at x=4, y=0.69 (in zone); at x=5.83, y=1.0 (exits zone). Path clips zone upper boundary.
[2026-07-14 02:33:24] 
============================================================
[2026-07-14 02:33:24] Experiment Complete!
[2026-07-14 02:33:24] ============================================================
-------- done bias_hc_mid s1 --------
======== bias_hc_mid seed 2 ========
Generated 1 trials
Methods: ['no_guard']
Scenarios: ['S5']
Seeds: 1 (offset=2, range=s2-s2)
Include sweep: False
Runtime monitoring: False

Trials by scenario: {'S5': 1}
Trials by method: {'no_guard': 1}
[2026-07-14 02:33:27] ============================================================
[2026-07-14 02:33:27] Starting Gazebo S1-S5 Experiment
[2026-07-14 02:33:27] ============================================================
[CLEANUP] Starting process cleanup...
[CLEANUP] Complete (killed 0 process groups)
[2026-07-14 02:33:30] [OUTPUT] Writing results to experiment_results/gazebo_s1_s6/hc_verify/results_bias_hc_mid_s2.jsonl
[2026-07-14 02:33:30] 
============================================================
[2026-07-14 02:33:30] Method: no_guard
[2026-07-14 02:33:30] ============================================================
[2026-07-14 02:33:30] [WORLD] Starting with warehouse.sdf for scenarios: ['S5']
[DEBUG] restart_with_method called: method=no_guard, params={}, world=warehouse.sdf, guard=False
[SIM] Full restart for method: no_guard (world: warehouse.sdf)
[SIM] Stopping all processes...
[CLEANUP] Starting process cleanup...
[CLEANUP] Complete (killed 0 process groups)
[SIM] All processes stopped
[SIM] Starting Gazebo...
[CLEANUP] Starting process cleanup...
[CLEANUP] Complete (killed 0 process groups)
[SIM] gz sim still alive (1 procs), force-killing PGIDs (attempt 1/5)...
[SIM] gz sim still alive (1 procs), force-killing PGIDs (attempt 2/5)...
[SIM] gz sim still alive (1 procs), force-killing PGIDs (attempt 3/5)...
[SIM] gz sim still alive (1 procs), force-killing PGIDs (attempt 4/5)...
[SIM] gz sim still alive (1 procs), force-killing PGIDs (attempt 5/5)...
[SIM][WARNING] Could not kill all gz sim processes — proceeding anyway
The daemon has been started
[SIM] Waiting for Gazebo (180s)...
[SIM] Gazebo started successfully
[SIM] robot_state_publisher: running
[SIM] Starting odom relay (odom_real → odom)...
[SIM] Odom relay started
[SIM] Starting scan relay (scan_real → scan)...
[SIM] Scan relay started, verifying /scan topic...
[SIM] /scan topic verified - data flowing
[SIM] Starting Nav2...
[SIM] Waiting for Nav2 initial startup (30s)...
[NAV2] local_costmap: found
[NAV2] navigate_to_pose action: found
[NAV2] Waiting for lifecycle activation... (17s)
[NAV2] Waiting for lifecycle activation... (35s)
[NAV2] Waiting for lifecycle activation... (53s)
[NAV2] Timeout waiting for Nav2 to be ready
[NAV2] Auto-activation timed out, trying manual lifecycle activation...
[NAV2] All lifecycle nodes active, action server responding
[NAV2] Manual activation succeeded!
[SIM] Final verification: checking navigate_to_pose action...
[SIM] Nav2 started successfully and action server verified!
[SIM] Starting geofence with method: no_guard, params: {}, comm_latency_ms: 0
[SIM] Waiting for geofence (20s)...
[SIM] Geofence started with method: no_guard (cmd_vel_guard: False)
[SIM] cmd_vel_guard disabled, starting cmd_vel relay for navigation...
[SIM] Starting cmd_vel relay (cmd_vel_nav → cmd_vel)...
[SIM] cmd_vel relay started
[2026-07-14 02:36:34] 
Trial 1/1: S5_no_guard_bias_hc_mid_s2
[2026-07-14 02:36:34]   Goal: (0.00, 5.00)
[2026-07-14 02:36:34]   Heading-compensated stealthy bias: 0.15 m/s, world +X
[2026-07-14 02:36:34]   Comm latency: 100ms
[2026-07-14 02:36:34] [RESET] Resetting robot pose to origin...
[RESET] Teleporting robot to (0.0, 0.0, θ=0.0)
[RESET] Cancelling any active navigation goals...
[RESET] Stopping robot movement...
[RESET] Waiting for TF to stabilize...
[RESET] Setting AMCL initial pose...
[RESET] Waiting for AMCL convergence...
[WARNING] AMCL may not have converged properly - forcing one more reset
[WARNING] TF not yet stable, waiting more...
[RESET] Robot pose reset complete
[2026-07-14 02:37:44] [S5] Starting scan_spoofing attack (rotation=0.0°, scale=1.0, noise=0.0m)
[ATTACK] Starting scan_spoofing attack with rotation=0.0°, scale=1.0, noise=0.0m
[ATTACK] Stopping scan relay for scan spoofing attack...
[ATTACK] scan_spoofing attack started successfully
[2026-07-14 02:37:54] [GOAL_DEBUG] decision=nav_fail, reason=Nav2 rejected goal (infrastructure issue, no safety method)
[2026-07-14 02:37:54] [S4] Stopping scan_spoofing attack
[ATTACK] Restarting scan relay after scan spoofing attack...
[SIM] Starting scan relay (scan_real → scan)...
[SIM] Scan relay started, verifying /scan topic...
[SIM] /scan topic verified - data flowing
[2026-07-14 02:38:01]   [INVALID RESULT] System error: nav_fail (max retries reached)
[2026-07-14 02:38:01]   Result: nav_fail (FAIL) [INVALID]
[2026-07-14 02:38:01]   Reason: Nav2 rejected goal (infrastructure issue, no safety method)
[2026-07-14 02:38:01]   Time: 87.0s
[2026-07-14 02:38:01]   Robot moved: True, path_min_dist: 1.30m
[2026-07-14 02:38:01] [NAV_FAIL] Recovering Nav2 before next trial...
[RECOVER] Attempting Nav2 recovery...
[SIM] Starting Nav2...
[SIM] Waiting for Nav2 initial startup (30s)...
[NAV2] local_costmap: found
[NAV2] navigate_to_pose action: found
[NAV2] Waiting for lifecycle activation... (17s)
[NAV2] Waiting for lifecycle activation... (35s)
[NAV2] Waiting for lifecycle activation... (53s)
[NAV2] Timeout waiting for Nav2 to be ready
[NAV2] Auto-activation timed out, trying manual lifecycle activation...
[NAV2] /controller_server lifecycle not active: 
[NAV2] Functional verification attempt 1/2 failed, retrying in 5s...
[NAV2] /controller_server lifecycle not active: 
[NAV2] Attempting manual lifecycle activation...
[NAV2] /controller_server attempting activate...
[NAV2] /controller_server manual activation failed: 
[NAV2] Functional verification failed after all retries
[ERROR] Nav2 lifecycle not ready after timeout + manual activation
[SIM] Attempting Nav2 restart (1/2)...
[SIM] Starting Nav2... (retry 1)
[SIM] Cleaning up before retry...
[SIM] Waiting for Nav2 initial startup (30s)...
[NAV2] local_costmap: found
[NAV2] navigate_to_pose action: found
[NAV2] Waiting for lifecycle activation... (17s)
[NAV2] Waiting for lifecycle activation... (35s)
[NAV2] Waiting for lifecycle activation... (53s)
[NAV2] Timeout waiting for Nav2 to be ready
[NAV2] Auto-activation timed out, trying manual lifecycle activation...
[NAV2] /controller_server lifecycle not active: 
[NAV2] Functional verification attempt 1/2 failed, retrying in 5s...
[NAV2] /controller_server lifecycle not active: 
[NAV2] Attempting manual lifecycle activation...
[NAV2] /controller_server attempting activate...
[NAV2] /controller_server manual activation failed: 
[NAV2] Functional verification failed after all retries
[ERROR] Nav2 lifecycle not ready after timeout + manual activation
[SIM] Attempting Nav2 restart (2/2)...
[SIM] Starting Nav2... (retry 2)
[SIM] Cleaning up before retry...
[CLEANUP] Starting process cleanup...
[CLEANUP] Resetting ROS2 daemon...
[CLEANUP] Complete (killed 0 process groups)
[SIM] Waiting for Nav2 initial startup (30s)...
[NAV2] local_costmap: found
[NAV2] navigate_to_pose action: found
[NAV2] Waiting for lifecycle activation... (17s)
[NAV2] Waiting for lifecycle activation... (35s)
[NAV2] Waiting for lifecycle activation... (53s)
[NAV2] Timeout waiting for Nav2 to be ready
[NAV2] Auto-activation timed out, trying manual lifecycle activation...
[NAV2] /controller_server lifecycle check timed out
[NAV2] Functional verification attempt 1/2 failed, retrying in 5s...
[NAV2] /controller_server lifecycle check timed out
[NAV2] Attempting manual lifecycle activation...
[NAV2] /controller_server manual lifecycle transition failed: Command 'source /opt/ros/jazzy/setup.bash && ros2 lifecycle get /controller_server 2>/dev/null' timed out after 10.0 seconds
[NAV2] Functional verification failed after all retries
[ERROR] Nav2 lifecycle not ready after timeout + manual activation
[ERROR] Nav2 failed to stabilize after all retries
[RECOVER] Nav2 restart failed
[RECOVER] Trying with daemon reset...
[RECOVER] Attempting Nav2 recovery...
[RECOVER] Resetting ROS2 daemon...
[CLEANUP] Starting process cleanup...
[CLEANUP] Resetting ROS2 daemon...
[CLEANUP] Complete (killed 0 process groups)
[SIM] Starting Nav2...
[SIM] Waiting for Nav2 initial startup (30s)...
[NAV2] local_costmap: found
[NAV2] navigate_to_pose action: found
[NAV2] Waiting for lifecycle activation... (17s)
[NAV2] Waiting for lifecycle activation... (35s)
[NAV2] Waiting for lifecycle activation... (53s)
[NAV2] Timeout waiting for Nav2 to be ready
[NAV2] Auto-activation timed out, trying manual lifecycle activation...
[NAV2] /controller_server lifecycle check timed out
[NAV2] Functional verification attempt 1/2 failed, retrying in 5s...
[NAV2] /controller_server lifecycle check timed out
[NAV2] Attempting manual lifecycle activation...
[NAV2] /controller_server manual lifecycle transition failed: Command 'source /opt/ros/jazzy/setup.bash && ros2 lifecycle get /controller_server 2>/dev/null' timed out after 10.0 seconds
[NAV2] Functional verification failed after all retries
[ERROR] Nav2 lifecycle not ready after timeout + manual activation
[SIM] Attempting Nav2 restart (1/2)...
[SIM] Starting Nav2... (retry 1)
[SIM] Cleaning up before retry...
[SIM] Waiting for Nav2 initial startup (30s)...
[NAV2] local_costmap: found
[NAV2] navigate_to_pose action: found
[NAV2] Waiting for lifecycle activation... (17s)
[NAV2] Waiting for lifecycle activation... (35s)
[NAV2] Waiting for lifecycle activation... (53s)
[NAV2] Timeout waiting for Nav2 to be ready
[NAV2] Auto-activation timed out, trying manual lifecycle activation...
[NAV2] /controller_server lifecycle not active: 
[NAV2] Functional verification attempt 1/2 failed, retrying in 5s...
[NAV2] /controller_server lifecycle not active: 
[NAV2] Attempting manual lifecycle activation...
[NAV2] /controller_server attempting activate...
[NAV2] /controller_server manual activation failed: 
[NAV2] Functional verification failed after all retries
[ERROR] Nav2 lifecycle not ready after timeout + manual activation
[SIM] Attempting Nav2 restart (2/2)...
[SIM] Starting Nav2... (retry 2)
[SIM] Cleaning up before retry...
[CLEANUP] Starting process cleanup...
[CLEANUP] Resetting ROS2 daemon...
[CLEANUP] Complete (killed 0 process groups)
[SIM] Waiting for Nav2 initial startup (30s)...
[NAV2] local_costmap: found
[NAV2] navigate_to_pose action: found
[NAV2] Waiting for lifecycle activation... (17s)
[NAV2] Waiting for lifecycle activation... (35s)
[NAV2] Waiting for lifecycle activation... (53s)
[NAV2] Timeout waiting for Nav2 to be ready
[NAV2] Auto-activation timed out, trying manual lifecycle activation...
[NAV2] /controller_server lifecycle check timed out
[NAV2] Functional verification attempt 1/2 failed, retrying in 5s...
[NAV2] /controller_server lifecycle check timed out
[NAV2] Attempting manual lifecycle activation...
[NAV2] /controller_server manual lifecycle transition failed: Command 'source /opt/ros/jazzy/setup.bash && ros2 lifecycle get /controller_server 2>/dev/null' timed out after 10.0 seconds
[NAV2] Functional verification failed after all retries
[ERROR] Nav2 lifecycle not ready after timeout + manual activation
[ERROR] Nav2 failed to stabilize after all retries
[RECOVER] Nav2 restart failed
[RECOVER] Daemon reset didn't help, trying full restart...
[RECOVER] Attempting Nav2 recovery...
[RECOVER] Performing full simulation restart (world: warehouse.sdf)...
[SIM] Stopping all processes...
[CLEANUP] Starting process cleanup...
[CLEANUP] Resetting ROS2 daemon...
[CLEANUP] Complete (killed 0 process groups)
[SIM] All processes stopped
[SIM] Starting Gazebo...
[CLEANUP] Starting process cleanup...
[CLEANUP] Complete (killed 0 process groups)
[SIM] gz sim still alive (1 procs), force-killing PGIDs (attempt 1/5)...
[SIM] gz sim still alive (1 procs), force-killing PGIDs (attempt 2/5)...
[SIM] gz sim still alive (1 procs), force-killing PGIDs (attempt 3/5)...
[SIM] gz sim still alive (1 procs), force-killing PGIDs (attempt 4/5)...
[SIM] gz sim still alive (1 procs), force-killing PGIDs (attempt 5/5)...
[SIM][WARNING] Could not kill all gz sim processes — proceeding anyway
The daemon has been started
[SIM] Waiting for Gazebo (180s)...
[SIM] Gazebo started successfully
[SIM] robot_state_publisher: running
[SIM] Starting odom relay (odom_real → odom)...
[SIM] Odom relay started
[SIM] Starting scan relay (scan_real → scan)...
[SIM] Scan relay started, verifying /scan topic...
[SIM] /scan topic verified - data flowing
[SIM] Starting Nav2...
[SIM] Waiting for Nav2 initial startup (30s)...
[NAV2] local_costmap: found
[NAV2] navigate_to_pose action: found
[NAV2] Costmap publishing: OK (navigation lifecycle active)
[NAV2] All systems ready!
[SIM] Final verification: checking navigate_to_pose action...
[SIM] Nav2 started successfully and action server verified!
[SIM] Starting geofence with method: no_guard, params: {}, comm_latency_ms: 0
[SIM] Waiting for geofence (20s)...
[SIM] Geofence started with method: no_guard (cmd_vel_guard: False)
[SIM] cmd_vel_guard disabled, starting cmd_vel relay for navigation...
[SIM] Starting cmd_vel relay (cmd_vel_nav → cmd_vel)...
[SIM] cmd_vel relay started
[RECOVER] Full simulation restart successful
[SIM] Stopping all processes...
[CLEANUP] Starting process cleanup...
[CLEANUP] Complete (killed 0 process groups)
[SIM] All processes stopped
[2026-07-14 02:52:53] 
================================================================================
[2026-07-14 02:52:53] CONFUSION MATRIX SUMMARY BY METHOD
[2026-07-14 02:52:53] ================================================================================

Method         Total   TP   FP   TN   FN INFRA   Prec    Rec     F1     VR     Hz  Lat(ms)
------------------------------------------------------------------------------------------
no_guard           1    0    0    0    0     1  0.00  0.00  0.00   0.0%   6.7  3780.2
[2026-07-14 02:52:53] 
--------------------------------------------------------------------------------
[2026-07-14 02:52:53] BOOTSTRAP 95% CONFIDENCE INTERVALS
[2026-07-14 02:52:53] --------------------------------------------------------------------------------

Method                  Prec CI           Rec CI            F1 CI            VR CI
----------------------------------------------------------------------------------
no_guard       [0.00,0.00]  [0.00,0.00]  [0.00,0.00]  [0.0,0.0]%
[2026-07-14 02:52:53] 
--------------------------------------------------------------------------------
[2026-07-14 02:52:53] GEOFENCE MARGIN ANALYSIS
[2026-07-14 02:52:53] Geofence margin = k_sigma * sigma_loc + e_track + v_max * tau = 3 * 0.15 + 0.05 + 0.5 * 0.1 = 0.55m. Expanded zone y_max = 1.0 + 0.55 = 1.55m. S3 clip_boundary (7,1.2): at x=4, y=0.69 (in zone); at x=5.83, y=1.0 (exits zone). Path clips zone upper boundary.
[2026-07-14 02:52:53] 
============================================================
[2026-07-14 02:52:53] Experiment Complete!
[2026-07-14 02:52:53] ============================================================
-------- done bias_hc_mid s2 --------
ALL HC VERIFY DONE
