######## CELL clean_memoryless  (detector=memoryless, intensity=warehouse_clean6) ########
======== clean_memoryless valid=0 seedslot=0 attempt=0 ========
Generated 1 trials
Methods: ['geofence']
Scenarios: ['S5']
Seeds: 1 (offset=0, range=s0-s0)
Include sweep: False
Runtime monitoring: False

Trials by scenario: {'S5': 1}
Trials by method: {'geofence': 1}
[2026-07-15 14:07:10] ============================================================
[2026-07-15 14:07:10] Starting Gazebo S1-S5 Experiment
[2026-07-15 14:07:10] ============================================================
[CLEANUP] Starting process cleanup...
[CLEANUP] Complete (killed 0 process groups)
[2026-07-15 14:07:14] [OUTPUT] Writing results to experiment_results/gazebo_s1_s6/money_2x2/results_clean_memoryless_v0.jsonl
[2026-07-15 14:07:14] 
============================================================
[2026-07-15 14:07:14] Method: geofence
[2026-07-15 14:07:14] ============================================================
[2026-07-15 14:07:14] [WORLD] Starting with warehouse.sdf for scenarios: ['S5'] (cmd_vel_guard ON)
[DEBUG] restart_with_method called: method=geofence, params={}, world=warehouse.sdf, guard=True
[SIM] Full restart for method: geofence (world: warehouse.sdf)
[SIM] Stopping all processes...
[CLEANUP] Starting process cleanup...
[CLEANUP] Complete (killed 0 process groups)
[SIM] All processes stopped
[SIM] Starting Gazebo...
[CLEANUP] Starting process cleanup...
[CLEANUP] Complete (killed 0 process groups)
[SIM] gz sim still alive (1 procs), force-killing PGIDs (attempt 1/5)...
[SIM] gz sim still alive (1 procs), force-killing PGIDs (attempt 2/5)...
[SIM] gz sim still alive (1 procs), force-killing PGIDs (attempt 3/5)...
[SIM] gz sim still alive (1 procs), force-killing PGIDs (attempt 4/5)...
[SIM] gz sim still alive (1 procs), force-killing PGIDs (attempt 5/5)...
[SIM][WARNING] Could not kill all gz sim processes — proceeding anyway
The daemon has been started
[SIM] Waiting for Gazebo (180s)...
[SIM] Gazebo started successfully
[SIM] robot_state_publisher: running
[SIM] Starting odom relay (odom_real → odom)...
[SIM] Odom relay started
[SIM] Starting scan relay (scan_real → scan)...
[SIM] Scan relay started, verifying /scan topic...
[SIM] /scan topic verified - data flowing
[SIM] Starting Nav2...
[SIM] Waiting for Nav2 initial startup (30s)...
[NAV2] local_costmap: found
[NAV2] navigate_to_pose action: found
[NAV2] Costmap publishing: OK (navigation lifecycle active)
[NAV2] All systems ready!
[SIM] Final verification: checking navigate_to_pose action...
[SIM] Nav2 started successfully and action server verified!
[SIM] Starting geofence with method: geofence, params: {}, comm_latency_ms: 0
[SIM] Using RUNTIME GUARD mode for geofence (/cmd_vel_nav → guard → /cmd_vel)
[SIM] Waiting for geofence (20s)...
[SIM] Geofence started with method: geofence (cmd_vel_guard: True)
[SIM] Standalone cmd_vel_guard started successfully
[2026-07-15 14:09:09] [WAIT] High system load, waiting...
[WAIT] System busy (load=8.6, mem=61.4%), waiting...
[WAIT] System busy (load=8.1, mem=61.3%), waiting...
[2026-07-15 14:09:19] [GEOFENCE] Restarting geofence (sigma=0.15, v_max=0.5, tau=0.1, eps=0.003, a_max=2.5)...
[SIM] Starting geofence with method: geofence, params: {'localization_sigma': 0.15, 'v_max': 0.5, 'latency': 0.1, 'epsilon': 0.003, 'a_max': 2.5, 'e_0': 0.03, 'c_1': 0.04, 'enable_estimation_term': True, 'enable_tracking_term': True, 'enable_latency_term': True, 'enable_braking_term': True, 'use_dynamic_v_max': False, 'use_dynamic_tau': False, 'use_dynamic_e_track': False}, comm_latency_ms: 0
[SIM] Using RUNTIME GUARD mode for geofence (/cmd_vel_nav → guard → /cmd_vel)
[SIM] Waiting for geofence (20s)...
[SIM] Geofence started with method: geofence (cmd_vel_guard: True)
[SIM] Standalone cmd_vel_guard started successfully
[2026-07-15 14:09:48] 
Trial 1/1: S5_geofence_warehouse_clean6_s0
[2026-07-15 14:09:48]   Goal: (0.00, 6.00)
[2026-07-15 14:09:48]   Warehouse clean nav to (0,6) — map_spoof false-alarm control
[2026-07-15 14:09:48] [RESET] Resetting robot pose to origin...
[RESET] Teleporting robot to (0.0, 0.0, θ=0.0)
[RESET] Cancelling any active navigation goals...
[RESET] Stopping robot movement...
[RESET] Waiting for TF to stabilize...
[RESET] Setting AMCL initial pose...
[RESET] Waiting for AMCL convergence...
[RESET] AMCL converged: (0.00, 0.00), error: 0.00m
[RESET] Robot pose reset complete
[2026-07-15 14:12:25]   Result: allow (PASS)
[2026-07-15 14:12:25]   Reason: Goal reached successfully (dist=0.79m)
[2026-07-15 14:12:25]   Time: 157.5s
[2026-07-15 14:12:25]   Robot moved: True, path_min_dist: 1.00m
[SIM] Stopping all processes...
[CLEANUP] Starting process cleanup...
[CLEANUP] Complete (killed 0 process groups)
[SIM] All processes stopped
[2026-07-15 14:12:40] 
================================================================================
[2026-07-15 14:12:40] CONFUSION MATRIX SUMMARY BY METHOD
[2026-07-15 14:12:40] ================================================================================

Method         Total   TP   FP   TN   FN INFRA   Prec    Rec     F1     VR     Hz  Lat(ms)
------------------------------------------------------------------------------------------
geofence           1    0    0    1    0     0  0.00  0.00  0.00   0.0%   6.2 103035.8
[2026-07-15 14:12:40] 
--------------------------------------------------------------------------------
[2026-07-15 14:12:40] BOOTSTRAP 95% CONFIDENCE INTERVALS
[2026-07-15 14:12:40] --------------------------------------------------------------------------------

Method                  Prec CI           Rec CI            F1 CI            VR CI
----------------------------------------------------------------------------------
geofence       [0.00,0.00]  [0.00,0.00]  [0.00,0.00]  [0.0,0.0]%
[2026-07-15 14:12:40] 
--------------------------------------------------------------------------------
[2026-07-15 14:12:40] GEOFENCE MARGIN ANALYSIS
[2026-07-15 14:12:40] Geofence margin = k_sigma * sigma_loc + e_track + v_max * tau = 3 * 0.15 + 0.05 + 0.5 * 0.1 = 0.55m. Expanded zone y_max = 1.0 + 0.55 = 1.55m. S3 clip_boundary (7,1.2): at x=4, y=0.69 (in zone); at x=5.83, y=1.0 (exits zone). Path clips zone upper boundary.
[2026-07-15 14:12:40] 
============================================================
[2026-07-15 14:12:40] Experiment Complete!
[2026-07-15 14:12:40] ============================================================
-------- clean_memoryless valid trial 1/3 recorded --------
======== clean_memoryless valid=1 seedslot=1 attempt=0 ========
Generated 1 trials
Methods: ['geofence']
Scenarios: ['S5']
Seeds: 1 (offset=1, range=s1-s1)
Include sweep: False
Runtime monitoring: False

Trials by scenario: {'S5': 1}
Trials by method: {'geofence': 1}
[2026-07-15 14:12:43] ============================================================
[2026-07-15 14:12:43] Starting Gazebo S1-S5 Experiment
[2026-07-15 14:12:43] ============================================================
[CLEANUP] Starting process cleanup...
[CLEANUP] Complete (killed 0 process groups)
[2026-07-15 14:12:46] [OUTPUT] Writing results to experiment_results/gazebo_s1_s6/money_2x2/results_clean_memoryless_v1.jsonl
[2026-07-15 14:12:46] 
============================================================
[2026-07-15 14:12:46] Method: geofence
[2026-07-15 14:12:46] ============================================================
[2026-07-15 14:12:46] [WORLD] Starting with warehouse.sdf for scenarios: ['S5'] (cmd_vel_guard ON)
[DEBUG] restart_with_method called: method=geofence, params={}, world=warehouse.sdf, guard=True
[SIM] Full restart for method: geofence (world: warehouse.sdf)
[SIM] Stopping all processes...
[CLEANUP] Starting process cleanup...
[CLEANUP] Complete (killed 0 process groups)
[SIM] All processes stopped
[SIM] Starting Gazebo...
[CLEANUP] Starting process cleanup...
[CLEANUP] Complete (killed 0 process groups)
[SIM] gz sim still alive (1 procs), force-killing PGIDs (attempt 1/5)...
[SIM] gz sim still alive (1 procs), force-killing PGIDs (attempt 2/5)...
[SIM] gz sim still alive (1 procs), force-killing PGIDs (attempt 3/5)...
[SIM] gz sim still alive (1 procs), force-killing PGIDs (attempt 4/5)...
[SIM] gz sim still alive (1 procs), force-killing PGIDs (attempt 5/5)...
[SIM][WARNING] Could not kill all gz sim processes — proceeding anyway
The daemon has been started
[SIM] Waiting for Gazebo (180s)...
[SIM] Gazebo started successfully
[SIM] robot_state_publisher: running
[SIM] Starting odom relay (odom_real → odom)...
[SIM] Odom relay started
[SIM] Starting scan relay (scan_real → scan)...
[SIM] Scan relay started, verifying /scan topic...
[SIM] /scan topic verified - data flowing
[SIM] Starting Nav2...
[SIM] Waiting for Nav2 initial startup (30s)...
[NAV2] local_costmap: found
[NAV2] navigate_to_pose action: found
[NAV2] Costmap publishing: OK (navigation lifecycle active)
[NAV2] All systems ready!
[SIM] Final verification: checking navigate_to_pose action...
[SIM] Nav2 started successfully and action server verified!
[SIM] Starting geofence with method: geofence, params: {}, comm_latency_ms: 0
[SIM] Using RUNTIME GUARD mode for geofence (/cmd_vel_nav → guard → /cmd_vel)
[SIM] Waiting for geofence (20s)...
[SIM] Geofence started with method: geofence (cmd_vel_guard: True)
[SIM] Standalone cmd_vel_guard started successfully
[2026-07-15 14:14:41] [GEOFENCE] Restarting geofence (sigma=0.15, v_max=0.5, tau=0.1, eps=0.003, a_max=2.5)...
[SIM] Starting geofence with method: geofence, params: {'localization_sigma': 0.15, 'v_max': 0.5, 'latency': 0.1, 'epsilon': 0.003, 'a_max': 2.5, 'e_0': 0.03, 'c_1': 0.04, 'enable_estimation_term': True, 'enable_tracking_term': True, 'enable_latency_term': True, 'enable_braking_term': True, 'use_dynamic_v_max': False, 'use_dynamic_tau': False, 'use_dynamic_e_track': False}, comm_latency_ms: 50
[SIM] Using RUNTIME GUARD mode for geofence (/cmd_vel_nav → guard → /cmd_vel)
[SIM] Waiting for geofence (20s)...
[SIM] Geofence started with method: geofence (cmd_vel_guard: True)
[SIM] Standalone cmd_vel_guard started successfully (comm_latency=50ms)
[2026-07-15 14:15:10] 
Trial 1/1: S5_geofence_warehouse_clean6_s1
[2026-07-15 14:15:10]   Goal: (0.00, 6.00)
[2026-07-15 14:15:10]   Warehouse clean nav to (0,6) — map_spoof false-alarm control
[2026-07-15 14:15:10]   Comm latency: 50ms
[2026-07-15 14:15:10] [RESET] Resetting robot pose to origin...
[RESET] Teleporting robot to (0.0, 0.0, θ=0.0)
[RESET] Cancelling any active navigation goals...
[RESET] Stopping robot movement...
[RESET] Waiting for TF to stabilize...
[RESET] Setting AMCL initial pose...
[RESET] Waiting for AMCL convergence...
[RESET] AMCL converged: (0.00, 0.00), error: 0.00m
[RESET] Robot pose reset complete
[2026-07-15 14:18:00]   Result: allow (PASS)
[2026-07-15 14:18:00]   Reason: Goal reached successfully (dist=0.79m)
[2026-07-15 14:18:00]   Time: 170.1s
[2026-07-15 14:18:00]   Robot moved: True, path_min_dist: 1.01m
[SIM] Stopping all processes...
[CLEANUP] Starting process cleanup...
[CLEANUP] Complete (killed 0 process groups)
[SIM] All processes stopped
[2026-07-15 14:18:15] 
================================================================================
[2026-07-15 14:18:15] CONFUSION MATRIX SUMMARY BY METHOD
[2026-07-15 14:18:15] ================================================================================

Method         Total   TP   FP   TN   FN INFRA   Prec    Rec     F1     VR     Hz  Lat(ms)
------------------------------------------------------------------------------------------
geofence           1    0    0    1    0     0  0.00  0.00  0.00   0.0%   6.2 133654.7
[2026-07-15 14:18:15] 
--------------------------------------------------------------------------------
[2026-07-15 14:18:15] BOOTSTRAP 95% CONFIDENCE INTERVALS
[2026-07-15 14:18:15] --------------------------------------------------------------------------------

Method                  Prec CI           Rec CI            F1 CI            VR CI
----------------------------------------------------------------------------------
geofence       [0.00,0.00]  [0.00,0.00]  [0.00,0.00]  [0.0,0.0]%
[2026-07-15 14:18:15] 
--------------------------------------------------------------------------------
[2026-07-15 14:18:15] GEOFENCE MARGIN ANALYSIS
[2026-07-15 14:18:15] Geofence margin = k_sigma * sigma_loc + e_track + v_max * tau = 3 * 0.15 + 0.05 + 0.5 * 0.1 = 0.55m. Expanded zone y_max = 1.0 + 0.55 = 1.55m. S3 clip_boundary (7,1.2): at x=4, y=0.69 (in zone); at x=5.83, y=1.0 (exits zone). Path clips zone upper boundary.
[2026-07-15 14:18:15] 
============================================================
[2026-07-15 14:18:15] Experiment Complete!
[2026-07-15 14:18:15] ============================================================
-------- clean_memoryless valid trial 2/3 recorded --------
======== clean_memoryless valid=2 seedslot=2 attempt=0 ========
Generated 1 trials
Methods: ['geofence']
Scenarios: ['S5']
Seeds: 1 (offset=2, range=s2-s2)
Include sweep: False
Runtime monitoring: False

Trials by scenario: {'S5': 1}
Trials by method: {'geofence': 1}
[2026-07-15 14:18:18] ============================================================
[2026-07-15 14:18:18] Starting Gazebo S1-S5 Experiment
[2026-07-15 14:18:18] ============================================================
[CLEANUP] Starting process cleanup...
[CLEANUP] Complete (killed 0 process groups)
[2026-07-15 14:18:21] [OUTPUT] Writing results to experiment_results/gazebo_s1_s6/money_2x2/results_clean_memoryless_v2.jsonl
[2026-07-15 14:18:21] 
============================================================
[2026-07-15 14:18:21] Method: geofence
[2026-07-15 14:18:21] ============================================================
[2026-07-15 14:18:21] [WORLD] Starting with warehouse.sdf for scenarios: ['S5'] (cmd_vel_guard ON)
[DEBUG] restart_with_method called: method=geofence, params={}, world=warehouse.sdf, guard=True
[SIM] Full restart for method: geofence (world: warehouse.sdf)
[SIM] Stopping all processes...
[CLEANUP] Starting process cleanup...
[CLEANUP] Complete (killed 0 process groups)
[SIM] All processes stopped
[SIM] Starting Gazebo...
[CLEANUP] Starting process cleanup...
[CLEANUP] Complete (killed 0 process groups)
[SIM] gz sim still alive (1 procs), force-killing PGIDs (attempt 1/5)...
[SIM] gz sim still alive (1 procs), force-killing PGIDs (attempt 2/5)...
[SIM] gz sim still alive (1 procs), force-killing PGIDs (attempt 3/5)...
[SIM] gz sim still alive (1 procs), force-killing PGIDs (attempt 4/5)...
[SIM] gz sim still alive (1 procs), force-killing PGIDs (attempt 5/5)...
[SIM][WARNING] Could not kill all gz sim processes — proceeding anyway
The daemon has been started
[SIM] Waiting for Gazebo (180s)...
[SIM] Gazebo started successfully
[SIM] robot_state_publisher: running
[SIM] Starting odom relay (odom_real → odom)...
[SIM] Odom relay started
[SIM] Starting scan relay (scan_real → scan)...
[SIM] Scan relay started, verifying /scan topic...
[SIM] /scan topic verified - data flowing
[SIM] Starting Nav2...
[SIM] Waiting for Nav2 initial startup (30s)...
[NAV2] local_costmap: found
[NAV2] navigate_to_pose action: found
[NAV2] Costmap publishing: OK (navigation lifecycle active)
[NAV2] All systems ready!
[SIM] Final verification: checking navigate_to_pose action...
[SIM] Nav2 started successfully and action server verified!
[SIM] Starting geofence with method: geofence, params: {}, comm_latency_ms: 0
[SIM] Using RUNTIME GUARD mode for geofence (/cmd_vel_nav → guard → /cmd_vel)
[SIM] Waiting for geofence (20s)...
[SIM] Geofence started with method: geofence (cmd_vel_guard: True)
[SIM] Standalone cmd_vel_guard started successfully
[2026-07-15 14:20:17] [GEOFENCE] Restarting geofence (sigma=0.15, v_max=0.5, tau=0.1, eps=0.003, a_max=2.5)...
[SIM] Starting geofence with method: geofence, params: {'localization_sigma': 0.15, 'v_max': 0.5, 'latency': 0.1, 'epsilon': 0.003, 'a_max': 2.5, 'e_0': 0.03, 'c_1': 0.04, 'enable_estimation_term': True, 'enable_tracking_term': True, 'enable_latency_term': True, 'enable_braking_term': True, 'use_dynamic_v_max': False, 'use_dynamic_tau': False, 'use_dynamic_e_track': False}, comm_latency_ms: 100
[SIM] Using RUNTIME GUARD mode for geofence (/cmd_vel_nav → guard → /cmd_vel)
[SIM] Waiting for geofence (20s)...
[SIM] Geofence started with method: geofence (cmd_vel_guard: True)
[SIM] Standalone cmd_vel_guard started successfully (comm_latency=100ms)
[2026-07-15 14:20:46] 
Trial 1/1: S5_geofence_warehouse_clean6_s2
[2026-07-15 14:20:46]   Goal: (0.00, 6.00)
[2026-07-15 14:20:46]   Warehouse clean nav to (0,6) — map_spoof false-alarm control
[2026-07-15 14:20:46]   Comm latency: 100ms
[2026-07-15 14:20:46] [RESET] Resetting robot pose to origin...
[RESET] Teleporting robot to (0.0, 0.0, θ=0.0)
[RESET] Cancelling any active navigation goals...
[RESET] Stopping robot movement...
[RESET] Waiting for TF to stabilize...
[RESET] Setting AMCL initial pose...
[RESET] Waiting for AMCL convergence...
[RESET] AMCL converged: (-0.00, 0.00), error: 0.00m
[RESET] Robot pose reset complete
[2026-07-15 14:23:08]   Result: allow (PASS)
[2026-07-15 14:23:08]   Reason: Goal reached successfully (dist=0.79m)
[2026-07-15 14:23:08]   Time: 142.4s
[2026-07-15 14:23:08]   Robot moved: True, path_min_dist: 1.01m
[SIM] Stopping all processes...
[CLEANUP] Starting process cleanup...
[CLEANUP] Complete (killed 0 process groups)
[SIM] All processes stopped
[2026-07-15 14:23:23] 
================================================================================
[2026-07-15 14:23:23] CONFUSION MATRIX SUMMARY BY METHOD
[2026-07-15 14:23:23] ================================================================================

Method         Total   TP   FP   TN   FN INFRA   Prec    Rec     F1     VR     Hz  Lat(ms)
------------------------------------------------------------------------------------------
geofence           1    0    0    1    0     0  0.00  0.00  0.00   0.0%   5.8 99913.9
[2026-07-15 14:23:23] 
--------------------------------------------------------------------------------
[2026-07-15 14:23:23] BOOTSTRAP 95% CONFIDENCE INTERVALS
[2026-07-15 14:23:23] --------------------------------------------------------------------------------

Method                  Prec CI           Rec CI            F1 CI            VR CI
----------------------------------------------------------------------------------
geofence       [0.00,0.00]  [0.00,0.00]  [0.00,0.00]  [0.0,0.0]%
[2026-07-15 14:23:23] 
--------------------------------------------------------------------------------
[2026-07-15 14:23:23] GEOFENCE MARGIN ANALYSIS
[2026-07-15 14:23:23] Geofence margin = k_sigma * sigma_loc + e_track + v_max * tau = 3 * 0.15 + 0.05 + 0.5 * 0.1 = 0.55m. Expanded zone y_max = 1.0 + 0.55 = 1.55m. S3 clip_boundary (7,1.2): at x=4, y=0.69 (in zone); at x=5.83, y=1.0 (exits zone). Path clips zone upper boundary.
[2026-07-15 14:23:23] 
============================================================
[2026-07-15 14:23:23] Experiment Complete!
[2026-07-15 14:23:23] ============================================================
-------- clean_memoryless valid trial 3/3 recorded --------
######## CELL clean_cusum  (detector=cusum, intensity=warehouse_clean6) ########
======== clean_cusum valid=0 seedslot=0 attempt=0 ========
Generated 1 trials
Methods: ['geofence']
Scenarios: ['S5']
Seeds: 1 (offset=0, range=s0-s0)
Include sweep: False
Runtime monitoring: False

Trials by scenario: {'S5': 1}
Trials by method: {'geofence': 1}
[2026-07-15 14:23:26] ============================================================
[2026-07-15 14:23:26] Starting Gazebo S1-S5 Experiment
[2026-07-15 14:23:26] ============================================================
[CLEANUP] Starting process cleanup...
[CLEANUP] Complete (killed 0 process groups)
[2026-07-15 14:23:29] [OUTPUT] Writing results to experiment_results/gazebo_s1_s6/money_2x2/results_clean_cusum_v0.jsonl
[2026-07-15 14:23:29] 
============================================================
[2026-07-15 14:23:29] Method: geofence
[2026-07-15 14:23:29] ============================================================
[2026-07-15 14:23:29] [WORLD] Starting with warehouse.sdf for scenarios: ['S5'] (cmd_vel_guard ON)
[DEBUG] restart_with_method called: method=geofence, params={}, world=warehouse.sdf, guard=True
[SIM] Full restart for method: geofence (world: warehouse.sdf)
[SIM] Stopping all processes...
[CLEANUP] Starting process cleanup...
[CLEANUP] Complete (killed 0 process groups)
[SIM] All processes stopped
[SIM] Starting Gazebo...
[CLEANUP] Starting process cleanup...
[CLEANUP] Complete (killed 0 process groups)
[SIM] gz sim still alive (1 procs), force-killing PGIDs (attempt 1/5)...
[SIM] gz sim still alive (1 procs), force-killing PGIDs (attempt 2/5)...
[SIM] gz sim still alive (1 procs), force-killing PGIDs (attempt 3/5)...
[SIM] gz sim still alive (1 procs), force-killing PGIDs (attempt 4/5)...
[SIM] gz sim still alive (1 procs), force-killing PGIDs (attempt 5/5)...
[SIM][WARNING] Could not kill all gz sim processes — proceeding anyway
The daemon has been started
[SIM] Waiting for Gazebo (180s)...
[SIM] Gazebo started successfully
[SIM] robot_state_publisher: running
[SIM] Starting odom relay (odom_real → odom)...
[SIM] Odom relay started
[SIM] Starting scan relay (scan_real → scan)...
[SIM] Scan relay started, verifying /scan topic...
[SIM] /scan topic verified - data flowing
[SIM] Starting Nav2...
[SIM] Waiting for Nav2 initial startup (30s)...
[NAV2] local_costmap: found
[NAV2] navigate_to_pose action: found
[NAV2] Waiting for lifecycle activation... (17s)
[NAV2] Waiting for lifecycle activation... (35s)
[NAV2] Waiting for lifecycle activation... (53s)
[NAV2] Timeout waiting for Nav2 to be ready
[NAV2] Auto-activation timed out, trying manual lifecycle activation...
[NAV2] All lifecycle nodes active, action server responding
[NAV2] Manual activation succeeded!
[SIM] Final verification: checking navigate_to_pose action...
[SIM] Nav2 started successfully and action server verified!
[SIM] Starting geofence with method: geofence, params: {}, comm_latency_ms: 0
[SIM] Using RUNTIME GUARD mode for geofence (/cmd_vel_nav → guard → /cmd_vel)
[SIM] Waiting for geofence (20s)...
[SIM] Geofence started with method: geofence (cmd_vel_guard: True)
[SIM] Standalone cmd_vel_guard started successfully
[2026-07-15 14:26:34] [GEOFENCE] Restarting geofence (sigma=0.15, v_max=0.5, tau=0.1, eps=0.003, a_max=2.5)...
[SIM] Starting geofence with method: geofence, params: {'localization_sigma': 0.15, 'v_max': 0.5, 'latency': 0.1, 'epsilon': 0.003, 'a_max': 2.5, 'e_0': 0.03, 'c_1': 0.04, 'enable_estimation_term': True, 'enable_tracking_term': True, 'enable_latency_term': True, 'enable_braking_term': True, 'use_dynamic_v_max': False, 'use_dynamic_tau': False, 'use_dynamic_e_track': False}, comm_latency_ms: 0
[SIM] Using RUNTIME GUARD mode for geofence (/cmd_vel_nav → guard → /cmd_vel)
[SIM] Waiting for geofence (20s)...
[SIM] Geofence started with method: geofence (cmd_vel_guard: True)
[SIM] Standalone cmd_vel_guard started successfully
[2026-07-15 14:27:04] 
Trial 1/1: S5_geofence_warehouse_clean6_s0
[2026-07-15 14:27:04]   Goal: (0.00, 6.00)
[2026-07-15 14:27:04]   Warehouse clean nav to (0,6) — map_spoof false-alarm control
[2026-07-15 14:27:04] [RESET] Resetting robot pose to origin...
[RESET] Teleporting robot to (0.0, 0.0, θ=0.0)
[RESET] Cancelling any active navigation goals...
[RESET] Stopping robot movement...
[RESET] Waiting for TF to stabilize...
[RESET] Setting AMCL initial pose...
[RESET] Waiting for AMCL convergence...
[WARNING] AMCL may not have converged properly - forcing one more reset
[WARNING] TF not yet stable, waiting more...
[RESET] Robot pose reset complete
[WARN] Nav2 ABORTED for (0.00, 6.00) with method=geofence - treating as allow (Nav2 path failure)
[2026-07-15 14:28:56]   Result: allow (PASS)
[2026-07-15 14:28:56]   Reason: Navigation aborted (goal likely allowed by geofence, Nav2 pa
[2026-07-15 14:28:56]   Time: 112.5s
[2026-07-15 14:28:56]   Robot moved: True, path_min_dist: 1.30m
[SIM] Stopping all processes...
[CLEANUP] Starting process cleanup...
[CLEANUP] Complete (killed 0 process groups)
[SIM] All processes stopped
[2026-07-15 14:29:10] 
================================================================================
[2026-07-15 14:29:10] CONFUSION MATRIX SUMMARY BY METHOD
[2026-07-15 14:29:10] ================================================================================

Method         Total   TP   FP   TN   FN INFRA   Prec    Rec     F1     VR     Hz  Lat(ms)
------------------------------------------------------------------------------------------
geofence           1    0    0    1    0     0  0.00  0.00  0.00   0.0%   6.4  3172.6
[2026-07-15 14:29:10] 
--------------------------------------------------------------------------------
[2026-07-15 14:29:10] BOOTSTRAP 95% CONFIDENCE INTERVALS
[2026-07-15 14:29:10] --------------------------------------------------------------------------------

Method                  Prec CI           Rec CI            F1 CI            VR CI
----------------------------------------------------------------------------------
geofence       [0.00,0.00]  [0.00,0.00]  [0.00,0.00]  [0.0,0.0]%
[2026-07-15 14:29:10] 
--------------------------------------------------------------------------------
[2026-07-15 14:29:10] GEOFENCE MARGIN ANALYSIS
[2026-07-15 14:29:10] Geofence margin = k_sigma * sigma_loc + e_track + v_max * tau = 3 * 0.15 + 0.05 + 0.5 * 0.1 = 0.55m. Expanded zone y_max = 1.0 + 0.55 = 1.55m. S3 clip_boundary (7,1.2): at x=4, y=0.69 (in zone); at x=5.83, y=1.0 (exits zone). Path clips zone upper boundary.
[2026-07-15 14:29:10] 
============================================================
[2026-07-15 14:29:10] Experiment Complete!
[2026-07-15 14:29:10] ============================================================
-------- clean_cusum valid trial 1/3 recorded --------
======== clean_cusum valid=1 seedslot=1 attempt=0 ========
Generated 1 trials
Methods: ['geofence']
Scenarios: ['S5']
Seeds: 1 (offset=1, range=s1-s1)
Include sweep: False
Runtime monitoring: False

Trials by scenario: {'S5': 1}
Trials by method: {'geofence': 1}
[2026-07-15 14:29:13] ============================================================
[2026-07-15 14:29:13] Starting Gazebo S1-S5 Experiment
[2026-07-15 14:29:13] ============================================================
[CLEANUP] Starting process cleanup...
[CLEANUP] Complete (killed 0 process groups)
[WAIT] System busy (load=16.3, mem=59.5%), waiting...
[WAIT] System busy (load=15.1, mem=59.5%), waiting...
[WAIT] System busy (load=14.0, mem=59.5%), waiting...
[WAIT] System busy (load=13.0, mem=59.5%), waiting...
[WAIT] System busy (load=12.1, mem=59.5%), waiting...
[WAIT] System busy (load=11.2, mem=59.5%), waiting...
[WAIT] System busy (load=10.4, mem=59.6%), waiting...
[WAIT] System busy (load=9.6, mem=59.5%), waiting...
[WAIT] System busy (load=8.9, mem=59.6%), waiting...
[WAIT] System busy (load=8.3, mem=59.5%), waiting...
[2026-07-15 14:30:07] [OUTPUT] Writing results to experiment_results/gazebo_s1_s6/money_2x2/results_clean_cusum_v1.jsonl
[2026-07-15 14:30:07] 
============================================================
[2026-07-15 14:30:07] Method: geofence
[2026-07-15 14:30:07] ============================================================
[2026-07-15 14:30:07] [WORLD] Starting with warehouse.sdf for scenarios: ['S5'] (cmd_vel_guard ON)
[DEBUG] restart_with_method called: method=geofence, params={}, world=warehouse.sdf, guard=True
[SIM] Full restart for method: geofence (world: warehouse.sdf)
[SIM] Stopping all processes...
[CLEANUP] Starting process cleanup...
[CLEANUP] Complete (killed 0 process groups)
[SIM] All processes stopped
[SIM] Starting Gazebo...
[CLEANUP] Starting process cleanup...
[CLEANUP] Complete (killed 0 process groups)
[SIM] gz sim still alive (1 procs), force-killing PGIDs (attempt 1/5)...
[SIM] gz sim still alive (1 procs), force-killing PGIDs (attempt 2/5)...
[SIM] gz sim still alive (1 procs), force-killing PGIDs (attempt 3/5)...
[SIM] gz sim still alive (1 procs), force-killing PGIDs (attempt 4/5)...
[SIM] gz sim still alive (1 procs), force-killing PGIDs (attempt 5/5)...
[SIM][WARNING] Could not kill all gz sim processes — proceeding anyway
The daemon has been started
[SIM] Waiting for Gazebo (180s)...
[SIM] Gazebo started successfully
[SIM] robot_state_publisher: running
[SIM] Starting odom relay (odom_real → odom)...
[SIM] Odom relay started
[SIM] Starting scan relay (scan_real → scan)...
[SIM] Scan relay started, verifying /scan topic...
[SIM] /scan topic verified - data flowing
[SIM] Starting Nav2...
[SIM] Waiting for Nav2 initial startup (30s)...
[NAV2] local_costmap: found
[NAV2] navigate_to_pose action: found
[NAV2] Waiting for lifecycle activation... (17s)
[NAV2] Waiting for lifecycle activation... (35s)
[NAV2] Waiting for lifecycle activation... (53s)
[NAV2] Timeout waiting for Nav2 to be ready
[NAV2] Auto-activation timed out, trying manual lifecycle activation...
[NAV2] All lifecycle nodes active, action server responding
[NAV2] Manual activation succeeded!
[SIM] Final verification: checking navigate_to_pose action...
[SIM] Nav2 started successfully and action server verified!
[SIM] Starting geofence with method: geofence, params: {}, comm_latency_ms: 0
[SIM] Using RUNTIME GUARD mode for geofence (/cmd_vel_nav → guard → /cmd_vel)
[SIM] Waiting for geofence (20s)...
[SIM] Geofence started with method: geofence (cmd_vel_guard: True)
[SIM] Standalone cmd_vel_guard started successfully
[2026-07-15 14:33:12] [GEOFENCE] Restarting geofence (sigma=0.15, v_max=0.5, tau=0.1, eps=0.003, a_max=2.5)...
[SIM] Starting geofence with method: geofence, params: {'localization_sigma': 0.15, 'v_max': 0.5, 'latency': 0.1, 'epsilon': 0.003, 'a_max': 2.5, 'e_0': 0.03, 'c_1': 0.04, 'enable_estimation_term': True, 'enable_tracking_term': True, 'enable_latency_term': True, 'enable_braking_term': True, 'use_dynamic_v_max': False, 'use_dynamic_tau': False, 'use_dynamic_e_track': False}, comm_latency_ms: 50
[SIM] Using RUNTIME GUARD mode for geofence (/cmd_vel_nav → guard → /cmd_vel)
[SIM] Waiting for geofence (20s)...
[SIM] Geofence started with method: geofence (cmd_vel_guard: True)
[SIM] Standalone cmd_vel_guard started successfully (comm_latency=50ms)
[2026-07-15 14:33:41] 
Trial 1/1: S5_geofence_warehouse_clean6_s1
[2026-07-15 14:33:41]   Goal: (0.00, 6.00)
[2026-07-15 14:33:41]   Warehouse clean nav to (0,6) — map_spoof false-alarm control
[2026-07-15 14:33:41]   Comm latency: 50ms
[2026-07-15 14:33:41] [RESET] Resetting robot pose to origin...
[RESET] Teleporting robot to (0.0, 0.0, θ=0.0)
[RESET] Cancelling any active navigation goals...
[RESET] Stopping robot movement...
[RESET] Waiting for TF to stabilize...
[RESET] Setting AMCL initial pose...
[RESET] Waiting for AMCL convergence...
[WARNING] AMCL may not have converged properly - forcing one more reset
[WARNING] TF not yet stable, waiting more...
[RESET] Robot pose reset complete
[WARN] Nav2 ABORTED for (0.00, 6.00) with method=geofence - treating as allow (Nav2 path failure)
[2026-07-15 14:35:31]   Result: allow (PASS)
[2026-07-15 14:35:31]   Reason: Navigation aborted (goal likely allowed by geofence, Nav2 pa
[2026-07-15 14:35:31]   Time: 109.5s
[2026-07-15 14:35:31]   Robot moved: True, path_min_dist: 1.30m
[SIM] Stopping all processes...
[CLEANUP] Starting process cleanup...
[CLEANUP] Complete (killed 0 process groups)
[SIM] All processes stopped
[2026-07-15 14:35:45] 
================================================================================
[2026-07-15 14:35:45] CONFUSION MATRIX SUMMARY BY METHOD
[2026-07-15 14:35:45] ================================================================================

Method         Total   TP   FP   TN   FN INFRA   Prec    Rec     F1     VR     Hz  Lat(ms)
------------------------------------------------------------------------------------------
geofence           1    0    0    1    0     0  0.00  0.00  0.00   0.0%   6.3  2063.5
[2026-07-15 14:35:45] 
--------------------------------------------------------------------------------
[2026-07-15 14:35:45] BOOTSTRAP 95% CONFIDENCE INTERVALS
[2026-07-15 14:35:45] --------------------------------------------------------------------------------

Method                  Prec CI           Rec CI            F1 CI            VR CI
----------------------------------------------------------------------------------
geofence       [0.00,0.00]  [0.00,0.00]  [0.00,0.00]  [0.0,0.0]%
[2026-07-15 14:35:45] 
--------------------------------------------------------------------------------
[2026-07-15 14:35:45] GEOFENCE MARGIN ANALYSIS
[2026-07-15 14:35:45] Geofence margin = k_sigma * sigma_loc + e_track + v_max * tau = 3 * 0.15 + 0.05 + 0.5 * 0.1 = 0.55m. Expanded zone y_max = 1.0 + 0.55 = 1.55m. S3 clip_boundary (7,1.2): at x=4, y=0.69 (in zone); at x=5.83, y=1.0 (exits zone). Path clips zone upper boundary.
[2026-07-15 14:35:45] 
============================================================
[2026-07-15 14:35:45] Experiment Complete!
[2026-07-15 14:35:45] ============================================================
-------- clean_cusum valid trial 2/3 recorded --------
======== clean_cusum valid=2 seedslot=2 attempt=0 ========
Generated 1 trials
Methods: ['geofence']
Scenarios: ['S5']
Seeds: 1 (offset=2, range=s2-s2)
Include sweep: False
Runtime monitoring: False

Trials by scenario: {'S5': 1}
Trials by method: {'geofence': 1}
[2026-07-15 14:35:48] ============================================================
[2026-07-15 14:35:48] Starting Gazebo S1-S5 Experiment
[2026-07-15 14:35:48] ============================================================
[CLEANUP] Starting process cleanup...
[CLEANUP] Complete (killed 0 process groups)
[WAIT] System busy (load=23.8, mem=59.7%), waiting...
[WAIT] System busy (load=21.9, mem=59.7%), waiting...
[WAIT] System busy (load=20.4, mem=59.7%), waiting...
[WAIT] System busy (load=18.8, mem=59.7%), waiting...
[WAIT] System busy (load=17.4, mem=59.7%), waiting...
[WAIT] System busy (load=16.1, mem=59.7%), waiting...
[WAIT] System busy (load=15.0, mem=59.7%), waiting...
[WAIT] System busy (load=13.9, mem=59.7%), waiting...
[WAIT] System busy (load=12.8, mem=59.7%), waiting...
[WAIT] System busy (load=11.9, mem=59.7%), waiting...
[WAIT] System busy (load=11.0, mem=59.7%), waiting...
[WAIT] System busy (load=10.5, mem=59.7%), waiting...
[WAIT] Timeout waiting for system (load=9.8, mem=59.7%)
[2026-07-15 14:36:52] [OUTPUT] Writing results to experiment_results/gazebo_s1_s6/money_2x2/results_clean_cusum_v2.jsonl
[2026-07-15 14:36:52] 
============================================================
[2026-07-15 14:36:52] Method: geofence
[2026-07-15 14:36:52] ============================================================
[WAIT] System busy (load=9.8, mem=59.7%), waiting...
[WAIT] System busy (load=9.1, mem=59.7%), waiting...
[WAIT] System busy (load=8.4, mem=59.7%), waiting...
[2026-07-15 14:37:07] [WORLD] Starting with warehouse.sdf for scenarios: ['S5'] (cmd_vel_guard ON)
[DEBUG] restart_with_method called: method=geofence, params={}, world=warehouse.sdf, guard=True
[SIM] Full restart for method: geofence (world: warehouse.sdf)
[SIM] Stopping all processes...
[CLEANUP] Starting process cleanup...
[CLEANUP] Complete (killed 0 process groups)
[SIM] All processes stopped
[SIM] Starting Gazebo...
[CLEANUP] Starting process cleanup...
[CLEANUP] Complete (killed 0 process groups)
[SIM] gz sim still alive (1 procs), force-killing PGIDs (attempt 1/5)...
[SIM] gz sim still alive (1 procs), force-killing PGIDs (attempt 2/5)...
[SIM] gz sim still alive (1 procs), force-killing PGIDs (attempt 3/5)...
[SIM] gz sim still alive (1 procs), force-killing PGIDs (attempt 4/5)...
[SIM] gz sim still alive (1 procs), force-killing PGIDs (attempt 5/5)...
[SIM][WARNING] Could not kill all gz sim processes — proceeding anyway
The daemon has been started
[SIM] Waiting for Gazebo (180s)...
[SIM] Gazebo started successfully
[SIM] robot_state_publisher: running
[SIM] Starting odom relay (odom_real → odom)...
[SIM] Odom relay started
[SIM] Starting scan relay (scan_real → scan)...
[SIM] Scan relay started, verifying /scan topic...
[SIM] /scan topic verified - data flowing
[SIM] Starting Nav2...
[SIM] Waiting for Nav2 initial startup (30s)...
[NAV2] local_costmap: found
[NAV2] navigate_to_pose action: found
[NAV2] Waiting for lifecycle activation... (17s)
[NAV2] Waiting for lifecycle activation... (35s)
[NAV2] Waiting for lifecycle activation... (53s)
[NAV2] Timeout waiting for Nav2 to be ready
[NAV2] Auto-activation timed out, trying manual lifecycle activation...
[NAV2] All lifecycle nodes active, action server responding
[NAV2] Manual activation succeeded!
[SIM] Final verification: checking navigate_to_pose action...
[SIM] Nav2 started successfully and action server verified!
[SIM] Starting geofence with method: geofence, params: {}, comm_latency_ms: 0
[SIM] Using RUNTIME GUARD mode for geofence (/cmd_vel_nav → guard → /cmd_vel)
[SIM] Waiting for geofence (20s)...
[SIM] Geofence started with method: geofence (cmd_vel_guard: True)
[SIM] Standalone cmd_vel_guard started successfully
[2026-07-15 14:40:13] [GEOFENCE] Restarting geofence (sigma=0.15, v_max=0.5, tau=0.1, eps=0.003, a_max=2.5)...
[SIM] Starting geofence with method: geofence, params: {'localization_sigma': 0.15, 'v_max': 0.5, 'latency': 0.1, 'epsilon': 0.003, 'a_max': 2.5, 'e_0': 0.03, 'c_1': 0.04, 'enable_estimation_term': True, 'enable_tracking_term': True, 'enable_latency_term': True, 'enable_braking_term': True, 'use_dynamic_v_max': False, 'use_dynamic_tau': False, 'use_dynamic_e_track': False}, comm_latency_ms: 100
[SIM] Using RUNTIME GUARD mode for geofence (/cmd_vel_nav → guard → /cmd_vel)
[SIM] Waiting for geofence (20s)...
[SIM] Geofence started with method: geofence (cmd_vel_guard: True)
[SIM] Standalone cmd_vel_guard started successfully (comm_latency=100ms)
[2026-07-15 14:40:42] 
Trial 1/1: S5_geofence_warehouse_clean6_s2
[2026-07-15 14:40:42]   Goal: (0.00, 6.00)
[2026-07-15 14:40:42]   Warehouse clean nav to (0,6) — map_spoof false-alarm control
[2026-07-15 14:40:42]   Comm latency: 100ms
[2026-07-15 14:40:42] [RESET] Resetting robot pose to origin...
[RESET] Teleporting robot to (0.0, 0.0, θ=0.0)
[RESET] Cancelling any active navigation goals...
[RESET] Stopping robot movement...
[RESET] Waiting for TF to stabilize...
[RESET] Setting AMCL initial pose...
[RESET] Waiting for AMCL convergence...
[WARNING] AMCL may not have converged properly - forcing one more reset
[WARNING] TF not yet stable, waiting more...
[RESET] Robot pose reset complete
[WARN] Nav2 ABORTED for (0.00, 6.00) with method=geofence - treating as allow (Nav2 path failure)
[2026-07-15 14:42:37]   Result: allow (PASS)
[2026-07-15 14:42:37]   Reason: Navigation aborted (goal likely allowed by geofence, Nav2 pa
[2026-07-15 14:42:37]   Time: 114.7s
[2026-07-15 14:42:37]   Robot moved: True, path_min_dist: 1.30m
[SIM] Stopping all processes...
[CLEANUP] Starting process cleanup...
[CLEANUP] Complete (killed 0 process groups)
[SIM] All processes stopped
[2026-07-15 14:42:51] 
================================================================================
[2026-07-15 14:42:51] CONFUSION MATRIX SUMMARY BY METHOD
[2026-07-15 14:42:51] ================================================================================

Method         Total   TP   FP   TN   FN INFRA   Prec    Rec     F1     VR     Hz  Lat(ms)
------------------------------------------------------------------------------------------
geofence           1    0    0    1    0     0  0.00  0.00  0.00   0.0%   6.4  4087.8
[2026-07-15 14:42:51] 
--------------------------------------------------------------------------------
[2026-07-15 14:42:51] BOOTSTRAP 95% CONFIDENCE INTERVALS
[2026-07-15 14:42:51] --------------------------------------------------------------------------------

Method                  Prec CI           Rec CI            F1 CI            VR CI
----------------------------------------------------------------------------------
geofence       [0.00,0.00]  [0.00,0.00]  [0.00,0.00]  [0.0,0.0]%
[2026-07-15 14:42:51] 
--------------------------------------------------------------------------------
[2026-07-15 14:42:51] GEOFENCE MARGIN ANALYSIS
[2026-07-15 14:42:51] Geofence margin = k_sigma * sigma_loc + e_track + v_max * tau = 3 * 0.15 + 0.05 + 0.5 * 0.1 = 0.55m. Expanded zone y_max = 1.0 + 0.55 = 1.55m. S3 clip_boundary (7,1.2): at x=4, y=0.69 (in zone); at x=5.83, y=1.0 (exits zone). Path clips zone upper boundary.
[2026-07-15 14:42:51] 
============================================================
[2026-07-15 14:42:51] Experiment Complete!
[2026-07-15 14:42:51] ============================================================
-------- clean_cusum valid trial 3/3 recorded --------
######## CELL stealthy_memoryless  (detector=memoryless, intensity=map_spoof_mid) ########
======== stealthy_memoryless valid=0 seedslot=0 attempt=0 ========
Generated 1 trials
Methods: ['geofence']
Scenarios: ['S5']
Seeds: 1 (offset=0, range=s0-s0)
Include sweep: False
Runtime monitoring: False

Trials by scenario: {'S5': 1}
Trials by method: {'geofence': 1}
[2026-07-15 14:42:54] ============================================================
[2026-07-15 14:42:54] Starting Gazebo S1-S5 Experiment
[2026-07-15 14:42:54] ============================================================
[CLEANUP] Starting process cleanup...
[CLEANUP] Complete (killed 0 process groups)
[WAIT] System busy (load=14.7, mem=59.5%), waiting...
[WAIT] System busy (load=13.6, mem=59.4%), waiting...
[WAIT] System busy (load=12.6, mem=59.1%), waiting...
[WAIT] System busy (load=11.7, mem=59.1%), waiting...
[WAIT] System busy (load=10.8, mem=59.1%), waiting...
[WAIT] System busy (load=10.0, mem=59.1%), waiting...
[WAIT] System busy (load=9.3, mem=59.1%), waiting...
[WAIT] System busy (load=8.6, mem=59.1%), waiting...
[WAIT] System busy (load=8.0, mem=59.1%), waiting...
[2026-07-15 14:43:43] [OUTPUT] Writing results to experiment_results/gazebo_s1_s6/money_2x2/results_stealthy_memoryless_v0.jsonl
[2026-07-15 14:43:43] 
============================================================
[2026-07-15 14:43:43] Method: geofence
[2026-07-15 14:43:43] ============================================================
[2026-07-15 14:43:43] [WORLD] Starting with warehouse.sdf for scenarios: ['S5'] (cmd_vel_guard ON)
[DEBUG] restart_with_method called: method=geofence, params={}, world=warehouse.sdf, guard=True
[SIM] Full restart for method: geofence (world: warehouse.sdf)
[SIM] Stopping all processes...
[CLEANUP] Starting process cleanup...
[CLEANUP] Complete (killed 0 process groups)
[SIM] All processes stopped
[SIM] Starting Gazebo...
[CLEANUP] Starting process cleanup...
[CLEANUP] Complete (killed 0 process groups)
[SIM] gz sim still alive (1 procs), force-killing PGIDs (attempt 1/5)...
[SIM] gz sim still alive (1 procs), force-killing PGIDs (attempt 2/5)...
[SIM] gz sim still alive (1 procs), force-killing PGIDs (attempt 3/5)...
[SIM] gz sim still alive (1 procs), force-killing PGIDs (attempt 4/5)...
[SIM] gz sim still alive (1 procs), force-killing PGIDs (attempt 5/5)...
[SIM][WARNING] Could not kill all gz sim processes — proceeding anyway
The daemon has been started
[SIM] Waiting for Gazebo (180s)...
[SIM] Gazebo started successfully
[SIM] robot_state_publisher: running
[SIM] Starting odom relay (odom_real → odom)...
[SIM] Odom relay started
[SIM] Starting scan relay (scan_real → scan)...
[SIM] Scan relay started, verifying /scan topic...
[SIM] /scan topic verified - data flowing
[SIM] Starting Nav2...
[SIM] Waiting for Nav2 initial startup (30s)...
[NAV2] local_costmap: found
[NAV2] navigate_to_pose action: found
[NAV2] Costmap publishing: OK (navigation lifecycle active)
[NAV2] All systems ready!
[SIM] Final verification: checking navigate_to_pose action...
[SIM] Nav2 started successfully and action server verified!
[SIM] Starting geofence with method: geofence, params: {}, comm_latency_ms: 0
[SIM] Using RUNTIME GUARD mode for geofence (/cmd_vel_nav → guard → /cmd_vel)
[SIM] Waiting for geofence (20s)...
[SIM] Geofence started with method: geofence (cmd_vel_guard: True)
[SIM] Standalone cmd_vel_guard started successfully
[2026-07-15 14:45:34] [WAIT] High system load, waiting...
[WAIT] System busy (load=9.9, mem=62.5%), waiting...
[WAIT] System busy (load=9.5, mem=62.5%), waiting...
[WAIT] System busy (load=9.2, mem=62.5%), waiting...
[WAIT] System busy (load=9.4, mem=62.5%), waiting...
[WAIT] System busy (load=8.7, mem=62.6%), waiting...
[WAIT] System busy (load=8.5, mem=62.6%), waiting...
[WAIT] System busy (load=8.1, mem=62.5%), waiting...
[2026-07-15 14:46:09] [GEOFENCE] Restarting geofence (sigma=0.15, v_max=0.5, tau=0.1, eps=0.003, a_max=2.5)...
[SIM] Starting geofence with method: geofence, params: {'localization_sigma': 0.15, 'v_max': 0.5, 'latency': 0.1, 'epsilon': 0.003, 'a_max': 2.5, 'e_0': 0.03, 'c_1': 0.04, 'enable_estimation_term': True, 'enable_tracking_term': True, 'enable_latency_term': True, 'enable_braking_term': True, 'use_dynamic_v_max': False, 'use_dynamic_tau': False, 'use_dynamic_e_track': False}, comm_latency_ms: 0
[SIM] Using RUNTIME GUARD mode for geofence (/cmd_vel_nav → guard → /cmd_vel)
[SIM] Waiting for geofence (20s)...
[SIM] Geofence started with method: geofence (cmd_vel_guard: True)
[SIM] Standalone cmd_vel_guard started successfully
[2026-07-15 14:46:38] 
Trial 1/1: S5_geofence_map_spoof_mid_s0
[2026-07-15 14:46:38]   Goal: (0.00, 6.00)
[2026-07-15 14:46:38]   Map-consistent spoof: Δ 0.12 m/s, world −X pose (lures robot +X into aisle)
[2026-07-15 14:46:38] [RESET] Resetting robot pose to origin...
[RESET] Teleporting robot to (0.0, 0.0, θ=0.0)
[RESET] Cancelling any active navigation goals...
[RESET] Stopping robot movement...
[RESET] Waiting for TF to stabilize...
[RESET] Setting AMCL initial pose...
[RESET] Waiting for AMCL convergence...
[RESET] AMCL converged: (-0.08, 0.00), error: 0.08m
[WARNING] TF not yet stable, waiting more...
[RESET] Robot pose reset complete
[2026-07-15 14:47:21] [S5] Starting scan_spoofing attack (rotation=0.0°, scale=1.0, noise=0.0m)
[ATTACK] Starting scan_spoofing attack with rotation=0.0°, scale=1.0, noise=0.0m
[ATTACK] Stopping scan relay for scan spoofing attack...
[ATTACK] scan_spoofing attack started successfully
[2026-07-15 14:50:27] [GOAL_DEBUG] decision=timeout, reason=Goal timed out after 180s
[2026-07-15 14:50:27] [TIMEOUT→RUNTIME_REJECT] Robot didn't reach zone (path_min=0.40m) — cmd_vel_guard blocked. Skipping retry.
[2026-07-15 14:50:27] [S4] Stopping scan_spoofing attack
[ATTACK] Restarting scan relay after scan spoofing attack...
[SIM] Starting scan relay (scan_real → scan)...
[SIM] Scan relay started, verifying /scan topic...
[SIM] /scan topic verified - data flowing
[2026-07-15 14:50:33]   Result: runtime_reject (FAIL)
[2026-07-15 14:50:33]   Reason: Runtime guard blocked (timeout, path_min=0.40m)
[2026-07-15 14:50:33]   Time: 234.9s
[2026-07-15 14:50:33]   Robot moved: True, path_min_dist: 0.40m
[SIM] Stopping all processes...
[CLEANUP] Starting process cleanup...
[CLEANUP] Complete (killed 0 process groups)
[SIM] All processes stopped
[2026-07-15 14:50:47] 
================================================================================
[2026-07-15 14:50:47] CONFUSION MATRIX SUMMARY BY METHOD
[2026-07-15 14:50:47] ================================================================================

Method         Total   TP   FP   TN   FN INFRA   Prec    Rec     F1     VR     Hz  Lat(ms)
------------------------------------------------------------------------------------------
geofence           1    1    0    0    0     0  1.00  1.00  1.00   0.0%   6.3 180453.7
[2026-07-15 14:50:47] 
--------------------------------------------------------------------------------
[2026-07-15 14:50:47] BOOTSTRAP 95% CONFIDENCE INTERVALS
[2026-07-15 14:50:47] --------------------------------------------------------------------------------

Method                  Prec CI           Rec CI            F1 CI            VR CI
----------------------------------------------------------------------------------
geofence       [1.00,1.00]  [1.00,1.00]  [1.00,1.00]  [0.0,0.0]%
[2026-07-15 14:50:47] 
--------------------------------------------------------------------------------
[2026-07-15 14:50:47] GEOFENCE MARGIN ANALYSIS
[2026-07-15 14:50:47] Geofence margin = k_sigma * sigma_loc + e_track + v_max * tau = 3 * 0.15 + 0.05 + 0.5 * 0.1 = 0.55m. Expanded zone y_max = 1.0 + 0.55 = 1.55m. S3 clip_boundary (7,1.2): at x=4, y=0.69 (in zone); at x=5.83, y=1.0 (exits zone). Path clips zone upper boundary.
[2026-07-15 14:50:47] 
============================================================
[2026-07-15 14:50:47] Experiment Complete!
[2026-07-15 14:50:47] ============================================================
-------- stealthy_memoryless valid trial 1/3 recorded --------
======== stealthy_memoryless valid=1 seedslot=1 attempt=0 ========
Generated 1 trials
Methods: ['geofence']
Scenarios: ['S5']
Seeds: 1 (offset=1, range=s1-s1)
Include sweep: False
Runtime monitoring: False

Trials by scenario: {'S5': 1}
Trials by method: {'geofence': 1}
[2026-07-15 14:50:50] ============================================================
[2026-07-15 14:50:50] Starting Gazebo S1-S5 Experiment
[2026-07-15 14:50:50] ============================================================
[CLEANUP] Starting process cleanup...
[CLEANUP] Complete (killed 0 process groups)
[2026-07-15 14:50:54] [OUTPUT] Writing results to experiment_results/gazebo_s1_s6/money_2x2/results_stealthy_memoryless_v1.jsonl
[2026-07-15 14:50:54] 
============================================================
[2026-07-15 14:50:54] Method: geofence
[2026-07-15 14:50:54] ============================================================
[2026-07-15 14:50:54] [WORLD] Starting with warehouse.sdf for scenarios: ['S5'] (cmd_vel_guard ON)
[DEBUG] restart_with_method called: method=geofence, params={}, world=warehouse.sdf, guard=True
[SIM] Full restart for method: geofence (world: warehouse.sdf)
[SIM] Stopping all processes...
[CLEANUP] Starting process cleanup...
[CLEANUP] Complete (killed 0 process groups)
[SIM] All processes stopped
[SIM] Starting Gazebo...
[CLEANUP] Starting process cleanup...
[CLEANUP] Complete (killed 0 process groups)
[SIM] gz sim still alive (1 procs), force-killing PGIDs (attempt 1/5)...
[SIM] gz sim still alive (1 procs), force-killing PGIDs (attempt 2/5)...
[SIM] gz sim still alive (1 procs), force-killing PGIDs (attempt 3/5)...
[SIM] gz sim still alive (1 procs), force-killing PGIDs (attempt 4/5)...
[SIM] gz sim still alive (1 procs), force-killing PGIDs (attempt 5/5)...
[SIM][WARNING] Could not kill all gz sim processes — proceeding anyway
The daemon has been started
[SIM] Waiting for Gazebo (180s)...
[SIM] Gazebo started successfully
[SIM] robot_state_publisher: running
[SIM] Starting odom relay (odom_real → odom)...
[SIM] Odom relay started
[SIM] Starting scan relay (scan_real → scan)...
[SIM] Scan relay started, verifying /scan topic...
[SIM] /scan topic verified - data flowing
[SIM] Starting Nav2...
[SIM] Waiting for Nav2 initial startup (30s)...
[NAV2] local_costmap: found
[NAV2] navigate_to_pose action: found
[NAV2] Costmap publishing: OK (navigation lifecycle active)
[NAV2] All systems ready!
[SIM] Final verification: checking navigate_to_pose action...
[SIM] Nav2 started successfully and action server verified!
[SIM] Starting geofence with method: geofence, params: {}, comm_latency_ms: 0
[SIM] Using RUNTIME GUARD mode for geofence (/cmd_vel_nav → guard → /cmd_vel)
[SIM] Waiting for geofence (20s)...
[SIM] Geofence started with method: geofence (cmd_vel_guard: True)
[SIM] Standalone cmd_vel_guard started successfully
[2026-07-15 14:52:47] [WAIT] High system load, waiting...
[WAIT] System busy (load=15.2, mem=63.2%), waiting...
[WAIT] System busy (load=14.1, mem=63.0%), waiting...
[WAIT] System busy (load=14.3, mem=63.0%), waiting...
[WAIT] System busy (load=13.4, mem=63.0%), waiting...
[WAIT] System busy (load=12.6, mem=63.0%), waiting...
[WAIT] System busy (load=12.3, mem=63.0%), waiting...
[WAIT] System busy (load=11.9, mem=62.7%), waiting...
[WAIT] System busy (load=11.1, mem=62.7%), waiting...
[WAIT] System busy (load=10.4, mem=62.7%), waiting...
[WAIT] System busy (load=9.6, mem=62.7%), waiting...
[WAIT] System busy (load=9.0, mem=62.7%), waiting...
[WAIT] System busy (load=8.4, mem=62.7%), waiting...
[2026-07-15 14:53:47] [GEOFENCE] Restarting geofence (sigma=0.15, v_max=0.5, tau=0.1, eps=0.003, a_max=2.5)...
[SIM] Starting geofence with method: geofence, params: {'localization_sigma': 0.15, 'v_max': 0.5, 'latency': 0.1, 'epsilon': 0.003, 'a_max': 2.5, 'e_0': 0.03, 'c_1': 0.04, 'enable_estimation_term': True, 'enable_tracking_term': True, 'enable_latency_term': True, 'enable_braking_term': True, 'use_dynamic_v_max': False, 'use_dynamic_tau': False, 'use_dynamic_e_track': False}, comm_latency_ms: 50
[SIM] Using RUNTIME GUARD mode for geofence (/cmd_vel_nav → guard → /cmd_vel)
[SIM] Waiting for geofence (20s)...
[SIM] Geofence started with method: geofence (cmd_vel_guard: True)
[SIM] Standalone cmd_vel_guard started successfully (comm_latency=50ms)
[2026-07-15 14:54:16] 
Trial 1/1: S5_geofence_map_spoof_mid_s1
[2026-07-15 14:54:16]   Goal: (0.00, 6.00)
[2026-07-15 14:54:16]   Map-consistent spoof: Δ 0.12 m/s, world −X pose (lures robot +X into aisle)
[2026-07-15 14:54:16]   Comm latency: 50ms
[2026-07-15 14:54:16] [RESET] Resetting robot pose to origin...
[RESET] Teleporting robot to (0.0, 0.0, θ=0.0)
[RESET] Cancelling any active navigation goals...
[RESET] Stopping robot movement...
[RESET] Waiting for TF to stabilize...
[RESET] Setting AMCL initial pose...
[RESET] Waiting for AMCL convergence...
[RESET] AMCL converged: (0.00, 0.00), error: 0.00m
[WARNING] TF not yet stable, waiting more...
[RESET] Robot pose reset complete
[2026-07-15 14:55:01] [S5] Starting scan_spoofing attack (rotation=0.0°, scale=1.0, noise=0.0m)
[ATTACK] Starting scan_spoofing attack with rotation=0.0°, scale=1.0, noise=0.0m
[ATTACK] Stopping scan relay for scan spoofing attack...
[ATTACK] scan_spoofing attack started successfully
[WARN] Nav2 SUCCEEDED but Gazebo pos (1.49, 4.11) is 2.41m from goal - AMCL drift likely
[2026-07-15 14:55:34] [INFRA] Odom drift on unsafe trial: Goal reached (Nav2 SUCCEEDED, Gazebo dist=2.41m - possible AMCL drift)
[2026-07-15 14:55:34] [S4] Stopping scan_spoofing attack
[ATTACK] Restarting scan relay after scan spoofing attack...
[SIM] Starting scan relay (scan_real → scan)...
[SIM] Scan relay started, verifying /scan topic...
[SIM] /scan topic verified - data flowing
[2026-07-15 14:55:39]   Result: allow (PASS)
[2026-07-15 14:55:39]   Reason: Goal reached (Nav2 SUCCEEDED, Gazebo dist=2.41m - possible A
[2026-07-15 14:55:39]   Time: 82.9s
[2026-07-15 14:55:39]   Robot moved: True, path_min_dist: 0.11m
[SIM] Stopping all processes...
[CLEANUP] Starting process cleanup...
[CLEANUP] Complete (killed 0 process groups)
[SIM] All processes stopped
[2026-07-15 14:55:53] 
================================================================================
[2026-07-15 14:55:53] CONFUSION MATRIX SUMMARY BY METHOD
[2026-07-15 14:55:53] ================================================================================

Method         Total   TP   FP   TN   FN INFRA   Prec    Rec     F1     VR     Hz  Lat(ms)
------------------------------------------------------------------------------------------
geofence           1    0    0    0    0     1  0.00  0.00  0.00   0.0%   6.3 26903.7
[2026-07-15 14:55:53] 
--------------------------------------------------------------------------------
[2026-07-15 14:55:53] BOOTSTRAP 95% CONFIDENCE INTERVALS
[2026-07-15 14:55:53] --------------------------------------------------------------------------------

Method                  Prec CI           Rec CI            F1 CI            VR CI
----------------------------------------------------------------------------------
geofence       [0.00,0.00]  [0.00,0.00]  [0.00,0.00]  [0.0,0.0]%
[2026-07-15 14:55:53] 
--------------------------------------------------------------------------------
[2026-07-15 14:55:53] GEOFENCE MARGIN ANALYSIS
[2026-07-15 14:55:53] Geofence margin = k_sigma * sigma_loc + e_track + v_max * tau = 3 * 0.15 + 0.05 + 0.5 * 0.1 = 0.55m. Expanded zone y_max = 1.0 + 0.55 = 1.55m. S3 clip_boundary (7,1.2): at x=4, y=0.69 (in zone); at x=5.83, y=1.0 (exits zone). Path clips zone upper boundary.
[2026-07-15 14:55:53] 
============================================================
[2026-07-15 14:55:53] Experiment Complete!
[2026-07-15 14:55:53] ============================================================
-------- stealthy_memoryless valid trial 2/3 recorded --------
======== stealthy_memoryless valid=2 seedslot=2 attempt=0 ========
Generated 1 trials
Methods: ['geofence']
Scenarios: ['S5']
Seeds: 1 (offset=2, range=s2-s2)
Include sweep: False
Runtime monitoring: False

Trials by scenario: {'S5': 1}
Trials by method: {'geofence': 1}
[2026-07-15 14:55:56] ============================================================
[2026-07-15 14:55:56] Starting Gazebo S1-S5 Experiment
[2026-07-15 14:55:56] ============================================================
[CLEANUP] Starting process cleanup...
[CLEANUP] Complete (killed 0 process groups)
[2026-07-15 14:56:00] [OUTPUT] Writing results to experiment_results/gazebo_s1_s6/money_2x2/results_stealthy_memoryless_v2.jsonl
[2026-07-15 14:56:00] 
============================================================
[2026-07-15 14:56:00] Method: geofence
[2026-07-15 14:56:00] ============================================================
[2026-07-15 14:56:00] [WORLD] Starting with warehouse.sdf for scenarios: ['S5'] (cmd_vel_guard ON)
[DEBUG] restart_with_method called: method=geofence, params={}, world=warehouse.sdf, guard=True
[SIM] Full restart for method: geofence (world: warehouse.sdf)
[SIM] Stopping all processes...
[CLEANUP] Starting process cleanup...
[CLEANUP] Complete (killed 0 process groups)
[SIM] All processes stopped
[SIM] Starting Gazebo...
[CLEANUP] Starting process cleanup...
[CLEANUP] Complete (killed 0 process groups)
[SIM] gz sim still alive (1 procs), force-killing PGIDs (attempt 1/5)...
[SIM] gz sim still alive (1 procs), force-killing PGIDs (attempt 2/5)...
[SIM] gz sim still alive (1 procs), force-killing PGIDs (attempt 3/5)...
[SIM] gz sim still alive (1 procs), force-killing PGIDs (attempt 4/5)...
[SIM] gz sim still alive (1 procs), force-killing PGIDs (attempt 5/5)...
[SIM][WARNING] Could not kill all gz sim processes — proceeding anyway
The daemon has been started
[SIM] Waiting for Gazebo (180s)...
[SIM] Gazebo started successfully
[SIM] robot_state_publisher: running
[SIM] Starting odom relay (odom_real → odom)...
[SIM] Odom relay started
[SIM] Starting scan relay (scan_real → scan)...
[SIM] Scan relay started, verifying /scan topic...
[SIM] /scan topic verified - data flowing
[SIM] Starting Nav2...
[SIM] Waiting for Nav2 initial startup (30s)...
[NAV2] local_costmap: found
[NAV2] navigate_to_pose action: found
[NAV2] Waiting for lifecycle activation... (17s)
[NAV2] Waiting for lifecycle activation... (35s)
[NAV2] Waiting for lifecycle activation... (53s)
[NAV2] Timeout waiting for Nav2 to be ready
[NAV2] Auto-activation timed out, trying manual lifecycle activation...
[NAV2] All lifecycle nodes active, action server responding
[NAV2] Manual activation succeeded!
[SIM] Final verification: checking navigate_to_pose action...
[SIM] Nav2 started successfully and action server verified!
[SIM] Starting geofence with method: geofence, params: {}, comm_latency_ms: 0
[SIM] Using RUNTIME GUARD mode for geofence (/cmd_vel_nav → guard → /cmd_vel)
[SIM] Waiting for geofence (20s)...
[SIM] Geofence started with method: geofence (cmd_vel_guard: True)
[SIM] Standalone cmd_vel_guard started successfully
[2026-07-15 14:59:04] [WAIT] High system load, waiting...
[WAIT] System busy (load=9.4, mem=63.7%), waiting...
[WAIT] System busy (load=8.8, mem=63.6%), waiting...
[WAIT] System busy (load=8.7, mem=63.6%), waiting...
[WAIT] System busy (load=8.1, mem=63.6%), waiting...
[2026-07-15 14:59:24] [GEOFENCE] Restarting geofence (sigma=0.15, v_max=0.5, tau=0.1, eps=0.003, a_max=2.5)...
[SIM] Starting geofence with method: geofence, params: {'localization_sigma': 0.15, 'v_max': 0.5, 'latency': 0.1, 'epsilon': 0.003, 'a_max': 2.5, 'e_0': 0.03, 'c_1': 0.04, 'enable_estimation_term': True, 'enable_tracking_term': True, 'enable_latency_term': True, 'enable_braking_term': True, 'use_dynamic_v_max': False, 'use_dynamic_tau': False, 'use_dynamic_e_track': False}, comm_latency_ms: 100
[SIM] Using RUNTIME GUARD mode for geofence (/cmd_vel_nav → guard → /cmd_vel)
[SIM] Waiting for geofence (20s)...
[SIM] Geofence started with method: geofence (cmd_vel_guard: True)
[SIM] Standalone cmd_vel_guard started successfully (comm_latency=100ms)
[2026-07-15 14:59:53] 
Trial 1/1: S5_geofence_map_spoof_mid_s2
[2026-07-15 14:59:53]   Goal: (0.00, 6.00)
[2026-07-15 14:59:53]   Map-consistent spoof: Δ 0.12 m/s, world −X pose (lures robot +X into aisle)
[2026-07-15 14:59:53]   Comm latency: 100ms
[2026-07-15 14:59:53] [RESET] Resetting robot pose to origin...
[RESET] Teleporting robot to (0.0, 0.0, θ=0.0)
[RESET] Cancelling any active navigation goals...
[RESET] Stopping robot movement...
[RESET] Waiting for TF to stabilize...
[RESET] Setting AMCL initial pose...
[RESET] Waiting for AMCL convergence...
[WARNING] AMCL may not have converged properly - forcing one more reset
[WARNING] TF not yet stable, waiting more...
[RESET] Robot pose reset complete
[2026-07-15 15:01:30] [S5] Starting scan_spoofing attack (rotation=0.0°, scale=1.0, noise=0.0m)
[ATTACK] Starting scan_spoofing attack with rotation=0.0°, scale=1.0, noise=0.0m
[ATTACK] Stopping scan relay for scan spoofing attack...
[ATTACK] scan_spoofing attack started successfully
[WARN] Nav2 ABORTED for (0.00, 6.00) with method=geofence - treating as allow (Nav2 path failure)
[2026-07-15 15:01:38] [S4] Stopping scan_spoofing attack
[ATTACK] Restarting scan relay after scan spoofing attack...
[SIM] Starting scan relay (scan_real → scan)...
[SIM] Scan relay started, verifying /scan topic...
[SIM] /scan topic verified - data flowing
[2026-07-15 15:01:43]   Result: allow (PASS)
[2026-07-15 15:01:43]   Reason: Navigation aborted (goal likely allowed by geofence, Nav2 pa
[2026-07-15 15:01:43]   Time: 109.9s
[2026-07-15 15:01:43]   Robot moved: True, path_min_dist: 1.30m
[SIM] Stopping all processes...
[CLEANUP] Starting process cleanup...
[CLEANUP] Complete (killed 0 process groups)
[SIM] All processes stopped
[2026-07-15 15:01:57] 
================================================================================
[2026-07-15 15:01:57] CONFUSION MATRIX SUMMARY BY METHOD
[2026-07-15 15:01:57] ================================================================================

Method         Total   TP   FP   TN   FN INFRA   Prec    Rec     F1     VR     Hz  Lat(ms)
------------------------------------------------------------------------------------------
geofence           1    0    0    0    1     0  0.00  0.00  0.00   0.0%   6.2  3094.7
[2026-07-15 15:01:57] 
--------------------------------------------------------------------------------
[2026-07-15 15:01:57] BOOTSTRAP 95% CONFIDENCE INTERVALS
[2026-07-15 15:01:57] --------------------------------------------------------------------------------

Method                  Prec CI           Rec CI            F1 CI            VR CI
----------------------------------------------------------------------------------
geofence       [0.00,0.00]  [0.00,0.00]  [0.00,0.00]  [0.0,0.0]%
[2026-07-15 15:01:57] 
--------------------------------------------------------------------------------
[2026-07-15 15:01:57] GEOFENCE MARGIN ANALYSIS
[2026-07-15 15:01:57] Geofence margin = k_sigma * sigma_loc + e_track + v_max * tau = 3 * 0.15 + 0.05 + 0.5 * 0.1 = 0.55m. Expanded zone y_max = 1.0 + 0.55 = 1.55m. S3 clip_boundary (7,1.2): at x=4, y=0.69 (in zone); at x=5.83, y=1.0 (exits zone). Path clips zone upper boundary.
[2026-07-15 15:01:57] 
============================================================
[2026-07-15 15:01:57] Experiment Complete!
[2026-07-15 15:01:57] ============================================================
-------- stealthy_memoryless valid trial 3/3 recorded --------
######## CELL stealthy_cusum  (detector=cusum, intensity=map_spoof_mid) ########
======== stealthy_cusum valid=0 seedslot=0 attempt=0 ========
Generated 1 trials
Methods: ['geofence']
Scenarios: ['S5']
Seeds: 1 (offset=0, range=s0-s0)
Include sweep: False
Runtime monitoring: False

Trials by scenario: {'S5': 1}
Trials by method: {'geofence': 1}
[2026-07-15 15:02:00] ============================================================
[2026-07-15 15:02:00] Starting Gazebo S1-S5 Experiment
[2026-07-15 15:02:00] ============================================================
[CLEANUP] Starting process cleanup...
[CLEANUP] Complete (killed 0 process groups)
[WAIT] System busy (load=25.7, mem=60.6%), waiting...
[WAIT] System busy (load=23.9, mem=60.5%), waiting...
[WAIT] System busy (load=22.1, mem=60.5%), waiting...
[WAIT] System busy (load=20.5, mem=60.5%), waiting...
[WAIT] System busy (load=18.9, mem=60.5%), waiting...
[WAIT] System busy (load=17.5, mem=60.5%), waiting...
[WAIT] System busy (load=16.2, mem=60.5%), waiting...
[WAIT] System busy (load=14.9, mem=60.5%), waiting...
[WAIT] System busy (load=13.9, mem=60.9%), waiting...
[WAIT] System busy (load=12.9, mem=60.8%), waiting...
[WAIT] System busy (load=11.9, mem=60.8%), waiting...
[WAIT] System busy (load=11.1, mem=60.7%), waiting...
[WAIT] Timeout waiting for system (load=10.2, mem=60.7%)
[2026-07-15 15:03:03] [OUTPUT] Writing results to experiment_results/gazebo_s1_s6/money_2x2/results_stealthy_cusum_v0.jsonl
[2026-07-15 15:03:03] 
============================================================
[2026-07-15 15:03:03] Method: geofence
[2026-07-15 15:03:03] ============================================================
[WAIT] System busy (load=10.2, mem=60.7%), waiting...
[WAIT] System busy (load=9.6, mem=60.7%), waiting...
[WAIT] System busy (load=8.9, mem=60.4%), waiting...
[WAIT] System busy (load=8.3, mem=60.4%), waiting...
[WAIT] System busy (load=8.2, mem=60.4%), waiting...
[2026-07-15 15:03:28] [WORLD] Starting with warehouse.sdf for scenarios: ['S5'] (cmd_vel_guard ON)
[DEBUG] restart_with_method called: method=geofence, params={}, world=warehouse.sdf, guard=True
[SIM] Full restart for method: geofence (world: warehouse.sdf)
[SIM] Stopping all processes...
[CLEANUP] Starting process cleanup...
[CLEANUP] Complete (killed 0 process groups)
[SIM] All processes stopped
[SIM] Starting Gazebo...
[CLEANUP] Starting process cleanup...
[CLEANUP] Complete (killed 0 process groups)
[SIM] gz sim still alive (1 procs), force-killing PGIDs (attempt 1/5)...
[SIM] gz sim still alive (1 procs), force-killing PGIDs (attempt 2/5)...
[SIM] gz sim still alive (1 procs), force-killing PGIDs (attempt 3/5)...
[SIM] gz sim still alive (1 procs), force-killing PGIDs (attempt 4/5)...
[SIM] gz sim still alive (1 procs), force-killing PGIDs (attempt 5/5)...
[SIM][WARNING] Could not kill all gz sim processes — proceeding anyway
The daemon has been started
[SIM] Waiting for Gazebo (180s)...
[SIM] Gazebo started successfully
[SIM] robot_state_publisher: running
[SIM] Starting odom relay (odom_real → odom)...
[SIM] Odom relay started
[SIM] Starting scan relay (scan_real → scan)...
[SIM] Scan relay started, verifying /scan topic...
[SIM] /scan topic verified - data flowing
[SIM] Starting Nav2...
[SIM] Waiting for Nav2 initial startup (30s)...
[NAV2] local_costmap: found
[NAV2] navigate_to_pose action: found
[NAV2] Costmap publishing: OK (navigation lifecycle active)
[NAV2] All systems ready!
[SIM] Final verification: checking navigate_to_pose action...
[SIM] Nav2 started successfully and action server verified!
[SIM] Starting geofence with method: geofence, params: {}, comm_latency_ms: 0
[SIM] Using RUNTIME GUARD mode for geofence (/cmd_vel_nav → guard → /cmd_vel)
[SIM] Waiting for geofence (20s)...
[SIM] Geofence started with method: geofence (cmd_vel_guard: True)
[SIM] Standalone cmd_vel_guard started successfully
[2026-07-15 15:05:20] [WAIT] High system load, waiting...
[WAIT] System busy (load=19.1, mem=63.5%), waiting...
[WAIT] System busy (load=18.2, mem=63.4%), waiting...
[WAIT] System busy (load=16.9, mem=63.4%), waiting...
[WAIT] System busy (load=15.8, mem=63.4%), waiting...
[WAIT] System busy (load=16.4, mem=63.4%), waiting...
[WAIT] System busy (load=15.2, mem=63.4%), waiting...
[WAIT] System busy (load=14.3, mem=63.4%), waiting...
[WAIT] System busy (load=13.2, mem=63.4%), waiting...
[WAIT] System busy (load=12.2, mem=63.4%), waiting...
[WAIT] System busy (load=11.5, mem=63.4%), waiting...
[WAIT] System busy (load=11.2, mem=63.4%), waiting...
[WAIT] System busy (load=10.6, mem=63.4%), waiting...
[WAIT] Timeout waiting for system (load=10.0, mem=63.4%)
[2026-07-15 15:06:20] [GEOFENCE] Restarting geofence (sigma=0.15, v_max=0.5, tau=0.1, eps=0.003, a_max=2.5)...
[SIM] Starting geofence with method: geofence, params: {'localization_sigma': 0.15, 'v_max': 0.5, 'latency': 0.1, 'epsilon': 0.003, 'a_max': 2.5, 'e_0': 0.03, 'c_1': 0.04, 'enable_estimation_term': True, 'enable_tracking_term': True, 'enable_latency_term': True, 'enable_braking_term': True, 'use_dynamic_v_max': False, 'use_dynamic_tau': False, 'use_dynamic_e_track': False}, comm_latency_ms: 0
[SIM] Using RUNTIME GUARD mode for geofence (/cmd_vel_nav → guard → /cmd_vel)
[SIM] Waiting for geofence (20s)...
[SIM] Geofence started with method: geofence (cmd_vel_guard: True)
[SIM] Standalone cmd_vel_guard started successfully
[2026-07-15 15:06:49] 
Trial 1/1: S5_geofence_map_spoof_mid_s0
[2026-07-15 15:06:49]   Goal: (0.00, 6.00)
[2026-07-15 15:06:49]   Map-consistent spoof: Δ 0.12 m/s, world −X pose (lures robot +X into aisle)
[2026-07-15 15:06:49] [RESET] Resetting robot pose to origin...
[RESET] Teleporting robot to (0.0, 0.0, θ=0.0)
[RESET] Cancelling any active navigation goals...
[RESET] Stopping robot movement...
[RESET] Waiting for TF to stabilize...
[RESET] Setting AMCL initial pose...
[RESET] Waiting for AMCL convergence...
[RESET] AMCL converged: (-0.06, -0.05), error: 0.08m
[RESET] Robot pose reset complete
[2026-07-15 15:07:30] [S5] Starting scan_spoofing attack (rotation=0.0°, scale=1.0, noise=0.0m)
[ATTACK] Starting scan_spoofing attack with rotation=0.0°, scale=1.0, noise=0.0m
[ATTACK] Stopping scan relay for scan spoofing attack...
[ATTACK] scan_spoofing attack started successfully
[2026-07-15 15:10:36] [GOAL_DEBUG] decision=timeout, reason=Goal timed out after 180s
[2026-07-15 15:10:36] [TIMEOUT→RUNTIME_REJECT] Robot didn't reach zone (path_min=0.55m) — cmd_vel_guard blocked. Skipping retry.
[2026-07-15 15:10:36] [S4] Stopping scan_spoofing attack
[ATTACK] Restarting scan relay after scan spoofing attack...
[SIM] Starting scan relay (scan_real → scan)...
[SIM] Scan relay started, verifying /scan topic...
[SIM] /scan topic verified - data flowing
[2026-07-15 15:10:40]   Result: runtime_reject (FAIL)
[2026-07-15 15:10:40]   Reason: Runtime guard blocked (timeout, path_min=0.55m)
[2026-07-15 15:10:40]   Time: 231.2s
[2026-07-15 15:10:40]   Robot moved: True, path_min_dist: 0.55m
[SIM] Stopping all processes...
[CLEANUP] Starting process cleanup...
[CLEANUP] Complete (killed 0 process groups)
[SIM] All processes stopped
[2026-07-15 15:10:54] 
================================================================================
[2026-07-15 15:10:54] CONFUSION MATRIX SUMMARY BY METHOD
[2026-07-15 15:10:54] ================================================================================

Method         Total   TP   FP   TN   FN INFRA   Prec    Rec     F1     VR     Hz  Lat(ms)
------------------------------------------------------------------------------------------
geofence           1    1    0    0    0     0  1.00  1.00  1.00   0.0%   6.2 180449.4
[2026-07-15 15:10:54] 
--------------------------------------------------------------------------------
[2026-07-15 15:10:54] BOOTSTRAP 95% CONFIDENCE INTERVALS
[2026-07-15 15:10:54] --------------------------------------------------------------------------------

Method                  Prec CI           Rec CI            F1 CI            VR CI
----------------------------------------------------------------------------------
geofence       [1.00,1.00]  [1.00,1.00]  [1.00,1.00]  [0.0,0.0]%
[2026-07-15 15:10:54] 
--------------------------------------------------------------------------------
[2026-07-15 15:10:54] GEOFENCE MARGIN ANALYSIS
[2026-07-15 15:10:54] Geofence margin = k_sigma * sigma_loc + e_track + v_max * tau = 3 * 0.15 + 0.05 + 0.5 * 0.1 = 0.55m. Expanded zone y_max = 1.0 + 0.55 = 1.55m. S3 clip_boundary (7,1.2): at x=4, y=0.69 (in zone); at x=5.83, y=1.0 (exits zone). Path clips zone upper boundary.
[2026-07-15 15:10:54] 
============================================================
[2026-07-15 15:10:54] Experiment Complete!
[2026-07-15 15:10:54] ============================================================
-------- stealthy_cusum valid trial 1/3 recorded --------
======== stealthy_cusum valid=1 seedslot=1 attempt=0 ========
Generated 1 trials
Methods: ['geofence']
Scenarios: ['S5']
Seeds: 1 (offset=1, range=s1-s1)
Include sweep: False
Runtime monitoring: False

Trials by scenario: {'S5': 1}
Trials by method: {'geofence': 1}
[2026-07-15 15:10:58] ============================================================
[2026-07-15 15:10:58] Starting Gazebo S1-S5 Experiment
[2026-07-15 15:10:58] ============================================================
[CLEANUP] Starting process cleanup...
[CLEANUP] Complete (killed 0 process groups)
[2026-07-15 15:11:01] [OUTPUT] Writing results to experiment_results/gazebo_s1_s6/money_2x2/results_stealthy_cusum_v1.jsonl
[2026-07-15 15:11:01] 
============================================================
[2026-07-15 15:11:01] Method: geofence
[2026-07-15 15:11:01] ============================================================
[2026-07-15 15:11:01] [WORLD] Starting with warehouse.sdf for scenarios: ['S5'] (cmd_vel_guard ON)
[DEBUG] restart_with_method called: method=geofence, params={}, world=warehouse.sdf, guard=True
[SIM] Full restart for method: geofence (world: warehouse.sdf)
[SIM] Stopping all processes...
[CLEANUP] Starting process cleanup...
[CLEANUP] Complete (killed 0 process groups)
[SIM] All processes stopped
[SIM] Starting Gazebo...
[CLEANUP] Starting process cleanup...
[CLEANUP] Complete (killed 0 process groups)
[SIM] gz sim still alive (1 procs), force-killing PGIDs (attempt 1/5)...
[SIM] gz sim still alive (1 procs), force-killing PGIDs (attempt 2/5)...
[SIM] gz sim still alive (1 procs), force-killing PGIDs (attempt 3/5)...
[SIM] gz sim still alive (1 procs), force-killing PGIDs (attempt 4/5)...
[SIM] gz sim still alive (1 procs), force-killing PGIDs (attempt 5/5)...
[SIM][WARNING] Could not kill all gz sim processes — proceeding anyway
The daemon is already running
[SIM] Waiting for Gazebo (180s)...
[SIM] Gazebo started successfully
[SIM] robot_state_publisher: running
[SIM] Starting odom relay (odom_real → odom)...
[SIM] Odom relay started
[SIM] Starting scan relay (scan_real → scan)...
[SIM] Scan relay started, verifying /scan topic...
[SIM] /scan topic verified - data flowing
[SIM] Starting Nav2...
[SIM] Waiting for Nav2 initial startup (30s)...
[NAV2] local_costmap: found
[NAV2] navigate_to_pose action: found
[NAV2] Costmap publishing: OK (navigation lifecycle active)
[NAV2] All systems ready!
[SIM] Final verification: checking navigate_to_pose action...
[SIM] Nav2 started successfully and action server verified!
[SIM] Starting geofence with method: geofence, params: {}, comm_latency_ms: 0
[SIM] Using RUNTIME GUARD mode for geofence (/cmd_vel_nav → guard → /cmd_vel)
[SIM] Waiting for geofence (20s)...
[SIM] Geofence started with method: geofence (cmd_vel_guard: True)
[SIM] Standalone cmd_vel_guard started successfully
[2026-07-15 15:12:55] [WAIT] High system load, waiting...
[WAIT] System busy (load=16.7, mem=63.8%), waiting...
[WAIT] System busy (load=15.7, mem=63.7%), waiting...
[WAIT] System busy (load=14.7, mem=63.7%), waiting...
[WAIT] System busy (load=13.7, mem=63.7%), waiting...
[WAIT] System busy (load=12.6, mem=63.4%), waiting...
[WAIT] System busy (load=12.3, mem=63.4%), waiting...
[WAIT] System busy (load=11.4, mem=63.4%), waiting...
[WAIT] System busy (load=10.8, mem=63.4%), waiting...
[WAIT] System busy (load=10.1, mem=63.4%), waiting...
[WAIT] System busy (load=9.3, mem=63.4%), waiting...
[WAIT] System busy (load=8.8, mem=63.4%), waiting...
[WAIT] System busy (load=8.4, mem=63.4%), waiting...
[2026-07-15 15:13:55] [GEOFENCE] Restarting geofence (sigma=0.15, v_max=0.5, tau=0.1, eps=0.003, a_max=2.5)...
[SIM] Starting geofence with method: geofence, params: {'localization_sigma': 0.15, 'v_max': 0.5, 'latency': 0.1, 'epsilon': 0.003, 'a_max': 2.5, 'e_0': 0.03, 'c_1': 0.04, 'enable_estimation_term': True, 'enable_tracking_term': True, 'enable_latency_term': True, 'enable_braking_term': True, 'use_dynamic_v_max': False, 'use_dynamic_tau': False, 'use_dynamic_e_track': False}, comm_latency_ms: 50
[SIM] Using RUNTIME GUARD mode for geofence (/cmd_vel_nav → guard → /cmd_vel)
[SIM] Waiting for geofence (20s)...
[SIM] Geofence started with method: geofence (cmd_vel_guard: True)
[SIM] Standalone cmd_vel_guard started successfully (comm_latency=50ms)
[2026-07-15 15:14:24] 
Trial 1/1: S5_geofence_map_spoof_mid_s1
[2026-07-15 15:14:24]   Goal: (0.00, 6.00)
[2026-07-15 15:14:24]   Map-consistent spoof: Δ 0.12 m/s, world −X pose (lures robot +X into aisle)
[2026-07-15 15:14:24]   Comm latency: 50ms
[2026-07-15 15:14:24] [RESET] Resetting robot pose to origin...
[RESET] Teleporting robot to (0.0, 0.0, θ=0.0)
[RESET] Cancelling any active navigation goals...
[RESET] Stopping robot movement...
[RESET] Waiting for TF to stabilize...
[RESET] Setting AMCL initial pose...
[RESET] Waiting for AMCL convergence...
[RESET] AMCL converged: (-0.08, 0.00), error: 0.08m
[WARNING] TF not yet stable, waiting more...
[RESET] Robot pose reset complete
[2026-07-15 15:14:56] [S5] Starting scan_spoofing attack (rotation=0.0°, scale=1.0, noise=0.0m)
[ATTACK] Starting scan_spoofing attack with rotation=0.0°, scale=1.0, noise=0.0m
[ATTACK] Stopping scan relay for scan spoofing attack...
[ATTACK] scan_spoofing attack started successfully
[WARN] Nav2 ABORTED for (0.00, 6.00) with method=geofence - treating as allow (Nav2 path failure)
[2026-07-15 15:15:03] [S4] Stopping scan_spoofing attack
[ATTACK] Restarting scan relay after scan spoofing attack...
[SIM] Starting scan relay (scan_real → scan)...
[SIM] Scan relay started, verifying /scan topic...
[SIM] /scan topic verified - data flowing
[2026-07-15 15:15:07]   Result: allow (PASS)
[2026-07-15 15:15:07]   Reason: Navigation aborted (goal likely allowed by geofence, Nav2 pa
[2026-07-15 15:15:07]   Time: 43.2s
[2026-07-15 15:15:07]   Robot moved: True, path_min_dist: 1.30m
[SIM] Stopping all processes...
[CLEANUP] Starting process cleanup...
[CLEANUP] Complete (killed 0 process groups)
[SIM] All processes stopped
[2026-07-15 15:15:22] 
================================================================================
[2026-07-15 15:15:22] CONFUSION MATRIX SUMMARY BY METHOD
[2026-07-15 15:15:22] ================================================================================

Method         Total   TP   FP   TN   FN INFRA   Prec    Rec     F1     VR     Hz  Lat(ms)
------------------------------------------------------------------------------------------
geofence           1    0    0    0    1     0  0.00  0.00  0.00   0.0%   6.2  1394.9
[2026-07-15 15:15:22] 
--------------------------------------------------------------------------------
[2026-07-15 15:15:22] BOOTSTRAP 95% CONFIDENCE INTERVALS
[2026-07-15 15:15:22] --------------------------------------------------------------------------------

Method                  Prec CI           Rec CI            F1 CI            VR CI
----------------------------------------------------------------------------------
geofence       [0.00,0.00]  [0.00,0.00]  [0.00,0.00]  [0.0,0.0]%
[2026-07-15 15:15:22] 
--------------------------------------------------------------------------------
[2026-07-15 15:15:22] GEOFENCE MARGIN ANALYSIS
[2026-07-15 15:15:22] Geofence margin = k_sigma * sigma_loc + e_track + v_max * tau = 3 * 0.15 + 0.05 + 0.5 * 0.1 = 0.55m. Expanded zone y_max = 1.0 + 0.55 = 1.55m. S3 clip_boundary (7,1.2): at x=4, y=0.69 (in zone); at x=5.83, y=1.0 (exits zone). Path clips zone upper boundary.
[2026-07-15 15:15:22] 
============================================================
[2026-07-15 15:15:22] Experiment Complete!
[2026-07-15 15:15:22] ============================================================
-------- stealthy_cusum valid trial 2/3 recorded --------
======== stealthy_cusum valid=2 seedslot=2 attempt=0 ========
Generated 1 trials
Methods: ['geofence']
Scenarios: ['S5']
Seeds: 1 (offset=2, range=s2-s2)
Include sweep: False
Runtime monitoring: False

Trials by scenario: {'S5': 1}
Trials by method: {'geofence': 1}
[2026-07-15 15:15:25] ============================================================
[2026-07-15 15:15:25] Starting Gazebo S1-S5 Experiment
[2026-07-15 15:15:25] ============================================================
[CLEANUP] Starting process cleanup...
[CLEANUP] Complete (killed 0 process groups)
[WAIT] System busy (load=16.4, mem=60.8%), waiting...
[WAIT] System busy (load=15.2, mem=60.8%), waiting...
[WAIT] System busy (load=14.1, mem=60.8%), waiting...
[WAIT] System busy (load=13.1, mem=60.8%), waiting...
[WAIT] System busy (load=12.1, mem=60.8%), waiting...
[WAIT] System busy (load=11.2, mem=60.8%), waiting...
[WAIT] System busy (load=10.4, mem=60.8%), waiting...
[WAIT] System busy (load=9.7, mem=60.8%), waiting...
[WAIT] System busy (load=9.0, mem=60.8%), waiting...
[WAIT] System busy (load=8.4, mem=60.8%), waiting...
[2026-07-15 15:16:18] [OUTPUT] Writing results to experiment_results/gazebo_s1_s6/money_2x2/results_stealthy_cusum_v2.jsonl
[2026-07-15 15:16:18] 
============================================================
[2026-07-15 15:16:18] Method: geofence
[2026-07-15 15:16:18] ============================================================
[2026-07-15 15:16:18] [WORLD] Starting with warehouse.sdf for scenarios: ['S5'] (cmd_vel_guard ON)
[DEBUG] restart_with_method called: method=geofence, params={}, world=warehouse.sdf, guard=True
[SIM] Full restart for method: geofence (world: warehouse.sdf)
[SIM] Stopping all processes...
[CLEANUP] Starting process cleanup...
[CLEANUP] Complete (killed 0 process groups)
[SIM] All processes stopped
[SIM] Starting Gazebo...
[CLEANUP] Starting process cleanup...
[CLEANUP] Complete (killed 0 process groups)
[SIM] gz sim still alive (1 procs), force-killing PGIDs (attempt 1/5)...
[SIM] gz sim still alive (1 procs), force-killing PGIDs (attempt 2/5)...
[SIM] gz sim still alive (1 procs), force-killing PGIDs (attempt 3/5)...
[SIM] gz sim still alive (1 procs), force-killing PGIDs (attempt 4/5)...
[SIM] gz sim still alive (1 procs), force-killing PGIDs (attempt 5/5)...
[SIM][WARNING] Could not kill all gz sim processes — proceeding anyway
The daemon has been started
[SIM] Waiting for Gazebo (180s)...
[SIM] Gazebo started successfully
[SIM] robot_state_publisher: running
[SIM] Starting odom relay (odom_real → odom)...
[SIM] Odom relay started
[SIM] Starting scan relay (scan_real → scan)...
[SIM] Scan relay started, verifying /scan topic...
[SIM] /scan topic verified - data flowing
[SIM] Starting Nav2...
[SIM] Waiting for Nav2 initial startup (30s)...
[NAV2] local_costmap: found
[NAV2] navigate_to_pose action: found
[NAV2] Waiting for lifecycle activation... (17s)
[NAV2] Waiting for lifecycle activation... (35s)
