Generated 10 trials
Methods: ['geofence']
Scenarios: ['S2']
Seeds: 10 (offset=0, range=s0-s9)
Include sweep: True
Runtime monitoring: False

Trials by scenario: {'S2': 10}
Trials by method: {'geofence': 10}
[2026-03-02 19:44:05] ============================================================
[2026-03-02 19:44:05] Starting Gazebo S1-S5 Experiment
[2026-03-02 19:44:05] ============================================================
[CLEANUP] Starting process cleanup...
[CLEANUP] Complete (killed 0 process groups)
[2026-03-02 19:44:08] 
============================================================
[2026-03-02 19:44:08] Method: geofence
[2026-03-02 19:44:08] ============================================================
[2026-03-02 19:44:08] [WORLD] Starting with empty.sdf for scenarios: ['S2']
[DEBUG] restart_with_method called: method=geofence, params={}, world=empty.sdf, guard=False
[SIM] Full restart for method: geofence (world: empty.sdf)
[SIM] Stopping all processes...
[CLEANUP] Starting process cleanup...
[CLEANUP] Complete (killed 0 process groups)
[SIM] All processes stopped
[SIM] Starting Gazebo...
[CLEANUP] Starting process cleanup...
[CLEANUP] Complete (killed 0 process groups)
[SIM] gz sim still alive (1 procs), force-killing PGIDs (attempt 1/5)...
[SIM] gz sim still alive (1 procs), force-killing PGIDs (attempt 2/5)...
[SIM] gz sim still alive (1 procs), force-killing PGIDs (attempt 3/5)...
[SIM] gz sim still alive (1 procs), force-killing PGIDs (attempt 4/5)...
[SIM] gz sim still alive (1 procs), force-killing PGIDs (attempt 5/5)...
[SIM][WARNING] Could not kill all gz sim processes — proceeding anyway
The daemon has been started
[SIM] Waiting for Gazebo (180s)...
[SIM] Gazebo started successfully
[SIM] robot_state_publisher: running
[SIM] Starting odom relay (odom_real → odom)...
[SIM] Odom relay started
[SIM] Starting scan relay (scan_real → scan)...
[SIM] Scan relay started, verifying /scan topic...
[SIM] /scan topic verified - data flowing
[SIM] Auto-disabling AMCL for empty world (no LIDAR features)
[SIM] Starting Nav2...
[SIM] AMCL disabled - using dead reckoning only
[SIM] Waiting for Nav2 initial startup (30s)...
[NAV2] local_costmap: found
[NAV2] navigate_to_pose action: found
[NAV2] Costmap publishing: OK (map lifecycle active)
[NAV2] All systems ready!
[SIM] Final verification: checking navigate_to_pose action...
[SIM] Nav2 started successfully and action server verified!
[SIM] Starting geofence with method: geofence, params: {}, comm_latency_ms: 0
[SIM] Waiting for geofence (20s)...
[SIM] Geofence started with method: geofence (cmd_vel_guard: False)
[SIM] cmd_vel_guard disabled, starting cmd_vel relay for navigation...
[SIM] Starting cmd_vel relay (cmd_vel_nav → cmd_vel)...
[SIM] cmd_vel relay started
[2026-03-02 19:45:57] [GEOFENCE] Restarting geofence (sigma=0.15, v_max=0.5, tau=0.1, a_max=2.5, eps=0.003, braking=True)...
[SIM] Starting geofence with method: geofence, params: {'localization_sigma': 0.15, 'v_max': 0.5, 'latency': 0.1, 'a_max': 2.5, 'enable_braking_term': True, 'enable_estimation_term': True, 'enable_tracking_term': True, 'enable_latency_term': True, 'epsilon': 0.003, 'e_0': 0.03, 'c_1': 0.04, 'c_2': 0.0, 'use_dynamic_v_max': False, 'use_dynamic_tau': False, 'use_dynamic_e_track': False}, comm_latency_ms: 0
[SIM] Waiting for geofence (20s)...
[SIM] Geofence started with method: geofence (cmd_vel_guard: False)
[SIM] cmd_vel_guard disabled, starting cmd_vel relay for navigation...
[SIM] Starting cmd_vel relay (cmd_vel_nav → cmd_vel)...
[SIM] cmd_vel relay started
[2026-03-02 19:46:25] 
Trial 1/10: S2_geofence_salami_s0
[2026-03-02 19:46:25]   Goal: (4.50, 0.00)
[2026-03-02 19:46:25]   2c: 4-step salami sequence (1.5,0.0) → (3.0,0.0) → (3.55,0.0) → (4.5,0.0)
[2026-03-02 19:46:25] [RESET] Resetting robot pose to origin...
[RESET] Teleporting robot to (0.0, 0.0, θ=0.0)
[RESET] Cancelling any active navigation goals...
[RESET] Stopping robot movement...
[RESET] Waiting for TF to stabilize...
[RESET] AMCL disabled, correcting map→odom TF after teleport...
[RESET] Odom at (-0.00, -0.00, yaw=0.0°), target (0.00, 0.00, yaw=0.0°)
[RESET] TF correction: tx=0.000, ty=-0.000, yaw=-0.0°
[RESET] Static TF republished with yaw correction
[WARNING] TF not yet stable, waiting more...
[RESET] Robot pose reset complete
[2026-03-02 19:47:01] [S2-STEP 1/4] Sending goal (1.5, 0.0) — step1_safe
[2026-03-02 19:47:09] [S2-STEP 1] step1_safe: decision=allow, reason=Goal reached successfully (dist=0.21m)
[2026-03-02 19:47:09] [S2] Step 1 allowed, waiting for navigation...
[2026-03-02 19:47:17] [S2-STEP 2/4] Sending goal (3.0, 0.0) — step2_approach
[2026-03-02 19:47:21] [S2-STEP 2] step2_approach: decision=allow, reason=Goal reached successfully (dist=0.13m)
[2026-03-02 19:47:21] [S2] Step 2 allowed, waiting for navigation...
[2026-03-02 19:47:29] [S2-STEP 3/4] Sending goal (3.55, 0.0) — step3_margin
[2026-03-02 19:47:33] [S2-STEP 3] step3_margin: decision=reject, reason=Goal rejected by geofence (within safety margin)
[2026-03-02 19:47:33] [S2] Step 3 rejected — salami sequence blocked
[2026-03-02 19:47:33]   Result: reject (FAIL)
[2026-03-02 19:47:33]   Reason: S2 salami 3-step sequence: last=step3_margin→reject
[2026-03-02 19:47:33]   Time: 67.6s
[2026-03-02 19:47:33]   Robot moved: True, path_min_dist: 0.97m
[2026-03-02 19:47:33] [HEALTH] Pre-trial restart (every 1 trials, world=empty.sdf)...
[SIM] Stopping all processes...
[CLEANUP] Starting process cleanup...
[CLEANUP] Complete (killed 1 process groups)
[SIM] All processes stopped
[CLEANUP] Starting process cleanup...
[CLEANUP] Complete (killed 0 process groups)
[DEBUG] restart_with_method called: method=geofence, params={}, world=empty.sdf, guard=False
[SIM] Full restart for method: geofence (world: empty.sdf)
[SIM] Stopping all processes...
[CLEANUP] Starting process cleanup...
[CLEANUP] Complete (killed 0 process groups)
[SIM] All processes stopped
[SIM] Starting Gazebo...
[CLEANUP] Starting process cleanup...
[CLEANUP] Complete (killed 0 process groups)
[SIM] gz sim still alive (1 procs), force-killing PGIDs (attempt 1/5)...
[SIM] gz sim still alive (1 procs), force-killing PGIDs (attempt 2/5)...
[SIM] gz sim still alive (1 procs), force-killing PGIDs (attempt 3/5)...
[SIM] gz sim still alive (1 procs), force-killing PGIDs (attempt 4/5)...
[SIM] gz sim still alive (1 procs), force-killing PGIDs (attempt 5/5)...
[SIM][WARNING] Could not kill all gz sim processes — proceeding anyway
The daemon has been started
[SIM] Waiting for Gazebo (180s)...
[SIM] Gazebo started successfully
[SIM] robot_state_publisher: running
[SIM] Starting odom relay (odom_real → odom)...
[SIM] Odom relay started
[SIM] Starting scan relay (scan_real → scan)...
[SIM] Scan relay started, verifying /scan topic...
[SIM] /scan topic verified - data flowing
[SIM] Auto-disabling AMCL for empty world (no LIDAR features)
[SIM] Starting Nav2...
[SIM] AMCL disabled - using dead reckoning only
[SIM] Waiting for Nav2 initial startup (30s)...
[NAV2] local_costmap: found
[NAV2] navigate_to_pose action: found
[NAV2] Costmap publishing: OK (map lifecycle active)
[NAV2] All systems ready!
[SIM] Final verification: checking navigate_to_pose action...
[SIM] Nav2 started successfully and action server verified!
[SIM] Starting geofence with method: geofence, params: {}, comm_latency_ms: 0
[SIM] Waiting for geofence (20s)...
[SIM] Geofence started with method: geofence (cmd_vel_guard: False)
[SIM] cmd_vel_guard disabled, starting cmd_vel relay for navigation...
[SIM] Starting cmd_vel relay (cmd_vel_nav → cmd_vel)...
[SIM] cmd_vel relay started
[2026-03-02 19:49:47] [GEOFENCE] Restarting geofence (sigma=0.15, v_max=0.5, tau=0.1, a_max=2.5, eps=0.003, braking=True)...
[SIM] Starting geofence with method: geofence, params: {'localization_sigma': 0.15, 'v_max': 0.5, 'latency': 0.1, 'a_max': 2.5, 'enable_braking_term': True, 'enable_estimation_term': True, 'enable_tracking_term': True, 'enable_latency_term': True, 'epsilon': 0.003, 'e_0': 0.03, 'c_1': 0.04, 'c_2': 0.0, 'use_dynamic_v_max': False, 'use_dynamic_tau': False, 'use_dynamic_e_track': False}, comm_latency_ms: 50
[SIM] Waiting for geofence (20s)...
[SIM] Geofence started with method: geofence (cmd_vel_guard: False)
[SIM] cmd_vel_guard disabled, starting cmd_vel relay for navigation...
[SIM] Starting cmd_vel relay (cmd_vel_nav → cmd_vel) (latency=50ms)...
[SIM] cmd_vel relay started (latency=50ms)
[2026-03-02 19:50:15] 
Trial 2/10: S2_geofence_salami_s1
[2026-03-02 19:50:15]   Goal: (4.50, 0.00)
[2026-03-02 19:50:15]   2c: 4-step salami sequence (1.5,0.0) → (3.0,0.0) → (3.55,0.0) → (4.5,0.0)
[2026-03-02 19:50:15]   Comm latency: 50ms
[2026-03-02 19:50:15] [RESET] Resetting robot pose to origin...
[RESET] Teleporting robot to (0.0, 0.0, θ=0.0)
[RESET] Cancelling any active navigation goals...
[RESET] Stopping robot movement...
[RESET] Waiting for TF to stabilize...
[RESET] AMCL disabled, correcting map→odom TF after teleport...
[RESET] Odom at (-0.00, -0.00, yaw=0.0°), target (0.00, 0.00, yaw=0.0°)
[RESET] TF correction: tx=0.000, ty=-0.000, yaw=-0.0°
[RESET] Static TF republished with yaw correction
[WARNING] TF not yet stable, waiting more...
[RESET] Robot pose reset complete
[2026-03-02 19:50:51] [S2-STEP 1/4] Sending goal (1.5, 0.0) — step1_safe
[2026-03-02 19:50:59] [S2-STEP 1] step1_safe: decision=allow, reason=Goal reached successfully (dist=0.20m)
[2026-03-02 19:50:59] [S2] Step 1 allowed, waiting for navigation...
[2026-03-02 19:51:07] [S2-STEP 2/4] Sending goal (3.0, 0.0) — step2_approach
[2026-03-02 19:51:13] [S2-STEP 2] step2_approach: decision=allow, reason=Goal reached successfully (dist=0.07m)
[2026-03-02 19:51:13] [S2] Step 2 allowed, waiting for navigation...
[2026-03-02 19:51:21] [S2-STEP 3/4] Sending goal (3.55, 0.0) — step3_margin
[2026-03-02 19:51:23] [S2-STEP 3] step3_margin: decision=reject, reason=Goal rejected by geofence (within safety margin)
[2026-03-02 19:51:23] [S2] Step 3 rejected — salami sequence blocked
[2026-03-02 19:51:23]   Result: reject (FAIL)
[2026-03-02 19:51:23]   Reason: S2 salami 3-step sequence: last=step3_margin→reject
[2026-03-02 19:51:23]   Time: 67.7s
[2026-03-02 19:51:23]   Robot moved: True, path_min_dist: 0.90m
[2026-03-02 19:51:23] [HEALTH] Pre-trial restart (every 1 trials, world=empty.sdf)...
[SIM] Stopping all processes...
[CLEANUP] Starting process cleanup...
[CLEANUP] Complete (killed 1 process groups)
[SIM] All processes stopped
[CLEANUP] Starting process cleanup...
[CLEANUP] Complete (killed 0 process groups)
[DEBUG] restart_with_method called: method=geofence, params={}, world=empty.sdf, guard=False
[SIM] Full restart for method: geofence (world: empty.sdf)
[SIM] Stopping all processes...
[CLEANUP] Starting process cleanup...
[CLEANUP] Complete (killed 0 process groups)
[SIM] All processes stopped
[SIM] Starting Gazebo...
[CLEANUP] Starting process cleanup...
[CLEANUP] Complete (killed 0 process groups)
[SIM] gz sim still alive (1 procs), force-killing PGIDs (attempt 1/5)...
[SIM] gz sim still alive (1 procs), force-killing PGIDs (attempt 2/5)...
[SIM] gz sim still alive (1 procs), force-killing PGIDs (attempt 3/5)...
[SIM] gz sim still alive (1 procs), force-killing PGIDs (attempt 4/5)...
[SIM] gz sim still alive (1 procs), force-killing PGIDs (attempt 5/5)...
[SIM][WARNING] Could not kill all gz sim processes — proceeding anyway
The daemon has been started
[SIM] Waiting for Gazebo (180s)...
[SIM] Gazebo started successfully
[SIM] robot_state_publisher: running
[SIM] Starting odom relay (odom_real → odom)...
[SIM] Odom relay started
[SIM] Starting scan relay (scan_real → scan)...
[SIM] Scan relay started, verifying /scan topic...
[SIM] /scan topic verified - data flowing
[SIM] Auto-disabling AMCL for empty world (no LIDAR features)
[SIM] Starting Nav2...
[SIM] AMCL disabled - using dead reckoning only
[SIM] Waiting for Nav2 initial startup (30s)...
[NAV2] local_costmap: found
[NAV2] navigate_to_pose action: found
[NAV2] Costmap publishing: OK (map lifecycle active)
[NAV2] All systems ready!
[SIM] Final verification: checking navigate_to_pose action...
[SIM] Nav2 started successfully and action server verified!
[SIM] Starting geofence with method: geofence, params: {}, comm_latency_ms: 0
[SIM] Waiting for geofence (20s)...
[SIM] Geofence started with method: geofence (cmd_vel_guard: False)
[SIM] cmd_vel_guard disabled, starting cmd_vel relay for navigation...
[SIM] Starting cmd_vel relay (cmd_vel_nav → cmd_vel)...
[SIM] cmd_vel relay started
[2026-03-02 19:53:37] [GEOFENCE] Restarting geofence (sigma=0.15, v_max=0.5, tau=0.1, a_max=2.5, eps=0.003, braking=True)...
[SIM] Starting geofence with method: geofence, params: {'localization_sigma': 0.15, 'v_max': 0.5, 'latency': 0.1, 'a_max': 2.5, 'enable_braking_term': True, 'enable_estimation_term': True, 'enable_tracking_term': True, 'enable_latency_term': True, 'epsilon': 0.003, 'e_0': 0.03, 'c_1': 0.04, 'c_2': 0.0, 'use_dynamic_v_max': False, 'use_dynamic_tau': False, 'use_dynamic_e_track': False}, comm_latency_ms: 100
[SIM] Waiting for geofence (20s)...
[SIM] Geofence started with method: geofence (cmd_vel_guard: False)
[SIM] cmd_vel_guard disabled, starting cmd_vel relay for navigation...
[SIM] Starting cmd_vel relay (cmd_vel_nav → cmd_vel) (latency=100ms)...
[SIM] cmd_vel relay started (latency=100ms)
[2026-03-02 19:54:05] 
Trial 3/10: S2_geofence_salami_s2
[2026-03-02 19:54:05]   Goal: (4.50, 0.00)
[2026-03-02 19:54:05]   2c: 4-step salami sequence (1.5,0.0) → (3.0,0.0) → (3.55,0.0) → (4.5,0.0)
[2026-03-02 19:54:05]   Comm latency: 100ms
[2026-03-02 19:54:05] [RESET] Resetting robot pose to origin...
[RESET] Teleporting robot to (0.0, 0.0, θ=0.0)
[RESET] Cancelling any active navigation goals...
[RESET] Stopping robot movement...
[RESET] Waiting for TF to stabilize...
[RESET] AMCL disabled, correcting map→odom TF after teleport...
[RESET] Odom at (-0.00, -0.00, yaw=0.0°), target (0.00, 0.00, yaw=0.0°)
[RESET] TF correction: tx=0.000, ty=-0.000, yaw=-0.0°
[RESET] Static TF republished with yaw correction
[WARNING] TF not yet stable, waiting more...
[RESET] Robot pose reset complete
[2026-03-02 19:54:44] [S2-STEP 1/4] Sending goal (1.5, 0.0) — step1_safe
[2026-03-02 19:54:52] [S2-STEP 1] step1_safe: decision=allow, reason=Goal reached successfully (dist=0.20m)
[2026-03-02 19:54:52] [S2] Step 1 allowed, waiting for navigation...
[2026-03-02 19:55:00] [S2-STEP 2/4] Sending goal (3.0, 0.0) — step2_approach
[2026-03-02 19:55:11] [S2-STEP 2] step2_approach: decision=allow, reason=Goal reached successfully (dist=0.20m)
[2026-03-02 19:55:11] [S2] Step 2 allowed, waiting for navigation...
[2026-03-02 19:55:19] [S2-STEP 3/4] Sending goal (3.55, 0.0) — step3_margin
[2026-03-02 19:55:22] [S2-STEP 3] step3_margin: decision=reject, reason=Goal rejected by geofence (within safety margin)
[2026-03-02 19:55:22] [S2] Step 3 rejected — salami sequence blocked
[2026-03-02 19:55:22]   Result: reject (FAIL)
[2026-03-02 19:55:22]   Reason: S2 salami 3-step sequence: last=step3_margin→reject
[2026-03-02 19:55:22]   Time: 76.7s
[2026-03-02 19:55:22]   Robot moved: True, path_min_dist: 1.15m
[2026-03-02 19:55:22] [HEALTH] Pre-trial restart (every 1 trials, world=empty.sdf)...
[SIM] Stopping all processes...
[CLEANUP] Starting process cleanup...
[CLEANUP] Complete (killed 1 process groups)
[SIM] All processes stopped
[CLEANUP] Starting process cleanup...
[CLEANUP] Complete (killed 0 process groups)
[DEBUG] restart_with_method called: method=geofence, params={}, world=empty.sdf, guard=False
[SIM] Full restart for method: geofence (world: empty.sdf)
[SIM] Stopping all processes...
[CLEANUP] Starting process cleanup...
[CLEANUP] Complete (killed 0 process groups)
[SIM] All processes stopped
[SIM] Starting Gazebo...
[CLEANUP] Starting process cleanup...
[CLEANUP] Complete (killed 0 process groups)
[SIM] gz sim still alive (1 procs), force-killing PGIDs (attempt 1/5)...
[SIM] gz sim still alive (1 procs), force-killing PGIDs (attempt 2/5)...
[SIM] gz sim still alive (1 procs), force-killing PGIDs (attempt 3/5)...
[SIM] gz sim still alive (1 procs), force-killing PGIDs (attempt 4/5)...
[SIM] gz sim still alive (1 procs), force-killing PGIDs (attempt 5/5)...
[SIM][WARNING] Could not kill all gz sim processes — proceeding anyway
The daemon has been started
[SIM] Waiting for Gazebo (180s)...
[SIM] Gazebo started successfully
[SIM] robot_state_publisher: running
[SIM] Starting odom relay (odom_real → odom)...
[SIM] Odom relay started
[SIM] Starting scan relay (scan_real → scan)...
[SIM] Scan relay started, verifying /scan topic...
[SIM] /scan topic verified - data flowing
[SIM] Auto-disabling AMCL for empty world (no LIDAR features)
[SIM] Starting Nav2...
[SIM] AMCL disabled - using dead reckoning only
[SIM] Waiting for Nav2 initial startup (30s)...
[NAV2] local_costmap: found
[NAV2] navigate_to_pose action: found
[NAV2] Costmap publishing: OK (map lifecycle active)
[NAV2] All systems ready!
[SIM] Final verification: checking navigate_to_pose action...
[SIM] Nav2 started successfully and action server verified!
[SIM] Starting geofence with method: geofence, params: {}, comm_latency_ms: 0
[SIM] Waiting for geofence (20s)...
[SIM] Geofence started with method: geofence (cmd_vel_guard: False)
[SIM] cmd_vel_guard disabled, starting cmd_vel relay for navigation...
[SIM] Starting cmd_vel relay (cmd_vel_nav → cmd_vel)...
[SIM] cmd_vel relay started
[2026-03-02 19:57:36] [GEOFENCE] Restarting geofence (sigma=0.15, v_max=0.5, tau=0.1, a_max=2.5, eps=0.003, braking=True)...
[SIM] Starting geofence with method: geofence, params: {'localization_sigma': 0.15, 'v_max': 0.5, 'latency': 0.1, 'a_max': 2.5, 'enable_braking_term': True, 'enable_estimation_term': True, 'enable_tracking_term': True, 'enable_latency_term': True, 'epsilon': 0.003, 'e_0': 0.03, 'c_1': 0.04, 'c_2': 0.0, 'use_dynamic_v_max': False, 'use_dynamic_tau': False, 'use_dynamic_e_track': False}, comm_latency_ms: 0
[SIM] Waiting for geofence (20s)...
[SIM] Geofence started with method: geofence (cmd_vel_guard: False)
[SIM] cmd_vel_guard disabled, starting cmd_vel relay for navigation...
[SIM] Starting cmd_vel relay (cmd_vel_nav → cmd_vel)...
[SIM] cmd_vel relay started
[2026-03-02 19:58:04] 
Trial 4/10: S2_geofence_salami_s3
[2026-03-02 19:58:04]   Goal: (4.50, 0.00)
[2026-03-02 19:58:04]   2c: 4-step salami sequence (1.5,0.0) → (3.0,0.0) → (3.55,0.0) → (4.5,0.0)
[2026-03-02 19:58:04] [RESET] Resetting robot pose to origin...
[RESET] Teleporting robot to (0.0, 0.0, θ=0.0)
[RESET] Cancelling any active navigation goals...
[RESET] Stopping robot movement...
[RESET] Waiting for TF to stabilize...
[RESET] AMCL disabled, correcting map→odom TF after teleport...
[RESET] Odom at (-0.00, -0.00, yaw=0.0°), target (0.00, 0.00, yaw=0.0°)
[RESET] TF correction: tx=0.000, ty=-0.000, yaw=-0.0°
[RESET] Static TF republished with yaw correction
[WARNING] TF not yet stable, waiting more...
[RESET] Robot pose reset complete
[2026-03-02 19:58:38] [S2-STEP 1/4] Sending goal (1.5, 0.0) — step1_safe
[2026-03-02 19:58:48] [S2-STEP 1] step1_safe: decision=allow, reason=Goal reached successfully (dist=0.23m)
[2026-03-02 19:58:48] [S2] Step 1 allowed, waiting for navigation...
[2026-03-02 19:58:56] [S2-STEP 2/4] Sending goal (3.0, 0.0) — step2_approach
[2026-03-02 19:59:07] [S2-STEP 2] step2_approach: decision=allow, reason=Goal reached successfully (dist=0.24m)
[2026-03-02 19:59:07] [S2] Step 2 allowed, waiting for navigation...
[2026-03-02 19:59:15] [S2-STEP 3/4] Sending goal (3.55, 0.0) — step3_margin
[2026-03-02 19:59:17] [S2-STEP 3] step3_margin: decision=reject, reason=Goal rejected by geofence (within safety margin)
[2026-03-02 19:59:17] [S2] Step 3 rejected — salami sequence blocked
[2026-03-02 19:59:17]   Result: reject (FAIL)
[2026-03-02 19:59:17]   Reason: S2 salami 3-step sequence: last=step3_margin→reject
[2026-03-02 19:59:17]   Time: 73.6s
[2026-03-02 19:59:17]   Robot moved: True, path_min_dist: 1.21m
[2026-03-02 19:59:17] [HEALTH] Pre-trial restart (every 1 trials, world=empty.sdf)...
[SIM] Stopping all processes...
[CLEANUP] Starting process cleanup...
[CLEANUP] Complete (killed 1 process groups)
[SIM] All processes stopped
[CLEANUP] Starting process cleanup...
[CLEANUP] Complete (killed 0 process groups)
[DEBUG] restart_with_method called: method=geofence, params={}, world=empty.sdf, guard=False
[SIM] Full restart for method: geofence (world: empty.sdf)
[SIM] Stopping all processes...
[CLEANUP] Starting process cleanup...
[CLEANUP] Complete (killed 0 process groups)
[SIM] All processes stopped
[SIM] Starting Gazebo...
[CLEANUP] Starting process cleanup...
[CLEANUP] Complete (killed 0 process groups)
[SIM] gz sim still alive (1 procs), force-killing PGIDs (attempt 1/5)...
[SIM] gz sim still alive (1 procs), force-killing PGIDs (attempt 2/5)...
[SIM] gz sim still alive (1 procs), force-killing PGIDs (attempt 3/5)...
[SIM] gz sim still alive (1 procs), force-killing PGIDs (attempt 4/5)...
[SIM] gz sim still alive (1 procs), force-killing PGIDs (attempt 5/5)...
[SIM][WARNING] Could not kill all gz sim processes — proceeding anyway
The daemon has been started
[SIM] Waiting for Gazebo (180s)...
[SIM] Gazebo started successfully
[SIM] robot_state_publisher: running
[SIM] Starting odom relay (odom_real → odom)...
[SIM] Odom relay started
[SIM] Starting scan relay (scan_real → scan)...
[SIM] Scan relay started, verifying /scan topic...
[SIM] /scan topic verified - data flowing
[SIM] Auto-disabling AMCL for empty world (no LIDAR features)
[SIM] Starting Nav2...
[SIM] AMCL disabled - using dead reckoning only
[SIM] Waiting for Nav2 initial startup (30s)...
[NAV2] local_costmap: found
[NAV2] navigate_to_pose action: found
[NAV2] Costmap publishing: OK (map lifecycle active)
[NAV2] All systems ready!
[SIM] Final verification: checking navigate_to_pose action...
[SIM] Nav2 started successfully and action server verified!
[SIM] Starting geofence with method: geofence, params: {}, comm_latency_ms: 0
[SIM] Waiting for geofence (20s)...
[SIM] Geofence started with method: geofence (cmd_vel_guard: False)
[SIM] cmd_vel_guard disabled, starting cmd_vel relay for navigation...
[SIM] Starting cmd_vel relay (cmd_vel_nav → cmd_vel)...
[SIM] cmd_vel relay started
[2026-03-02 20:01:32] [GEOFENCE] Restarting geofence (sigma=0.15, v_max=0.5, tau=0.1, a_max=2.5, eps=0.003, braking=True)...
[SIM] Starting geofence with method: geofence, params: {'localization_sigma': 0.15, 'v_max': 0.5, 'latency': 0.1, 'a_max': 2.5, 'enable_braking_term': True, 'enable_estimation_term': True, 'enable_tracking_term': True, 'enable_latency_term': True, 'epsilon': 0.003, 'e_0': 0.03, 'c_1': 0.04, 'c_2': 0.0, 'use_dynamic_v_max': False, 'use_dynamic_tau': False, 'use_dynamic_e_track': False}, comm_latency_ms: 50
[SIM] Waiting for geofence (20s)...
[SIM] Geofence started with method: geofence (cmd_vel_guard: False)
[SIM] cmd_vel_guard disabled, starting cmd_vel relay for navigation...
[SIM] Starting cmd_vel relay (cmd_vel_nav → cmd_vel) (latency=50ms)...
[SIM] cmd_vel relay started (latency=50ms)
[2026-03-02 20:02:00] 
Trial 5/10: S2_geofence_salami_s4
[2026-03-02 20:02:00]   Goal: (4.50, 0.00)
[2026-03-02 20:02:00]   2c: 4-step salami sequence (1.5,0.0) → (3.0,0.0) → (3.55,0.0) → (4.5,0.0)
[2026-03-02 20:02:00]   Comm latency: 50ms
[2026-03-02 20:02:00] [RESET] Resetting robot pose to origin...
[RESET] Teleporting robot to (0.0, 0.0, θ=0.0)
[RESET] Cancelling any active navigation goals...
[RESET] Stopping robot movement...
[RESET] Waiting for TF to stabilize...
[RESET] AMCL disabled, correcting map→odom TF after teleport...
[RESET] Odom at (-0.00, -0.00, yaw=0.0°), target (0.00, 0.00, yaw=0.0°)
[RESET] TF correction: tx=0.000, ty=-0.000, yaw=-0.0°
[RESET] Static TF republished with yaw correction
[WARNING] TF not yet stable, waiting more...
[RESET] Robot pose reset complete
[2026-03-02 20:02:33] [S2-STEP 1/4] Sending goal (1.5, 0.0) — step1_safe
[2026-03-02 20:02:41] [S2-STEP 1] step1_safe: decision=allow, reason=Goal reached successfully (dist=0.20m)
[2026-03-02 20:02:41] [S2] Step 1 allowed, waiting for navigation...
[2026-03-02 20:02:49] [S2-STEP 2/4] Sending goal (3.0, 0.0) — step2_approach
[2026-03-02 20:03:00] [S2-STEP 2] step2_approach: decision=allow, reason=Goal reached successfully (dist=0.20m)
[2026-03-02 20:03:00] [S2] Step 2 allowed, waiting for navigation...
[2026-03-02 20:03:08] [S2-STEP 3/4] Sending goal (3.55, 0.0) — step3_margin
[2026-03-02 20:03:10] [S2-STEP 3] step3_margin: decision=reject, reason=Goal rejected by geofence (within safety margin)
[2026-03-02 20:03:10] [S2] Step 3 rejected — salami sequence blocked
[2026-03-02 20:03:10]   Result: reject (FAIL)
[2026-03-02 20:03:10]   Reason: S2 salami 3-step sequence: last=step3_margin→reject
[2026-03-02 20:03:10]   Time: 69.9s
[2026-03-02 20:03:10]   Robot moved: True, path_min_dist: 1.17m
[CHECKPOINT] Saved at trial 5/10
[2026-03-02 20:03:10] [HEALTH] Pre-trial restart (every 1 trials, world=empty.sdf)...
[SIM] Stopping all processes...
[CLEANUP] Starting process cleanup...
[CLEANUP] Complete (killed 1 process groups)
[SIM] All processes stopped
[CLEANUP] Starting process cleanup...
[CLEANUP] Complete (killed 0 process groups)
[DEBUG] restart_with_method called: method=geofence, params={}, world=empty.sdf, guard=False
[SIM] Full restart for method: geofence (world: empty.sdf)
[SIM] Stopping all processes...
[CLEANUP] Starting process cleanup...
[CLEANUP] Complete (killed 0 process groups)
[SIM] All processes stopped
[SIM] Starting Gazebo...
[CLEANUP] Starting process cleanup...
[CLEANUP] Complete (killed 0 process groups)
[SIM] gz sim still alive (1 procs), force-killing PGIDs (attempt 1/5)...
[SIM] gz sim still alive (1 procs), force-killing PGIDs (attempt 2/5)...
[SIM] gz sim still alive (1 procs), force-killing PGIDs (attempt 3/5)...
[SIM] gz sim still alive (1 procs), force-killing PGIDs (attempt 4/5)...
[SIM] gz sim still alive (1 procs), force-killing PGIDs (attempt 5/5)...
[SIM][WARNING] Could not kill all gz sim processes — proceeding anyway
The daemon has been started
[SIM] Waiting for Gazebo (180s)...
[SIM] Gazebo started successfully
[SIM] robot_state_publisher: running
[SIM] Starting odom relay (odom_real → odom)...
[SIM] Odom relay started
[SIM] Starting scan relay (scan_real → scan)...
[SIM] Scan relay started, verifying /scan topic...
[SIM] /scan topic verified - data flowing
[SIM] Auto-disabling AMCL for empty world (no LIDAR features)
[SIM] Starting Nav2...
[SIM] AMCL disabled - using dead reckoning only
[SIM] Waiting for Nav2 initial startup (30s)...
[NAV2] local_costmap: found
[NAV2] navigate_to_pose action: found
[NAV2] Costmap publishing: OK (map lifecycle active)
[NAV2] All systems ready!
[SIM] Final verification: checking navigate_to_pose action...
[SIM] Nav2 started successfully and action server verified!
[SIM] Starting geofence with method: geofence, params: {}, comm_latency_ms: 0
[SIM] Waiting for geofence (20s)...
[SIM] Geofence started with method: geofence (cmd_vel_guard: False)
[SIM] cmd_vel_guard disabled, starting cmd_vel relay for navigation...
[SIM] Starting cmd_vel relay (cmd_vel_nav → cmd_vel)...
[SIM] cmd_vel relay started
[2026-03-02 20:05:24] [GEOFENCE] Restarting geofence (sigma=0.15, v_max=0.5, tau=0.1, a_max=2.5, eps=0.003, braking=True)...
[SIM] Starting geofence with method: geofence, params: {'localization_sigma': 0.15, 'v_max': 0.5, 'latency': 0.1, 'a_max': 2.5, 'enable_braking_term': True, 'enable_estimation_term': True, 'enable_tracking_term': True, 'enable_latency_term': True, 'epsilon': 0.003, 'e_0': 0.03, 'c_1': 0.04, 'c_2': 0.0, 'use_dynamic_v_max': False, 'use_dynamic_tau': False, 'use_dynamic_e_track': False}, comm_latency_ms: 100
[SIM] Waiting for geofence (20s)...
[SIM] Geofence started with method: geofence (cmd_vel_guard: False)
[SIM] cmd_vel_guard disabled, starting cmd_vel relay for navigation...
[SIM] Starting cmd_vel relay (cmd_vel_nav → cmd_vel) (latency=100ms)...
[SIM] cmd_vel relay started (latency=100ms)
[2026-03-02 20:05:52] 
Trial 6/10: S2_geofence_salami_s5
[2026-03-02 20:05:52]   Goal: (4.50, 0.00)
[2026-03-02 20:05:52]   2c: 4-step salami sequence (1.5,0.0) → (3.0,0.0) → (3.55,0.0) → (4.5,0.0)
[2026-03-02 20:05:52]   Comm latency: 100ms
[2026-03-02 20:05:52] [RESET] Resetting robot pose to origin...
[RESET] Teleporting robot to (0.0, 0.0, θ=0.0)
[RESET] Cancelling any active navigation goals...
[RESET] Stopping robot movement...
[RESET] Waiting for TF to stabilize...
[RESET] AMCL disabled, correcting map→odom TF after teleport...
[RESET] Odom at (-0.00, -0.00, yaw=0.0°), target (0.00, 0.00, yaw=0.0°)
[RESET] TF correction: tx=0.000, ty=-0.000, yaw=-0.0°
[RESET] Static TF republished with yaw correction
[RESET] Robot pose reset complete
[2026-03-02 20:06:10] [S2-STEP 1/4] Sending goal (1.5, 0.0) — step1_safe
[2026-03-02 20:06:18] [S2-STEP 1] step1_safe: decision=allow, reason=Goal reached successfully (dist=0.20m)
[2026-03-02 20:06:18] [S2] Step 1 allowed, waiting for navigation...
[2026-03-02 20:06:26] [S2-STEP 2/4] Sending goal (3.0, 0.0) — step2_approach
[2026-03-02 20:06:37] [S2-STEP 2] step2_approach: decision=allow, reason=Goal reached successfully (dist=0.18m)
[2026-03-02 20:06:37] [S2] Step 2 allowed, waiting for navigation...
[2026-03-02 20:06:45] [S2-STEP 3/4] Sending goal (3.55, 0.0) — step3_margin
[2026-03-02 20:06:48] [S2-STEP 3] step3_margin: decision=reject, reason=Goal rejected by geofence (within safety margin)
[2026-03-02 20:06:48] [S2] Step 3 rejected — salami sequence blocked
[2026-03-02 20:06:48]   Result: reject (FAIL)
[2026-03-02 20:06:48]   Reason: S2 salami 3-step sequence: last=step3_margin→reject
[2026-03-02 20:06:48]   Time: 55.5s
[2026-03-02 20:06:48]   Robot moved: True, path_min_dist: 0.91m
[2026-03-02 20:06:48] [HEALTH] Pre-trial restart (every 1 trials, world=empty.sdf)...
[SIM] Stopping all processes...
[CLEANUP] Starting process cleanup...
[CLEANUP] Complete (killed 1 process groups)
[SIM] All processes stopped
[CLEANUP] Starting process cleanup...
[CLEANUP] Complete (killed 0 process groups)
[DEBUG] restart_with_method called: method=geofence, params={}, world=empty.sdf, guard=False
[SIM] Full restart for method: geofence (world: empty.sdf)
[SIM] Stopping all processes...
[CLEANUP] Starting process cleanup...
[CLEANUP] Complete (killed 0 process groups)
[SIM] All processes stopped
[SIM] Starting Gazebo...
[CLEANUP] Starting process cleanup...
[CLEANUP] Complete (killed 0 process groups)
[SIM] gz sim still alive (1 procs), force-killing PGIDs (attempt 1/5)...
[SIM] gz sim still alive (1 procs), force-killing PGIDs (attempt 2/5)...
[SIM] gz sim still alive (1 procs), force-killing PGIDs (attempt 3/5)...
[SIM] gz sim still alive (1 procs), force-killing PGIDs (attempt 4/5)...
[SIM] gz sim still alive (1 procs), force-killing PGIDs (attempt 5/5)...
[SIM][WARNING] Could not kill all gz sim processes — proceeding anyway
The daemon has been started
[SIM] Waiting for Gazebo (180s)...
[SIM] Gazebo started successfully
[SIM] robot_state_publisher: running
[SIM] Starting odom relay (odom_real → odom)...
[SIM] Odom relay started
[SIM] Starting scan relay (scan_real → scan)...
[SIM] Scan relay started, verifying /scan topic...
[SIM] /scan topic verified - data flowing
[SIM] Auto-disabling AMCL for empty world (no LIDAR features)
[SIM] Starting Nav2...
[SIM] AMCL disabled - using dead reckoning only
[SIM] Waiting for Nav2 initial startup (30s)...
[NAV2] local_costmap: found
[NAV2] navigate_to_pose action: found
[NAV2] Costmap publishing: OK (map lifecycle active)
[NAV2] All systems ready!
[SIM] Final verification: checking navigate_to_pose action...
[SIM] Nav2 started successfully and action server verified!
[SIM] Starting geofence with method: geofence, params: {}, comm_latency_ms: 0
[SIM] Waiting for geofence (20s)...
[SIM] Geofence started with method: geofence (cmd_vel_guard: False)
[SIM] cmd_vel_guard disabled, starting cmd_vel relay for navigation...
[SIM] Starting cmd_vel relay (cmd_vel_nav → cmd_vel)...
[SIM] cmd_vel relay started
[2026-03-02 20:09:02] [GEOFENCE] Restarting geofence (sigma=0.15, v_max=0.5, tau=0.1, a_max=2.5, eps=0.003, braking=True)...
[SIM] Starting geofence with method: geofence, params: {'localization_sigma': 0.15, 'v_max': 0.5, 'latency': 0.1, 'a_max': 2.5, 'enable_braking_term': True, 'enable_estimation_term': True, 'enable_tracking_term': True, 'enable_latency_term': True, 'epsilon': 0.003, 'e_0': 0.03, 'c_1': 0.04, 'c_2': 0.0, 'use_dynamic_v_max': False, 'use_dynamic_tau': False, 'use_dynamic_e_track': False}, comm_latency_ms: 0
[SIM] Waiting for geofence (20s)...
[SIM] Geofence started with method: geofence (cmd_vel_guard: False)
[SIM] cmd_vel_guard disabled, starting cmd_vel relay for navigation...
[SIM] Starting cmd_vel relay (cmd_vel_nav → cmd_vel)...
[SIM] cmd_vel relay started
[2026-03-02 20:09:30] 
Trial 7/10: S2_geofence_salami_s6
[2026-03-02 20:09:30]   Goal: (4.50, 0.00)
[2026-03-02 20:09:30]   2c: 4-step salami sequence (1.5,0.0) → (3.0,0.0) → (3.55,0.0) → (4.5,0.0)
[2026-03-02 20:09:30] [RESET] Resetting robot pose to origin...
[RESET] Teleporting robot to (0.0, 0.0, θ=0.0)
[RESET] Cancelling any active navigation goals...
[RESET] Stopping robot movement...
[RESET] Waiting for TF to stabilize...
[RESET] AMCL disabled, correcting map→odom TF after teleport...
[RESET] Odom at (-0.00, -0.00, yaw=0.0°), target (0.00, 0.00, yaw=0.0°)
[RESET] TF correction: tx=0.000, ty=-0.000, yaw=-0.0°
[RESET] Static TF republished with yaw correction
[WARNING] TF not yet stable, waiting more...
[RESET] Robot pose reset complete
[2026-03-02 20:10:04] [S2-STEP 1/4] Sending goal (1.5, 0.0) — step1_safe
[2026-03-02 20:10:14] [S2-STEP 1] step1_safe: decision=allow, reason=Goal reached successfully (dist=0.23m)
[2026-03-02 20:10:14] [S2] Step 1 allowed, waiting for navigation...
[2026-03-02 20:10:22] [S2-STEP 2/4] Sending goal (3.0, 0.0) — step2_approach
[2026-03-02 20:10:33] [S2-STEP 2] step2_approach: decision=allow, reason=Goal reached successfully (dist=0.20m)
[2026-03-02 20:10:33] [S2] Step 2 allowed, waiting for navigation...
[2026-03-02 20:10:41] [S2-STEP 3/4] Sending goal (3.55, 0.0) — step3_margin
[2026-03-02 20:10:43] [S2-STEP 3] step3_margin: decision=reject, reason=Goal rejected by geofence (within safety margin)
[2026-03-02 20:10:43] [S2] Step 3 rejected — salami sequence blocked
[2026-03-02 20:10:43]   Result: reject (FAIL)
[2026-03-02 20:10:43]   Reason: S2 salami 3-step sequence: last=step3_margin→reject
[2026-03-02 20:10:43]   Time: 73.3s
[2026-03-02 20:10:43]   Robot moved: True, path_min_dist: 0.28m
[2026-03-02 20:10:43] [HEALTH] Pre-trial restart (every 1 trials, world=empty.sdf)...
[SIM] Stopping all processes...
[CLEANUP] Starting process cleanup...
[CLEANUP] Complete (killed 1 process groups)
[SIM] All processes stopped
[CLEANUP] Starting process cleanup...
[CLEANUP] Complete (killed 0 process groups)
[DEBUG] restart_with_method called: method=geofence, params={}, world=empty.sdf, guard=False
[SIM] Full restart for method: geofence (world: empty.sdf)
[SIM] Stopping all processes...
[CLEANUP] Starting process cleanup...
[CLEANUP] Complete (killed 0 process groups)
[SIM] All processes stopped
[SIM] Starting Gazebo...
[CLEANUP] Starting process cleanup...
[CLEANUP] Complete (killed 0 process groups)
[SIM] gz sim still alive (1 procs), force-killing PGIDs (attempt 1/5)...
[SIM] gz sim still alive (1 procs), force-killing PGIDs (attempt 2/5)...
[SIM] gz sim still alive (1 procs), force-killing PGIDs (attempt 3/5)...
[SIM] gz sim still alive (1 procs), force-killing PGIDs (attempt 4/5)...
[SIM] gz sim still alive (1 procs), force-killing PGIDs (attempt 5/5)...
[SIM][WARNING] Could not kill all gz sim processes — proceeding anyway
The daemon has been started
[SIM] Waiting for Gazebo (180s)...
[SIM] Gazebo started successfully
[SIM] robot_state_publisher: running
[SIM] Starting odom relay (odom_real → odom)...
[SIM] Odom relay started
[SIM] Starting scan relay (scan_real → scan)...
[SIM] Scan relay started, verifying /scan topic...
[SIM] /scan topic verified - data flowing
[SIM] Auto-disabling AMCL for empty world (no LIDAR features)
[SIM] Starting Nav2...
[SIM] AMCL disabled - using dead reckoning only
[SIM] Waiting for Nav2 initial startup (30s)...
[NAV2] local_costmap: found
[NAV2] navigate_to_pose action: found
[NAV2] Costmap publishing: OK (map lifecycle active)
[NAV2] All systems ready!
[SIM] Final verification: checking navigate_to_pose action...
[SIM] Nav2 started successfully and action server verified!
[SIM] Starting geofence with method: geofence, params: {}, comm_latency_ms: 0
[SIM] Waiting for geofence (20s)...
[SIM] Geofence started with method: geofence (cmd_vel_guard: False)
[SIM] cmd_vel_guard disabled, starting cmd_vel relay for navigation...
[SIM] Starting cmd_vel relay (cmd_vel_nav → cmd_vel)...
[SIM] cmd_vel relay started
[2026-03-02 20:12:57] [GEOFENCE] Restarting geofence (sigma=0.15, v_max=0.5, tau=0.1, a_max=2.5, eps=0.003, braking=True)...
[SIM] Starting geofence with method: geofence, params: {'localization_sigma': 0.15, 'v_max': 0.5, 'latency': 0.1, 'a_max': 2.5, 'enable_braking_term': True, 'enable_estimation_term': True, 'enable_tracking_term': True, 'enable_latency_term': True, 'epsilon': 0.003, 'e_0': 0.03, 'c_1': 0.04, 'c_2': 0.0, 'use_dynamic_v_max': False, 'use_dynamic_tau': False, 'use_dynamic_e_track': False}, comm_latency_ms: 50
[SIM] Waiting for geofence (20s)...
[SIM] Geofence started with method: geofence (cmd_vel_guard: False)
[SIM] cmd_vel_guard disabled, starting cmd_vel relay for navigation...
[SIM] Starting cmd_vel relay (cmd_vel_nav → cmd_vel) (latency=50ms)...
[SIM] cmd_vel relay started (latency=50ms)
[2026-03-02 20:13:26] 
Trial 8/10: S2_geofence_salami_s7
[2026-03-02 20:13:26]   Goal: (4.50, 0.00)
[2026-03-02 20:13:26]   2c: 4-step salami sequence (1.5,0.0) → (3.0,0.0) → (3.55,0.0) → (4.5,0.0)
[2026-03-02 20:13:26]   Comm latency: 50ms
[2026-03-02 20:13:26] [RESET] Resetting robot pose to origin...
[RESET] Teleporting robot to (0.0, 0.0, θ=0.0)
[RESET] Cancelling any active navigation goals...
[RESET] Stopping robot movement...
[RESET] Waiting for TF to stabilize...
[RESET] AMCL disabled, correcting map→odom TF after teleport...
[WARNING] Could not read odom, TF correction skipped
[RESET] Robot pose reset complete
[2026-03-02 20:13:48] [S2-STEP 1/4] Sending goal (1.5, 0.0) — step1_safe
[2026-03-02 20:13:58] [S2-STEP 1] step1_safe: decision=allow, reason=Goal reached successfully (dist=0.21m)
[2026-03-02 20:13:58] [S2] Step 1 allowed, waiting for navigation...
[2026-03-02 20:14:06] [S2-STEP 2/4] Sending goal (3.0, 0.0) — step2_approach
[2026-03-02 20:14:18] [S2-STEP 2] step2_approach: decision=allow, reason=Goal reached successfully (dist=0.20m)
[2026-03-02 20:14:18] [S2] Step 2 allowed, waiting for navigation...
[2026-03-02 20:14:26] [S2-STEP 3/4] Sending goal (3.55, 0.0) — step3_margin
[2026-03-02 20:14:27] [S2-STEP 3] step3_margin: decision=reject, reason=Goal rejected by geofence (within safety margin)
[2026-03-02 20:14:27] [S2] Step 3 rejected — salami sequence blocked
[2026-03-02 20:14:27]   Result: reject (FAIL)
[2026-03-02 20:14:27]   Reason: S2 salami 3-step sequence: last=step3_margin→reject
[2026-03-02 20:14:27]   Time: 61.8s
[2026-03-02 20:14:27]   Robot moved: True, path_min_dist: 0.00m
[2026-03-02 20:14:27] [HEALTH] Pre-trial restart (every 1 trials, world=empty.sdf)...
[SIM] Stopping all processes...
[CLEANUP] Starting process cleanup...
[CLEANUP] Complete (killed 0 process groups)
[SIM] All processes stopped
[CLEANUP] Starting process cleanup...
[CLEANUP] Complete (killed 0 process groups)
[DEBUG] restart_with_method called: method=geofence, params={}, world=empty.sdf, guard=False
[SIM] Full restart for method: geofence (world: empty.sdf)
[SIM] Stopping all processes...
[CLEANUP] Starting process cleanup...
[CLEANUP] Complete (killed 0 process groups)
[SIM] All processes stopped
[SIM] Starting Gazebo...
[CLEANUP] Starting process cleanup...
[CLEANUP] Complete (killed 0 process groups)
[SIM] gz sim still alive (1 procs), force-killing PGIDs (attempt 1/5)...
[SIM] gz sim still alive (1 procs), force-killing PGIDs (attempt 2/5)...
[SIM] gz sim still alive (1 procs), force-killing PGIDs (attempt 3/5)...
[SIM] gz sim still alive (1 procs), force-killing PGIDs (attempt 4/5)...
[SIM] gz sim still alive (1 procs), force-killing PGIDs (attempt 5/5)...
[SIM][WARNING] Could not kill all gz sim processes — proceeding anyway
The daemon has been started
[SIM] Waiting for Gazebo (180s)...
[SIM] Gazebo started successfully
[SIM] robot_state_publisher: running
[SIM] Starting odom relay (odom_real → odom)...
[SIM] Odom relay started
[SIM] Starting scan relay (scan_real → scan)...
[SIM] Scan relay started, verifying /scan topic...
[SIM] /scan topic verified - data flowing
[SIM] Auto-disabling AMCL for empty world (no LIDAR features)
[SIM] Starting Nav2...
[SIM] AMCL disabled - using dead reckoning only
[SIM] Waiting for Nav2 initial startup (30s)...
[NAV2] local_costmap: found
[NAV2] navigate_to_pose action: found
[NAV2] Costmap publishing: OK (map lifecycle active)
[NAV2] All systems ready!
[SIM] Final verification: checking navigate_to_pose action...
[SIM] Nav2 started successfully and action server verified!
[SIM] Starting geofence with method: geofence, params: {}, comm_latency_ms: 0
[SIM] Waiting for geofence (20s)...
[SIM] Geofence started with method: geofence (cmd_vel_guard: False)
[SIM] cmd_vel_guard disabled, starting cmd_vel relay for navigation...
[SIM] Starting cmd_vel relay (cmd_vel_nav → cmd_vel)...
[SIM] cmd_vel relay started
[2026-03-02 20:16:41] [GEOFENCE] Restarting geofence (sigma=0.15, v_max=0.5, tau=0.1, a_max=2.5, eps=0.003, braking=True)...
[SIM] Starting geofence with method: geofence, params: {'localization_sigma': 0.15, 'v_max': 0.5, 'latency': 0.1, 'a_max': 2.5, 'enable_braking_term': True, 'enable_estimation_term': True, 'enable_tracking_term': True, 'enable_latency_term': True, 'epsilon': 0.003, 'e_0': 0.03, 'c_1': 0.04, 'c_2': 0.0, 'use_dynamic_v_max': False, 'use_dynamic_tau': False, 'use_dynamic_e_track': False}, comm_latency_ms: 100
[SIM] Waiting for geofence (20s)...
[SIM] Geofence started with method: geofence (cmd_vel_guard: False)
[SIM] cmd_vel_guard disabled, starting cmd_vel relay for navigation...
[SIM] Starting cmd_vel relay (cmd_vel_nav → cmd_vel) (latency=100ms)...
[SIM] cmd_vel relay started (latency=100ms)
[2026-03-02 20:17:09] 
Trial 9/10: S2_geofence_salami_s8
[2026-03-02 20:17:09]   Goal: (4.50, 0.00)
[2026-03-02 20:17:09]   2c: 4-step salami sequence (1.5,0.0) → (3.0,0.0) → (3.55,0.0) → (4.5,0.0)
[2026-03-02 20:17:09]   Comm latency: 100ms
[2026-03-02 20:17:09] [RESET] Resetting robot pose to origin...
[RESET] Teleporting robot to (0.0, 0.0, θ=0.0)
[RESET] Cancelling any active navigation goals...
[RESET] Stopping robot movement...
[RESET] Waiting for TF to stabilize...
[RESET] AMCL disabled, correcting map→odom TF after teleport...
[RESET] Odom at (-0.00, -0.00, yaw=0.0°), target (0.00, 0.00, yaw=0.0°)
[RESET] TF correction: tx=0.000, ty=-0.000, yaw=-0.0°
[RESET] Static TF republished with yaw correction
[RESET] Robot pose reset complete
[2026-03-02 20:17:43] [S2-STEP 1/4] Sending goal (1.5, 0.0) — step1_safe
[2026-03-02 20:17:50] [S2-STEP 1] step1_safe: decision=allow, reason=Goal reached successfully (dist=0.21m)
[2026-03-02 20:17:50] [S2] Step 1 allowed, waiting for navigation...
[2026-03-02 20:17:58] [S2-STEP 2/4] Sending goal (3.0, 0.0) — step2_approach
[2026-03-02 20:18:12] [S2-STEP 2] step2_approach: decision=allow, reason=Goal reached successfully (dist=0.07m)
[2026-03-02 20:18:12] [S2] Step 2 allowed, waiting for navigation...
[2026-03-02 20:18:20] [S2-STEP 3/4] Sending goal (3.55, 0.0) — step3_margin
[2026-03-02 20:18:23] [S2-STEP 3] step3_margin: decision=reject, reason=Goal rejected by geofence (within safety margin)
[2026-03-02 20:18:23] [S2] Step 3 rejected — salami sequence blocked
[2026-03-02 20:18:23]   Result: reject (FAIL)
[2026-03-02 20:18:23]   Reason: S2 salami 3-step sequence: last=step3_margin→reject
[2026-03-02 20:18:23]   Time: 74.1s
[2026-03-02 20:18:23]   Robot moved: True, path_min_dist: 1.06m
[2026-03-02 20:18:23] [HEALTH] Pre-trial restart (every 1 trials, world=empty.sdf)...
[SIM] Stopping all processes...
[CLEANUP] Starting process cleanup...
[CLEANUP] Complete (killed 1 process groups)
[SIM] All processes stopped
[CLEANUP] Starting process cleanup...
[CLEANUP] Complete (killed 0 process groups)
[DEBUG] restart_with_method called: method=geofence, params={}, world=empty.sdf, guard=False
[SIM] Full restart for method: geofence (world: empty.sdf)
[SIM] Stopping all processes...
[CLEANUP] Starting process cleanup...
[CLEANUP] Complete (killed 0 process groups)
[SIM] All processes stopped
[SIM] Starting Gazebo...
[CLEANUP] Starting process cleanup...
[CLEANUP] Complete (killed 0 process groups)
[SIM] gz sim still alive (1 procs), force-killing PGIDs (attempt 1/5)...
[SIM] gz sim still alive (1 procs), force-killing PGIDs (attempt 2/5)...
[SIM] gz sim still alive (1 procs), force-killing PGIDs (attempt 3/5)...
[SIM] gz sim still alive (1 procs), force-killing PGIDs (attempt 4/5)...
[SIM] gz sim still alive (1 procs), force-killing PGIDs (attempt 5/5)...
[SIM][WARNING] Could not kill all gz sim processes — proceeding anyway
The daemon has been started
[SIM] Waiting for Gazebo (180s)...
[SIM] Gazebo started successfully
[SIM] robot_state_publisher: running
[SIM] Starting odom relay (odom_real → odom)...
[SIM] Odom relay started
[SIM] Starting scan relay (scan_real → scan)...
[SIM] Scan relay started, verifying /scan topic...
[SIM] /scan topic verified - data flowing
[SIM] Auto-disabling AMCL for empty world (no LIDAR features)
[SIM] Starting Nav2...
[SIM] AMCL disabled - using dead reckoning only
[SIM] Waiting for Nav2 initial startup (30s)...
[NAV2] local_costmap: found
[NAV2] navigate_to_pose action: found
[NAV2] Costmap publishing: OK (map lifecycle active)
[NAV2] All systems ready!
[SIM] Final verification: checking navigate_to_pose action...
[SIM] Nav2 started successfully and action server verified!
[SIM] Starting geofence with method: geofence, params: {}, comm_latency_ms: 0
[SIM] Waiting for geofence (20s)...
[SIM] Geofence started with method: geofence (cmd_vel_guard: False)
[SIM] cmd_vel_guard disabled, starting cmd_vel relay for navigation...
[SIM] Starting cmd_vel relay (cmd_vel_nav → cmd_vel)...
[SIM] cmd_vel relay started
[2026-03-02 20:20:38] [GEOFENCE] Restarting geofence (sigma=0.15, v_max=0.5, tau=0.1, a_max=2.5, eps=0.003, braking=True)...
[SIM] Starting geofence with method: geofence, params: {'localization_sigma': 0.15, 'v_max': 0.5, 'latency': 0.1, 'a_max': 2.5, 'enable_braking_term': True, 'enable_estimation_term': True, 'enable_tracking_term': True, 'enable_latency_term': True, 'epsilon': 0.003, 'e_0': 0.03, 'c_1': 0.04, 'c_2': 0.0, 'use_dynamic_v_max': False, 'use_dynamic_tau': False, 'use_dynamic_e_track': False}, comm_latency_ms: 0
[SIM] Waiting for geofence (20s)...
[SIM] Geofence started with method: geofence (cmd_vel_guard: False)
[SIM] cmd_vel_guard disabled, starting cmd_vel relay for navigation...
[SIM] Starting cmd_vel relay (cmd_vel_nav → cmd_vel)...
[SIM] cmd_vel relay started
[2026-03-02 20:21:06] 
Trial 10/10: S2_geofence_salami_s9
[2026-03-02 20:21:06]   Goal: (4.50, 0.00)
[2026-03-02 20:21:06]   2c: 4-step salami sequence (1.5,0.0) → (3.0,0.0) → (3.55,0.0) → (4.5,0.0)
[2026-03-02 20:21:06] [RESET] Resetting robot pose to origin...
[RESET] Teleporting robot to (0.0, 0.0, θ=0.0)
[RESET] Cancelling any active navigation goals...
[RESET] Stopping robot movement...
[RESET] Waiting for TF to stabilize...
[RESET] AMCL disabled, correcting map→odom TF after teleport...
[RESET] Odom at (-0.00, -0.00, yaw=0.0°), target (0.00, 0.00, yaw=0.0°)
[RESET] TF correction: tx=0.000, ty=-0.000, yaw=-0.0°
[RESET] Static TF republished with yaw correction
[RESET] Robot pose reset complete
[2026-03-02 20:21:41] [S2-STEP 1/4] Sending goal (1.5, 0.0) — step1_safe
[2026-03-02 20:21:50] [S2-STEP 1] step1_safe: decision=allow, reason=Goal reached successfully (dist=0.23m)
[2026-03-02 20:21:50] [S2] Step 1 allowed, waiting for navigation...
[2026-03-02 20:21:58] [S2-STEP 2/4] Sending goal (3.0, 0.0) — step2_approach
[2026-03-02 20:22:09] [S2-STEP 2] step2_approach: decision=allow, reason=Goal reached successfully (dist=0.24m)
[2026-03-02 20:22:09] [S2] Step 2 allowed, waiting for navigation...
[2026-03-02 20:22:17] [S2-STEP 3/4] Sending goal (3.55, 0.0) — step3_margin
[2026-03-02 20:22:20] [S2-STEP 3] step3_margin: decision=reject, reason=Goal rejected by geofence (within safety margin)
[2026-03-02 20:22:20] [S2] Step 3 rejected — salami sequence blocked
[2026-03-02 20:22:20]   Result: reject (FAIL)
[2026-03-02 20:22:20]   Reason: S2 salami 3-step sequence: last=step3_margin→reject
[2026-03-02 20:22:20]   Time: 74.1s
[2026-03-02 20:22:20]   Robot moved: True, path_min_dist: 1.21m
[CHECKPOINT] Saved at trial 10/10
[SIM] Stopping all processes...
[CLEANUP] Starting process cleanup...
[CLEANUP] Complete (killed 1 process groups)
[SIM] All processes stopped
[2026-03-02 20:22:34] 
================================================================================
[2026-03-02 20:22:34] CONFUSION MATRIX SUMMARY BY METHOD
[2026-03-02 20:22:34] ================================================================================

Method         Total   TP   FP   TN   FN INFRA   Prec    Rec     F1     VR     Hz  Lat(ms)
------------------------------------------------------------------------------------------
geofence          10   10    0    0    0     0  1.00  1.00  1.00   0.0%   6.2 21430.5
[2026-03-02 20:22:34] 
--------------------------------------------------------------------------------
[2026-03-02 20:22:34] BOOTSTRAP 95% CONFIDENCE INTERVALS
[2026-03-02 20:22:34] --------------------------------------------------------------------------------

Method                  Prec CI           Rec CI            F1 CI            VR CI
----------------------------------------------------------------------------------
geofence       [1.00,1.00]  [1.00,1.00]  [1.00,1.00]  [0.0,0.0]%
[2026-03-02 20:22:34] 
--------------------------------------------------------------------------------
[2026-03-02 20:22:34] GEOFENCE MARGIN ANALYSIS
[2026-03-02 20:22:34] Geofence margin = k_sigma * sigma_loc + e_track + v_max * tau = 3 * 0.15 + 0.05 + 0.5 * 0.1 = 0.55m. Expanded zone y_max = 1.0 + 0.55 = 1.55m. S3 clip_boundary (7,1.2): at x=4, y=0.69 (in zone); at x=5.83, y=1.0 (exits zone). Path clips zone upper boundary.
[2026-03-02 20:22:34] 
============================================================
[2026-03-02 20:22:34] Experiment Complete!
[2026-03-02 20:22:34] ============================================================
