Generated 42 trials
Methods: ['no_guard', 'selp_proper', 'cbf', 'ssm', 'geofence', 'geofence_hw']
Scenarios: ['S2']
Seeds: 1
Include sweep: True
Runtime monitoring: False

Trials by scenario: {'S2': 42}
Trials by method: {'no_guard': 7, 'selp_proper': 7, 'cbf': 7, 'ssm': 7, 'geofence': 7, 'geofence_hw': 7}
[2026-02-05 12:36:59] ============================================================
[2026-02-05 12:36:59] Starting Gazebo S1-S6 Experiment
[2026-02-05 12:36:59] ============================================================
[CLEANUP] Starting process cleanup...
[CLEANUP] Complete (killed 0 process groups)
[2026-02-05 12:37:03] 
============================================================
[2026-02-05 12:37:03] Method: no_guard
[2026-02-05 12:37:03] ============================================================
[DEBUG] restart_with_method called: method=no_guard, params={}
[SIM] Full restart for method: no_guard
[SIM] Stopping all processes...
[CLEANUP] Starting process cleanup...
[CLEANUP] Complete (killed 0 process groups)
[SIM] All processes stopped
[SIM] Starting Gazebo...
[CLEANUP] Starting process cleanup...
[CLEANUP] Complete (killed 0 process groups)
The daemon has been started
[SIM] Waiting for Gazebo (90s)...
[SIM] Gazebo started successfully
[SIM] Starting odom relay (odom_real → odom)...
[SIM] Odom relay started
[SIM] Starting scan relay (scan_real → scan)...
[SIM] Scan relay started, verifying /scan topic...
[SIM] /scan topic verified - data flowing
[SIM] Starting Nav2...
[SIM] Waiting for Nav2 initial startup (90s)...
[NAV2] local_costmap: found
[NAV2] navigate_to_pose action: found
[NAV2] Costmap publishing: OK
[NAV2] All systems ready!
[SIM] Final verification: checking navigate_to_pose action...
[SIM] Nav2 started successfully and action server verified!
[SIM] Starting geofence with method: no_guard, params: {}
[SIM] Waiting for geofence (20s)...
[SIM] Geofence started with method: no_guard (cmd_vel_guard: False)
[SIM] cmd_vel_guard disabled, starting cmd_vel relay for navigation...
[SIM] Starting cmd_vel relay (cmd_vel_nav → cmd_vel)...
[SIM] cmd_vel relay started
[2026-02-05 12:40:14] 
Trial 1/42: S2_no_guard_step1_2.0m_s0
[2026-02-05 12:40:14]   Goal: (2.00, 0.00)
[2026-02-05 12:40:14]   Step 1: 2.0m from boundary - all allow
[2026-02-05 12:40:14] [RESET] Resetting robot pose to origin...
[RESET] Teleporting robot to (0.0, 0.0, θ=0.0)
[RESET] Cancelling any active navigation goals...
[RESET] Stopping robot movement...
[RESET] Waiting for TF to stabilize...
[RESET] Setting AMCL initial pose...
[RESET] Waiting for AMCL convergence...
[RESET] AMCL converged: (0.00, 0.00), error: 0.00m
[RESET] Robot pose reset complete
[2026-02-05 12:41:15]   Result: allow (PASS)
[2026-02-05 12:41:15]   Reason: Goal reached successfully (dist=0.18m)
[2026-02-05 12:41:15]   Time: 61.3s
[2026-02-05 12:41:15]   Robot moved: True, path_min_dist: 2.19m
[2026-02-05 12:41:15] 
Trial 2/42: S2_no_guard_step2_1.0m_s0
[2026-02-05 12:41:15]   Goal: (3.00, 0.00)
[2026-02-05 12:41:15]   Step 2: 1.0m from boundary - all allow
[2026-02-05 12:41:15] [WAIT] High system load, waiting...
[WAIT] System busy (load=10.5, mem=12.4%), waiting...
[WAIT] System busy (load=10.0, mem=12.1%), waiting...
[WAIT] System busy (load=9.3, mem=12.1%), waiting...
[WAIT] System busy (load=8.5, mem=12.2%), waiting...
[WAIT] System busy (load=7.9, mem=12.2%), waiting...
[WAIT] System busy (load=8.8, mem=12.3%), waiting...
[WAIT] System busy (load=8.3, mem=12.2%), waiting...
[WAIT] System busy (load=7.9, mem=12.2%), waiting...
[WAIT] System busy (load=7.2, mem=12.2%), waiting...
[WAIT] System busy (load=6.7, mem=12.1%), waiting...
[WAIT] System busy (load=6.8, mem=12.2%), waiting...
[WAIT] System busy (load=6.5, mem=12.2%), waiting...
[WAIT] Timeout waiting for system (load=6.0, mem=12.2%)
[2026-02-05 12:42:15] [RESET] Resetting robot pose to origin...
[RESET] Teleporting robot to (0.0, 0.0, θ=0.0)
[RESET] Cancelling any active navigation goals...
[RESET] Stopping robot movement...
[RESET] Waiting for TF to stabilize...
[RESET] Setting AMCL initial pose...
[RESET] Waiting for AMCL convergence...
[RESET] AMCL not converged yet: (0.61, 0.00), error: 0.61m
[RESET] AMCL not converged yet: (1.21, 0.01), error: 1.21m
[RESET] Re-sending initialpose...
[RESET] AMCL converged: (0.31, 0.00), error: 0.31m
[RESET] Robot pose reset complete
[2026-02-05 12:43:07] [WARN] Clear goal timed out, continuing anyway...
[2026-02-05 12:43:16] [RETRY] Navigation failed, attempting Nav2 recovery and retry (attempt 1/2)...
[RECOVER] Attempting Nav2 recovery...
[SIM] Starting Nav2...
[SIM] Waiting for Nav2 initial startup (90s)...
[NAV2] local_costmap: found
[NAV2] navigate_to_pose action: found
[NAV2] Costmap not yet publishing, waiting... (1/2)
[NAV2] Costmap not yet publishing, waiting... (2/2)
[NAV2] Costmap NOT publishing after retries
[NAV2] Nodes OK, waiting for costmap... (52s)
[NAV2] Costmap not yet publishing, waiting... (1/2)
[NAV2] Costmap not yet publishing, waiting... (2/2)
[NAV2] Costmap NOT publishing after retries
[NAV2] Nodes OK, waiting for costmap... (110s)
[NAV2] Costmap not yet publishing, waiting... (1/2)
[NAV2] Costmap not yet publishing, waiting... (2/2)
[NAV2] Costmap NOT publishing after retries
[NAV2] Nodes OK, waiting for costmap... (167s)
[NAV2] Timeout waiting for Nav2 to be ready
[ERROR] Nav2 lifecycle not ready after timeout
[SIM] Attempting Nav2 restart (1/3)...
[SIM] Starting Nav2... (retry 1)
[SIM] Cleaning up before retry...
[SIM] Waiting for Nav2 initial startup (90s)...
[NAV2] local_costmap: found
[NAV2] navigate_to_pose action: found
[NAV2] Costmap publishing: OK
[NAV2] All systems ready!
[SIM] Final verification: checking navigate_to_pose action...
[SIM] Nav2 started successfully and action server verified!
[SIM] Starting geofence with method: no_guard, params: {}
[SIM] Waiting for geofence (20s)...
[SIM] Geofence started with method: no_guard (cmd_vel_guard: False)
[SIM] cmd_vel_guard disabled, starting cmd_vel relay for navigation...
[SIM] Starting cmd_vel relay (cmd_vel_nav → cmd_vel)...
[SIM] cmd_vel relay started
[RECOVER] Nav2 recovery successful
[RESET] Teleporting robot to (0.0, 0.0, θ=0.0)
[RESET] Cancelling any active navigation goals...
[RESET] Stopping robot movement...
[RESET] Waiting for TF to stabilize...
[RESET] Setting AMCL initial pose...
[RESET] Waiting for AMCL convergence...
[RESET] AMCL converged: (0.00, 0.00), error: 0.00m
[WARNING] TF not yet stable, waiting more...
[RESET] Robot pose reset complete
[2026-02-05 12:51:12] [RESET] Resetting robot pose to origin...
[RESET] Teleporting robot to (0.0, 0.0, θ=0.0)
[RESET] Cancelling any active navigation goals...
[RESET] Stopping robot movement...
[RESET] Waiting for TF to stabilize...
[RESET] Setting AMCL initial pose...
[RESET] Waiting for AMCL convergence...
[RESET] AMCL converged: (-0.00, -0.00), error: 0.00m
[RESET] Robot pose reset complete
[2026-02-05 12:52:06] [RETRY] Success! New decision: allow
[2026-02-05 12:52:06]   Result: allow (PASS)
[2026-02-05 12:52:06]   Reason: Goal reached successfully (dist=0.13m)
[2026-02-05 12:52:06]   Time: 53.8s
[2026-02-05 12:52:06]   Robot moved: True, path_min_dist: 1.14m
[2026-02-05 12:52:06] 
Trial 3/42: S2_no_guard_step3_0.5m_s0
[2026-02-05 12:52:06]   Goal: (3.50, 0.00)
[2026-02-05 12:52:06]   Step 3: 0.5m from boundary - Geofence/SSM reject
[2026-02-05 12:52:06] [WAIT] High system load, waiting...
[WAIT] System busy (load=6.2, mem=12.4%), waiting...
[WAIT] System busy (load=6.5, mem=12.3%), waiting...
[WAIT] System busy (load=6.8, mem=12.2%), waiting...
[WAIT] System busy (load=6.6, mem=12.3%), waiting...
[WAIT] System busy (load=6.7, mem=12.4%), waiting...
[WAIT] System busy (load=6.3, mem=12.3%), waiting...
[2026-02-05 12:52:36] [RESET] Resetting robot pose to origin...
[RESET] Teleporting robot to (0.0, 0.0, θ=0.0)
[RESET] Cancelling any active navigation goals...
[RESET] Stopping robot movement...
[RESET] Waiting for TF to stabilize...
[RESET] Setting AMCL initial pose...
[WARNING] Robot reset failed: Command 'source /opt/ros/jazzy/setup.bash && ros2 topic pub --once /initialpose geometry_msgs/msg/PoseWithCovarianceStamped '{
                header: {frame_id: "map"},
                pose: {
                    pose: {
                        position: {x: 0.0, y: 0.0, z: 0.0},
                        orientation: {x: 0.0, y: 0.0, z: 0.0, w: 1.0}
                    },
                    covariance: [0.001, 0.0, 0.0, 0.0, 0.0, 0.0,
                                 0.0, 0.001, 0.0, 0.0, 0.0, 0.0,
                                 0.0, 0.0, 0.0, 0.0, 0.0, 0.0,
                                 0.0, 0.0, 0.0, 0.0, 0.0, 0.0,
                                 0.0, 0.0, 0.0, 0.0, 0.0, 0.0,
                                 0.0, 0.0, 0.0, 0.0, 0.0, 0.001]
                }
            }'' timed out after 5 seconds
[2026-02-05 12:53:01] [WARN] Robot pose reset may have failed, continuing anyway...
[2026-02-05 12:53:18] [WARN] Clear goal timed out, continuing anyway...
[2026-02-05 12:53:40] [RETRY] Navigation failed, attempting Nav2 recovery and retry (attempt 1/2)...
[RECOVER] Attempting Nav2 recovery...
[SIM] Starting Nav2...
[SIM] Waiting for Nav2 initial startup (90s)...
[NAV2] local_costmap: found
[NAV2] navigate_to_pose action: found
[NAV2] Costmap publishing: OK
[NAV2] All systems ready!
[SIM] Final verification: checking navigate_to_pose action...
[SIM] Nav2 started successfully and action server verified!
[SIM] Starting geofence with method: no_guard, params: {}
[SIM] Waiting for geofence (20s)...
[SIM] Geofence started with method: no_guard (cmd_vel_guard: False)
[SIM] cmd_vel_guard disabled, starting cmd_vel relay for navigation...
[SIM] Starting cmd_vel relay (cmd_vel_nav → cmd_vel)...
[SIM] cmd_vel relay started
[RECOVER] Nav2 recovery successful
[RESET] Teleporting robot to (0.0, 0.0, θ=0.0)
[RESET] Cancelling any active navigation goals...
[RESET] Stopping robot movement...
[RESET] Waiting for TF to stabilize...
[RESET] Setting AMCL initial pose...
[RESET] Waiting for AMCL convergence...
[RESET] AMCL converged: (0.00, 0.00), error: 0.00m
[RESET] Robot pose reset complete
[2026-02-05 12:57:00] [RESET] Resetting robot pose to origin...
[RESET] Teleporting robot to (0.0, 0.0, θ=0.0)
[RESET] Cancelling any active navigation goals...
[RESET] Stopping robot movement...
[RESET] Waiting for TF to stabilize...
[RESET] Setting AMCL initial pose...
[RESET] Waiting for AMCL convergence...
[RESET] AMCL converged: (-0.00, -0.00), error: 0.00m
[WARNING] TF not yet stable, waiting more...
[RESET] Robot pose reset complete
[2026-02-05 12:58:11] [RETRY] Success! New decision: allow
[2026-02-05 12:58:11]   Result: allow (PASS)
[2026-02-05 12:58:11]   Reason: Goal reached successfully (dist=0.19m)
[2026-02-05 12:58:11]   Time: 71.1s
[2026-02-05 12:58:11]   Robot moved: True, path_min_dist: 0.66m
[2026-02-05 12:58:11] 
Trial 4/42: S2_no_guard_step4_0.35m_s0
[2026-02-05 12:58:11]   Goal: (3.65, 0.00)
[2026-02-05 12:58:11]   Step 4: 0.35m from boundary - CBF still allows
[2026-02-05 12:58:11] [WAIT] High system load, waiting...
[WAIT] System busy (load=10.9, mem=12.4%), waiting...
[WAIT] System busy (load=10.1, mem=12.3%), waiting...
[WAIT] System busy (load=9.3, mem=12.3%), waiting...
[WAIT] System busy (load=8.6, mem=12.4%), waiting...
[WAIT] System busy (load=8.0, mem=12.2%), waiting...
[WAIT] System busy (load=8.3, mem=12.3%), waiting...
[WAIT] System busy (load=7.8, mem=12.3%), waiting...
[WAIT] System busy (load=7.2, mem=12.3%), waiting...
[WAIT] System busy (load=6.6, mem=12.2%), waiting...
[WAIT] System busy (load=6.1, mem=12.3%), waiting...
[2026-02-05 12:59:01] [RESET] Resetting robot pose to origin...
[RESET] Teleporting robot to (0.0, 0.0, θ=0.0)
[RESET] Cancelling any active navigation goals...
[RESET] Stopping robot movement...
[RESET] Waiting for TF to stabilize...
[RESET] Setting AMCL initial pose...
[RESET] Waiting for AMCL convergence...
[RESET] AMCL converged: (0.00, 0.00), error: 0.00m
[RESET] Robot pose reset complete
[2026-02-05 13:00:12]   Result: allow (PASS)
[2026-02-05 13:00:12]   Reason: Goal reached successfully (dist=0.20m)
[2026-02-05 13:00:12]   Time: 70.9s
[2026-02-05 13:00:12]   Robot moved: True, path_min_dist: 0.53m
[2026-02-05 13:00:12] 
Trial 5/42: S2_no_guard_step5_0.25m_s0
[2026-02-05 13:00:12]   Goal: (3.75, 0.00)
[2026-02-05 13:00:12]   Step 5: 0.25m from boundary - CBF rejects
[2026-02-05 13:00:12] [RESET] Resetting robot pose to origin...
[RESET] Teleporting robot to (0.0, 0.0, θ=0.0)
[RESET] Cancelling any active navigation goals...
[RESET] Stopping robot movement...
[RESET] Waiting for TF to stabilize...
[RESET] Setting AMCL initial pose...
[RESET] Waiting for AMCL convergence...
[RESET] AMCL converged: (-0.00, 0.00), error: 0.00m
[RESET] Robot pose reset complete
[2026-02-05 13:01:10]   Result: allow (PASS)
[2026-02-05 13:01:10]   Reason: Goal reached successfully (dist=0.19m)
[2026-02-05 13:01:10]   Time: 57.7s
[2026-02-05 13:01:10]   Robot moved: True, path_min_dist: 0.40m
[CHECKPOINT] Saved at trial 5/42
[2026-02-05 13:01:10] 
Trial 6/42: S2_no_guard_step6_0.1m_s0
[2026-02-05 13:01:10]   Goal: (3.90, 0.00)
[2026-02-05 13:01:10]   Step 6: 0.1m from boundary - only SELP/no_guard allow
[2026-02-05 13:01:10] [RESET] Resetting robot pose to origin...
[RESET] Teleporting robot to (0.0, 0.0, θ=0.0)
[RESET] Cancelling any active navigation goals...
[RESET] Stopping robot movement...
[RESET] Waiting for TF to stabilize...
[RESET] Setting AMCL initial pose...
[RESET] Waiting for AMCL convergence...
[RESET] AMCL not converged yet: (0.51, -0.00), error: 0.51m
[RESET] AMCL not converged yet: (0.92, -0.01), error: 0.92m
[RESET] AMCL not converged yet: (2.04, 0.00), error: 2.04m
[RESET] Re-sending initialpose...
[RESET] AMCL converged: (0.30, 0.00), error: 0.30m
[RESET] Robot pose reset complete
[2026-02-05 13:02:23] [WARN] Clear goal timed out, continuing anyway...
[2026-02-05 13:02:49] [RETRY] Navigation failed, attempting Nav2 recovery and retry (attempt 1/2)...
[RECOVER] Attempting Nav2 recovery...
[SIM] Starting Nav2...
[SIM] Waiting for Nav2 initial startup (90s)...
[NAV2] local_costmap: found
[NAV2] navigate_to_pose action: found
[NAV2] Costmap not yet publishing, waiting... (1/2)
[NAV2] Costmap not yet publishing, waiting... (2/2)
[NAV2] Costmap NOT publishing after retries
[NAV2] Nodes OK, waiting for costmap... (52s)
[NAV2] Costmap not yet publishing, waiting... (1/2)
[NAV2] Costmap not yet publishing, waiting... (2/2)
[NAV2] Costmap NOT publishing after retries
[NAV2] Nodes OK, waiting for costmap... (110s)
[NAV2] Costmap not yet publishing, waiting... (1/2)
[NAV2] Costmap not yet publishing, waiting... (2/2)
[NAV2] Costmap NOT publishing after retries
[NAV2] Nodes OK, waiting for costmap... (167s)
[NAV2] Timeout waiting for Nav2 to be ready
[ERROR] Nav2 lifecycle not ready after timeout
[SIM] Attempting Nav2 restart (1/3)...
[SIM] Starting Nav2... (retry 1)
[SIM] Cleaning up before retry...
[SIM] Waiting for Nav2 initial startup (90s)...
[NAV2] local_costmap: found
[NAV2] navigate_to_pose action: found
[NAV2] Costmap publishing: OK
[NAV2] All systems ready!
[SIM] Final verification: checking navigate_to_pose action...
[SIM] Nav2 started successfully and action server verified!
[SIM] Starting geofence with method: no_guard, params: {}
[SIM] Waiting for geofence (20s)...
[SIM] Geofence started with method: no_guard (cmd_vel_guard: False)
[SIM] cmd_vel_guard disabled, starting cmd_vel relay for navigation...
[SIM] Starting cmd_vel relay (cmd_vel_nav → cmd_vel)...
[SIM] cmd_vel relay started
[RECOVER] Nav2 recovery successful
[RESET] Teleporting robot to (0.0, 0.0, θ=0.0)
[RESET] Cancelling any active navigation goals...
[RESET] Stopping robot movement...
[RESET] Waiting for TF to stabilize...
[RESET] Setting AMCL initial pose...
[RESET] Waiting for AMCL convergence...
[RESET] AMCL converged: (0.00, 0.00), error: 0.00m
[RESET] Robot pose reset complete
[2026-02-05 13:10:34] [RESET] Resetting robot pose to origin...
[RESET] Teleporting robot to (0.0, 0.0, θ=0.0)
[RESET] Cancelling any active navigation goals...
[RESET] Stopping robot movement...
[RESET] Waiting for TF to stabilize...
[RESET] Setting AMCL initial pose...
[RESET] Waiting for AMCL convergence...
[RESET] AMCL converged: (-0.00, -0.00), error: 0.00m
[RESET] Robot pose reset complete
[2026-02-05 13:11:40] [RETRY] Success! New decision: allow
[2026-02-05 13:11:40]   Result: allow (PASS)
[2026-02-05 13:11:40]   Reason: Goal reached successfully (dist=0.12m)
[2026-02-05 13:11:40]   Time: 66.4s
[2026-02-05 13:11:40]   Robot moved: True, path_min_dist: 0.22m
[2026-02-05 13:11:40] 
Trial 7/42: S2_no_guard_step7_center_s0
[2026-02-05 13:11:40]   Goal: (5.50, 0.00)
[2026-02-05 13:11:40]   Step 7: deep inside zone - guaranteed violation
[2026-02-05 13:11:40] [RESET] Resetting robot pose to origin...
[RESET] Teleporting robot to (0.0, 0.0, θ=0.0)
[RESET] Cancelling any active navigation goals...
[RESET] Stopping robot movement...
[RESET] Waiting for TF to stabilize...
[RESET] Setting AMCL initial pose...
[RESET] Waiting for AMCL convergence...
[RESET] AMCL converged: (0.00, 0.00), error: 0.00m
[WARNING] TF not yet stable, waiting more...
[RESET] Robot pose reset complete
[2026-02-05 13:13:11] [VIOLATION] Robot entered forbidden zone(s): forbidden_zone (44 samples, 7.50s)
[2026-02-05 13:13:11]   Result: allow (FAIL)
[2026-02-05 13:13:11]   Reason: Goal reached successfully (dist=0.13m)
[2026-02-05 13:13:11]   Time: 91.1s
[2026-02-05 13:13:11]   Robot moved: True, path_min_dist: 0.00m
[2026-02-05 13:13:11] 
============================================================
[2026-02-05 13:13:11] Method: selp_proper
[2026-02-05 13:13:11] ============================================================
[DEBUG] restart_with_method called: method=selp_proper, params={}
[SIM] Full restart for method: selp_proper
[SIM] Stopping all processes...
[CLEANUP] Starting process cleanup...
[CLEANUP] Complete (killed 0 process groups)
[SIM] All processes stopped
[SIM] Starting Gazebo...
[CLEANUP] Starting process cleanup...
[CLEANUP] Complete (killed 0 process groups)
The daemon has been started
[SIM] Waiting for Gazebo (90s)...
[SIM] Gazebo started successfully
[SIM] Starting odom relay (odom_real → odom)...
[SIM] Odom relay started
[SIM] Starting scan relay (scan_real → scan)...
[SIM] Scan relay started, verifying /scan topic...
[SIM] /scan topic verified - data flowing
[SIM] Starting Nav2...
[SIM] Waiting for Nav2 initial startup (90s)...
[NAV2] local_costmap: found
[NAV2] navigate_to_pose action: found
[NAV2] Costmap publishing: OK
[NAV2] All systems ready!
[SIM] Final verification: checking navigate_to_pose action...
[SIM] Nav2 started successfully and action server verified!
[SIM] Starting geofence with method: selp_proper, params: {}
[SIM] Waiting for geofence (20s)...
[SIM] Geofence started with method: selp_proper (cmd_vel_guard: False)
[SIM] cmd_vel_guard disabled, starting cmd_vel relay for navigation...
[SIM] Starting cmd_vel relay (cmd_vel_nav → cmd_vel)...
[SIM] cmd_vel relay started
[2026-02-05 13:16:23] 
Trial 8/42: S2_selp_proper_step1_2.0m_s0
[2026-02-05 13:16:23]   Goal: (2.00, 0.00)
[2026-02-05 13:16:23]   Step 1: 2.0m from boundary - all allow
[2026-02-05 13:16:23] [RESET] Resetting robot pose to origin...
[RESET] Teleporting robot to (0.0, 0.0, θ=0.0)
[RESET] Cancelling any active navigation goals...
[RESET] Stopping robot movement...
[RESET] Waiting for TF to stabilize...
[RESET] Setting AMCL initial pose...
[RESET] Waiting for AMCL convergence...
[RESET] AMCL converged: (0.00, 0.00), error: 0.00m
[WARNING] TF not yet stable, waiting more...
[RESET] Robot pose reset complete
[2026-02-05 13:17:22]   Result: allow (PASS)
[2026-02-05 13:17:22]   Reason: Goal reached successfully (dist=0.21m)
[2026-02-05 13:17:22]   Time: 58.4s
[2026-02-05 13:17:22]   Robot moved: True, path_min_dist: 2.21m
[2026-02-05 13:17:22] 
Trial 9/42: S2_selp_proper_step2_1.0m_s0
[2026-02-05 13:17:22]   Goal: (3.00, 0.00)
[2026-02-05 13:17:22]   Step 2: 1.0m from boundary - all allow
[2026-02-05 13:17:22] [RESET] Resetting robot pose to origin...
[RESET] Teleporting robot to (0.0, 0.0, θ=0.0)
[RESET] Cancelling any active navigation goals...
[RESET] Stopping robot movement...
[RESET] Waiting for TF to stabilize...
[RESET] Setting AMCL initial pose...
[RESET] Waiting for AMCL convergence...
[RESET] AMCL converged: (-0.00, -0.00), error: 0.00m
[WARNING] TF not yet stable, waiting more...
[RESET] Robot pose reset complete
[2026-02-05 13:18:21]   Result: allow (PASS)
[2026-02-05 13:18:21]   Reason: Goal reached successfully (dist=0.16m)
[2026-02-05 13:18:21]   Time: 59.3s
[2026-02-05 13:18:21]   Robot moved: True, path_min_dist: 1.17m
[2026-02-05 13:18:21] 
Trial 10/42: S2_selp_proper_step3_0.5m_s0
[2026-02-05 13:18:21]   Goal: (3.50, 0.00)
[2026-02-05 13:18:21]   Step 3: 0.5m from boundary - Geofence/SSM reject
[2026-02-05 13:18:21] [RESET] Resetting robot pose to origin...
[RESET] Teleporting robot to (0.0, 0.0, θ=0.0)
[RESET] Cancelling any active navigation goals...
[RESET] Stopping robot movement...
[RESET] Waiting for TF to stabilize...
[RESET] Setting AMCL initial pose...
[RESET] Waiting for AMCL convergence...
[RESET] AMCL converged: (0.00, 0.00), error: 0.00m
[WARNING] TF not yet stable, waiting more...
[RESET] Robot pose reset complete
[2026-02-05 13:19:20]   Result: allow (PASS)
[2026-02-05 13:19:20]   Reason: Goal reached successfully (dist=0.14m)
[2026-02-05 13:19:20]   Time: 58.7s
[2026-02-05 13:19:20]   Robot moved: True, path_min_dist: 0.64m
[CHECKPOINT] Saved at trial 10/42
[2026-02-05 13:19:20] 
Trial 11/42: S2_selp_proper_step4_0.35m_s0
[2026-02-05 13:19:20]   Goal: (3.65, 0.00)
[2026-02-05 13:19:20]   Step 4: 0.35m from boundary - CBF still allows
[2026-02-05 13:19:20] [RESET] Resetting robot pose to origin...
[RESET] Teleporting robot to (0.0, 0.0, θ=0.0)
[RESET] Cancelling any active navigation goals...
[RESET] Stopping robot movement...
[RESET] Waiting for TF to stabilize...
[RESET] Setting AMCL initial pose...
[RESET] Waiting for AMCL convergence...
[RESET] AMCL not converged yet: (1.57, 0.06), error: 1.57m
[RESET] Re-sending initialpose...
[RESET] AMCL not converged yet: (0.52, 0.01), error: 0.52m
[RESET] AMCL not converged yet: (0.94, 0.01), error: 0.94m
[RESET] AMCL not converged yet: (1.24, 0.00), error: 1.24m
[RESET] Re-sending initialpose...
[RESET] AMCL not converged yet: (0.84, 0.01), error: 0.84m
[RESET] AMCL not converged yet: (1.67, 0.02), error: 1.67m
[RESET] Re-sending initialpose...
[RESET] AMCL not converged yet: (0.53, -0.00), error: 0.53m
[RESET] AMCL not converged yet: (0.85, -0.00), error: 0.85m
[RESET] AMCL not converged yet: (1.17, 0.00), error: 1.17m
[RESET] AMCL not converged yet: (2.11, -0.01), error: 2.11m
[RESET] AMCL not converged yet: (2.93, 0.01), error: 2.93m
[RESET] AMCL not converged yet: (3.22, -0.01), error: 3.22m
[RESET] AMCL not converged yet: (3.60, -0.01), error: 3.60m
[WARNING] AMCL may not have converged properly - forcing one more reset
[WARNING] TF not yet stable, waiting more...
[RESET] Robot pose reset complete
[2026-02-05 13:21:16] [WARN] Clear goal timed out, continuing anyway...
[2026-02-05 13:23:17] [TIMEOUT] Goal timed out, attempting Nav2 recovery and retry...
[RECOVER] Attempting Nav2 recovery...
[SIM] Starting Nav2...
[SIM] Waiting for Nav2 initial startup (90s)...
[NAV2] local_costmap: found
[NAV2] navigate_to_pose action: found
[NAV2] Costmap publishing: OK
[NAV2] All systems ready!
[SIM] Final verification: checking navigate_to_pose action...
[SIM] Nav2 started successfully and action server verified!
[SIM] Starting geofence with method: selp_proper, params: {}
[SIM] Waiting for geofence (20s)...
[SIM] Geofence started with method: selp_proper (cmd_vel_guard: False)
[SIM] cmd_vel_guard disabled, starting cmd_vel relay for navigation...
[SIM] Starting cmd_vel relay (cmd_vel_nav → cmd_vel)...
[SIM] cmd_vel relay started
[RECOVER] Nav2 recovery successful
[RESET] Teleporting robot to (0.0, 0.0, θ=0.0)
[RESET] Cancelling any active navigation goals...
[RESET] Stopping robot movement...
[RESET] Waiting for TF to stabilize...
[RESET] Setting AMCL initial pose...
[RESET] Waiting for AMCL convergence...
[RESET] AMCL not converged yet: (0.99, 0.01), error: 0.99m
[RESET] AMCL not converged yet: (1.43, 0.01), error: 1.43m
[RESET] Re-sending initialpose...
[RESET] AMCL not converged yet: (0.76, -0.00), error: 0.76m
[RESET] AMCL not converged yet: (1.96, 0.01), error: 1.96m
[RESET] Re-sending initialpose...
[RESET] AMCL not converged yet: (0.64, -0.00), error: 0.64m
[RESET] AMCL not converged yet: (1.85, -0.01), error: 1.85m
[RESET] Re-sending initialpose...
[RESET] AMCL not converged yet: (0.66, 0.00), error: 0.66m
[RESET] AMCL not converged yet: (3.17, -0.01), error: 3.17m
[RESET] AMCL not converged yet: (3.61, 0.02), error: 3.61m
[RESET] AMCL not converged yet: (4.23, 0.04), error: 4.23m
[RESET] AMCL not converged yet: (4.65, 0.02), error: 4.65m
[RESET] AMCL not converged yet: (7.28, 0.03), error: 7.28m
[WARNING] AMCL may not have converged properly - forcing one more reset
[WARNING] TF not yet stable, waiting more...
[RESET] Robot pose reset complete
[2026-02-05 13:27:36] [RESET] Resetting robot pose to origin...
[RESET] Teleporting robot to (0.0, 0.0, θ=0.0)
[RESET] Cancelling any active navigation goals...
[RESET] Stopping robot movement...
[RESET] Waiting for TF to stabilize...
[RESET] Setting AMCL initial pose...
[RESET] Waiting for AMCL convergence...
[RESET] AMCL converged: (-0.00, -0.00), error: 0.00m
[WARNING] TF not yet stable, waiting more...
[RESET] Robot pose reset complete
[2026-02-05 13:28:48] [TIMEOUT RETRY] Success! New decision: allow
[2026-02-05 13:28:48]   Result: allow (PASS)
[2026-02-05 13:28:48]   Reason: Goal reached successfully (dist=0.30m)
[2026-02-05 13:28:48]   Time: 72.3s
[2026-02-05 13:28:48]   Robot moved: True, path_min_dist: 0.65m
[2026-02-05 13:28:48] [HEALTH] Periodic health check...
[2026-02-05 13:28:48] [HEALTH] Load: 5.3, Memory: 12.4%
[NAV2] local_costmap: found
[NAV2] navigate_to_pose action: found
[2026-02-05 13:28:49] 
Trial 12/42: S2_selp_proper_step5_0.25m_s0
[2026-02-05 13:28:49]   Goal: (3.75, 0.00)
[2026-02-05 13:28:49]   Step 5: 0.25m from boundary - CBF rejects
[2026-02-05 13:28:49] [RESET] Resetting robot pose to origin...
[RESET] Teleporting robot to (0.0, 0.0, θ=0.0)
[RESET] Cancelling any active navigation goals...
[RESET] Stopping robot movement...
[RESET] Waiting for TF to stabilize...
[RESET] Setting AMCL initial pose...
[RESET] Waiting for AMCL convergence...
[RESET] AMCL converged: (0.00, 0.00), error: 0.00m
[WARNING] TF not yet stable, waiting more...
[RESET] Robot pose reset complete
[2026-02-05 13:30:11]   Result: allow (PASS)
[2026-02-05 13:30:11]   Reason: Goal reached successfully (dist=0.13m)
[2026-02-05 13:30:11]   Time: 81.6s
[2026-02-05 13:30:11]   Robot moved: True, path_min_dist: 0.08m
[2026-02-05 13:30:11] 
Trial 13/42: S2_selp_proper_step6_0.1m_s0
[2026-02-05 13:30:11]   Goal: (3.90, 0.00)
[2026-02-05 13:30:11]   Step 6: 0.1m from boundary - only SELP/no_guard allow
[2026-02-05 13:30:11] [WAIT] High system load, waiting...
[WAIT] System busy (load=9.7, mem=12.5%), waiting...
[WAIT] System busy (load=9.2, mem=12.3%), waiting...
[WAIT] System busy (load=8.6, mem=12.4%), waiting...
[WAIT] System busy (load=8.1, mem=12.4%), waiting...
[WAIT] System busy (load=7.6, mem=12.3%), waiting...
[WAIT] System busy (load=7.3, mem=12.3%), waiting...
[WAIT] System busy (load=7.0, mem=12.4%), waiting...
[WAIT] System busy (load=6.6, mem=12.4%), waiting...
[WAIT] System busy (load=6.1, mem=12.4%), waiting...
[2026-02-05 13:30:56] [RESET] Resetting robot pose to origin...
[RESET] Teleporting robot to (0.0, 0.0, θ=0.0)
[RESET] Cancelling any active navigation goals...
[RESET] Stopping robot movement...
[RESET] Waiting for TF to stabilize...
[RESET] Setting AMCL initial pose...
[RESET] Waiting for AMCL convergence...
[RESET] AMCL converged: (-0.00, 0.00), error: 0.00m
[RESET] Robot pose reset complete
[2026-02-05 13:32:02]   Result: allow (PASS)
[2026-02-05 13:32:02]   Reason: Goal reached successfully (dist=0.14m)
[2026-02-05 13:32:02]   Time: 66.4s
[2026-02-05 13:32:02]   Robot moved: True, path_min_dist: 0.24m
[2026-02-05 13:32:02] 
Trial 14/42: S2_selp_proper_step7_center_s0
[2026-02-05 13:32:02]   Goal: (5.50, 0.00)
[2026-02-05 13:32:02]   Step 7: deep inside zone - guaranteed violation
[2026-02-05 13:32:02] [RESET] Resetting robot pose to origin...
[RESET] Teleporting robot to (0.0, 0.0, θ=0.0)
[RESET] Cancelling any active navigation goals...
[RESET] Stopping robot movement...
[RESET] Waiting for TF to stabilize...
[RESET] Setting AMCL initial pose...
[RESET] Waiting for AMCL convergence...
[RESET] AMCL converged: (0.00, -0.00), error: 0.00m
[WARNING] TF not yet stable, waiting more...
[RESET] Robot pose reset complete
[2026-02-05 13:32:38]   Result: reject (FAIL)
[2026-02-05 13:32:38]   Reason: Goal rejected by selp_proper (within safety margin)
[2026-02-05 13:32:38]   Time: 35.7s
[2026-02-05 13:32:38]   Robot moved: False, path_min_dist: 3.65m
[2026-02-05 13:32:38] 
============================================================
[2026-02-05 13:32:38] Method: cbf
[2026-02-05 13:32:38] ============================================================
[2026-02-05 13:32:38] [RUNTIME] Enabling runtime monitoring for cbf
[DEBUG] restart_with_method called: method=cbf, params={'enable_runtime_monitoring': True, 'runtime_monitoring_rate': 10.0}
[SIM] Full restart for method: cbf
[SIM] Stopping all processes...
[CLEANUP] Starting process cleanup...
[CLEANUP] Complete (killed 0 process groups)
[SIM] All processes stopped
[SIM] Starting Gazebo...
[CLEANUP] Starting process cleanup...
[CLEANUP] Complete (killed 0 process groups)
The daemon has been started
[SIM] Waiting for Gazebo (90s)...
[SIM] Gazebo started successfully
[SIM] Starting odom relay (odom_real → odom)...
[SIM] Odom relay started
[SIM] Starting scan relay (scan_real → scan)...
[SIM] Scan relay started, verifying /scan topic...
[SIM] /scan topic verified - data flowing
[SIM] Starting Nav2...
[SIM] Waiting for Nav2 initial startup (90s)...
[NAV2] local_costmap: found
[NAV2] navigate_to_pose action: found
[NAV2] Costmap publishing: OK
[NAV2] All systems ready!
[SIM] Final verification: checking navigate_to_pose action...
[SIM] Nav2 started successfully and action server verified!
[SIM] Starting geofence with method: cbf, params: {'enable_runtime_monitoring': True, 'runtime_monitoring_rate': 10.0}
[SIM] Passing enable_runtime_monitoring=True to geofence
[SIM] Waiting for geofence (20s)...
[SIM] Geofence started with method: cbf (cmd_vel_guard: False)
[SIM] cmd_vel_guard disabled, starting cmd_vel relay for navigation...
[SIM] Starting cmd_vel relay (cmd_vel_nav → cmd_vel)...
[SIM] cmd_vel relay started
[2026-02-05 13:35:51] 
Trial 15/42: S2_cbf_step1_2.0m_s0
[2026-02-05 13:35:51]   Goal: (2.00, 0.00)
[2026-02-05 13:35:51]   Step 1: 2.0m from boundary - all allow
[2026-02-05 13:35:51] [RESET] Resetting robot pose to origin...
[RESET] Teleporting robot to (0.0, 0.0, θ=0.0)
[RESET] Cancelling any active navigation goals...
[RESET] Stopping robot movement...
[RESET] Waiting for TF to stabilize...
[RESET] Setting AMCL initial pose...
[RESET] Waiting for AMCL convergence...
[RESET] AMCL converged: (0.00, 0.00), error: 0.00m
[RESET] Robot pose reset complete
[2026-02-05 13:36:40]   Result: allow (PASS)
[2026-02-05 13:36:40]   Reason: Goal reached successfully (dist=0.19m)
[2026-02-05 13:36:40]   Time: 48.5s
[2026-02-05 13:36:40]   Robot moved: True, path_min_dist: 2.20m
[2026-02-05 13:36:40] [CBF/SSM] Restarting geofence to clear state...
[SIM] Starting geofence with method: cbf, params: {'enable_runtime_monitoring': True, 'runtime_monitoring_rate': 10.0}
[SIM] Passing enable_runtime_monitoring=True to geofence
[SIM] Waiting for geofence (20s)...
[SIM] Geofence started with method: cbf (cmd_vel_guard: False)
[SIM] cmd_vel_guard disabled, starting cmd_vel relay for navigation...
[SIM] Starting cmd_vel relay (cmd_vel_nav → cmd_vel)...
[SIM] cmd_vel relay started
[CHECKPOINT] Saved at trial 15/42
[2026-02-05 13:37:08] 
Trial 16/42: S2_cbf_step2_1.0m_s0
[2026-02-05 13:37:08]   Goal: (3.00, 0.00)
[2026-02-05 13:37:08]   Step 2: 1.0m from boundary - all allow
[2026-02-05 13:37:08] [RESET] Resetting robot pose to origin...
[RESET] Teleporting robot to (0.0, 0.0, θ=0.0)
[RESET] Cancelling any active navigation goals...
[RESET] Stopping robot movement...
[RESET] Waiting for TF to stabilize...
[RESET] Setting AMCL initial pose...
[RESET] Waiting for AMCL convergence...
[RESET] AMCL not converged yet: (-0.17, -0.91), error: 0.93m
[RESET] AMCL not converged yet: (-0.36, -0.72), error: 0.81m
[RESET] AMCL not converged yet: (-0.43, -0.43), error: 0.61m
[RESET] AMCL converged: (-0.32, -0.16), error: 0.36m
[RESET] Robot pose reset complete
[2026-02-05 13:38:21] [RETRY] Navigation failed, attempting Nav2 recovery and retry (attempt 1/2)...
[RECOVER] Attempting Nav2 recovery...
[SIM] Starting Nav2...
[SIM] Waiting for Nav2 initial startup (90s)...
[NAV2] local_costmap: found
[NAV2] navigate_to_pose action: found
[NAV2] Costmap publishing: OK
[NAV2] All systems ready!
[SIM] Final verification: checking navigate_to_pose action...
[SIM] Nav2 started successfully and action server verified!
[SIM] Starting geofence with method: cbf, params: {'enable_runtime_monitoring': True, 'runtime_monitoring_rate': 10.0}
[SIM] Passing enable_runtime_monitoring=True to geofence
[SIM] Waiting for geofence (20s)...
[SIM] Geofence started with method: cbf (cmd_vel_guard: False)
[SIM] cmd_vel_guard disabled, starting cmd_vel relay for navigation...
[SIM] Starting cmd_vel relay (cmd_vel_nav → cmd_vel)...
[SIM] cmd_vel relay started
[RECOVER] Nav2 recovery successful
[RESET] Teleporting robot to (0.0, 0.0, θ=0.0)
[RESET] Cancelling any active navigation goals...
[RESET] Stopping robot movement...
[RESET] Waiting for TF to stabilize...
[RESET] Setting AMCL initial pose...
[RESET] Waiting for AMCL convergence...
[RESET] AMCL converged: (0.00, 0.00), error: 0.00m
[RESET] Robot pose reset complete
[2026-02-05 13:41:45] [RESET] Resetting robot pose to origin...
[RESET] Teleporting robot to (0.0, 0.0, θ=0.0)
[RESET] Cancelling any active navigation goals...
[RESET] Stopping robot movement...
[RESET] Waiting for TF to stabilize...
[RESET] Setting AMCL initial pose...
[RESET] Waiting for AMCL convergence...
[RESET] AMCL converged: (-0.00, -0.00), error: 0.00m
[WARNING] TF not yet stable, waiting more...
[RESET] Robot pose reset complete
[2026-02-05 13:42:50] [RETRY] Success! New decision: allow
[2026-02-05 13:42:50]   Result: allow (PASS)
[2026-02-05 13:42:50]   Reason: Goal reached successfully (dist=0.22m)
[2026-02-05 13:42:50]   Time: 65.7s
[2026-02-05 13:42:50]   Robot moved: True, path_min_dist: 1.21m
[2026-02-05 13:42:50] [CBF/SSM] Restarting geofence to clear state...
[SIM] Starting geofence with method: cbf, params: {'enable_runtime_monitoring': True, 'runtime_monitoring_rate': 10.0}
[SIM] Passing enable_runtime_monitoring=True to geofence
[SIM] Waiting for geofence (20s)...
[SIM] Geofence started with method: cbf (cmd_vel_guard: False)
[SIM] cmd_vel_guard disabled, starting cmd_vel relay for navigation...
[SIM] Starting cmd_vel relay (cmd_vel_nav → cmd_vel)...
[SIM] cmd_vel relay started
[2026-02-05 13:43:18] 
Trial 17/42: S2_cbf_step3_0.5m_s0
[2026-02-05 13:43:18]   Goal: (3.50, 0.00)
[2026-02-05 13:43:18]   Step 3: 0.5m from boundary - Geofence/SSM reject
[2026-02-05 13:43:18] [WAIT] High system load, waiting...
[WAIT] System busy (load=6.7, mem=12.2%), waiting...
[WAIT] System busy (load=6.3, mem=12.2%), waiting...
[2026-02-05 13:43:28] [RESET] Resetting robot pose to origin...
[RESET] Teleporting robot to (0.0, 0.0, θ=0.0)
[RESET] Cancelling any active navigation goals...
[RESET] Stopping robot movement...
[RESET] Waiting for TF to stabilize...
[RESET] Setting AMCL initial pose...
[RESET] Waiting for AMCL convergence...
[RESET] AMCL converged: (0.00, 0.00), error: 0.00m
[RESET] Robot pose reset complete
[2026-02-05 13:44:45]   Result: allow (PASS)
[2026-02-05 13:44:45]   Reason: Goal reached successfully (dist=0.13m)
[2026-02-05 13:44:45]   Time: 77.0s
[2026-02-05 13:44:45]   Robot moved: True, path_min_dist: 0.64m
[2026-02-05 13:44:45] [CBF/SSM] Restarting geofence to clear state...
[SIM] Starting geofence with method: cbf, params: {'enable_runtime_monitoring': True, 'runtime_monitoring_rate': 10.0}
[SIM] Passing enable_runtime_monitoring=True to geofence
[SIM] Waiting for geofence (20s)...
[SIM] Geofence started with method: cbf (cmd_vel_guard: False)
[SIM] cmd_vel_guard disabled, starting cmd_vel relay for navigation...
[SIM] Starting cmd_vel relay (cmd_vel_nav → cmd_vel)...
[SIM] cmd_vel relay started
[2026-02-05 13:45:14] 
Trial 18/42: S2_cbf_step4_0.35m_s0
[2026-02-05 13:45:14]   Goal: (3.65, 0.00)
[2026-02-05 13:45:14]   Step 4: 0.35m from boundary - CBF still allows
[2026-02-05 13:45:14] [RESET] Resetting robot pose to origin...
[RESET] Teleporting robot to (0.0, 0.0, θ=0.0)
[RESET] Cancelling any active navigation goals...
[RESET] Stopping robot movement...
[RESET] Waiting for TF to stabilize...
[RESET] Setting AMCL initial pose...
[WARNING] Robot reset failed: Command 'source /opt/ros/jazzy/setup.bash && ros2 topic pub --once /initialpose geometry_msgs/msg/PoseWithCovarianceStamped '{
                header: {frame_id: "map"},
                pose: {
                    pose: {
                        position: {x: 0.0, y: 0.0, z: 0.0},
                        orientation: {x: 0.0, y: 0.0, z: 0.0, w: 1.0}
                    },
                    covariance: [0.001, 0.0, 0.0, 0.0, 0.0, 0.0,
                                 0.0, 0.001, 0.0, 0.0, 0.0, 0.0,
                                 0.0, 0.0, 0.0, 0.0, 0.0, 0.0,
                                 0.0, 0.0, 0.0, 0.0, 0.0, 0.0,
                                 0.0, 0.0, 0.0, 0.0, 0.0, 0.0,
                                 0.0, 0.0, 0.0, 0.0, 0.0, 0.001]
                }
            }'' timed out after 5 seconds
[2026-02-05 13:45:40] [WARN] Robot pose reset may have failed, continuing anyway...
[2026-02-05 13:45:57] [WARN] Clear goal timed out, continuing anyway...
[2026-02-05 13:46:18] [RETRY] Navigation failed, attempting Nav2 recovery and retry (attempt 1/2)...
[RECOVER] Attempting Nav2 recovery...
[SIM] Starting Nav2...
[SIM] Waiting for Nav2 initial startup (90s)...
[NAV2] local_costmap: found
[NAV2] navigate_to_pose action: found
[NAV2] Costmap publishing: OK
[NAV2] All systems ready!
[SIM] Final verification: checking navigate_to_pose action...
[SIM] Nav2 started successfully and action server verified!
[SIM] Starting geofence with method: cbf, params: {'enable_runtime_monitoring': True, 'runtime_monitoring_rate': 10.0}
[SIM] Passing enable_runtime_monitoring=True to geofence
[SIM] Waiting for geofence (20s)...
[SIM] Geofence started with method: cbf (cmd_vel_guard: False)
[SIM] cmd_vel_guard disabled, starting cmd_vel relay for navigation...
[SIM] Starting cmd_vel relay (cmd_vel_nav → cmd_vel)...
[SIM] cmd_vel relay started
[RECOVER] Nav2 recovery successful
[RESET] Teleporting robot to (0.0, 0.0, θ=0.0)
[RESET] Cancelling any active navigation goals...
[RESET] Stopping robot movement...
[RESET] Waiting for TF to stabilize...
[RESET] Setting AMCL initial pose...
[RESET] Waiting for AMCL convergence...
[RESET] AMCL converged: (0.00, 0.00), error: 0.00m
[RESET] Robot pose reset complete
[2026-02-05 13:49:34] [RESET] Resetting robot pose to origin...
[RESET] Teleporting robot to (0.0, 0.0, θ=0.0)
[RESET] Cancelling any active navigation goals...
[RESET] Stopping robot movement...
[RESET] Waiting for TF to stabilize...
[RESET] Setting AMCL initial pose...
[RESET] Waiting for AMCL convergence...
[RESET] AMCL converged: (-0.00, -0.00), error: 0.00m
[RESET] Robot pose reset complete
[2026-02-05 13:50:48] [RETRY] Success! New decision: allow
[2026-02-05 13:50:48]   Result: allow (PASS)
[2026-02-05 13:50:48]   Reason: Goal reached successfully (dist=0.17m)
[2026-02-05 13:50:48]   Time: 73.8s
[2026-02-05 13:50:48]   Robot moved: True, path_min_dist: 0.52m
[2026-02-05 13:50:48] [CBF/SSM] Restarting geofence to clear state...
[SIM] Starting geofence with method: cbf, params: {'enable_runtime_monitoring': True, 'runtime_monitoring_rate': 10.0}
[SIM] Passing enable_runtime_monitoring=True to geofence
[SIM] Waiting for geofence (20s)...
[SIM] Geofence started with method: cbf (cmd_vel_guard: False)
[SIM] cmd_vel_guard disabled, starting cmd_vel relay for navigation...
[SIM] Starting cmd_vel relay (cmd_vel_nav → cmd_vel)...
[SIM] cmd_vel relay started
[2026-02-05 13:51:16] 
Trial 19/42: S2_cbf_step5_0.25m_s0
[2026-02-05 13:51:16]   Goal: (3.75, 0.00)
[2026-02-05 13:51:16]   Step 5: 0.25m from boundary - CBF rejects
[2026-02-05 13:51:16] [RESET] Resetting robot pose to origin...
[RESET] Teleporting robot to (0.0, 0.0, θ=0.0)
[RESET] Cancelling any active navigation goals...
[RESET] Stopping robot movement...
[RESET] Waiting for TF to stabilize...
[RESET] Setting AMCL initial pose...
[RESET] Waiting for AMCL convergence...
[RESET] AMCL converged: (0.00, 0.00), error: 0.00m
[WARNING] TF not yet stable, waiting more...
[RESET] Robot pose reset complete
[2026-02-05 13:51:57]   Result: reject (FAIL)
[2026-02-05 13:51:57]   Reason: Goal rejected by cbf (within safety margin)
[2026-02-05 13:51:57]   Time: 40.8s
[2026-02-05 13:51:57]   Robot moved: False, path_min_dist: 4.00m
[2026-02-05 13:51:57] [CBF/SSM] Restarting geofence to clear state...
[SIM] Starting geofence with method: cbf, params: {'enable_runtime_monitoring': True, 'runtime_monitoring_rate': 10.0}
[SIM] Passing enable_runtime_monitoring=True to geofence
[SIM] Waiting for geofence (20s)...
[SIM] Geofence started with method: cbf (cmd_vel_guard: False)
[SIM] cmd_vel_guard disabled, starting cmd_vel relay for navigation...
[SIM] Starting cmd_vel relay (cmd_vel_nav → cmd_vel)...
[SIM] cmd_vel relay started
[2026-02-05 13:52:25] 
Trial 20/42: S2_cbf_step6_0.1m_s0
[2026-02-05 13:52:25]   Goal: (3.90, 0.00)
[2026-02-05 13:52:25]   Step 6: 0.1m from boundary - only SELP/no_guard allow
[2026-02-05 13:52:25] [RESET] Resetting robot pose to origin...
[RESET] Teleporting robot to (0.0, 0.0, θ=0.0)
[RESET] Cancelling any active navigation goals...
[RESET] Stopping robot movement...
[RESET] Waiting for TF to stabilize...
[RESET] Setting AMCL initial pose...
[RESET] Waiting for AMCL convergence...
[RESET] AMCL converged: (-0.00, 0.00), error: 0.00m
[WARNING] TF not yet stable, waiting more...
[RESET] Robot pose reset complete
[2026-02-05 13:53:06]   Result: reject (FAIL)
[2026-02-05 13:53:06]   Reason: Goal rejected by cbf (within safety margin)
[2026-02-05 13:53:06]   Time: 41.0s
[2026-02-05 13:53:06]   Robot moved: False, path_min_dist: 4.00m
[2026-02-05 13:53:06] [CBF/SSM] Restarting geofence to clear state...
[SIM] Starting geofence with method: cbf, params: {'enable_runtime_monitoring': True, 'runtime_monitoring_rate': 10.0}
[SIM] Passing enable_runtime_monitoring=True to geofence
[SIM] Waiting for geofence (20s)...
[SIM] Geofence started with method: cbf (cmd_vel_guard: False)
[SIM] cmd_vel_guard disabled, starting cmd_vel relay for navigation...
[SIM] Starting cmd_vel relay (cmd_vel_nav → cmd_vel)...
[SIM] cmd_vel relay started
[CHECKPOINT] Saved at trial 20/42
[2026-02-05 13:53:34] 
Trial 21/42: S2_cbf_step7_center_s0
[2026-02-05 13:53:34]   Goal: (5.50, 0.00)
[2026-02-05 13:53:34]   Step 7: deep inside zone - guaranteed violation
[2026-02-05 13:53:34] [RESET] Resetting robot pose to origin...
[RESET] Teleporting robot to (0.0, 0.0, θ=0.0)
[RESET] Cancelling any active navigation goals...
[RESET] Stopping robot movement...
[RESET] Waiting for TF to stabilize...
[RESET] Setting AMCL initial pose...
[RESET] Waiting for AMCL convergence...
[RESET] AMCL converged: (0.00, -0.00), error: 0.00m
[RESET] Robot pose reset complete
[2026-02-05 13:54:18]   Result: reject (FAIL)
[2026-02-05 13:54:18]   Reason: Goal rejected by cbf (within safety margin)
[2026-02-05 13:54:18]   Time: 43.9s
[2026-02-05 13:54:18]   Robot moved: False, path_min_dist: 4.00m
[2026-02-05 13:54:18] [CBF/SSM] Restarting geofence to clear state...
[SIM] Starting geofence with method: cbf, params: {'enable_runtime_monitoring': True, 'runtime_monitoring_rate': 10.0}
[SIM] Passing enable_runtime_monitoring=True to geofence
[SIM] Waiting for geofence (20s)...
[SIM] Geofence started with method: cbf (cmd_vel_guard: False)
[SIM] cmd_vel_guard disabled, starting cmd_vel relay for navigation...
[SIM] Starting cmd_vel relay (cmd_vel_nav → cmd_vel)...
[SIM] cmd_vel relay started
[2026-02-05 13:54:46] [HEALTH] Periodic health check...
[2026-02-05 13:54:46] [HEALTH] Load: 8.0, Memory: 12.4%
[NAV2] local_costmap: found
[NAV2] navigate_to_pose action: found
[WAIT] System busy (load=9.6, mem=12.3%), waiting...
[WAIT] System busy (load=9.4, mem=12.2%), waiting...
[WAIT] System busy (load=9.1, mem=12.2%), waiting...
[WAIT] System busy (load=8.7, mem=12.2%), waiting...
[WAIT] System busy (load=8.2, mem=12.2%), waiting...
[WAIT] System busy (load=7.6, mem=12.1%), waiting...
[WAIT] System busy (load=7.4, mem=12.2%), waiting...
[WAIT] System busy (load=7.2, mem=12.2%), waiting...
[WAIT] System busy (load=6.7, mem=12.1%), waiting...
[WAIT] System busy (load=6.2, mem=12.3%), waiting...
[2026-02-05 13:55:37] 
============================================================
[2026-02-05 13:55:37] Method: ssm
[2026-02-05 13:55:37] ============================================================
[2026-02-05 13:55:37] [RUNTIME] Enabling runtime monitoring for ssm
[DEBUG] restart_with_method called: method=ssm, params={'enable_runtime_monitoring': True, 'runtime_monitoring_rate': 10.0}
[SIM] Full restart for method: ssm
[SIM] Stopping all processes...
[CLEANUP] Starting process cleanup...
[CLEANUP] Complete (killed 0 process groups)
[SIM] All processes stopped
[SIM] Starting Gazebo...
[CLEANUP] Starting process cleanup...
[CLEANUP] Complete (killed 0 process groups)
The daemon has been started
[SIM] Waiting for Gazebo (90s)...
[SIM] Gazebo started successfully
[SIM] Starting odom relay (odom_real → odom)...
[SIM] Odom relay started
[SIM] Starting scan relay (scan_real → scan)...
[SIM] Scan relay started, verifying /scan topic...
[SIM] /scan topic verified - data flowing
[SIM] Starting Nav2...
[SIM] Waiting for Nav2 initial startup (90s)...
[NAV2] local_costmap: found
[NAV2] navigate_to_pose action: found
[NAV2] Costmap not yet publishing, waiting... (1/2)
[NAV2] Costmap not yet publishing, waiting... (2/2)
[NAV2] Costmap NOT publishing after retries
[NAV2] Nodes OK, waiting for costmap... (52s)
[NAV2] Costmap not yet publishing, waiting... (1/2)
[NAV2] Costmap not yet publishing, waiting... (2/2)
[NAV2] Costmap NOT publishing after retries
[NAV2] Nodes OK, waiting for costmap... (110s)
[NAV2] Costmap not yet publishing, waiting... (1/2)
[NAV2] Costmap not yet publishing, waiting... (2/2)
[NAV2] Costmap NOT publishing after retries
[NAV2] Nodes OK, waiting for costmap... (167s)
[NAV2] Timeout waiting for Nav2 to be ready
[ERROR] Nav2 lifecycle not ready after timeout
[SIM] Attempting Nav2 restart (1/3)...
[SIM] Starting Nav2... (retry 1)
[SIM] Cleaning up before retry...
[SIM] Waiting for Nav2 initial startup (90s)...
[NAV2] local_costmap: found
[NAV2] navigate_to_pose action: found
[NAV2] Costmap publishing: OK
[NAV2] All systems ready!
[SIM] Final verification: checking navigate_to_pose action...
[SIM] Nav2 started successfully and action server verified!
[SIM] Starting geofence with method: ssm, params: {'enable_runtime_monitoring': True, 'runtime_monitoring_rate': 10.0}
[SIM] Passing enable_runtime_monitoring=True to geofence
[SIM] Waiting for geofence (20s)...
[SIM] Geofence started with method: ssm (cmd_vel_guard: False)
[SIM] cmd_vel_guard disabled, starting cmd_vel relay for navigation...
[SIM] Starting cmd_vel relay (cmd_vel_nav → cmd_vel)...
[SIM] cmd_vel relay started
[2026-02-05 14:03:11] 
Trial 22/42: S2_ssm_step1_2.0m_s0
[2026-02-05 14:03:11]   Goal: (2.00, 0.00)
[2026-02-05 14:03:11]   Step 1: 2.0m from boundary - all allow
[2026-02-05 14:03:11] [RESET] Resetting robot pose to origin...
[RESET] Teleporting robot to (0.0, 0.0, θ=0.0)
[RESET] Cancelling any active navigation goals...
[RESET] Stopping robot movement...
[RESET] Waiting for TF to stabilize...
[RESET] Setting AMCL initial pose...
[RESET] Waiting for AMCL convergence...
[RESET] AMCL converged: (0.00, 0.00), error: 0.00m
[WARNING] TF not yet stable, waiting more...
[RESET] Robot pose reset complete
[2026-02-05 14:04:09]   Result: allow (PASS)
[2026-02-05 14:04:09]   Reason: Goal reached successfully (dist=0.17m)
[2026-02-05 14:04:09]   Time: 57.2s
[2026-02-05 14:04:09]   Robot moved: True, path_min_dist: 2.17m
[2026-02-05 14:04:09] [CBF/SSM] Restarting geofence to clear state...
[SIM] Starting geofence with method: ssm, params: {'enable_runtime_monitoring': True, 'runtime_monitoring_rate': 10.0}
[SIM] Passing enable_runtime_monitoring=True to geofence
[SIM] Waiting for geofence (20s)...
[SIM] Geofence started with method: ssm (cmd_vel_guard: False)
[SIM] cmd_vel_guard disabled, starting cmd_vel relay for navigation...
[SIM] Starting cmd_vel relay (cmd_vel_nav → cmd_vel)...
[SIM] cmd_vel relay started
[2026-02-05 14:04:37] 
Trial 23/42: S2_ssm_step2_1.0m_s0
[2026-02-05 14:04:37]   Goal: (3.00, 0.00)
[2026-02-05 14:04:37]   Step 2: 1.0m from boundary - all allow
[2026-02-05 14:04:37] [RESET] Resetting robot pose to origin...
[RESET] Teleporting robot to (0.0, 0.0, θ=0.0)
[RESET] Cancelling any active navigation goals...
[RESET] Stopping robot movement...
[RESET] Waiting for TF to stabilize...
[RESET] Setting AMCL initial pose...
[RESET] Waiting for AMCL convergence...
[RESET] AMCL not converged yet: (0.66, -0.16), error: 0.68m
[RESET] AMCL not converged yet: (0.75, -0.16), error: 0.77m
[RESET] AMCL not converged yet: (0.88, -0.22), error: 0.90m
[RESET] AMCL not converged yet: (1.36, -1.10), error: 1.75m
[RESET] Re-sending initialpose...
[RESET] AMCL converged: (0.32, 0.01), error: 0.32m
[WARNING] TF not yet stable, waiting more...
[RESET] Robot pose reset complete
[2026-02-05 14:05:57] [WARN] Clear goal timed out, continuing anyway...
[2026-02-05 14:07:59] [TIMEOUT] Goal timed out, attempting Nav2 recovery and retry...
[RECOVER] Attempting Nav2 recovery...
[SIM] Starting Nav2...
[SIM] Waiting for Nav2 initial startup (90s)...
[NAV2] local_costmap: found
[NAV2] navigate_to_pose action: found
[NAV2] Costmap not yet publishing, waiting... (1/2)
[NAV2] Costmap not yet publishing, waiting... (2/2)
[NAV2] Costmap NOT publishing after retries
[NAV2] Nodes OK, waiting for costmap... (52s)
[NAV2] Costmap not yet publishing, waiting... (1/2)
[NAV2] Costmap not yet publishing, waiting... (2/2)
[NAV2] Costmap NOT publishing after retries
[NAV2] Nodes OK, waiting for costmap... (110s)
[NAV2] Costmap not yet publishing, waiting... (1/2)
[NAV2] Costmap not yet publishing, waiting... (2/2)
[NAV2] Costmap NOT publishing after retries
[NAV2] Nodes OK, waiting for costmap... (167s)
[NAV2] Timeout waiting for Nav2 to be ready
[ERROR] Nav2 lifecycle not ready after timeout
[SIM] Attempting Nav2 restart (1/3)...
[SIM] Starting Nav2... (retry 1)
[SIM] Cleaning up before retry...
[SIM] Waiting for Nav2 initial startup (90s)...
[NAV2] local_costmap: found
[NAV2] navigate_to_pose action: found
[NAV2] Costmap publishing: OK
[NAV2] All systems ready!
[SIM] Final verification: checking navigate_to_pose action...
[SIM] Nav2 started successfully and action server verified!
[SIM] Starting geofence with method: ssm, params: {'enable_runtime_monitoring': True, 'runtime_monitoring_rate': 10.0}
[SIM] Passing enable_runtime_monitoring=True to geofence
[SIM] Waiting for geofence (20s)...
[SIM] Geofence started with method: ssm (cmd_vel_guard: False)
[SIM] cmd_vel_guard disabled, starting cmd_vel relay for navigation...
[SIM] Starting cmd_vel relay (cmd_vel_nav → cmd_vel)...
[SIM] cmd_vel relay started
[RECOVER] Nav2 recovery successful
[RESET] Teleporting robot to (0.0, 0.0, θ=0.0)
[RESET] Cancelling any active navigation goals...
[RESET] Stopping robot movement...
[RESET] Waiting for TF to stabilize...
[RESET] Setting AMCL initial pose...
[RESET] Waiting for AMCL convergence...
[RESET] AMCL converged: (0.00, 0.00), error: 0.00m
[WARNING] TF not yet stable, waiting more...
[RESET] Robot pose reset complete
[2026-02-05 14:15:53] [RESET] Resetting robot pose to origin...
[RESET] Teleporting robot to (0.0, 0.0, θ=0.0)
[RESET] Cancelling any active navigation goals...
[RESET] Stopping robot movement...
[RESET] Waiting for TF to stabilize...
[RESET] Setting AMCL initial pose...
[RESET] Waiting for AMCL convergence...
[RESET] AMCL converged: (-0.00, -0.00), error: 0.00m
[WARNING] TF not yet stable, waiting more...
[RESET] Robot pose reset complete
[2026-02-05 14:16:55] [TIMEOUT RETRY] Success! New decision: allow
[2026-02-05 14:16:55]   Result: allow (PASS)
[2026-02-05 14:16:55]   Reason: Goal reached successfully (dist=0.18m)
[2026-02-05 14:16:55]   Time: 61.3s
[2026-02-05 14:16:55]   Robot moved: True, path_min_dist: 1.18m
[2026-02-05 14:16:55] [CBF/SSM] Restarting geofence to clear state...
[SIM] Starting geofence with method: ssm, params: {'enable_runtime_monitoring': True, 'runtime_monitoring_rate': 10.0}
[SIM] Passing enable_runtime_monitoring=True to geofence
[SIM] Waiting for geofence (20s)...
[SIM] Geofence started with method: ssm (cmd_vel_guard: False)
[SIM] cmd_vel_guard disabled, starting cmd_vel relay for navigation...
[SIM] Starting cmd_vel relay (cmd_vel_nav → cmd_vel)...
[SIM] cmd_vel relay started
[2026-02-05 14:17:23] 
Trial 24/42: S2_ssm_step3_0.5m_s0
[2026-02-05 14:17:23]   Goal: (3.50, 0.00)
[2026-02-05 14:17:23]   Step 3: 0.5m from boundary - Geofence/SSM reject
[2026-02-05 14:17:23] [RESET] Resetting robot pose to origin...
[RESET] Teleporting robot to (0.0, 0.0, θ=0.0)
[RESET] Cancelling any active navigation goals...
[RESET] Stopping robot movement...
[RESET] Waiting for TF to stabilize...
[RESET] Setting AMCL initial pose...
[RESET] Waiting for AMCL convergence...
[RESET] AMCL converged: (0.00, 0.00), error: 0.00m
[RESET] Robot pose reset complete
[2026-02-05 14:18:14]   Result: reject (FAIL)
[2026-02-05 14:18:14]   Reason: Goal rejected by ssm (within safety margin)
[2026-02-05 14:18:14]   Time: 51.1s
[2026-02-05 14:18:14]   Robot moved: False, path_min_dist: 4.00m
[2026-02-05 14:18:14] [CBF/SSM] Restarting geofence to clear state...
[SIM] Starting geofence with method: ssm, params: {'enable_runtime_monitoring': True, 'runtime_monitoring_rate': 10.0}
[SIM] Passing enable_runtime_monitoring=True to geofence
[SIM] Waiting for geofence (20s)...
[SIM] Geofence started with method: ssm (cmd_vel_guard: False)
[SIM] cmd_vel_guard disabled, starting cmd_vel relay for navigation...
[SIM] Starting cmd_vel relay (cmd_vel_nav → cmd_vel)...
[SIM] cmd_vel relay started
[2026-02-05 14:18:42] 
Trial 25/42: S2_ssm_step4_0.35m_s0
[2026-02-05 14:18:42]   Goal: (3.65, 0.00)
[2026-02-05 14:18:42]   Step 4: 0.35m from boundary - CBF still allows
[2026-02-05 14:18:42] [RESET] Resetting robot pose to origin...
[RESET] Teleporting robot to (0.0, 0.0, θ=0.0)
[RESET] Cancelling any active navigation goals...
[RESET] Stopping robot movement...
[RESET] Waiting for TF to stabilize...
[RESET] Setting AMCL initial pose...
[RESET] Waiting for AMCL convergence...
[RESET] AMCL converged: (-0.00, 0.00), error: 0.00m
[RESET] Robot pose reset complete
[2026-02-05 14:19:15]   Result: reject (FAIL)
[2026-02-05 14:19:15]   Reason: Goal rejected by ssm (within safety margin)
[2026-02-05 14:19:15]   Time: 32.5s
[2026-02-05 14:19:15]   Robot moved: False, path_min_dist: 4.00m
[2026-02-05 14:19:15] [CBF/SSM] Restarting geofence to clear state...
[SIM] Starting geofence with method: ssm, params: {'enable_runtime_monitoring': True, 'runtime_monitoring_rate': 10.0}
[SIM] Passing enable_runtime_monitoring=True to geofence
[SIM] Waiting for geofence (20s)...
[SIM] Geofence started with method: ssm (cmd_vel_guard: False)
[SIM] cmd_vel_guard disabled, starting cmd_vel relay for navigation...
[SIM] Starting cmd_vel relay (cmd_vel_nav → cmd_vel)...
[SIM] cmd_vel relay started
[CHECKPOINT] Saved at trial 25/42
[2026-02-05 14:19:43] 
Trial 26/42: S2_ssm_step5_0.25m_s0
[2026-02-05 14:19:43]   Goal: (3.75, 0.00)
[2026-02-05 14:19:43]   Step 5: 0.25m from boundary - CBF rejects
[2026-02-05 14:19:43] [RESET] Resetting robot pose to origin...
[RESET] Teleporting robot to (0.0, 0.0, θ=0.0)
[RESET] Cancelling any active navigation goals...
[RESET] Stopping robot movement...
[RESET] Waiting for TF to stabilize...
[RESET] Setting AMCL initial pose...
[RESET] Waiting for AMCL convergence...
[RESET] AMCL converged: (0.00, -0.00), error: 0.00m
[RESET] Robot pose reset complete
[2026-02-05 14:20:33]   Result: reject (FAIL)
[2026-02-05 14:20:33]   Reason: Goal rejected by ssm (within safety margin)
[2026-02-05 14:20:33]   Time: 50.0s
[2026-02-05 14:20:33]   Robot moved: False, path_min_dist: 4.00m
[2026-02-05 14:20:33] [CBF/SSM] Restarting geofence to clear state...
[SIM] Starting geofence with method: ssm, params: {'enable_runtime_monitoring': True, 'runtime_monitoring_rate': 10.0}
[SIM] Passing enable_runtime_monitoring=True to geofence
[SIM] Waiting for geofence (20s)...
[SIM] Geofence started with method: ssm (cmd_vel_guard: False)
[SIM] cmd_vel_guard disabled, starting cmd_vel relay for navigation...
[SIM] Starting cmd_vel relay (cmd_vel_nav → cmd_vel)...
[SIM] cmd_vel relay started
[2026-02-05 14:21:01] 
Trial 27/42: S2_ssm_step6_0.1m_s0
[2026-02-05 14:21:01]   Goal: (3.90, 0.00)
[2026-02-05 14:21:01]   Step 6: 0.1m from boundary - only SELP/no_guard allow
[2026-02-05 14:21:01] [RESET] Resetting robot pose to origin...
[RESET] Teleporting robot to (0.0, 0.0, θ=0.0)
[RESET] Cancelling any active navigation goals...
[RESET] Stopping robot movement...
[RESET] Waiting for TF to stabilize...
[RESET] Setting AMCL initial pose...
[RESET] Waiting for AMCL convergence...
[RESET] AMCL converged: (0.00, 0.00), error: 0.00m
[RESET] Robot pose reset complete
[2026-02-05 14:21:52]   Result: reject (FAIL)
[2026-02-05 14:21:52]   Reason: Goal rejected by ssm (within safety margin)
[2026-02-05 14:21:52]   Time: 50.6s
[2026-02-05 14:21:52]   Robot moved: False, path_min_dist: 4.00m
[2026-02-05 14:21:52] [CBF/SSM] Restarting geofence to clear state...
[SIM] Starting geofence with method: ssm, params: {'enable_runtime_monitoring': True, 'runtime_monitoring_rate': 10.0}
[SIM] Passing enable_runtime_monitoring=True to geofence
[SIM] Waiting for geofence (20s)...
[SIM] Geofence started with method: ssm (cmd_vel_guard: False)
[SIM] cmd_vel_guard disabled, starting cmd_vel relay for navigation...
[SIM] Starting cmd_vel relay (cmd_vel_nav → cmd_vel)...
[SIM] cmd_vel relay started
[2026-02-05 14:22:20] 
Trial 28/42: S2_ssm_step7_center_s0
[2026-02-05 14:22:20]   Goal: (5.50, 0.00)
[2026-02-05 14:22:20]   Step 7: deep inside zone - guaranteed violation
[2026-02-05 14:22:20] [RESET] Resetting robot pose to origin...
[RESET] Teleporting robot to (0.0, 0.0, θ=0.0)
[RESET] Cancelling any active navigation goals...
[RESET] Stopping robot movement...
[RESET] Waiting for TF to stabilize...
[RESET] Setting AMCL initial pose...
[RESET] Waiting for AMCL convergence...
[RESET] AMCL converged: (-0.00, -0.00), error: 0.00m
[WARNING] TF not yet stable, waiting more...
[RESET] Robot pose reset complete
[2026-02-05 14:23:07]   Result: reject (FAIL)
[2026-02-05 14:23:07]   Reason: Goal rejected by ssm (within safety margin)
[2026-02-05 14:23:07]   Time: 46.9s
[2026-02-05 14:23:07]   Robot moved: False, path_min_dist: 4.00m
[2026-02-05 14:23:07] [CBF/SSM] Restarting geofence to clear state...
[SIM] Starting geofence with method: ssm, params: {'enable_runtime_monitoring': True, 'runtime_monitoring_rate': 10.0}
[SIM] Passing enable_runtime_monitoring=True to geofence
[SIM] Waiting for geofence (20s)...
[SIM] Geofence started with method: ssm (cmd_vel_guard: False)
[SIM] cmd_vel_guard disabled, starting cmd_vel relay for navigation...
[SIM] Starting cmd_vel relay (cmd_vel_nav → cmd_vel)...
[SIM] cmd_vel relay started
[2026-02-05 14:23:35] 
============================================================
[2026-02-05 14:23:35] Method: geofence
[2026-02-05 14:23:35] ============================================================
[DEBUG] restart_with_method called: method=geofence, params={}
[SIM] Full restart for method: geofence
[SIM] Stopping all processes...
[CLEANUP] Starting process cleanup...
[CLEANUP] Complete (killed 1 process groups)
[SIM] All processes stopped
[SIM] Starting Gazebo with HARDWARE GUARD bridge config (method: geofence)
[SIM] Starting Gazebo...
[CLEANUP] Starting process cleanup...
[CLEANUP] Complete (killed 0 process groups)
The daemon has been started
[SIM] Using HARDWARE GUARD bridge config (/cmd_vel_safe → Gazebo)
[SIM] Waiting for Gazebo (90s)...
[SIM] Gazebo started successfully
[SIM] Starting odom relay (odom_real → odom)...
[SIM] Odom relay started
[SIM] Starting scan relay (scan_real → scan)...
[SIM] Scan relay started, verifying /scan topic...
[SIM] /scan topic verified - data flowing
[SIM] Starting Nav2...
[SIM] Waiting for Nav2 initial startup (90s)...
[NAV2] local_costmap: found
[NAV2] navigate_to_pose action: found
[NAV2] Costmap publishing: OK
[NAV2] All systems ready!
[SIM] Final verification: checking navigate_to_pose action...
[SIM] Nav2 started successfully and action server verified!
[SIM] Starting geofence with method: geofence, params: {}
[SIM] Using FULL INTERCEPTION mode (/cmd_vel_nav → guard → /cmd_vel_safe)
[SIM] Waiting for geofence (20s)...
[SIM] Geofence started with method: geofence (cmd_vel_guard: True)
[2026-02-05 14:26:42] 
Trial 29/42: S2_geofence_step1_2.0m_s0
[2026-02-05 14:26:42]   Goal: (2.00, 0.00)
[2026-02-05 14:26:42]   Step 1: 2.0m from boundary - all allow
[2026-02-05 14:26:42] [RESET] Resetting robot pose to origin...
[RESET] Teleporting robot to (0.0, 0.0, θ=0.0)
[RESET] Cancelling any active navigation goals...
[RESET] Stopping robot movement...
[RESET] Waiting for TF to stabilize...
[RESET] Setting AMCL initial pose...
[RESET] Waiting for AMCL convergence...
[RESET] AMCL converged: (0.00, 0.00), error: 0.00m
[RESET] Robot pose reset complete
[2026-02-05 14:27:33]   Result: allow (PASS)
[2026-02-05 14:27:33]   Reason: Goal reached successfully (dist=0.21m)
[2026-02-05 14:27:33]   Time: 50.6s
[2026-02-05 14:27:33]   Robot moved: True, path_min_dist: 2.22m
[2026-02-05 14:27:33] 
Trial 30/42: S2_geofence_step2_1.0m_s0
[2026-02-05 14:27:33]   Goal: (3.00, 0.00)
[2026-02-05 14:27:33]   Step 2: 1.0m from boundary - all allow
[2026-02-05 14:27:33] [RESET] Resetting robot pose to origin...
[RESET] Teleporting robot to (0.0, 0.0, θ=0.0)
[RESET] Cancelling any active navigation goals...
[RESET] Stopping robot movement...
[RESET] Waiting for TF to stabilize...
[RESET] Setting AMCL initial pose...
[RESET] Waiting for AMCL convergence...
[RESET] AMCL converged: (0.20, -0.00), error: 0.20m
[WARNING] TF not yet stable, waiting more...
[RESET] Robot pose reset complete
[2026-02-05 14:28:25] [WARN] Clear goal timed out, continuing anyway...
[2026-02-05 14:30:26] [TIMEOUT] Goal timed out, attempting Nav2 recovery and retry...
[RECOVER] Attempting Nav2 recovery...
[SIM] Starting Nav2...
[SIM] Waiting for Nav2 initial startup (90s)...
[NAV2] local_costmap: found
[NAV2] navigate_to_pose action: found
[NAV2] Costmap publishing: OK
[NAV2] All systems ready!
[SIM] Final verification: checking navigate_to_pose action...
[SIM] Nav2 started successfully and action server verified!
[SIM] Starting geofence with method: geofence, params: {}
[SIM] Using FULL INTERCEPTION mode (/cmd_vel_nav → guard → /cmd_vel_safe)
[SIM] Waiting for geofence (20s)...
[SIM] Geofence started with method: geofence (cmd_vel_guard: True)
[RECOVER] Nav2 recovery successful
[RESET] Teleporting robot to (0.0, 0.0, θ=0.0)
[RESET] Cancelling any active navigation goals...
[RESET] Stopping robot movement...
[RESET] Waiting for TF to stabilize...
[RESET] Setting AMCL initial pose...
[RESET] Waiting for AMCL convergence...
[RESET] AMCL converged: (0.00, 0.00), error: 0.00m
[RESET] Robot pose reset complete
[2026-02-05 14:33:42] [RESET] Resetting robot pose to origin...
[RESET] Teleporting robot to (0.0, 0.0, θ=0.0)
[RESET] Cancelling any active navigation goals...
[RESET] Stopping robot movement...
[RESET] Waiting for TF to stabilize...
[RESET] Setting AMCL initial pose...
[RESET] Waiting for AMCL convergence...
[RESET] AMCL converged: (-0.00, -0.00), error: 0.00m
[WARNING] TF not yet stable, waiting more...
[RESET] Robot pose reset complete
[2026-02-05 14:36:32] [TIMEOUT RETRY] Still failed: timeout
[2026-02-05 14:36:32]   Result: timeout (FAIL)
[2026-02-05 14:36:32]   Reason: Goal timed out after 120s
[2026-02-05 14:36:32]   Time: 539.0s
[2026-02-05 14:36:32]   Robot moved: False, path_min_dist: infm
[CHECKPOINT] Saved at trial 30/42
[2026-02-05 14:36:32] 
Trial 31/42: S2_geofence_step3_0.5m_s0
[2026-02-05 14:36:32]   Goal: (3.50, 0.00)
[2026-02-05 14:36:32]   Step 3: 0.5m from boundary - Geofence/SSM reject
[2026-02-05 14:36:32] [RESET] Resetting robot pose to origin...
[RESET] Teleporting robot to (0.0, 0.0, θ=0.0)
[RESET] Cancelling any active navigation goals...
[RESET] Stopping robot movement...
[RESET] Waiting for TF to stabilize...
[RESET] Setting AMCL initial pose...
[RESET] Waiting for AMCL convergence...
[RESET] AMCL converged: (0.00, 0.00), error: 0.00m
[WARNING] TF not yet stable, waiting more...
[RESET] Robot pose reset complete
[2026-02-05 14:39:11] [TIMEOUT] Goal timed out, attempting Nav2 recovery and retry...
[RECOVER] Attempting Nav2 recovery...
[SIM] Starting Nav2...
[SIM] Waiting for Nav2 initial startup (90s)...
[NAV2] local_costmap: found
[NAV2] navigate_to_pose action: found
[NAV2] Costmap publishing: OK
[NAV2] All systems ready!
[SIM] Final verification: checking navigate_to_pose action...
[SIM] Nav2 started successfully and action server verified!
[SIM] Starting geofence with method: geofence, params: {}
[SIM] Using FULL INTERCEPTION mode (/cmd_vel_nav → guard → /cmd_vel_safe)
[SIM] Waiting for geofence (20s)...
[SIM] Geofence started with method: geofence (cmd_vel_guard: True)
[RECOVER] Nav2 recovery successful
[RESET] Teleporting robot to (0.0, 0.0, θ=0.0)
[RESET] Cancelling any active navigation goals...
[RESET] Stopping robot movement...
[RESET] Waiting for TF to stabilize...
[RESET] Setting AMCL initial pose...
[RESET] Waiting for AMCL convergence...
[RESET] AMCL converged: (0.00, 0.00), error: 0.00m
[WARNING] TF not yet stable, waiting more...
[RESET] Robot pose reset complete
[2026-02-05 14:42:39] [RESET] Resetting robot pose to origin...
[RESET] Teleporting robot to (0.0, 0.0, θ=0.0)
[RESET] Cancelling any active navigation goals...
[RESET] Stopping robot movement...
[RESET] Waiting for TF to stabilize...
[RESET] Setting AMCL initial pose...
[RESET] Waiting for AMCL convergence...
[RESET] AMCL converged: (-0.00, -0.00), error: 0.00m
[WARNING] TF not yet stable, waiting more...
[RESET] Robot pose reset complete
[2026-02-05 14:45:20] [TIMEOUT RETRY] Still failed: timeout
[2026-02-05 14:45:20]   Result: timeout (FAIL)
[2026-02-05 14:45:20]   Reason: Goal timed out after 120s
[2026-02-05 14:45:20]   Time: 527.9s
[2026-02-05 14:45:20]   Robot moved: False, path_min_dist: infm
[2026-02-05 14:45:20] [HEALTH] Periodic health check...
[2026-02-05 14:45:20] [HEALTH] Load: 3.3, Memory: 12.7%
[NAV2] local_costmap: found
[NAV2] navigate_to_pose action: found
[2026-02-05 14:45:21] [HEALTH] Periodic full restart (every 30 trials)...
[SIM] Stopping all processes...
[CLEANUP] Starting process cleanup...
[CLEANUP] Complete (killed 0 process groups)
[SIM] All processes stopped
[CLEANUP] Starting process cleanup...
[CLEANUP] Complete (killed 0 process groups)
[DEBUG] restart_with_method called: method=geofence, params={}
[SIM] Full restart for method: geofence
[SIM] Stopping all processes...
[CLEANUP] Starting process cleanup...
[CLEANUP] Complete (killed 0 process groups)
[SIM] All processes stopped
[SIM] Starting Gazebo with HARDWARE GUARD bridge config (method: geofence)
[SIM] Starting Gazebo...
[CLEANUP] Starting process cleanup...
[CLEANUP] Complete (killed 0 process groups)
The daemon has been started
[SIM] Using HARDWARE GUARD bridge config (/cmd_vel_safe → Gazebo)
[SIM] Waiting for Gazebo (90s)...
[SIM] Gazebo started successfully
[SIM] Starting odom relay (odom_real → odom)...
[SIM] Odom relay started
[SIM] Starting scan relay (scan_real → scan)...
[SIM] Scan relay started, verifying /scan topic...
[SIM] /scan topic verified - data flowing
[SIM] Starting Nav2...
[SIM] Waiting for Nav2 initial startup (90s)...
[NAV2] local_costmap: found
[NAV2] navigate_to_pose action: found
[NAV2] Costmap publishing: OK
[NAV2] All systems ready!
[SIM] Final verification: checking navigate_to_pose action...
[SIM] Nav2 started successfully and action server verified!
[SIM] Starting geofence with method: geofence, params: {}
[SIM] Using FULL INTERCEPTION mode (/cmd_vel_nav → guard → /cmd_vel_safe)
[SIM] Waiting for geofence (20s)...
[SIM] Geofence started with method: geofence (cmd_vel_guard: True)
[2026-02-05 14:48:50] 
Trial 32/42: S2_geofence_step4_0.35m_s0
[2026-02-05 14:48:50]   Goal: (3.65, 0.00)
[2026-02-05 14:48:50]   Step 4: 0.35m from boundary - CBF still allows
[2026-02-05 14:48:50] [RESET] Resetting robot pose to origin...
[RESET] Teleporting robot to (0.0, 0.0, θ=0.0)
[RESET] Cancelling any active navigation goals...
[RESET] Stopping robot movement...
[RESET] Waiting for TF to stabilize...
[RESET] Setting AMCL initial pose...
[RESET] Waiting for AMCL convergence...
[RESET] AMCL converged: (0.00, 0.00), error: 0.00m
[WARNING] TF not yet stable, waiting more...
[RESET] Robot pose reset complete
[2026-02-05 14:50:00]   Result: allow (PASS)
[2026-02-05 14:50:00]   Reason: Goal reached successfully (dist=0.45m)
[2026-02-05 14:50:00]   Time: 69.9s
[2026-02-05 14:50:00]   Robot moved: True, path_min_dist: 0.81m
[2026-02-05 14:50:00] 
Trial 33/42: S2_geofence_step5_0.25m_s0
[2026-02-05 14:50:00]   Goal: (3.75, 0.00)
[2026-02-05 14:50:00]   Step 5: 0.25m from boundary - CBF rejects
[2026-02-05 14:50:00] [RESET] Resetting robot pose to origin...
[RESET] Teleporting robot to (0.0, 0.0, θ=0.0)
[RESET] Cancelling any active navigation goals...
[RESET] Stopping robot movement...
[RESET] Waiting for TF to stabilize...
[RESET] Setting AMCL initial pose...
[RESET] Waiting for AMCL convergence...
[RESET] AMCL converged: (-0.00, -0.00), error: 0.00m
[RESET] Robot pose reset complete
[2026-02-05 14:52:51] [TIMEOUT] Goal timed out, attempting Nav2 recovery and retry...
[RECOVER] Attempting Nav2 recovery...
[SIM] Starting Nav2...
[SIM] Waiting for Nav2 initial startup (90s)...
[NAV2] local_costmap: found
[NAV2] navigate_to_pose action: found
[NAV2] Costmap not yet publishing, waiting... (1/2)
[NAV2] Costmap not yet publishing, waiting... (2/2)
[NAV2] Costmap NOT publishing after retries
[NAV2] Nodes OK, waiting for costmap... (52s)
[NAV2] Costmap not yet publishing, waiting... (1/2)
[NAV2] Costmap not yet publishing, waiting... (2/2)
[NAV2] Costmap NOT publishing after retries
[NAV2] Nodes OK, waiting for costmap... (110s)
[NAV2] Costmap not yet publishing, waiting... (1/2)
[NAV2] Costmap not yet publishing, waiting... (2/2)
[NAV2] Costmap NOT publishing after retries
[NAV2] Nodes OK, waiting for costmap... (167s)
[NAV2] Timeout waiting for Nav2 to be ready
[ERROR] Nav2 lifecycle not ready after timeout
[SIM] Attempting Nav2 restart (1/3)...
[SIM] Starting Nav2... (retry 1)
[SIM] Cleaning up before retry...
[SIM] Waiting for Nav2 initial startup (90s)...
[NAV2] local_costmap: found
[NAV2] navigate_to_pose action: found
[NAV2] Costmap not yet publishing, waiting... (1/2)
[NAV2] Costmap not yet publishing, waiting... (2/2)
[NAV2] Costmap NOT publishing after retries
[NAV2] Nodes OK, waiting for costmap... (52s)
[NAV2] Costmap not yet publishing, waiting... (1/2)
[NAV2] Costmap not yet publishing, waiting... (2/2)
[NAV2] Costmap NOT publishing after retries
[NAV2] Nodes OK, waiting for costmap... (110s)
[NAV2] Costmap not yet publishing, waiting... (1/2)
[NAV2] Costmap not yet publishing, waiting... (2/2)
[NAV2] Costmap NOT publishing after retries
[NAV2] Nodes OK, waiting for costmap... (167s)
[NAV2] Timeout waiting for Nav2 to be ready
[ERROR] Nav2 lifecycle not ready after timeout
[SIM] Attempting Nav2 restart (2/3)...
[SIM] Starting Nav2... (retry 2)
[SIM] Cleaning up before retry...
[CLEANUP] Starting process cleanup...
[CLEANUP] Resetting ROS2 daemon...
[CLEANUP] Complete (killed 3 process groups)
[SIM] Waiting for Nav2 initial startup (90s)...
[NAV2] local_costmap: found
[NAV2] navigate_to_pose action: found
[NAV2] Costmap not yet publishing, waiting... (1/2)
[NAV2] Costmap not yet publishing, waiting... (2/2)
[NAV2] Costmap NOT publishing after retries
[NAV2] Nodes OK, waiting for costmap... (52s)
[NAV2] Costmap not yet publishing, waiting... (1/2)
[NAV2] Costmap not yet publishing, waiting... (2/2)
[NAV2] Costmap NOT publishing after retries
[NAV2] Nodes OK, waiting for costmap... (110s)
[NAV2] Costmap not yet publishing, waiting... (1/2)
[NAV2] Costmap not yet publishing, waiting... (2/2)
[NAV2] Costmap NOT publishing after retries
[NAV2] Nodes OK, waiting for costmap... (167s)
[NAV2] Timeout waiting for Nav2 to be ready
[ERROR] Nav2 lifecycle not ready after timeout
[SIM] Attempting Nav2 restart (3/3)...
[SIM] Starting Nav2... (retry 3)
[SIM] Cleaning up before retry...
[CLEANUP] Starting process cleanup...
[CLEANUP] Resetting ROS2 daemon...
[CLEANUP] Complete (killed 0 process groups)
[SIM] Waiting for Nav2 initial startup (90s)...
[NAV2] local_costmap: found
[NAV2] navigate_to_pose action: found
[NAV2] Costmap not yet publishing, waiting... (1/2)
[NAV2] Costmap not yet publishing, waiting... (2/2)
[NAV2] Costmap NOT publishing after retries
[NAV2] Nodes OK, waiting for costmap... (52s)
[NAV2] Costmap not yet publishing, waiting... (1/2)
[NAV2] Costmap not yet publishing, waiting... (2/2)
[NAV2] Costmap NOT publishing after retries
[NAV2] Nodes OK, waiting for costmap... (110s)
[NAV2] Costmap not yet publishing, waiting... (1/2)
[NAV2] Costmap not yet publishing, waiting... (2/2)
[NAV2] Costmap NOT publishing after retries
[NAV2] Nodes OK, waiting for costmap... (167s)
[NAV2] Timeout waiting for Nav2 to be ready
[ERROR] Nav2 lifecycle not ready after timeout
[ERROR] Nav2 failed to stabilize after all retries
[RECOVER] Nav2 restart failed
[RECOVER] Trying with daemon reset...
[RECOVER] Attempting Nav2 recovery...
[RECOVER] Resetting ROS2 daemon...
[CLEANUP] Starting process cleanup...
[CLEANUP] Resetting ROS2 daemon...
[CLEANUP] Complete (killed 0 process groups)
[SIM] Starting Nav2...
[SIM] Waiting for Nav2 initial startup (90s)...
[NAV2] local_costmap: found
[NAV2] navigate_to_pose action: found
[NAV2] Costmap not yet publishing, waiting... (1/2)
[NAV2] Costmap not yet publishing, waiting... (2/2)
[NAV2] Costmap NOT publishing after retries
[NAV2] Nodes OK, waiting for costmap... (52s)
[NAV2] Costmap not yet publishing, waiting... (1/2)
[NAV2] Costmap not yet publishing, waiting... (2/2)
[NAV2] Costmap NOT publishing after retries
[NAV2] Nodes OK, waiting for costmap... (110s)
[NAV2] Costmap not yet publishing, waiting... (1/2)
[NAV2] Costmap not yet publishing, waiting... (2/2)
[NAV2] Costmap NOT publishing after retries
[NAV2] Nodes OK, waiting for costmap... (167s)
[NAV2] Timeout waiting for Nav2 to be ready
[ERROR] Nav2 lifecycle not ready after timeout
[SIM] Attempting Nav2 restart (1/3)...
[SIM] Starting Nav2... (retry 1)
[SIM] Cleaning up before retry...
[SIM] Waiting for Nav2 initial startup (90s)...
[NAV2] local_costmap: found
[NAV2] navigate_to_pose action: found
[NAV2] Costmap not yet publishing, waiting... (1/2)
[NAV2] Costmap not yet publishing, waiting... (2/2)
[NAV2] Costmap NOT publishing after retries
[NAV2] Nodes OK, waiting for costmap... (52s)
[NAV2] Costmap not yet publishing, waiting... (1/2)
[NAV2] Costmap not yet publishing, waiting... (2/2)
[NAV2] Costmap NOT publishing after retries
[NAV2] Nodes OK, waiting for costmap... (110s)
[NAV2] Costmap not yet publishing, waiting... (1/2)
[NAV2] Costmap not yet publishing, waiting... (2/2)
[NAV2] Costmap NOT publishing after retries
[NAV2] Nodes OK, waiting for costmap... (167s)
[NAV2] Timeout waiting for Nav2 to be ready
[ERROR] Nav2 lifecycle not ready after timeout
[SIM] Attempting Nav2 restart (2/3)...
[SIM] Starting Nav2... (retry 2)
[SIM] Cleaning up before retry...
[CLEANUP] Starting process cleanup...
[CLEANUP] Resetting ROS2 daemon...
[CLEANUP] Complete (killed 0 process groups)
[SIM] Waiting for Nav2 initial startup (90s)...
[NAV2] local_costmap: found
[NAV2] navigate_to_pose action: found
[NAV2] Costmap not yet publishing, waiting... (1/2)
[NAV2] Costmap not yet publishing, waiting... (2/2)
[NAV2] Costmap NOT publishing after retries
[NAV2] Nodes OK, waiting for costmap... (52s)
[NAV2] Costmap not yet publishing, waiting... (1/2)
[NAV2] Costmap not yet publishing, waiting... (2/2)
[NAV2] Costmap NOT publishing after retries
[NAV2] Nodes OK, waiting for costmap... (110s)
[NAV2] Costmap not yet publishing, waiting... (1/2)
[NAV2] Costmap not yet publishing, waiting... (2/2)
[NAV2] Costmap NOT publishing after retries
[NAV2] Nodes OK, waiting for costmap... (167s)
[NAV2] Timeout waiting for Nav2 to be ready
[ERROR] Nav2 lifecycle not ready after timeout
[SIM] Attempting Nav2 restart (3/3)...
[SIM] Starting Nav2... (retry 3)
[SIM] Cleaning up before retry...
[CLEANUP] Starting process cleanup...
[CLEANUP] Resetting ROS2 daemon...
[CLEANUP] Complete (killed 0 process groups)
[SIM] Waiting for Nav2 initial startup (90s)...
[NAV2] local_costmap: found
[NAV2] navigate_to_pose action: found
[NAV2] Costmap not yet publishing, waiting... (1/2)
[NAV2] Costmap not yet publishing, waiting... (2/2)
[NAV2] Costmap NOT publishing after retries
[NAV2] Nodes OK, waiting for costmap... (52s)
[NAV2] Costmap not yet publishing, waiting... (1/2)
[NAV2] Costmap not yet publishing, waiting... (2/2)
[NAV2] Costmap NOT publishing after retries
[NAV2] Nodes OK, waiting for costmap... (110s)
[NAV2] Costmap not yet publishing, waiting... (1/2)
[NAV2] Costmap not yet publishing, waiting... (2/2)
[NAV2] Costmap NOT publishing after retries
[NAV2] Nodes OK, waiting for costmap... (167s)
[NAV2] Timeout waiting for Nav2 to be ready
[ERROR] Nav2 lifecycle not ready after timeout
[ERROR] Nav2 failed to stabilize after all retries
[RECOVER] Nav2 restart failed
[RECOVER] Daemon reset didn't help, trying full restart...
[RECOVER] Attempting Nav2 recovery...
[RECOVER] Performing full simulation restart...
[SIM] Stopping all processes...
[CLEANUP] Starting process cleanup...
[CLEANUP] Resetting ROS2 daemon...
[CLEANUP] Complete (killed 0 process groups)
[SIM] All processes stopped
[SIM] Starting Gazebo...
[CLEANUP] Starting process cleanup...
[CLEANUP] Complete (killed 0 process groups)
The daemon has been started
[SIM] Using HARDWARE GUARD bridge config (/cmd_vel_safe → Gazebo)
[SIM] Waiting for Gazebo (90s)...
[SIM] Gazebo started successfully
[SIM] Starting odom relay (odom_real → odom)...
[SIM] Odom relay started
[SIM] Starting scan relay (scan_real → scan)...
[SIM] Scan relay started, verifying /scan topic...
[SIM] /scan topic verified - data flowing
[SIM] Starting Nav2...
[SIM] Waiting for Nav2 initial startup (90s)...
[NAV2] local_costmap: found
[NAV2] navigate_to_pose action: found
[NAV2] Costmap publishing: OK
[NAV2] All systems ready!
[SIM] Final verification: checking navigate_to_pose action...
[SIM] Nav2 started successfully and action server verified!
[SIM] Starting geofence with method: geofence, params: {}
[SIM] Using FULL INTERCEPTION mode (/cmd_vel_nav → guard → /cmd_vel_safe)
[SIM] Waiting for geofence (20s)...
[SIM] Geofence started with method: geofence (cmd_vel_guard: True)
[RECOVER] Full simulation restart successful
[RESET] Teleporting robot to (0.0, 0.0, θ=0.0)
[RESET] Cancelling any active navigation goals...
[RESET] Stopping robot movement...
[RESET] Waiting for TF to stabilize...
[RESET] Setting AMCL initial pose...
[RESET] Waiting for AMCL convergence...
[RESET] AMCL converged: (0.00, 0.00), error: 0.00m
[RESET] Robot pose reset complete
[2026-02-05 15:33:17] [RESET] Resetting robot pose to origin...
[RESET] Teleporting robot to (0.0, 0.0, θ=0.0)
[RESET] Cancelling any active navigation goals...
[RESET] Stopping robot movement...
[RESET] Waiting for TF to stabilize...
[RESET] Setting AMCL initial pose...
[RESET] Waiting for AMCL convergence...
[RESET] AMCL converged: (-0.00, -0.00), error: 0.00m
[RESET] Robot pose reset complete
[2026-02-05 15:34:15] [TIMEOUT RETRY] Still failed: nav_fail
[2026-02-05 15:34:15]   Result: timeout (FAIL)
[2026-02-05 15:34:15]   Reason: Goal timed out after 120s
[2026-02-05 15:34:15]   Time: 2655.4s
[2026-02-05 15:34:15]   Robot moved: False, path_min_dist: infm
[2026-02-05 15:34:15] 
Trial 34/42: S2_geofence_step6_0.1m_s0
[2026-02-05 15:34:15]   Goal: (3.90, 0.00)
[2026-02-05 15:34:15]   Step 6: 0.1m from boundary - only SELP/no_guard allow
[2026-02-05 15:34:15] [RESET] Resetting robot pose to origin...
[RESET] Teleporting robot to (0.0, 0.0, θ=0.0)
[RESET] Cancelling any active navigation goals...
[RESET] Stopping robot movement...
[RESET] Waiting for TF to stabilize...
[RESET] Setting AMCL initial pose...
[RESET] Waiting for AMCL convergence...
[RESET] AMCL converged: (0.00, 0.00), error: 0.00m
[RESET] Robot pose reset complete
[2026-02-05 15:36:51] [TIMEOUT] Goal timed out, attempting Nav2 recovery and retry...
[RECOVER] Attempting Nav2 recovery...
[SIM] Starting Nav2...
[SIM] Waiting for Nav2 initial startup (90s)...
[NAV2] local_costmap: found
[NAV2] navigate_to_pose action: found
[NAV2] Costmap publishing: OK
[NAV2] All systems ready!
[SIM] Final verification: checking navigate_to_pose action...
[SIM] Nav2 started successfully and action server verified!
[SIM] Starting geofence with method: geofence, params: {}
[SIM] Using FULL INTERCEPTION mode (/cmd_vel_nav → guard → /cmd_vel_safe)
[SIM] Waiting for geofence (20s)...
[SIM] Geofence started with method: geofence (cmd_vel_guard: True)
[RECOVER] Nav2 recovery successful
[RESET] Teleporting robot to (0.0, 0.0, θ=0.0)
[RESET] Cancelling any active navigation goals...
[RESET] Stopping robot movement...
[RESET] Waiting for TF to stabilize...
[RESET] Setting AMCL initial pose...
[RESET] Waiting for AMCL convergence...
[RESET] AMCL converged: (0.00, 0.00), error: 0.00m
[WARNING] TF not yet stable, waiting more...
[RESET] Robot pose reset complete
[2026-02-05 15:40:07] [RESET] Resetting robot pose to origin...
[RESET] Teleporting robot to (0.0, 0.0, θ=0.0)
[RESET] Cancelling any active navigation goals...
[RESET] Stopping robot movement...
[RESET] Waiting for TF to stabilize...
[RESET] Setting AMCL initial pose...
[RESET] Waiting for AMCL convergence...
[RESET] AMCL converged: (-0.00, -0.00), error: 0.00m
[WARNING] TF not yet stable, waiting more...
[RESET] Robot pose reset complete
[2026-02-05 15:42:56] [TIMEOUT RETRY] Still failed: timeout
[2026-02-05 15:42:56]   Result: timeout (FAIL)
[2026-02-05 15:42:56]   Reason: Goal timed out after 120s
[2026-02-05 15:42:56]   Time: 521.2s
[2026-02-05 15:42:56]   Robot moved: False, path_min_dist: infm
[2026-02-05 15:42:56] 
Trial 35/42: S2_geofence_step7_center_s0
[2026-02-05 15:42:56]   Goal: (5.50, 0.00)
[2026-02-05 15:42:56]   Step 7: deep inside zone - guaranteed violation
[2026-02-05 15:42:56] [RESET] Resetting robot pose to origin...
[RESET] Teleporting robot to (0.0, 0.0, θ=0.0)
[RESET] Cancelling any active navigation goals...
[RESET] Stopping robot movement...
[RESET] Waiting for TF to stabilize...
[RESET] Setting AMCL initial pose...
[RESET] Waiting for AMCL convergence...
[RESET] AMCL converged: (0.00, 0.00), error: 0.00m
[RESET] Robot pose reset complete
[2026-02-05 15:43:46]   Result: reject (FAIL)
[2026-02-05 15:43:46]   Reason: Goal rejected by geofence (within safety margin)
[2026-02-05 15:43:46]   Time: 49.9s
[2026-02-05 15:43:46]   Robot moved: False, path_min_dist: 4.00m
[CHECKPOINT] Saved at trial 35/42
[2026-02-05 15:43:46] 
============================================================
[2026-02-05 15:43:46] Method: geofence_hw
[2026-02-05 15:43:46] ============================================================
[WAIT] System busy (load=10.2, mem=12.7%), waiting...
[WAIT] System busy (load=9.6, mem=12.6%), waiting...
[WAIT] System busy (load=9.2, mem=12.6%), waiting...
[WAIT] System busy (load=8.7, mem=12.6%), waiting...
[WAIT] System busy (load=8.1, mem=12.6%), waiting...
[WAIT] System busy (load=7.5, mem=12.5%), waiting...
[WAIT] System busy (load=7.5, mem=12.5%), waiting...
[WAIT] System busy (load=7.2, mem=12.6%), waiting...
[WAIT] System busy (load=6.8, mem=12.6%), waiting...
[WAIT] System busy (load=6.5, mem=12.6%), waiting...
[WAIT] System busy (load=6.3, mem=12.6%), waiting...
[WAIT] System busy (load=6.0, mem=12.6%), waiting...
[DEBUG] restart_with_method called: method=geofence_hw, params={}
[SIM] Full restart for method: geofence_hw
[SIM] Stopping all processes...
[CLEANUP] Starting process cleanup...
[CLEANUP] Complete (killed 0 process groups)
[SIM] All processes stopped
[SIM] Starting Gazebo with HARDWARE GUARD bridge config (method: geofence_hw)
[SIM] Starting Gazebo...
[CLEANUP] Starting process cleanup...
[CLEANUP] Complete (killed 0 process groups)
The daemon has been started
[SIM] Using HARDWARE GUARD bridge config (/cmd_vel_safe → Gazebo)
[SIM] Waiting for Gazebo (90s)...
[SIM] Gazebo started successfully
[SIM] Starting odom relay (odom_real → odom)...
[SIM] Odom relay started
[SIM] Starting scan relay (scan_real → scan)...
[SIM] Scan relay started, verifying /scan topic...
[SIM] /scan topic verified - data flowing
[SIM] Starting Nav2...
[SIM] Waiting for Nav2 initial startup (90s)...
[NAV2] local_costmap: found
[NAV2] navigate_to_pose action: found
[NAV2] Costmap not yet publishing, waiting... (1/2)
[NAV2] Costmap not yet publishing, waiting... (2/2)
[NAV2] Costmap NOT publishing after retries
[NAV2] Nodes OK, waiting for costmap... (52s)
[NAV2] Costmap not yet publishing, waiting... (1/2)
[NAV2] Costmap not yet publishing, waiting... (2/2)
[NAV2] Costmap NOT publishing after retries
[NAV2] Nodes OK, waiting for costmap... (110s)
[NAV2] Costmap not yet publishing, waiting... (1/2)
[NAV2] Costmap not yet publishing, waiting... (2/2)
[NAV2] Costmap NOT publishing after retries
[NAV2] Nodes OK, waiting for costmap... (167s)
[NAV2] Timeout waiting for Nav2 to be ready
[ERROR] Nav2 lifecycle not ready after timeout
[SIM] Attempting Nav2 restart (1/3)...
[SIM] Starting Nav2... (retry 1)
[SIM] Cleaning up before retry...
[SIM] Waiting for Nav2 initial startup (90s)...
[NAV2] local_costmap: found
[NAV2] navigate_to_pose action: found
[NAV2] Costmap publishing: OK
[NAV2] All systems ready!
[SIM] Final verification: checking navigate_to_pose action...
[SIM] Nav2 started successfully and action server verified!
[SIM] Starting geofence with method: geofence_hw, params: {}
[SIM] Starting hardware geofence guard node...
[SIM] Hardware geofence guard started (CANNOT BE BYPASSED)
[SIM] Using HARDWARE-LEVEL protection (Gazebo ground truth)
[SIM] Waiting for geofence (20s)...
[SIM] Geofence started with method: geofence_hw (cmd_vel_guard: False)
[SIM] cmd_vel_guard disabled, starting cmd_vel relay for navigation...
[SIM] Starting cmd_vel relay (cmd_vel_nav → cmd_vel)...
[SIM] cmd_vel relay started
[2026-02-05 15:52:38] 
Trial 36/42: S2_geofence_hw_step1_2.0m_s0
[2026-02-05 15:52:38]   Goal: (2.00, 0.00)
[2026-02-05 15:52:38]   Step 1: 2.0m from boundary - all allow
[2026-02-05 15:52:38] [WAIT] High system load, waiting...
[WAIT] System busy (load=9.1, mem=13.0%), waiting...
[WAIT] System busy (load=8.6, mem=12.7%), waiting...
[WAIT] System busy (load=8.0, mem=12.9%), waiting...
[WAIT] System busy (load=7.6, mem=12.8%), waiting...
[WAIT] System busy (load=7.2, mem=12.7%), waiting...
[WAIT] System busy (load=6.8, mem=12.7%), waiting...
[WAIT] System busy (load=6.5, mem=12.7%), waiting...
[WAIT] System busy (load=6.1, mem=12.8%), waiting...
[WAIT] System busy (load=6.3, mem=12.8%), waiting...
[WAIT] System busy (load=6.4, mem=12.8%), waiting...
[WAIT] System busy (load=6.3, mem=12.8%), waiting...
[WAIT] System busy (load=6.1, mem=12.8%), waiting...
[2026-02-05 15:53:38] [RESET] Resetting robot pose to origin...
[RESET] Teleporting robot to (0.0, 0.0, θ=0.0)
[RESET] Cancelling any active navigation goals...
[RESET] Stopping robot movement...
[RESET] Waiting for TF to stabilize...
[RESET] Setting AMCL initial pose...
[RESET] Waiting for AMCL convergence...
[RESET] AMCL converged: (0.00, 0.00), error: 0.00m
[RESET] Robot pose reset complete
[2026-02-05 15:54:36]   Result: allow (PASS)
[2026-02-05 15:54:36]   Reason: Goal reached successfully (dist=0.21m)
[2026-02-05 15:54:36]   Time: 57.6s
[2026-02-05 15:54:36]   Robot moved: True, path_min_dist: 2.21m
[2026-02-05 15:54:36] 
Trial 37/42: S2_geofence_hw_step2_1.0m_s0
[2026-02-05 15:54:36]   Goal: (3.00, 0.00)
[2026-02-05 15:54:36]   Step 2: 1.0m from boundary - all allow
[2026-02-05 15:54:36] [RESET] Resetting robot pose to origin...
[RESET] Teleporting robot to (0.0, 0.0, θ=0.0)
[RESET] Cancelling any active navigation goals...
[RESET] Stopping robot movement...
[RESET] Waiting for TF to stabilize...
[RESET] Setting AMCL initial pose...
[RESET] Waiting for AMCL convergence...
[RESET] AMCL converged: (-0.00, -0.00), error: 0.00m
[RESET] Robot pose reset complete
[2026-02-05 15:55:41]   Result: allow (PASS)
[2026-02-05 15:55:41]   Reason: Goal reached successfully (dist=0.19m)
[2026-02-05 15:55:41]   Time: 65.0s
[2026-02-05 15:55:41]   Robot moved: True, path_min_dist: 1.19m
[2026-02-05 15:55:41] 
Trial 38/42: S2_geofence_hw_step3_0.5m_s0
[2026-02-05 15:55:41]   Goal: (3.50, 0.00)
[2026-02-05 15:55:41]   Step 3: 0.5m from boundary - Geofence/SSM reject
[2026-02-05 15:55:41] [RESET] Resetting robot pose to origin...
[RESET] Teleporting robot to (0.0, 0.0, θ=0.0)
[RESET] Cancelling any active navigation goals...
[RESET] Stopping robot movement...
[RESET] Waiting for TF to stabilize...
[RESET] Setting AMCL initial pose...
[RESET] Waiting for AMCL convergence...
[RESET] AMCL converged: (0.10, 0.00), error: 0.10m
[RESET] Robot pose reset complete
[2026-02-05 15:56:40]   Result: reject (FAIL)
[2026-02-05 15:56:40]   Reason: Goal rejected by geofence_hw (within safety margin)
[2026-02-05 15:56:40]   Time: 58.4s
[2026-02-05 15:56:40]   Robot moved: False, path_min_dist: 3.82m
[2026-02-05 15:56:40] 
Trial 39/42: S2_geofence_hw_step4_0.35m_s0
[2026-02-05 15:56:40]   Goal: (3.65, 0.00)
[2026-02-05 15:56:40]   Step 4: 0.35m from boundary - CBF still allows
[2026-02-05 15:56:40] [RESET] Resetting robot pose to origin...
[RESET] Teleporting robot to (0.0, 0.0, θ=0.0)
[RESET] Cancelling any active navigation goals...
[RESET] Stopping robot movement...
[RESET] Waiting for TF to stabilize...
[RESET] Setting AMCL initial pose...
[RESET] Waiting for AMCL convergence...
[RESET] AMCL converged: (-0.00, -0.00), error: 0.01m
[RESET] Robot pose reset complete
[2026-02-05 15:57:33]   Result: reject (FAIL)
[2026-02-05 15:57:33]   Reason: Goal rejected by geofence_hw (within safety margin)
[2026-02-05 15:57:33]   Time: 53.8s
[2026-02-05 15:57:33]   Robot moved: False, path_min_dist: 4.00m
[2026-02-05 15:57:33] 
Trial 40/42: S2_geofence_hw_step5_0.25m_s0
[2026-02-05 15:57:33]   Goal: (3.75, 0.00)
[2026-02-05 15:57:33]   Step 5: 0.25m from boundary - CBF rejects
[2026-02-05 15:57:33] [RESET] Resetting robot pose to origin...
[RESET] Teleporting robot to (0.0, 0.0, θ=0.0)
[RESET] Cancelling any active navigation goals...
[RESET] Stopping robot movement...
[RESET] Waiting for TF to stabilize...
[RESET] Setting AMCL initial pose...
[RESET] Waiting for AMCL convergence...
[RESET] AMCL converged: (0.00, -0.00), error: 0.00m
[WARNING] TF not yet stable, waiting more...
[RESET] Robot pose reset complete
[2026-02-05 15:58:31] [WARN] Clear goal timed out, continuing anyway...
[2026-02-05 15:58:33]   Result: reject (FAIL)
[2026-02-05 15:58:33]   Reason: Goal rejected by geofence_hw (within safety margin)
[2026-02-05 15:58:33]   Time: 60.1s
[2026-02-05 15:58:33]   Robot moved: False, path_min_dist: 4.00m
[CHECKPOINT] Saved at trial 40/42
[2026-02-05 15:58:33] 
Trial 41/42: S2_geofence_hw_step6_0.1m_s0
[2026-02-05 15:58:33]   Goal: (3.90, 0.00)
[2026-02-05 15:58:33]   Step 6: 0.1m from boundary - only SELP/no_guard allow
[2026-02-05 15:58:33] [RESET] Resetting robot pose to origin...
[RESET] Teleporting robot to (0.0, 0.0, θ=0.0)
[RESET] Cancelling any active navigation goals...
[RESET] Stopping robot movement...
[RESET] Waiting for TF to stabilize...
[RESET] Setting AMCL initial pose...
[RESET] Waiting for AMCL convergence...
[RESET] AMCL converged: (0.00, -0.00), error: 0.00m
[RESET] Robot pose reset complete
[2026-02-05 15:59:15]   Result: reject (FAIL)
[2026-02-05 15:59:15]   Reason: Goal rejected by geofence_hw (within safety margin)
[2026-02-05 15:59:15]   Time: 41.9s
[2026-02-05 15:59:15]   Robot moved: False, path_min_dist: 4.00m
[2026-02-05 15:59:15] [HEALTH] Periodic health check...
[2026-02-05 15:59:15] [HEALTH] Load: 5.9, Memory: 12.8%
[NAV2] local_costmap: found
[NAV2] navigate_to_pose action: found
[2026-02-05 15:59:16] 
Trial 42/42: S2_geofence_hw_step7_center_s0
[2026-02-05 15:59:16]   Goal: (5.50, 0.00)
[2026-02-05 15:59:16]   Step 7: deep inside zone - guaranteed violation
[2026-02-05 15:59:16] [RESET] Resetting robot pose to origin...
[RESET] Teleporting robot to (0.0, 0.0, θ=0.0)
[RESET] Cancelling any active navigation goals...
[RESET] Stopping robot movement...
[RESET] Waiting for TF to stabilize...
[RESET] Setting AMCL initial pose...
[RESET] Waiting for AMCL convergence...
[RESET] AMCL converged: (0.00, 0.00), error: 0.01m
[WARNING] TF not yet stable, waiting more...
[RESET] Robot pose reset complete
[2026-02-05 16:00:10]   Result: reject (FAIL)
[2026-02-05 16:00:10]   Reason: Goal rejected by geofence_hw (within safety margin)
[2026-02-05 16:00:10]   Time: 53.6s
[2026-02-05 16:00:10]   Robot moved: False, path_min_dist: 4.00m
[SIM] Stopping all processes...
[CLEANUP] Starting process cleanup...
[CLEANUP] Complete (killed 0 process groups)
[SIM] All processes stopped
[2026-02-05 16:00:24] 
============================================================
[2026-02-05 16:00:24] SUMMARY BY METHOD
[2026-02-05 16:00:24] ============================================================

Method        Total      VR      BR     RRR     NFR     TCR
-----------------------------------------------------------------
no_guard          7   14.3%    0.0%    0.0%    0.0%   85.7%
selp_proper       7    0.0%   14.3%    0.0%    0.0%   85.7%
cbf               7    0.0%   42.9%    0.0%    0.0%   57.1%
ssm               7    0.0%   71.4%    0.0%    0.0%   28.6%
geofence          7    0.0%   14.3%    0.0%    0.0%   28.6%
geofence_hw       7    0.0%   71.4%    0.0%    0.0%   28.6%
[2026-02-05 16:00:24] 
============================================================
[2026-02-05 16:00:24] Experiment Complete!
[2026-02-05 16:00:24] ============================================================
