Generated 24 trials
Methods: ['no_guard', 'selp_proper', 'cbf', 'ssm', 'geofence', 'geofence_hw']
Scenarios: ['S3']
Seeds: 1
Include sweep: True
Runtime monitoring: False

Trials by scenario: {'S3': 24}
Trials by method: {'no_guard': 4, 'selp_proper': 4, 'cbf': 4, 'ssm': 4, 'geofence': 4, 'geofence_hw': 4}
[2026-02-06 22:58:27] ============================================================
[2026-02-06 22:58:27] Starting Gazebo S1-S6 Experiment
[2026-02-06 22:58:27] ============================================================
[CLEANUP] Starting process cleanup...
[CLEANUP] Complete (killed 0 process groups)
[2026-02-06 22:58:30] Resuming from trial 11/24
[2026-02-06 22:58:30] 
[SKIP] Method no_guard: all trials already completed
[2026-02-06 22:58:30] 
[SKIP] Method selp_proper: all trials already completed
[2026-02-06 22:58:30] 
============================================================
[2026-02-06 22:58:30] Method: cbf
[2026-02-06 22:58:30] ============================================================
[2026-02-06 22:58:30] [RUNTIME] Enabling runtime monitoring for cbf
[DEBUG] restart_with_method called: method=cbf, params={'enable_runtime_monitoring': True, 'runtime_monitoring_rate': 10.0}
[SIM] Full restart for method: cbf
[SIM] Stopping all processes...
[CLEANUP] Starting process cleanup...
[CLEANUP] Complete (killed 0 process groups)
[SIM] All processes stopped
[SIM] Starting Gazebo...
[CLEANUP] Starting process cleanup...
[CLEANUP] Complete (killed 0 process groups)
The daemon has been started
[SIM] Waiting for Gazebo (90s)...
[SIM] Gazebo started successfully
[SIM] Starting odom relay (odom_real → odom)...
[SIM] Odom relay started
[SIM] Starting scan relay (scan_real → scan)...
[SIM] Scan relay started, verifying /scan topic...
[SIM] /scan topic verified - data flowing
[SIM] Starting Nav2...
[SIM] Waiting for Nav2 initial startup (90s)...
[NAV2] local_costmap: found
[NAV2] navigate_to_pose action: found
[NAV2] /scan topic not publishing, attempting recovery...
[RECOVER] Checking scan relay...
[RECOVER] Restarting scan relay...
[SIM] Starting scan relay (scan_real → scan)...
[SIM] Scan relay started, verifying /scan topic...
[SIM] /scan topic verified - data flowing
[NAV2] Costmap publishing: OK
[NAV2] All systems ready!
[SIM] Final verification: checking navigate_to_pose action...
[SIM] Nav2 started successfully and action server verified!
[SIM] Starting geofence with method: cbf, params: {'enable_runtime_monitoring': True, 'runtime_monitoring_rate': 10.0}
[SIM] Passing enable_runtime_monitoring=True to geofence
[SIM] Waiting for geofence (20s)...
[SIM] Geofence started with method: cbf (cmd_vel_guard: False)
[SIM] cmd_vel_guard disabled, starting cmd_vel relay for navigation...
[SIM] Starting cmd_vel relay (cmd_vel_nav → cmd_vel)...
[SIM] cmd_vel relay started
[2026-02-06 23:02:00] 
Trial 12/24: S3_cbf_safe_bypass_s0
[2026-02-06 23:02:00]   Goal: (7.00, 2.00)
[2026-02-06 23:02:00]   Path bypasses zone (y=2.0 >> zone y_max=1.0)
[2026-02-06 23:02:00] [RESET] Resetting robot pose to origin...
[RESET] Teleporting robot to (0.0, 0.0, θ=0.0)
[RESET] Cancelling any active navigation goals...
[RESET] Stopping robot movement...
[RESET] Waiting for TF to stabilize...
[RESET] Setting AMCL initial pose...
[RESET] Waiting for AMCL convergence...
[RESET] AMCL converged: (0.00, 0.00), error: 0.00m
[RESET] Robot pose reset complete
[2026-02-06 23:04:25] [RETRY] Navigation failed, attempting Nav2 recovery and retry (attempt 1/2)...
[RECOVER] Attempting Nav2 recovery...
[SIM] Starting Nav2...
[SIM] Waiting for Nav2 initial startup (90s)...
[NAV2] local_costmap: found
[NAV2] navigate_to_pose action: found
[NAV2] Costmap publishing: OK
[NAV2] All systems ready!
[SIM] Final verification: checking navigate_to_pose action...
[SIM] Nav2 started successfully and action server verified!
[SIM] Starting geofence with method: cbf, params: {'enable_runtime_monitoring': True, 'runtime_monitoring_rate': 10.0}
[SIM] Passing enable_runtime_monitoring=True to geofence
[SIM] Waiting for geofence (20s)...
[SIM] Geofence started with method: cbf (cmd_vel_guard: False)
[SIM] cmd_vel_guard disabled, starting cmd_vel relay for navigation...
[SIM] Starting cmd_vel relay (cmd_vel_nav → cmd_vel)...
[SIM] cmd_vel relay started
[RECOVER] Nav2 recovery successful
[RESET] Teleporting robot to (0.0, 0.0, θ=0.0)
[RESET] Cancelling any active navigation goals...
[RESET] Stopping robot movement...
[RESET] Waiting for TF to stabilize...
[RESET] Setting AMCL initial pose...
[RESET] Waiting for AMCL convergence...
[RESET] AMCL converged: (0.00, 0.00), error: 0.00m
[WARNING] TF not yet stable, waiting more...
[RESET] Robot pose reset complete
[2026-02-06 23:07:55] [RESET] Resetting robot pose to origin...
[RESET] Teleporting robot to (0.0, 0.0, θ=0.0)
[RESET] Cancelling any active navigation goals...
[RESET] Stopping robot movement...
[RESET] Waiting for TF to stabilize...
[RESET] Setting AMCL initial pose...
[RESET] Waiting for AMCL convergence...
[RESET] AMCL converged: (-0.00, -0.00), error: 0.00m
[RESET] Robot pose reset complete
[2026-02-06 23:09:45] [VIOLATION] Robot entered forbidden zone(s): forbidden_zone (61 samples, 9.73s)
[2026-02-06 23:09:45] [VALID] nav_fail but violation detected - valid result for no_guard/selp
[2026-02-06 23:09:45] [RETRY] Attempt 1 still failed: nav_fail
[2026-02-06 23:09:45] [RETRY] Navigation failed, attempting Nav2 recovery and retry (attempt 2/2)...
[2026-02-06 23:09:45] [RETRY] Simple recovery failed, trying full restart...
[RECOVER] Attempting Nav2 recovery...
[RECOVER] Performing full simulation restart...
[SIM] Stopping all processes...
[CLEANUP] Starting process cleanup...
[CLEANUP] Resetting ROS2 daemon...
[CLEANUP] Complete (killed 0 process groups)
[SIM] All processes stopped
[SIM] Starting Gazebo...
[CLEANUP] Starting process cleanup...
[CLEANUP] Complete (killed 0 process groups)
The daemon has been started
[SIM] Waiting for Gazebo (90s)...
[SIM] Gazebo started successfully
[SIM] Starting odom relay (odom_real → odom)...
[SIM] Odom relay started
[SIM] Starting scan relay (scan_real → scan)...
[SIM] Scan relay started, verifying /scan topic...
[SIM] /scan topic verified - data flowing
[SIM] Starting Nav2...
[SIM] Waiting for Nav2 initial startup (90s)...
[NAV2] local_costmap: found
[NAV2] navigate_to_pose action: found
[NAV2] Costmap publishing: OK
[NAV2] All systems ready!
[SIM] Final verification: checking navigate_to_pose action...
[SIM] Nav2 started successfully and action server verified!
[SIM] Starting geofence with method: cbf, params: {'enable_runtime_monitoring': True, 'runtime_monitoring_rate': 10.0}
[SIM] Passing enable_runtime_monitoring=True to geofence
[SIM] Waiting for geofence (20s)...
[SIM] Geofence started with method: cbf (cmd_vel_guard: False)
[SIM] cmd_vel_guard disabled, starting cmd_vel relay for navigation...
[SIM] Starting cmd_vel relay (cmd_vel_nav → cmd_vel)...
[SIM] cmd_vel relay started
[RECOVER] Full simulation restart successful
[RESET] Teleporting robot to (0.0, 0.0, θ=0.0)
[RESET] Cancelling any active navigation goals...
[RESET] Stopping robot movement...
[RESET] Waiting for TF to stabilize...
[RESET] Setting AMCL initial pose...
[RESET] Waiting for AMCL convergence...
[RESET] AMCL converged: (0.00, 0.00), error: 0.00m
[WARNING] TF not yet stable, waiting more...
[RESET] Robot pose reset complete
[2026-02-06 23:13:47] [RESET] Resetting robot pose to origin...
[RESET] Teleporting robot to (0.0, 0.0, θ=0.0)
[RESET] Cancelling any active navigation goals...
[RESET] Stopping robot movement...
[RESET] Waiting for TF to stabilize...
[RESET] Setting AMCL initial pose...
[RESET] Waiting for AMCL convergence...
[RESET] AMCL converged: (-0.00, -0.00), error: 0.00m
[RESET] Robot pose reset complete
[2026-02-06 23:15:24] [VIOLATION] Robot entered forbidden zone(s): forbidden_zone (61 samples, 9.65s)
[2026-02-06 23:15:24] [VALID] nav_fail but violation detected - valid result for no_guard/selp
[2026-02-06 23:15:24] [RETRY] Attempt 2 still failed: nav_fail
[2026-02-06 23:15:24]   [INVALID RESULT] System error: nav_fail
[2026-02-06 23:15:24]   [RETRY 1/2] Recovering and retrying...
[RECOVER] Attempting Nav2 recovery...
[SIM] Starting Nav2...
[SIM] Waiting for Nav2 initial startup (90s)...
[NAV2] local_costmap: found
[NAV2] navigate_to_pose action: found
[NAV2] Costmap publishing: OK
