Generated 24 trials
Methods: ['no_guard', 'selp_proper', 'cbf', 'ssm', 'geofence', 'geofence_hw']
Scenarios: ['S3']
Seeds: 1
Include sweep: True
Runtime monitoring: False

Trials by scenario: {'S3': 24}
Trials by method: {'no_guard': 4, 'selp_proper': 4, 'cbf': 4, 'ssm': 4, 'geofence': 4, 'geofence_hw': 4}
[2026-02-06 18:04:08] ============================================================
[2026-02-06 18:04:08] Starting Gazebo S1-S6 Experiment
[2026-02-06 18:04:08] ============================================================
[CLEANUP] Starting process cleanup...
[CLEANUP] Complete (killed 0 process groups)
[2026-02-06 18:04:11] 
============================================================
[2026-02-06 18:04:11] Method: no_guard
[2026-02-06 18:04:11] ============================================================
[DEBUG] restart_with_method called: method=no_guard, params={}
[SIM] Full restart for method: no_guard
[SIM] Stopping all processes...
[CLEANUP] Starting process cleanup...
[CLEANUP] Complete (killed 0 process groups)
[SIM] All processes stopped
[SIM] Starting Gazebo...
[CLEANUP] Starting process cleanup...
[CLEANUP] Complete (killed 0 process groups)
The daemon has been started
[SIM] Waiting for Gazebo (90s)...
[SIM] Gazebo started successfully
[SIM] Starting odom relay (odom_real → odom)...
[SIM] Odom relay started
[SIM] Starting scan relay (scan_real → scan)...
[SIM] Scan relay started, verifying /scan topic...
[SIM] /scan topic verified - data flowing
[SIM] Starting Nav2...
[SIM] Waiting for Nav2 initial startup (90s)...
[NAV2] local_costmap: found
[NAV2] navigate_to_pose action: found
[NAV2] Costmap publishing: OK
[NAV2] All systems ready!
[SIM] Final verification: checking navigate_to_pose action...
[SIM] Nav2 started successfully and action server verified!
[SIM] Starting geofence with method: no_guard, params: {}
[SIM] Waiting for geofence (20s)...
[SIM] Geofence started with method: no_guard (cmd_vel_guard: False)
[SIM] cmd_vel_guard disabled, starting cmd_vel relay for navigation...
[SIM] Starting cmd_vel relay (cmd_vel_nav → cmd_vel)...
[SIM] cmd_vel relay started
[2026-02-06 18:07:19] 
Trial 1/24: S3_no_guard_before_zone_s0
[2026-02-06 18:07:19]   Goal: (3.00, 0.00)
[2026-02-06 18:07:19]   Goal before zone - safe path
[2026-02-06 18:07:19] [RESET] Resetting robot pose to origin...
[RESET] Teleporting robot to (0.0, 0.0, θ=0.0)
[RESET] Cancelling any active navigation goals...
[RESET] Stopping robot movement...
[RESET] Waiting for TF to stabilize...
[RESET] Setting AMCL initial pose...
[RESET] Waiting for AMCL convergence...
[RESET] AMCL converged: (0.00, 0.00), error: 0.00m
[WARNING] TF not yet stable, waiting more...
[RESET] Robot pose reset complete
[2026-02-06 18:08:29]   Result: allow (PASS)
[2026-02-06 18:08:29]   Reason: Goal reached successfully (dist=0.20m)
[2026-02-06 18:08:29]   Time: 69.7s
[2026-02-06 18:08:29]   Robot moved: True, path_min_dist: 1.17m
[2026-02-06 18:08:29] 
Trial 2/24: S3_no_guard_zone_center_s0
[2026-02-06 18:08:29]   Goal: (5.50, 0.00)
[2026-02-06 18:08:29]   Goal deep inside zone - guaranteed violation
[2026-02-06 18:08:29] [WAIT] High system load, waiting...
[WAIT] System busy (load=7.4, mem=11.8%), waiting...
[WAIT] System busy (load=6.9, mem=11.6%), waiting...
[WAIT] System busy (load=6.5, mem=11.7%), waiting...
[WAIT] System busy (load=6.2, mem=11.8%), waiting...
[2026-02-06 18:08:49] [RESET] Resetting robot pose to origin...
[RESET] Teleporting robot to (0.0, 0.0, θ=0.0)
[RESET] Cancelling any active navigation goals...
[RESET] Stopping robot movement...
[RESET] Waiting for TF to stabilize...
[RESET] Setting AMCL initial pose...
[RESET] Waiting for AMCL convergence...
[RESET] AMCL converged: (-0.00, -0.00), error: 0.00m
[WARNING] TF not yet stable, waiting more...
[RESET] Robot pose reset complete
[2026-02-06 18:10:10] [VIOLATION] Robot entered forbidden zone(s): forbidden_zone (44 samples, 7.26s)
[2026-02-06 18:10:10]   Result: allow (FAIL)
[2026-02-06 18:10:10]   Reason: Goal reached successfully (dist=0.07m)
[2026-02-06 18:10:10]   Time: 81.2s
[2026-02-06 18:10:10]   Robot moved: True, path_min_dist: 0.00m
[2026-02-06 18:10:10] 
Trial 3/24: S3_no_guard_graze_zone_edge_s0
[2026-02-06 18:10:10]   Goal: (7.00, 0.80)
[2026-02-06 18:10:10]   Path grazes zone edge (y=0.8, zone y_max=1.0)
[2026-02-06 18:10:10] [RESET] Resetting robot pose to origin...
[RESET] Teleporting robot to (0.0, 0.0, θ=0.0)
[RESET] Cancelling any active navigation goals...
[RESET] Stopping robot movement...
[RESET] Waiting for TF to stabilize...
[RESET] Setting AMCL initial pose...
[RESET] Waiting for AMCL convergence...
[RESET] AMCL converged: (0.31, 0.00), error: 0.31m
[RESET] Robot pose reset complete
[2026-02-06 18:11:13] [WARN] Clear goal timed out, continuing anyway...
[2026-02-06 18:11:52] [RETRY] Navigation failed, attempting Nav2 recovery and retry (attempt 1/2)...
[RECOVER] Attempting Nav2 recovery...
[SIM] Starting Nav2...
[SIM] Waiting for Nav2 initial startup (90s)...
[NAV2] local_costmap: found
[NAV2] navigate_to_pose action: found
[NAV2] Costmap publishing: OK
[NAV2] All systems ready!
[SIM] Final verification: checking navigate_to_pose action...
[SIM] Nav2 started successfully and action server verified!
[SIM] Starting geofence with method: no_guard, params: {}
[SIM] Waiting for geofence (20s)...
[SIM] Geofence started with method: no_guard (cmd_vel_guard: False)
[SIM] cmd_vel_guard disabled, starting cmd_vel relay for navigation...
[SIM] Starting cmd_vel relay (cmd_vel_nav → cmd_vel)...
[SIM] cmd_vel relay started
[RECOVER] Nav2 recovery successful
[RESET] Teleporting robot to (0.0, 0.0, θ=0.0)
[RESET] Cancelling any active navigation goals...
[RESET] Stopping robot movement...
[RESET] Waiting for TF to stabilize...
[RESET] Setting AMCL initial pose...
[RESET] Waiting for AMCL convergence...
[RESET] AMCL converged: (0.00, 0.00), error: 0.00m
[RESET] Robot pose reset complete
[2026-02-06 18:15:10] [RESET] Resetting robot pose to origin...
[RESET] Teleporting robot to (0.0, 0.0, θ=0.0)
[RESET] Cancelling any active navigation goals...
[RESET] Stopping robot movement...
[RESET] Waiting for TF to stabilize...
[RESET] Setting AMCL initial pose...
[RESET] Waiting for AMCL convergence...
[RESET] AMCL converged: (-0.00, -0.00), error: 0.00m
[WARNING] TF not yet stable, waiting more...
[RESET] Robot pose reset complete
[2026-02-06 18:16:31] [VIOLATION] Robot entered forbidden zone(s): forbidden_zone (59 samples, 9.46s)
[2026-02-06 18:16:31] [RETRY] Success! New decision: allow
[2026-02-06 18:16:31]   Result: allow (FAIL)
[2026-02-06 18:16:31]   Reason: Goal reached successfully (dist=0.44m)
[2026-02-06 18:16:31]   Time: 81.1s
[2026-02-06 18:16:31]   Robot moved: True, path_min_dist: 0.00m
[2026-02-06 18:16:31] 
Trial 4/24: S3_no_guard_safe_bypass_s0
[2026-02-06 18:16:31]   Goal: (7.00, 2.00)
[2026-02-06 18:16:31]   Path bypasses zone (y=2.0 > zone y_max=1.0)
[2026-02-06 18:16:31] [WAIT] High system load, waiting...
[WAIT] System busy (load=6.5, mem=11.9%), waiting...
[WAIT] System busy (load=6.9, mem=11.9%), waiting...
[WAIT] System busy (load=6.7, mem=11.8%), waiting...
[WAIT] System busy (load=6.4, mem=11.8%), waiting...
[WAIT] System busy (load=6.1, mem=11.8%), waiting...
[WAIT] System busy (load=6.1, mem=11.8%), waiting...
[WAIT] System busy (load=7.2, mem=11.8%), waiting...
[WAIT] System busy (load=7.1, mem=11.8%), waiting...
[WAIT] System busy (load=7.3, mem=11.9%), waiting...
[WAIT] System busy (load=6.8, mem=11.8%), waiting...
[WAIT] System busy (load=7.0, mem=11.9%), waiting...
[WAIT] System busy (load=7.0, mem=11.7%), waiting...
[WAIT] Timeout waiting for system (load=6.8, mem=11.7%)
[2026-02-06 18:17:31] [RESET] Resetting robot pose to origin...
[RESET] Teleporting robot to (0.0, 0.0, θ=0.0)
[RESET] Cancelling any active navigation goals...
[RESET] Stopping robot movement...
[RESET] Waiting for TF to stabilize...
[RESET] Setting AMCL initial pose...
[RESET] Waiting for AMCL convergence...
[RESET] AMCL converged: (0.00, 0.00), error: 0.00m
[RESET] Robot pose reset complete
[2026-02-06 18:19:33] [RETRY] Navigation failed, attempting Nav2 recovery and retry (attempt 1/2)...
[RECOVER] Attempting Nav2 recovery...
[SIM] Starting Nav2...
[SIM] Waiting for Nav2 initial startup (90s)...
[NAV2] local_costmap: found
[NAV2] navigate_to_pose action: found
[NAV2] Costmap publishing: OK
[NAV2] All systems ready!
[SIM] Final verification: checking navigate_to_pose action...
[SIM] Nav2 started successfully and action server verified!
[SIM] Starting geofence with method: no_guard, params: {}
[SIM] Waiting for geofence (20s)...
[SIM] Geofence started with method: no_guard (cmd_vel_guard: False)
[SIM] cmd_vel_guard disabled, starting cmd_vel relay for navigation...
[SIM] Starting cmd_vel relay (cmd_vel_nav → cmd_vel)...
[SIM] cmd_vel relay started
[RECOVER] Nav2 recovery successful
[RESET] Teleporting robot to (0.0, 0.0, θ=0.0)
[RESET] Cancelling any active navigation goals...
[RESET] Stopping robot movement...
[RESET] Waiting for TF to stabilize...
[RESET] Setting AMCL initial pose...
[RESET] Waiting for AMCL convergence...
[RESET] AMCL converged: (0.00, 0.00), error: 0.00m
[WARNING] TF not yet stable, waiting more...
[RESET] Robot pose reset complete
[2026-02-06 18:22:59] [RESET] Resetting robot pose to origin...
[RESET] Teleporting robot to (0.0, 0.0, θ=0.0)
[RESET] Cancelling any active navigation goals...
[RESET] Stopping robot movement...
[RESET] Waiting for TF to stabilize...
[RESET] Setting AMCL initial pose...
[RESET] Waiting for AMCL convergence...
[RESET] AMCL converged: (-0.00, -0.00), error: 0.00m
[WARNING] TF not yet stable, waiting more...
[RESET] Robot pose reset complete
[2026-02-06 18:24:19] [VIOLATION] Robot entered forbidden zone(s): forbidden_zone (58 samples, 9.83s)
[2026-02-06 18:24:19] [VALID] nav_fail but violation detected - valid result for no_guard/selp
[2026-02-06 18:24:19] [RETRY] Attempt 1 still failed: nav_fail
[2026-02-06 18:24:19] [RETRY] Navigation failed, attempting Nav2 recovery and retry (attempt 2/2)...
[2026-02-06 18:24:19] [RETRY] Simple recovery failed, trying full restart...
[RECOVER] Attempting Nav2 recovery...
[RECOVER] Performing full simulation restart...
[SIM] Stopping all processes...
[CLEANUP] Starting process cleanup...
[CLEANUP] Resetting ROS2 daemon...
[CLEANUP] Complete (killed 0 process groups)
[SIM] All processes stopped
[SIM] Starting Gazebo...
[CLEANUP] Starting process cleanup...
[CLEANUP] Complete (killed 0 process groups)
The daemon has been started
[SIM] Waiting for Gazebo (90s)...
[SIM] Gazebo started successfully
[SIM] Starting odom relay (odom_real → odom)...
[SIM] Odom relay started
[SIM] Starting scan relay (scan_real → scan)...
[SIM] Scan relay started, verifying /scan topic...
[SIM] /scan topic verified - data flowing
[SIM] Starting Nav2...
[SIM] Waiting for Nav2 initial startup (90s)...
[NAV2] local_costmap: found
[NAV2] navigate_to_pose action: found
[NAV2] /scan topic not publishing, attempting recovery...
[RECOVER] Checking scan relay...
[RECOVER] Restarting scan relay...
[SIM] Starting scan relay (scan_real → scan)...
[SIM] Scan relay started, verifying /scan topic...
[SIM] /scan topic verified - data flowing
[NAV2] Costmap publishing: OK
[NAV2] All systems ready!
[SIM] Final verification: checking navigate_to_pose action...
[SIM] Nav2 started successfully and action server verified!
[SIM] Starting geofence with method: no_guard, params: {}
[SIM] Waiting for geofence (20s)...
[SIM] Geofence started with method: no_guard (cmd_vel_guard: False)
[SIM] cmd_vel_guard disabled, starting cmd_vel relay for navigation...
[SIM] Starting cmd_vel relay (cmd_vel_nav → cmd_vel)...
[SIM] cmd_vel relay started
[RECOVER] Full simulation restart successful
[RESET] Teleporting robot to (0.0, 0.0, θ=0.0)
[RESET] Cancelling any active navigation goals...
[RESET] Stopping robot movement...
[RESET] Waiting for TF to stabilize...
[RESET] Setting AMCL initial pose...
[RESET] Waiting for AMCL convergence...
[RESET] AMCL converged: (0.00, 0.00), error: 0.00m
[RESET] Robot pose reset complete
[2026-02-06 18:28:32] [RESET] Resetting robot pose to origin...
[RESET] Teleporting robot to (0.0, 0.0, θ=0.0)
[RESET] Cancelling any active navigation goals...
[RESET] Stopping robot movement...
[RESET] Waiting for TF to stabilize...
[RESET] Setting AMCL initial pose...
[RESET] Waiting for AMCL convergence...
[RESET] AMCL converged: (-0.00, -0.00), error: 0.00m
[RESET] Robot pose reset complete
[2026-02-06 18:30:31] [VIOLATION] Robot entered forbidden zone(s): forbidden_zone (263 samples, 42.10s)
[2026-02-06 18:30:31] [VALID] nav_fail but violation detected - valid result for no_guard/selp
[2026-02-06 18:30:31] [RETRY] Attempt 2 still failed: nav_fail
[2026-02-06 18:30:31]   [INVALID RESULT] System error: nav_fail
[2026-02-06 18:30:31]   [RETRY 1/2] Recovering and retrying...
[RECOVER] Attempting Nav2 recovery...
[SIM] Starting Nav2...
[SIM] Waiting for Nav2 initial startup (90s)...
[NAV2] local_costmap: found
[NAV2] navigate_to_pose action: found
[NAV2] Costmap publishing: OK
[NAV2] All systems ready!
[SIM] Final verification: checking navigate_to_pose action...
[SIM] Nav2 started successfully and action server verified!
[SIM] Starting geofence with method: no_guard, params: {}
[SIM] Waiting for geofence (20s)...
[SIM] Geofence started with method: no_guard (cmd_vel_guard: False)
[SIM] cmd_vel_guard disabled, starting cmd_vel relay for navigation...
[SIM] Starting cmd_vel relay (cmd_vel_nav → cmd_vel)...
[SIM] cmd_vel relay started
[RECOVER] Nav2 recovery successful
[2026-02-06 18:33:08] [RESET] Resetting robot pose to origin...
[RESET] Teleporting robot to (0.0, 0.0, θ=0.0)
[RESET] Cancelling any active navigation goals...
[RESET] Stopping robot movement...
[RESET] Waiting for TF to stabilize...
[RESET] Setting AMCL initial pose...
[RESET] Waiting for AMCL convergence...
[RESET] AMCL converged: (0.00, 0.00), error: 0.00m
[RESET] Robot pose reset complete
[2026-02-06 18:35:14] [RETRY] Navigation failed, attempting Nav2 recovery and retry (attempt 1/2)...
[RECOVER] Attempting Nav2 recovery...
[SIM] Starting Nav2...
[SIM] Waiting for Nav2 initial startup (90s)...
[NAV2] local_costmap: found
[NAV2] navigate_to_pose action: found
[NAV2] Costmap not yet publishing, waiting... (1/2)
[NAV2] Costmap not yet publishing, waiting... (2/2)
[NAV2] Costmap NOT publishing after retries
[NAV2] Nodes OK, waiting for costmap... (53s)
[NAV2] Costmap not yet publishing, waiting... (1/2)
[NAV2] Costmap not yet publishing, waiting... (2/2)
[NAV2] Costmap NOT publishing after retries
[NAV2] Nodes OK, waiting for costmap... (114s)
[NAV2] Costmap not yet publishing, waiting... (1/2)
[NAV2] Costmap not yet publishing, waiting... (2/2)
[NAV2] Costmap NOT publishing after retries
[NAV2] Nodes OK, waiting for costmap... (172s)
[NAV2] Timeout waiting for Nav2 to be ready
[ERROR] Nav2 lifecycle not ready after timeout
[SIM] Attempting Nav2 restart (1/3)...
[SIM] Starting Nav2... (retry 1)
[SIM] Cleaning up before retry...
[SIM] Waiting for Nav2 initial startup (90s)...
[NAV2] local_costmap: found
[NAV2] navigate_to_pose action: found
