Generated 24 trials
Methods: ['no_guard', 'selp_proper', 'cbf', 'ssm', 'geofence', 'geofence_hw']
Scenarios: ['S3']
Seeds: 1
Include sweep: True
Runtime monitoring: False

Trials by scenario: {'S3': 24}
Trials by method: {'no_guard': 4, 'selp_proper': 4, 'cbf': 4, 'ssm': 4, 'geofence': 4, 'geofence_hw': 4}
[2026-02-06 19:22:26] ============================================================
[2026-02-06 19:22:26] Starting Gazebo S1-S6 Experiment
[2026-02-06 19:22:26] ============================================================
[CLEANUP] Starting process cleanup...
[CLEANUP] Complete (killed 0 process groups)
[2026-02-06 19:22:30] 
============================================================
[2026-02-06 19:22:30] Method: no_guard
[2026-02-06 19:22:30] ============================================================
[DEBUG] restart_with_method called: method=no_guard, params={}
[SIM] Full restart for method: no_guard
[SIM] Stopping all processes...
[CLEANUP] Starting process cleanup...
[CLEANUP] Complete (killed 0 process groups)
[SIM] All processes stopped
[SIM] Starting Gazebo...
[CLEANUP] Starting process cleanup...
[CLEANUP] Complete (killed 0 process groups)
The daemon has been started
[SIM] Waiting for Gazebo (90s)...
[SIM] Gazebo started successfully
[SIM] Starting odom relay (odom_real → odom)...
[SIM] Odom relay started
[SIM] Starting scan relay (scan_real → scan)...
[SIM] Scan relay started, verifying /scan topic...
[SIM] /scan topic verified - data flowing
[SIM] Starting Nav2...
[SIM] Waiting for Nav2 initial startup (90s)...
[NAV2] local_costmap: found
[NAV2] navigate_to_pose action: found
[NAV2] Costmap publishing: OK
[NAV2] All systems ready!
[SIM] Final verification: checking navigate_to_pose action...
[SIM] Nav2 started successfully and action server verified!
[SIM] Starting geofence with method: no_guard, params: {}
[SIM] Waiting for geofence (20s)...
[SIM] Geofence started with method: no_guard (cmd_vel_guard: False)
[SIM] cmd_vel_guard disabled, starting cmd_vel relay for navigation...
[SIM] Starting cmd_vel relay (cmd_vel_nav → cmd_vel)...
[SIM] cmd_vel relay started
[2026-02-06 19:25:34] 
Trial 1/24: S3_no_guard_before_zone_s0
[2026-02-06 19:25:34]   Goal: (3.00, 0.00)
[2026-02-06 19:25:34]   Goal before zone - safe path
[2026-02-06 19:25:34] [RESET] Resetting robot pose to origin...
[RESET] Teleporting robot to (0.0, 0.0, θ=0.0)
[RESET] Cancelling any active navigation goals...
[RESET] Stopping robot movement...
[RESET] Waiting for TF to stabilize...
[RESET] Setting AMCL initial pose...
[RESET] Waiting for AMCL convergence...
[RESET] AMCL converged: (0.00, 0.00), error: 0.00m
[WARNING] TF not yet stable, waiting more...
[RESET] Robot pose reset complete
[2026-02-06 19:26:40]   Result: allow (PASS)
[2026-02-06 19:26:40]   Reason: Goal reached successfully (dist=0.17m)
[2026-02-06 19:26:40]   Time: 65.7s
[2026-02-06 19:26:40]   Robot moved: True, path_min_dist: 1.17m
[2026-02-06 19:26:40] 
Trial 2/24: S3_no_guard_zone_center_s0
[2026-02-06 19:26:40]   Goal: (5.50, 0.00)
[2026-02-06 19:26:40]   Goal deep inside zone - guaranteed violation
[2026-02-06 19:26:40] [RESET] Resetting robot pose to origin...
[RESET] Teleporting robot to (0.0, 0.0, θ=0.0)
[RESET] Cancelling any active navigation goals...
[RESET] Stopping robot movement...
[RESET] Waiting for TF to stabilize...
[RESET] Setting AMCL initial pose...
[RESET] Waiting for AMCL convergence...
[RESET] AMCL converged: (-0.00, -0.00), error: 0.00m
[RESET] Robot pose reset complete
[2026-02-06 19:27:57] [VIOLATION] Robot entered forbidden zone(s): forbidden_zone (46 samples, 7.36s)
[2026-02-06 19:27:57]   Result: allow (FAIL)
[2026-02-06 19:27:57]   Reason: Goal reached successfully (dist=0.11m)
[2026-02-06 19:27:57]   Time: 77.6s
[2026-02-06 19:27:57]   Robot moved: True, path_min_dist: 0.00m
[2026-02-06 19:27:57] 
Trial 3/24: S3_no_guard_graze_zone_edge_s0
[2026-02-06 19:27:57]   Goal: (7.00, 0.80)
[2026-02-06 19:27:57]   Path grazes zone edge (y=0.8, zone y_max=1.0)
[2026-02-06 19:27:57] [RESET] Resetting robot pose to origin...
[RESET] Teleporting robot to (0.0, 0.0, θ=0.0)
[RESET] Cancelling any active navigation goals...
[RESET] Stopping robot movement...
[RESET] Waiting for TF to stabilize...
[RESET] Setting AMCL initial pose...
[RESET] Waiting for AMCL convergence...
[RESET] AMCL converged: (0.00, 0.00), error: 0.00m
[WARNING] TF not yet stable, waiting more...
[RESET] Robot pose reset complete
[2026-02-06 19:29:24] [VIOLATION] Robot entered forbidden zone(s): forbidden_zone (61 samples, 9.71s)
[2026-02-06 19:29:24]   Result: allow (FAIL)
[2026-02-06 19:29:24]   Reason: Goal reached successfully (dist=0.34m)
[2026-02-06 19:29:24]   Time: 87.1s
[2026-02-06 19:29:24]   Robot moved: True, path_min_dist: 0.00m
[2026-02-06 19:29:24] 
Trial 4/24: S3_no_guard_safe_bypass_s0
[2026-02-06 19:29:24]   Goal: (7.00, 2.00)
[2026-02-06 19:29:24]   Path bypasses zone (y=2.0 > zone y_max=1.0)
[2026-02-06 19:29:24] [WAIT] High system load, waiting...
[WAIT] System busy (load=6.6, mem=12.0%), waiting...
[WAIT] System busy (load=6.1, mem=11.9%), waiting...
[WAIT] System busy (load=6.3, mem=11.9%), waiting...
[WAIT] System busy (load=6.2, mem=12.0%), waiting...
[2026-02-06 19:29:44] [RESET] Resetting robot pose to origin...
[RESET] Teleporting robot to (0.0, 0.0, θ=0.0)
[RESET] Cancelling any active navigation goals...
[RESET] Stopping robot movement...
[RESET] Waiting for TF to stabilize...
[RESET] Setting AMCL initial pose...
[RESET] Waiting for AMCL convergence...
[RESET] AMCL not converged yet: (0.45, 0.36), error: 0.58m
[RESET] AMCL not converged yet: (0.43, 0.64), error: 0.77m
[RESET] AMCL not converged yet: (-0.24, -0.45), error: 0.51m
[RESET] AMCL not converged yet: (-0.25, -0.48), error: 0.54m
[RESET] AMCL not converged yet: (-0.25, -0.48), error: 0.54m
[RESET] AMCL not converged yet: (-0.25, -0.48), error: 0.54m
[RESET] AMCL not converged yet: (-0.25, -0.48), error: 0.54m
[RESET] AMCL not converged yet: (-0.25, -0.48), error: 0.54m
[RESET] AMCL not converged yet: (-0.25, -0.48), error: 0.54m
[RESET] AMCL not converged yet: (-0.25, -0.56), error: 0.61m
[RESET] AMCL not converged yet: (-0.23, -0.67), error: 0.71m
[RESET] AMCL not converged yet: (-0.22, -0.77), error: 0.80m
[WARNING] AMCL may not have converged properly - forcing one more reset
[WARNING] TF not yet stable, waiting more...
[RESET] Robot pose reset complete
[2026-02-06 19:31:26] [WARN] Clear goal timed out, continuing anyway...
[2026-02-06 19:32:20] [RETRY] Navigation failed, attempting Nav2 recovery and retry (attempt 1/2)...
[RECOVER] Attempting Nav2 recovery...
[SIM] Starting Nav2...
[SIM] Waiting for Nav2 initial startup (90s)...
[NAV2] local_costmap: found
[NAV2] navigate_to_pose action: found
[NAV2] Costmap publishing: OK
[NAV2] All systems ready!
[SIM] Final verification: checking navigate_to_pose action...
[SIM] Nav2 started successfully and action server verified!
[SIM] Starting geofence with method: no_guard, params: {}
[SIM] Waiting for geofence (20s)...
[SIM] Geofence started with method: no_guard (cmd_vel_guard: False)
[SIM] cmd_vel_guard disabled, starting cmd_vel relay for navigation...
[SIM] Starting cmd_vel relay (cmd_vel_nav → cmd_vel)...
[SIM] cmd_vel relay started
[RECOVER] Nav2 recovery successful
[RESET] Teleporting robot to (0.0, 0.0, θ=0.0)
[RESET] Cancelling any active navigation goals...
[RESET] Stopping robot movement...
[RESET] Waiting for TF to stabilize...
[RESET] Setting AMCL initial pose...
[RESET] Waiting for AMCL convergence...
[RESET] AMCL converged: (0.00, 0.00), error: 0.00m
[RESET] Robot pose reset complete
[2026-02-06 19:35:53] [RESET] Resetting robot pose to origin...
[RESET] Teleporting robot to (0.0, 0.0, θ=0.0)
[RESET] Cancelling any active navigation goals...
[RESET] Stopping robot movement...
[RESET] Waiting for TF to stabilize...
[RESET] Setting AMCL initial pose...
[RESET] Waiting for AMCL convergence...
[RESET] AMCL converged: (-0.00, -0.00), error: 0.00m
[RESET] Robot pose reset complete
[2026-02-06 19:38:09] [VIOLATION] Robot entered forbidden zone(s): forbidden_zone (268 samples, 42.61s)
[2026-02-06 19:38:09] [VALID] nav_fail but violation detected - valid result for no_guard/selp
[2026-02-06 19:38:09] [RETRY] Attempt 1 still failed: nav_fail
[2026-02-06 19:38:09] [RETRY] Navigation failed, attempting Nav2 recovery and retry (attempt 2/2)...
[2026-02-06 19:38:09] [RETRY] Simple recovery failed, trying full restart...
[RECOVER] Attempting Nav2 recovery...
[RECOVER] Performing full simulation restart...
[SIM] Stopping all processes...
[CLEANUP] Starting process cleanup...
[CLEANUP] Resetting ROS2 daemon...
[CLEANUP] Complete (killed 0 process groups)
[SIM] All processes stopped
[SIM] Starting Gazebo...
[CLEANUP] Starting process cleanup...
[CLEANUP] Complete (killed 0 process groups)
The daemon has been started
[SIM] Waiting for Gazebo (90s)...
[SIM] Gazebo started successfully
[SIM] Starting odom relay (odom_real → odom)...
[SIM] Odom relay started
[SIM] Starting scan relay (scan_real → scan)...
[SIM] Scan relay started, verifying /scan topic...
[SIM] /scan topic verified - data flowing
[SIM] Starting Nav2...
[SIM] Waiting for Nav2 initial startup (90s)...
[NAV2] local_costmap: found
[NAV2] navigate_to_pose action: found
[NAV2] Costmap publishing: OK
[NAV2] All systems ready!
[SIM] Final verification: checking navigate_to_pose action...
[SIM] Nav2 started successfully and action server verified!
[SIM] Starting geofence with method: no_guard, params: {}
[SIM] Waiting for geofence (20s)...
[SIM] Geofence started with method: no_guard (cmd_vel_guard: False)
[SIM] cmd_vel_guard disabled, starting cmd_vel relay for navigation...
[SIM] Starting cmd_vel relay (cmd_vel_nav → cmd_vel)...
[SIM] cmd_vel relay started
[RECOVER] Full simulation restart successful
[RESET] Teleporting robot to (0.0, 0.0, θ=0.0)
[RESET] Cancelling any active navigation goals...
[RESET] Stopping robot movement...
[RESET] Waiting for TF to stabilize...
[RESET] Setting AMCL initial pose...
[RESET] Waiting for AMCL convergence...
[RESET] AMCL converged: (0.00, 0.00), error: 0.00m
[RESET] Robot pose reset complete
[2026-02-06 19:42:15] [RESET] Resetting robot pose to origin...
[RESET] Teleporting robot to (0.0, 0.0, θ=0.0)
[RESET] Cancelling any active navigation goals...
[RESET] Stopping robot movement...
[RESET] Waiting for TF to stabilize...
[RESET] Setting AMCL initial pose...
[RESET] Waiting for AMCL convergence...
[RESET] AMCL converged: (-0.00, -0.00), error: 0.00m
[RESET] Robot pose reset complete
[2026-02-06 19:43:52] [VIOLATION] Robot entered forbidden zone(s): forbidden_zone (60 samples, 9.58s)
[2026-02-06 19:43:52] [VALID] nav_fail but violation detected - valid result for no_guard/selp
[2026-02-06 19:43:52] [RETRY] Attempt 2 still failed: nav_fail
[2026-02-06 19:43:52]   [INVALID RESULT] System error: nav_fail
[2026-02-06 19:43:52]   [RETRY 1/2] Recovering and retrying...
[RECOVER] Attempting Nav2 recovery...
[SIM] Starting Nav2...
[SIM] Waiting for Nav2 initial startup (90s)...
[NAV2] local_costmap: found
[NAV2] navigate_to_pose action: found
[NAV2] Costmap publishing: OK
[NAV2] All systems ready!
[SIM] Final verification: checking navigate_to_pose action...
[SIM] Nav2 started successfully and action server verified!
[SIM] Starting geofence with method: no_guard, params: {}
[SIM] Waiting for geofence (20s)...
[SIM] Geofence started with method: no_guard (cmd_vel_guard: False)
[SIM] cmd_vel_guard disabled, starting cmd_vel relay for navigation...
[SIM] Starting cmd_vel relay (cmd_vel_nav → cmd_vel)...
[SIM] cmd_vel relay started
[RECOVER] Nav2 recovery successful
[2026-02-06 19:46:30] [RESET] Resetting robot pose to origin...
[RESET] Teleporting robot to (0.0, 0.0, θ=0.0)
[RESET] Cancelling any active navigation goals...
[RESET] Stopping robot movement...
[RESET] Waiting for TF to stabilize...
[RESET] Setting AMCL initial pose...
[RESET] Waiting for AMCL convergence...
[RESET] AMCL converged: (0.00, 0.00), error: 0.00m
[RESET] Robot pose reset complete
[2026-02-06 19:48:30] [RETRY] Navigation failed, attempting Nav2 recovery and retry (attempt 1/2)...
[RECOVER] Attempting Nav2 recovery...
[SIM] Starting Nav2...
[SIM] Waiting for Nav2 initial startup (90s)...
[NAV2] local_costmap: found
[NAV2] navigate_to_pose action: found
[NAV2] Costmap not yet publishing, waiting... (1/2)
