Generated 24 trials
Methods: ['no_guard', 'selp_proper', 'cbf', 'ssm', 'geofence', 'geofence_hw']
Scenarios: ['S3']
Seeds: 1
Include sweep: True
Runtime monitoring: False

Trials by scenario: {'S3': 24}
Trials by method: {'no_guard': 4, 'selp_proper': 4, 'cbf': 4, 'ssm': 4, 'geofence': 4, 'geofence_hw': 4}
[2026-02-06 18:42:33] ============================================================
[2026-02-06 18:42:33] Starting Gazebo S1-S6 Experiment
[2026-02-06 18:42:33] ============================================================
[CLEANUP] Starting process cleanup...
[CLEANUP] Complete (killed 0 process groups)
[2026-02-06 18:42:36] 
============================================================
[2026-02-06 18:42:36] Method: no_guard
[2026-02-06 18:42:36] ============================================================
[DEBUG] restart_with_method called: method=no_guard, params={}
[SIM] Full restart for method: no_guard
[SIM] Stopping all processes...
[CLEANUP] Starting process cleanup...
[CLEANUP] Complete (killed 0 process groups)
[SIM] All processes stopped
[SIM] Starting Gazebo...
[CLEANUP] Starting process cleanup...
[CLEANUP] Complete (killed 0 process groups)
The daemon has been started
[SIM] Waiting for Gazebo (90s)...
[SIM] Gazebo started successfully
[SIM] Starting odom relay (odom_real → odom)...
[SIM] Odom relay started
[SIM] Starting scan relay (scan_real → scan)...
[SIM] Scan relay started, verifying /scan topic...
[SIM] /scan topic verified - data flowing
[SIM] Starting Nav2...
[SIM] Waiting for Nav2 initial startup (90s)...
[NAV2] local_costmap: found
[NAV2] navigate_to_pose action: found
[NAV2] /scan topic not publishing, attempting recovery...
[RECOVER] Checking scan relay...
[RECOVER] Restarting scan relay...
[SIM] Starting scan relay (scan_real → scan)...
[SIM] Scan relay started, verifying /scan topic...
[SIM] /scan topic verified - data flowing
[NAV2] Costmap publishing: OK
[NAV2] All systems ready!
[SIM] Final verification: checking navigate_to_pose action...
[SIM] Nav2 started successfully and action server verified!
[SIM] Starting geofence with method: no_guard, params: {}
[SIM] Waiting for geofence (20s)...
[SIM] Geofence started with method: no_guard (cmd_vel_guard: False)
[SIM] cmd_vel_guard disabled, starting cmd_vel relay for navigation...
[SIM] Starting cmd_vel relay (cmd_vel_nav → cmd_vel)...
[SIM] cmd_vel relay started
[2026-02-06 18:46:02] 
Trial 1/24: S3_no_guard_before_zone_s0
[2026-02-06 18:46:02]   Goal: (3.00, 0.00)
[2026-02-06 18:46:02]   Goal before zone - safe path
[2026-02-06 18:46:02] [RESET] Resetting robot pose to origin...
[RESET] Teleporting robot to (0.0, 0.0, θ=0.0)
[RESET] Cancelling any active navigation goals...
[RESET] Stopping robot movement...
[RESET] Waiting for TF to stabilize...
[RESET] Setting AMCL initial pose...
[RESET] Waiting for AMCL convergence...
[RESET] AMCL converged: (0.00, 0.00), error: 0.00m
[WARNING] TF not yet stable, waiting more...
[RESET] Robot pose reset complete
[2026-02-06 18:46:50]   Result: allow (PASS)
[2026-02-06 18:46:50]   Reason: Goal reached successfully (dist=0.17m)
[2026-02-06 18:46:50]   Time: 48.1s
[2026-02-06 18:46:50]   Robot moved: True, path_min_dist: 1.19m
[2026-02-06 18:46:50] 
Trial 2/24: S3_no_guard_zone_center_s0
[2026-02-06 18:46:50]   Goal: (5.50, 0.00)
[2026-02-06 18:46:50]   Goal deep inside zone - guaranteed violation
[2026-02-06 18:46:50] [RESET] Resetting robot pose to origin...
[RESET] Teleporting robot to (0.0, 0.0, θ=0.0)
[RESET] Cancelling any active navigation goals...
[RESET] Stopping robot movement...
[RESET] Waiting for TF to stabilize...
[RESET] Setting AMCL initial pose...
[RESET] Waiting for AMCL convergence...
[RESET] AMCL not converged yet: (0.78, -0.00), error: 0.78m
[RESET] AMCL not converged yet: (1.11, -0.02), error: 1.11m
[RESET] Re-sending initialpose...
[RESET] AMCL converged: (0.33, 0.00), error: 0.33m
[RESET] Robot pose reset complete
[2026-02-06 18:47:59] [WARN] Clear goal timed out, continuing anyway...
[2026-02-06 18:48:01] [RETRY] Navigation failed, attempting Nav2 recovery and retry (attempt 1/2)...
[RECOVER] Attempting Nav2 recovery...
[SIM] Starting Nav2...
[SIM] Waiting for Nav2 initial startup (90s)...
[NAV2] local_costmap: found
[NAV2] navigate_to_pose action: found
[NAV2] Costmap not yet publishing, waiting... (1/2)
[NAV2] Costmap not yet publishing, waiting... (2/2)
[NAV2] Costmap NOT publishing after retries
[NAV2] Nodes OK, waiting for costmap... (55s)
[NAV2] Costmap not yet publishing, waiting... (1/2)
[NAV2] Costmap not yet publishing, waiting... (2/2)
[NAV2] Costmap NOT publishing after retries
[NAV2] Nodes OK, waiting for costmap... (114s)
[NAV2] Costmap not yet publishing, waiting... (1/2)
[NAV2] Costmap not yet publishing, waiting... (2/2)
[NAV2] Costmap NOT publishing after retries
[NAV2] Nodes OK, waiting for costmap... (174s)
[NAV2] Costmap failed 3 times, forcing scan relay restart...
[RECOVER] Checking scan relay...
[RECOVER] Restarting scan relay...
[SIM] Starting scan relay (scan_real → scan)...
[SIM] Scan relay started, verifying /scan topic...
[SIM] /scan topic verified - data flowing
[NAV2] Scan relay restarted, waiting for costmap to recover...
[NAV2] Timeout waiting for Nav2 to be ready
[ERROR] Nav2 lifecycle not ready after timeout
[SIM] Attempting Nav2 restart (1/3)...
[SIM] Starting Nav2... (retry 1)
[SIM] Cleaning up before retry...
[SIM] Waiting for Nav2 initial startup (90s)...
[NAV2] local_costmap: found
[NAV2] navigate_to_pose action: found
[NAV2] Costmap publishing: OK
[NAV2] All systems ready!
[SIM] Final verification: checking navigate_to_pose action...
[SIM] Nav2 started successfully and action server verified!
[SIM] Starting geofence with method: no_guard, params: {}
[SIM] Waiting for geofence (20s)...
[SIM] Geofence started with method: no_guard (cmd_vel_guard: False)
[SIM] cmd_vel_guard disabled, starting cmd_vel relay for navigation...
[SIM] Starting cmd_vel relay (cmd_vel_nav → cmd_vel)...
[SIM] cmd_vel relay started
[RECOVER] Nav2 recovery successful
[RESET] Teleporting robot to (0.0, 0.0, θ=0.0)
[RESET] Cancelling any active navigation goals...
[RESET] Stopping robot movement...
[RESET] Waiting for TF to stabilize...
[RESET] Setting AMCL initial pose...
[RESET] Waiting for AMCL convergence...
[RESET] AMCL converged: (0.00, 0.00), error: 0.00m
[RESET] Robot pose reset complete
[2026-02-06 18:56:19] [RESET] Resetting robot pose to origin...
[RESET] Teleporting robot to (0.0, 0.0, θ=0.0)
[RESET] Cancelling any active navigation goals...
[RESET] Stopping robot movement...
[RESET] Waiting for TF to stabilize...
[RESET] Setting AMCL initial pose...
[RESET] Waiting for AMCL convergence...
[RESET] AMCL converged: (-0.00, -0.00), error: 0.00m
[WARNING] TF not yet stable, waiting more...
[RESET] Robot pose reset complete
[2026-02-06 18:57:30] [VIOLATION] Robot entered forbidden zone(s): forbidden_zone (44 samples, 7.09s)
[2026-02-06 18:57:30] [RETRY] Success! New decision: allow
[2026-02-06 18:57:30]   Result: allow (FAIL)
[2026-02-06 18:57:30]   Reason: Goal reached successfully (dist=0.08m)
[2026-02-06 18:57:30]   Time: 71.0s
[2026-02-06 18:57:30]   Robot moved: True, path_min_dist: 0.00m
[2026-02-06 18:57:30] 
Trial 3/24: S3_no_guard_graze_zone_edge_s0
[2026-02-06 18:57:30]   Goal: (7.00, 0.80)
[2026-02-06 18:57:30]   Path grazes zone edge (y=0.8, zone y_max=1.0)
[2026-02-06 18:57:30] [RESET] Resetting robot pose to origin...
[RESET] Teleporting robot to (0.0, 0.0, θ=0.0)
[RESET] Cancelling any active navigation goals...
[RESET] Stopping robot movement...
[RESET] Waiting for TF to stabilize...
[RESET] Setting AMCL initial pose...
[RESET] Waiting for AMCL convergence...
[RESET] AMCL converged: (0.00, 0.00), error: 0.00m
[WARNING] TF not yet stable, waiting more...
[RESET] Robot pose reset complete
[2026-02-06 18:59:04] [VIOLATION] Robot entered forbidden zone(s): forbidden_zone (61 samples, 9.65s)
[2026-02-06 18:59:04]   Result: allow (FAIL)
[2026-02-06 18:59:04]   Reason: Goal reached successfully (dist=0.36m)
[2026-02-06 18:59:04]   Time: 93.9s
[2026-02-06 18:59:04]   Robot moved: True, path_min_dist: 0.00m
[2026-02-06 18:59:04] 
Trial 4/24: S3_no_guard_safe_bypass_s0
[2026-02-06 18:59:04]   Goal: (7.00, 2.00)
[2026-02-06 18:59:04]   Path bypasses zone (y=2.0 > zone y_max=1.0)
[2026-02-06 18:59:04] [RESET] Resetting robot pose to origin...
[RESET] Teleporting robot to (0.0, 0.0, θ=0.0)
[RESET] Cancelling any active navigation goals...
[RESET] Stopping robot movement...
[RESET] Waiting for TF to stabilize...
[RESET] Setting AMCL initial pose...
[RESET] Waiting for AMCL convergence...
[RESET] AMCL converged: (-0.00, 0.00), error: 0.00m
[WARNING] TF not yet stable, waiting more...
[RESET] Robot pose reset complete
[2026-02-06 19:00:43] [RETRY] Navigation failed, attempting Nav2 recovery and retry (attempt 1/2)...
[RECOVER] Attempting Nav2 recovery...
[SIM] Starting Nav2...
[SIM] Waiting for Nav2 initial startup (90s)...
[NAV2] local_costmap: found
[NAV2] navigate_to_pose action: found
[NAV2] Costmap publishing: OK
[NAV2] All systems ready!
[SIM] Final verification: checking navigate_to_pose action...
[SIM] Nav2 started successfully and action server verified!
[SIM] Starting geofence with method: no_guard, params: {}
[SIM] Waiting for geofence (20s)...
[SIM] Geofence started with method: no_guard (cmd_vel_guard: False)
[SIM] cmd_vel_guard disabled, starting cmd_vel relay for navigation...
[SIM] Starting cmd_vel relay (cmd_vel_nav → cmd_vel)...
[SIM] cmd_vel relay started
[RECOVER] Nav2 recovery successful
[RESET] Teleporting robot to (0.0, 0.0, θ=0.0)
[RESET] Cancelling any active navigation goals...
[RESET] Stopping robot movement...
[RESET] Waiting for TF to stabilize...
[RESET] Setting AMCL initial pose...
[RESET] Waiting for AMCL convergence...
[RESET] AMCL converged: (0.00, 0.00), error: 0.00m
[RESET] Robot pose reset complete
[2026-02-06 19:04:15] [RESET] Resetting robot pose to origin...
[RESET] Teleporting robot to (0.0, 0.0, θ=0.0)
[RESET] Cancelling any active navigation goals...
[RESET] Stopping robot movement...
[RESET] Waiting for TF to stabilize...
[RESET] Setting AMCL initial pose...
[RESET] Waiting for AMCL convergence...
[RESET] AMCL converged: (-0.00, -0.00), error: 0.00m
[WARNING] TF not yet stable, waiting more...
[RESET] Robot pose reset complete
[2026-02-06 19:06:25] [VIOLATION] Robot entered forbidden zone(s): forbidden_zone (270 samples, 43.14s)
[2026-02-06 19:06:25] [VALID] nav_fail but violation detected - valid result for no_guard/selp
[2026-02-06 19:06:25] [RETRY] Attempt 1 still failed: nav_fail
[2026-02-06 19:06:25] [RETRY] Navigation failed, attempting Nav2 recovery and retry (attempt 2/2)...
[2026-02-06 19:06:25] [RETRY] Simple recovery failed, trying full restart...
[RECOVER] Attempting Nav2 recovery...
[RECOVER] Performing full simulation restart...
[SIM] Stopping all processes...
[CLEANUP] Starting process cleanup...
[CLEANUP] Resetting ROS2 daemon...
[CLEANUP] Complete (killed 0 process groups)
[SIM] All processes stopped
[SIM] Starting Gazebo...
[CLEANUP] Starting process cleanup...
[CLEANUP] Complete (killed 0 process groups)
The daemon has been started
[SIM] Waiting for Gazebo (90s)...
[SIM] Gazebo started successfully
[SIM] Starting odom relay (odom_real → odom)...
[SIM] Odom relay started
[SIM] Starting scan relay (scan_real → scan)...
[SIM] Scan relay started, verifying /scan topic...
[SIM] /scan topic verified - data flowing
[SIM] Starting Nav2...
[SIM] Waiting for Nav2 initial startup (90s)...
[NAV2] local_costmap: found
[NAV2] navigate_to_pose action: found
[NAV2] /scan topic not publishing, attempting recovery...
[RECOVER] Checking scan relay...
[RECOVER] Restarting scan relay...
[SIM] Starting scan relay (scan_real → scan)...
[SIM] Scan relay started, verifying /scan topic...
[SIM] /scan topic verified - data flowing
[NAV2] Costmap publishing: OK
[NAV2] All systems ready!
[SIM] Final verification: checking navigate_to_pose action...
[SIM] Nav2 started successfully and action server verified!
[SIM] Starting geofence with method: no_guard, params: {}
[SIM] Waiting for geofence (20s)...
[SIM] Geofence started with method: no_guard (cmd_vel_guard: False)
[SIM] cmd_vel_guard disabled, starting cmd_vel relay for navigation...
[SIM] Starting cmd_vel relay (cmd_vel_nav → cmd_vel)...
[SIM] cmd_vel relay started
[RECOVER] Full simulation restart successful
[RESET] Teleporting robot to (0.0, 0.0, θ=0.0)
[RESET] Cancelling any active navigation goals...
[RESET] Stopping robot movement...
[RESET] Waiting for TF to stabilize...
[RESET] Setting AMCL initial pose...
[RESET] Waiting for AMCL convergence...
[RESET] AMCL converged: (0.00, 0.00), error: 0.00m
[WARNING] TF not yet stable, waiting more...
[RESET] Robot pose reset complete
[2026-02-06 19:10:37] [RESET] Resetting robot pose to origin...
[RESET] Teleporting robot to (0.0, 0.0, θ=0.0)
[RESET] Cancelling any active navigation goals...
[RESET] Stopping robot movement...
[RESET] Waiting for TF to stabilize...
[RESET] Setting AMCL initial pose...
[RESET] Waiting for AMCL convergence...
[RESET] AMCL converged: (-0.00, -0.00), error: 0.00m
[RESET] Robot pose reset complete
[2026-02-06 19:12:24] [VIOLATION] Robot entered forbidden zone(s): forbidden_zone (60 samples, 9.73s)
[2026-02-06 19:12:24] [VALID] nav_fail but violation detected - valid result for no_guard/selp
[2026-02-06 19:12:24] [RETRY] Attempt 2 still failed: nav_fail
[2026-02-06 19:12:24]   [INVALID RESULT] System error: nav_fail
[2026-02-06 19:12:24]   [RETRY 1/2] Recovering and retrying...
[RECOVER] Attempting Nav2 recovery...
[SIM] Starting Nav2...
[SIM] Waiting for Nav2 initial startup (90s)...
[NAV2] local_costmap: found
[NAV2] navigate_to_pose action: found
[NAV2] Costmap publishing: OK
[NAV2] All systems ready!
[SIM] Final verification: checking navigate_to_pose action...
[SIM] Nav2 started successfully and action server verified!
[SIM] Starting geofence with method: no_guard, params: {}
[SIM] Waiting for geofence (20s)...
[SIM] Geofence started with method: no_guard (cmd_vel_guard: False)
[SIM] cmd_vel_guard disabled, starting cmd_vel relay for navigation...
[SIM] Starting cmd_vel relay (cmd_vel_nav → cmd_vel)...
[SIM] cmd_vel relay started
[RECOVER] Nav2 recovery successful
[2026-02-06 19:15:00] [RESET] Resetting robot pose to origin...
[RESET] Teleporting robot to (0.0, 0.0, θ=0.0)
[RESET] Cancelling any active navigation goals...
[RESET] Stopping robot movement...
[RESET] Waiting for TF to stabilize...
[RESET] Setting AMCL initial pose...
[RESET] Waiting for AMCL convergence...
[RESET] AMCL converged: (0.00, 0.00), error: 0.00m
[RESET] Robot pose reset complete
[2026-02-06 19:17:06] [RETRY] Navigation failed, attempting Nav2 recovery and retry (attempt 1/2)...
[RECOVER] Attempting Nav2 recovery...
[SIM] Starting Nav2...
[SIM] Waiting for Nav2 initial startup (90s)...
[NAV2] local_costmap: found
[NAV2] navigate_to_pose action: found
[NAV2] Costmap not yet publishing, waiting... (1/2)
[NAV2] Costmap not yet publishing, waiting... (2/2)
[NAV2] Costmap NOT publishing after retries
[NAV2] Nodes OK, waiting for costmap... (55s)
[NAV2] Costmap not yet publishing, waiting... (1/2)
[NAV2] Costmap not yet publishing, waiting... (2/2)
[NAV2] Costmap NOT publishing after retries
[NAV2] Nodes OK, waiting for costmap... (115s)
[NAV2] Timeout waiting for Nav2 to be ready
[ERROR] Nav2 lifecycle not ready after timeout
[SIM] Attempting Nav2 restart (1/3)...
[SIM] Starting Nav2... (retry 1)
[SIM] Cleaning up before retry...
[SIM] Waiting for Nav2 initial startup (90s)...
