Generated 1 trials
Methods: ['no_guard']
Scenarios: ['S4']
Seeds: 1 (offset=0, range=s0-s0)
Include sweep: False
Runtime monitoring: False

Trials by scenario: {'S4': 1}
Trials by method: {'no_guard': 1}
[2026-02-09 21:04:48] ============================================================
[2026-02-09 21:04:48] Starting Gazebo S1-S5 Experiment
[2026-02-09 21:04:48] ============================================================
[CLEANUP] Starting process cleanup...
[CLEANUP] Complete (killed 0 process groups)
[2026-02-09 21:04:51] 
============================================================
[2026-02-09 21:04:51] Method: no_guard
[2026-02-09 21:04:51] ============================================================
[2026-02-09 21:04:51] [WORLD] Starting with warehouse.sdf for scenarios: ['S4']
[DEBUG] restart_with_method called: method=no_guard, params={}, world=warehouse.sdf
[SIM] Full restart for method: no_guard (world: warehouse.sdf)
[SIM] Stopping all processes...
[CLEANUP] Starting process cleanup...
[CLEANUP] Complete (killed 0 process groups)
[SIM] All processes stopped
[SIM] Starting Gazebo...
[CLEANUP] Starting process cleanup...
[CLEANUP] Complete (killed 0 process groups)
The daemon has been started
[SIM] Waiting for Gazebo (90s)...
[SIM] Gazebo started successfully
[SIM] Starting odom relay (odom_real → odom)...
[SIM] Odom relay started
[SIM] Starting scan relay (scan_real → scan)...
[SIM] Scan relay started, verifying /scan topic...
[SIM] /scan topic verified - data flowing
[SIM] Starting Nav2...
[SIM] Waiting for Nav2 initial startup (90s)...
[NAV2] local_costmap: found
[NAV2] navigate_to_pose action: found
[NAV2] Costmap publishing: OK
[NAV2] All systems ready!
[SIM] Final verification: checking navigate_to_pose action...
[SIM] Nav2 started successfully and action server verified!
[SIM] Starting geofence with method: no_guard, params: {}
[SIM] Waiting for geofence (20s)...
[SIM] Geofence started with method: no_guard (cmd_vel_guard: False)
[SIM] cmd_vel_guard disabled, starting cmd_vel relay for navigation...
[SIM] Starting cmd_vel relay (cmd_vel_nav → cmd_vel)...
[SIM] cmd_vel relay started
[2026-02-09 21:07:54] 
Trial 1/1: S4_no_guard_vel_burst_near_s0
[2026-02-09 21:07:54]   Goal: (3.90, 0.00)
[2026-02-09 21:07:54]   Velocity burst: goal (3.9,0), inject 1.5m/s burst within 0.5m of goal
[2026-02-09 21:07:54] [RESET] Resetting robot pose to origin...
[RESET] Teleporting robot to (0.0, 0.0, θ=0.0)
[RESET] Cancelling any active navigation goals...
[RESET] Stopping robot movement...
[RESET] Waiting for TF to stabilize...
[RESET] Setting AMCL initial pose...
[RESET] Waiting for AMCL convergence...
[RESET] AMCL converged: (0.00, 0.00), error: 0.00m
[RESET] Robot pose reset complete
[2026-02-09 21:08:37] [S4] Starting vel_burst attack (scale=1.5, offset=(0.0, 0.0))
[ATTACK] Starting vel_burst attack with scale_factor=1.5
[ATTACK] Using vel_burst (goal=(3.9,0.0), burst_speed=1.5)
[ATTACK] vel_burst attack started successfully
[2026-02-09 21:09:04] [S4] Stopping vel_burst attack
[2026-02-09 21:09:04]   Result: allow (PASS)
[2026-02-09 21:09:04]   Reason: Goal reached successfully (dist=0.09m)
[2026-02-09 21:09:04]   Time: 70.0s
[2026-02-09 21:09:04]   Robot moved: True, path_min_dist: 0.21m
[SIM] Stopping all processes...
[CLEANUP] Starting process cleanup...
[CLEANUP] Complete (killed 0 process groups)
[SIM] All processes stopped
[2026-02-09 21:09:18] 
================================================================================
[2026-02-09 21:09:18] CONFUSION MATRIX SUMMARY BY METHOD
[2026-02-09 21:09:18] ================================================================================

Method         Total   TP   FP   TN   FN INFRA   Prec    Rec     F1     VR     Hz  Lat(ms)
------------------------------------------------------------------------------------------
no_guard           1    0    0    0    1     0  0.00  0.00  0.00   0.0%   6.5 21782.5
[2026-02-09 21:09:18] 
--------------------------------------------------------------------------------
[2026-02-09 21:09:18] BOOTSTRAP 95% CONFIDENCE INTERVALS
[2026-02-09 21:09:18] --------------------------------------------------------------------------------

Method                  Prec CI           Rec CI            F1 CI            VR CI
----------------------------------------------------------------------------------
no_guard       [0.00,0.00]  [0.00,0.00]  [0.00,0.00]  [0.0,0.0]%
[2026-02-09 21:09:18] 
--------------------------------------------------------------------------------
[2026-02-09 21:09:18] GEOFENCE MARGIN ANALYSIS
[2026-02-09 21:09:18] Geofence margin = k_sigma * sigma_loc + e_track + v_max * tau = 3 * 0.15 + 0.05 + 0.5 * 0.1 = 0.55m. Expanded zone y_max = 1.0 + 0.55 = 1.55m. S3 clip_boundary (7,1.2): at x=4, y=0.69 (in zone); at x=5.83, y=1.0 (exits zone). Path clips zone upper boundary.
[2026-02-09 21:09:18] 
============================================================
[2026-02-09 21:09:18] Experiment Complete!
[2026-02-09 21:09:18] ============================================================
