Generated 2 trials
Methods: ['no_guard']
Scenarios: ['S4']
Seeds: 1 (offset=0, range=s0-s0)
Include sweep: False
Runtime monitoring: False

Trials by scenario: {'S4': 2}
Trials by method: {'no_guard': 2}
[2026-02-09 20:15:08] ============================================================
[2026-02-09 20:15:08] Starting Gazebo S1-S5 Experiment
[2026-02-09 20:15:08] ============================================================
[CLEANUP] Starting process cleanup...
[CLEANUP] Complete (killed 0 process groups)
[2026-02-09 20:15:11] 
============================================================
[2026-02-09 20:15:11] Method: no_guard
[2026-02-09 20:15:11] ============================================================
[2026-02-09 20:15:11] [WORLD] Starting with warehouse.sdf for scenarios: ['S4']
[DEBUG] restart_with_method called: method=no_guard, params={}, world=warehouse.sdf
[SIM] Full restart for method: no_guard (world: warehouse.sdf)
[SIM] Stopping all processes...
[CLEANUP] Starting process cleanup...
[CLEANUP] Complete (killed 0 process groups)
[SIM] All processes stopped
[SIM] Starting Gazebo...
[CLEANUP] Starting process cleanup...
[CLEANUP] Complete (killed 0 process groups)
The daemon has been started
[SIM] Waiting for Gazebo (90s)...
[SIM] Gazebo started successfully
[SIM] Starting odom relay (odom_real → odom)...
[SIM] Odom relay started
[SIM] Starting scan relay (scan_real → scan)...
[SIM] Scan relay started, verifying /scan topic...
[SIM] /scan topic verified - data flowing
[SIM] Starting Nav2...
[SIM] Waiting for Nav2 initial startup (90s)...
[NAV2] local_costmap: found
[NAV2] navigate_to_pose action: found
[NAV2] /scan topic not publishing, attempting recovery...
[RECOVER] Checking scan relay...
[RECOVER] Restarting scan relay...
[SIM] Starting scan relay (scan_real → scan)...
[SIM] Scan relay started, verifying /scan topic...
[SIM] /scan topic verified - data flowing
[NAV2] Costmap publishing: OK
[NAV2] All systems ready!
[SIM] Final verification: checking navigate_to_pose action...
[SIM] Nav2 started successfully and action server verified!
[SIM] Starting geofence with method: no_guard, params: {}
[SIM] Waiting for geofence (20s)...
[SIM] Geofence started with method: no_guard (cmd_vel_guard: False)
[SIM] cmd_vel_guard disabled, starting cmd_vel relay for navigation...
[SIM] Starting cmd_vel relay (cmd_vel_nav → cmd_vel)...
[SIM] cmd_vel relay started
[2026-02-09 20:18:27] 
Trial 1/2: S4_no_guard_decel_disable_s0
[2026-02-09 20:18:27]   Goal: (3.90, 0.00)
[2026-02-09 20:18:27]   Decel disable: decel→0.01, max_vel 5x, goal (3.9,0), 0.1m from zone
[2026-02-09 20:18:27] [RESET] Resetting robot pose to origin...
[RESET] Teleporting robot to (0.0, 0.0, θ=0.0)
[RESET] Cancelling any active navigation goals...
[RESET] Stopping robot movement...
[RESET] Waiting for TF to stabilize...
[RESET] Setting AMCL initial pose...
[RESET] Waiting for AMCL convergence...
[RESET] AMCL converged: (0.00, 0.00), error: 0.00m
[RESET] Robot pose reset complete
[2026-02-09 20:19:18] [S4] Starting decel_disable attack (scale=5.0, offset=(0.0, 0.0))
[ATTACK] Starting decel_disable attack with scale_factor=5.0
[ATTACK] Using decel_disable (max_vel=1.1, decel→0.01)
[ATTACK] decel_disable attack started successfully
[2026-02-09 20:19:45] [S4] Stopping decel_disable attack
[ATTACK] Restoring original Nav2 parameters...
[2026-02-09 20:20:03]   Result: allow (PASS)
[2026-02-09 20:20:03]   Reason: Goal reached successfully (dist=0.14m)
[2026-02-09 20:20:03]   Time: 95.6s
[2026-02-09 20:20:03]   Robot moved: True, path_min_dist: 0.24m
[2026-02-09 20:20:03] 
Trial 2/2: S4_no_guard_vel_burst_near_s0
[2026-02-09 20:20:03]   Goal: (3.90, 0.00)
[2026-02-09 20:20:03]   Velocity burst: goal (3.9,0), inject 1.5m/s burst within 0.5m of goal
[2026-02-09 20:20:03] [RESET] Resetting robot pose to origin...
[RESET] Teleporting robot to (0.0, 0.0, θ=0.0)
[RESET] Cancelling any active navigation goals...
[RESET] Stopping robot movement...
[RESET] Waiting for TF to stabilize...
[RESET] Setting AMCL initial pose...
[RESET] Waiting for AMCL convergence...
[RESET] AMCL converged: (-0.00, -0.00), error: 0.00m
[RESET] Robot pose reset complete
[2026-02-09 20:20:51] [S4] Starting vel_burst attack (scale=1.5, offset=(0.0, 0.0))
[ATTACK] Starting vel_burst attack with scale_factor=1.5
[ATTACK] Stopping cmd_vel relay for vel_burst attack...
[ATTACK] Using vel_burst (goal=(3.9,0.0), burst_speed=1.5)
[ATTACK] vel_burst attack started successfully
[WARN] Nav2 ABORTED for (3.90, 0.00) with method=no_guard - treating as allow (Nav2 path failure)
[2026-02-09 20:21:17] [INVALID] ALLOW but robot didn't move (path_min_dist=3.89m)
[2026-02-09 20:21:17] [S4] Stopping vel_burst attack
[ATTACK] Restarting cmd_vel relay after vel_burst attack...
[SIM] Starting cmd_vel relay (cmd_vel_nav → cmd_vel)...
[SIM] cmd_vel relay started
[2026-02-09 20:21:20]   [INVALID RESULT] ALLOW but robot didn't move (path_min_dist=3.89m)
[2026-02-09 20:21:20]   [RETRY 1/2] Recovering and retrying...
[RECOVER] Attempting Nav2 recovery...
[SIM] Starting Nav2...
[SIM] Waiting for Nav2 initial startup (90s)...
[NAV2] local_costmap: found
[NAV2] navigate_to_pose action: found
[NAV2] Costmap not yet publishing, waiting... (1/2)
[NAV2] Costmap not yet publishing, waiting... (2/2)
[NAV2] Costmap NOT publishing after retries
[NAV2] Nodes OK, waiting for costmap... (55s)
[NAV2] Costmap not yet publishing, waiting... (1/2)
[NAV2] Costmap not yet publishing, waiting... (2/2)
[NAV2] Costmap NOT publishing after retries
[NAV2] Nodes OK, waiting for costmap... (115s)
[NAV2] Costmap failed 2 times, forcing scan relay restart...
[RECOVER] Checking scan relay...
[RECOVER] Restarting scan relay...
[SIM] Starting scan relay (scan_real → scan)...
[SIM] Scan relay started, verifying /scan topic...
[SIM] /scan topic verified - data flowing
[NAV2] Scan relay restarted, waiting for costmap to recover...
[NAV2] Timeout waiting for Nav2 to be ready
[ERROR] Nav2 lifecycle not ready after timeout
[SIM] Attempting Nav2 restart (1/3)...
[SIM] Starting Nav2... (retry 1)
[SIM] Cleaning up before retry...
[SIM] Waiting for Nav2 initial startup (90s)...
