Generated 25 trials
Methods: ['no_guard', 'selp_proper', 'cbf', 'ssm', 'geofence']
Scenarios: ['S6']
Seeds: 5 (offset=0, range=s0-s4)
Include sweep: True
Runtime monitoring: False

Trials by scenario: {'S6': 25}
Trials by method: {'geofence': 25}
[2026-02-19 22:01:50] ============================================================
[2026-02-19 22:01:50] Starting Gazebo S1-S5 Experiment
[2026-02-19 22:01:50] ============================================================
[CLEANUP] Starting process cleanup...
[CLEANUP] Complete (killed 0 process groups)
[2026-02-19 22:01:54] Resuming from trial 0/25
[2026-02-19 22:01:54] 
============================================================
[2026-02-19 22:01:54] Method: geofence
[2026-02-19 22:01:54] ============================================================
[2026-02-19 22:01:54] [WORLD] Starting with empty.sdf for scenarios: ['S6']
[DEBUG] restart_with_method called: method=geofence, params={}, world=empty.sdf, guard=False
[SIM] Full restart for method: geofence (world: empty.sdf)
[SIM] Stopping all processes...
[CLEANUP] Starting process cleanup...
[CLEANUP] Complete (killed 0 process groups)
[SIM] All processes stopped
[SIM] Starting Gazebo...
[CLEANUP] Starting process cleanup...
[CLEANUP] Complete (killed 0 process groups)
[SIM] gz sim still alive (1 procs), force-killing PGIDs (attempt 1/5)...
[SIM] gz sim still alive (1 procs), force-killing PGIDs (attempt 2/5)...
[SIM] gz sim still alive (1 procs), force-killing PGIDs (attempt 3/5)...
[SIM] gz sim still alive (1 procs), force-killing PGIDs (attempt 4/5)...
[SIM] gz sim still alive (1 procs), force-killing PGIDs (attempt 5/5)...
[SIM][WARNING] Could not kill all gz sim processes — proceeding anyway
The daemon has been started
[SIM] Waiting for Gazebo (180s)...
[SIM] Gazebo started successfully
[SIM] robot_state_publisher: running
[SIM] Starting odom relay (odom_real → odom)...
[SIM] Odom relay started
[SIM] Starting scan relay (scan_real → scan)...
[SIM] Scan relay started, verifying /scan topic...
[SIM] /scan topic verified - data flowing
[SIM] Auto-disabling AMCL for empty world (no LIDAR features)
[SIM] Starting Nav2...
[SIM] AMCL disabled - using dead reckoning only
[SIM] Waiting for Nav2 initial startup (30s)...
[NAV2] local_costmap: found
[NAV2] navigate_to_pose action: found
[NAV2] Costmap publishing: OK (map lifecycle active)
[NAV2] All systems ready!
[SIM] Final verification: checking navigate_to_pose action...
[SIM] Nav2 started successfully and action server verified!
[SIM] Starting geofence with method: geofence, params: {}, comm_latency_ms: 0
[SIM] Waiting for geofence (20s)...
[SIM] Geofence started with method: geofence (cmd_vel_guard: False)
[SIM] cmd_vel_guard disabled, starting cmd_vel relay for navigation...
[SIM] Starting cmd_vel relay (cmd_vel_nav → cmd_vel)...
[SIM] cmd_vel relay started
[2026-02-19 22:03:45] [GEOFENCE] Restarting geofence (sigma=0.15, v_max=0.5, tau=0.1, a_max=2.5, braking=False)...
[SIM] Starting geofence with method: geofence, params: {'localization_sigma': 0.15, 'v_max': 0.5, 'latency': 0.1, 'a_max': 2.5, 'enable_braking_term': False, 'use_dynamic_v_max': False, 'use_dynamic_tau': False, 'use_dynamic_e_track': False}, comm_latency_ms: 0
[SIM] Waiting for geofence (20s)...
[SIM] Geofence started with method: geofence (cmd_vel_guard: False)
[SIM] cmd_vel_guard disabled, starting cmd_vel relay for navigation...
[SIM] Starting cmd_vel relay (cmd_vel_nav → cmd_vel)...
[SIM] cmd_vel relay started
[2026-02-19 22:04:13] 
Trial 1/25: S6_geofence_no_braking_s0
[2026-02-19 22:04:13]   Goal: (7.00, 2.75)
[2026-02-19 22:04:13]   No braking term: M=0.550m < M*(0.580m) → probe goal approved (under-conservative)
[2026-02-19 22:04:13] [RESET] Resetting robot pose to origin...
[RESET] Teleporting robot to (0.0, 0.0, θ=0.0)
[RESET] Cancelling any active navigation goals...
[RESET] Stopping robot movement...
[RESET] Waiting for TF to stabilize...
[RESET] AMCL disabled, correcting map→odom TF after teleport...
[WARNING] Could not read odom, TF correction skipped
[RESET] Robot pose reset complete
[2026-02-19 22:07:47] [GOAL_DEBUG] decision=timeout, reason=Goal timed out after 180s
[2026-02-19 22:07:47]   Result: timeout (FAIL)
[2026-02-19 22:07:47]   Reason: Goal timed out after 180s
[2026-02-19 22:07:47]   Time: 213.8s
[2026-02-19 22:07:47]   Robot moved: True, path_min_dist: 1.79m
[2026-02-19 22:07:47] [HEALTH] Pre-trial restart (every 1 trials, world=empty.sdf)...
[SIM] Stopping all processes...
[CLEANUP] Starting process cleanup...
[CLEANUP] Complete (killed 0 process groups)
[SIM] All processes stopped
[CLEANUP] Starting process cleanup...
[CLEANUP] Complete (killed 0 process groups)
[DEBUG] restart_with_method called: method=geofence, params={}, world=empty.sdf, guard=False
[SIM] Full restart for method: geofence (world: empty.sdf)
[SIM] Stopping all processes...
[CLEANUP] Starting process cleanup...
[CLEANUP] Complete (killed 0 process groups)
[SIM] All processes stopped
[SIM] Starting Gazebo...
[CLEANUP] Starting process cleanup...
[CLEANUP] Complete (killed 0 process groups)
[SIM] gz sim still alive (1 procs), force-killing PGIDs (attempt 1/5)...
[SIM] gz sim still alive (1 procs), force-killing PGIDs (attempt 2/5)...
[SIM] gz sim still alive (1 procs), force-killing PGIDs (attempt 3/5)...
[SIM] gz sim still alive (1 procs), force-killing PGIDs (attempt 4/5)...
[SIM] gz sim still alive (1 procs), force-killing PGIDs (attempt 5/5)...
[SIM][WARNING] Could not kill all gz sim processes — proceeding anyway
The daemon has been started
[SIM] Waiting for Gazebo (180s)...
[SIM] Gazebo started successfully
[SIM] robot_state_publisher: running
[SIM] Starting odom relay (odom_real → odom)...
[SIM] Odom relay started
[SIM] Starting scan relay (scan_real → scan)...
[SIM] Scan relay started, verifying /scan topic...
[SIM] /scan topic verified - data flowing
[SIM] Auto-disabling AMCL for empty world (no LIDAR features)
[SIM] Starting Nav2...
[SIM] AMCL disabled - using dead reckoning only
[SIM] Waiting for Nav2 initial startup (30s)...
[NAV2] local_costmap: found
[NAV2] navigate_to_pose action: found
[NAV2] Costmap publishing: OK (map lifecycle active)
[NAV2] All systems ready!
[SIM] Final verification: checking navigate_to_pose action...
[SIM] Nav2 started successfully and action server verified!
[SIM] Starting geofence with method: geofence, params: {}, comm_latency_ms: 0
[SIM] Waiting for geofence (20s)...
[SIM] Geofence started with method: geofence (cmd_vel_guard: False)
[SIM] cmd_vel_guard disabled, starting cmd_vel relay for navigation...
[SIM] Starting cmd_vel relay (cmd_vel_nav → cmd_vel)...
[SIM] cmd_vel relay started
[2026-02-19 22:10:01] [GEOFENCE] Restarting geofence (sigma=0.15, v_max=0.5, tau=0.1, a_max=2.5, braking=False)...
[SIM] Starting geofence with method: geofence, params: {'localization_sigma': 0.15, 'v_max': 0.5, 'latency': 0.1, 'a_max': 2.5, 'enable_braking_term': False, 'use_dynamic_v_max': False, 'use_dynamic_tau': False, 'use_dynamic_e_track': False}, comm_latency_ms: 50
[SIM] Waiting for geofence (20s)...
[SIM] Geofence started with method: geofence (cmd_vel_guard: False)
[SIM] cmd_vel_guard disabled, starting cmd_vel relay for navigation...
[SIM] Starting cmd_vel relay (cmd_vel_nav → cmd_vel) (latency=50ms)...
[SIM] cmd_vel relay started (latency=50ms)
[2026-02-19 22:10:29] 
Trial 2/25: S6_geofence_no_braking_s1
[2026-02-19 22:10:29]   Goal: (7.00, 2.75)
[2026-02-19 22:10:29]   No braking term: M=0.550m < M*(0.580m) → probe goal approved (under-conservative)
[2026-02-19 22:10:29]   Comm latency: 50ms
[2026-02-19 22:10:29] [RESET] Resetting robot pose to origin...
[RESET] Teleporting robot to (0.0, 0.0, θ=0.0)
[RESET] Cancelling any active navigation goals...
[RESET] Stopping robot movement...
[RESET] Waiting for TF to stabilize...
[RESET] AMCL disabled, correcting map→odom TF after teleport...
[WARNING] Could not read odom, TF correction skipped
[WARNING] TF not yet stable, waiting more...
[RESET] Robot pose reset complete
[2026-02-19 22:14:06] [GOAL_DEBUG] decision=timeout, reason=Goal timed out after 180s
[2026-02-19 22:14:06]   Result: timeout (FAIL)
[2026-02-19 22:14:06]   Reason: Goal timed out after 180s
[2026-02-19 22:14:06]   Time: 217.4s
[2026-02-19 22:14:06]   Robot moved: True, path_min_dist: 1.49m
[2026-02-19 22:14:06] [HEALTH] Pre-trial restart (every 1 trials, world=empty.sdf)...
[SIM] Stopping all processes...
[CLEANUP] Starting process cleanup...
[CLEANUP] Complete (killed 0 process groups)
[SIM] All processes stopped
[CLEANUP] Starting process cleanup...
[CLEANUP] Complete (killed 0 process groups)
[DEBUG] restart_with_method called: method=geofence, params={}, world=empty.sdf, guard=False
[SIM] Full restart for method: geofence (world: empty.sdf)
[SIM] Stopping all processes...
[CLEANUP] Starting process cleanup...
[CLEANUP] Complete (killed 0 process groups)
[SIM] All processes stopped
[SIM] Starting Gazebo...
[CLEANUP] Starting process cleanup...
[CLEANUP] Complete (killed 0 process groups)
[SIM] gz sim still alive (1 procs), force-killing PGIDs (attempt 1/5)...
[SIM] gz sim still alive (1 procs), force-killing PGIDs (attempt 2/5)...
[SIM] gz sim still alive (1 procs), force-killing PGIDs (attempt 3/5)...
[SIM] gz sim still alive (1 procs), force-killing PGIDs (attempt 4/5)...
[SIM] gz sim still alive (1 procs), force-killing PGIDs (attempt 5/5)...
[SIM][WARNING] Could not kill all gz sim processes — proceeding anyway
The daemon has been started
[SIM] Waiting for Gazebo (180s)...
[SIM] Gazebo started successfully
[SIM] robot_state_publisher: running
[SIM] Starting odom relay (odom_real → odom)...
[SIM] Odom relay started
[SIM] Starting scan relay (scan_real → scan)...
[SIM] Scan relay started, verifying /scan topic...
[SIM] /scan topic verified - data flowing
[SIM] Auto-disabling AMCL for empty world (no LIDAR features)
[SIM] Starting Nav2...
[SIM] AMCL disabled - using dead reckoning only
[SIM] Waiting for Nav2 initial startup (30s)...
[NAV2] local_costmap: found
[NAV2] navigate_to_pose action: found
[NAV2] Costmap publishing: OK (map lifecycle active)
[NAV2] All systems ready!
[SIM] Final verification: checking navigate_to_pose action...
[SIM] Nav2 started successfully and action server verified!
[SIM] Starting geofence with method: geofence, params: {}, comm_latency_ms: 0
[SIM] Waiting for geofence (20s)...
[SIM] Geofence started with method: geofence (cmd_vel_guard: False)
[SIM] cmd_vel_guard disabled, starting cmd_vel relay for navigation...
[SIM] Starting cmd_vel relay (cmd_vel_nav → cmd_vel)...
[SIM] cmd_vel relay started
[2026-02-19 22:16:20] [GEOFENCE] Restarting geofence (sigma=0.15, v_max=0.5, tau=0.1, a_max=2.5, braking=False)...
[SIM] Starting geofence with method: geofence, params: {'localization_sigma': 0.15, 'v_max': 0.5, 'latency': 0.1, 'a_max': 2.5, 'enable_braking_term': False, 'use_dynamic_v_max': False, 'use_dynamic_tau': False, 'use_dynamic_e_track': False}, comm_latency_ms: 100
[SIM] Waiting for geofence (20s)...
[SIM] Geofence started with method: geofence (cmd_vel_guard: False)
[SIM] cmd_vel_guard disabled, starting cmd_vel relay for navigation...
[SIM] Starting cmd_vel relay (cmd_vel_nav → cmd_vel) (latency=100ms)...
[SIM] cmd_vel relay started (latency=100ms)
[2026-02-19 22:16:49] 
Trial 3/25: S6_geofence_no_braking_s2
[2026-02-19 22:16:49]   Goal: (7.00, 2.75)
[2026-02-19 22:16:49]   No braking term: M=0.550m < M*(0.580m) → probe goal approved (under-conservative)
[2026-02-19 22:16:49]   Comm latency: 100ms
[2026-02-19 22:16:49] [WAIT] High system load, waiting...
[WAIT] System busy (load=15.3, mem=17.8%), waiting...
[WAIT] System busy (load=14.3, mem=18.0%), waiting...
[WAIT] System busy (load=13.2, mem=18.0%), waiting...
[WAIT] System busy (load=12.6, mem=17.9%), waiting...
[WAIT] System busy (load=11.9, mem=17.8%), waiting...
[WAIT] System busy (load=11.8, mem=17.7%), waiting...
[WAIT] System busy (load=11.3, mem=17.9%), waiting...
[WAIT] System busy (load=10.5, mem=17.9%), waiting...
[WAIT] System busy (load=9.8, mem=17.8%), waiting...
[WAIT] System busy (load=9.2, mem=18.1%), waiting...
[WAIT] System busy (load=8.7, mem=18.0%), waiting...
[WAIT] System busy (load=8.3, mem=18.0%), waiting...
[WAIT] Timeout waiting for system (load=8.2, mem=18.0%)
[2026-02-19 22:17:49] [RESET] Resetting robot pose to origin...
[RESET] Teleporting robot to (0.0, 0.0, θ=0.0)
[RESET] Cancelling any active navigation goals...
[RESET] Stopping robot movement...
[RESET] Waiting for TF to stabilize...
[RESET] AMCL disabled, correcting map→odom TF after teleport...
[WARNING] Could not read odom, TF correction skipped
[WARNING] TF not yet stable, waiting more...
[RESET] Robot pose reset complete
[2026-02-19 22:21:11] [GOAL_DEBUG] decision=timeout, reason=Goal timed out after 180s
[2026-02-19 22:21:11]   Result: timeout (FAIL)
[2026-02-19 22:21:11]   Reason: Goal timed out after 180s
[2026-02-19 22:21:11]   Time: 202.2s
[2026-02-19 22:21:11]   Robot moved: True, path_min_dist: 1.40m
[2026-02-19 22:21:11] [HEALTH] Pre-trial restart (every 1 trials, world=empty.sdf)...
[SIM] Stopping all processes...
[CLEANUP] Starting process cleanup...
[CLEANUP] Complete (killed 0 process groups)
[SIM] All processes stopped
[CLEANUP] Starting process cleanup...
[CLEANUP] Complete (killed 0 process groups)
[DEBUG] restart_with_method called: method=geofence, params={}, world=empty.sdf, guard=False
[SIM] Full restart for method: geofence (world: empty.sdf)
[SIM] Stopping all processes...
[CLEANUP] Starting process cleanup...
[CLEANUP] Complete (killed 0 process groups)
[SIM] All processes stopped
[SIM] Starting Gazebo...
[CLEANUP] Starting process cleanup...
[CLEANUP] Complete (killed 0 process groups)
[SIM] gz sim still alive (1 procs), force-killing PGIDs (attempt 1/5)...
[SIM] gz sim still alive (1 procs), force-killing PGIDs (attempt 2/5)...
[SIM] gz sim still alive (1 procs), force-killing PGIDs (attempt 3/5)...
[SIM] gz sim still alive (1 procs), force-killing PGIDs (attempt 4/5)...
[SIM] gz sim still alive (1 procs), force-killing PGIDs (attempt 5/5)...
[SIM][WARNING] Could not kill all gz sim processes — proceeding anyway
The daemon has been started
[SIM] Waiting for Gazebo (180s)...
[SIM] Gazebo started successfully
[SIM] robot_state_publisher: running
[SIM] Starting odom relay (odom_real → odom)...
[SIM] Odom relay started
[SIM] Starting scan relay (scan_real → scan)...
[SIM] Scan relay started, verifying /scan topic...
[SIM] /scan topic verified - data flowing
[SIM] Auto-disabling AMCL for empty world (no LIDAR features)
[SIM] Starting Nav2...
[SIM] AMCL disabled - using dead reckoning only
[SIM] Waiting for Nav2 initial startup (30s)...
[NAV2] local_costmap: found
[NAV2] navigate_to_pose action: found
[NAV2] Costmap publishing: OK (map lifecycle active)
[NAV2] All systems ready!
[SIM] Final verification: checking navigate_to_pose action...
[SIM] Nav2 started successfully and action server verified!
[SIM] Starting geofence with method: geofence, params: {}, comm_latency_ms: 0
[SIM] Waiting for geofence (20s)...
[SIM] Geofence started with method: geofence (cmd_vel_guard: False)
[SIM] cmd_vel_guard disabled, starting cmd_vel relay for navigation...
[SIM] Starting cmd_vel relay (cmd_vel_nav → cmd_vel)...
[SIM] cmd_vel relay started
[2026-02-19 22:23:27] [GEOFENCE] Restarting geofence (sigma=0.15, v_max=0.5, tau=0.1, a_max=2.5, braking=False)...
[SIM] Starting geofence with method: geofence, params: {'localization_sigma': 0.15, 'v_max': 0.5, 'latency': 0.1, 'a_max': 2.5, 'enable_braking_term': False, 'use_dynamic_v_max': False, 'use_dynamic_tau': False, 'use_dynamic_e_track': False}, comm_latency_ms: 0
[SIM] Waiting for geofence (20s)...
[SIM] Geofence started with method: geofence (cmd_vel_guard: False)
[SIM] cmd_vel_guard disabled, starting cmd_vel relay for navigation...
[SIM] Starting cmd_vel relay (cmd_vel_nav → cmd_vel)...
[SIM] cmd_vel relay started
[2026-02-19 22:23:55] 
Trial 4/25: S6_geofence_no_braking_s3
[2026-02-19 22:23:55]   Goal: (7.00, 2.75)
[2026-02-19 22:23:55]   No braking term: M=0.550m < M*(0.580m) → probe goal approved (under-conservative)
[2026-02-19 22:23:55] [RESET] Resetting robot pose to origin...
[RESET] Teleporting robot to (0.0, 0.0, θ=0.0)
[RESET] Cancelling any active navigation goals...
[RESET] Stopping robot movement...
[RESET] Waiting for TF to stabilize...
[RESET] AMCL disabled, correcting map→odom TF after teleport...
[RESET] Odom at (-0.00, -0.00, yaw=0.0°), target (0.00, 0.00, yaw=0.0°)
[RESET] TF correction: tx=0.000, ty=-0.000, yaw=-0.0°
[RESET] Static TF republished with yaw correction
[WARNING] TF not yet stable, waiting more...
[RESET] Robot pose reset complete
[2026-02-19 22:27:29] [GOAL_DEBUG] decision=timeout, reason=Goal timed out after 180s
[2026-02-19 22:27:29]   Result: timeout (FAIL)
[2026-02-19 22:27:29]   Reason: Goal timed out after 180s
[2026-02-19 22:27:29]   Time: 214.0s
[2026-02-19 22:27:29]   Robot moved: True, path_min_dist: 1.91m
[2026-02-19 22:27:29] [HEALTH] Pre-trial restart (every 1 trials, world=empty.sdf)...
[SIM] Stopping all processes...
[CLEANUP] Starting process cleanup...
[CLEANUP] Complete (killed 1 process groups)
[SIM] All processes stopped
[CLEANUP] Starting process cleanup...
[CLEANUP] Complete (killed 0 process groups)
[DEBUG] restart_with_method called: method=geofence, params={}, world=empty.sdf, guard=False
[SIM] Full restart for method: geofence (world: empty.sdf)
[SIM] Stopping all processes...
[CLEANUP] Starting process cleanup...
[CLEANUP] Complete (killed 0 process groups)
[SIM] All processes stopped
[SIM] Starting Gazebo...
[CLEANUP] Starting process cleanup...
[CLEANUP] Complete (killed 0 process groups)
[SIM] gz sim still alive (1 procs), force-killing PGIDs (attempt 1/5)...
[SIM] gz sim still alive (1 procs), force-killing PGIDs (attempt 2/5)...
[SIM] gz sim still alive (1 procs), force-killing PGIDs (attempt 3/5)...
[SIM] gz sim still alive (1 procs), force-killing PGIDs (attempt 4/5)...
[SIM] gz sim still alive (1 procs), force-killing PGIDs (attempt 5/5)...
[SIM][WARNING] Could not kill all gz sim processes — proceeding anyway
The daemon has been started
[SIM] Waiting for Gazebo (180s)...
[SIM] Gazebo started successfully
[SIM] robot_state_publisher: running
[SIM] Starting odom relay (odom_real → odom)...
[SIM] Odom relay started
[SIM] Starting scan relay (scan_real → scan)...
[SIM] Scan relay started, verifying /scan topic...
[SIM] /scan topic verified - data flowing
[SIM] Auto-disabling AMCL for empty world (no LIDAR features)
[SIM] Starting Nav2...
[SIM] AMCL disabled - using dead reckoning only
[SIM] Waiting for Nav2 initial startup (30s)...
[NAV2] local_costmap: found
[NAV2] navigate_to_pose action: found
[NAV2] Costmap publishing: OK (map lifecycle active)
[NAV2] All systems ready!
[SIM] Final verification: checking navigate_to_pose action...
[SIM] Nav2 started successfully and action server verified!
[SIM] Starting geofence with method: geofence, params: {}, comm_latency_ms: 0
[SIM] Waiting for geofence (20s)...
[SIM] Geofence started with method: geofence (cmd_vel_guard: False)
[SIM] cmd_vel_guard disabled, starting cmd_vel relay for navigation...
[SIM] Starting cmd_vel relay (cmd_vel_nav → cmd_vel)...
[SIM] cmd_vel relay started
[2026-02-19 22:29:44] [GEOFENCE] Restarting geofence (sigma=0.15, v_max=0.5, tau=0.1, a_max=2.5, braking=False)...
[SIM] Starting geofence with method: geofence, params: {'localization_sigma': 0.15, 'v_max': 0.5, 'latency': 0.1, 'a_max': 2.5, 'enable_braking_term': False, 'use_dynamic_v_max': False, 'use_dynamic_tau': False, 'use_dynamic_e_track': False}, comm_latency_ms: 50
[SIM] Waiting for geofence (20s)...
[SIM] Geofence started with method: geofence (cmd_vel_guard: False)
[SIM] cmd_vel_guard disabled, starting cmd_vel relay for navigation...
[SIM] Starting cmd_vel relay (cmd_vel_nav → cmd_vel) (latency=50ms)...
[SIM] cmd_vel relay started (latency=50ms)
[2026-02-19 22:30:12] 
Trial 5/25: S6_geofence_no_braking_s4
[2026-02-19 22:30:12]   Goal: (7.00, 2.75)
[2026-02-19 22:30:12]   No braking term: M=0.550m < M*(0.580m) → probe goal approved (under-conservative)
[2026-02-19 22:30:12]   Comm latency: 50ms
[2026-02-19 22:30:12] [RESET] Resetting robot pose to origin...
[RESET] Teleporting robot to (0.0, 0.0, θ=0.0)
[RESET] Cancelling any active navigation goals...
[RESET] Stopping robot movement...
[RESET] Waiting for TF to stabilize...
[RESET] AMCL disabled, correcting map→odom TF after teleport...
[WARNING] Could not read odom, TF correction skipped
[RESET] Robot pose reset complete
[2026-02-19 22:33:45] [GOAL_DEBUG] decision=timeout, reason=Goal timed out after 180s
[2026-02-19 22:33:45]   Result: timeout (FAIL)
[2026-02-19 22:33:45]   Reason: Goal timed out after 180s
[2026-02-19 22:33:45]   Time: 212.7s
[2026-02-19 22:33:45]   Robot moved: True, path_min_dist: 1.91m
[CHECKPOINT] Saved at trial 5/25
[2026-02-19 22:33:45] [GEOFENCE] Restarting geofence (sigma=0.15, v_max=0.5, tau=0.1, a_max=2.5, braking=True)...
[SIM] Starting geofence with method: geofence, params: {'localization_sigma': 0.15, 'v_max': 0.5, 'latency': 0.1, 'a_max': 2.5, 'enable_braking_term': True, 'use_dynamic_v_max': False, 'use_dynamic_tau': False, 'use_dynamic_e_track': False}, comm_latency_ms: 0
[SIM] Waiting for geofence (20s)...
[SIM] Geofence started with method: geofence (cmd_vel_guard: False)
[SIM] cmd_vel_guard disabled, starting cmd_vel relay for navigation...
[SIM] Starting cmd_vel relay (cmd_vel_nav → cmd_vel)...
[SIM] cmd_vel relay started
[2026-02-19 22:34:13] 
Trial 6/25: S6_geofence_formula_a2.5_s0
[2026-02-19 22:34:13]   Goal: (7.00, 2.75)
[2026-02-19 22:34:13]   Formula braking a_max=2.5: M=0.600m > M*(0.580m) → probe goal rejected (safe)
[2026-02-19 22:34:13] [RESET] Resetting robot pose to origin...
[RESET] Teleporting robot to (0.0, 0.0, θ=0.0)
[RESET] Cancelling any active navigation goals...
[RESET] Stopping robot movement...
[RESET] Waiting for TF to stabilize...
[RESET] AMCL disabled, correcting map→odom TF after teleport...
[RESET] Odom at (-4.02, -3.62, yaw=31.2°), target (0.00, 0.00, yaw=0.0°)
[RESET] TF correction: tx=5.318, ty=1.019, yaw=-31.2°
[RESET] Static TF republished with yaw correction
[RESET] Robot pose reset complete
[2026-02-19 22:34:49]   Result: reject (FAIL)
[2026-02-19 22:34:49]   Reason: Goal rejected by geofence (within safety margin)
[2026-02-19 22:34:49]   Time: 36.4s
[2026-02-19 22:34:49]   Robot moved: True, path_min_dist: 2.98m
[2026-02-19 22:34:49] [HEALTH] Pre-trial restart (every 3 trials, world=empty.sdf)...
[SIM] Stopping all processes...
[CLEANUP] Starting process cleanup...
[CLEANUP] Complete (killed 1 process groups)
[SIM] All processes stopped
[CLEANUP] Starting process cleanup...
[CLEANUP] Complete (killed 0 process groups)
[DEBUG] restart_with_method called: method=geofence, params={}, world=empty.sdf, guard=False
[SIM] Full restart for method: geofence (world: empty.sdf)
[SIM] Stopping all processes...
[CLEANUP] Starting process cleanup...
[CLEANUP] Complete (killed 0 process groups)
[SIM] All processes stopped
[SIM] Starting Gazebo...
[CLEANUP] Starting process cleanup...
[CLEANUP] Complete (killed 0 process groups)
[SIM] gz sim still alive (1 procs), force-killing PGIDs (attempt 1/5)...
[SIM] gz sim still alive (1 procs), force-killing PGIDs (attempt 2/5)...
[SIM] gz sim still alive (1 procs), force-killing PGIDs (attempt 3/5)...
[SIM] gz sim still alive (1 procs), force-killing PGIDs (attempt 4/5)...
[SIM] gz sim still alive (1 procs), force-killing PGIDs (attempt 5/5)...
[SIM][WARNING] Could not kill all gz sim processes — proceeding anyway
The daemon has been started
[SIM] Waiting for Gazebo (180s)...
[SIM] Gazebo started successfully
[SIM] robot_state_publisher: running
[SIM] Starting odom relay (odom_real → odom)...
[SIM] Odom relay started
[SIM] Starting scan relay (scan_real → scan)...
[SIM] Scan relay started, verifying /scan topic...
[SIM] /scan topic verified - data flowing
[SIM] Auto-disabling AMCL for empty world (no LIDAR features)
[SIM] Starting Nav2...
[SIM] AMCL disabled - using dead reckoning only
[SIM] Waiting for Nav2 initial startup (30s)...
[NAV2] local_costmap: found
[NAV2] navigate_to_pose action: found
[NAV2] Costmap publishing: OK (map lifecycle active)
[NAV2] All systems ready!
[SIM] Final verification: checking navigate_to_pose action...
[SIM] Nav2 started successfully and action server verified!
[SIM] Starting geofence with method: geofence, params: {}, comm_latency_ms: 0
[SIM] Waiting for geofence (20s)...
[SIM] Geofence started with method: geofence (cmd_vel_guard: False)
[SIM] cmd_vel_guard disabled, starting cmd_vel relay for navigation...
[SIM] Starting cmd_vel relay (cmd_vel_nav → cmd_vel)...
[SIM] cmd_vel relay started
[2026-02-19 22:37:04] [GEOFENCE] Restarting geofence (sigma=0.15, v_max=0.5, tau=0.1, a_max=2.5, braking=True)...
[SIM] Starting geofence with method: geofence, params: {'localization_sigma': 0.15, 'v_max': 0.5, 'latency': 0.1, 'a_max': 2.5, 'enable_braking_term': True, 'use_dynamic_v_max': False, 'use_dynamic_tau': False, 'use_dynamic_e_track': False}, comm_latency_ms: 50
[SIM] Waiting for geofence (20s)...
[SIM] Geofence started with method: geofence (cmd_vel_guard: False)
[SIM] cmd_vel_guard disabled, starting cmd_vel relay for navigation...
[SIM] Starting cmd_vel relay (cmd_vel_nav → cmd_vel) (latency=50ms)...
[SIM] cmd_vel relay started (latency=50ms)
[2026-02-19 22:37:33] 
Trial 7/25: S6_geofence_formula_a2.5_s1
[2026-02-19 22:37:33]   Goal: (7.00, 2.75)
[2026-02-19 22:37:33]   Formula braking a_max=2.5: M=0.600m > M*(0.580m) → probe goal rejected (safe)
[2026-02-19 22:37:33]   Comm latency: 50ms
[2026-02-19 22:37:33] [RESET] Resetting robot pose to origin...
[RESET] Teleporting robot to (0.0, 0.0, θ=0.0)
[RESET] Cancelling any active navigation goals...
[RESET] Stopping robot movement...
[RESET] Waiting for TF to stabilize...
[RESET] AMCL disabled, correcting map→odom TF after teleport...
[RESET] Odom at (-0.00, -0.00, yaw=0.0°), target (0.00, 0.00, yaw=0.0°)
[RESET] TF correction: tx=0.000, ty=-0.000, yaw=-0.0°
[RESET] Static TF republished with yaw correction
[WARNING] TF not yet stable, waiting more...
[RESET] Robot pose reset complete
[2026-02-19 22:38:10]   Result: reject (FAIL)
[2026-02-19 22:38:10]   Reason: Goal rejected by geofence (within safety margin)
[2026-02-19 22:38:10]   Time: 37.1s
[2026-02-19 22:38:10]   Robot moved: False, path_min_dist: 4.00m
[2026-02-19 22:38:10] [GEOFENCE] Restarting geofence (sigma=0.15, v_max=0.5, tau=0.1, a_max=2.5, braking=True)...
[SIM] Starting geofence with method: geofence, params: {'localization_sigma': 0.15, 'v_max': 0.5, 'latency': 0.1, 'a_max': 2.5, 'enable_braking_term': True, 'use_dynamic_v_max': False, 'use_dynamic_tau': False, 'use_dynamic_e_track': False}, comm_latency_ms: 100
[SIM] Waiting for geofence (20s)...
[SIM] Geofence started with method: geofence (cmd_vel_guard: False)
[SIM] cmd_vel_guard disabled, starting cmd_vel relay for navigation...
[SIM] Starting cmd_vel relay (cmd_vel_nav → cmd_vel) (latency=100ms)...
[SIM] cmd_vel relay started (latency=100ms)
[2026-02-19 22:38:38] 
Trial 8/25: S6_geofence_formula_a2.5_s2
[2026-02-19 22:38:38]   Goal: (7.00, 2.75)
[2026-02-19 22:38:38]   Formula braking a_max=2.5: M=0.600m > M*(0.580m) → probe goal rejected (safe)
[2026-02-19 22:38:38]   Comm latency: 100ms
[2026-02-19 22:38:38] [RESET] Resetting robot pose to origin...
[RESET] Teleporting robot to (0.0, 0.0, θ=0.0)
[RESET] Cancelling any active navigation goals...
[RESET] Stopping robot movement...
[RESET] Waiting for TF to stabilize...
[RESET] AMCL disabled, correcting map→odom TF after teleport...
[WARNING] Could not read odom, TF correction skipped
[RESET] Robot pose reset complete
[2026-02-19 22:39:13]   Result: reject (FAIL)
[2026-02-19 22:39:13]   Reason: Goal rejected by geofence (within safety margin)
[2026-02-19 22:39:13]   Time: 34.9s
[2026-02-19 22:39:13]   Robot moved: False, path_min_dist: 4.00m
[2026-02-19 22:39:13] [GEOFENCE] Restarting geofence (sigma=0.15, v_max=0.5, tau=0.1, a_max=2.5, braking=True)...
[SIM] Starting geofence with method: geofence, params: {'localization_sigma': 0.15, 'v_max': 0.5, 'latency': 0.1, 'a_max': 2.5, 'enable_braking_term': True, 'use_dynamic_v_max': False, 'use_dynamic_tau': False, 'use_dynamic_e_track': False}, comm_latency_ms: 0
[SIM] Waiting for geofence (20s)...
[SIM] Geofence started with method: geofence (cmd_vel_guard: False)
[SIM] cmd_vel_guard disabled, starting cmd_vel relay for navigation...
[SIM] Starting cmd_vel relay (cmd_vel_nav → cmd_vel)...
[SIM] cmd_vel relay started
[2026-02-19 22:39:41] 
Trial 9/25: S6_geofence_formula_a2.5_s3
[2026-02-19 22:39:41]   Goal: (7.00, 2.75)
[2026-02-19 22:39:41]   Formula braking a_max=2.5: M=0.600m > M*(0.580m) → probe goal rejected (safe)
[2026-02-19 22:39:41] [RESET] Resetting robot pose to origin...
[RESET] Teleporting robot to (0.0, 0.0, θ=0.0)
[RESET] Cancelling any active navigation goals...
[RESET] Stopping robot movement...
[RESET] Waiting for TF to stabilize...
[RESET] AMCL disabled, correcting map→odom TF after teleport...
[RESET] Odom at (-0.00, -0.00, yaw=0.0°), target (0.00, 0.00, yaw=0.0°)
[RESET] TF correction: tx=0.000, ty=-0.000, yaw=-0.0°
[RESET] Static TF republished with yaw correction
[RESET] Robot pose reset complete
[2026-02-19 22:40:11]   Result: reject (FAIL)
[2026-02-19 22:40:11]   Reason: Goal rejected by geofence (within safety margin)
[2026-02-19 22:40:11]   Time: 30.5s
[2026-02-19 22:40:11]   Robot moved: False, path_min_dist: 4.00m
[2026-02-19 22:40:11] [HEALTH] Pre-trial restart (every 3 trials, world=empty.sdf)...
[SIM] Stopping all processes...
[CLEANUP] Starting process cleanup...
[CLEANUP] Complete (killed 1 process groups)
[SIM] All processes stopped
[CLEANUP] Starting process cleanup...
[CLEANUP] Complete (killed 0 process groups)
[DEBUG] restart_with_method called: method=geofence, params={}, world=empty.sdf, guard=False
[SIM] Full restart for method: geofence (world: empty.sdf)
[SIM] Stopping all processes...
[CLEANUP] Starting process cleanup...
[CLEANUP] Complete (killed 0 process groups)
[SIM] All processes stopped
[SIM] Starting Gazebo...
[CLEANUP] Starting process cleanup...
[CLEANUP] Complete (killed 0 process groups)
[SIM] gz sim still alive (1 procs), force-killing PGIDs (attempt 1/5)...
[SIM] gz sim still alive (1 procs), force-killing PGIDs (attempt 2/5)...
[SIM] gz sim still alive (1 procs), force-killing PGIDs (attempt 3/5)...
[SIM] gz sim still alive (1 procs), force-killing PGIDs (attempt 4/5)...
[SIM] gz sim still alive (1 procs), force-killing PGIDs (attempt 5/5)...
[SIM][WARNING] Could not kill all gz sim processes — proceeding anyway
The daemon has been started
[SIM] Waiting for Gazebo (180s)...
[SIM] Gazebo started successfully
[SIM] robot_state_publisher: running
[SIM] Starting odom relay (odom_real → odom)...
[SIM] Odom relay started
[SIM] Starting scan relay (scan_real → scan)...
[SIM] Scan relay started, verifying /scan topic...
[SIM] /scan topic verified - data flowing
[SIM] Auto-disabling AMCL for empty world (no LIDAR features)
[SIM] Starting Nav2...
[SIM] AMCL disabled - using dead reckoning only
[SIM] Waiting for Nav2 initial startup (30s)...
[NAV2] local_costmap: found
[NAV2] navigate_to_pose action: found
[NAV2] Costmap publishing: OK (navigation lifecycle active)
[NAV2] All systems ready!
[SIM] Final verification: checking navigate_to_pose action...
[SIM] Nav2 started successfully and action server verified!
[SIM] Starting geofence with method: geofence, params: {}, comm_latency_ms: 0
[SIM] Waiting for geofence (20s)...
[SIM] Geofence started with method: geofence (cmd_vel_guard: False)
[SIM] cmd_vel_guard disabled, starting cmd_vel relay for navigation...
[SIM] Starting cmd_vel relay (cmd_vel_nav → cmd_vel)...
[SIM] cmd_vel relay started
[2026-02-19 22:42:26] [GEOFENCE] Restarting geofence (sigma=0.15, v_max=0.5, tau=0.1, a_max=2.5, braking=True)...
[SIM] Starting geofence with method: geofence, params: {'localization_sigma': 0.15, 'v_max': 0.5, 'latency': 0.1, 'a_max': 2.5, 'enable_braking_term': True, 'use_dynamic_v_max': False, 'use_dynamic_tau': False, 'use_dynamic_e_track': False}, comm_latency_ms: 50
[SIM] Waiting for geofence (20s)...
[SIM] Geofence started with method: geofence (cmd_vel_guard: False)
[SIM] cmd_vel_guard disabled, starting cmd_vel relay for navigation...
[SIM] Starting cmd_vel relay (cmd_vel_nav → cmd_vel) (latency=50ms)...
[SIM] cmd_vel relay started (latency=50ms)
[2026-02-19 22:42:54] 
Trial 10/25: S6_geofence_formula_a2.5_s4
[2026-02-19 22:42:54]   Goal: (7.00, 2.75)
[2026-02-19 22:42:54]   Formula braking a_max=2.5: M=0.600m > M*(0.580m) → probe goal rejected (safe)
[2026-02-19 22:42:54]   Comm latency: 50ms
[2026-02-19 22:42:54] [RESET] Resetting robot pose to origin...
[RESET] Teleporting robot to (0.0, 0.0, θ=0.0)
[RESET] Cancelling any active navigation goals...
[RESET] Stopping robot movement...
[RESET] Waiting for TF to stabilize...
[RESET] AMCL disabled, correcting map→odom TF after teleport...
[WARNING] Could not read odom, TF correction skipped
[WARNING] TF not yet stable, waiting more...
[RESET] Robot pose reset complete
[2026-02-19 22:43:34]   Result: reject (FAIL)
[2026-02-19 22:43:34]   Reason: Goal rejected by geofence (within safety margin)
[2026-02-19 22:43:34]   Time: 40.5s
[2026-02-19 22:43:34]   Robot moved: False, path_min_dist: 4.00m
[CHECKPOINT] Saved at trial 10/25
[2026-02-19 22:43:34] [GEOFENCE] Restarting geofence (sigma=0.15, v_max=0.5, tau=0.1, a_max=1.0, braking=True)...
[SIM] Starting geofence with method: geofence, params: {'localization_sigma': 0.15, 'v_max': 0.5, 'latency': 0.1, 'a_max': 1.0, 'enable_braking_term': True, 'use_dynamic_v_max': False, 'use_dynamic_tau': False, 'use_dynamic_e_track': False}, comm_latency_ms: 0
[SIM] Waiting for geofence (20s)...
[SIM] Geofence started with method: geofence (cmd_vel_guard: False)
[SIM] cmd_vel_guard disabled, starting cmd_vel relay for navigation...
[SIM] Starting cmd_vel relay (cmd_vel_nav → cmd_vel)...
[SIM] cmd_vel relay started
[2026-02-19 22:44:03] 
Trial 11/25: S6_geofence_formula_a1.0_s0
[2026-02-19 22:44:03]   Goal: (7.00, 2.75)
[2026-02-19 22:44:03]   Formula braking a_max=1.0: M=0.675m > M*(0.580m) → probe goal rejected (safe)
[2026-02-19 22:44:03] [RESET] Resetting robot pose to origin...
[RESET] Teleporting robot to (0.0, 0.0, θ=0.0)
[RESET] Cancelling any active navigation goals...
[RESET] Stopping robot movement...
[RESET] Waiting for TF to stabilize...
[RESET] AMCL disabled, correcting map→odom TF after teleport...
[RESET] Odom at (-0.00, -0.00, yaw=0.0°), target (0.00, 0.00, yaw=0.0°)
[RESET] TF correction: tx=0.000, ty=-0.000, yaw=-0.0°
[RESET] Static TF republished with yaw correction
[RESET] Robot pose reset complete
[2026-02-19 22:44:43]   Result: reject (FAIL)
[2026-02-19 22:44:43]   Reason: Goal rejected by geofence (within safety margin)
[2026-02-19 22:44:43]   Time: 40.3s
[2026-02-19 22:44:43]   Robot moved: False, path_min_dist: 4.00m
[2026-02-19 22:44:43] [HEALTH] Periodic health check...
[2026-02-19 22:44:43] [HEALTH] Load: 14.7, Memory: 18.1%
[NAV2] local_costmap: found
[NAV2] navigate_to_pose action: found
[WAIT] System busy (load=14.7, mem=18.1%), waiting...
[WAIT] System busy (load=13.8, mem=18.0%), waiting...
[WAIT] System busy (load=12.9, mem=17.9%), waiting...
[WAIT] System busy (load=12.7, mem=17.9%), waiting...
[WAIT] System busy (load=12.1, mem=17.8%), waiting...
[WAIT] System busy (load=12.0, mem=17.8%), waiting...
[WAIT] System busy (load=11.3, mem=17.9%), waiting...
[WAIT] System busy (load=10.6, mem=17.9%), waiting...
[WAIT] System busy (load=10.0, mem=17.9%), waiting...
[WAIT] System busy (load=9.5, mem=18.0%), waiting...
[WAIT] System busy (load=9.0, mem=18.0%), waiting...
[WAIT] System busy (load=8.7, mem=17.7%), waiting...
[WAIT] Timeout waiting for system (load=8.1, mem=17.7%)
[2026-02-19 22:45:44] [GEOFENCE] Restarting geofence (sigma=0.15, v_max=0.5, tau=0.1, a_max=1.0, braking=True)...
[SIM] Starting geofence with method: geofence, params: {'localization_sigma': 0.15, 'v_max': 0.5, 'latency': 0.1, 'a_max': 1.0, 'enable_braking_term': True, 'use_dynamic_v_max': False, 'use_dynamic_tau': False, 'use_dynamic_e_track': False}, comm_latency_ms: 50
[SIM] Waiting for geofence (20s)...
[SIM] Geofence started with method: geofence (cmd_vel_guard: False)
[SIM] cmd_vel_guard disabled, starting cmd_vel relay for navigation...
[SIM] Starting cmd_vel relay (cmd_vel_nav → cmd_vel) (latency=50ms)...
[SIM] cmd_vel relay started (latency=50ms)
[2026-02-19 22:46:12] 
Trial 12/25: S6_geofence_formula_a1.0_s1
[2026-02-19 22:46:12]   Goal: (7.00, 2.75)
[2026-02-19 22:46:12]   Formula braking a_max=1.0: M=0.675m > M*(0.580m) → probe goal rejected (safe)
[2026-02-19 22:46:12]   Comm latency: 50ms
[2026-02-19 22:46:12] [RESET] Resetting robot pose to origin...
[RESET] Teleporting robot to (0.0, 0.0, θ=0.0)
[RESET] Cancelling any active navigation goals...
[RESET] Stopping robot movement...
[RESET] Waiting for TF to stabilize...
[RESET] AMCL disabled, correcting map→odom TF after teleport...
[RESET] Odom at (-0.00, -0.00, yaw=0.0°), target (0.00, 0.00, yaw=0.0°)
[RESET] TF correction: tx=0.000, ty=-0.000, yaw=-0.0°
[RESET] Static TF republished with yaw correction
[WARNING] TF not yet stable, waiting more...
[RESET] Robot pose reset complete
[2026-02-19 22:46:46]   Result: reject (FAIL)
[2026-02-19 22:46:46]   Reason: Goal rejected by geofence (within safety margin)
[2026-02-19 22:46:46]   Time: 33.6s
[2026-02-19 22:46:46]   Robot moved: False, path_min_dist: 4.00m
[2026-02-19 22:46:46] [HEALTH] Pre-trial restart (every 3 trials, world=empty.sdf)...
[SIM] Stopping all processes...
[CLEANUP] Starting process cleanup...
[CLEANUP] Complete (killed 1 process groups)
[SIM] All processes stopped
[CLEANUP] Starting process cleanup...
[CLEANUP] Complete (killed 0 process groups)
[DEBUG] restart_with_method called: method=geofence, params={}, world=empty.sdf, guard=False
[SIM] Full restart for method: geofence (world: empty.sdf)
[SIM] Stopping all processes...
[CLEANUP] Starting process cleanup...
[CLEANUP] Complete (killed 0 process groups)
[SIM] All processes stopped
[SIM] Starting Gazebo...
[CLEANUP] Starting process cleanup...
[CLEANUP] Complete (killed 0 process groups)
[SIM] gz sim still alive (1 procs), force-killing PGIDs (attempt 1/5)...
[SIM] gz sim still alive (1 procs), force-killing PGIDs (attempt 2/5)...
[SIM] gz sim still alive (1 procs), force-killing PGIDs (attempt 3/5)...
[SIM] gz sim still alive (1 procs), force-killing PGIDs (attempt 4/5)...
[SIM] gz sim still alive (1 procs), force-killing PGIDs (attempt 5/5)...
[SIM][WARNING] Could not kill all gz sim processes — proceeding anyway
The daemon has been started
[SIM] Waiting for Gazebo (180s)...
[SIM] Gazebo started successfully
[SIM] robot_state_publisher: running
[SIM] Starting odom relay (odom_real → odom)...
[SIM] Odom relay started
[SIM] Starting scan relay (scan_real → scan)...
[SIM] Scan relay started, verifying /scan topic...
[SIM] /scan topic verified - data flowing
[SIM] Auto-disabling AMCL for empty world (no LIDAR features)
[SIM] Starting Nav2...
[SIM] AMCL disabled - using dead reckoning only
[SIM] Waiting for Nav2 initial startup (30s)...
[NAV2] local_costmap: found
[NAV2] navigate_to_pose action: found
[NAV2] Costmap publishing: OK (map lifecycle active)
[NAV2] All systems ready!
[SIM] Final verification: checking navigate_to_pose action...
[SIM] Nav2 started successfully and action server verified!
[SIM] Starting geofence with method: geofence, params: {}, comm_latency_ms: 0
[SIM] Waiting for geofence (20s)...
[SIM] Geofence started with method: geofence (cmd_vel_guard: False)
[SIM] cmd_vel_guard disabled, starting cmd_vel relay for navigation...
[SIM] Starting cmd_vel relay (cmd_vel_nav → cmd_vel)...
[SIM] cmd_vel relay started
[2026-02-19 22:49:00] [GEOFENCE] Restarting geofence (sigma=0.15, v_max=0.5, tau=0.1, a_max=1.0, braking=True)...
[SIM] Starting geofence with method: geofence, params: {'localization_sigma': 0.15, 'v_max': 0.5, 'latency': 0.1, 'a_max': 1.0, 'enable_braking_term': True, 'use_dynamic_v_max': False, 'use_dynamic_tau': False, 'use_dynamic_e_track': False}, comm_latency_ms: 100
[SIM] Waiting for geofence (20s)...
[SIM] Geofence started with method: geofence (cmd_vel_guard: False)
[SIM] cmd_vel_guard disabled, starting cmd_vel relay for navigation...
[SIM] Starting cmd_vel relay (cmd_vel_nav → cmd_vel) (latency=100ms)...
[SIM] cmd_vel relay started (latency=100ms)
[2026-02-19 22:49:28] 
Trial 13/25: S6_geofence_formula_a1.0_s2
[2026-02-19 22:49:28]   Goal: (7.00, 2.75)
[2026-02-19 22:49:28]   Formula braking a_max=1.0: M=0.675m > M*(0.580m) → probe goal rejected (safe)
[2026-02-19 22:49:28]   Comm latency: 100ms
[2026-02-19 22:49:28] [RESET] Resetting robot pose to origin...
[RESET] Teleporting robot to (0.0, 0.0, θ=0.0)
[RESET] Cancelling any active navigation goals...
[RESET] Stopping robot movement...
[RESET] Waiting for TF to stabilize...
[RESET] AMCL disabled, correcting map→odom TF after teleport...
[RESET] Odom at (-0.00, -0.00, yaw=0.0°), target (0.00, 0.00, yaw=0.0°)
[RESET] TF correction: tx=0.000, ty=-0.000, yaw=-0.0°
[RESET] Static TF republished with yaw correction
[RESET] Robot pose reset complete
[2026-02-19 22:49:56]   Result: reject (FAIL)
[2026-02-19 22:49:56]   Reason: Goal rejected by geofence (within safety margin)
[2026-02-19 22:49:56]   Time: 27.7s
[2026-02-19 22:49:56]   Robot moved: False, path_min_dist: 4.00m
[2026-02-19 22:49:56] [GEOFENCE] Restarting geofence (sigma=0.15, v_max=0.5, tau=0.1, a_max=1.0, braking=True)...
[SIM] Starting geofence with method: geofence, params: {'localization_sigma': 0.15, 'v_max': 0.5, 'latency': 0.1, 'a_max': 1.0, 'enable_braking_term': True, 'use_dynamic_v_max': False, 'use_dynamic_tau': False, 'use_dynamic_e_track': False}, comm_latency_ms: 0
[SIM] Waiting for geofence (20s)...
[SIM] Geofence started with method: geofence (cmd_vel_guard: False)
[SIM] cmd_vel_guard disabled, starting cmd_vel relay for navigation...
[SIM] Starting cmd_vel relay (cmd_vel_nav → cmd_vel)...
[SIM] cmd_vel relay started
[2026-02-19 22:50:24] 
Trial 14/25: S6_geofence_formula_a1.0_s3
[2026-02-19 22:50:24]   Goal: (7.00, 2.75)
[2026-02-19 22:50:24]   Formula braking a_max=1.0: M=0.675m > M*(0.580m) → probe goal rejected (safe)
[2026-02-19 22:50:24] [RESET] Resetting robot pose to origin...
[RESET] Teleporting robot to (0.0, 0.0, θ=0.0)
[RESET] Cancelling any active navigation goals...
[RESET] Stopping robot movement...
[RESET] Waiting for TF to stabilize...
[RESET] AMCL disabled, correcting map→odom TF after teleport...
[RESET] Odom at (-0.00, -0.00, yaw=0.0°), target (0.00, 0.00, yaw=0.0°)
[RESET] TF correction: tx=0.000, ty=-0.000, yaw=-0.0°
[RESET] Static TF republished with yaw correction
[RESET] Robot pose reset complete
[2026-02-19 22:50:59]   Result: reject (FAIL)
[2026-02-19 22:50:59]   Reason: Goal rejected by geofence (within safety margin)
[2026-02-19 22:50:59]   Time: 35.1s
[2026-02-19 22:50:59]   Robot moved: False, path_min_dist: 4.00m
[2026-02-19 22:50:59] [GEOFENCE] Restarting geofence (sigma=0.15, v_max=0.5, tau=0.1, a_max=1.0, braking=True)...
[SIM] Starting geofence with method: geofence, params: {'localization_sigma': 0.15, 'v_max': 0.5, 'latency': 0.1, 'a_max': 1.0, 'enable_braking_term': True, 'use_dynamic_v_max': False, 'use_dynamic_tau': False, 'use_dynamic_e_track': False}, comm_latency_ms: 50
[SIM] Waiting for geofence (20s)...
[SIM] Geofence started with method: geofence (cmd_vel_guard: False)
[SIM] cmd_vel_guard disabled, starting cmd_vel relay for navigation...
[SIM] Starting cmd_vel relay (cmd_vel_nav → cmd_vel) (latency=50ms)...
[SIM] cmd_vel relay started (latency=50ms)
[2026-02-19 22:51:27] 
Trial 15/25: S6_geofence_formula_a1.0_s4
[2026-02-19 22:51:27]   Goal: (7.00, 2.75)
[2026-02-19 22:51:27]   Formula braking a_max=1.0: M=0.675m > M*(0.580m) → probe goal rejected (safe)
[2026-02-19 22:51:27]   Comm latency: 50ms
[2026-02-19 22:51:27] [RESET] Resetting robot pose to origin...
[RESET] Teleporting robot to (0.0, 0.0, θ=0.0)
[RESET] Cancelling any active navigation goals...
[RESET] Stopping robot movement...
[RESET] Waiting for TF to stabilize...
[RESET] AMCL disabled, correcting map→odom TF after teleport...
[RESET] Odom at (-0.00, -0.00, yaw=0.0°), target (0.00, 0.00, yaw=0.0°)
[RESET] TF correction: tx=0.000, ty=-0.000, yaw=-0.0°
[RESET] Static TF republished with yaw correction
[RESET] Robot pose reset complete
[2026-02-19 22:52:11]   Result: reject (FAIL)
[2026-02-19 22:52:11]   Reason: Goal rejected by geofence (within safety margin)
[2026-02-19 22:52:11]   Time: 44.3s
[2026-02-19 22:52:11]   Robot moved: False, path_min_dist: 4.00m
[CHECKPOINT] Saved at trial 15/25
[2026-02-19 22:52:11] [HEALTH] Pre-trial restart (every 3 trials, world=empty.sdf)...
[SIM] Stopping all processes...
[CLEANUP] Starting process cleanup...
[CLEANUP] Complete (killed 1 process groups)
[SIM] All processes stopped
[CLEANUP] Starting process cleanup...
[CLEANUP] Complete (killed 0 process groups)
[DEBUG] restart_with_method called: method=geofence, params={}, world=empty.sdf, guard=False
[SIM] Full restart for method: geofence (world: empty.sdf)
[SIM] Stopping all processes...
[CLEANUP] Starting process cleanup...
[CLEANUP] Complete (killed 0 process groups)
[SIM] All processes stopped
[SIM] Starting Gazebo...
[CLEANUP] Starting process cleanup...
[CLEANUP] Complete (killed 0 process groups)
[SIM] gz sim still alive (1 procs), force-killing PGIDs (attempt 1/5)...
[SIM] gz sim still alive (1 procs), force-killing PGIDs (attempt 2/5)...
[SIM] gz sim still alive (1 procs), force-killing PGIDs (attempt 3/5)...
[SIM] gz sim still alive (1 procs), force-killing PGIDs (attempt 4/5)...
[SIM] gz sim still alive (1 procs), force-killing PGIDs (attempt 5/5)...
[SIM][WARNING] Could not kill all gz sim processes — proceeding anyway
The daemon has been started
[SIM] Waiting for Gazebo (180s)...
[SIM] Gazebo started successfully
[SIM] robot_state_publisher: running
[SIM] Starting odom relay (odom_real → odom)...
[SIM] Odom relay started
[SIM] Starting scan relay (scan_real → scan)...
[SIM] Scan relay started, verifying /scan topic...
[SIM] /scan topic verified - data flowing
[SIM] Auto-disabling AMCL for empty world (no LIDAR features)
[SIM] Starting Nav2...
[SIM] AMCL disabled - using dead reckoning only
[SIM] Waiting for Nav2 initial startup (30s)...
[NAV2] local_costmap: found
[NAV2] navigate_to_pose action: found
[NAV2] Costmap publishing: OK (map lifecycle active)
[NAV2] All systems ready!
[SIM] Final verification: checking navigate_to_pose action...
[SIM] Nav2 started successfully and action server verified!
[SIM] Starting geofence with method: geofence, params: {}, comm_latency_ms: 0
[SIM] Waiting for geofence (20s)...
[SIM] Geofence started with method: geofence (cmd_vel_guard: False)
[SIM] cmd_vel_guard disabled, starting cmd_vel relay for navigation...
[SIM] Starting cmd_vel relay (cmd_vel_nav → cmd_vel)...
[SIM] cmd_vel relay started
[2026-02-19 22:54:31] [GEOFENCE] Restarting geofence (sigma=0.15, v_max=0.5, tau=0.1, a_max=0.5, braking=True)...
[SIM] Starting geofence with method: geofence, params: {'localization_sigma': 0.15, 'v_max': 0.5, 'latency': 0.1, 'a_max': 0.5, 'enable_braking_term': True, 'use_dynamic_v_max': False, 'use_dynamic_tau': False, 'use_dynamic_e_track': False}, comm_latency_ms: 0
[SIM] Waiting for geofence (20s)...
[SIM] Geofence started with method: geofence (cmd_vel_guard: False)
[SIM] cmd_vel_guard disabled, starting cmd_vel relay for navigation...
[SIM] Starting cmd_vel relay (cmd_vel_nav → cmd_vel)...
[SIM] cmd_vel relay started
[2026-02-19 22:54:59] 
Trial 16/25: S6_geofence_formula_a0.5_s0
[2026-02-19 22:54:59]   Goal: (7.00, 2.75)
[2026-02-19 22:54:59]   Formula braking a_max=0.5: M=0.800m > M*(0.580m) → probe goal rejected (safe)
[2026-02-19 22:54:59] [RESET] Resetting robot pose to origin...
[RESET] Teleporting robot to (0.0, 0.0, θ=0.0)
[RESET] Cancelling any active navigation goals...
[RESET] Stopping robot movement...
[RESET] Waiting for TF to stabilize...
[RESET] AMCL disabled, correcting map→odom TF after teleport...
[RESET] Odom at (-0.00, -0.00, yaw=0.0°), target (0.00, 0.00, yaw=0.0°)
[RESET] TF correction: tx=0.000, ty=-0.000, yaw=-0.0°
[RESET] Static TF republished with yaw correction
[RESET] Robot pose reset complete
[2026-02-19 22:55:25]   Result: reject (FAIL)
[2026-02-19 22:55:25]   Reason: Goal rejected by geofence (within safety margin)
[2026-02-19 22:55:25]   Time: 25.4s
[2026-02-19 22:55:25]   Robot moved: False, path_min_dist: 4.00m
[2026-02-19 22:55:25] [GEOFENCE] Restarting geofence (sigma=0.15, v_max=0.5, tau=0.1, a_max=0.5, braking=True)...
[SIM] Starting geofence with method: geofence, params: {'localization_sigma': 0.15, 'v_max': 0.5, 'latency': 0.1, 'a_max': 0.5, 'enable_braking_term': True, 'use_dynamic_v_max': False, 'use_dynamic_tau': False, 'use_dynamic_e_track': False}, comm_latency_ms: 50
[SIM] Waiting for geofence (20s)...
[SIM] Geofence started with method: geofence (cmd_vel_guard: False)
[SIM] cmd_vel_guard disabled, starting cmd_vel relay for navigation...
[SIM] Starting cmd_vel relay (cmd_vel_nav → cmd_vel) (latency=50ms)...
[SIM] cmd_vel relay started (latency=50ms)
[2026-02-19 22:55:53] 
Trial 17/25: S6_geofence_formula_a0.5_s1
[2026-02-19 22:55:53]   Goal: (7.00, 2.75)
[2026-02-19 22:55:53]   Formula braking a_max=0.5: M=0.800m > M*(0.580m) → probe goal rejected (safe)
[2026-02-19 22:55:53]   Comm latency: 50ms
[2026-02-19 22:55:53] [RESET] Resetting robot pose to origin...
[RESET] Teleporting robot to (0.0, 0.0, θ=0.0)
[RESET] Cancelling any active navigation goals...
[RESET] Stopping robot movement...
[RESET] Waiting for TF to stabilize...
[RESET] AMCL disabled, correcting map→odom TF after teleport...
[RESET] Odom at (-0.00, -0.00, yaw=0.0°), target (0.00, 0.00, yaw=0.0°)
[RESET] TF correction: tx=0.000, ty=-0.000, yaw=-0.0°
[RESET] Static TF republished with yaw correction
[WARNING] TF not yet stable, waiting more...
[RESET] Robot pose reset complete
[2026-02-19 22:56:30]   Result: reject (FAIL)
[2026-02-19 22:56:30]   Reason: Goal rejected by geofence (within safety margin)
[2026-02-19 22:56:30]   Time: 36.9s
[2026-02-19 22:56:30]   Robot moved: False, path_min_dist: 4.00m
[2026-02-19 22:56:30] [GEOFENCE] Restarting geofence (sigma=0.15, v_max=0.5, tau=0.1, a_max=0.5, braking=True)...
[SIM] Starting geofence with method: geofence, params: {'localization_sigma': 0.15, 'v_max': 0.5, 'latency': 0.1, 'a_max': 0.5, 'enable_braking_term': True, 'use_dynamic_v_max': False, 'use_dynamic_tau': False, 'use_dynamic_e_track': False}, comm_latency_ms: 100
[SIM] Waiting for geofence (20s)...
[SIM] Geofence started with method: geofence (cmd_vel_guard: False)
[SIM] cmd_vel_guard disabled, starting cmd_vel relay for navigation...
[SIM] Starting cmd_vel relay (cmd_vel_nav → cmd_vel) (latency=100ms)...
[SIM] cmd_vel relay started (latency=100ms)
[2026-02-19 22:56:58] 
Trial 18/25: S6_geofence_formula_a0.5_s2
[2026-02-19 22:56:58]   Goal: (7.00, 2.75)
[2026-02-19 22:56:58]   Formula braking a_max=0.5: M=0.800m > M*(0.580m) → probe goal rejected (safe)
[2026-02-19 22:56:58]   Comm latency: 100ms
[2026-02-19 22:56:58] [RESET] Resetting robot pose to origin...
[RESET] Teleporting robot to (0.0, 0.0, θ=0.0)
[RESET] Cancelling any active navigation goals...
[RESET] Stopping robot movement...
[RESET] Waiting for TF to stabilize...
[RESET] AMCL disabled, correcting map→odom TF after teleport...
[RESET] Odom at (-0.00, -0.00, yaw=0.0°), target (0.00, 0.00, yaw=0.0°)
[RESET] TF correction: tx=0.000, ty=-0.000, yaw=-0.0°
[RESET] Static TF republished with yaw correction
[RESET] Robot pose reset complete
[2026-02-19 22:57:39]   Result: reject (FAIL)
[2026-02-19 22:57:39]   Reason: Goal rejected by geofence (within safety margin)
[2026-02-19 22:57:39]   Time: 41.5s
[2026-02-19 22:57:39]   Robot moved: False, path_min_dist: 4.00m
[2026-02-19 22:57:39] [HEALTH] Pre-trial restart (every 3 trials, world=empty.sdf)...
[SIM] Stopping all processes...
[CLEANUP] Starting process cleanup...
[CLEANUP] Complete (killed 1 process groups)
[SIM] All processes stopped
[CLEANUP] Starting process cleanup...
[CLEANUP] Complete (killed 0 process groups)
[DEBUG] restart_with_method called: method=geofence, params={}, world=empty.sdf, guard=False
[SIM] Full restart for method: geofence (world: empty.sdf)
[SIM] Stopping all processes...
[CLEANUP] Starting process cleanup...
[CLEANUP] Complete (killed 0 process groups)
[SIM] All processes stopped
[SIM] Starting Gazebo...
[CLEANUP] Starting process cleanup...
[CLEANUP] Complete (killed 0 process groups)
[SIM] gz sim still alive (1 procs), force-killing PGIDs (attempt 1/5)...
[SIM] gz sim still alive (1 procs), force-killing PGIDs (attempt 2/5)...
[SIM] gz sim still alive (1 procs), force-killing PGIDs (attempt 3/5)...
[SIM] gz sim still alive (1 procs), force-killing PGIDs (attempt 4/5)...
[SIM] gz sim still alive (1 procs), force-killing PGIDs (attempt 5/5)...
[SIM][WARNING] Could not kill all gz sim processes — proceeding anyway
The daemon has been started
[SIM] Waiting for Gazebo (180s)...
[SIM] Gazebo started successfully
[SIM] robot_state_publisher: running
[SIM] Starting odom relay (odom_real → odom)...
[SIM] Odom relay started
[SIM] Starting scan relay (scan_real → scan)...
[SIM] Scan relay started, verifying /scan topic...
[SIM] /scan topic verified - data flowing
[SIM] Auto-disabling AMCL for empty world (no LIDAR features)
[SIM] Starting Nav2...
[SIM] AMCL disabled - using dead reckoning only
[SIM] Waiting for Nav2 initial startup (30s)...
[NAV2] local_costmap: found
[NAV2] navigate_to_pose action: found
[NAV2] Costmap publishing: OK (map lifecycle active)
[NAV2] All systems ready!
[SIM] Final verification: checking navigate_to_pose action...
[SIM] Nav2 started successfully and action server verified!
[SIM] Starting geofence with method: geofence, params: {}, comm_latency_ms: 0
[SIM] Waiting for geofence (20s)...
[SIM] Geofence started with method: geofence (cmd_vel_guard: False)
[SIM] cmd_vel_guard disabled, starting cmd_vel relay for navigation...
[SIM] Starting cmd_vel relay (cmd_vel_nav → cmd_vel)...
[SIM] cmd_vel relay started
[2026-02-19 22:59:54] [GEOFENCE] Restarting geofence (sigma=0.15, v_max=0.5, tau=0.1, a_max=0.5, braking=True)...
[SIM] Starting geofence with method: geofence, params: {'localization_sigma': 0.15, 'v_max': 0.5, 'latency': 0.1, 'a_max': 0.5, 'enable_braking_term': True, 'use_dynamic_v_max': False, 'use_dynamic_tau': False, 'use_dynamic_e_track': False}, comm_latency_ms: 0
[SIM] Waiting for geofence (20s)...
[SIM] Geofence started with method: geofence (cmd_vel_guard: False)
[SIM] cmd_vel_guard disabled, starting cmd_vel relay for navigation...
[SIM] Starting cmd_vel relay (cmd_vel_nav → cmd_vel)...
[SIM] cmd_vel relay started
[2026-02-19 23:00:22] 
Trial 19/25: S6_geofence_formula_a0.5_s3
[2026-02-19 23:00:22]   Goal: (7.00, 2.75)
[2026-02-19 23:00:22]   Formula braking a_max=0.5: M=0.800m > M*(0.580m) → probe goal rejected (safe)
[2026-02-19 23:00:22] [RESET] Resetting robot pose to origin...
[RESET] Teleporting robot to (0.0, 0.0, θ=0.0)
[RESET] Cancelling any active navigation goals...
[RESET] Stopping robot movement...
[RESET] Waiting for TF to stabilize...
[RESET] AMCL disabled, correcting map→odom TF after teleport...
[RESET] Odom at (-0.00, -0.00, yaw=0.0°), target (0.00, 0.00, yaw=0.0°)
[RESET] TF correction: tx=0.000, ty=-0.000, yaw=-0.0°
[RESET] Static TF republished with yaw correction
[RESET] Robot pose reset complete
[2026-02-19 23:00:56]   Result: reject (FAIL)
[2026-02-19 23:00:56]   Reason: Goal rejected by geofence (within safety margin)
[2026-02-19 23:00:56]   Time: 34.4s
[2026-02-19 23:00:56]   Robot moved: False, path_min_dist: 4.00m
[2026-02-19 23:00:56] [GEOFENCE] Restarting geofence (sigma=0.15, v_max=0.5, tau=0.1, a_max=0.5, braking=True)...
[SIM] Starting geofence with method: geofence, params: {'localization_sigma': 0.15, 'v_max': 0.5, 'latency': 0.1, 'a_max': 0.5, 'enable_braking_term': True, 'use_dynamic_v_max': False, 'use_dynamic_tau': False, 'use_dynamic_e_track': False}, comm_latency_ms: 50
[SIM] Waiting for geofence (20s)...
[SIM] Geofence started with method: geofence (cmd_vel_guard: False)
[SIM] cmd_vel_guard disabled, starting cmd_vel relay for navigation...
[SIM] Starting cmd_vel relay (cmd_vel_nav → cmd_vel) (latency=50ms)...
[SIM] cmd_vel relay started (latency=50ms)
[2026-02-19 23:01:25] 
Trial 20/25: S6_geofence_formula_a0.5_s4
[2026-02-19 23:01:25]   Goal: (7.00, 2.75)
[2026-02-19 23:01:25]   Formula braking a_max=0.5: M=0.800m > M*(0.580m) → probe goal rejected (safe)
[2026-02-19 23:01:25]   Comm latency: 50ms
[2026-02-19 23:01:25] [RESET] Resetting robot pose to origin...
[RESET] Teleporting robot to (0.0, 0.0, θ=0.0)
[RESET] Cancelling any active navigation goals...
[RESET] Stopping robot movement...
[RESET] Waiting for TF to stabilize...
[RESET] AMCL disabled, correcting map→odom TF after teleport...
[WARNING] Could not read odom, TF correction skipped
[WARNING] TF not yet stable, waiting more...
[RESET] Robot pose reset complete
[2026-02-19 23:01:59]   Result: reject (FAIL)
[2026-02-19 23:01:59]   Reason: Goal rejected by geofence (within safety margin)
[2026-02-19 23:01:59]   Time: 34.9s
[2026-02-19 23:01:59]   Robot moved: False, path_min_dist: 4.00m
[CHECKPOINT] Saved at trial 20/25
[2026-02-19 23:01:59] [GEOFENCE] Restarting geofence (sigma=0.15, v_max=0.5, tau=0.1, a_max=0.3, braking=True)...
[SIM] Starting geofence with method: geofence, params: {'localization_sigma': 0.15, 'v_max': 0.5, 'latency': 0.1, 'a_max': 0.3, 'enable_braking_term': True, 'use_dynamic_v_max': False, 'use_dynamic_tau': False, 'use_dynamic_e_track': False}, comm_latency_ms: 0
[SIM] Waiting for geofence (20s)...
[SIM] Geofence started with method: geofence (cmd_vel_guard: False)
[SIM] cmd_vel_guard disabled, starting cmd_vel relay for navigation...
[SIM] Starting cmd_vel relay (cmd_vel_nav → cmd_vel)...
[SIM] cmd_vel relay started
[2026-02-19 23:02:28] 
Trial 21/25: S6_geofence_formula_a0.3_s0
[2026-02-19 23:02:28]   Goal: (7.00, 2.75)
[2026-02-19 23:02:28]   Formula braking a_max=0.3: M=0.967m > M*(0.580m) → probe goal rejected (safe)
[2026-02-19 23:02:28] [RESET] Resetting robot pose to origin...
[RESET] Teleporting robot to (0.0, 0.0, θ=0.0)
[RESET] Cancelling any active navigation goals...
[RESET] Stopping robot movement...
[RESET] Waiting for TF to stabilize...
[RESET] AMCL disabled, correcting map→odom TF after teleport...
[RESET] Odom at (-0.00, -0.00, yaw=0.0°), target (0.00, 0.00, yaw=0.0°)
[RESET] TF correction: tx=0.000, ty=-0.000, yaw=-0.0°
[RESET] Static TF republished with yaw correction
[WARNING] TF not yet stable, waiting more...
[RESET] Robot pose reset complete
[2026-02-19 23:02:50]   Result: reject (FAIL)
[2026-02-19 23:02:50]   Reason: Goal rejected by geofence (within safety margin)
[2026-02-19 23:02:50]   Time: 22.6s
[2026-02-19 23:02:50]   Robot moved: False, path_min_dist: 4.00m
[2026-02-19 23:02:50] [HEALTH] Periodic health check...
[2026-02-19 23:02:50] [HEALTH] Load: 5.1, Memory: 18.1%
[NAV2] local_costmap: found
[NAV2] navigate_to_pose action: found
[2026-02-19 23:02:51] [HEALTH] Pre-trial restart (every 3 trials, world=empty.sdf)...
[SIM] Stopping all processes...
[CLEANUP] Starting process cleanup...
[CLEANUP] Complete (killed 1 process groups)
[SIM] All processes stopped
[CLEANUP] Starting process cleanup...
[CLEANUP] Complete (killed 0 process groups)
[DEBUG] restart_with_method called: method=geofence, params={}, world=empty.sdf, guard=False
[SIM] Full restart for method: geofence (world: empty.sdf)
[SIM] Stopping all processes...
[CLEANUP] Starting process cleanup...
[CLEANUP] Complete (killed 0 process groups)
[SIM] All processes stopped
[SIM] Starting Gazebo...
[CLEANUP] Starting process cleanup...
[CLEANUP] Complete (killed 0 process groups)
[SIM] gz sim still alive (1 procs), force-killing PGIDs (attempt 1/5)...
[SIM] gz sim still alive (1 procs), force-killing PGIDs (attempt 2/5)...
[SIM] gz sim still alive (1 procs), force-killing PGIDs (attempt 3/5)...
[SIM] gz sim still alive (1 procs), force-killing PGIDs (attempt 4/5)...
[SIM] gz sim still alive (1 procs), force-killing PGIDs (attempt 5/5)...
[SIM][WARNING] Could not kill all gz sim processes — proceeding anyway
The daemon has been started
[SIM] Waiting for Gazebo (180s)...
[SIM] Gazebo started successfully
[SIM] robot_state_publisher: running
[SIM] Starting odom relay (odom_real → odom)...
[SIM] Odom relay started
[SIM] Starting scan relay (scan_real → scan)...
[SIM] Scan relay started, verifying /scan topic...
[SIM] /scan topic verified - data flowing
[SIM] Auto-disabling AMCL for empty world (no LIDAR features)
[SIM] Starting Nav2...
[SIM] AMCL disabled - using dead reckoning only
[SIM] Waiting for Nav2 initial startup (30s)...
[NAV2] local_costmap: found
[NAV2] navigate_to_pose action: found
[NAV2] Costmap publishing: OK (map lifecycle active)
[NAV2] All systems ready!
[SIM] Final verification: checking navigate_to_pose action...
[SIM] Nav2 started successfully and action server verified!
[SIM] Starting geofence with method: geofence, params: {}, comm_latency_ms: 0
[SIM] Waiting for geofence (20s)...
[SIM] Geofence started with method: geofence (cmd_vel_guard: False)
[SIM] cmd_vel_guard disabled, starting cmd_vel relay for navigation...
[SIM] Starting cmd_vel relay (cmd_vel_nav → cmd_vel)...
[SIM] cmd_vel relay started
[2026-02-19 23:05:06] [GEOFENCE] Restarting geofence (sigma=0.15, v_max=0.5, tau=0.1, a_max=0.3, braking=True)...
[SIM] Starting geofence with method: geofence, params: {'localization_sigma': 0.15, 'v_max': 0.5, 'latency': 0.1, 'a_max': 0.3, 'enable_braking_term': True, 'use_dynamic_v_max': False, 'use_dynamic_tau': False, 'use_dynamic_e_track': False}, comm_latency_ms: 50
[SIM] Waiting for geofence (20s)...
[SIM] Geofence started with method: geofence (cmd_vel_guard: False)
[SIM] cmd_vel_guard disabled, starting cmd_vel relay for navigation...
[SIM] Starting cmd_vel relay (cmd_vel_nav → cmd_vel) (latency=50ms)...
[SIM] cmd_vel relay started (latency=50ms)
[2026-02-19 23:05:34] 
Trial 22/25: S6_geofence_formula_a0.3_s1
[2026-02-19 23:05:34]   Goal: (7.00, 2.75)
[2026-02-19 23:05:34]   Formula braking a_max=0.3: M=0.967m > M*(0.580m) → probe goal rejected (safe)
[2026-02-19 23:05:34]   Comm latency: 50ms
[2026-02-19 23:05:34] [RESET] Resetting robot pose to origin...
[RESET] Teleporting robot to (0.0, 0.0, θ=0.0)
[RESET] Cancelling any active navigation goals...
[RESET] Stopping robot movement...
[RESET] Waiting for TF to stabilize...
[RESET] AMCL disabled, correcting map→odom TF after teleport...
[RESET] Odom at (-0.00, -0.00, yaw=0.0°), target (0.00, 0.00, yaw=0.0°)
[RESET] TF correction: tx=0.000, ty=-0.000, yaw=-0.0°
[RESET] Static TF republished with yaw correction
[RESET] Robot pose reset complete
[2026-02-19 23:06:08]   Result: reject (FAIL)
[2026-02-19 23:06:08]   Reason: Goal rejected by geofence (within safety margin)
[2026-02-19 23:06:08]   Time: 33.7s
[2026-02-19 23:06:08]   Robot moved: False, path_min_dist: 4.00m
[2026-02-19 23:06:08] [GEOFENCE] Restarting geofence (sigma=0.15, v_max=0.5, tau=0.1, a_max=0.3, braking=True)...
[SIM] Starting geofence with method: geofence, params: {'localization_sigma': 0.15, 'v_max': 0.5, 'latency': 0.1, 'a_max': 0.3, 'enable_braking_term': True, 'use_dynamic_v_max': False, 'use_dynamic_tau': False, 'use_dynamic_e_track': False}, comm_latency_ms: 100
[SIM] Waiting for geofence (20s)...
[SIM] Geofence started with method: geofence (cmd_vel_guard: False)
[SIM] cmd_vel_guard disabled, starting cmd_vel relay for navigation...
[SIM] Starting cmd_vel relay (cmd_vel_nav → cmd_vel) (latency=100ms)...
[SIM] cmd_vel relay started (latency=100ms)
[2026-02-19 23:06:36] 
Trial 23/25: S6_geofence_formula_a0.3_s2
[2026-02-19 23:06:36]   Goal: (7.00, 2.75)
[2026-02-19 23:06:36]   Formula braking a_max=0.3: M=0.967m > M*(0.580m) → probe goal rejected (safe)
[2026-02-19 23:06:36]   Comm latency: 100ms
[2026-02-19 23:06:36] [WAIT] High system load, waiting...
[WAIT] System busy (load=14.8, mem=17.9%), waiting...
[WAIT] System busy (load=13.7, mem=17.9%), waiting...
[WAIT] System busy (load=13.0, mem=17.8%), waiting...
[WAIT] System busy (load=12.1, mem=18.0%), waiting...
[WAIT] System busy (load=11.3, mem=18.0%), waiting...
[WAIT] System busy (load=10.5, mem=17.9%), waiting...
[WAIT] System busy (load=10.0, mem=17.8%), waiting...
[WAIT] System busy (load=9.3, mem=18.0%), waiting...
[WAIT] System busy (load=8.8, mem=17.9%), waiting...
[WAIT] System busy (load=8.4, mem=17.8%), waiting...
[WAIT] System busy (load=8.1, mem=18.1%), waiting...
[2026-02-19 23:07:31] [RESET] Resetting robot pose to origin...
[RESET] Teleporting robot to (0.0, 0.0, θ=0.0)
[RESET] Cancelling any active navigation goals...
[RESET] Stopping robot movement...
[RESET] Waiting for TF to stabilize...
[RESET] AMCL disabled, correcting map→odom TF after teleport...
[RESET] Odom at (-0.00, -0.00, yaw=0.0°), target (0.00, 0.00, yaw=0.0°)
[RESET] TF correction: tx=0.000, ty=-0.000, yaw=-0.0°
[RESET] Static TF republished with yaw correction
[RESET] Robot pose reset complete
[2026-02-19 23:08:02]   Result: reject (FAIL)
[2026-02-19 23:08:02]   Reason: Goal rejected by geofence (within safety margin)
[2026-02-19 23:08:02]   Time: 31.3s
[2026-02-19 23:08:02]   Robot moved: False, path_min_dist: 4.00m
[2026-02-19 23:08:02] [GEOFENCE] Restarting geofence (sigma=0.15, v_max=0.5, tau=0.1, a_max=0.3, braking=True)...
[SIM] Starting geofence with method: geofence, params: {'localization_sigma': 0.15, 'v_max': 0.5, 'latency': 0.1, 'a_max': 0.3, 'enable_braking_term': True, 'use_dynamic_v_max': False, 'use_dynamic_tau': False, 'use_dynamic_e_track': False}, comm_latency_ms: 0
[SIM] Waiting for geofence (20s)...
[SIM] Geofence started with method: geofence (cmd_vel_guard: False)
[SIM] cmd_vel_guard disabled, starting cmd_vel relay for navigation...
[SIM] Starting cmd_vel relay (cmd_vel_nav → cmd_vel)...
[SIM] cmd_vel relay started
[2026-02-19 23:08:31] 
Trial 24/25: S6_geofence_formula_a0.3_s3
[2026-02-19 23:08:31]   Goal: (7.00, 2.75)
[2026-02-19 23:08:31]   Formula braking a_max=0.3: M=0.967m > M*(0.580m) → probe goal rejected (safe)
[2026-02-19 23:08:31] [RESET] Resetting robot pose to origin...
[RESET] Teleporting robot to (0.0, 0.0, θ=0.0)
[RESET] Cancelling any active navigation goals...
[RESET] Stopping robot movement...
[RESET] Waiting for TF to stabilize...
[RESET] AMCL disabled, correcting map→odom TF after teleport...
[WARNING] Could not read odom, TF correction skipped
[WARNING] TF not yet stable, waiting more...
[RESET] Robot pose reset complete
[2026-02-19 23:09:03]   Result: reject (FAIL)
[2026-02-19 23:09:03]   Reason: Goal rejected by geofence (within safety margin)
[2026-02-19 23:09:03]   Time: 32.3s
[2026-02-19 23:09:03]   Robot moved: False, path_min_dist: 4.00m
[2026-02-19 23:09:03] [HEALTH] Pre-trial restart (every 3 trials, world=empty.sdf)...
[SIM] Stopping all processes...
[CLEANUP] Starting process cleanup...
[CLEANUP] Complete (killed 1 process groups)
[SIM] All processes stopped
[CLEANUP] Starting process cleanup...
[CLEANUP] Complete (killed 0 process groups)
[DEBUG] restart_with_method called: method=geofence, params={}, world=empty.sdf, guard=False
[SIM] Full restart for method: geofence (world: empty.sdf)
[SIM] Stopping all processes...
[CLEANUP] Starting process cleanup...
[CLEANUP] Complete (killed 0 process groups)
[SIM] All processes stopped
[SIM] Starting Gazebo...
[CLEANUP] Starting process cleanup...
[CLEANUP] Complete (killed 0 process groups)
[SIM] gz sim still alive (1 procs), force-killing PGIDs (attempt 1/5)...
[SIM] gz sim still alive (1 procs), force-killing PGIDs (attempt 2/5)...
[SIM] gz sim still alive (1 procs), force-killing PGIDs (attempt 3/5)...
[SIM] gz sim still alive (1 procs), force-killing PGIDs (attempt 4/5)...
[SIM] gz sim still alive (1 procs), force-killing PGIDs (attempt 5/5)...
[SIM][WARNING] Could not kill all gz sim processes — proceeding anyway
The daemon has been started
[SIM] Waiting for Gazebo (180s)...
[SIM] Gazebo started successfully
[SIM] robot_state_publisher: running
[SIM] Starting odom relay (odom_real → odom)...
[SIM] Odom relay started
[SIM] Starting scan relay (scan_real → scan)...
[SIM] Scan relay started, verifying /scan topic...
[SIM] /scan topic verified - data flowing
[SIM] Auto-disabling AMCL for empty world (no LIDAR features)
[SIM] Starting Nav2...
[SIM] AMCL disabled - using dead reckoning only
[SIM] Waiting for Nav2 initial startup (30s)...
[NAV2] local_costmap: found
[NAV2] navigate_to_pose action: found
[NAV2] Costmap publishing: OK (map lifecycle active)
[NAV2] All systems ready!
[SIM] Final verification: checking navigate_to_pose action...
[SIM] Nav2 started successfully and action server verified!
[SIM] Starting geofence with method: geofence, params: {}, comm_latency_ms: 0
[SIM] Waiting for geofence (20s)...
[SIM] Geofence started with method: geofence (cmd_vel_guard: False)
[SIM] cmd_vel_guard disabled, starting cmd_vel relay for navigation...
[SIM] Starting cmd_vel relay (cmd_vel_nav → cmd_vel)...
[SIM] cmd_vel relay started
[2026-02-19 23:11:17] [GEOFENCE] Restarting geofence (sigma=0.15, v_max=0.5, tau=0.1, a_max=0.3, braking=True)...
[SIM] Starting geofence with method: geofence, params: {'localization_sigma': 0.15, 'v_max': 0.5, 'latency': 0.1, 'a_max': 0.3, 'enable_braking_term': True, 'use_dynamic_v_max': False, 'use_dynamic_tau': False, 'use_dynamic_e_track': False}, comm_latency_ms: 50
[SIM] Waiting for geofence (20s)...
[SIM] Geofence started with method: geofence (cmd_vel_guard: False)
[SIM] cmd_vel_guard disabled, starting cmd_vel relay for navigation...
[SIM] Starting cmd_vel relay (cmd_vel_nav → cmd_vel) (latency=50ms)...
[SIM] cmd_vel relay started (latency=50ms)
[2026-02-19 23:11:45] 
Trial 25/25: S6_geofence_formula_a0.3_s4
[2026-02-19 23:11:45]   Goal: (7.00, 2.75)
[2026-02-19 23:11:45]   Formula braking a_max=0.3: M=0.967m > M*(0.580m) → probe goal rejected (safe)
[2026-02-19 23:11:45]   Comm latency: 50ms
[2026-02-19 23:11:45] [RESET] Resetting robot pose to origin...
[RESET] Teleporting robot to (0.0, 0.0, θ=0.0)
[RESET] Cancelling any active navigation goals...
[RESET] Stopping robot movement...
[RESET] Waiting for TF to stabilize...
[RESET] AMCL disabled, correcting map→odom TF after teleport...
[RESET] Odom at (-0.00, -0.00, yaw=0.0°), target (0.00, 0.00, yaw=0.0°)
[RESET] TF correction: tx=0.000, ty=-0.000, yaw=-0.0°
[RESET] Static TF republished with yaw correction
[RESET] Robot pose reset complete
[2026-02-19 23:12:21]   Result: reject (FAIL)
[2026-02-19 23:12:21]   Reason: Goal rejected by geofence (within safety margin)
[2026-02-19 23:12:21]   Time: 35.4s
[2026-02-19 23:12:21]   Robot moved: False, path_min_dist: 4.00m
[CHECKPOINT] Saved at trial 25/25
[SIM] Stopping all processes...
[CLEANUP] Starting process cleanup...
[CLEANUP] Complete (killed 1 process groups)
[SIM] All processes stopped
[2026-02-19 23:12:35] 
================================================================================
[2026-02-19 23:12:35] CONFUSION MATRIX SUMMARY BY METHOD
[2026-02-19 23:12:35] ================================================================================

Method         Total   TP   FP   TN   FN INFRA   Prec    Rec     F1     VR     Hz  Lat(ms)
------------------------------------------------------------------------------------------
geofence          25    0   20    0    0     5  0.00  0.00  0.00   0.0%   6.5 38287.0
[2026-02-19 23:12:35] 
--------------------------------------------------------------------------------
[2026-02-19 23:12:35] BOOTSTRAP 95% CONFIDENCE INTERVALS
[2026-02-19 23:12:35] --------------------------------------------------------------------------------

Method                  Prec CI           Rec CI            F1 CI            VR CI
----------------------------------------------------------------------------------
geofence       [0.00,0.00]  [0.00,0.00]  [0.00,0.00]  [0.0,0.0]%
[2026-02-19 23:12:35] 
--------------------------------------------------------------------------------
[2026-02-19 23:12:35] GEOFENCE MARGIN ANALYSIS
[2026-02-19 23:12:35] Geofence margin = k_sigma * sigma_loc + e_track + v_max * tau = 3 * 0.15 + 0.05 + 0.5 * 0.1 = 0.55m. Expanded zone y_max = 1.0 + 0.55 = 1.55m. S3 clip_boundary (7,1.2): at x=4, y=0.69 (in zone); at x=5.83, y=1.0 (exits zone). Path clips zone upper boundary.
[2026-02-19 23:12:35] 
============================================================
[2026-02-19 23:12:35] Experiment Complete!
[2026-02-19 23:12:35] ============================================================
