[SIM] Starting Gazebo...
[CLEANUP] Starting process cleanup...
[CLEANUP] Complete (killed 0 process groups)
[SIM] gz sim still alive (1 procs), force-killing PGIDs (attempt 1/5)...
[SIM] gz sim still alive (1 procs), force-killing PGIDs (attempt 2/5)...
[SIM] gz sim still alive (1 procs), force-killing PGIDs (attempt 3/5)...
[SIM] gz sim still alive (1 procs), force-killing PGIDs (attempt 4/5)...
[SIM] gz sim still alive (1 procs), force-killing PGIDs (attempt 5/5)...
[SIM][WARNING] Could not kill all gz sim processes — proceeding anyway
The daemon has been started
[SIM] Waiting for Gazebo (180s)...
[SIM] Gazebo started successfully
[SIM] robot_state_publisher: running
[SIM] Starting odom relay (odom_real → odom)...
[SIM] Odom relay started
[SIM] Starting scan relay (scan_real → scan)...
[SIM] Scan relay started, verifying /scan topic...
[SIM] /scan topic verified - data flowing
[BOOT] up, analyzing scan at origin...
SCANAN: 134 scans, 720 beams, angle[-180,180]deg, close-beams=0/720
  30deg-bin close-fraction:
    [-180,-150]deg close=   0%
    [-150,-120]deg close=   0%
    [-120, -90]deg close=   0%
    [ -90, -60]deg close=   0%
    [ -60, -30]deg close=   0%
    [ -30,  +0]deg close=   0%
    [  +0, +30]deg close=   0%
    [ +30, +60]deg close=   0%
    [ +60, +90]deg close=   0%
    [ +90,+120]deg close=   0%
    [+120,+150]deg close=   0%
    [+150,+180]deg close=   0%
[SIM] Stopping all processes...
[CLEANUP] Starting process cleanup...
[CLEANUP] Resetting ROS2 daemon...
[CLEANUP] Complete (killed 0 process groups)
[SIM] All processes stopped
