
[spoof] === Seed 0: fresh Gazebo ===
[spoof] Cleaning up old processes...
[spoof] Starting Gazebo (empty world)...
[spoof] Waiting 90s...
[spoof] Gazebo ready (odom data: True).

[spoof] Trial 1/27: delta=0.0 seed=0 (pred pen=-0.462m)
       final_x=3.5796  pen=-0.4204m  [safe]

[spoof] Trial 2/27: delta=0.1 seed=0 (pred pen=-0.362m)
       final_x=3.7019  pen=-0.2981m  [safe]

[spoof] Trial 3/27: delta=0.25 seed=0 (pred pen=-0.212m)
       final_x=3.8375  pen=-0.1625m  [safe]

[spoof] Trial 4/27: delta=0.4 seed=0 (pred pen=-0.062m)
       final_x=3.9969  pen=-0.0031m  [safe]

[spoof] Trial 5/27: delta=0.462 seed=0 (pred pen=-0.000m)
       final_x=4.0477  pen=+0.0477m  [VIOLATION]

[spoof] Trial 6/27: delta=0.5 seed=0 (pred pen=+0.038m)
       final_x=4.0861  pen=+0.0861m  [VIOLATION]

[spoof] Trial 7/27: delta=0.6 seed=0 (pred pen=+0.138m)
       final_x=4.1851  pen=+0.1851m  [VIOLATION]

[spoof] Trial 8/27: delta=0.75 seed=0 (pred pen=+0.288m)
       final_x=4.3281  pen=+0.3281m  [VIOLATION]

[spoof] Trial 9/27: delta=1.0 seed=0 (pred pen=+0.538m)
       final_x=4.6018  pen=+0.6018m  [VIOLATION]

[spoof] === Seed 1: fresh Gazebo ===
[spoof] Cleaning up old processes...
[spoof] Starting Gazebo (empty world)...
[spoof] Waiting 90s...
[spoof] Gazebo ready (odom data: True).

[spoof] Trial 10/27: delta=0.0 seed=1 (pred pen=-0.462m)
       final_x=3.5989  pen=-0.4011m  [safe]

[spoof] Trial 11/27: delta=0.1 seed=1 (pred pen=-0.362m)
       final_x=3.7004  pen=-0.2996m  [safe]

[spoof] Trial 12/27: delta=0.25 seed=1 (pred pen=-0.212m)
       final_x=3.8407  pen=-0.1593m  [safe]

[spoof] Trial 13/27: delta=0.4 seed=1 (pred pen=-0.062m)
       final_x=4.0075  pen=+0.0075m  [VIOLATION]

[spoof] Trial 14/27: delta=0.462 seed=1 (pred pen=-0.000m)
       final_x=4.0629  pen=+0.0629m  [VIOLATION]

[spoof] Trial 15/27: delta=0.5 seed=1 (pred pen=+0.038m)
       final_x=4.0810  pen=+0.0810m  [VIOLATION]

[spoof] Trial 16/27: delta=0.6 seed=1 (pred pen=+0.138m)
       final_x=4.1816  pen=+0.1816m  [VIOLATION]

[spoof] Trial 17/27: delta=0.75 seed=1 (pred pen=+0.288m)
       final_x=4.3433  pen=+0.3433m  [VIOLATION]

[spoof] Trial 18/27: delta=1.0 seed=1 (pred pen=+0.538m)
       final_x=4.5866  pen=+0.5866m  [VIOLATION]

[spoof] === Seed 2: fresh Gazebo ===
[spoof] Cleaning up old processes...
[spoof] Starting Gazebo (empty world)...
[spoof] Waiting 90s...
[spoof] Gazebo ready (odom data: True).

[spoof] Trial 19/27: delta=0.0 seed=2 (pred pen=-0.462m)
       final_x=3.6013  pen=-0.3987m  [safe]

[spoof] Trial 20/27: delta=0.1 seed=2 (pred pen=-0.362m)
       final_x=3.6791  pen=-0.3209m  [safe]

[spoof] Trial 21/27: delta=0.25 seed=2 (pred pen=-0.212m)
       final_x=3.8375  pen=-0.1625m  [safe]

[spoof] Trial 22/27: delta=0.4 seed=2 (pred pen=-0.062m)
       final_x=3.9871  pen=-0.0129m  [safe]

[spoof] Trial 23/27: delta=0.462 seed=2 (pred pen=-0.000m)
       final_x=4.0649  pen=+0.0649m  [VIOLATION]

[spoof] Trial 24/27: delta=0.5 seed=2 (pred pen=+0.038m)
       final_x=4.0746  pen=+0.0746m  [VIOLATION]

[spoof] Trial 25/27: delta=0.6 seed=2 (pred pen=+0.138m)
       final_x=4.1907  pen=+0.1907m  [VIOLATION]

[spoof] Trial 26/27: delta=0.75 seed=2 (pred pen=+0.288m)
       final_x=4.3262  pen=+0.3262m  [VIOLATION]

[spoof] Trial 27/27: delta=1.0 seed=2 (pred pen=+0.538m)
       final_x=4.5826  pen=+0.5826m  [VIOLATION]
[spoof] Saved -> /home/jim/ros2_motion_planning_tutorials/experiment_results/gazebo_s1_s6/spoof_sweep_results.json

=== Spoof budget sweep (Delta_spoof = M_est+M_track = 0.462 m) ===
 delta(m)  pen_actual(m)  pen_pred(m)     result
--------------------------------------------------
    0.000        -0.4067      -0.4622       safe
    0.100        -0.3062      -0.3622       safe
    0.250        -0.1614      -0.2122       safe
    0.400        -0.0028      -0.0622   1/3 VIOL
    0.462        +0.0585      -0.0002   3/3 VIOL
    0.500        +0.0806      +0.0378   3/3 VIOL
    0.600        +0.1858      +0.1378   3/3 VIOL
    0.750        +0.3325      +0.2878   3/3 VIOL
    1.000        +0.5903      +0.5378   3/3 VIOL
[spoof] Done.
