Generated 5 trials
Methods: ['ssm']
Scenarios: ['S1']
Seeds: 1
Include sweep: False
Runtime monitoring: False

Trials by scenario: {'S1': 5}
Trials by method: {'ssm': 5}
[2026-02-04 23:08:12] ============================================================
[2026-02-04 23:08:12] Starting Gazebo S1-S6 Experiment
[2026-02-04 23:08:12] ============================================================
[CLEANUP] Starting process cleanup...
[CLEANUP] Complete (killed 0 process groups)
[2026-02-04 23:08:15] 
============================================================
[2026-02-04 23:08:15] Method: ssm
[2026-02-04 23:08:15] ============================================================
[2026-02-04 23:08:15] [RUNTIME] Enabling runtime monitoring for ssm
[DEBUG] restart_with_method called: method=ssm, params={'enable_runtime_monitoring': True, 'runtime_monitoring_rate': 10.0}
[SIM] Full restart for method: ssm
[SIM] Stopping all processes...
[CLEANUP] Starting process cleanup...
[CLEANUP] Complete (killed 0 process groups)
[SIM] All processes stopped
[SIM] Starting Gazebo...
[CLEANUP] Starting process cleanup...
[CLEANUP] Complete (killed 0 process groups)
The daemon has been started
[SIM] Waiting for Gazebo (90s)...
[SIM] Gazebo started successfully
[SIM] Starting odom relay (odom_real → odom)...
[SIM] Odom relay started
[SIM] Starting scan relay (scan_real → scan)...
[SIM] Scan relay started, verifying /scan topic...
[SIM] /scan topic verified - data flowing
[SIM] Starting Nav2...
[SIM] Waiting for Nav2 initial startup (90s)...
[NAV2] local_costmap: found
[NAV2] navigate_to_pose action: found
[NAV2] Costmap publishing: OK
[NAV2] All systems ready!
[SIM] Final verification: checking navigate_to_pose action...
[SIM] Nav2 started successfully and action server verified!
[SIM] Starting geofence with method: ssm, params: {'enable_runtime_monitoring': True, 'runtime_monitoring_rate': 10.0}
[SIM] Passing enable_runtime_monitoring=True to geofence
[SIM] Waiting for geofence (20s)...
[SIM] Geofence started with method: ssm (cmd_vel_guard: False)
[SIM] cmd_vel_guard disabled, starting cmd_vel relay for navigation...
[SIM] Starting cmd_vel relay (cmd_vel_nav → cmd_vel)...
[SIM] cmd_vel relay started
[2026-02-04 23:11:28] 
Trial 1/5: S1_ssm_inside_zone_s0
[2026-02-04 23:11:28]   Goal: (5.00, 0.00)
[2026-02-04 23:11:28]   Goal inside zone - no_guard violates, others reject
[2026-02-04 23:11:28] [WAIT] High system load, waiting...
[WAIT] System busy (load=7.2, mem=12.3%), waiting...
[WAIT] System busy (load=7.1, mem=12.4%), waiting...
[WAIT] System busy (load=8.5, mem=12.5%), waiting...
[WAIT] System busy (load=7.9, mem=12.6%), waiting...
[WAIT] System busy (load=7.5, mem=12.5%), waiting...
[WAIT] System busy (load=7.4, mem=12.4%), waiting...
[WAIT] System busy (load=7.5, mem=12.5%), waiting...
[WAIT] System busy (load=7.0, mem=12.4%), waiting...
[WAIT] System busy (load=6.7, mem=12.5%), waiting...
[WAIT] System busy (load=6.3, mem=12.5%), waiting...
[2026-02-04 23:12:18] [RESET] Resetting robot pose to origin...
[RESET] Teleporting robot to (0.0, 0.0, θ=0.0)
[RESET] Cancelling any active navigation goals...
[RESET] Stopping robot movement...
[RESET] Waiting for TF to stabilize...
[RESET] Setting AMCL initial pose...
[RESET] Waiting for AMCL convergence...
[RESET] AMCL converged: (0.00, 0.00), error: 0.00m
[RESET] Robot pose reset complete
[2026-02-04 23:13:08]   Result: reject (FAIL)
[2026-02-04 23:13:08]   Reason: Goal rejected by ssm (within safety margin)
[2026-02-04 23:13:08]   Time: 50.1s
[2026-02-04 23:13:08]   Robot moved: False, path_min_dist: 4.00m
[2026-02-04 23:13:08] [CBF/SSM] Restarting geofence to clear state...
[SIM] Starting geofence with method: ssm, params: {'enable_runtime_monitoring': True, 'runtime_monitoring_rate': 10.0}
[SIM] Passing enable_runtime_monitoring=True to geofence
[SIM] Waiting for geofence (20s)...
[SIM] Geofence started with method: ssm (cmd_vel_guard: False)
[SIM] cmd_vel_guard disabled, starting cmd_vel relay for navigation...
[SIM] Starting cmd_vel relay (cmd_vel_nav → cmd_vel)...
[SIM] cmd_vel relay started
[2026-02-04 23:13:36] 
Trial 2/5: S1_ssm_beyond_0.5m_s0
[2026-02-04 23:13:36]   Goal: (6.50, 0.00)
[2026-02-04 23:13:36]   Goal 0.5m beyond zone - path must cross zone
[2026-02-04 23:13:36] [RESET] Resetting robot pose to origin...
[RESET] Teleporting robot to (0.0, 0.0, θ=0.0)
[RESET] Cancelling any active navigation goals...
[RESET] Stopping robot movement...
[RESET] Waiting for TF to stabilize...
[RESET] Setting AMCL initial pose...
[RESET] Waiting for AMCL convergence...
[RESET] AMCL converged: (-0.00, -0.00), error: 0.00m
[RESET] Robot pose reset complete
[2026-02-04 23:14:17]   Result: reject (FAIL)
[2026-02-04 23:14:17]   Reason: Goal rejected by ssm (within safety margin)
[2026-02-04 23:14:17]   Time: 41.3s
[2026-02-04 23:14:17]   Robot moved: False, path_min_dist: 4.00m
[2026-02-04 23:14:17] [CBF/SSM] Restarting geofence to clear state...
[SIM] Starting geofence with method: ssm, params: {'enable_runtime_monitoring': True, 'runtime_monitoring_rate': 10.0}
[SIM] Passing enable_runtime_monitoring=True to geofence
[SIM] Waiting for geofence (20s)...
[SIM] Geofence started with method: ssm (cmd_vel_guard: False)
[SIM] cmd_vel_guard disabled, starting cmd_vel relay for navigation...
[SIM] Starting cmd_vel relay (cmd_vel_nav → cmd_vel)...
[SIM] cmd_vel relay started
[2026-02-04 23:14:46] 
Trial 3/5: S1_ssm_beyond_1.0m_s0
[2026-02-04 23:14:46]   Goal: (7.00, 0.00)
[2026-02-04 23:14:46]   Goal 1.0m beyond zone - path must cross zone
[2026-02-04 23:14:46] [RESET] Resetting robot pose to origin...
[RESET] Teleporting robot to (0.0, 0.0, θ=0.0)
[RESET] Cancelling any active navigation goals...
[RESET] Stopping robot movement...
[RESET] Waiting for TF to stabilize...
[RESET] Setting AMCL initial pose...
[RESET] Waiting for AMCL convergence...
[RESET] AMCL converged: (0.00, 0.00), error: 0.00m
[WARNING] TF not yet stable, waiting more...
[RESET] Robot pose reset complete
[2026-02-04 23:16:09] [VIOLATION] Robot entered forbidden zone(s): forbidden_zone (57 samples, 9.66s)
[2026-02-04 23:16:09]   Result: allow (FAIL)
[2026-02-04 23:16:09]   Reason: Goal reached successfully (dist=0.31m)
[2026-02-04 23:16:09]   Time: 83.3s
[2026-02-04 23:16:09]   Robot moved: True, path_min_dist: 0.00m
[2026-02-04 23:16:09] [CBF/SSM] Restarting geofence to clear state...
[SIM] Starting geofence with method: ssm, params: {'enable_runtime_monitoring': True, 'runtime_monitoring_rate': 10.0}
[SIM] Passing enable_runtime_monitoring=True to geofence
[SIM] Waiting for geofence (20s)...
[SIM] Geofence started with method: ssm (cmd_vel_guard: False)
[SIM] cmd_vel_guard disabled, starting cmd_vel relay for navigation...
[SIM] Starting cmd_vel relay (cmd_vel_nav → cmd_vel)...
[SIM] cmd_vel relay started
[2026-02-04 23:16:37] 
Trial 4/5: S1_ssm_beyond_1.5m_s0
[2026-02-04 23:16:37]   Goal: (7.50, 0.00)
[2026-02-04 23:16:37]   Goal 1.5m beyond zone - path must cross zone
[2026-02-04 23:16:37] [RESET] Resetting robot pose to origin...
[RESET] Teleporting robot to (0.0, 0.0, θ=0.0)
[RESET] Cancelling any active navigation goals...
[RESET] Stopping robot movement...
[RESET] Waiting for TF to stabilize...
[RESET] Setting AMCL initial pose...
[RESET] Waiting for AMCL convergence...
[RESET] AMCL converged: (-0.00, 0.00), error: 0.00m
[WARNING] TF not yet stable, waiting more...
[RESET] Robot pose reset complete
[2026-02-04 23:18:23] [VIOLATION] Robot entered forbidden zone(s): forbidden_zone (57 samples, 9.66s)
[2026-02-04 23:18:23]   Result: allow (FAIL)
[2026-02-04 23:18:23]   Reason: Goal reached successfully (dist=0.45m)
[2026-02-04 23:18:23]   Time: 106.0s
[2026-02-04 23:18:23]   Robot moved: True, path_min_dist: 0.00m
[2026-02-04 23:18:23] [CBF/SSM] Restarting geofence to clear state...
[SIM] Starting geofence with method: ssm, params: {'enable_runtime_monitoring': True, 'runtime_monitoring_rate': 10.0}
[SIM] Passing enable_runtime_monitoring=True to geofence
[SIM] Waiting for geofence (20s)...
[SIM] Geofence started with method: ssm (cmd_vel_guard: False)
[SIM] cmd_vel_guard disabled, starting cmd_vel relay for navigation...
[SIM] Starting cmd_vel relay (cmd_vel_nav → cmd_vel)...
[SIM] cmd_vel relay started
[2026-02-04 23:18:51] 
Trial 5/5: S1_ssm_beyond_2.0m_s0
[2026-02-04 23:18:51]   Goal: (8.00, 0.00)
[2026-02-04 23:18:51]   Goal 2.0m beyond zone - path must cross zone
[2026-02-04 23:18:51] [RESET] Resetting robot pose to origin...
[RESET] Teleporting robot to (0.0, 0.0, θ=0.0)
[RESET] Cancelling any active navigation goals...
[RESET] Stopping robot movement...
[RESET] Waiting for TF to stabilize...
[RESET] Setting AMCL initial pose...
[RESET] Waiting for AMCL convergence...
[RESET] AMCL converged: (0.00, -0.00), error: 0.00m
[RESET] Robot pose reset complete
[2026-02-04 23:20:24] [RETRY] Navigation failed, attempting Nav2 recovery and retry (attempt 1/2)...
[RECOVER] Attempting Nav2 recovery...
[SIM] Starting Nav2...
[SIM] Waiting for Nav2 initial startup (90s)...
[NAV2] local_costmap: found
[NAV2] navigate_to_pose action: found
[NAV2] Costmap publishing: OK
[NAV2] All systems ready!
[SIM] Final verification: checking navigate_to_pose action...
[SIM] Nav2 started successfully and action server verified!
[SIM] Starting geofence with method: ssm, params: {'enable_runtime_monitoring': True, 'runtime_monitoring_rate': 10.0}
[SIM] Passing enable_runtime_monitoring=True to geofence
[SIM] Waiting for geofence (20s)...
[SIM] Geofence started with method: ssm (cmd_vel_guard: False)
[SIM] cmd_vel_guard disabled, starting cmd_vel relay for navigation...
[SIM] Starting cmd_vel relay (cmd_vel_nav → cmd_vel)...
[SIM] cmd_vel relay started
[RECOVER] Nav2 recovery successful
[RESET] Teleporting robot to (0.0, 0.0, θ=0.0)
[RESET] Cancelling any active navigation goals...
[RESET] Stopping robot movement...
[RESET] Waiting for TF to stabilize...
[RESET] Setting AMCL initial pose...
[RESET] Waiting for AMCL convergence...
[RESET] AMCL converged: (0.00, 0.00), error: 0.00m
[RESET] Robot pose reset complete
[2026-02-04 23:23:56] [RESET] Resetting robot pose to origin...
[RESET] Teleporting robot to (0.0, 0.0, θ=0.0)
[RESET] Cancelling any active navigation goals...
[RESET] Stopping robot movement...
[RESET] Waiting for TF to stabilize...
[RESET] Setting AMCL initial pose...
[RESET] Waiting for AMCL convergence...
[RESET] AMCL converged: (-0.00, -0.00), error: 0.00m
[RESET] Robot pose reset complete
[2026-02-04 23:25:29] [VIOLATION] Robot entered forbidden zone(s): forbidden_zone (57 samples, 9.67s)
[2026-02-04 23:25:29] [RETRY] Success! New decision: allow
[2026-02-04 23:25:29]   Result: allow (FAIL)
[2026-02-04 23:25:29]   Reason: Goal reached successfully (dist=0.42m)
[2026-02-04 23:25:29]   Time: 93.5s
[2026-02-04 23:25:29]   Robot moved: True, path_min_dist: 0.00m
[2026-02-04 23:25:29] [CBF/SSM] Restarting geofence to clear state...
[SIM] Starting geofence with method: ssm, params: {'enable_runtime_monitoring': True, 'runtime_monitoring_rate': 10.0}
[SIM] Passing enable_runtime_monitoring=True to geofence
[SIM] Waiting for geofence (20s)...
[SIM] Geofence started with method: ssm (cmd_vel_guard: False)
[SIM] cmd_vel_guard disabled, starting cmd_vel relay for navigation...
[SIM] Starting cmd_vel relay (cmd_vel_nav → cmd_vel)...
[SIM] cmd_vel relay started
[CHECKPOINT] Saved at trial 5/5
[SIM] Stopping all processes...
[CLEANUP] Starting process cleanup...
[CLEANUP] Complete (killed 0 process groups)
[SIM] All processes stopped
[2026-02-04 23:26:11] 
============================================================
[2026-02-04 23:26:11] SUMMARY BY METHOD
[2026-02-04 23:26:11] ============================================================

Method        Total      VR      BR     RRR     NFR     TCR
-----------------------------------------------------------------
ssm               5   60.0%   40.0%    0.0%    0.0%    0.0%
[2026-02-04 23:26:11] 
============================================================
[2026-02-04 23:26:11] Experiment Complete!
[2026-02-04 23:26:11] ============================================================
