[BOOT] Starting Gazebo warehouse + robot...
[SIM] Starting Gazebo...
[CLEANUP] Starting process cleanup...
[CLEANUP] Complete (killed 0 process groups)
[SIM] gz sim still alive (1 procs), force-killing PGIDs (attempt 1/5)...
[SIM] gz sim still alive (1 procs), force-killing PGIDs (attempt 2/5)...
[SIM] gz sim still alive (1 procs), force-killing PGIDs (attempt 3/5)...
[SIM] gz sim still alive (1 procs), force-killing PGIDs (attempt 4/5)...
[SIM] gz sim still alive (1 procs), force-killing PGIDs (attempt 5/5)...
[SIM][WARNING] Could not kill all gz sim processes — proceeding anyway
The daemon has been started
[SIM] Waiting for Gazebo (180s)...
[SIM] Gazebo started successfully
[SIM] robot_state_publisher: running
[SIM] Starting odom relay (odom_real → odom)...
[SIM] Odom relay started
[SIM] Starting scan relay (scan_real → scan)...
[SIM] Scan relay started, verifying /scan topic...
[SIM] /scan topic verified - data flowing
[BOOT] Gazebo up. Launching slam_toolbox...
[SLAM] /map is live. Starting reactive wander (450s)...
[WANDER] t=20s mode=spin front=2.87 bearing=-1.43 scans=200
[WANDER] t=40s mode=spin front=3.41 bearing=-1.35 scans=400
[WANDER] t=60s mode=drive front=2.96 bearing=-0.07 scans=600
[WANDER] t=80s mode=spin front=3.40 bearing=+0.67 scans=799
[WANDER] t=100s mode=spin front=1.70 bearing=-0.20 scans=999
[WANDER] t=120s mode=spin front=1.16 bearing=-0.10 scans=1199
[WANDER] t=140s mode=spin front=4.03 bearing=+1.28 scans=1399
[WANDER] t=160s mode=drive front=6.10 bearing=-0.34 scans=1598
[WANDER] t=180s mode=drive front=6.13 bearing=-0.40 scans=1798
[WANDER] t=200s mode=turn front=1.06 bearing=-0.21 scans=1998
[WANDER] t=220s mode=drive front=6.12 bearing=-0.36 scans=2198
[WANDER] t=240s mode=turn front=0.77 bearing=-0.10 scans=2397
[WANDER] t=260s mode=turn front=1.19 bearing=-0.26 scans=2597
[WANDER] t=280s mode=turn front=0.75 bearing=-0.09 scans=2797
[WANDER] t=300s mode=turn front=0.76 bearing=-0.10 scans=2997
[WANDER] t=320s mode=turn front=0.77 bearing=-0.14 scans=3196
[WANDER] t=340s mode=turn front=0.79 bearing=-0.11 scans=3396
[WANDER] t=360s mode=turn front=0.78 bearing=-0.11 scans=3596
[WANDER] t=380s mode=drive front=5.57 bearing=-0.42 scans=3796
[WANDER] t=400s mode=drive front=3.74 bearing=-0.12 scans=3995
[WANDER] t=420s mode=drive front=3.44 bearing=+1.44 scans=4195
[WANDER] t=440s mode=spin front=2.99 bearing=-0.94 scans=4395
[SLAM] Wander done. Letting slam settle (8s)...
[MAP] Saving map -> /home/jim/ros2_motion_planning_tutorials/src/mobile_manipulator_tutorial/src/mobile_manip_moveit_config/maps/warehouse_map.{yaml,pgm}

[MAP] saved=True
[CLEANUP] Stopping slam + sim...
[SIM] Stopping all processes...
[CLEANUP] Starting process cleanup...
[CLEANUP] Resetting ROS2 daemon...
[CLEANUP] Complete (killed 0 process groups)
[SIM] All processes stopped
