{"t": 1785221683.879249, "x": -7.716441790917447e-12, "y": -2.3197800996078655e-13, "zone": null, "min_dist": 1.8027756377382866}
{"t": 1785221684.039215, "x": -7.716441790917447e-12, "y": -2.3197800996078655e-13, "zone": null, "min_dist": 1.8027756377382866}
{"t": 1785221684.1916366, "x": -7.716441790917447e-12, "y": -2.3197800996078655e-13, "zone": null, "min_dist": 1.8027756377382866}
{"t": 1785221684.343806, "x": -7.716441790917447e-12, "y": -2.3197800996078655e-13, "zone": null, "min_dist": 1.8027756377382866}
{"t": 1785221684.495581, "x": -7.716441790917447e-12, "y": -2.3197800996078655e-13, "zone": null, "min_dist": 1.8027756377382866}
{"t": 1785221684.6484723, "x": -7.716441790917447e-12, "y": -2.3197800996078655e-13, "zone": null, "min_dist": 1.8027756377382866}
{"t": 1785221684.8002458, "x": -7.716441790917447e-12, "y": -2.3197800996078655e-13, "zone": null, "min_dist": 1.8027756377382866}
{"t": 1785221684.9604447, "x": -7.716441790917447e-12, "y": -2.3197800996078655e-13, "zone": null, "min_dist": 1.8027756377382866}
{"t": 1785221685.121204, "x": -7.716441790917447e-12, "y": -2.3197800996078655e-13, "zone": null, "min_dist": 1.8027756377382866}
{"t": 1785221685.2731915, "x": -7.716441790917447e-12, "y": -2.3197800996078655e-13, "zone": null, "min_dist": 1.8027756377382866}
{"t": 1785221685.4255247, "x": -7.716441790917447e-12, "y": -2.3197800996078655e-13, "zone": null, "min_dist": 1.8027756377382866}
{"t": 1785221685.5854414, "x": -7.716441790917447e-12, "y": -2.3197800996078655e-13, "zone": null, "min_dist": 1.8027756377382866}
{"t": 1785221685.7375069, "x": -7.716441790917447e-12, "y": -2.3197800996078655e-13, "zone": null, "min_dist": 1.8027756377382866}
{"t": 1785221685.8975227, "x": -7.716441790917447e-12, "y": -2.3197800996078655e-13, "zone": null, "min_dist": 1.8027756377382866}
{"t": 1785221686.04956, "x": -7.716441790917447e-12, "y": -2.3197800996078655e-13, "zone": null, "min_dist": 1.8027756377382866}
{"t": 1785221686.2019358, "x": -7.716441790917447e-12, "y": -2.3197800996078655e-13, "zone": null, "min_dist": 1.8027756377382866}
{"t": 1785221686.362309, "x": -7.716441790917447e-12, "y": -2.3197800996078655e-13, "zone": null, "min_dist": 1.8027756377382866}
{"t": 1785221686.5226486, "x": -7.716441790917447e-12, "y": -2.3197800996078655e-13, "zone": null, "min_dist": 1.8027756377382866}
{"t": 1785221686.6746058, "x": -7.716441790917447e-12, "y": -2.3197800996078655e-13, "zone": null, "min_dist": 1.8027756377382866}
{"t": 1785221686.8269913, "x": -7.716441790917447e-12, "y": -2.3197800996078655e-13, "zone": null, "min_dist": 1.8027756377382866}
{"t": 1785221686.979168, "x": -7.716441790917447e-12, "y": -2.3197800996078655e-13, "zone": null, "min_dist": 1.8027756377382866}
{"t": 1785221687.1398284, "x": 0.01068395120080644, "y": -8.837114205415393e-05, "zone": null, "min_dist": 1.7938465817165614}
{"t": 1785221687.292139, "x": 0.03572977446211167, "y": -0.0007435475756040267, "zone": null, "min_dist": 1.7727382071554072}
{"t": 1785221687.4444158, "x": 0.06848584532695347, "y": -0.002126926339402717, "zone": null, "min_dist": 1.7449880934167243}
{"t": 1785221687.5965765, "x": 0.1013022111178832, "y": -0.003997070571447306, "zone": null, "min_dist": 1.7170839641828763}
{"t": 1785221687.7494938, "x": 0.13373473242680892, "y": -0.00628482344696915, "zone": null, "min_dist": 1.6894231659026888}
{"t": 1785221687.909171, "x": 0.1665026426188821, "y": -0.008636803542761893, "zone": null, "min_dist": 1.661630581516944}
{"t": 1785221688.0692704, "x": 0.19976443988613854, "y": -0.011024233159290549, "zone": null, "min_dist": 1.6336112080855643}
{"t": 1785221688.221546, "x": 0.23309002781298468, "y": -0.01341624115362736, "zone": null, "min_dist": 1.6057423176980612}
{"t": 1785221688.3979814, "x": 0.27122894636785766, "y": -0.01584651869877224, "zone": null, "min_dist": 1.5743050457270253}
{"t": 1785221688.558006, "x": 0.3063914070439451, "y": -0.0173166246343466, "zone": null, "min_dist": 1.5460815274100415}
{"t": 1785221688.7102237, "x": 0.33952866615301963, "y": -0.018335623678464242, "zone": null, "min_dist": 1.5199864027087018}
{"t": 1785221688.862995, "x": 0.3703301605574887, "y": -0.018666008378119377, "zone": null, "min_dist": 1.4963857621811973}
{"t": 1785221689.0145214, "x": 0.4029231805732951, "y": -0.018320009599071402, "zone": null, "min_dist": 1.4721661425521855}
{"t": 1785221689.1753492, "x": 0.4377794122934197, "y": -0.01717553886061761, "zone": null, "min_dist": 1.4471546214422388}
{"t": 1785221689.3354554, "x": 0.47102929841692215, "y": -0.015336974369667366, "zone": null, "min_dist": 1.4241987146321444}
{"t": 1785221689.487796, "x": 0.5043610053657894, "y": -0.012752914004456276, "zone": null, "min_dist": 1.4021247506705365}
{"t": 1785221689.6398845, "x": 0.5376302756055544, "y": -0.009460882559848805, "zone": null, "min_dist": 1.3810587350327121}
{"t": 1785221689.8001347, "x": 0.5726207450773292, "y": -0.005628122359007844, "zone": null, "min_dist": 1.3597086870003443}
{"t": 1785221689.9602704, "x": 0.6076111280948453, "y": -0.0017923570259210388, "zone": null, "min_dist": 1.3389460023436424}
{"t": 1785221690.1206467, "x": 0.6405306082304777, "y": 0.0018163884664518216, "zone": null, "min_dist": 1.3199711025581724}
{"t": 1785221690.2728968, "x": 0.6715297300449251, "y": 0.005214617634393882, "zone": null, "min_dist": 1.3026202116139973}
{"t": 1785221690.4253218, "x": 0.7030210747585632, "y": 0.008666806015644358, "zone": null, "min_dist": 1.2855287366826138}
{"t": 1785221690.5856023, "x": 0.7361737425768454, "y": 0.012283914957734274, "zone": null, "min_dist": 1.268128256924835}
{"t": 1785221690.7382953, "x": 0.7672622994169936, "y": 0.015470607805702957, "zone": null, "min_dist": 1.2522320444601933}
{"t": 1785221690.907806, "x": 0.8026982076567282, "y": 0.01872110007282824, "zone": null, "min_dist": 1.234513049480941}
{"t": 1785221691.0665126, "x": 0.8365630990157306, "y": 0.0214425541252111, "zone": null, "min_dist": 1.2179874436813567}
{"t": 1785221691.3264005, "x": 0.869569977471293, "y": 0.023645637599550226, "zone": null, "min_dist": 1.202203146178771}
{"t": 1785221691.4830074, "x": 0.9235462124007988, "y": 0.025683017983071862, "zone": null, "min_dist": 1.176573254249954}
{"t": 1785221691.6351867, "x": 0.9564044873863582, "y": 0.0259760318379535, "zone": null, "min_dist": 1.1610869473211909}
{"t": 1785221691.795587, "x": 0.9911140293039836, "y": 0.025519696443743023, "zone": null, "min_dist": 1.1448386694051234}
{"t": 1785221691.956026, "x": 1.0250930058161052, "y": 0.02431534965253174, "zone": null, "min_dist": 1.1290520752642768}
{"t": 1785221692.1163142, "x": 1.0591026125302416, "y": 0.022333098518999554, "zone": null, "min_dist": 1.1133532550835412}
{"t": 1785221692.2686148, "x": 1.0924429631166133, "y": 0.019659514677089474, "zone": null, "min_dist": 1.0980930125379562}
{"t": 1785221692.4207983, "x": 1.1257185283031252, "y": 0.0162737107767842, "zone": null, "min_dist": 1.083004559210899}
{"t": 1785221692.5811412, "x": 1.16066904571957, "y": 0.012054454481417617, "zone": null, "min_dist": 1.0674266791534428}
{"t": 1785221692.7418668, "x": 1.1956092566894145, "y": 0.007813587625715388, "zone": null, "min_dist": 1.0527782064690485}
{"t": 1785221692.8938112, "x": 1.2286682053228941, "y": 0.0043508046863932935, "zone": null, "min_dist": 1.0403564205006404}
{"t": 1785221693.05408, "x": 1.261257378762768, "y": 0.00166406471365451, "zone": null, "min_dist": 1.0297227479928297}
{"t": 1785221693.214264, "x": 1.2942011928755732, "y": -0.0003075038223701529, "zone": null, "min_dist": 1.0206557871915964}
{"t": 1785221693.374502, "x": 1.3273481353116932, "y": -0.001527262230854354, "zone": null, "min_dist": 1.0132899261556698}
{"t": 1785221693.5267286, "x": 1.3586413116120546, "y": -0.0020563388416136854, "zone": null, "min_dist": 1.0079056650445835}
{"t": 1785221693.6787891, "x": 1.3908764021655826, "y": -0.002414504025167166, "zone": null, "min_dist": 1.0035361385539041}
{"t": 1785221693.83178, "x": 1.4224660801817093, "y": -0.002667599770709086, "zone": null, "min_dist": 1.0003416542709334}
{"t": 1785221693.991659, "x": 1.4559909889264013, "y": -0.002936200561605442, "zone": null, "min_dist": 0.9980345751556923}
{"t": 1785221694.1438243, "x": 1.4892513048418101, "y": -0.0032026813263227667, "zone": null, "min_dist": 0.9968552698173573}
{"t": 1785221694.3039708, "x": 1.523367278062675, "y": -0.003476017724136626, "zone": null, "min_dist": 0.9965239822758634}
{"t": 1785221694.464225, "x": 1.5568988180503691, "y": -0.0037446717695156697, "zone": null, "min_dist": 0.9962553282304843}
{"t": 1785221694.6165605, "x": 1.5890376210065351, "y": -0.004002167169930801, "zone": null, "min_dist": 0.9959978328300692}
{"t": 1785221694.768533, "x": 1.6207166043190535, "y": -0.0042559785955230715, "zone": null, "min_dist": 0.9957440214044769}
{"t": 1785221694.9288354, "x": 1.6548678841358813, "y": -0.004529597898021253, "zone": null, "min_dist": 0.9954704021019788}
{"t": 1785221695.0896332, "x": 1.68978554513813, "y": -0.004809357276679126, "zone": null, "min_dist": 0.9951906427233209}
{"t": 1785221695.2414372, "x": 1.7229179103893018, "y": -0.005074812948130952, "zone": null, "min_dist": 0.994925187051869}
{"t": 1785221695.3937376, "x": 1.7541271043328142, "y": -0.005324860466028526, "zone": null, "min_dist": 0.9946751395339715}
{"t": 1785221695.553867, "x": 1.7883103830918365, "y": -0.005598736133542752, "zone": null, "min_dist": 0.9944012638664572}
{"t": 1785221695.7135773, "x": 1.8219405947679443, "y": -0.00591584251350538, "zone": null, "min_dist": 0.9940841574864946}
{"t": 1785221695.865528, "x": 1.855376636308418, "y": -0.006782313696337412, "zone": null, "min_dist": 0.9932176863036626}
{"t": 1785221696.017983, "x": 1.8887865682701046, "y": -0.008363470261987282, "zone": null, "min_dist": 0.9916365297380128}
{"t": 1785221696.1704793, "x": 1.9210140918247216, "y": -0.01058188957618957, "zone": null, "min_dist": 0.9894181104238104}
{"t": 1785221696.322343, "x": 1.953954015535566, "y": -0.013553209796601018, "zone": null, "min_dist": 0.986446790203399}
{"t": 1785221696.474875, "x": 1.984711167894843, "y": -0.016998757817611263, "zone": null, "min_dist": 0.9830012421823887}
{"t": 1785221696.6354015, "x": 2.0170569402276626, "y": -0.021168739302996814, "zone": null, "min_dist": 0.9788312606970032}
{"t": 1785221696.795351, "x": 2.050032311557704, "y": -0.02548002593727891, "zone": null, "min_dist": 0.9745199740627211}
{"t": 1785221696.9476113, "x": 2.0796580039110046, "y": -0.02971850723374802, "zone": null, "min_dist": 0.970281492766252}
{"t": 1785221697.1079452, "x": 2.111361747108446, "y": -0.03486619895146998, "zone": null, "min_dist": 0.96513380104853}
{"t": 1785221697.2602575, "x": 2.1421613368076597, "y": -0.04047902618187682, "zone": null, "min_dist": 0.9595209738181232}
{"t": 1785221697.412169, "x": 2.1725638597834642, "y": -0.04660382466493607, "zone": null, "min_dist": 0.9533961753350639}
{"t": 1785221697.5647106, "x": 2.202693733630416, "y": -0.05317095333925188, "zone": null, "min_dist": 0.9468290466607481}
{"t": 1785221697.7173197, "x": 2.232434968686001, "y": -0.06013874136614751, "zone": null, "min_dist": 0.9398612586338525}
{"t": 1785221697.8775327, "x": 2.2637556973406068, "y": -0.06791504293236107, "zone": null, "min_dist": 0.9320849570676389}
{"t": 1785221698.0292797, "x": 2.2948726296239927, "y": -0.07596625188533368, "zone": null, "min_dist": 0.9240337481146663}
{"t": 1785221698.1898456, "x": 2.325473886571753, "y": -0.08344990518746954, "zone": null, "min_dist": 0.9165500948125305}
{"t": 1785221698.3502884, "x": 2.3584663655993188, "y": -0.09084489653941252, "zone": null, "min_dist": 0.9091551034605875}
{"t": 1785221698.5104904, "x": 2.3917232584770307, "y": -0.0976335923804565, "zone": null, "min_dist": 0.9023664076195435}
{"t": 1785221698.6628258, "x": 2.42191713307481, "y": -0.10324375824361665, "zone": null, "min_dist": 0.8967562417563834}
{"t": 1785221698.822899, "x": 2.455639610897095, "y": -0.10875021750410818, "zone": null, "min_dist": 0.8912497824958918}
{"t": 1785221698.9752924, "x": 2.4882455370692185, "y": -0.11333782802656579, "zone": null, "min_dist": 0.8866621719734342}
{"t": 1785221699.13572, "x": 2.5211351617416615, "y": -0.11722567643869775, "zone": null, "min_dist": 0.8827743235613023}
{"t": 1785221699.2960582, "x": 2.5555787010221382, "y": -0.12051577042971083, "zone": null, "min_dist": 0.8794842295702892}
{"t": 1785221699.4478366, "x": 2.58759386810421, "y": -0.12285047422106259, "zone": null, "min_dist": 0.8771495257789375}
{"t": 1785221699.600171, "x": 2.6186890058086507, "y": -0.1246886418155895, "zone": null, "min_dist": 0.8753113581844105}
{"t": 1785221699.7524374, "x": 2.6485398968950786, "y": -0.1268251732055253, "zone": null, "min_dist": 0.8731748267944747}
{"t": 1785221699.9049244, "x": 2.678338427125797, "y": -0.12959908323951466, "zone": null, "min_dist": 0.8704009167604854}
{"t": 1785221700.0572724, "x": 2.7086837405090267, "y": -0.13307569833574698, "zone": null, "min_dist": 0.866924301664253}
{"t": 1785221700.2096214, "x": 2.7395072393481357, "y": -0.13721404004169, "zone": null, "min_dist": 0.86278595995831}
{"t": 1785221700.3694537, "x": 2.7726385535348324, "y": -0.14202169293461162, "zone": null, "min_dist": 0.8579783070653884}
{"t": 1785221700.5217543, "x": 2.804308292661734, "y": -0.14729172433688786, "zone": null, "min_dist": 0.8527082756631121}
{"t": 1785221700.6741483, "x": 2.8344146720630206, "y": -0.15296645474231513, "zone": null, "min_dist": 0.8470335452576849}
{"t": 1785221700.826331, "x": 2.8659867297263517, "y": -0.1595486042106873, "zone": null, "min_dist": 0.8404513957893127}
{"t": 1785221700.978505, "x": 2.8968906372872483, "y": -0.16624913226685278, "zone": null, "min_dist": 0.8337508677331472}
{"t": 1785221701.1385827, "x": 2.9295498888412266, "y": -0.17345693897211112, "zone": null, "min_dist": 0.8265430610278889}
{"t": 1785221701.2909741, "x": 2.96100648166776, "y": -0.18048649014435397, "zone": null, "min_dist": 0.8195135098556461}
{"t": 1785221701.443138, "x": 2.9917914176770597, "y": -0.18760445626061267, "zone": null, "min_dist": 0.8123955437393873}
{"t": 1785221701.5954113, "x": 3.023697712830046, "y": -0.195439245534114, "zone": null, "min_dist": 0.804560754465886}
{"t": 1785221701.7475944, "x": 3.0550674633998054, "y": -0.20308886633742756, "zone": null, "min_dist": 0.7969111336625725}
{"t": 1785221701.8998065, "x": 3.0853264192844976, "y": -0.20996298529113747, "zone": null, "min_dist": 0.7900370147088626}
{"t": 1785221702.0520446, "x": 3.114770796151591, "y": -0.21676492547469817, "zone": null, "min_dist": 0.7832350745253018}
{"t": 1785221702.2042336, "x": 3.144392518803927, "y": -0.22421336868522876, "zone": null, "min_dist": 0.7757866313147712}
{"t": 1785221702.356599, "x": 3.1738740278225226, "y": -0.23220888871393677, "zone": null, "min_dist": 0.7677911112860633}
{"t": 1785221702.508532, "x": 3.20341260040915, "y": -0.240662569425433, "zone": null, "min_dist": 0.759337430574567}
{"t": 1785221702.661178, "x": 3.235313361019599, "y": -0.25008289982663084, "zone": null, "min_dist": 0.7499171001733691}
{"t": 1785221702.8132308, "x": 3.2660402607914665, "y": -0.25926619464399114, "zone": null, "min_dist": 0.7407338053560089}
{"t": 1785221702.965563, "x": 3.296777143069207, "y": -0.26816062599462437, "zone": null, "min_dist": 0.7318393740053757}
{"t": 1785221703.1256998, "x": 3.3289319421771513, "y": -0.276832709071528, "zone": null, "min_dist": 0.723167290928472}
{"t": 1785221703.2774606, "x": 3.3603632304697215, "y": -0.2845771547353013, "zone": null, "min_dist": 0.7154228452646987}
{"t": 1785221703.4295826, "x": 3.392442432045771, "y": -0.2917561271612579, "zone": null, "min_dist": 0.7082438728387421}
{"t": 1785221703.5821536, "x": 3.4234933519423576, "y": -0.2982062345958303, "zone": null, "min_dist": 0.7017937654041697}
{"t": 1785221703.734271, "x": 3.4555182964230435, "y": -0.3048275213603626, "zone": null, "min_dist": 0.6951724786396374}
{"t": 1785221703.8944328, "x": 3.489385554706549, "y": -0.31182971406102056, "zone": null, "min_dist": 0.6881702859389794}
{"t": 1785221704.046762, "x": 3.5211177017766273, "y": -0.3184830262486483, "zone": null, "min_dist": 0.6815169737513517}
{"t": 1785221704.1991541, "x": 3.5532403782595536, "y": -0.32584420357117794, "zone": null, "min_dist": 0.6741557964288221}
{"t": 1785221704.3594098, "x": 3.585578428543424, "y": -0.3339918962777515, "zone": null, "min_dist": 0.6660081037222485}
{"t": 1785221704.5119462, "x": 3.6145796516464395, "y": -0.34198994465337584, "zone": null, "min_dist": 0.6580100553466242}
{"t": 1785221704.6633291, "x": 3.6437843916217547, "y": -0.35071436658526856, "zone": null, "min_dist": 0.6492856334147314}
{"t": 1785221704.8154256, "x": 3.673581449503081, "y": -0.3603191592079991, "zone": null, "min_dist": 0.6396808407920009}
{"t": 1785221704.9678738, "x": 3.703061604142708, "y": -0.3705309070216276, "zone": null, "min_dist": 0.6294690929783724}
{"t": 1785221705.1204197, "x": 3.7329299118902655, "y": -0.38158809376362524, "zone": null, "min_dist": 0.6184119062363748}
{"t": 1785221705.2804472, "x": 3.7640678613080327, "y": -0.39376516189103866, "zone": null, "min_dist": 0.6062348381089613}
{"t": 1785221705.4328704, "x": 3.7941547029926306, "y": -0.40612491062828665, "zone": null, "min_dist": 0.5938750893717133}
{"t": 1785221705.5852776, "x": 3.824987439435186, "y": -0.41907531701107004, "zone": null, "min_dist": 0.58092468298893}
{"t": 1785221705.7375853, "x": 3.855188369875016, "y": -0.4322566627083328, "zone": null, "min_dist": 0.5677433372916671}
{"t": 1785221705.8898656, "x": 3.8849304179269324, "y": -0.44599995064223835, "zone": null, "min_dist": 0.5540000493577617}
{"t": 1785221706.0421233, "x": 3.912848098564134, "y": -0.45964558190990606, "zone": null, "min_dist": 0.5403544180900939}
{"t": 1785221706.1944218, "x": 3.940723972160341, "y": -0.47400693010769607, "zone": null, "min_dist": 0.5259930698923039}
{"t": 1785221706.3466516, "x": 3.9632557197198017, "y": -0.48672751573732587, "zone": null, "min_dist": 0.5132724842626741}
{"t": 1785221706.4989932, "x": 3.982537638888295, "y": -0.499212310767431, "zone": null, "min_dist": 0.500787689232569}
{"t": 1785221706.659504, "x": 4.006759860907354, "y": -0.5169975927869446, "zone": null, "min_dist": 0.48300240721305543}
{"t": 1785221706.8116097, "x": 4.030388519496092, "y": -0.5353648138688912, "zone": null, "min_dist": 0.46463518613110877}
{"t": 1785221706.9636734, "x": 4.053618986123563, "y": -0.5542329413350868, "zone": null, "min_dist": 0.4457670586649132}
{"t": 1785221707.1163697, "x": 4.075802435870531, "y": -0.5729926987048265, "zone": null, "min_dist": 0.4270073012951735}
{"t": 1785221707.2684674, "x": 4.096848922050629, "y": -0.5913199645097095, "zone": null, "min_dist": 0.4086800354902905}
{"t": 1785221707.4206815, "x": 4.118348638580489, "y": -0.6104547368187995, "zone": null, "min_dist": 0.38954526318120053}
{"t": 1785221707.5804825, "x": 4.140338656815078, "y": -0.6305277767235898, "zone": null, "min_dist": 0.36947222327641016}
{"t": 1785221707.7322328, "x": 4.156637019027681, "y": -0.6454994234675799, "zone": null, "min_dist": 0.35450057653242006}
{"t": 1785221707.8848143, "x": 4.170824861442342, "y": -0.6580899212870507, "zone": null, "min_dist": 0.3419100787129493}
{"t": 1785221708.0372574, "x": 4.176571491551617, "y": -0.6627786633179054, "zone": null, "min_dist": 0.33722133668209464}
{"t": 1785221708.1893938, "x": 4.176658815688826, "y": -0.6628441784996482, "zone": null, "min_dist": 0.33715582150035184}
{"t": 1785221708.3416576, "x": 4.176652799656781, "y": -0.6628402399045844, "zone": null, "min_dist": 0.3371597600954156}
{"t": 1785221708.4941623, "x": 4.176646725748394, "y": -0.6628364480139467, "zone": null, "min_dist": 0.3371635519860533}
{"t": 1785221708.6466823, "x": 4.1816202016635975, "y": -0.6657891723182894, "zone": null, "min_dist": 0.3342108276817106}
{"t": 1785221708.7988348, "x": 4.203823772405853, "y": -0.679276796046352, "zone": null, "min_dist": 0.32072320395364795}
{"t": 1785221708.9507604, "x": 4.228390286913436, "y": -0.6948431862760157, "zone": null, "min_dist": 0.3051568137239843}
{"t": 1785221709.1032217, "x": 4.252829063342046, "y": -0.7109609171294415, "zone": null, "min_dist": 0.28903908287055846}
{"t": 1785221709.255645, "x": 4.274127671514778, "y": -0.7252777919836341, "zone": null, "min_dist": 0.27472220801636593}
{"t": 1785221709.407547, "x": 4.291649762943535, "y": -0.7368190249833633, "zone": null, "min_dist": 0.26318097501663673}
{"t": 1785221709.5599785, "x": 4.307666079105956, "y": -0.746983139704412, "zone": null, "min_dist": 0.253016860295588}
{"t": 1785221709.7201512, "x": 4.314064957516072, "y": -0.7508719138231459, "zone": null, "min_dist": 0.2491280861768541}
{"t": 1785221709.872541, "x": 4.315237757112718, "y": -0.7515341646890751, "zone": null, "min_dist": 0.24846583531092492}
{"t": 1785221710.0243216, "x": 4.32732614343658, "y": -0.7583937721678803, "zone": null, "min_dist": 0.2416062278321197}
{"t": 1785221710.2008379, "x": 4.346828803318318, "y": -0.7705547071070076, "zone": null, "min_dist": 0.22944529289299243}
{"t": 1785221710.3530278, "x": 4.36136052868281, "y": -0.7814058716667435, "zone": null, "min_dist": 0.21859412833325653}
{"t": 1785221710.5054102, "x": 4.374094734616329, "y": -0.7938560032760791, "zone": null, "min_dist": 0.20614399672392092}
{"t": 1785221710.6574986, "x": 4.387438903796308, "y": -0.8111269390269238, "zone": null, "min_dist": 0.1888730609730762}
{"t": 1785221710.809488, "x": 4.402624238936874, "y": -0.8368988494402552, "zone": null, "min_dist": 0.16310115055974483}
{"t": 1785221710.961776, "x": 4.415233604573072, "y": -0.8640313789675975, "zone": null, "min_dist": 0.13596862103240248}
{"t": 1785221711.1142557, "x": 4.425761674825335, "y": -0.8920426790775741, "zone": null, "min_dist": 0.10795732092242594}
{"t": 1785221711.2745843, "x": 4.4352753964667695, "y": -0.9222373594995137, "zone": null, "min_dist": 0.07776264050048631}
{"t": 1785221711.4266462, "x": 4.4435309992072085, "y": -0.9521625999681292, "zone": null, "min_dist": 0.04783740003187076}
{"t": 1785221711.579037, "x": 4.450332336913755, "y": -0.9808340731949654, "zone": null, "min_dist": 0.019165926805034594}
{"t": 1785221711.73976, "x": 4.456090945124782, "y": -1.0108836689628622, "zone": "wh_forbidden_zone", "min_dist": 0.0}
{"t": 1785221711.900044, "x": 4.459871439557381, "y": -1.042209583042783, "zone": "wh_forbidden_zone", "min_dist": 0.0}
{"t": 1785221712.0521097, "x": 4.460926197646226, "y": -1.0718786097967492, "zone": "wh_forbidden_zone", "min_dist": 0.0}
{"t": 1785221712.212444, "x": 4.458481140649334, "y": -1.1045125831162854, "zone": "wh_forbidden_zone", "min_dist": 0.0}
{"t": 1785221712.3644383, "x": 4.451714369740876, "y": -1.1356376045009342, "zone": "wh_forbidden_zone", "min_dist": 0.0}
{"t": 1785221712.5247328, "x": 4.439483482953296, "y": -1.1686209852926706, "zone": "wh_forbidden_zone", "min_dist": 0.0}
{"t": 1785221712.677209, "x": 4.423896703194375, "y": -1.197229025850815, "zone": "wh_forbidden_zone", "min_dist": 0.0}
{"t": 1785221712.829266, "x": 4.405008717438976, "y": -1.2228786846610493, "zone": "wh_forbidden_zone", "min_dist": 0.0}
{"t": 1785221712.9817536, "x": 4.38334489708112, "y": -1.2457414627637973, "zone": "wh_forbidden_zone", "min_dist": 0.0}
{"t": 1785221713.1343234, "x": 4.360121599820817, "y": -1.2655763322038611, "zone": "wh_forbidden_zone", "min_dist": 0.0}
{"t": 1785221713.2862978, "x": 4.33537572224874, "y": -1.2833804844016912, "zone": "wh_forbidden_zone", "min_dist": 0.0}
{"t": 1785221713.4385865, "x": 4.309597320620728, "y": -1.3001851047346926, "zone": "wh_forbidden_zone", "min_dist": 0.0}
{"t": 1785221713.590477, "x": 4.2836670683982065, "y": -1.3163273936290731, "zone": "wh_forbidden_zone", "min_dist": 0.0}
{"t": 1785221713.7427382, "x": 4.256697679615101, "y": -1.3324262234108013, "zone": "wh_forbidden_zone", "min_dist": 0.0}
{"t": 1785221713.8944216, "x": 4.229242684147908, "y": -1.348237273495576, "zone": "wh_forbidden_zone", "min_dist": 0.0}
{"t": 1785221714.0469956, "x": 4.201880637903853, "y": -1.3640064538886334, "zone": "wh_forbidden_zone", "min_dist": 0.0}
{"t": 1785221714.1992621, "x": 4.17340937895153, "y": -1.3811590487222574, "zone": "wh_forbidden_zone", "min_dist": 0.0}
{"t": 1785221714.3514197, "x": 4.146975790432013, "y": -1.3986278888551191, "zone": "wh_forbidden_zone", "min_dist": 0.0}
{"t": 1785221714.503829, "x": 4.120624698435847, "y": -1.418363336384557, "zone": "wh_forbidden_zone", "min_dist": 0.0}
{"t": 1785221714.6559992, "x": 4.096047217687667, "y": -1.4392958936827709, "zone": "wh_forbidden_zone", "min_dist": 0.0}
{"t": 1785221714.8083928, "x": 4.072662575601185, "y": -1.4622754517632932, "zone": "wh_forbidden_zone", "min_dist": 0.0}
{"t": 1785221714.9605236, "x": 4.052025748950864, "y": -1.4856855675864957, "zone": "wh_forbidden_zone", "min_dist": 0.0}
{"t": 1785221715.1130753, "x": 4.033020524327618, "y": -1.5102963336910635, "zone": "wh_forbidden_zone", "min_dist": 0.0}
{"t": 1785221715.2895617, "x": 4.01309202368848, "y": -1.5386268293899739, "zone": "wh_forbidden_zone", "min_dist": 0.0}
{"t": 1785221715.4417658, "x": 3.995805319759665, "y": -1.5630564136259297, "zone": "wh_forbidden_zone", "min_dist": 0.0}
{"t": 1785221715.6013248, "x": 3.9809439532082043, "y": -1.5832180581819477, "zone": "wh_forbidden_zone", "min_dist": 0.0}
{"t": 1785221715.7536616, "x": 3.9818049448160866, "y": -1.5821803449321712, "zone": "wh_forbidden_zone", "min_dist": 0.0}
{"t": 1785221715.9060633, "x": 3.980629118160019, "y": -1.5843665350051728, "zone": "wh_forbidden_zone", "min_dist": 0.0}
{"t": 1785221716.0584438, "x": 3.981558528777046, "y": -1.5822818006254484, "zone": "wh_forbidden_zone", "min_dist": 0.0}
{"t": 1785221716.2188292, "x": 3.982137352927493, "y": -1.5818073370189498, "zone": "wh_forbidden_zone", "min_dist": 0.0}
{"t": 1785221716.372194, "x": 3.977845869372388, "y": -1.5939226726642193, "zone": "wh_forbidden_zone", "min_dist": 0.0}
{"t": 1785221716.5241857, "x": 3.9719979271952557, "y": -1.6021708356296058, "zone": "wh_forbidden_zone", "min_dist": 0.0}
{"t": 1785221716.6769285, "x": 3.9676852877127944, "y": -1.6101983296124334, "zone": "wh_forbidden_zone", "min_dist": 0.0}
{"t": 1785221716.828811, "x": 3.967543331457248, "y": -1.6108289045755828, "zone": "wh_forbidden_zone", "min_dist": 0.0}
{"t": 1785221716.9801273, "x": 3.966950457498484, "y": -1.613598723377952, "zone": "wh_forbidden_zone", "min_dist": 0.0}
{"t": 1785221717.132464, "x": 3.964066517219635, "y": -1.6331138316437805, "zone": "wh_forbidden_zone", "min_dist": 0.0}
{"t": 1785221717.2927277, "x": 3.963142817643268, "y": -1.6554901840647185, "zone": "wh_forbidden_zone", "min_dist": 0.0}
{"t": 1785221717.452847, "x": 3.9607587288853403, "y": -1.6567385550512892, "zone": "wh_forbidden_zone", "min_dist": 0.0}
{"t": 1785221717.6051178, "x": 3.9574377693322975, "y": -1.6564280602444406, "zone": "wh_forbidden_zone", "min_dist": 0.0}
{"t": 1785221717.7572093, "x": 3.9541297043873915, "y": -1.6561466066264954, "zone": "wh_forbidden_zone", "min_dist": 0.0}
{"t": 1785221717.909354, "x": 3.9508351434433115, "y": -1.6558994117535175, "zone": "wh_forbidden_zone", "min_dist": 0.0}
{"t": 1785221718.0614455, "x": 3.9475536950917784, "y": -1.6556858778858634, "zone": "wh_forbidden_zone", "min_dist": 0.0}
{"t": 1785221718.2214422, "x": 3.944112657616565, "y": -1.65549484350742, "zone": "wh_forbidden_zone", "min_dist": 0.0}
{"t": 1785221718.3737833, "x": 3.9408547342064257, "y": -1.6553404678063357, "zone": "wh_forbidden_zone", "min_dist": 0.0}
{"t": 1785221718.525912, "x": 3.937606187038133, "y": -1.655207684842402, "zone": "wh_forbidden_zone", "min_dist": 0.0}
{"t": 1785221718.6785777, "x": 3.9343657380032457, "y": -1.6550924900978714, "zone": "wh_forbidden_zone", "min_dist": 0.0}
{"t": 1785221718.8305554, "x": 3.931132226604469, "y": -1.6549915211969735, "zone": "wh_forbidden_zone", "min_dist": 0.0}
{"t": 1785221719.0068252, "x": 3.9285824950869, "y": -1.6557866980296467, "zone": "wh_forbidden_zone", "min_dist": 0.0}
{"t": 1785221719.1674068, "x": 3.928589309099433, "y": -1.6558362359592922, "zone": "wh_forbidden_zone", "min_dist": 0.0}
{"t": 1785221719.3277175, "x": 3.9285968327755274, "y": -1.6558927243199326, "zone": "wh_forbidden_zone", "min_dist": 0.0}
{"t": 1785221719.479842, "x": 3.928605282689568, "y": -1.655958089348101, "zone": "wh_forbidden_zone", "min_dist": 0.0}
{"t": 1785221719.6404696, "x": 3.92861501067277, "y": -1.6560356336804773, "zone": "wh_forbidden_zone", "min_dist": 0.0}
{"t": 1785221719.7923937, "x": 3.928624667356482, "y": -1.6561149483033752, "zone": "wh_forbidden_zone", "min_dist": 0.0}
{"t": 1785221719.944608, "x": 3.928634446226021, "y": -1.6561976395490938, "zone": "wh_forbidden_zone", "min_dist": 0.0}
{"t": 1785221720.096807, "x": 3.928644147130448, "y": -1.6562820879177955, "zone": "wh_forbidden_zone", "min_dist": 0.0}
{"t": 1785221720.257579, "x": 3.9286541133319663, "y": -1.656371459686148, "zone": "wh_forbidden_zone", "min_dist": 0.0}
{"t": 1785221720.4095144, "x": 3.928663248966813, "y": -1.6564558429642702, "zone": "wh_forbidden_zone", "min_dist": 0.0}
{"t": 1785221720.5612574, "x": 3.9286716584923393, "y": -1.6565357488852486, "zone": "wh_forbidden_zone", "min_dist": 0.0}
{"t": 1785221720.7134728, "x": 3.928679632771757, "y": -1.656613647244338, "zone": "wh_forbidden_zone", "min_dist": 0.0}
{"t": 1785221720.8654242, "x": 3.928687190708042, "y": -1.6566895361119534, "zone": "wh_forbidden_zone", "min_dist": 0.0}
{"t": 1785221721.0173178, "x": 3.9286943174710767, "y": -1.6567630801956614, "zone": "wh_forbidden_zone", "min_dist": 0.0}
{"t": 1785221721.1696696, "x": 3.9287010119978487, "y": -1.6568340685962364, "zone": "wh_forbidden_zone", "min_dist": 0.0}
{"t": 1785221721.3221164, "x": 3.9287072792912157, "y": -1.6569023488957892, "zone": "wh_forbidden_zone", "min_dist": 0.0}
{"t": 1785221721.474863, "x": 3.9287131277644733, "y": -1.6569678030513613, "zone": "wh_forbidden_zone", "min_dist": 0.0}
{"t": 1785221721.6273804, "x": 3.928718575167627, "y": -1.6570304208640478, "zone": "wh_forbidden_zone", "min_dist": 0.0}
{"t": 1785221721.7875204, "x": 3.928723891581287, "y": -1.6570932226990525, "zone": "wh_forbidden_zone", "min_dist": 0.0}
{"t": 1785221721.9477777, "x": 3.9287288062215575, "y": -1.6571529150763615, "zone": "wh_forbidden_zone", "min_dist": 0.0}
{"t": 1785221722.1085563, "x": 3.928733341769095, "y": -1.6572095456816223, "zone": "wh_forbidden_zone", "min_dist": 0.0}
{"t": 1785221722.2601519, "x": 3.9287373231226925, "y": -1.6572606050222003, "zone": "wh_forbidden_zone", "min_dist": 0.0}
{"t": 1785221722.4130588, "x": 3.928741004194636, "y": -1.6573090519556235, "zone": "wh_forbidden_zone", "min_dist": 0.0}
{"t": 1785221722.5736423, "x": 3.928744593504038, "y": -1.657357556522853, "zone": "wh_forbidden_zone", "min_dist": 0.0}
{"t": 1785221722.7341225, "x": 3.928747912224529, "y": -1.6574036356787145, "zone": "wh_forbidden_zone", "min_dist": 0.0}
{"t": 1785221722.8940558, "x": 3.9287509866036756, "y": -1.6574474935262398, "zone": "wh_forbidden_zone", "min_dist": 0.0}
{"t": 1785221723.0461497, "x": 3.928753693037499, "y": -1.657487136686358, "zone": "wh_forbidden_zone", "min_dist": 0.0}
{"t": 1785221723.1985517, "x": 3.928756210203489, "y": -1.6575249711305562, "zone": "wh_forbidden_zone", "min_dist": 0.0}
{"t": 1785221723.3505187, "x": 3.928758541947986, "y": -1.6575609352435814, "zone": "wh_forbidden_zone", "min_dist": 0.0}
{"t": 1785221723.5029535, "x": 3.92876070477492, "y": -1.657595167964199, "zone": "wh_forbidden_zone", "min_dist": 0.0}
{"t": 1785221723.6633127, "x": 3.928762811154003, "y": -1.6576294049077778, "zone": "wh_forbidden_zone", "min_dist": 0.0}
{"t": 1785221723.8154538, "x": 3.9287646604911424, "y": -1.6576602755653032, "zone": "wh_forbidden_zone", "min_dist": 0.0}
{"t": 1785221723.9672954, "x": 3.9287663722335764, "y": -1.657689601375328, "zone": "wh_forbidden_zone", "min_dist": 0.0}
{"t": 1785221724.1194978, "x": 3.9287679574422936, "y": -1.6577174756002626, "zone": "wh_forbidden_zone", "min_dist": 0.0}
{"t": 1785221724.2799194, "x": 3.928769493474473, "y": -1.6577452175199692, "zone": "wh_forbidden_zone", "min_dist": 0.0}
{"t": 1785221724.440303, "x": 3.928770911181905, "y": -1.6577715359581875, "zone": "wh_forbidden_zone", "min_dist": 0.0}
{"t": 1785221724.5927143, "x": 3.9287721516984138, "y": -1.6577951923129077, "zone": "wh_forbidden_zone", "min_dist": 0.0}
{"t": 1785221724.7525399, "x": 3.9287721449976263, "y": -1.6577950238340338, "zone": "wh_forbidden_zone", "min_dist": 0.0}
{"t": 1785221724.9133713, "x": 3.9287688381533554, "y": -1.6577330805192907, "zone": "wh_forbidden_zone", "min_dist": 0.0}
{"t": 1785221725.0654619, "x": 3.928765283381522, "y": -1.6576704550864856, "zone": "wh_forbidden_zone", "min_dist": 0.0}
{"t": 1785221725.2255127, "x": 3.928766258345826, "y": -1.6576872193241878, "zone": "wh_forbidden_zone", "min_dist": 0.0}
{"t": 1785221725.37746, "x": 3.9287678781897974, "y": -1.657715685739902, "zone": "wh_forbidden_zone", "min_dist": 0.0}
{"t": 1785221725.529258, "x": 3.9287693582060563, "y": -1.6577423858216314, "zone": "wh_forbidden_zone", "min_dist": 0.0}
{"t": 1785221725.6919954, "x": 3.928770792676543, "y": -1.6577689670651674, "zone": "wh_forbidden_zone", "min_dist": 0.0}
{"t": 1785221725.850421, "x": 3.928772109128328, "y": -1.6577940430544273, "zone": "wh_forbidden_zone", "min_dist": 0.0}
{"t": 1785221726.0116947, "x": 3.9287733224112804, "y": -1.657817800153746, "zone": "wh_forbidden_zone", "min_dist": 0.0}
{"t": 1785221726.1719725, "x": 3.9287737024006217, "y": -1.6578253566680383, "zone": "wh_forbidden_zone", "min_dist": 0.0}
{"t": 1785221726.3240633, "x": 3.928770793457544, "y": -1.657768822817015, "zone": "wh_forbidden_zone", "min_dist": 0.0}
{"t": 1785221726.4764822, "x": 3.9287674924332134, "y": -1.6577085399027542, "zone": "wh_forbidden_zone", "min_dist": 0.0}
{"t": 1785221726.6366181, "x": 3.928767837491722, "y": -1.657714626354736, "zone": "wh_forbidden_zone", "min_dist": 0.0}
{"t": 1785221726.7890427, "x": 3.928769357336281, "y": -1.657742033725243, "zone": "wh_forbidden_zone", "min_dist": 0.0}
{"t": 1785221726.9411762, "x": 3.928770728329614, "y": -1.6577674198428354, "zone": "wh_forbidden_zone", "min_dist": 0.0}
{"t": 1785221727.0936031, "x": 3.928771991027762, "y": -1.6577914205779287, "zone": "wh_forbidden_zone", "min_dist": 0.0}
{"t": 1785221727.2539117, "x": 3.928771775204942, "y": -1.6577872287191444, "zone": "wh_forbidden_zone", "min_dist": 0.0}
{"t": 1785221727.4141078, "x": 3.9287684231426074, "y": -1.6577249176504787, "zone": "wh_forbidden_zone", "min_dist": 0.0}
{"t": 1785221727.566374, "x": 3.9287648218186124, "y": -1.6576619256748208, "zone": "wh_forbidden_zone", "min_dist": 0.0}
{"t": 1785221727.7184653, "x": 3.9287657331650463, "y": -1.6576774750254435, "zone": "wh_forbidden_zone", "min_dist": 0.0}
{"t": 1785221727.8704035, "x": 3.928767434234109, "y": -1.657707129582681, "zone": "wh_forbidden_zone", "min_dist": 0.0}
{"t": 1785221728.0225806, "x": 3.9287689512997606, "y": -1.6577342872995042, "zone": "wh_forbidden_zone", "min_dist": 0.0}
{"t": 1785221728.183354, "x": 3.9287704221196815, "y": -1.6577613318258466, "zone": "wh_forbidden_zone", "min_dist": 0.0}
{"t": 1785221728.343343, "x": 3.928771775369107, "y": -1.6577869084736017, "zone": "wh_forbidden_zone", "min_dist": 0.0}
{"t": 1785221728.4957974, "x": 3.9287728532549226, "y": -1.6578078113379493, "zone": "wh_forbidden_zone", "min_dist": 0.0}
{"t": 1785221728.655543, "x": 3.9287739106297397, "y": -1.657828824194885, "zone": "wh_forbidden_zone", "min_dist": 0.0}
{"t": 1785221728.8079214, "x": 3.928773494301838, "y": -1.6578204386420337, "zone": "wh_forbidden_zone", "min_dist": 0.0}
{"t": 1785221728.960315, "x": 3.9287729613401856, "y": -1.6578098297990185, "zone": "wh_forbidden_zone", "min_dist": 0.0}
{"t": 1785221729.1126225, "x": 3.928772730694713, "y": -1.6578052604402176, "zone": "wh_forbidden_zone", "min_dist": 0.0}
{"t": 1785221729.2643812, "x": 3.9287737302399397, "y": -1.6578250509347308, "zone": "wh_forbidden_zone", "min_dist": 0.0}
{"t": 1785221729.4409697, "x": 3.9287749210232294, "y": -1.6578492723563474, "zone": "wh_forbidden_zone", "min_dist": 0.0}
{"t": 1785221729.6174228, "x": 3.9287742891470194, "y": -1.6578362658048145, "zone": "wh_forbidden_zone", "min_dist": 0.0}
{"t": 1785221729.7702188, "x": 3.928771458159857, "y": -1.657780515503076, "zone": "wh_forbidden_zone", "min_dist": 0.0}
{"t": 1785221729.9221382, "x": 3.928768238658945, "y": -1.6577209906094243, "zone": "wh_forbidden_zone", "min_dist": 0.0}
{"t": 1785221730.074275, "x": 3.928767160019555, "y": -1.657701777366379, "zone": "wh_forbidden_zone", "min_dist": 0.0}
{"t": 1785221730.2263172, "x": 3.9287687528959303, "y": -1.6577301644942737, "zone": "wh_forbidden_zone", "min_dist": 0.0}
{"t": 1785221730.3784919, "x": 3.9287701943806654, "y": -1.6577565507064256, "zone": "wh_forbidden_zone", "min_dist": 0.0}
{"t": 1785221730.5307186, "x": 3.928771503247866, "y": -1.6577811504027118, "zone": "wh_forbidden_zone", "min_dist": 0.0}
{"t": 1785221730.6832132, "x": 3.9287725456416753, "y": -1.6578012234898523, "zone": "wh_forbidden_zone", "min_dist": 0.0}
{"t": 1785221730.8436613, "x": 3.9287692980655096, "y": -1.6577399204757286, "zone": "wh_forbidden_zone", "min_dist": 0.0}
{"t": 1785221731.0038402, "x": 3.928765604698517, "y": -1.6576744861081065, "zone": "wh_forbidden_zone", "min_dist": 0.0}
{"t": 1785221731.164599, "x": 3.9287630342600983, "y": -1.6576310845205162, "zone": "wh_forbidden_zone", "min_dist": 0.0}
{"t": 1785221731.3241997, "x": 3.9287650459994166, "y": -1.6576648275779595, "zone": "wh_forbidden_zone", "min_dist": 0.0}
{"t": 1785221731.4763227, "x": 3.928766788069862, "y": -1.6576948600043175, "zone": "wh_forbidden_zone", "min_dist": 0.0}
{"t": 1785221731.6284797, "x": 3.928768360513915, "y": -1.6577226924492274, "zone": "wh_forbidden_zone", "min_dist": 0.0}
{"t": 1785221731.7811735, "x": 3.9287698104351083, "y": -1.6577490348423913, "zone": "wh_forbidden_zone", "min_dist": 0.0}
{"t": 1785221731.941381, "x": 3.928771216123883, "y": -1.6577752674210904, "zone": "wh_forbidden_zone", "min_dist": 0.0}
{"t": 1785221732.093514, "x": 3.9287724467386758, "y": -1.6577988589993464, "zone": "wh_forbidden_zone", "min_dist": 0.0}
{"t": 1785221732.2695582, "x": 3.928770797115262, "y": -1.657767279120748, "zone": "wh_forbidden_zone", "min_dist": 0.0}
{"t": 1785221732.4216073, "x": 3.9287674874670815, "y": -1.6577069268970115, "zone": "wh_forbidden_zone", "min_dist": 0.0}
{"t": 1785221732.5741708, "x": 3.9287643530309717, "y": -1.6576527602186921, "zone": "wh_forbidden_zone", "min_dist": 0.0}
{"t": 1785221732.7264216, "x": 3.9287661667776663, "y": -1.6576837121585335, "zone": "wh_forbidden_zone", "min_dist": 0.0}
{"t": 1785221732.8864207, "x": 3.928767899220761, "y": -1.657714096995811, "zone": "wh_forbidden_zone", "min_dist": 0.0}
{"t": 1785221733.0464928, "x": 3.9287694632111854, "y": -1.6577422981888357, "zone": "wh_forbidden_zone", "min_dist": 0.0}
{"t": 1785221733.2069767, "x": 3.928770900271531, "y": -1.657768932899928, "zone": "wh_forbidden_zone", "min_dist": 0.0}
{"t": 1785221733.3593326, "x": 3.9287721581785955, "y": -1.6577928820080259, "zone": "wh_forbidden_zone", "min_dist": 0.0}
{"t": 1785221733.5114348, "x": 3.928772741241072, "y": -1.657804187362148, "zone": "wh_forbidden_zone", "min_dist": 0.0}
{"t": 1785221733.6715934, "x": 3.9287695140830725, "y": -1.657743073931512, "zone": "wh_forbidden_zone", "min_dist": 0.0}
{"t": 1785221733.8240461, "x": 3.928766036360857, "y": -1.6576811782446186, "zone": "wh_forbidden_zone", "min_dist": 0.0}
{"t": 1785221734.0006986, "x": 3.9287657682397947, "y": -1.6576765016940826, "zone": "wh_forbidden_zone", "min_dist": 0.0}
{"t": 1785221734.1528444, "x": 3.928767466034909, "y": -1.6577060739561216, "zone": "wh_forbidden_zone", "min_dist": 0.0}
{"t": 1785221734.3050241, "x": 3.9287689899393956, "y": -1.6577333293044318, "zone": "wh_forbidden_zone", "min_dist": 0.0}
{"t": 1785221734.4573717, "x": 3.9287703947739416, "y": -1.6577591196651342, "zone": "wh_forbidden_zone", "min_dist": 0.0}
{"t": 1785221734.609483, "x": 3.9287716934852184, "y": -1.6577835931355376, "zone": "wh_forbidden_zone", "min_dist": 0.0}
{"t": 1785221734.7615025, "x": 3.9287728925349277, "y": -1.6578067882918635, "zone": "wh_forbidden_zone", "min_dist": 0.0}
{"t": 1785221734.9137623, "x": 3.9287715265153644, "y": -1.6577803328524152, "zone": "wh_forbidden_zone", "min_dist": 0.0}
{"t": 1785221735.0660615, "x": 3.9287683050324786, "y": -1.6577207896965844, "zone": "wh_forbidden_zone", "min_dist": 0.0}
{"t": 1785221735.2264192, "x": 3.928764751541526, "y": -1.657658836396291, "zone": "wh_forbidden_zone", "min_dist": 0.0}
{"t": 1785221735.3784611, "x": 3.9287658591318237, "y": -1.657703307258237, "zone": "wh_forbidden_zone", "min_dist": 0.0}
{"t": 1785221735.5390687, "x": 3.9286765825520225, "y": -1.6518712296594846, "zone": "wh_forbidden_zone", "min_dist": 0.0}
{"t": 1785221735.6912222, "x": 3.928924859919084, "y": -1.6423206001622002, "zone": "wh_forbidden_zone", "min_dist": 0.0}
{"t": 1785221735.8436298, "x": 3.9297372194776066, "y": -1.6313409676988064, "zone": "wh_forbidden_zone", "min_dist": 0.0}
{"t": 1785221735.9953907, "x": 3.933074956008226, "y": -1.6096347940494622, "zone": "wh_forbidden_zone", "min_dist": 0.0}
{"t": 1785221736.1475463, "x": 3.934491189141007, "y": -1.6039270697836667, "zone": "wh_forbidden_zone", "min_dist": 0.0}
{"t": 1785221736.3002186, "x": 3.9320593944428266, "y": -1.6164873018572918, "zone": "wh_forbidden_zone", "min_dist": 0.0}
{"t": 1785221736.452254, "x": 3.9317481197891655, "y": -1.640612341199474, "zone": "wh_forbidden_zone", "min_dist": 0.0}
{"t": 1785221736.604555, "x": 3.9308341557105972, "y": -1.652973529800165, "zone": "wh_forbidden_zone", "min_dist": 0.0}
{"t": 1785221736.7566485, "x": 3.930746048971867, "y": -1.6538480332043437, "zone": "wh_forbidden_zone", "min_dist": 0.0}
{"t": 1785221736.916546, "x": 3.930492009132541, "y": -1.652652827280453, "zone": "wh_forbidden_zone", "min_dist": 0.0}
{"t": 1785221737.0771222, "x": 3.930353528621414, "y": -1.6518182216901853, "zone": "wh_forbidden_zone", "min_dist": 0.0}
{"t": 1785221737.229367, "x": 3.9305393096615004, "y": -1.654211549299538, "zone": "wh_forbidden_zone", "min_dist": 0.0}
{"t": 1785221737.3896723, "x": 3.9306951846065457, "y": -1.6584184253914858, "zone": "wh_forbidden_zone", "min_dist": 0.0}
{"t": 1785221737.5661125, "x": 3.9205512906878335, "y": -1.6583396500337886, "zone": "wh_forbidden_zone", "min_dist": 0.0}
{"t": 1785221737.742574, "x": 3.910549587637015, "y": -1.6583107312127465, "zone": "wh_forbidden_zone", "min_dist": 0.0}
{"t": 1785221737.9029486, "x": 3.9069736778479878, "y": -1.6471764908991644, "zone": "wh_forbidden_zone", "min_dist": 0.0}
{"t": 1785221738.0549042, "x": 3.907394998067472, "y": -1.64837665874124, "zone": "wh_forbidden_zone", "min_dist": 0.0}
{"t": 1785221738.215387, "x": 3.908020001615852, "y": -1.6501806281483087, "zone": "wh_forbidden_zone", "min_dist": 0.0}
