{"t": 1785218920.591251, "x": -4.26978029916237e-12, "y": -2.538992670355229e-13, "zone": null, "min_dist": 1.8027756377354065}
{"t": 1785218920.7514422, "x": -4.26978029916237e-12, "y": -2.538992670355229e-13, "zone": null, "min_dist": 1.8027756377354065}
{"t": 1785218920.9117403, "x": -4.26978029916237e-12, "y": -2.538992670355229e-13, "zone": null, "min_dist": 1.8027756377354065}
{"t": 1785218921.0725067, "x": -4.26978029916237e-12, "y": -2.538992670355229e-13, "zone": null, "min_dist": 1.8027756377354065}
{"t": 1785218921.232939, "x": -4.26978029916237e-12, "y": -2.538992670355229e-13, "zone": null, "min_dist": 1.8027756377354065}
{"t": 1785218921.4183526, "x": -4.26978029916237e-12, "y": -2.538992670355229e-13, "zone": null, "min_dist": 1.8027756377354065}
{"t": 1785218921.5774295, "x": -4.26978029916237e-12, "y": -2.538992670355229e-13, "zone": null, "min_dist": 1.8027756377354065}
{"t": 1785218921.7296157, "x": -4.26978029916237e-12, "y": -2.538992670355229e-13, "zone": null, "min_dist": 1.8027756377354065}
{"t": 1785218921.881728, "x": -4.26978029916237e-12, "y": -2.538992670355229e-13, "zone": null, "min_dist": 1.8027756377354065}
{"t": 1785218922.0342078, "x": -4.26978029916237e-12, "y": -2.538992670355229e-13, "zone": null, "min_dist": 1.8027756377354065}
{"t": 1785218922.18625, "x": -4.26978029916237e-12, "y": -2.538992670355229e-13, "zone": null, "min_dist": 1.8027756377354065}
{"t": 1785218922.338674, "x": -4.26978029916237e-12, "y": -2.538992670355229e-13, "zone": null, "min_dist": 1.8027756377354065}
{"t": 1785218922.4907115, "x": -4.26978029916237e-12, "y": -2.538992670355229e-13, "zone": null, "min_dist": 1.8027756377354065}
{"t": 1785218922.643696, "x": -4.26978029916237e-12, "y": -2.538992670355229e-13, "zone": null, "min_dist": 1.8027756377354065}
{"t": 1785218922.7955377, "x": -4.26978029916237e-12, "y": -2.538992670355229e-13, "zone": null, "min_dist": 1.8027756377354065}
{"t": 1785218922.9479034, "x": -4.26978029916237e-12, "y": -2.538992670355229e-13, "zone": null, "min_dist": 1.8027756377354065}
{"t": 1785218923.1078942, "x": -4.26978029916237e-12, "y": -2.538992670355229e-13, "zone": null, "min_dist": 1.8027756377354065}
{"t": 1785218923.260249, "x": -4.26978029916237e-12, "y": -2.538992670355229e-13, "zone": null, "min_dist": 1.8027756377354065}
{"t": 1785218923.412249, "x": -4.26978029916237e-12, "y": -2.538992670355229e-13, "zone": null, "min_dist": 1.8027756377354065}
{"t": 1785218923.5648239, "x": -4.26978029916237e-12, "y": -2.538992670355229e-13, "zone": null, "min_dist": 1.8027756377354065}
{"t": 1785218923.7168798, "x": -4.26978029916237e-12, "y": -2.538992670355229e-13, "zone": null, "min_dist": 1.8027756377354065}
{"t": 1785218923.8694184, "x": -4.26978029916237e-12, "y": -2.538992670355229e-13, "zone": null, "min_dist": 1.8027756377354065}
{"t": 1785218924.0215228, "x": -4.26978029916237e-12, "y": -2.538992670355229e-13, "zone": null, "min_dist": 1.8027756377354065}
{"t": 1785218924.1735203, "x": 0.00019187435939864322, "y": -1.6226576243500483e-08, "zone": null, "min_dist": 1.8026159827551795}
{"t": 1785218924.3258245, "x": 0.014785201402269224, "y": -7.739891970167997e-05, "zone": null, "min_dist": 1.7904491632338762}
{"t": 1785218924.4779005, "x": 0.045155893187323715, "y": -0.00026202809085196064, "zone": null, "min_dist": 1.7652329556193398}
{"t": 1785218924.6299908, "x": 0.07748703882043402, "y": -0.00045857484949178795, "zone": null, "min_dist": 1.7385701554196098}
{"t": 1785218924.782498, "x": 0.109971445770339, "y": -0.000656053271180151, "zone": null, "min_dist": 1.7119777175644946}
{"t": 1785218924.9345412, "x": 0.14182947339323468, "y": -0.0008497238685348218, "zone": null, "min_dist": 1.6860985895364724}
{"t": 1785218925.0867767, "x": 0.17348690369477301, "y": -0.0010421750772077378, "zone": null, "min_dist": 1.6605883688150282}
{"t": 1785218925.2391572, "x": 0.2058433583698339, "y": -0.0012388756465277755, "zone": null, "min_dist": 1.6347370420331468}
{"t": 1785218925.3916013, "x": 0.23844574825816423, "y": -0.0014370712437882626, "zone": null, "min_dist": 1.6089272987845304}
{"t": 1785218925.5436904, "x": 0.2713899815169473, "y": -0.0016373449267110263, "zone": null, "min_dist": 1.583101566091675}
{"t": 1785218925.6957538, "x": 0.3022357726798013, "y": -0.0018248621220208242, "zone": null, "min_dist": 1.559164119047663}
{"t": 1785218925.8479447, "x": 0.334720179870532, "y": -0.002022340526728204, "zone": null, "min_dist": 1.534221779277271}
{"t": 1785218926.0004365, "x": 0.36735784748105005, "y": -0.0022207506066487404, "zone": null, "min_dist": 1.509450786273842}
{"t": 1785218926.1524181, "x": 0.3988453558438204, "y": -0.002412168802770912, "zone": null, "min_dist": 1.485840849922869}
{"t": 1785218926.3124285, "x": 0.43256927419526353, "y": -0.0026171824971742974, "zone": null, "min_dist": 1.4608835816182961}
{"t": 1785218926.4648542, "x": 0.46492572888223815, "y": -0.0028138830653556698, "zone": null, "min_dist": 1.4372748166363871}
{"t": 1785218926.6170158, "x": 0.49728219759656167, "y": -0.003010583714078194, "zone": null, "min_dist": 1.4140123363828634}
{"t": 1785218926.7693002, "x": 0.5301624631195839, "y": -0.003210468525476995, "zone": null, "min_dist": 1.390745921439093}
{"t": 1785218926.9217927, "x": 0.5619378310955544, "y": -0.0034036366663786725, "zone": null, "min_dist": 1.3686361620750462}
{"t": 1785218927.0741777, "x": 0.5945975141279919, "y": -0.0036021805382263202, "zone": null, "min_dist": 1.3463143303298042}
{"t": 1785218927.226936, "x": 0.6270212910170017, "y": -0.003799290367194928, "zone": null, "min_dist": 1.3245783027856552}
{"t": 1785218927.3787837, "x": 0.6588893027533937, "y": -0.003993021686351263, "zone": null, "min_dist": 1.3036476156815373}
{"t": 1785218927.5386362, "x": 0.6924146680842589, "y": -0.004196828320249471, "zone": null, "min_dist": 1.282114669229281}
{"t": 1785218927.692232, "x": 0.7241108795073641, "y": -0.004389515267483795, "zone": null, "min_dist": 1.2622377607282045}
{"t": 1785218927.8441823, "x": 0.7560361393236039, "y": -0.004583594609588492, "zone": null, "min_dist": 1.2427131793430437}
{"t": 1785218927.996328, "x": 0.78854589931924, "y": -0.004781227107918572, "zone": null, "min_dist": 1.2233672152270099}
{"t": 1785218928.148646, "x": 0.820599156768788, "y": -0.004976084542866958, "zone": null, "min_dist": 1.2048477489354934}
{"t": 1785218928.3005188, "x": 0.8530987667558569, "y": -0.005173655352133508, "zone": null, "min_dist": 1.1866594547629192}
{"t": 1785218928.45237, "x": 0.8864421504617357, "y": -0.00537635547581991, "zone": null, "min_dist": 1.168644269646064}
{"t": 1785218928.6125379, "x": 0.9207977262019298, "y": -0.005585209001347146, "zone": null, "min_dist": 1.1507980059635787}
{"t": 1785218928.7723737, "x": 0.9537739871145237, "y": -0.005785677638399841, "zone": null, "min_dist": 1.134383081653504}
{"t": 1785218928.9244647, "x": 0.9850576678517505, "y": -0.00597585677708395, "zone": null, "min_dist": 1.1194863119968599}
{"t": 1785218929.0766244, "x": 1.0162805937879213, "y": -0.006165666614785812, "zone": null, "min_dist": 1.1053013825022562}
{"t": 1785218929.2290165, "x": 1.0485764179764698, "y": -0.0063619986095932515, "zone": null, "min_dist": 1.091375154662262}
{"t": 1785218929.381382, "x": 1.0812714376659645, "y": -0.006560757304233227, "zone": null, "min_dist": 1.078079374555634}
{"t": 1785218929.5335064, "x": 1.1131394354466853, "y": -0.006754488543038928, "zone": null, "min_dist": 1.0659257677886906}
{"t": 1785218929.6854625, "x": 1.1449974631239541, "y": -0.006948159134541914, "zone": null, "min_dist": 1.0545988620488376}
{"t": 1785218929.8379369, "x": 1.177513869787541, "y": -0.007145832062589547, "zone": null, "min_dist": 1.0439141262431957}
{"t": 1785218929.9903893, "x": 1.2100909070088408, "y": -0.0073438735697893285, "zone": null, "min_dist": 1.0341244932494282}
{"t": 1785218930.1428878, "x": 1.2417636750802439, "y": -0.007536417963917381, "zone": null, "min_dist": 1.0255096104746917}
{"t": 1785218930.3033047, "x": 1.2760400492393305, "y": -0.007744790035708192, "zone": null, "min_dist": 1.017216034697646}
{"t": 1785218930.4793086, "x": 1.3129100598753356, "y": -0.007968929405921548, "zone": null, "min_dist": 1.0095188411911311}
{"t": 1785218930.6315482, "x": 1.3448607174046745, "y": -0.008163163095609051, "zone": null, "min_dist": 1.0038966620348428}
{"t": 1785218930.7839499, "x": 1.3771918643640066, "y": -0.008359709825689598, "zone": null, "min_dist": 0.9992158441875205}
{"t": 1785218930.9363134, "x": 1.4089672323010842, "y": -0.00855287796475845, "zone": null, "min_dist": 0.9956175774798715}
{"t": 1785218931.0963728, "x": 1.44230733790872, "y": -0.008755558400584547, "zone": null, "min_dist": 0.9929219436898933}
{"t": 1785218931.2486677, "x": 1.4748237445595154, "y": -0.008953231330166301, "zone": null, "min_dist": 0.991366502121654}
{"t": 1785218931.4009824, "x": 1.5063212229648184, "y": -0.009144710176452776, "zone": null, "min_dist": 0.9908552898235472}
{"t": 1785218931.5534122, "x": 1.5397318198097394, "y": -0.009409058698976932, "zone": null, "min_dist": 0.9905909413010231}
{"t": 1785218931.7134216, "x": 1.5740843160055902, "y": -0.010295253175079648, "zone": null, "min_dist": 0.9897047468249204}
{"t": 1785218931.873418, "x": 1.6075863002685866, "y": -0.011903022171114023, "zone": null, "min_dist": 0.988096977828886}
{"t": 1785218932.033628, "x": 1.6419640560033757, "y": -0.014332072780141402, "zone": null, "min_dist": 0.9856679272198586}
{"t": 1785218932.1860406, "x": 1.6728865738482768, "y": -0.017205876385245462, "zone": null, "min_dist": 0.9827941236147545}
{"t": 1785218932.3381677, "x": 1.7056247810282834, "y": -0.020956425222240088, "zone": null, "min_dist": 0.9790435747777599}
{"t": 1785218932.490717, "x": 1.7379413783668023, "y": -0.02532576144061379, "zone": null, "min_dist": 0.9746742385593862}
{"t": 1785218932.6426933, "x": 1.7689891897596475, "y": -0.030100407952920395, "zone": null, "min_dist": 0.9698995920470797}
{"t": 1785218932.7945328, "x": 1.801655483074369, "y": -0.03583838775122566, "zone": null, "min_dist": 0.9641616122487744}
{"t": 1785218932.946735, "x": 1.8341877690368624, "y": -0.042119471058926876, "zone": null, "min_dist": 0.9578805289410731}
{"t": 1785218933.099079, "x": 1.8666202185463765, "y": -0.048591256913802144, "zone": null, "min_dist": 0.9514087430861978}
{"t": 1785218933.25148, "x": 1.8991649645555129, "y": -0.055764958544869556, "zone": null, "min_dist": 0.9442350414551305}
{"t": 1785218933.403618, "x": 1.9305555276285429, "y": -0.06339219454990495, "zone": null, "min_dist": 0.936607805450095}
{"t": 1785218933.5557265, "x": 1.9618874140626976, "y": -0.07162950127202766, "zone": null, "min_dist": 0.9283704987279724}
{"t": 1785218933.7084703, "x": 1.9940611492599063, "y": -0.08077194553394465, "zone": null, "min_dist": 0.9192280544660554}
{"t": 1785218933.8606439, "x": 2.025587373429963, "y": -0.09045975439339556, "zone": null, "min_dist": 0.9095402456066044}
{"t": 1785218934.0205276, "x": 2.0589726946131632, "y": -0.10154893097214818, "zone": null, "min_dist": 0.8984510690278518}
{"t": 1785218934.1808426, "x": 2.0918740520231482, "y": -0.11406764598573596, "zone": null, "min_dist": 0.8859323540142641}
{"t": 1785218934.3331044, "x": 2.1218446141333542, "y": -0.12845020647214436, "zone": null, "min_dist": 0.8715497935278557}
{"t": 1785218934.485677, "x": 2.1499493465785013, "y": -0.14533916969054186, "zone": null, "min_dist": 0.8546608303094582}
{"t": 1785218934.6376598, "x": 2.1766050252341698, "y": -0.16427470617357043, "zone": null, "min_dist": 0.8357252938264296}
{"t": 1785218934.7900832, "x": 2.2012597222411037, "y": -0.18565845485275206, "zone": null, "min_dist": 0.814341545147248}
{"t": 1785218934.9420893, "x": 2.224508867551772, "y": -0.209005025476045, "zone": null, "min_dist": 0.7909949745239551}
{"t": 1785218935.0943804, "x": 2.2465665358144737, "y": -0.2341428655975448, "zone": null, "min_dist": 0.7658571344024552}
{"t": 1785218935.246558, "x": 2.266156041114132, "y": -0.25951443779249356, "zone": null, "min_dist": 0.7404855622075064}
{"t": 1785218935.4066286, "x": 2.2854496836344484, "y": -0.28814242286647296, "zone": null, "min_dist": 0.711857577133527}
{"t": 1785218935.5585594, "x": 2.3020962432448364, "y": -0.3166499716006628, "zone": null, "min_dist": 0.6833500283993372}
{"t": 1785218935.7107093, "x": 2.317313852345758, "y": -0.3464334271446965, "zone": null, "min_dist": 0.6535665728553035}
{"t": 1785218935.9623992, "x": 2.3316417806421956, "y": -0.37665709955509735, "zone": null, "min_dist": 0.6233429004449027}
{"t": 1785218936.1194563, "x": 2.354367508753495, "y": -0.4268294581905819, "zone": null, "min_dist": 0.5731705418094182}
{"t": 1785218936.271361, "x": 2.368336898098954, "y": -0.4547716476450195, "zone": null, "min_dist": 0.5452283523549806}
{"t": 1785218936.448071, "x": 2.387630840321281, "y": -0.4862662429709119, "zone": null, "min_dist": 0.5137337570290881}
{"t": 1785218936.6084454, "x": 2.409187603659251, "y": -0.514062464211895, "zone": null, "min_dist": 0.48593753578810495}
{"t": 1785218936.7685935, "x": 2.4333255029726093, "y": -0.539656176362767, "zone": null, "min_dist": 0.46034382363723303}
{"t": 1785218936.920797, "x": 2.457802209800073, "y": -0.5614499334785774, "zone": null, "min_dist": 0.4385500665214226}
{"t": 1785218937.0731168, "x": 2.4828860080619757, "y": -0.5809265777980875, "zone": null, "min_dist": 0.41907342220191246}
{"t": 1785218937.2334108, "x": 2.510761931723051, "y": -0.5998593874725663, "zone": null, "min_dist": 0.4001406125274337}
{"t": 1785218937.3934076, "x": 2.5402476479637297, "y": -0.6171155326124591, "zone": null, "min_dist": 0.3828844673875409}
{"t": 1785218937.545706, "x": 2.569438195448653, "y": -0.6317544489808278, "zone": null, "min_dist": 0.3682455510191722}
{"t": 1785218937.7059479, "x": 2.601330076060548, "y": -0.6454859870121971, "zone": null, "min_dist": 0.35451401298780294}
{"t": 1785218937.9630868, "x": 2.6328372339626243, "y": -0.6578876334288221, "zone": null, "min_dist": 0.34211236657117794}
{"t": 1785218938.114752, "x": 2.6826009626764424, "y": -0.6757523317088617, "zone": null, "min_dist": 0.32424766829113827}
{"t": 1785218938.2671173, "x": 2.7117201683968544, "y": -0.6852176578462703, "zone": null, "min_dist": 0.3147823421537297}
{"t": 1785218938.419236, "x": 2.742481326709385, "y": -0.694493031147893, "zone": null, "min_dist": 0.30550696885210704}
{"t": 1785218938.579829, "x": 2.7752552586717485, "y": -0.7035830329692646, "zone": null, "min_dist": 0.2964169670307354}
{"t": 1785218938.7319412, "x": 2.8055878969632078, "y": -0.7112909554762755, "zone": null, "min_dist": 0.2887090445237245}
{"t": 1785218938.884341, "x": 2.8374328125941513, "y": -0.7186644146706822, "zone": null, "min_dist": 0.2813355853293178}
{"t": 1785218939.036367, "x": 2.869855891302254, "y": -0.7254378398395279, "zone": null, "min_dist": 0.2745621601604721}
{"t": 1785218939.1885796, "x": 2.902184220049116, "y": -0.7317736538645441, "zone": null, "min_dist": 0.26822634613545593}
{"t": 1785218939.3491826, "x": 2.9363928251451434, "y": -0.7382895600977859, "zone": null, "min_dist": 0.2617104399022141}
{"t": 1785218939.5092528, "x": 2.9690696233079232, "y": -0.744480315356768, "zone": null, "min_dist": 0.25551968464323205}
{"t": 1785218939.661472, "x": 3.0008297642733646, "y": -0.7504974060244881, "zone": null, "min_dist": 0.2495025939755119}
{"t": 1785218939.8134937, "x": 3.032504738289638, "y": -0.7565109419168641, "zone": null, "min_dist": 0.24348905808313592}
{"t": 1785218939.965563, "x": 3.064734140866073, "y": -0.7630616593945534, "zone": null, "min_dist": 0.2369383406054466}
{"t": 1785218940.1258988, "x": 3.0977770713202673, "y": -0.7705224354172773, "zone": null, "min_dist": 0.22947756458272273}
{"t": 1785218940.2786293, "x": 3.129439585354377, "y": -0.7779426135877336, "zone": null, "min_dist": 0.22205738641226636}
{"t": 1785218940.4304097, "x": 3.1607283157674777, "y": -0.7853008196111624, "zone": null, "min_dist": 0.21469918038883762}
{"t": 1785218940.5825565, "x": 3.1920646426322303, "y": -0.7931419718149706, "zone": null, "min_dist": 0.2068580281850294}
{"t": 1785218940.742766, "x": 3.2240946645395754, "y": -0.8013813670004988, "zone": null, "min_dist": 0.19861863299950122}
{"t": 1785218940.895197, "x": 3.255991973554049, "y": -0.8096358475561161, "zone": null, "min_dist": 0.19036415244388394}
{"t": 1785218941.0473208, "x": 3.28775262069776, "y": -0.8184171549933669, "zone": null, "min_dist": 0.18158284500663313}
{"t": 1785218941.207564, "x": 3.3206510228998805, "y": -0.8282268032534064, "zone": null, "min_dist": 0.17177319674659364}
{"t": 1785218941.3600707, "x": 3.352203713141915, "y": -0.8378018056850164, "zone": null, "min_dist": 0.1621981943149836}
{"t": 1785218941.5203385, "x": 3.3847378048159182, "y": -0.8476746249017605, "zone": null, "min_dist": 0.1523253750982395}
{"t": 1785218941.672386, "x": 3.4161132149493354, "y": -0.8571958295988895, "zone": null, "min_dist": 0.1428041704011105}
{"t": 1785218941.8249416, "x": 3.4471678230649387, "y": -0.8666196835436992, "zone": null, "min_dist": 0.13338031645630077}
{"t": 1785218941.977013, "x": 3.4785432331709836, "y": -0.8761408881930858, "zone": null, "min_dist": 0.12385911180691422}
{"t": 1785218942.1294527, "x": 3.510131460394933, "y": -0.8858460868682515, "zone": null, "min_dist": 0.1141539131317485}
{"t": 1785218942.2818704, "x": 3.540883634808141, "y": -0.8959340020188103, "zone": null, "min_dist": 0.10406599798118965}
{"t": 1785218942.4339151, "x": 3.5719063131531468, "y": -0.9068538170275557, "zone": null, "min_dist": 0.09314618297244426}
{"t": 1785218942.594136, "x": 3.604043809073767, "y": -0.9189692001973256, "zone": null, "min_dist": 0.08103079980267436}
{"t": 1785218942.7546737, "x": 3.6367050295883736, "y": -0.9321155316925113, "zone": null, "min_dist": 0.06788446830748873}
{"t": 1785218942.9146202, "x": 3.668342758633279, "y": -0.9452218150353908, "zone": null, "min_dist": 0.05477818496460918}
{"t": 1785218943.0669289, "x": 3.698634394112934, "y": -0.9580286922896712, "zone": null, "min_dist": 0.041971307710328754}
{"t": 1785218943.2266388, "x": 3.7297603868159483, "y": -0.9718680650831428, "zone": null, "min_dist": 0.02813193491685717}
{"t": 1785218943.3789973, "x": 3.760277664614277, "y": -0.9855402758438879, "zone": null, "min_dist": 0.014459724156112075}
{"t": 1785218943.539305, "x": 3.7912163636454785, "y": -0.9994056968194216, "zone": null, "min_dist": 0.0005943031805784038}
{"t": 1785218943.6919036, "x": 3.820812559527299, "y": -1.0130380595632351, "zone": "wh_forbidden_zone", "min_dist": 0.0}
{"t": 1785218943.8522232, "x": 3.852130123274427, "y": -1.0282899823491698, "zone": "wh_forbidden_zone", "min_dist": 0.0}
{"t": 1785218944.0042672, "x": 3.8812667970017394, "y": -1.0432881033773658, "zone": "wh_forbidden_zone", "min_dist": 0.0}
{"t": 1785218944.1567183, "x": 3.9099035841579624, "y": -1.0586346736907715, "zone": "wh_forbidden_zone", "min_dist": 0.0}
{"t": 1785218944.3087099, "x": 3.9390801461591787, "y": -1.07479161976165, "zone": "wh_forbidden_zone", "min_dist": 0.0}
{"t": 1785218944.4606385, "x": 3.967211478659383, "y": -1.091165909537148, "zone": "wh_forbidden_zone", "min_dist": 0.0}
{"t": 1785218944.6135285, "x": 3.9957536315036215, "y": -1.108603785364353, "zone": "wh_forbidden_zone", "min_dist": 0.0}
{"t": 1785218944.773518, "x": 4.025492453930799, "y": -1.1274451876368499, "zone": "wh_forbidden_zone", "min_dist": 0.0}
{"t": 1785218944.9336355, "x": 4.053690697566371, "y": -1.145934392707801, "zone": "wh_forbidden_zone", "min_dist": 0.0}
{"t": 1785218945.0855913, "x": 4.079739939779466, "y": -1.1638225504278015, "zone": "wh_forbidden_zone", "min_dist": 0.0}
{"t": 1785218945.2384346, "x": 4.106884422102601, "y": -1.1828760773276927, "zone": "wh_forbidden_zone", "min_dist": 0.0}
{"t": 1785218945.3984256, "x": 4.133872698647312, "y": -1.2026400419097725, "zone": "wh_forbidden_zone", "min_dist": 0.0}
{"t": 1785218945.550339, "x": 4.160025625383606, "y": -1.2226870135112158, "zone": "wh_forbidden_zone", "min_dist": 0.0}
{"t": 1785218945.7029204, "x": 4.183935907774801, "y": -1.2418365322539782, "zone": "wh_forbidden_zone", "min_dist": 0.0}
{"t": 1785218945.8552084, "x": 4.2043202370129364, "y": -1.258883989502983, "zone": "wh_forbidden_zone", "min_dist": 0.0}
{"t": 1785218946.0076542, "x": 4.224991178480643, "y": -1.2770362046992407, "zone": "wh_forbidden_zone", "min_dist": 0.0}
{"t": 1785218946.159456, "x": 4.246229765408679, "y": -1.2974026298087526, "zone": "wh_forbidden_zone", "min_dist": 0.0}
{"t": 1785218946.3199024, "x": 4.265565763250139, "y": -1.31847351465229, "zone": "wh_forbidden_zone", "min_dist": 0.0}
{"t": 1785218946.4720933, "x": 4.283260014887485, "y": -1.3404672121948231, "zone": "wh_forbidden_zone", "min_dist": 0.0}
{"t": 1785218946.6484377, "x": 4.302006284785581, "y": -1.367305772441347, "zone": "wh_forbidden_zone", "min_dist": 0.0}
{"t": 1785218946.800469, "x": 4.316514036972124, "y": -1.3914084779059253, "zone": "wh_forbidden_zone", "min_dist": 0.0}
{"t": 1785218946.9530783, "x": 4.3296059954002315, "y": -1.4166221463851425, "zone": "wh_forbidden_zone", "min_dist": 0.0}
{"t": 1785218947.1049418, "x": 4.3400105735290575, "y": -1.4400680707760702, "zone": "wh_forbidden_zone", "min_dist": 0.0}
{"t": 1785218947.2572482, "x": 4.347790046297561, "y": -1.4612489770996717, "zone": "wh_forbidden_zone", "min_dist": 0.0}
{"t": 1785218947.4093614, "x": 4.357672352130211, "y": -1.4927314026627891, "zone": "wh_forbidden_zone", "min_dist": 0.0}
{"t": 1785218947.5615313, "x": 4.365345367657567, "y": -1.5194234742922241, "zone": "wh_forbidden_zone", "min_dist": 0.0}
{"t": 1785218947.7135706, "x": 4.3724458530427945, "y": -1.546388611826384, "zone": "wh_forbidden_zone", "min_dist": 0.0}
{"t": 1785218947.865695, "x": 4.379258649324199, "y": -1.5746238594504438, "zone": "wh_forbidden_zone", "min_dist": 0.0}
{"t": 1785218948.0178337, "x": 4.3848901357430305, "y": -1.6003914352201665, "zone": "wh_forbidden_zone", "min_dist": 0.0}
{"t": 1785218948.1704297, "x": 4.388156709881779, "y": -1.6163979602737102, "zone": "wh_forbidden_zone", "min_dist": 0.0}
{"t": 1785218948.3304856, "x": 4.389800767157062, "y": -1.6244108321144217, "zone": "wh_forbidden_zone", "min_dist": 0.0}
{"t": 1785218948.4827325, "x": 4.391368805238376, "y": -1.6319620558539059, "zone": "wh_forbidden_zone", "min_dist": 0.0}
{"t": 1785218948.6431708, "x": 4.3930326482365984, "y": -1.6398808078849556, "zone": "wh_forbidden_zone", "min_dist": 0.0}
{"t": 1785218948.7956154, "x": 4.39463119052904, "y": -1.6473959194474017, "zone": "wh_forbidden_zone", "min_dist": 0.0}
{"t": 1785218948.94765, "x": 4.396324449520272, "y": -1.647706122535955, "zone": "wh_forbidden_zone", "min_dist": 0.0}
{"t": 1785218949.1000369, "x": 4.398018909938879, "y": -1.6466970349638808, "zone": "wh_forbidden_zone", "min_dist": 0.0}
{"t": 1785218949.2603848, "x": 4.399792571543424, "y": -1.6456817537587036, "zone": "wh_forbidden_zone", "min_dist": 0.0}
{"t": 1785218949.4128401, "x": 4.401471131670788, "y": -1.6447549162272779, "zone": "wh_forbidden_zone", "min_dist": 0.0}
{"t": 1785218949.564652, "x": 4.403144620715688, "y": -1.643857626261182, "zone": "wh_forbidden_zone", "min_dist": 0.0}
{"t": 1785218949.7168486, "x": 4.4048135811119575, "y": -1.6429849722659062, "zone": "wh_forbidden_zone", "min_dist": 0.0}
{"t": 1785218949.968493, "x": 4.406478428372445, "y": -1.6421330269227015, "zone": "wh_forbidden_zone", "min_dist": 0.0}
{"t": 1785218950.1259766, "x": 4.406455127550091, "y": -1.6536505788484948, "zone": "wh_forbidden_zone", "min_dist": 0.0}
{"t": 1785218950.2860553, "x": 4.408827295959961, "y": -1.6525238776594002, "zone": "wh_forbidden_zone", "min_dist": 0.0}
{"t": 1785218950.4383817, "x": 4.411845044165252, "y": -1.6508995236570623, "zone": "wh_forbidden_zone", "min_dist": 0.0}
{"t": 1785218950.5904067, "x": 4.414857803928705, "y": -1.6493033248651265, "zone": "wh_forbidden_zone", "min_dist": 0.0}
{"t": 1785218950.742306, "x": 4.417868591762598, "y": -1.6477327579843688, "zone": "wh_forbidden_zone", "min_dist": 0.0}
{"t": 1785218950.8944147, "x": 4.420879622491039, "y": -1.6461877633292625, "zone": "wh_forbidden_zone", "min_dist": 0.0}
{"t": 1785218951.0545478, "x": 4.42404983513767, "y": -1.6445855894492893, "zone": "wh_forbidden_zone", "min_dist": 0.0}
{"t": 1785218951.20677, "x": 4.427062368832512, "y": -1.6430833235374909, "zone": "wh_forbidden_zone", "min_dist": 0.0}
{"t": 1785218951.3588836, "x": 4.4300750397481465, "y": -1.6415966606999244, "zone": "wh_forbidden_zone", "min_dist": 0.0}
{"t": 1785218951.5112336, "x": 4.433086770601938, "y": -1.640121386670973, "zone": "wh_forbidden_zone", "min_dist": 0.0}
{"t": 1785218951.663502, "x": 4.436098084735713, "y": -1.6386557416726462, "zone": "wh_forbidden_zone", "min_dist": 0.0}
{"t": 1785218951.8158338, "x": 4.439108000019142, "y": -1.6371973599894698, "zone": "wh_forbidden_zone", "min_dist": 0.0}
{"t": 1785218951.9680448, "x": 4.439301577028043, "y": -1.6445520708862547, "zone": "wh_forbidden_zone", "min_dist": 0.0}
{"t": 1785218952.120242, "x": 4.439114672643933, "y": -1.651592373000394, "zone": "wh_forbidden_zone", "min_dist": 0.0}
{"t": 1785218952.2730246, "x": 4.4390502820865105, "y": -1.6482713583274147, "zone": "wh_forbidden_zone", "min_dist": 0.0}
{"t": 1785218952.4252577, "x": 4.438980024640424, "y": -1.6462628490364573, "zone": "wh_forbidden_zone", "min_dist": 0.0}
{"t": 1785218952.5771732, "x": 4.438885639846322, "y": -1.6443275147221732, "zone": "wh_forbidden_zone", "min_dist": 0.0}
{"t": 1785218952.729508, "x": 4.438789242608343, "y": -1.6424851839990628, "zone": "wh_forbidden_zone", "min_dist": 0.0}
{"t": 1785218952.8816957, "x": 4.438682388321687, "y": -1.6405266479140865, "zone": "wh_forbidden_zone", "min_dist": 0.0}
{"t": 1785218953.0338295, "x": 4.438379122796261, "y": -1.636121384026963, "zone": "wh_forbidden_zone", "min_dist": 0.0}
{"t": 1785218953.1948698, "x": 4.436717968361924, "y": -1.6216007653365467, "zone": "wh_forbidden_zone", "min_dist": 0.0}
{"t": 1785218953.3541014, "x": 4.435557254765469, "y": -1.6133276858400074, "zone": "wh_forbidden_zone", "min_dist": 0.0}
{"t": 1785218953.50664, "x": 4.43737414445576, "y": -1.6306625338493383, "zone": "wh_forbidden_zone", "min_dist": 0.0}
{"t": 1785218953.6589215, "x": 4.4372625677608974, "y": -1.6407226025036625, "zone": "wh_forbidden_zone", "min_dist": 0.0}
{"t": 1785218953.8109336, "x": 4.43728266866821, "y": -1.6400278238117885, "zone": "wh_forbidden_zone", "min_dist": 0.0}
{"t": 1785218953.9632556, "x": 4.436894395273246, "y": -1.6437558681819642, "zone": "wh_forbidden_zone", "min_dist": 0.0}
{"t": 1785218954.1154792, "x": 4.436589946323027, "y": -1.6472166558349242, "zone": "wh_forbidden_zone", "min_dist": 0.0}
{"t": 1785218954.2678697, "x": 4.4363838868117345, "y": -1.6504158291731816, "zone": "wh_forbidden_zone", "min_dist": 0.0}
{"t": 1785218954.420625, "x": 4.436205865494627, "y": -1.6532178121296084, "zone": "wh_forbidden_zone", "min_dist": 0.0}
{"t": 1785218954.5723476, "x": 4.436205586187872, "y": -1.652308403019616, "zone": "wh_forbidden_zone", "min_dist": 0.0}
{"t": 1785218954.724652, "x": 4.436206323561455, "y": -1.652440978096395, "zone": "wh_forbidden_zone", "min_dist": 0.0}
{"t": 1785218954.8765032, "x": 4.436206854303829, "y": -1.6525508641120745, "zone": "wh_forbidden_zone", "min_dist": 0.0}
{"t": 1785218955.0284352, "x": 4.4362072389808205, "y": -1.6526419177269223, "zone": "wh_forbidden_zone", "min_dist": 0.0}
{"t": 1785218955.188313, "x": 4.436207532462181, "y": -1.6527209459126626, "zone": "wh_forbidden_zone", "min_dist": 0.0}
{"t": 1785218955.3403127, "x": 4.436207736094291, "y": -1.6527828179354307, "zone": "wh_forbidden_zone", "min_dist": 0.0}
{"t": 1785218955.4928381, "x": 4.436207887365217, "y": -1.6528340461125446, "zone": "wh_forbidden_zone", "min_dist": 0.0}
{"t": 1785218955.653353, "x": 4.436208005765114, "y": -1.6528784306291295, "zone": "wh_forbidden_zone", "min_dist": 0.0}
{"t": 1785218955.8054981, "x": 4.436208089970424, "y": -1.652913048001933, "zone": "wh_forbidden_zone", "min_dist": 0.0}
{"t": 1785218955.9579806, "x": 4.436208153882758, "y": -1.6529415146876156, "zone": "wh_forbidden_zone", "min_dist": 0.0}
{"t": 1785218956.1102362, "x": 4.436208202622646, "y": -1.6529648148552807, "zone": "wh_forbidden_zone", "min_dist": 0.0}
{"t": 1785218956.2712507, "x": 4.4362082416793065, "y": -1.6529846987705459, "zone": "wh_forbidden_zone", "min_dist": 0.0}
{"t": 1785218956.4230912, "x": 4.4362082701265395, "y": -1.6529999872191743, "zone": "wh_forbidden_zone", "min_dist": 0.0}
{"t": 1785218956.575386, "x": 4.436208292316556, "y": -1.6530124564949804, "zone": "wh_forbidden_zone", "min_dist": 0.0}
{"t": 1785218956.7276337, "x": 4.436208741384824, "y": -1.6532837183978093, "zone": "wh_forbidden_zone", "min_dist": 0.0}
{"t": 1785218956.8796654, "x": 4.436236437593445, "y": -1.6529702155822372, "zone": "wh_forbidden_zone", "min_dist": 0.0}
{"t": 1785218957.040293, "x": 4.436364249289768, "y": -1.6534539833091475, "zone": "wh_forbidden_zone", "min_dist": 0.0}
{"t": 1785218957.2003324, "x": 4.4364241535078, "y": -1.648960620858409, "zone": "wh_forbidden_zone", "min_dist": 0.0}
{"t": 1785218957.3524346, "x": 4.436971075777228, "y": -1.638840429697941, "zone": "wh_forbidden_zone", "min_dist": 0.0}
{"t": 1785218957.5045924, "x": 4.437135990688649, "y": -1.6369361510881149, "zone": "wh_forbidden_zone", "min_dist": 0.0}
{"t": 1785218957.6565576, "x": 4.437092927678066, "y": -1.6374427954560498, "zone": "wh_forbidden_zone", "min_dist": 0.0}
{"t": 1785218957.816684, "x": 4.437010187223567, "y": -1.6383954167985084, "zone": "wh_forbidden_zone", "min_dist": 0.0}
{"t": 1785218957.9688456, "x": 4.437042148626403, "y": -1.6380192242226987, "zone": "wh_forbidden_zone", "min_dist": 0.0}
{"t": 1785218958.1212337, "x": 4.437074738051482, "y": -1.63764365558162, "zone": "wh_forbidden_zone", "min_dist": 0.0}
{"t": 1785218958.281573, "x": 4.437062672411274, "y": -1.6375706415328513, "zone": "wh_forbidden_zone", "min_dist": 0.0}
{"t": 1785218958.4337008, "x": 4.437095086281641, "y": -1.6372058135953493, "zone": "wh_forbidden_zone", "min_dist": 0.0}
{"t": 1785218958.5859694, "x": 4.437128254358529, "y": -1.636839926455004, "zone": "wh_forbidden_zone", "min_dist": 0.0}
{"t": 1785218958.7463002, "x": 4.437164032636689, "y": -1.6364532027462004, "zone": "wh_forbidden_zone", "min_dist": 0.0}
{"t": 1785218958.898515, "x": 4.437198915458632, "y": -1.6360836632500437, "zone": "wh_forbidden_zone", "min_dist": 0.0}
{"t": 1785218959.0506036, "x": 4.4370093355658975, "y": -1.6381777273926048, "zone": "wh_forbidden_zone", "min_dist": 0.0}
{"t": 1785218959.2032273, "x": 4.436680569406499, "y": -1.6426509432148966, "zone": "wh_forbidden_zone", "min_dist": 0.0}
{"t": 1785218959.355629, "x": 4.436546018043886, "y": -1.6451132098393197, "zone": "wh_forbidden_zone", "min_dist": 0.0}
{"t": 1785218959.5316827, "x": 4.436533663900474, "y": -1.6453758088283124, "zone": "wh_forbidden_zone", "min_dist": 0.0}
{"t": 1785218959.6912384, "x": 4.436600132993557, "y": -1.6440333112292658, "zone": "wh_forbidden_zone", "min_dist": 0.0}
{"t": 1785218959.843954, "x": 4.436634323832709, "y": -1.6434109699014687, "zone": "wh_forbidden_zone", "min_dist": 0.0}
{"t": 1785218960.0042615, "x": 4.436563925820157, "y": -1.6441450484430111, "zone": "wh_forbidden_zone", "min_dist": 0.0}
{"t": 1785218960.1567018, "x": 4.436754486946062, "y": -1.6415000622508584, "zone": "wh_forbidden_zone", "min_dist": 0.0}
{"t": 1785218960.3088682, "x": 4.437461004946863, "y": -1.6344271003850843, "zone": "wh_forbidden_zone", "min_dist": 0.0}
{"t": 1785218960.4614065, "x": 4.438406006556942, "y": -1.6273780238899207, "zone": "wh_forbidden_zone", "min_dist": 0.0}
{"t": 1785218960.6135128, "x": 4.439547556673976, "y": -1.6202559263082648, "zone": "wh_forbidden_zone", "min_dist": 0.0}
{"t": 1785218960.7733843, "x": 4.442031114646206, "y": -1.6132001499202144, "zone": "wh_forbidden_zone", "min_dist": 0.0}
{"t": 1785218960.925754, "x": 4.444768970968002, "y": -1.606644485092843, "zone": "wh_forbidden_zone", "min_dist": 0.0}
{"t": 1785218961.0778456, "x": 4.4475356555060355, "y": -1.6001303648756944, "zone": "wh_forbidden_zone", "min_dist": 0.0}
{"t": 1785218961.2304254, "x": 4.450322629931395, "y": -1.5936552540154088, "zone": "wh_forbidden_zone", "min_dist": 0.0}
{"t": 1785218961.3827, "x": 4.448245996632769, "y": -1.6010340584915614, "zone": "wh_forbidden_zone", "min_dist": 0.0}
{"t": 1785218961.5349946, "x": 4.448290237026713, "y": -1.6008895977339952, "zone": "wh_forbidden_zone", "min_dist": 0.0}
{"t": 1785218961.6874096, "x": 4.448324649749969, "y": -1.6007771823267347, "zone": "wh_forbidden_zone", "min_dist": 0.0}
{"t": 1785218961.847589, "x": 4.448350351405981, "y": -1.6006931499296682, "zone": "wh_forbidden_zone", "min_dist": 0.0}
{"t": 1785218961.999705, "x": 4.448366560843396, "y": -1.6006400797012315, "zone": "wh_forbidden_zone", "min_dist": 0.0}
{"t": 1785218962.160092, "x": 4.448376575029873, "y": -1.6006072221632501, "zone": "wh_forbidden_zone", "min_dist": 0.0}
{"t": 1785218962.3122752, "x": 4.448380621187342, "y": -1.6005938828797535, "zone": "wh_forbidden_zone", "min_dist": 0.0}
{"t": 1785218962.4642527, "x": 4.4483803296095115, "y": -1.6005947589086456, "zone": "wh_forbidden_zone", "min_dist": 0.0}
{"t": 1785218962.6163828, "x": 4.448376501704257, "y": -1.6006072578661752, "zone": "wh_forbidden_zone", "min_dist": 0.0}
{"t": 1785218962.7767198, "x": 4.448369376628328, "y": -1.6006306265790162, "zone": "wh_forbidden_zone", "min_dist": 0.0}
{"t": 1785218962.937268, "x": 4.448359695750802, "y": -1.6006624641097316, "zone": "wh_forbidden_zone", "min_dist": 0.0}
{"t": 1785218963.0974772, "x": 4.4483480194183125, "y": -1.600700951258533, "zone": "wh_forbidden_zone", "min_dist": 0.0}
{"t": 1785218963.2493918, "x": 4.448337726689765, "y": -1.6007349279987284, "zone": "wh_forbidden_zone", "min_dist": 0.0}
{"t": 1785218963.401596, "x": 4.448329313301444, "y": -1.600762724099728, "zone": "wh_forbidden_zone", "min_dist": 0.0}
{"t": 1785218963.553894, "x": 4.448322427386265, "y": -1.600785484013956, "zone": "wh_forbidden_zone", "min_dist": 0.0}
{"t": 1785218963.7079203, "x": 4.448316786854049, "y": -1.6008041292422872, "zone": "wh_forbidden_zone", "min_dist": 0.0}
{"t": 1785218963.8585932, "x": 4.44831216423155, "y": -1.6008194055406577, "zone": "wh_forbidden_zone", "min_dist": 0.0}
{"t": 1785218964.010777, "x": 4.4483083752490025, "y": -1.600831918849476, "zone": "wh_forbidden_zone", "min_dist": 0.0}
{"t": 1785218964.1624854, "x": 4.44830527008629, "y": -1.6008421630661678, "zone": "wh_forbidden_zone", "min_dist": 0.0}
{"t": 1785218964.3147328, "x": 4.4483027265731785, "y": -1.6008505417793508, "zone": "wh_forbidden_zone", "min_dist": 0.0}
{"t": 1785218964.4671643, "x": 4.448300644849266, "y": -1.600857385449465, "zone": "wh_forbidden_zone", "min_dist": 0.0}
{"t": 1785218964.619331, "x": 4.448298943132389, "y": -1.600862965100989, "zone": "wh_forbidden_zone", "min_dist": 0.0}
{"t": 1785218964.7715461, "x": 4.448183921117124, "y": -1.601248250598017, "zone": "wh_forbidden_zone", "min_dist": 0.0}
{"t": 1785218964.9319482, "x": 4.4480581547479385, "y": -1.601674711761708, "zone": "wh_forbidden_zone", "min_dist": 0.0}
{"t": 1785218965.0845175, "x": 4.4479617201112935, "y": -1.6020054363086056, "zone": "wh_forbidden_zone", "min_dist": 0.0}
{"t": 1785218965.2363784, "x": 4.447880597692398, "y": -1.6022861929991712, "zone": "wh_forbidden_zone", "min_dist": 0.0}
{"t": 1785218965.3885949, "x": 4.447821097108086, "y": -1.6024936060037605, "zone": "wh_forbidden_zone", "min_dist": 0.0}
{"t": 1785218965.5484588, "x": 4.447939501993825, "y": -1.6020813116992585, "zone": "wh_forbidden_zone", "min_dist": 0.0}
{"t": 1785218965.7012248, "x": 4.447866767273435, "y": -1.602333519800681, "zone": "wh_forbidden_zone", "min_dist": 0.0}
{"t": 1785218965.8534958, "x": 4.447826988405388, "y": -1.60247220259429, "zone": "wh_forbidden_zone", "min_dist": 0.0}
{"t": 1785218966.0058556, "x": 4.4478505408659545, "y": -1.602389727766897, "zone": "wh_forbidden_zone", "min_dist": 0.0}
{"t": 1785218966.1576984, "x": 4.447823275364193, "y": -1.6024847757307141, "zone": "wh_forbidden_zone", "min_dist": 0.0}
{"t": 1785218966.3101852, "x": 4.447933983326499, "y": -1.602099450580692, "zone": "wh_forbidden_zone", "min_dist": 0.0}
{"t": 1785218966.4622123, "x": 4.447874315595577, "y": -1.602306318614472, "zone": "wh_forbidden_zone", "min_dist": 0.0}
{"t": 1785218966.6150193, "x": 4.447844469952285, "y": -1.6024102051845184, "zone": "wh_forbidden_zone", "min_dist": 0.0}
{"t": 1785218966.7668755, "x": 4.447871097156682, "y": -1.6023171787109065, "zone": "wh_forbidden_zone", "min_dist": 0.0}
{"t": 1785218966.918902, "x": 4.44788459769842, "y": -1.6022700034687507, "zone": "wh_forbidden_zone", "min_dist": 0.0}
{"t": 1785218967.0711677, "x": 4.447836486306919, "y": -1.6024375052199953, "zone": "wh_forbidden_zone", "min_dist": 0.0}
{"t": 1785218967.2314658, "x": 4.448039048700428, "y": -1.6017359036864784, "zone": "wh_forbidden_zone", "min_dist": 0.0}
{"t": 1785218967.3836715, "x": 4.448039530996389, "y": -1.6017341306127337, "zone": "wh_forbidden_zone", "min_dist": 0.0}
{"t": 1785218967.5360882, "x": 4.447986312329225, "y": -1.601916567919437, "zone": "wh_forbidden_zone", "min_dist": 0.0}
{"t": 1785218967.6882772, "x": 4.447929371885648, "y": -1.60211288046533, "zone": "wh_forbidden_zone", "min_dist": 0.0}
{"t": 1785218967.8407803, "x": 4.447926385075929, "y": -1.6021230884880742, "zone": "wh_forbidden_zone", "min_dist": 0.0}
{"t": 1785218968.0004945, "x": 4.4479208696402015, "y": -1.6021420525013348, "zone": "wh_forbidden_zone", "min_dist": 0.0}
{"t": 1785218968.1609962, "x": 4.44799216426917, "y": -1.6018954338912668, "zone": "wh_forbidden_zone", "min_dist": 0.0}
{"t": 1785218968.3133104, "x": 4.448023933405285, "y": -1.6017867002172823, "zone": "wh_forbidden_zone", "min_dist": 0.0}
{"t": 1785218968.465357, "x": 4.447955454861064, "y": -1.6020209314140168, "zone": "wh_forbidden_zone", "min_dist": 0.0}
{"t": 1785218968.6175447, "x": 4.447868928979956, "y": -1.6023196046994237, "zone": "wh_forbidden_zone", "min_dist": 0.0}
{"t": 1785218968.7775397, "x": 4.447877084038965, "y": -1.6022912031419791, "zone": "wh_forbidden_zone", "min_dist": 0.0}
{"t": 1785218968.9294505, "x": 4.447887261556295, "y": -1.6022557433929603, "zone": "wh_forbidden_zone", "min_dist": 0.0}
{"t": 1785218969.089804, "x": 4.447887754346915, "y": -1.6022536899242272, "zone": "wh_forbidden_zone", "min_dist": 0.0}
{"t": 1785218969.2421205, "x": 4.447840211584059, "y": -1.6024188985392143, "zone": "wh_forbidden_zone", "min_dist": 0.0}
{"t": 1785218969.4192722, "x": 4.447850277036145, "y": -1.6023836207376567, "zone": "wh_forbidden_zone", "min_dist": 0.0}
{"t": 1785218969.5786302, "x": 4.447882255266206, "y": -1.6022721856328572, "zone": "wh_forbidden_zone", "min_dist": 0.0}
{"t": 1785218969.7311025, "x": 4.447916797768502, "y": -1.6021521985851392, "zone": "wh_forbidden_zone", "min_dist": 0.0}
{"t": 1785218969.891235, "x": 4.447898050999526, "y": -1.6022169218012723, "zone": "wh_forbidden_zone", "min_dist": 0.0}
{"t": 1785218970.0437114, "x": 4.447848927311162, "y": -1.6023876282100367, "zone": "wh_forbidden_zone", "min_dist": 0.0}
{"t": 1785218970.195896, "x": 4.447865663793571, "y": -1.6023291190383215, "zone": "wh_forbidden_zone", "min_dist": 0.0}
{"t": 1785218970.3483672, "x": 4.4478927190112945, "y": -1.6022348649491602, "zone": "wh_forbidden_zone", "min_dist": 0.0}
{"t": 1785218970.500726, "x": 4.44786026089132, "y": -1.6023475965268386, "zone": "wh_forbidden_zone", "min_dist": 0.0}
{"t": 1785218970.660642, "x": 4.447804898552468, "y": -1.6025408655076563, "zone": "wh_forbidden_zone", "min_dist": 0.0}
{"t": 1785218970.8131752, "x": 4.447898783342136, "y": -1.6022129968808547, "zone": "wh_forbidden_zone", "min_dist": 0.0}
{"t": 1785218970.965127, "x": 4.448014261550249, "y": -1.6018138880466963, "zone": "wh_forbidden_zone", "min_dist": 0.0}
{"t": 1785218971.1174388, "x": 4.44811183685366, "y": -1.6014799828978752, "zone": "wh_forbidden_zone", "min_dist": 0.0}
{"t": 1785218971.2696257, "x": 4.44812260168445, "y": -1.6014433357499187, "zone": "wh_forbidden_zone", "min_dist": 0.0}
{"t": 1785218971.4295006, "x": 4.448053070753237, "y": -1.601679828461138, "zone": "wh_forbidden_zone", "min_dist": 0.0}
{"t": 1785218971.581626, "x": 4.448002644231359, "y": -1.6018523638046926, "zone": "wh_forbidden_zone", "min_dist": 0.0}
{"t": 1785218971.7345564, "x": 4.448003190915891, "y": -1.6018503641705284, "zone": "wh_forbidden_zone", "min_dist": 0.0}
{"t": 1785218971.8864632, "x": 4.448013808741353, "y": -1.6018138117948928, "zone": "wh_forbidden_zone", "min_dist": 0.0}
{"t": 1785218972.038449, "x": 4.4479742480506275, "y": -1.6019496080355, "zone": "wh_forbidden_zone", "min_dist": 0.0}
{"t": 1785218972.1909657, "x": 4.4480346936590145, "y": -1.601741612155757, "zone": "wh_forbidden_zone", "min_dist": 0.0}
{"t": 1785218972.3433878, "x": 4.448035185359777, "y": -1.6017398067240927, "zone": "wh_forbidden_zone", "min_dist": 0.0}
{"t": 1785218972.495573, "x": 4.447931481041121, "y": -1.60209640679552, "zone": "wh_forbidden_zone", "min_dist": 0.0}
{"t": 1785218972.6475463, "x": 4.447947733687783, "y": -1.6020400342492622, "zone": "wh_forbidden_zone", "min_dist": 0.0}
{"t": 1785218972.8003058, "x": 4.44797443658793, "y": -1.6019477649400935, "zone": "wh_forbidden_zone", "min_dist": 0.0}
{"t": 1785218972.9523914, "x": 4.448017176470685, "y": -1.6018004703227473, "zone": "wh_forbidden_zone", "min_dist": 0.0}
{"t": 1785218973.1045494, "x": 4.4481219851882825, "y": -1.6014421416842486, "zone": "wh_forbidden_zone", "min_dist": 0.0}
{"t": 1785218973.256715, "x": 4.448122486049205, "y": -1.601440320606858, "zone": "wh_forbidden_zone", "min_dist": 0.0}
{"t": 1785218973.4085364, "x": 4.448099493373312, "y": -1.6015182596328066, "zone": "wh_forbidden_zone", "min_dist": 0.0}
{"t": 1785218973.5604513, "x": 4.448039141243349, "y": -1.601723915740902, "zone": "wh_forbidden_zone", "min_dist": 0.0}
{"t": 1785218973.713432, "x": 4.448008902399972, "y": -1.6018273656625628, "zone": "wh_forbidden_zone", "min_dist": 0.0}
{"t": 1785218973.873279, "x": 4.448003373594373, "y": -1.6018462084814875, "zone": "wh_forbidden_zone", "min_dist": 0.0}
{"t": 1785218974.0257576, "x": 4.448097304852731, "y": -1.601530301507101, "zone": "wh_forbidden_zone", "min_dist": 0.0}
{"t": 1785218974.178295, "x": 4.44809942083498, "y": -1.6015230475310454, "zone": "wh_forbidden_zone", "min_dist": 0.0}
{"t": 1785218974.330454, "x": 4.447994080623352, "y": -1.6018799608764636, "zone": "wh_forbidden_zone", "min_dist": 0.0}
{"t": 1785218974.4829671, "x": 4.448002336861915, "y": -1.6018515882486444, "zone": "wh_forbidden_zone", "min_dist": 0.0}
{"t": 1785218974.6350555, "x": 4.447897947425245, "y": -1.6022097159265012, "zone": "wh_forbidden_zone", "min_dist": 0.0}
{"t": 1785218974.7952373, "x": 4.447844405137551, "y": -1.6023950737281312, "zone": "wh_forbidden_zone", "min_dist": 0.0}
{"t": 1785218974.9555826, "x": 4.447832969524138, "y": -1.6024347730008213, "zone": "wh_forbidden_zone", "min_dist": 0.0}
{"t": 1785218975.1079595, "x": 4.447960907979989, "y": -1.601991570442059, "zone": "wh_forbidden_zone", "min_dist": 0.0}
{"t": 1785218975.259909, "x": 4.4478805039327804, "y": -1.6022690450909003, "zone": "wh_forbidden_zone", "min_dist": 0.0}
{"t": 1785218975.412158, "x": 4.447822985966509, "y": -1.6024690294572839, "zone": "wh_forbidden_zone", "min_dist": 0.0}
{"t": 1785218975.5646574, "x": 4.447918740886706, "y": -1.602135926980447, "zone": "wh_forbidden_zone", "min_dist": 0.0}
{"t": 1785218975.716806, "x": 4.447860391555284, "y": -1.6023381410342872, "zone": "wh_forbidden_zone", "min_dist": 0.0}
{"t": 1785218975.8774147, "x": 4.447925949546982, "y": -1.6021103211006973, "zone": "wh_forbidden_zone", "min_dist": 0.0}
{"t": 1785218976.0293753, "x": 4.447867473312213, "y": -1.602312850157221, "zone": "wh_forbidden_zone", "min_dist": 0.0}
{"t": 1785218976.1814618, "x": 4.44780854549741, "y": -1.6025183088963695, "zone": "wh_forbidden_zone", "min_dist": 0.0}
{"t": 1785218976.3334017, "x": 4.447934200622918, "y": -1.6020808760213292, "zone": "wh_forbidden_zone", "min_dist": 0.0}
{"t": 1785218976.4853458, "x": 4.448520591004215, "y": -1.6001093990746702, "zone": "wh_forbidden_zone", "min_dist": 0.0}
{"t": 1785218976.6384165, "x": 4.450231188323049, "y": -1.5949527535448929, "zone": "wh_forbidden_zone", "min_dist": 0.0}
{"t": 1785218976.7906282, "x": 4.452321619423223, "y": -1.5896411247752937, "zone": "wh_forbidden_zone", "min_dist": 0.0}
{"t": 1785218976.9437354, "x": 4.454259223462139, "y": -1.5855551014766271, "zone": "wh_forbidden_zone", "min_dist": 0.0}
{"t": 1785218977.1029196, "x": 4.45595050188205, "y": -1.582517256641729, "zone": "wh_forbidden_zone", "min_dist": 0.0}
{"t": 1785218977.2546837, "x": 4.45587930815805, "y": -1.5825580811226136, "zone": "wh_forbidden_zone", "min_dist": 0.0}
{"t": 1785218977.4152775, "x": 4.4504195746073325, "y": -1.588786413559963, "zone": "wh_forbidden_zone", "min_dist": 0.0}
{"t": 1785218977.5671759, "x": 4.4398420696551195, "y": -1.5982414612797187, "zone": "wh_forbidden_zone", "min_dist": 0.0}
{"t": 1785218977.727724, "x": 4.427528191419513, "y": -1.6063882979826603, "zone": "wh_forbidden_zone", "min_dist": 0.0}
{"t": 1785218977.8802378, "x": 4.4150980285646195, "y": -1.6123099692223624, "zone": "wh_forbidden_zone", "min_dist": 0.0}
{"t": 1785218978.032522, "x": 4.401472346109868, "y": -1.6165868425859504, "zone": "wh_forbidden_zone", "min_dist": 0.0}
{"t": 1785218978.1849806, "x": 4.387698389814405, "y": -1.6188586614148075, "zone": "wh_forbidden_zone", "min_dist": 0.0}
{"t": 1785218978.345161, "x": 4.373205553052753, "y": -1.6191770055400454, "zone": "wh_forbidden_zone", "min_dist": 0.0}
{"t": 1785218978.5054433, "x": 4.358079946863041, "y": -1.617378544219742, "zone": "wh_forbidden_zone", "min_dist": 0.0}
{"t": 1785218978.6575465, "x": 4.343393027414703, "y": -1.6134397615558773, "zone": "wh_forbidden_zone", "min_dist": 0.0}
{"t": 1785218978.8093922, "x": 4.3299675142954195, "y": -1.6077063533605416, "zone": "wh_forbidden_zone", "min_dist": 0.0}
{"t": 1785218978.9857326, "x": 4.31550880744571, "y": -1.5988063555232108, "zone": "wh_forbidden_zone", "min_dist": 0.0}
{"t": 1785218979.138085, "x": 4.29978557759022, "y": -1.5859630828655562, "zone": "wh_forbidden_zone", "min_dist": 0.0}
{"t": 1785218979.2903724, "x": 4.288571119191473, "y": -1.574179132913323, "zone": "wh_forbidden_zone", "min_dist": 0.0}
{"t": 1785218979.442665, "x": 4.279619106310203, "y": -1.5616053535347212, "zone": "wh_forbidden_zone", "min_dist": 0.0}
{"t": 1785218979.595201, "x": 4.270733918006311, "y": -1.544375996316368, "zone": "wh_forbidden_zone", "min_dist": 0.0}
{"t": 1785218979.7474802, "x": 4.261108283162154, "y": -1.5176228013526365, "zone": "wh_forbidden_zone", "min_dist": 0.0}
{"t": 1785218979.8996127, "x": 4.255215169884424, "y": -1.4905053436213902, "zone": "wh_forbidden_zone", "min_dist": 0.0}
{"t": 1785218980.0515084, "x": 4.253570642754419, "y": -1.4692301158305756, "zone": "wh_forbidden_zone", "min_dist": 0.0}
{"t": 1785218980.2036219, "x": 4.254133294931809, "y": -1.4585860111824318, "zone": "wh_forbidden_zone", "min_dist": 0.0}
{"t": 1785218980.356013, "x": 4.254294365857935, "y": -1.4575578171132855, "zone": "wh_forbidden_zone", "min_dist": 0.0}
{"t": 1785218980.53226, "x": 4.2542981752972056, "y": -1.4575474322299056, "zone": "wh_forbidden_zone", "min_dist": 0.0}
{"t": 1785218980.6842737, "x": 4.254302745702823, "y": -1.4575390518702842, "zone": "wh_forbidden_zone", "min_dist": 0.0}
{"t": 1785218980.836284, "x": 4.254308386758491, "y": -1.4575313689430232, "zone": "wh_forbidden_zone", "min_dist": 0.0}
{"t": 1785218980.98886, "x": 4.254314849498535, "y": -1.4575244433918142, "zone": "wh_forbidden_zone", "min_dist": 0.0}
{"t": 1785218981.1411831, "x": 4.254321935234455, "y": -1.4575182447884207, "zone": "wh_forbidden_zone", "min_dist": 0.0}
{"t": 1785218981.2936008, "x": 4.255759820000041, "y": -1.456543852545575, "zone": "wh_forbidden_zone", "min_dist": 0.0}
{"t": 1785218981.445472, "x": 4.264235773116164, "y": -1.4521507264423508, "zone": "wh_forbidden_zone", "min_dist": 0.0}
{"t": 1785218981.597741, "x": 4.28535055402396, "y": -1.4442089434629155, "zone": "wh_forbidden_zone", "min_dist": 0.0}
{"t": 1785218981.7502463, "x": 4.312530856794621, "y": -1.4380151955820943, "zone": "wh_forbidden_zone", "min_dist": 0.0}
{"t": 1785218981.902236, "x": 4.343878055052003, "y": -1.4353507900492934, "zone": "wh_forbidden_zone", "min_dist": 0.0}
{"t": 1785218982.0548232, "x": 4.372662479322489, "y": -1.4367903073303994, "zone": "wh_forbidden_zone", "min_dist": 0.0}
{"t": 1785218982.20699, "x": 4.39065845826847, "y": -1.4401174396827066, "zone": "wh_forbidden_zone", "min_dist": 0.0}
{"t": 1785218982.3593009, "x": 4.397105055967906, "y": -1.4421489235879694, "zone": "wh_forbidden_zone", "min_dist": 0.0}
{"t": 1785218982.5116105, "x": 4.39714961010967, "y": -1.4421676669990455, "zone": "wh_forbidden_zone", "min_dist": 0.0}
{"t": 1785218982.663925, "x": 4.39715777072855, "y": -1.44217229320249, "zone": "wh_forbidden_zone", "min_dist": 0.0}
{"t": 1785218982.8161845, "x": 4.39716567527491, "y": -1.442177264958888, "zone": "wh_forbidden_zone", "min_dist": 0.0}
{"t": 1785218982.9762166, "x": 4.397161932065369, "y": -1.4421748620307366, "zone": "wh_forbidden_zone", "min_dist": 0.0}
{"t": 1785218983.1363914, "x": 4.3971535813820495, "y": -1.4421697859514124, "zone": "wh_forbidden_zone", "min_dist": 0.0}
{"t": 1785218983.288884, "x": 4.3971453137644545, "y": -1.4421654429558506, "zone": "wh_forbidden_zone", "min_dist": 0.0}
{"t": 1785218983.4407308, "x": 4.397136652573178, "y": -1.4421618971799726, "zone": "wh_forbidden_zone", "min_dist": 0.0}
{"t": 1785218983.593948, "x": 4.397127878154046, "y": -1.4421595420879108, "zone": "wh_forbidden_zone", "min_dist": 0.0}
{"t": 1785218983.7456174, "x": 4.397119329325775, "y": -1.442158488142163, "zone": "wh_forbidden_zone", "min_dist": 0.0}
{"t": 1785218983.8975956, "x": 4.397111276498804, "y": -1.4421586195345912, "zone": "wh_forbidden_zone", "min_dist": 0.0}
{"t": 1785218984.075213, "x": 4.39710265332425, "y": -1.4421600769261484, "zone": "wh_forbidden_zone", "min_dist": 0.0}
{"t": 1785218984.2263293, "x": 4.397095591240736, "y": -1.4421624043104653, "zone": "wh_forbidden_zone", "min_dist": 0.0}
{"t": 1785218984.378369, "x": 4.397088940638126, "y": -1.4421656821392594, "zone": "wh_forbidden_zone", "min_dist": 0.0}
{"t": 1785218984.530782, "x": 4.39708281477766, "y": -1.4421698502147637, "zone": "wh_forbidden_zone", "min_dist": 0.0}
{"t": 1785218984.6913416, "x": 4.397077060107414, "y": -1.4421751116213979, "zone": "wh_forbidden_zone", "min_dist": 0.0}
{"t": 1785218984.8431723, "x": 4.397072362170072, "y": -1.4421808392668394, "zone": "wh_forbidden_zone", "min_dist": 0.0}
{"t": 1785218984.9956236, "x": 4.39706850642351, "y": -1.442187164608368, "zone": "wh_forbidden_zone", "min_dist": 0.0}
{"t": 1785218985.1474826, "x": 4.39706556780361, "y": -1.4421939647222004, "zone": "wh_forbidden_zone", "min_dist": 0.0}
{"t": 1785218985.2998233, "x": 4.397063603414492, "y": -1.4422011074884664, "zone": "wh_forbidden_zone", "min_dist": 0.0}
{"t": 1785218985.4522257, "x": 4.397062651453573, "y": -1.4422084540806759, "zone": "wh_forbidden_zone", "min_dist": 0.0}
{"t": 1785218985.604434, "x": 4.39706270797404, "y": -1.4422158179289002, "zone": "wh_forbidden_zone", "min_dist": 0.0}
{"t": 1785218985.756396, "x": 4.397063610088432, "y": -1.4422229910949986, "zone": "wh_forbidden_zone", "min_dist": 0.0}
{"t": 1785218985.9083931, "x": 4.39706525703412, "y": -1.4422300094500917, "zone": "wh_forbidden_zone", "min_dist": 0.0}
{"t": 1785218986.0607197, "x": 4.396879950848675, "y": -1.4417478992461743, "zone": "wh_forbidden_zone", "min_dist": 0.0}
{"t": 1785218986.2211316, "x": 4.396357504589154, "y": -1.4406759283180748, "zone": "wh_forbidden_zone", "min_dist": 0.0}
{"t": 1785218986.3731303, "x": 4.3963117100843006, "y": -1.4405999225311752, "zone": "wh_forbidden_zone", "min_dist": 0.0}
{"t": 1785218986.5254898, "x": 4.390781825084573, "y": -1.4344695406135362, "zone": "wh_forbidden_zone", "min_dist": 0.0}
{"t": 1785218986.677601, "x": 4.380092582938591, "y": -1.4249760487456604, "zone": "wh_forbidden_zone", "min_dist": 0.0}
{"t": 1785218986.8296895, "x": 4.369569023684897, "y": -1.4179738290979047, "zone": "wh_forbidden_zone", "min_dist": 0.0}
{"t": 1785218986.9896502, "x": 4.363153446597347, "y": -1.4148542983916859, "zone": "wh_forbidden_zone", "min_dist": 0.0}
{"t": 1785218987.1418304, "x": 4.358118119914394, "y": -1.4133049749399869, "zone": "wh_forbidden_zone", "min_dist": 0.0}
{"t": 1785218987.2941477, "x": 4.352916248596258, "y": -1.4124709697287117, "zone": "wh_forbidden_zone", "min_dist": 0.0}
{"t": 1785218987.4465318, "x": 4.3437556757484135, "y": -1.4124164369499512, "zone": "wh_forbidden_zone", "min_dist": 0.0}
{"t": 1785218987.598443, "x": 4.319945028542424, "y": -1.4154484463874035, "zone": "wh_forbidden_zone", "min_dist": 0.0}
{"t": 1785218987.7511835, "x": 4.294557478933228, "y": -1.4221568770574302, "zone": "wh_forbidden_zone", "min_dist": 0.0}
{"t": 1785218987.9033022, "x": 4.272843854437718, "y": -1.4313247181912703, "zone": "wh_forbidden_zone", "min_dist": 0.0}
{"t": 1785218988.055524, "x": 4.2523532142622456, "y": -1.443564379473893, "zone": "wh_forbidden_zone", "min_dist": 0.0}
{"t": 1785218988.2078948, "x": 4.23344739328747, "y": -1.4587554396354905, "zone": "wh_forbidden_zone", "min_dist": 0.0}
{"t": 1785218988.36049, "x": 4.2168379405533924, "y": -1.4764281406597686, "zone": "wh_forbidden_zone", "min_dist": 0.0}
{"t": 1785218988.512431, "x": 4.202847665856506, "y": -1.4962390078076813, "zone": "wh_forbidden_zone", "min_dist": 0.0}
{"t": 1785218988.664736, "x": 4.191748474922018, "y": -1.5178030099602793, "zone": "wh_forbidden_zone", "min_dist": 0.0}
{"t": 1785218988.8165948, "x": 4.183756084448095, "y": -1.5407010429917392, "zone": "wh_forbidden_zone", "min_dist": 0.0}
{"t": 1785218988.9692092, "x": 4.179025829429339, "y": -1.5644880752552375, "zone": "wh_forbidden_zone", "min_dist": 0.0}
{"t": 1785218989.1213684, "x": 4.177649644065233, "y": -1.588701797148124, "zone": "wh_forbidden_zone", "min_dist": 0.0}
{"t": 1785218989.2736554, "x": 4.179654275001754, "y": -1.6128716061444424, "zone": "wh_forbidden_zone", "min_dist": 0.0}
{"t": 1785218989.4262855, "x": 4.180098274066498, "y": -1.6158103838873976, "zone": "wh_forbidden_zone", "min_dist": 0.0}
{"t": 1785218989.5785904, "x": 4.179511006859073, "y": -1.612996200775534, "zone": "wh_forbidden_zone", "min_dist": 0.0}
{"t": 1785218989.738643, "x": 4.178856964892564, "y": -1.6101161503884687, "zone": "wh_forbidden_zone", "min_dist": 0.0}
{"t": 1785218989.8911514, "x": 4.178204297797836, "y": -1.6074631313978462, "zone": "wh_forbidden_zone", "min_dist": 0.0}
{"t": 1785218990.0431488, "x": 4.177524178222939, "y": -1.6048962594089116, "zone": "wh_forbidden_zone", "min_dist": 0.0}
{"t": 1785218990.1955678, "x": 4.1768200902029005, "y": -1.6024212453081073, "zone": "wh_forbidden_zone", "min_dist": 0.0}
{"t": 1785218990.3717184, "x": 4.175980233927772, "y": -1.59967861381017, "zone": "wh_forbidden_zone", "min_dist": 0.0}
{"t": 1785218990.5240636, "x": 4.175239101114896, "y": -1.5974246004462613, "zone": "wh_forbidden_zone", "min_dist": 0.0}
{"t": 1785218990.6761675, "x": 4.1744917904306895, "y": -1.5952924387288199, "zone": "wh_forbidden_zone", "min_dist": 0.0}
{"t": 1785218990.8282967, "x": 4.173743845630335, "y": -1.5932872087392518, "zone": "wh_forbidden_zone", "min_dist": 0.0}
{"t": 1785218990.9806726, "x": 4.17304195541637, "y": -1.5915163290701495, "zone": "wh_forbidden_zone", "min_dist": 0.0}
{"t": 1785218991.1404707, "x": 4.172214447200725, "y": -1.5895531956724975, "zone": "wh_forbidden_zone", "min_dist": 0.0}
{"t": 1785218991.3009567, "x": 4.171380623842216, "y": -1.5876948154108568, "zone": "wh_forbidden_zone", "min_dist": 0.0}
{"t": 1785218991.4529338, "x": 4.170624324968868, "y": -1.5861104794925738, "zone": "wh_forbidden_zone", "min_dist": 0.0}
{"t": 1785218991.605173, "x": 4.169922255956046, "y": -1.5847262336878212, "zone": "wh_forbidden_zone", "min_dist": 0.0}
{"t": 1785218991.7574134, "x": 4.169300399058234, "y": -1.5835729338444928, "zone": "wh_forbidden_zone", "min_dist": 0.0}
{"t": 1785218991.917469, "x": 4.1687694842831755, "y": -1.58264901314113, "zone": "wh_forbidden_zone", "min_dist": 0.0}
{"t": 1785218992.0698457, "x": 4.168435609485709, "y": -1.5821044906318713, "zone": "wh_forbidden_zone", "min_dist": 0.0}
{"t": 1785218992.2222583, "x": 4.168440767942016, "y": -1.5821050274591644, "zone": "wh_forbidden_zone", "min_dist": 0.0}
{"t": 1785218992.3744757, "x": 4.168670773756732, "y": -1.5824256471345273, "zone": "wh_forbidden_zone", "min_dist": 0.0}
{"t": 1785218992.5266273, "x": 4.169449992282026, "y": -1.5834407374438533, "zone": "wh_forbidden_zone", "min_dist": 0.0}
{"t": 1785218992.679094, "x": 4.170955786115056, "y": -1.5852319953849834, "zone": "wh_forbidden_zone", "min_dist": 0.0}
{"t": 1785218992.8314128, "x": 4.174901423720823, "y": -1.5894274551943706, "zone": "wh_forbidden_zone", "min_dist": 0.0}
{"t": 1785218992.9915884, "x": 4.190187218433827, "y": -1.6027336863272723, "zone": "wh_forbidden_zone", "min_dist": 0.0}
{"t": 1785218993.1436121, "x": 4.210432107942607, "y": -1.6161009867738125, "zone": "wh_forbidden_zone", "min_dist": 0.0}
{"t": 1785218993.2963023, "x": 4.232341113339736, "y": -1.6265102311035633, "zone": "wh_forbidden_zone", "min_dist": 0.0}
{"t": 1785218993.456528, "x": 4.256734267970199, "y": -1.6340548990719466, "zone": "wh_forbidden_zone", "min_dist": 0.0}
{"t": 1785218993.6085908, "x": 4.280690852234199, "y": -1.637840906351641, "zone": "wh_forbidden_zone", "min_dist": 0.0}
{"t": 1785218993.7608745, "x": 4.304940284264961, "y": -1.638258414223283, "zone": "wh_forbidden_zone", "min_dist": 0.0}
{"t": 1785218993.9129925, "x": 4.328917761404918, "y": -1.6353173438980406, "zone": "wh_forbidden_zone", "min_dist": 0.0}
{"t": 1785218994.0733902, "x": 4.353462359480376, "y": -1.6286610483062396, "zone": "wh_forbidden_zone", "min_dist": 0.0}
{"t": 1785218994.2337306, "x": 4.3766879193458506, "y": -1.6185387531555142, "zone": "wh_forbidden_zone", "min_dist": 0.0}
{"t": 1785218994.3855321, "x": 4.400654019922588, "y": -1.6038675358595873, "zone": "wh_forbidden_zone", "min_dist": 0.0}
{"t": 1785218994.5456107, "x": 4.422531529912995, "y": -1.5867707949321757, "zone": "wh_forbidden_zone", "min_dist": 0.0}
{"t": 1785218994.6983888, "x": 4.439261296741663, "y": -1.5693448292881578, "zone": "wh_forbidden_zone", "min_dist": 0.0}
{"t": 1785218994.858123, "x": 4.454067452563516, "y": -1.5487074687165938, "zone": "wh_forbidden_zone", "min_dist": 0.0}
{"t": 1785218995.0103393, "x": 4.46520313277225, "y": -1.5273060426248577, "zone": "wh_forbidden_zone", "min_dist": 0.0}
{"t": 1785218995.1625214, "x": 4.47329394967749, "y": -1.5044765964548543, "zone": "wh_forbidden_zone", "min_dist": 0.0}
{"t": 1785218995.3149467, "x": 4.478120129615682, "y": -1.4808391601576307, "zone": "wh_forbidden_zone", "min_dist": 0.0}
{"t": 1785218995.4666436, "x": 4.479626808900858, "y": -1.4567291870020107, "zone": "wh_forbidden_zone", "min_dist": 0.0}
{"t": 1785218995.6272888, "x": 4.4775905503496585, "y": -1.4314116249463986, "zone": "wh_forbidden_zone", "min_dist": 0.0}
{"t": 1785218995.7797823, "x": 4.472231742763302, "y": -1.4077910169656727, "zone": "wh_forbidden_zone", "min_dist": 0.0}
{"t": 1785218995.9319718, "x": 4.463681327542599, "y": -1.385231964617246, "zone": "wh_forbidden_zone", "min_dist": 0.0}
{"t": 1785218996.0839424, "x": 4.452072659298101, "y": -1.3640470722317168, "zone": "wh_forbidden_zone", "min_dist": 0.0}
{"t": 1785218996.2446961, "x": 4.4369133438582, "y": -1.343828760227877, "zone": "wh_forbidden_zone", "min_dist": 0.0}
{"t": 1785218996.396949, "x": 4.419913550541668, "y": -1.3268510452869142, "zone": "wh_forbidden_zone", "min_dist": 0.0}
{"t": 1785218996.5489848, "x": 4.40097268908326, "y": -1.3125983218419772, "zone": "wh_forbidden_zone", "min_dist": 0.0}
{"t": 1785218996.7013378, "x": 4.380012188511682, "y": -1.3010061074671047, "zone": "wh_forbidden_zone", "min_dist": 0.0}
{"t": 1785218996.8534303, "x": 4.355053844004643, "y": -1.2914628801721395, "zone": "wh_forbidden_zone", "min_dist": 0.0}
{"t": 1785218997.0054705, "x": 4.328261589174176, "y": -1.285275226448372, "zone": "wh_forbidden_zone", "min_dist": 0.0}
{"t": 1785218997.1660616, "x": 4.296159255415565, "y": -1.2826193367209375, "zone": "wh_forbidden_zone", "min_dist": 0.0}
{"t": 1785218997.318135, "x": 4.264902047969198, "y": -1.2845194737611636, "zone": "wh_forbidden_zone", "min_dist": 0.0}
{"t": 1785218997.4702096, "x": 4.235383977430114, "y": -1.2905213891793208, "zone": "wh_forbidden_zone", "min_dist": 0.0}
{"t": 1785218997.6228833, "x": 4.206296628541399, "y": -1.3007913769607145, "zone": "wh_forbidden_zone", "min_dist": 0.0}
{"t": 1785218997.7748039, "x": 4.177954714824557, "y": -1.3154887431894726, "zone": "wh_forbidden_zone", "min_dist": 0.0}
{"t": 1785218997.9350746, "x": 4.155211494709583, "y": -1.3317491143206133, "zone": "wh_forbidden_zone", "min_dist": 0.0}
{"t": 1785218998.0876017, "x": 4.137628241167831, "y": -1.348592357475505, "zone": "wh_forbidden_zone", "min_dist": 0.0}
{"t": 1785218998.2394514, "x": 4.122621540672012, "y": -1.3676448247096842, "zone": "wh_forbidden_zone", "min_dist": 0.0}
{"t": 1785218998.392309, "x": 4.110410325378908, "y": -1.388599160748632, "zone": "wh_forbidden_zone", "min_dist": 0.0}
{"t": 1785218998.5443156, "x": 4.101231928561693, "y": -1.4110481062512679, "zone": "wh_forbidden_zone", "min_dist": 0.0}
{"t": 1785218998.6968381, "x": 4.0952647368376836, "y": -1.4345553561667177, "zone": "wh_forbidden_zone", "min_dist": 0.0}
{"t": 1785218998.848783, "x": 4.092624725092653, "y": -1.4586640378081808, "zone": "wh_forbidden_zone", "min_dist": 0.0}
{"t": 1785218999.000988, "x": 4.093363202993333, "y": -1.4829055899715007, "zone": "wh_forbidden_zone", "min_dist": 0.0}
{"t": 1785218999.161488, "x": 4.097773713585525, "y": -1.5080487064401633, "zone": "wh_forbidden_zone", "min_dist": 0.0}
{"t": 1785218999.313374, "x": 4.1053301640402635, "y": -1.531094275627019, "zone": "wh_forbidden_zone", "min_dist": 0.0}
{"t": 1785218999.4657593, "x": 4.116018169313132, "y": -1.552865007042897, "zone": "wh_forbidden_zone", "min_dist": 0.0}
{"t": 1785218999.6173913, "x": 4.129630004103524, "y": -1.5729377785505232, "zone": "wh_forbidden_zone", "min_dist": 0.0}
{"t": 1785218999.7695897, "x": 4.145901117461917, "y": -1.5909224685468895, "zone": "wh_forbidden_zone", "min_dist": 0.0}
{"t": 1785218999.9220552, "x": 4.1624081042377865, "y": -1.6045487779087346, "zone": "wh_forbidden_zone", "min_dist": 0.0}
{"t": 1785219000.0743668, "x": 4.179572353717703, "y": -1.615663203088112, "zone": "wh_forbidden_zone", "min_dist": 0.0}
{"t": 1785219000.2347145, "x": 4.193920260115867, "y": -1.6224252275427575, "zone": "wh_forbidden_zone", "min_dist": 0.0}
{"t": 1785219000.3870666, "x": 4.204118744618332, "y": -1.6258478598063661, "zone": "wh_forbidden_zone", "min_dist": 0.0}
{"t": 1785219000.538885, "x": 4.204523751983772, "y": -1.6259241753993146, "zone": "wh_forbidden_zone", "min_dist": 0.0}
{"t": 1785219000.691125, "x": 4.204592014201623, "y": -1.625857031442344, "zone": "wh_forbidden_zone", "min_dist": 0.0}
{"t": 1785219000.8513956, "x": 4.203984054139644, "y": -1.6258675338606434, "zone": "wh_forbidden_zone", "min_dist": 0.0}
{"t": 1785219001.003861, "x": 4.201308958153596, "y": -1.6263718582578988, "zone": "wh_forbidden_zone", "min_dist": 0.0}
{"t": 1785219001.156307, "x": 4.196143829459785, "y": -1.6278358796724763, "zone": "wh_forbidden_zone", "min_dist": 0.0}
{"t": 1785219001.316446, "x": 4.187204079773677, "y": -1.6284311438151806, "zone": "wh_forbidden_zone", "min_dist": 0.0}
{"t": 1785219001.4685974, "x": 4.176871487007884, "y": -1.6229533773084905, "zone": "wh_forbidden_zone", "min_dist": 0.0}
{"t": 1785219001.6204784, "x": 4.1691728526012515, "y": -1.617009538820671, "zone": "wh_forbidden_zone", "min_dist": 0.0}
{"t": 1785219001.7733297, "x": 4.172803774405228, "y": -1.6141717253696763, "zone": "wh_forbidden_zone", "min_dist": 0.0}
{"t": 1785219001.9251673, "x": 4.123345777982812, "y": -1.639988345642086, "zone": "wh_forbidden_zone", "min_dist": 0.0}
{"t": 1785219002.0773754, "x": 4.11559396400961, "y": -1.6434113512238913, "zone": "wh_forbidden_zone", "min_dist": 0.0}
{"t": 1785219002.2293758, "x": 4.091346263852943, "y": -1.6547223015861878, "zone": "wh_forbidden_zone", "min_dist": 0.0}
{"t": 1785219002.3820798, "x": 4.062630605395562, "y": -1.669873854417661, "zone": "wh_forbidden_zone", "min_dist": 0.0}
{"t": 1785219002.5343792, "x": 4.032989966402761, "y": -1.6830734035387005, "zone": "wh_forbidden_zone", "min_dist": 0.0}
{"t": 1785219002.68644, "x": 4.003345357467538, "y": -1.6959445994055486, "zone": "wh_forbidden_zone", "min_dist": 0.0}
{"t": 1785219002.8386261, "x": 3.973780410756812, "y": -1.708477149325358, "zone": "wh_forbidden_zone", "min_dist": 0.0}
{"t": 1785219002.9908817, "x": 3.945030703225203, "y": -1.7204744927689586, "zone": "wh_forbidden_zone", "min_dist": 0.0}
{"t": 1785219003.1431544, "x": 3.9167664505126467, "y": -1.7322305714958082, "zone": "wh_forbidden_zone", "min_dist": 0.0}
{"t": 1785219003.2958183, "x": 3.888540139179593, "y": -1.7439790815516172, "zone": "wh_forbidden_zone", "min_dist": 0.0}
{"t": 1785219003.4478538, "x": 3.860306219468281, "y": -1.7557396758147403, "zone": "wh_forbidden_zone", "min_dist": 0.0}
{"t": 1785219003.6001778, "x": 3.832056538932388, "y": -1.7675097822874388, "zone": "wh_forbidden_zone", "min_dist": 0.0}
{"t": 1785219003.760291, "x": 3.8023212133294306, "y": -1.7799027714205342, "zone": "wh_forbidden_zone", "min_dist": 0.0}
{"t": 1785219003.9124982, "x": 3.774395886352661, "y": -1.791545007025074, "zone": "wh_forbidden_zone", "min_dist": 0.0}
{"t": 1785219004.06457, "x": 3.772890128629344, "y": -1.792180222798921, "zone": "wh_forbidden_zone", "min_dist": 0.0}
{"t": 1785219004.2248876, "x": 3.773033321812174, "y": -1.792075691302387, "zone": "wh_forbidden_zone", "min_dist": 0.0}
{"t": 1785219004.4012547, "x": 3.7729599000243796, "y": -1.7921951678780155, "zone": "wh_forbidden_zone", "min_dist": 0.0}
{"t": 1785219004.5536828, "x": 3.765926630901086, "y": -1.8020857700931283, "zone": "wh_forbidden_zone", "min_dist": 0.0}
{"t": 1785219004.7054973, "x": 3.7554923023557345, "y": -1.8176901606071183, "zone": "wh_forbidden_zone", "min_dist": 0.0}
{"t": 1785219004.8580275, "x": 3.7441087336083645, "y": -1.8348995663977739, "zone": "wh_forbidden_zone", "min_dist": 0.0}
{"t": 1785219005.0103147, "x": 3.732515636304869, "y": -1.8522933248732418, "zone": "wh_forbidden_zone", "min_dist": 0.0}
