{"t": 1785218159.478437, "x": -4.275821705212218e-12, "y": -2.5453414747241166e-13, "zone": null, "min_dist": 1.8027756377354112}
{"t": 1785218159.630242, "x": -4.275821705212218e-12, "y": -2.5453414747241166e-13, "zone": null, "min_dist": 1.8027756377354112}
{"t": 1785218159.7826796, "x": -4.275821705212218e-12, "y": -2.5453414747241166e-13, "zone": null, "min_dist": 1.8027756377354112}
{"t": 1785218159.9350302, "x": -4.275821705212218e-12, "y": -2.5453414747241166e-13, "zone": null, "min_dist": 1.8027756377354112}
{"t": 1785218160.0873382, "x": -4.275821705212218e-12, "y": -2.5453414747241166e-13, "zone": null, "min_dist": 1.8027756377354112}
{"t": 1785218160.2398486, "x": -4.275821705212218e-12, "y": -2.5453414747241166e-13, "zone": null, "min_dist": 1.8027756377354112}
{"t": 1785218160.3924587, "x": -4.275821705212218e-12, "y": -2.5453414747241166e-13, "zone": null, "min_dist": 1.8027756377354112}
{"t": 1785218160.5443513, "x": -4.275821705212218e-12, "y": -2.5453414747241166e-13, "zone": null, "min_dist": 1.8027756377354112}
{"t": 1785218160.696389, "x": -4.275821705212218e-12, "y": -2.5453414747241166e-13, "zone": null, "min_dist": 1.8027756377354112}
{"t": 1785218160.8483005, "x": -4.275821705212218e-12, "y": -2.5453414747241166e-13, "zone": null, "min_dist": 1.8027756377354112}
{"t": 1785218161.0010822, "x": -4.275821705212218e-12, "y": -2.5453414747241166e-13, "zone": null, "min_dist": 1.8027756377354112}
{"t": 1785218161.1531577, "x": -4.275821705212218e-12, "y": -2.5453414747241166e-13, "zone": null, "min_dist": 1.8027756377354112}
{"t": 1785218161.3055089, "x": -4.275821705212218e-12, "y": -2.5453414747241166e-13, "zone": null, "min_dist": 1.8027756377354112}
{"t": 1785218161.4580336, "x": -4.275821705212218e-12, "y": -2.5453414747241166e-13, "zone": null, "min_dist": 1.8027756377354112}
{"t": 1785218161.6100757, "x": -4.275821705212218e-12, "y": -2.5453414747241166e-13, "zone": null, "min_dist": 1.8027756377354112}
{"t": 1785218161.762373, "x": -4.275821705212218e-12, "y": -2.5453414747241166e-13, "zone": null, "min_dist": 1.8027756377354112}
{"t": 1785218161.9142692, "x": -4.275821705212218e-12, "y": -2.5453414747241166e-13, "zone": null, "min_dist": 1.8027756377354112}
{"t": 1785218162.0668464, "x": -4.275821705212218e-12, "y": -2.5453414747241166e-13, "zone": null, "min_dist": 1.8027756377354112}
{"t": 1785218162.2191224, "x": -4.275821705212218e-12, "y": -2.5453414747241166e-13, "zone": null, "min_dist": 1.8027756377354112}
{"t": 1785218162.4713664, "x": -4.275821705212218e-12, "y": -2.5453414747241166e-13, "zone": null, "min_dist": 1.8027756377354112}
{"t": 1785218162.6273382, "x": -4.275821705212218e-12, "y": -2.5453414747241166e-13, "zone": null, "min_dist": 1.8027756377354112}
{"t": 1785218162.7796566, "x": -4.275821705212218e-12, "y": -2.5453414747241166e-13, "zone": null, "min_dist": 1.8027756377354112}
{"t": 1785218162.932069, "x": -4.275821705212218e-12, "y": -2.5453414747241166e-13, "zone": null, "min_dist": 1.8027756377354112}
{"t": 1785218163.0844116, "x": -4.275821705212218e-12, "y": -2.5453414747241166e-13, "zone": null, "min_dist": 1.8027756377354112}
{"t": 1785218163.2369046, "x": -4.275821705212218e-12, "y": -2.5453414747241166e-13, "zone": null, "min_dist": 1.8027756377354112}
{"t": 1785218163.3888452, "x": 0.0028815421426910378, "y": -6.910975495895093e-06, "zone": null, "min_dist": 1.8003749206634203}
{"t": 1785218163.5488937, "x": 0.027467850012406172, "y": -0.00031302706790015345, "zone": null, "min_dist": 1.7798103765843232}
{"t": 1785218163.701234, "x": 0.05951868830870201, "y": -0.0007522221311774479, "zone": null, "min_dist": 1.7531350578057763}
{"t": 1785218163.8536584, "x": 0.09202599645952363, "y": -0.001197672053354894, "zone": null, "min_dist": 1.7262667479151173}
{"t": 1785218164.0057466, "x": 0.12496774558134434, "y": -0.0016490750616753285, "zone": null, "min_dist": 1.6992404979922233}
{"t": 1785218164.1581304, "x": 0.1565554720084151, "y": -0.0020819240134856342, "zone": null, "min_dist": 1.67352433091699}
{"t": 1785218164.3103957, "x": 0.18897015795928213, "y": -0.002526104687878203, "zone": null, "min_dist": 1.6473473885463403}
{"t": 1785218164.4626143, "x": 0.22102099864450966, "y": -0.002965299641924128, "zone": null, "min_dist": 1.6216859990844112}
{"t": 1785218164.614395, "x": 0.2533143878867659, "y": -0.003407818210268737, "zone": null, "min_dist": 1.5960642193391112}
{"t": 1785218164.7664819, "x": 0.2856364510636272, "y": -0.0038507296791443018, "zone": null, "min_dist": 1.5706661636853694}
{"t": 1785218164.9188762, "x": 0.3178405560441595, "y": -0.004292024794562957, "zone": null, "min_dist": 1.5456181038088592}
{"t": 1785218165.079513, "x": 0.35075368913555816, "y": -0.00474303591792869, "zone": null, "min_dist": 1.5202971773930882}
{"t": 1785218165.2314658, "x": 0.3834462158042321, "y": -0.005191023823118074, "zone": null, "min_dist": 1.4954388158945138}
{"t": 1785218165.383735, "x": 0.4153118107857341, "y": -0.0056276803719947305, "zone": null, "min_dist": 1.4715042568281287}
{"t": 1785218165.5441508, "x": 0.4482789111799148, "y": -0.006079430972977568, "zone": null, "min_dist": 1.447064389100881}
{"t": 1785218165.6963444, "x": 0.48088548897322336, "y": -0.006526241145283576, "zone": null, "min_dist": 1.4232303032602507}
{"t": 1785218165.8484356, "x": 0.5129363296947789, "y": -0.006965436099500666, "zone": null, "min_dist": 1.4001472545191342}
{"t": 1785218166.0084143, "x": 0.5460886758382113, "y": -0.007419725112384552, "zone": null, "min_dist": 1.376648980844453}
{"t": 1785218166.1609285, "x": 0.5786952537032017, "y": -0.00786653528727955, "zone": null, "min_dist": 1.3539317735217955}
{"t": 1785218166.3133771, "x": 0.6102829801246058, "y": -0.008299384228810066, "zone": null, "min_dist": 1.3323162112565132}
{"t": 1785218166.4756565, "x": 0.6443362180345881, "y": -0.008766018110985855, "zone": null, "min_dist": 1.3094675691359838}
{"t": 1785218166.6259103, "x": 0.677121381572454, "y": -0.009215275405935475, "zone": null, "min_dist": 1.2879377279799529}
{"t": 1785218166.77839, "x": 0.7088943537399621, "y": -0.009650662752898824, "zone": null, "min_dist": 1.26753301863513}
{"t": 1785218166.938254, "x": 0.742509814163925, "y": -0.010111297783029367, "zone": null, "min_dist": 1.246463406769236}
{"t": 1785218167.09072, "x": 0.7750237691708646, "y": -0.010556838752202249, "zone": null, "min_dist": 1.2266166086464243}
{"t": 1785218167.2428517, "x": 0.8064262499261591, "y": -0.01098714928939569, "zone": null, "min_dist": 1.2079697701773033}
{"t": 1785218167.395324, "x": 0.8380966297737146, "y": -0.01142113078271339, "zone": null, "min_dist": 1.189707633067824}
{"t": 1785218167.547476, "x": 0.8698729248854146, "y": -0.011856563672496075, "zone": null, "min_dist": 1.171958865126925}
{"t": 1785218167.699304, "x": 0.9016425738912139, "y": -0.012291905468097051, "zone": null, "min_dist": 1.1548155217970417}
{"t": 1785218167.8596563, "x": 0.9358170946041064, "y": -0.012760201266833722, "zone": null, "min_dist": 1.1370772933022866}
{"t": 1785218168.01192, "x": 0.9678679352908856, "y": -0.013199396218972682, "zone": null, "min_dist": 1.1211333399351682}
{"t": 1785218168.1643238, "x": 0.99916782378296, "y": -0.013628300900088494, "zone": null, "min_dist": 1.1062377671728365}
{"t": 1785218168.3162994, "x": 1.0318670245218289, "y": -0.014076380279324776, "zone": null, "min_dist": 1.0914182821691987}
{"t": 1785218168.4685109, "x": 1.0646874926131635, "y": -0.014526121369267873, "zone": null, "min_dist": 1.077337340182226}
{"t": 1785218168.621317, "x": 1.0958980798355944, "y": -0.014953802377782557, "zone": null, "min_dist": 1.0647132822175875}
{"t": 1785218168.7735488, "x": 1.1286259405371073, "y": -0.015402274472362436, "zone": null, "min_dist": 1.0523076418786217}
{"t": 1785218168.9256263, "x": 1.160398912669679, "y": -0.01583766181885457, "zone": null, "min_dist": 1.0411072982215213}
{"t": 1785218169.0853763, "x": 1.1941069959543102, "y": -0.016299566051539306, "zone": null, "min_dist": 1.0301636150022415}
{"t": 1785218169.2375398, "x": 1.2266209509662886, "y": -0.016745107020789234, "zone": null, "min_dist": 1.0205519531205336}
{"t": 1785218169.3896108, "x": 1.2585791688662598, "y": -0.01718303277300272, "zone": null, "min_dist": 1.0120341934809212}
{"t": 1785218169.542552, "x": 1.2903421716958803, "y": -0.01761828347053805, "zone": null, "min_dist": 1.0045049735768221}
{"t": 1785218169.7024388, "x": 1.323319241296096, "y": -0.01807017072163057, "zone": null, "min_dist": 0.997698491590939}
{"t": 1785218169.8546176, "x": 1.3554307078223358, "y": -0.01851019643329669, "zone": null, "min_dist": 0.9920798933282323}
{"t": 1785218170.0069234, "x": 1.3878453938091773, "y": -0.018954377103698967, "zone": null, "min_dist": 0.9874356535459968}
{"t": 1785218170.1594934, "x": 1.4199888573791615, "y": -0.019394841260309152, "zone": null, "min_dist": 0.9838639439934703}
{"t": 1785218170.3114102, "x": 1.4528986097399412, "y": -0.01984580579528375, "zone": null, "min_dist": 0.981285272171924}
{"t": 1785218170.4632268, "x": 1.485837036047552, "y": -0.02029716323144043, "zone": null, "min_dist": 0.979805204068789}
{"t": 1785218170.6158597, "x": 1.5180759135159032, "y": -0.020815941984298973, "zone": null, "min_dist": 0.9791840580157011}
{"t": 1785218170.7681403, "x": 1.549895483711035, "y": -0.021885759455574923, "zone": null, "min_dist": 0.9781142405444251}
{"t": 1785218170.9206855, "x": 1.5814771855944483, "y": -0.023636279804900233, "zone": null, "min_dist": 0.9763637201950998}
{"t": 1785218171.080818, "x": 1.6153476567093672, "y": -0.026242554784308873, "zone": null, "min_dist": 0.9737574452156911}
{"t": 1785218171.232846, "x": 1.6470698676056863, "y": -0.0289391187031297, "zone": null, "min_dist": 0.9710608812968703}
{"t": 1785218171.3854022, "x": 1.6796479931490313, "y": -0.03170851459637768, "zone": null, "min_dist": 0.9682914854036223}
{"t": 1785218171.5373535, "x": 1.7113097549384413, "y": -0.0344000124766128, "zone": null, "min_dist": 0.9655999875233872}
{"t": 1785218171.6896248, "x": 1.7436996909357942, "y": -0.037129166058329444, "zone": null, "min_dist": 0.9628708339416705}
{"t": 1785218171.8418605, "x": 1.7760294745997582, "y": -0.03936385699925487, "zone": null, "min_dist": 0.9606361430007452}
{"t": 1785218172.0025616, "x": 1.8084027234623516, "y": -0.040937914864287765, "zone": null, "min_dist": 0.9590620851357122}
{"t": 1785218172.1546435, "x": 1.8409688973771265, "y": -0.04233664398253354, "zone": null, "min_dist": 0.9576633560174664}
{"t": 1785218172.306669, "x": 1.8729040088993603, "y": -0.0437082689965095, "zone": null, "min_dist": 0.9562917310034905}
{"t": 1785218172.4593246, "x": 1.905263228154239, "y": -0.04509810958055334, "zone": null, "min_dist": 0.9549018904194466}
{"t": 1785218172.619289, "x": 1.9392849752546977, "y": -0.04655935637581832, "zone": null, "min_dist": 0.9534406436241817}
{"t": 1785218172.7796624, "x": 1.9720816256009686, "y": -0.04796798503711499, "zone": null, "min_dist": 0.952032014962885}
{"t": 1785218172.931985, "x": 2.004444210132486, "y": -0.049357970208683453, "zone": null, "min_dist": 0.9506420297913165}
{"t": 1785218173.0847554, "x": 2.0370777477535036, "y": -0.05075959285961399, "zone": null, "min_dist": 0.949240407140386}
{"t": 1785218173.23634, "x": 2.0698996982224864, "y": -0.052169307899301465, "zone": null, "min_dist": 0.9478306921006985}
{"t": 1785218173.3963296, "x": 2.1023801142954444, "y": -0.05356435420987768, "zone": null, "min_dist": 0.9464356457901223}
{"t": 1785218173.556995, "x": 2.1366255493868467, "y": -0.055035208505937176, "zone": null, "min_dist": 0.9449647914940629}
{"t": 1785218173.7169397, "x": 2.1710846978238725, "y": -0.056515241834645145, "zone": null, "min_dist": 0.9434847581653548}
{"t": 1785218173.869365, "x": 2.203383325911683, "y": -0.057902480071472986, "zone": null, "min_dist": 0.942097519928527}
{"t": 1785218174.0217597, "x": 2.2355861022661982, "y": -0.05928560144042204, "zone": null, "min_dist": 0.940714398559578}
{"t": 1785218174.174081, "x": 2.267944018722528, "y": -0.06091420773353053, "zone": null, "min_dist": 0.9390857922664695}
{"t": 1785218174.3262603, "x": 2.3002591643305994, "y": -0.06320836513871718, "zone": null, "min_dist": 0.9367916348612828}
{"t": 1785218174.4863362, "x": 2.3353151282791536, "y": -0.06647441151602468, "zone": null, "min_dist": 0.9335255884839753}
{"t": 1785218174.6389282, "x": 2.36642631442725, "y": -0.06993605534470294, "zone": null, "min_dist": 0.9300639446552971}
{"t": 1785218174.7987902, "x": 2.399820857972399, "y": -0.07372240934714963, "zone": null, "min_dist": 0.9262775906528504}
{"t": 1785218174.951012, "x": 2.432130846979365, "y": -0.07738579375682349, "zone": null, "min_dist": 0.9226142062431765}
{"t": 1785218175.103718, "x": 2.4645931234777363, "y": -0.08106644480647092, "zone": null, "min_dist": 0.918933555193529}
{"t": 1785218175.2556736, "x": 2.4974339508417067, "y": -0.08497143256055568, "zone": null, "min_dist": 0.9150285674394443}
{"t": 1785218175.4075394, "x": 2.5298889290512236, "y": -0.08950575441872342, "zone": null, "min_dist": 0.9104942455812766}
{"t": 1785218175.5597734, "x": 2.561872014942069, "y": -0.09466412835542312, "zone": null, "min_dist": 0.9053358716445769}
{"t": 1785218175.7121208, "x": 2.5947954482940365, "y": -0.10035522290736118, "zone": null, "min_dist": 0.8996447770926388}
{"t": 1785218175.8645139, "x": 2.627684298794557, "y": -0.10641435169770709, "zone": null, "min_dist": 0.8935856483022929}
{"t": 1785218176.0163639, "x": 2.658636250087876, "y": -0.11214499364709316, "zone": null, "min_dist": 0.8878550063529068}
{"t": 1785218176.168775, "x": 2.6913411681114554, "y": -0.11821276132741573, "zone": null, "min_dist": 0.8817872386725842}
{"t": 1785218176.3209977, "x": 2.7231150457325954, "y": -0.12453361662474793, "zone": null, "min_dist": 0.8754663833752521}
{"t": 1785218176.473424, "x": 2.755136598408618, "y": -0.1316176751885154, "zone": null, "min_dist": 0.8683823248114846}
{"t": 1785218176.6255279, "x": 2.787152607598371, "y": -0.13943056079403157, "zone": null, "min_dist": 0.8605694392059684}
{"t": 1785218176.7774782, "x": 2.818842098942511, "y": -0.1478772480420989, "zone": null, "min_dist": 0.8521227519579011}
{"t": 1785218176.9295812, "x": 2.8504921567478494, "y": -0.15704937916074208, "zone": null, "min_dist": 0.8429506208392579}
{"t": 1785218177.0907137, "x": 2.8831021418341534, "y": -0.16697328427864508, "zone": null, "min_dist": 0.8330267157213549}
{"t": 1785218177.2422762, "x": 2.9147867745923084, "y": -0.17676828072828957, "zone": null, "min_dist": 0.8232317192717105}
{"t": 1785218177.3946588, "x": 2.945722816666069, "y": -0.18700255698043233, "zone": null, "min_dist": 0.8129974430195677}
{"t": 1785218177.5550423, "x": 2.978901367105745, "y": -0.19878284697301649, "zone": null, "min_dist": 0.8012171530269835}
{"t": 1785218177.7074502, "x": 3.0101959229311324, "y": -0.21039990583171747, "zone": null, "min_dist": 0.7896000941682826}
{"t": 1785218177.859393, "x": 3.0398337425883617, "y": -0.22183941231857118, "zone": null, "min_dist": 0.7781605876814288}
{"t": 1785218178.0195115, "x": 3.071677105260364, "y": -0.23417468703096309, "zone": null, "min_dist": 0.7658253129690369}
{"t": 1785218178.1954746, "x": 3.1077724230235515, "y": -0.24819563861661204, "zone": null, "min_dist": 0.751804361383388}
{"t": 1785218178.3475761, "x": 3.138495037087162, "y": -0.26069064176013, "zone": null, "min_dist": 0.73930935823987}
{"t": 1785218178.4999452, "x": 3.1684923169806365, "y": -0.27365169968858866, "zone": null, "min_dist": 0.7263483003114113}
{"t": 1785218178.6524918, "x": 3.198621458252503, "y": -0.2872883995852565, "zone": null, "min_dist": 0.7127116004147436}
{"t": 1785218178.8045456, "x": 3.2287504856066156, "y": -0.30145640891797953, "zone": null, "min_dist": 0.6985435910820205}
{"t": 1785218178.9568055, "x": 3.258767633623699, "y": -0.31612685008390945, "zone": null, "min_dist": 0.6838731499160906}
{"t": 1785218179.1094909, "x": 3.2888300450426295, "y": -0.3307623390438236, "zone": null, "min_dist": 0.6692376609561763}
{"t": 1785218179.2615216, "x": 3.318714409675459, "y": -0.3446790257860495, "zone": null, "min_dist": 0.6553209742139505}
{"t": 1785218179.4135635, "x": 3.3477794256432305, "y": -0.3579127252656468, "zone": null, "min_dist": 0.6420872747343531}
{"t": 1785218179.56581, "x": 3.3781843168826082, "y": -0.37175599472891196, "zone": null, "min_dist": 0.628244005271088}
{"t": 1785218179.7180831, "x": 3.408589235023355, "y": -0.3855992764944836, "zone": null, "min_dist": 0.6144007235055164}
{"t": 1785218179.8705957, "x": 3.438965001456629, "y": -0.3994292856070871, "zone": null, "min_dist": 0.6005707143929129}
{"t": 1785218180.0226967, "x": 3.469399028965563, "y": -0.41328582083349213, "zone": null, "min_dist": 0.5867141791665078}
{"t": 1785218180.1749463, "x": 3.49983305648302, "y": -0.4271423560687578, "zone": null, "min_dist": 0.5728576439312423}
{"t": 1785218180.327115, "x": 3.5291680972486263, "y": -0.44049852562756203, "zone": null, "min_dist": 0.559501474372438}
{"t": 1785218180.479347, "x": 3.5588104397340348, "y": -0.4540266030972548, "zone": null, "min_dist": 0.5459733969027452}
{"t": 1785218180.6393554, "x": 3.590610645503213, "y": -0.4691371270489566, "zone": null, "min_dist": 0.5308628729510434}
{"t": 1785218180.7916284, "x": 3.619256322615338, "y": -0.48352240477998926, "zone": null, "min_dist": 0.5164775952200107}
{"t": 1785218180.9437013, "x": 3.648619838538116, "y": -0.4988784472222441, "zone": null, "min_dist": 0.5011215527777559}
{"t": 1785218181.0965137, "x": 3.6781590595055143, "y": -0.5145641003968895, "zone": null, "min_dist": 0.4854358996031105}
{"t": 1785218181.2484107, "x": 3.707382213599214, "y": -0.530834877352986, "zone": null, "min_dist": 0.46916512264701404}
{"t": 1785218181.4006753, "x": 3.73600188721255, "y": -0.5474027039393267, "zone": null, "min_dist": 0.45259729606067334}
{"t": 1785218181.5531921, "x": 3.764201353961077, "y": -0.5638422261392191, "zone": null, "min_dist": 0.4361577738607809}
{"t": 1785218181.7054873, "x": 3.79247074868825, "y": -0.5809476575851784, "zone": null, "min_dist": 0.4190523424148216}
{"t": 1785218181.8576207, "x": 3.819303790827544, "y": -0.5979822744042798, "zone": null, "min_dist": 0.40201772559572024}
{"t": 1785218182.010109, "x": 3.8470542692326126, "y": -0.6164356713727063, "zone": null, "min_dist": 0.3835643286272937}
{"t": 1785218182.1701012, "x": 3.8745827989774506, "y": -0.6351190343862327, "zone": null, "min_dist": 0.36488096561376726}
{"t": 1785218182.3225226, "x": 3.90207266129741, "y": -0.6540703410688464, "zone": null, "min_dist": 0.34592965893115357}
{"t": 1785218182.4744852, "x": 3.929184316505148, "y": -0.6736037451045367, "zone": null, "min_dist": 0.3263962548954633}
{"t": 1785218182.6351655, "x": 3.956475033656677, "y": -0.6941972109020155, "zone": null, "min_dist": 0.30580278909798453}
{"t": 1785218182.7873082, "x": 3.982581546375547, "y": -0.7148033679100042, "zone": null, "min_dist": 0.2851966320899958}
{"t": 1785218182.939443, "x": 4.00702796150108, "y": -0.7349645211526848, "zone": null, "min_dist": 0.26503547884731515}
{"t": 1785218183.091287, "x": 4.031925743155138, "y": -0.7564089209336288, "zone": null, "min_dist": 0.24359107906637123}
{"t": 1785218183.2437708, "x": 4.054868670778482, "y": -0.7770338182511917, "zone": null, "min_dist": 0.22296618174880833}
{"t": 1785218183.3960738, "x": 4.078648384864292, "y": -0.7993586132672021, "zone": null, "min_dist": 0.20064138673279786}
{"t": 1785218183.5483184, "x": 4.100622350514461, "y": -0.8208807515695449, "zone": null, "min_dist": 0.17911924843045512}
{"t": 1785218183.7007365, "x": 4.120251339022936, "y": -0.8409443904566964, "zone": null, "min_dist": 0.15905560954330356}
{"t": 1785218183.852765, "x": 4.137675010262178, "y": -0.8595334529608071, "zone": null, "min_dist": 0.14046654703919292}
{"t": 1785218184.012965, "x": 4.153551009472533, "y": -0.8772324286701852, "zone": null, "min_dist": 0.12276757132981475}
{"t": 1785218184.1655722, "x": 4.166583896621861, "y": -0.8924201448042006, "zone": null, "min_dist": 0.10757985519579938}
{"t": 1785218184.3253634, "x": 4.183038343751879, "y": -0.9125305059391706, "zone": null, "min_dist": 0.08746949406082938}
{"t": 1785218184.47748, "x": 4.200319417787733, "y": -0.9353463263656665, "zone": null, "min_dist": 0.0646536736343335}
{"t": 1785218184.6293893, "x": 4.215336302885227, "y": -0.9579248307287018, "zone": null, "min_dist": 0.042075169271298174}
{"t": 1785218184.7813964, "x": 4.231215851274499, "y": -0.9854346880971914, "zone": null, "min_dist": 0.01456531190280863}
{"t": 1785218184.933552, "x": 4.244928142407211, "y": -1.0129591971970964, "zone": "wh_forbidden_zone", "min_dist": 0.0}
{"t": 1785218185.0859904, "x": 4.256782900889916, "y": -1.0411428920218724, "zone": "wh_forbidden_zone", "min_dist": 0.0}
{"t": 1785218185.2384334, "x": 4.2662001316566025, "y": -1.06803654166169, "zone": "wh_forbidden_zone", "min_dist": 0.0}
{"t": 1785218185.3908322, "x": 4.274212645467714, "y": -1.096323659255083, "zone": "wh_forbidden_zone", "min_dist": 0.0}
{"t": 1785218185.5432804, "x": 4.28169318937722, "y": -1.1262276511392597, "zone": "wh_forbidden_zone", "min_dist": 0.0}
{"t": 1785218185.6954052, "x": 4.2883407511568095, "y": -1.1554012502705366, "zone": "wh_forbidden_zone", "min_dist": 0.0}
{"t": 1785218185.8474689, "x": 4.294412012208438, "y": -1.1848056026297884, "zone": "wh_forbidden_zone", "min_dist": 0.0}
{"t": 1785218186.0001245, "x": 4.3007426161881375, "y": -1.2162280900625404, "zone": "wh_forbidden_zone", "min_dist": 0.0}
{"t": 1785218186.1523423, "x": 4.307089546043436, "y": -1.2477316107964127, "zone": "wh_forbidden_zone", "min_dist": 0.0}
{"t": 1785218186.3048253, "x": 4.312924881937292, "y": -1.2766957933857346, "zone": "wh_forbidden_zone", "min_dist": 0.0}
{"t": 1785218186.456587, "x": 4.318578583969142, "y": -1.3047584215398966, "zone": "wh_forbidden_zone", "min_dist": 0.0}
{"t": 1785218186.6084583, "x": 4.3249091883135335, "y": -1.3361809087571939, "zone": "wh_forbidden_zone", "min_dist": 0.0}
{"t": 1785218186.7610416, "x": 4.330871930497731, "y": -1.3657774823150666, "zone": "wh_forbidden_zone", "min_dist": 0.0}
{"t": 1785218186.913557, "x": 4.336335053320186, "y": -1.3928941548719287, "zone": "wh_forbidden_zone", "min_dist": 0.0}
{"t": 1785218187.0657835, "x": 4.341994059629322, "y": -1.4209831110368631, "zone": "wh_forbidden_zone", "min_dist": 0.0}
{"t": 1785218187.2177832, "x": 4.347762881782438, "y": -1.4496171468356054, "zone": "wh_forbidden_zone", "min_dist": 0.0}
{"t": 1785218187.370014, "x": 4.353097944859762, "y": -1.4760981844057017, "zone": "wh_forbidden_zone", "min_dist": 0.0}
{"t": 1785218187.5223937, "x": 4.357888195602922, "y": -1.499475326694249, "zone": "wh_forbidden_zone", "min_dist": 0.0}
{"t": 1785218187.6745079, "x": 4.363191952922397, "y": -1.525201119046145, "zone": "wh_forbidden_zone", "min_dist": 0.0}
{"t": 1785218187.8348742, "x": 4.368658644471876, "y": -1.5517172216472728, "zone": "wh_forbidden_zone", "min_dist": 0.0}
{"t": 1785218187.995098, "x": 4.373726764108704, "y": -1.5763000585860194, "zone": "wh_forbidden_zone", "min_dist": 0.0}
{"t": 1785218188.1473758, "x": 4.377641841755375, "y": -1.5951781922104653, "zone": "wh_forbidden_zone", "min_dist": 0.0}
{"t": 1785218188.2992759, "x": 4.379503109829254, "y": -1.6033128562732362, "zone": "wh_forbidden_zone", "min_dist": 0.0}
{"t": 1785218188.4515867, "x": 4.377674268339856, "y": -1.5973790863656991, "zone": "wh_forbidden_zone", "min_dist": 0.0}
{"t": 1785218188.603713, "x": 4.374914739933686, "y": -1.590105374718659, "zone": "wh_forbidden_zone", "min_dist": 0.0}
{"t": 1785218188.7564707, "x": 4.3721122481962, "y": -1.5842225655721722, "zone": "wh_forbidden_zone", "min_dist": 0.0}
{"t": 1785218188.9083467, "x": 4.370797586231762, "y": -1.5819563930619696, "zone": "wh_forbidden_zone", "min_dist": 0.0}
{"t": 1785218189.0607355, "x": 4.372494510296748, "y": -1.5837487242236359, "zone": "wh_forbidden_zone", "min_dist": 0.0}
{"t": 1785218189.2129176, "x": 4.373035130940402, "y": -1.5842446641947574, "zone": "wh_forbidden_zone", "min_dist": 0.0}
{"t": 1785218189.3728788, "x": 4.377451228998365, "y": -1.5876511594000602, "zone": "wh_forbidden_zone", "min_dist": 0.0}
{"t": 1785218189.5499074, "x": 4.3723229221596345, "y": -1.5815452017568379, "zone": "wh_forbidden_zone", "min_dist": 0.0}
{"t": 1785218189.701972, "x": 4.3772705391970845, "y": -1.5914277853750478, "zone": "wh_forbidden_zone", "min_dist": 0.0}
{"t": 1785218189.8541288, "x": 4.381118856313933, "y": -1.6030819360316149, "zone": "wh_forbidden_zone", "min_dist": 0.0}
{"t": 1785218190.0067253, "x": 4.383354340089303, "y": -1.6134061695690656, "zone": "wh_forbidden_zone", "min_dist": 0.0}
{"t": 1785218190.1665742, "x": 4.383906198530945, "y": -1.6229959270297276, "zone": "wh_forbidden_zone", "min_dist": 0.0}
{"t": 1785218190.3184583, "x": 4.383083842444513, "y": -1.6311063964725891, "zone": "wh_forbidden_zone", "min_dist": 0.0}
{"t": 1785218190.4703534, "x": 4.381675843818732, "y": -1.6447778516175435, "zone": "wh_forbidden_zone", "min_dist": 0.0}
{"t": 1785218190.6230114, "x": 4.380918950015625, "y": -1.653545322819728, "zone": "wh_forbidden_zone", "min_dist": 0.0}
{"t": 1785218190.7751129, "x": 4.380785523832434, "y": -1.649877242297333, "zone": "wh_forbidden_zone", "min_dist": 0.0}
{"t": 1785218190.9276905, "x": 4.380753850429916, "y": -1.6460191236414778, "zone": "wh_forbidden_zone", "min_dist": 0.0}
{"t": 1785218191.0875564, "x": 4.380845515922215, "y": -1.6533732163874237, "zone": "wh_forbidden_zone", "min_dist": 0.0}
{"t": 1785218191.2397494, "x": 4.380824491407608, "y": -1.6532061581373576, "zone": "wh_forbidden_zone", "min_dist": 0.0}
{"t": 1785218191.392069, "x": 4.380695367083272, "y": -1.6536967170955925, "zone": "wh_forbidden_zone", "min_dist": 0.0}
{"t": 1785218191.5521853, "x": 4.3806939458645395, "y": -1.6504724156738901, "zone": "wh_forbidden_zone", "min_dist": 0.0}
{"t": 1785218191.7044063, "x": 4.380778453507465, "y": -1.6465800317001527, "zone": "wh_forbidden_zone", "min_dist": 0.0}
{"t": 1785218191.8567836, "x": 4.3806557913500335, "y": -1.653377823419635, "zone": "wh_forbidden_zone", "min_dist": 0.0}
{"t": 1785218192.0170383, "x": 4.380579267284281, "y": -1.6533593933196624, "zone": "wh_forbidden_zone", "min_dist": 0.0}
{"t": 1785218192.169585, "x": 4.380579236635583, "y": -1.6533089955383165, "zone": "wh_forbidden_zone", "min_dist": 0.0}
{"t": 1785218192.321617, "x": 4.380579205925067, "y": -1.653267446905381, "zone": "wh_forbidden_zone", "min_dist": 0.0}
{"t": 1785218192.473926, "x": 4.380579176906861, "y": -1.6532331795622657, "zone": "wh_forbidden_zone", "min_dist": 0.0}
{"t": 1785218192.6341338, "x": 4.380579149151205, "y": -1.6532035595638572, "zone": "wh_forbidden_zone", "min_dist": 0.0}
{"t": 1785218192.7865186, "x": 4.380579125782291, "y": -1.653180442968182, "zone": "wh_forbidden_zone", "min_dist": 0.0}
{"t": 1785218192.9467974, "x": 4.380579104350713, "y": -1.6531604233467785, "zone": "wh_forbidden_zone", "min_dist": 0.0}
{"t": 1785218193.1073895, "x": 4.380579085968992, "y": -1.6531440094173606, "zone": "wh_forbidden_zone", "min_dist": 0.0}
{"t": 1785218193.2594767, "x": 4.380579071781522, "y": -1.6531317537476529, "zone": "wh_forbidden_zone", "min_dist": 0.0}
{"t": 1785218193.4113567, "x": 4.380579058323858, "y": -1.6531204203344643, "zone": "wh_forbidden_zone", "min_dist": 0.0}
{"t": 1785218193.5637686, "x": 4.380579048558517, "y": -1.6531123540249897, "zone": "wh_forbidden_zone", "min_dist": 0.0}
{"t": 1785218193.716043, "x": 4.3805790383354655, "y": -1.6531040334906493, "zone": "wh_forbidden_zone", "min_dist": 0.0}
{"t": 1785218193.868319, "x": 4.380579030981754, "y": -1.6530981148802883, "zone": "wh_forbidden_zone", "min_dist": 0.0}
{"t": 1785218194.0205765, "x": 4.380579024131519, "y": -1.6530926402118833, "zone": "wh_forbidden_zone", "min_dist": 0.0}
{"t": 1785218194.17275, "x": 4.380579019794059, "y": -1.6530891861806845, "zone": "wh_forbidden_zone", "min_dist": 0.0}
{"t": 1785218194.325178, "x": 4.380579014289562, "y": -1.6530848047085451, "zone": "wh_forbidden_zone", "min_dist": 0.0}
{"t": 1785218194.477198, "x": 4.380579011526921, "y": -1.6530825997722105, "zone": "wh_forbidden_zone", "min_dist": 0.0}
{"t": 1785218194.6293535, "x": 4.3805790088348155, "y": -1.6530804407317188, "zone": "wh_forbidden_zone", "min_dist": 0.0}
{"t": 1785218194.781477, "x": 4.380579006190938, "y": -1.6530783017187953, "zone": "wh_forbidden_zone", "min_dist": 0.0}
{"t": 1785218194.9336822, "x": 4.380579003656055, "y": -1.6530762187470651, "zone": "wh_forbidden_zone", "min_dist": 0.0}
{"t": 1785218195.0861177, "x": 4.380579002408879, "y": -1.653075173960438, "zone": "wh_forbidden_zone", "min_dist": 0.0}
{"t": 1785218195.2384522, "x": 4.380579001212432, "y": -1.6530741512651705, "zone": "wh_forbidden_zone", "min_dist": 0.0}
{"t": 1785218195.3906918, "x": 4.380579000060464, "y": -1.6530731367076235, "zone": "wh_forbidden_zone", "min_dist": 0.0}
{"t": 1785218195.5426412, "x": 4.3805789989476915, "y": -1.6530721077233737, "zone": "wh_forbidden_zone", "min_dist": 0.0}
{"t": 1785218195.6948023, "x": 4.3805789989476915, "y": -1.6530721077233737, "zone": "wh_forbidden_zone", "min_dist": 0.0}
{"t": 1785218195.8476198, "x": 4.380717520703862, "y": -1.6534701279401571, "zone": "wh_forbidden_zone", "min_dist": 0.0}
{"t": 1785218196.0074203, "x": 4.3807507658719, "y": -1.65193786082478, "zone": "wh_forbidden_zone", "min_dist": 0.0}
{"t": 1785218196.159829, "x": 4.380792099668533, "y": -1.6505086727758234, "zone": "wh_forbidden_zone", "min_dist": 0.0}
{"t": 1785218196.3200648, "x": 4.3808571583493645, "y": -1.6490350403123095, "zone": "wh_forbidden_zone", "min_dist": 0.0}
{"t": 1785218196.4721835, "x": 4.380932126182709, "y": -1.6476602738728945, "zone": "wh_forbidden_zone", "min_dist": 0.0}
{"t": 1785218196.632347, "x": 4.381017665529397, "y": -1.6462362322426909, "zone": "wh_forbidden_zone", "min_dist": 0.0}
{"t": 1785218196.7846732, "x": 4.381104112413313, "y": -1.6449044976976412, "zone": "wh_forbidden_zone", "min_dist": 0.0}
{"t": 1785218196.9371028, "x": 4.381189971110954, "y": -1.6435939862461852, "zone": "wh_forbidden_zone", "min_dist": 0.0}
{"t": 1785218197.0973022, "x": 4.381280030742851, "y": -1.642230207772171, "zone": "wh_forbidden_zone", "min_dist": 0.0}
{"t": 1785218197.249414, "x": 4.381365346678524, "y": -1.6409453679994777, "zone": "wh_forbidden_zone", "min_dist": 0.0}
{"t": 1785218197.4092999, "x": 4.381454791659782, "y": -1.6396017491183394, "zone": "wh_forbidden_zone", "min_dist": 0.0}
{"t": 1785218197.5613108, "x": 4.381551912296082, "y": -1.638068792566077, "zone": "wh_forbidden_zone", "min_dist": 0.0}
{"t": 1785218197.7135887, "x": 4.381645968234631, "y": -1.6405218649419369, "zone": "wh_forbidden_zone", "min_dist": 0.0}
{"t": 1785218197.866076, "x": 4.3812135012921685, "y": -1.634846297845863, "zone": "wh_forbidden_zone", "min_dist": 0.0}
{"t": 1785218198.0185807, "x": 4.380708031596707, "y": -1.629779461952579, "zone": "wh_forbidden_zone", "min_dist": 0.0}
{"t": 1785218198.1786869, "x": 4.38003270111844, "y": -1.6244277022381446, "zone": "wh_forbidden_zone", "min_dist": 0.0}
{"t": 1785218198.3309283, "x": 4.379595841615905, "y": -1.621488862883617, "zone": "wh_forbidden_zone", "min_dist": 0.0}
{"t": 1785218198.4911118, "x": 4.380785049919838, "y": -1.6299048002995358, "zone": "wh_forbidden_zone", "min_dist": 0.0}
{"t": 1785218198.643384, "x": 4.38184773083476, "y": -1.643892136876552, "zone": "wh_forbidden_zone", "min_dist": 0.0}
{"t": 1785218198.7960324, "x": 4.381606382558978, "y": -1.6533096523502544, "zone": "wh_forbidden_zone", "min_dist": 0.0}
{"t": 1785218198.9478679, "x": 4.381621472077699, "y": -1.6540762596222824, "zone": "wh_forbidden_zone", "min_dist": 0.0}
{"t": 1785218199.100176, "x": 4.381621424985853, "y": -1.6539728394589597, "zone": "wh_forbidden_zone", "min_dist": 0.0}
{"t": 1785218199.2525573, "x": 4.381621397815573, "y": -1.6538586781007605, "zone": "wh_forbidden_zone", "min_dist": 0.0}
{"t": 1785218199.404704, "x": 4.381621398566136, "y": -1.653772800753662, "zone": "wh_forbidden_zone", "min_dist": 0.0}
{"t": 1785218199.5565455, "x": 4.3816214176031965, "y": -1.6536348809203754, "zone": "wh_forbidden_zone", "min_dist": 0.0}
{"t": 1785218199.7083645, "x": 4.381621461996537, "y": -1.653500124418556, "zone": "wh_forbidden_zone", "min_dist": 0.0}
{"t": 1785218199.8609114, "x": 4.381621690647311, "y": -1.6539617720431468, "zone": "wh_forbidden_zone", "min_dist": 0.0}
{"t": 1785218200.0131354, "x": 4.381624415789794, "y": -1.6534491800821587, "zone": "wh_forbidden_zone", "min_dist": 0.0}
{"t": 1785218200.189479, "x": 4.381626520654773, "y": -1.6527539819644665, "zone": "wh_forbidden_zone", "min_dist": 0.0}
{"t": 1785218200.3415651, "x": 4.381626818053936, "y": -1.6526071542320502, "zone": "wh_forbidden_zone", "min_dist": 0.0}
{"t": 1785218200.494046, "x": 4.381625660720083, "y": -1.6531459347960629, "zone": "wh_forbidden_zone", "min_dist": 0.0}
{"t": 1785218200.6471689, "x": 4.3816205959008006, "y": -1.6533890429553864, "zone": "wh_forbidden_zone", "min_dist": 0.0}
{"t": 1785218200.7991896, "x": 4.381614543868812, "y": -1.652912400586443, "zone": "wh_forbidden_zone", "min_dist": 0.0}
{"t": 1785218200.9510388, "x": 4.381606724102866, "y": -1.6524751796235588, "zone": "wh_forbidden_zone", "min_dist": 0.0}
{"t": 1785218201.1032395, "x": 4.381608479085029, "y": -1.6520834374333688, "zone": "wh_forbidden_zone", "min_dist": 0.0}
{"t": 1785218201.2555628, "x": 4.381611197161456, "y": -1.6517114676984501, "zone": "wh_forbidden_zone", "min_dist": 0.0}
{"t": 1785218201.40745, "x": 4.3816130266421895, "y": -1.65149457441074, "zone": "wh_forbidden_zone", "min_dist": 0.0}
{"t": 1785218201.5596044, "x": 4.381622829176381, "y": -1.6504790175032436, "zone": "wh_forbidden_zone", "min_dist": 0.0}
{"t": 1785218201.711689, "x": 4.38163645173774, "y": -1.6492089375342864, "zone": "wh_forbidden_zone", "min_dist": 0.0}
{"t": 1785218201.8643966, "x": 4.381650681126865, "y": -1.647948246681102, "zone": "wh_forbidden_zone", "min_dist": 0.0}
{"t": 1785218202.0244737, "x": 4.381666011266721, "y": -1.6466298857724975, "zone": "wh_forbidden_zone", "min_dist": 0.0}
{"t": 1785218202.1765115, "x": 4.381680872425434, "y": -1.6453844327162421, "zone": "wh_forbidden_zone", "min_dist": 0.0}
{"t": 1785218202.3300278, "x": 4.381696924476016, "y": -1.6442999977264958, "zone": "wh_forbidden_zone", "min_dist": 0.0}
{"t": 1785218202.4814851, "x": 4.381767283786699, "y": -1.6435900161677868, "zone": "wh_forbidden_zone", "min_dist": 0.0}
{"t": 1785218202.6336615, "x": 4.381911148102889, "y": -1.6403209036755535, "zone": "wh_forbidden_zone", "min_dist": 0.0}
{"t": 1785218202.7860947, "x": 4.382064297365094, "y": -1.6368753531992928, "zone": "wh_forbidden_zone", "min_dist": 0.0}
{"t": 1785218202.9380631, "x": 4.382218791997489, "y": -1.6334306596444725, "zone": "wh_forbidden_zone", "min_dist": 0.0}
{"t": 1785218203.1152365, "x": 4.3823993359221225, "y": -1.6294425214484214, "zone": "wh_forbidden_zone", "min_dist": 0.0}
{"t": 1785218203.274628, "x": 4.382565007182693, "y": -1.625817032069634, "zone": "wh_forbidden_zone", "min_dist": 0.0}
{"t": 1785218203.4268901, "x": 4.381907325080612, "y": -1.6309856504777533, "zone": "wh_forbidden_zone", "min_dist": 0.0}
{"t": 1785218203.5788057, "x": 4.382180948519064, "y": -1.6287048370641366, "zone": "wh_forbidden_zone", "min_dist": 0.0}
{"t": 1785218203.7309504, "x": 4.383236541463916, "y": -1.6213931386706617, "zone": "wh_forbidden_zone", "min_dist": 0.0}
{"t": 1785218203.8834841, "x": 4.384434284295173, "y": -1.6148632041452262, "zone": "wh_forbidden_zone", "min_dist": 0.0}
{"t": 1785218204.0357385, "x": 4.385742912936582, "y": -1.6089762249692776, "zone": "wh_forbidden_zone", "min_dist": 0.0}
{"t": 1785218204.195603, "x": 4.387120251287831, "y": -1.6037098555955764, "zone": "wh_forbidden_zone", "min_dist": 0.0}
{"t": 1785218204.3480299, "x": 4.3878298488433805, "y": -1.6012787946929026, "zone": "wh_forbidden_zone", "min_dist": 0.0}
{"t": 1785218204.5003126, "x": 4.388313765495362, "y": -1.5996001592490363, "zone": "wh_forbidden_zone", "min_dist": 0.0}
{"t": 1785218204.652569, "x": 4.388179223542837, "y": -1.599769605658004, "zone": "wh_forbidden_zone", "min_dist": 0.0}
{"t": 1785218204.8049488, "x": 4.38805553857223, "y": -1.5999631337223106, "zone": "wh_forbidden_zone", "min_dist": 0.0}
{"t": 1785218204.957253, "x": 4.387936540828648, "y": -1.6001823780173712, "zone": "wh_forbidden_zone", "min_dist": 0.0}
{"t": 1785218205.1174357, "x": 4.387812107666997, "y": -1.6004376462573544, "zone": "wh_forbidden_zone", "min_dist": 0.0}
{"t": 1785218205.26993, "x": 4.387692831782874, "y": -1.600699667620453, "zone": "wh_forbidden_zone", "min_dist": 0.0}
{"t": 1785218205.4223742, "x": 4.387223564492062, "y": -1.6023459178383186, "zone": "wh_forbidden_zone", "min_dist": 0.0}
{"t": 1785218205.5746677, "x": 4.3880794728284735, "y": -1.5995450824965882, "zone": "wh_forbidden_zone", "min_dist": 0.0}
{"t": 1785218205.7267876, "x": 4.3898215452171785, "y": -1.5944565295742448, "zone": "wh_forbidden_zone", "min_dist": 0.0}
{"t": 1785218205.8865495, "x": 4.390390476583923, "y": -1.592955542408488, "zone": "wh_forbidden_zone", "min_dist": 0.0}
{"t": 1785218206.0467143, "x": 4.390373359568078, "y": -1.5929713905015879, "zone": "wh_forbidden_zone", "min_dist": 0.0}
{"t": 1785218206.1988525, "x": 4.390073065192267, "y": -1.5937632933609707, "zone": "wh_forbidden_zone", "min_dist": 0.0}
{"t": 1785218206.3593, "x": 4.390145485798604, "y": -1.5935290671046787, "zone": "wh_forbidden_zone", "min_dist": 0.0}
{"t": 1785218206.5116506, "x": 4.390395556273206, "y": -1.5927842619480332, "zone": "wh_forbidden_zone", "min_dist": 0.0}
{"t": 1785218206.671841, "x": 4.390614242670811, "y": -1.5920517173750683, "zone": "wh_forbidden_zone", "min_dist": 0.0}
{"t": 1785218206.823928, "x": 4.390788372597897, "y": -1.5913952569564493, "zone": "wh_forbidden_zone", "min_dist": 0.0}
{"t": 1785218206.984409, "x": 4.390943752096424, "y": -1.5907380181767805, "zone": "wh_forbidden_zone", "min_dist": 0.0}
{"t": 1785218207.1372335, "x": 4.391070380529715, "y": -1.5901399228991742, "zone": "wh_forbidden_zone", "min_dist": 0.0}
{"t": 1785218207.2888653, "x": 4.391181957706894, "y": -1.5895645245104855, "zone": "wh_forbidden_zone", "min_dist": 0.0}
{"t": 1785218207.4489677, "x": 4.391288336617264, "y": -1.588979139709935, "zone": "wh_forbidden_zone", "min_dist": 0.0}
{"t": 1785218207.6093714, "x": 4.391460752529645, "y": -1.5883743092059872, "zone": "wh_forbidden_zone", "min_dist": 0.0}
{"t": 1785218207.7614753, "x": 4.389330677171674, "y": -1.5942573280521564, "zone": "wh_forbidden_zone", "min_dist": 0.0}
{"t": 1785218207.913667, "x": 4.389743338170397, "y": -1.5931639280364263, "zone": "wh_forbidden_zone", "min_dist": 0.0}
{"t": 1785218208.0656087, "x": 4.3901450410598715, "y": -1.592141716273344, "zone": "wh_forbidden_zone", "min_dist": 0.0}
{"t": 1785218208.2182126, "x": 4.391111949304462, "y": -1.5896898929548298, "zone": "wh_forbidden_zone", "min_dist": 0.0}
{"t": 1785218208.3704872, "x": 4.392226081194048, "y": -1.5869073179216227, "zone": "wh_forbidden_zone", "min_dist": 0.0}
{"t": 1785218208.5227678, "x": 4.3932013814525535, "y": -1.585078650283472, "zone": "wh_forbidden_zone", "min_dist": 0.0}
{"t": 1785218208.6749842, "x": 4.393957171409983, "y": -1.5837069426293753, "zone": "wh_forbidden_zone", "min_dist": 0.0}
{"t": 1785218208.8271127, "x": 4.394692476402337, "y": -1.5824777446129703, "zone": "wh_forbidden_zone", "min_dist": 0.0}
{"t": 1785218208.979376, "x": 4.394757462607253, "y": -1.5823580253510272, "zone": "wh_forbidden_zone", "min_dist": 0.0}
{"t": 1785218209.1314075, "x": 4.392254497665521, "y": -1.5854309423166923, "zone": "wh_forbidden_zone", "min_dist": 0.0}
{"t": 1785218209.2918375, "x": 4.39004798229865, "y": -1.5881925983010043, "zone": "wh_forbidden_zone", "min_dist": 0.0}
{"t": 1785218209.4443057, "x": 4.389025082230687, "y": -1.589508225233343, "zone": "wh_forbidden_zone", "min_dist": 0.0}
{"t": 1785218209.5965574, "x": 4.389011362315876, "y": -1.589514309705504, "zone": "wh_forbidden_zone", "min_dist": 0.0}
{"t": 1785218209.748777, "x": 4.388993732377676, "y": -1.5895197278804414, "zone": "wh_forbidden_zone", "min_dist": 0.0}
{"t": 1785218209.9089167, "x": 4.388974160441898, "y": -1.5895229137047227, "zone": "wh_forbidden_zone", "min_dist": 0.0}
{"t": 1785218210.0610838, "x": 4.388955464282963, "y": -1.5895233294841364, "zone": "wh_forbidden_zone", "min_dist": 0.0}
{"t": 1785218210.2134383, "x": 4.38893711967009, "y": -1.589521224046305, "zone": "wh_forbidden_zone", "min_dist": 0.0}
{"t": 1785218210.3657641, "x": 4.388903028502834, "y": -1.5895131044042046, "zone": "wh_forbidden_zone", "min_dist": 0.0}
{"t": 1785218210.5180547, "x": 4.388576981538417, "y": -1.589360874352721, "zone": "wh_forbidden_zone", "min_dist": 0.0}
{"t": 1785218210.6782782, "x": 4.380358216888309, "y": -1.584750515082487, "zone": "wh_forbidden_zone", "min_dist": 0.0}
{"t": 1785218210.8305402, "x": 4.364916731859585, "y": -1.5747303355086602, "zone": "wh_forbidden_zone", "min_dist": 0.0}
{"t": 1785218210.982819, "x": 4.348957323775834, "y": -1.5642707767829152, "zone": "wh_forbidden_zone", "min_dist": 0.0}
{"t": 1785218211.1429677, "x": 4.333093021895132, "y": -1.5491629156709958, "zone": "wh_forbidden_zone", "min_dist": 0.0}
{"t": 1785218211.2951632, "x": 4.321134043991709, "y": -1.5325470023136318, "zone": "wh_forbidden_zone", "min_dist": 0.0}
{"t": 1785218211.4474673, "x": 4.308023194476614, "y": -1.5077291370178711, "zone": "wh_forbidden_zone", "min_dist": 0.0}
{"t": 1785218211.5998108, "x": 4.298211594887127, "y": -1.4805711655518017, "zone": "wh_forbidden_zone", "min_dist": 0.0}
{"t": 1785218211.7517998, "x": 4.291923817314804, "y": -1.4500928719156845, "zone": "wh_forbidden_zone", "min_dist": 0.0}
{"t": 1785218211.9041698, "x": 4.289712820870894, "y": -1.4167268880113206, "zone": "wh_forbidden_zone", "min_dist": 0.0}
{"t": 1785218212.0567544, "x": 4.292176697047335, "y": -1.383411397863803, "zone": "wh_forbidden_zone", "min_dist": 0.0}
{"t": 1785218212.2087862, "x": 4.298911236863305, "y": -1.3523790995113263, "zone": "wh_forbidden_zone", "min_dist": 0.0}
{"t": 1785218212.3612828, "x": 4.310291119364756, "y": -1.3216633373743387, "zone": "wh_forbidden_zone", "min_dist": 0.0}
{"t": 1785218212.513668, "x": 4.326142671591628, "y": -1.2922247869035242, "zone": "wh_forbidden_zone", "min_dist": 0.0}
{"t": 1785218212.6654553, "x": 4.345945302063811, "y": -1.265290407333358, "zone": "wh_forbidden_zone", "min_dist": 0.0}
{"t": 1785218212.817784, "x": 4.367518783918795, "y": -1.2431026292521967, "zone": "wh_forbidden_zone", "min_dist": 0.0}
{"t": 1785218212.9703195, "x": 4.391711269986779, "y": -1.224487657967603, "zone": "wh_forbidden_zone", "min_dist": 0.0}
{"t": 1785218213.1466727, "x": 4.425154045783883, "y": -1.206005116663343, "zone": "wh_forbidden_zone", "min_dist": 0.0}
{"t": 1785218213.2984464, "x": 4.456504750478832, "y": -1.1943978258392574, "zone": "wh_forbidden_zone", "min_dist": 0.0}
{"t": 1785218213.4584398, "x": 4.490449305277579, "y": -1.1871056258475754, "zone": "wh_forbidden_zone", "min_dist": 0.0}
{"t": 1785218213.6106572, "x": 4.523129139784907, "y": -1.1849367495036278, "zone": null, "min_dist": 0.02312913978490716}
{"t": 1785218213.762569, "x": 4.556470945703586, "y": -1.1873634710825338, "zone": null, "min_dist": 0.056470945703585684}
{"t": 1785218213.914848, "x": 4.587297098986313, "y": -1.1935880741269744, "zone": null, "min_dist": 0.08729709898631288}
{"t": 1785218214.0671968, "x": 4.615813599422003, "y": -1.2026847824132954, "zone": null, "min_dist": 0.11581359942200287}
{"t": 1785218214.2197573, "x": 4.643215657777256, "y": -1.2147161830839002, "zone": null, "min_dist": 0.1432156577772563}
{"t": 1785218214.3723512, "x": 4.669203332256912, "y": -1.2295496632406224, "zone": null, "min_dist": 0.1692033322569122}
{"t": 1785218214.5241911, "x": 4.693493304686719, "y": -1.2470228682319928, "zone": null, "min_dist": 0.19349330468671866}
{"t": 1785218214.676359, "x": 4.715819143737704, "y": -1.2669439261360838, "zone": null, "min_dist": 0.21581914373770417}
{"t": 1785218214.8284512, "x": 4.735935488414033, "y": -1.2890938444565385, "zone": null, "min_dist": 0.23593548841403322}
{"t": 1785218214.9807024, "x": 4.753621109253792, "y": -1.3132290338166692, "zone": null, "min_dist": 0.25362110925379167}
{"t": 1785218215.1329207, "x": 4.768681449063895, "y": -1.3390840237859865, "zone": null, "min_dist": 0.26868144906389535}
{"t": 1785218215.3093138, "x": 4.782623615161285, "y": -1.3707950496296497, "zone": null, "min_dist": 0.28262361516128465}
{"t": 1785218215.461678, "x": 4.791494711392521, "y": -1.3993714355816278, "zone": null, "min_dist": 0.29149471139252103}
{"t": 1785218215.6141806, "x": 4.797322539016359, "y": -1.4286950999667316, "zone": null, "min_dist": 0.29732253901635897}
{"t": 1785218215.766434, "x": 4.800064027891501, "y": -1.4584800005630252, "zone": null, "min_dist": 0.30006402789150144}
{"t": 1785218215.9187021, "x": 4.799685938347271, "y": -1.4886398901271372, "zone": null, "min_dist": 0.2996859383472712}
{"t": 1785218216.070696, "x": 4.796114388479967, "y": -1.519390248229318, "zone": null, "min_dist": 0.29611438847996663}
{"t": 1785218216.2234755, "x": 4.789687554040599, "y": -1.5483088154820395, "zone": null, "min_dist": 0.289687554040599}
{"t": 1785218216.375198, "x": 4.787749248473987, "y": -1.5564638868393013, "zone": null, "min_dist": 0.287749248473987}
{"t": 1785218216.5273898, "x": 4.7905979357792345, "y": -1.5428745026678468, "zone": null, "min_dist": 0.29059793577923454}
{"t": 1785218216.6795747, "x": 4.793076301119419, "y": -1.5285666147526562, "zone": null, "min_dist": 0.2930763011194193}
{"t": 1785218216.8318183, "x": 4.795484785916961, "y": -1.5144088716022475, "zone": null, "min_dist": 0.2954847859169609}
{"t": 1785218216.9841135, "x": 4.797879139849358, "y": -1.5003242201537201, "zone": null, "min_dist": 0.2978791398493579}
{"t": 1785218217.1363883, "x": 4.800224624704895, "y": -1.4863166738259197, "zone": null, "min_dist": 0.30022462470489497}
{"t": 1785218217.2883523, "x": 4.802507760415242, "y": -1.4723725450620209, "zone": null, "min_dist": 0.3025077604152422}
{"t": 1785218217.4408786, "x": 4.804747908940317, "y": -1.4585047357983425, "zone": null, "min_dist": 0.30474790894031667}
{"t": 1785218217.5931902, "x": 4.806945261495282, "y": -1.4447079696188598, "zone": null, "min_dist": 0.3069452614952821}
{"t": 1785218217.7456088, "x": 4.805749077781407, "y": -1.4530146730641793, "zone": null, "min_dist": 0.3057490777814067}
{"t": 1785218217.906348, "x": 4.8038554455151035, "y": -1.48116583917207, "zone": null, "min_dist": 0.30385544551510346}
{"t": 1785218218.0740154, "x": 4.806141363449501, "y": -1.5136730066261397, "zone": null, "min_dist": 0.30614136344950094}
{"t": 1785218218.2345698, "x": 4.813426311544378, "y": -1.5475573057787095, "zone": null, "min_dist": 0.3134263115443776}
{"t": 1785218218.4948907, "x": 4.825332659282322, "y": -1.5793323283990148, "zone": null, "min_dist": 0.3253326592823216}
{"t": 1785218218.6511471, "x": 4.852082181026358, "y": -1.6239495349917819, "zone": null, "min_dist": 0.3520821810263577}
{"t": 1785218218.8036873, "x": 4.858857318837116, "y": -1.6325052903177009, "zone": null, "min_dist": 0.35885731883711625}
{"t": 1785218218.9560368, "x": 4.858863005131259, "y": -1.6322712498768106, "zone": null, "min_dist": 0.35886300513125935}
{"t": 1785218219.1079621, "x": 4.859422323282006, "y": -1.6324880241309174, "zone": null, "min_dist": 0.35942232328200596}
{"t": 1785218219.2682445, "x": 4.863401266824314, "y": -1.6362875575898488, "zone": null, "min_dist": 0.3634012668243143}
{"t": 1785218219.4205449, "x": 4.8802062613119, "y": -1.649798758040076, "zone": null, "min_dist": 0.3802062613119004}
{"t": 1785218219.5808468, "x": 4.916998033146358, "y": -1.6732271646179318, "zone": null, "min_dist": 0.4169980331463581}
{"t": 1785218219.7329133, "x": 4.953948513355116, "y": -1.691650463933609, "zone": null, "min_dist": 0.4539485133551162}
{"t": 1785218219.884936, "x": 4.997931984108223, "y": -1.7090665653044128, "zone": null, "min_dist": 0.4979319841082228}
{"t": 1785218220.0371819, "x": 5.036294153788534, "y": -1.7215037601440977, "zone": null, "min_dist": 0.5362941537885337}
{"t": 1785218220.1971927, "x": 5.070011369928134, "y": -1.727341909311895, "zone": null, "min_dist": 0.5700113699281344}
{"t": 1785218220.3496974, "x": 5.102821939785148, "y": -1.728753012449724, "zone": null, "min_dist": 0.602821939785148}
{"t": 1785218220.501866, "x": 5.135910302110485, "y": -1.7272910753973274, "zone": null, "min_dist": 0.635910302110485}
{"t": 1785218220.6545906, "x": 5.168977930222405, "y": -1.7237438793096493, "zone": null, "min_dist": 0.6689779302224048}
{"t": 1785218220.8063397, "x": 5.19977943450349, "y": -1.7193686092849922, "zone": null, "min_dist": 0.6997794345034896}
{"t": 1785218220.95896, "x": 5.228816699096605, "y": -1.7150189045088207, "zone": null, "min_dist": 0.7288166990966047}
{"t": 1785218221.110911, "x": 5.258627895900036, "y": -1.7103566203866747, "zone": null, "min_dist": 0.7586278959000357}
{"t": 1785218221.2635345, "x": 5.287542002327569, "y": -1.7057256529359701, "zone": null, "min_dist": 0.7875420023275694}
{"t": 1785218221.4233384, "x": 5.317097710038781, "y": -1.7010047675886621, "zone": null, "min_dist": 0.8170977100387811}
{"t": 1785218221.5998423, "x": 5.349387103226309, "y": -1.6963880956164743, "zone": null, "min_dist": 0.8493871032263094}
{"t": 1785218221.7516932, "x": 5.376728030306686, "y": -1.692890138549194, "zone": null, "min_dist": 0.876728030306686}
{"t": 1785218221.9041765, "x": 5.404073425197104, "y": -1.6888200072482142, "zone": null, "min_dist": 0.9040734251971037}
{"t": 1785218222.0645967, "x": 5.433375335214264, "y": -1.684818122152335, "zone": null, "min_dist": 0.9333753352142642}
{"t": 1785218222.224882, "x": 5.4643225161644935, "y": -1.6812668197149865, "zone": null, "min_dist": 0.9643225161644935}
{"t": 1785218222.3854759, "x": 5.496240040464459, "y": -1.6776550141757864, "zone": null, "min_dist": 0.9962400404644587}
{"t": 1785218222.5372493, "x": 5.527814526401025, "y": -1.6740820259020706, "zone": null, "min_dist": 1.0278145264010252}
{"t": 1785218222.6892736, "x": 5.5592936019784505, "y": -1.6705198380027686, "zone": null, "min_dist": 1.0592936019784505}
{"t": 1785218222.84159, "x": 5.591480603625139, "y": -1.666877538821188, "zone": null, "min_dist": 1.091480603625139}
{"t": 1785218223.002097, "x": 5.624552920709838, "y": -1.6631350545309758, "zone": null, "min_dist": 1.1245529207098377}
{"t": 1785218223.1787813, "x": 5.657625269908246, "y": -1.6593925709688286, "zone": null, "min_dist": 1.1576252699082463}
{"t": 1785218223.330582, "x": 5.687111147687264, "y": -1.6560559332353544, "zone": null, "min_dist": 1.187111147687264}
{"t": 1785218223.482347, "x": 5.715260016789497, "y": -1.6528705897979943, "zone": null, "min_dist": 1.2152600167894967}
{"t": 1785218223.6343036, "x": 5.740920312026586, "y": -1.64996685761677, "zone": null, "min_dist": 1.240920312026586}
{"t": 1785218223.7868798, "x": 5.764036782996431, "y": -1.6473509870537497, "zone": null, "min_dist": 1.2640367829964312}
{"t": 1785218223.9471524, "x": 5.792746063061092, "y": -1.6441022278638904, "zone": null, "min_dist": 1.2927460630610916}
{"t": 1785218224.099634, "x": 5.819587861843286, "y": -1.6410647946422652, "zone": null, "min_dist": 1.319587861843286}
{"t": 1785218224.2513888, "x": 5.844870026320451, "y": -1.6381952820311743, "zone": null, "min_dist": 1.344870026320451}
{"t": 1785218224.4036665, "x": 5.860830757184976, "y": -1.6361795154048637, "zone": null, "min_dist": 1.360830757184976}
{"t": 1785218224.5640867, "x": 5.865376322061393, "y": -1.6354973991469985, "zone": null, "min_dist": 1.365376322061393}
{"t": 1785218224.7163393, "x": 5.8653693015422, "y": -1.6354989988497106, "zone": null, "min_dist": 1.3653693015422004}
{"t": 1785218224.8685465, "x": 5.865357422565297, "y": -1.6355022212114683, "zone": null, "min_dist": 1.365357422565297}
{"t": 1785218225.0287216, "x": 5.865358546608052, "y": -1.6355017439801998, "zone": null, "min_dist": 1.3653585466080518}
{"t": 1785218225.181491, "x": 5.8653663133829435, "y": -1.6354985081032398, "zone": null, "min_dist": 1.3653663133829435}
{"t": 1785218225.3334453, "x": 5.865362387979059, "y": -1.6355004529136186, "zone": null, "min_dist": 1.3653623879790588}
{"t": 1785218225.4859152, "x": 5.865358467553238, "y": -1.635502730759424, "zone": null, "min_dist": 1.3653584675532384}
{"t": 1785218225.6377554, "x": 5.865353763305262, "y": -1.6355058737295975, "zone": null, "min_dist": 1.3653537633052624}
{"t": 1785218225.7899637, "x": 5.865348632857438, "y": -1.6355097732902486, "zone": null, "min_dist": 1.3653486328574376}
{"t": 1785218225.9422297, "x": 5.865343346416223, "y": -1.6355141349779412, "zone": null, "min_dist": 1.365343346416223}
{"t": 1785218226.0942934, "x": 5.865338115084703, "y": -1.6355186508843411, "zone": null, "min_dist": 1.365338115084703}
{"t": 1785218226.2468777, "x": 5.865332966555248, "y": -1.6355232911430375, "zone": null, "min_dist": 1.3653329665552478}
{"t": 1785218226.5046875, "x": 5.86532450624959, "y": -1.6355313682258683, "zone": null, "min_dist": 1.36532450624959}
{"t": 1785218226.6798851, "x": 5.8653188555794955, "y": -1.6355371010823276, "zone": null, "min_dist": 1.3653188555794955}
{"t": 1785218226.8315165, "x": 5.865314089899391, "y": -1.635542164615461, "zone": null, "min_dist": 1.3653140898993907}
{"t": 1785218226.9837794, "x": 5.865309433569796, "y": -1.635547328914093, "zone": null, "min_dist": 1.365309433569796}
{"t": 1785218227.136131, "x": 5.865304889198871, "y": -1.6355525910577011, "zone": null, "min_dist": 1.365304889198871}
{"t": 1785218227.296639, "x": 5.865300229156032, "y": -1.6355582328304576, "zone": null, "min_dist": 1.3653002291560323}
