{"t": 1785218435.1315982, "x": -4.275808451422313e-12, "y": -2.5453243575868194e-13, "zone": null, "min_dist": 1.8027756377354112}
{"t": 1785218435.283267, "x": -4.275808451422313e-12, "y": -2.5453243575868194e-13, "zone": null, "min_dist": 1.8027756377354112}
{"t": 1785218435.4354284, "x": -4.275808451422313e-12, "y": -2.5453243575868194e-13, "zone": null, "min_dist": 1.8027756377354112}
{"t": 1785218435.5875838, "x": -4.275808451422313e-12, "y": -2.5453243575868194e-13, "zone": null, "min_dist": 1.8027756377354112}
{"t": 1785218435.7402887, "x": -4.275808451422313e-12, "y": -2.5453243575868194e-13, "zone": null, "min_dist": 1.8027756377354112}
{"t": 1785218435.9177797, "x": -4.275808451422313e-12, "y": -2.5453243575868194e-13, "zone": null, "min_dist": 1.8027756377354112}
{"t": 1785218436.076841, "x": -4.275808451422313e-12, "y": -2.5453243575868194e-13, "zone": null, "min_dist": 1.8027756377354112}
{"t": 1785218436.2286956, "x": -4.275808451422313e-12, "y": -2.5453243575868194e-13, "zone": null, "min_dist": 1.8027756377354112}
{"t": 1785218436.3890786, "x": -4.275808451422313e-12, "y": -2.5453243575868194e-13, "zone": null, "min_dist": 1.8027756377354112}
{"t": 1785218436.5413768, "x": -4.275808451422313e-12, "y": -2.5453243575868194e-13, "zone": null, "min_dist": 1.8027756377354112}
{"t": 1785218436.6937976, "x": -4.275808451422313e-12, "y": -2.5453243575868194e-13, "zone": null, "min_dist": 1.8027756377354112}
{"t": 1785218436.8459399, "x": -4.275808451422313e-12, "y": -2.5453243575868194e-13, "zone": null, "min_dist": 1.8027756377354112}
{"t": 1785218437.098607, "x": -4.275808451422313e-12, "y": -2.5453243575868194e-13, "zone": null, "min_dist": 1.8027756377354112}
{"t": 1785218437.2544184, "x": -4.275808451422313e-12, "y": -2.5453243575868194e-13, "zone": null, "min_dist": 1.8027756377354112}
{"t": 1785218437.4064784, "x": -4.275808451422313e-12, "y": -2.5453243575868194e-13, "zone": null, "min_dist": 1.8027756377354112}
{"t": 1785218437.558793, "x": -4.275808451422313e-12, "y": -2.5453243575868194e-13, "zone": null, "min_dist": 1.8027756377354112}
{"t": 1785218437.7112348, "x": -4.275808451422313e-12, "y": -2.5453243575868194e-13, "zone": null, "min_dist": 1.8027756377354112}
{"t": 1785218437.863434, "x": -4.275808451422313e-12, "y": -2.5453243575868194e-13, "zone": null, "min_dist": 1.8027756377354112}
{"t": 1785218438.0156562, "x": 0.00038381144052154173, "y": -8.924197401357792e-08, "zone": null, "min_dist": 1.802456250372174}
{"t": 1785218438.1675596, "x": 0.014684888326835626, "y": -0.00017288540555993672, "zone": null, "min_dist": 1.7904790532265125}
{"t": 1785218438.3200638, "x": 0.04082153010894454, "y": -0.0011908100485210004, "zone": null, "min_dist": 1.7682821055830238}
{"t": 1785218438.4722402, "x": 0.07166032291471752, "y": -0.0037036680166923326, "zone": null, "min_dist": 1.741482303745715}
{"t": 1785218438.6247153, "x": 0.10255514999626232, "y": -0.008186901883285538, "zone": null, "min_dist": 1.7136351217216121}
{"t": 1785218438.7769792, "x": 0.1341118462106884, "y": -0.015571931703540424, "zone": null, "min_dist": 1.6836713070881362}
{"t": 1785218438.937173, "x": 0.16563213528020537, "y": -0.02714435862190824, "zone": null, "min_dist": 1.651358742780636}
{"t": 1785218439.089379, "x": 0.19511019378336944, "y": -0.04290083740924314, "zone": null, "min_dist": 1.6182633325265712}
{"t": 1785218439.2418005, "x": 0.22194256792844574, "y": -0.06184285854815448, "zone": null, "min_dist": 1.585424114150669}
{"t": 1785218439.3937259, "x": 0.24739650175988737, "y": -0.08353303355117936, "zone": null, "min_dist": 1.5520719134097078}
{"t": 1785218439.545888, "x": 0.27150492852571007, "y": -0.10644426245526856, "zone": null, "min_dist": 1.51909249117219}
{"t": 1785218439.698337, "x": 0.2943423533547616, "y": -0.12875323422188592, "zone": null, "min_dist": 1.4875084160410517}
{"t": 1785218439.8504837, "x": 0.3189298339290413, "y": -0.1514008872889481, "zone": null, "min_dist": 1.4543201818295952}
{"t": 1785218440.0025933, "x": 0.3450696966518652, "y": -0.17222437257113044, "zone": null, "min_dist": 1.4209421152731991}
{"t": 1785218440.1548543, "x": 0.37330438962859835, "y": -0.18990152276999184, "zone": null, "min_dist": 1.387696847744695}
{"t": 1785218440.3070025, "x": 0.40098933163474587, "y": -0.20233176333516215, "zone": null, "min_dist": 1.357976091455455}
{"t": 1785218440.4592059, "x": 0.4308603070747201, "y": -0.21103366069360613, "zone": null, "min_dist": 1.32873156338927}
{"t": 1785218440.6119385, "x": 0.4630118834812008, "y": -0.2168605845177444, "zone": null, "min_dist": 1.299481318789576}
{"t": 1785218440.7635555, "x": 0.49496656914270787, "y": -0.2203934533473806, "zone": null, "min_dist": 1.2719585546409924}
{"t": 1785218440.9155414, "x": 0.5265470871923369, "y": -0.22273435565722519, "zone": null, "min_dist": 1.245693563975231}
{"t": 1785218441.0682023, "x": 0.5594410542432838, "y": -0.22443891555127846, "zone": null, "min_dist": 1.2190759312504953}
{"t": 1785218441.2204006, "x": 0.5919800839892417, "y": -0.22531935631587685, "zone": null, "min_dist": 1.1935787647118359}
{"t": 1785218441.372354, "x": 0.6236235302620557, "y": -0.2255021495532583, "zone": null, "min_dist": 1.169565148701416}
{"t": 1785218441.5246258, "x": 0.6553617273118052, "y": -0.22520942738369915, "zone": null, "min_dist": 1.1461737403660899}
{"t": 1785218441.6772475, "x": 0.688272123839663, "y": -0.2248080922399599, "zone": null, "min_dist": 1.1224191012239688}
{"t": 1785218441.829727, "x": 0.7195472707158581, "y": -0.22442669901580084, "zone": null, "min_dist": 1.1002819674277105}
{"t": 1785218441.9818172, "x": 0.7511895946279806, "y": -0.22404082813949752, "zone": null, "min_dist": 1.0783457977791004}
{"t": 1785218442.1514132, "x": 0.7870605526041099, "y": -0.22360338997073773, "zone": null, "min_dist": 1.0540751167341385}
{"t": 1785218442.3104727, "x": 0.8214142087790063, "y": -0.22318445491916206, "zone": null, "min_dist": 1.0314654948791362}
{"t": 1785218442.4627593, "x": 0.8545705251809668, "y": -0.2227801210647718, "zone": null, "min_dist": 1.01027221439435}
{"t": 1785218442.6153252, "x": 0.8851973010047488, "y": -0.22240663478769432, "zone": null, "min_dist": 0.9912788711124855}
{"t": 1785218442.7671041, "x": 0.9160380003600164, "y": -0.22203053971750056, "zone": null, "min_dist": 0.9727528453598949}
{"t": 1785218442.919453, "x": 0.9485525901030872, "y": -0.2216340317047133, "zone": null, "min_dist": 0.9539118546712128}
{"t": 1785218443.0718615, "x": 0.9809392346006681, "y": -0.22123908396656075, "zone": null, "min_dist": 0.9358913625620132}
{"t": 1785218443.223908, "x": 1.0123709579856564, "y": -0.22085578143418827, "zone": null, "min_dist": 0.9191560237197796}
{"t": 1785218443.376351, "x": 1.0444376263145512, "y": -0.2204647357810619, "zone": null, "min_dist": 0.9028910811824482}
{"t": 1785218443.5364842, "x": 1.078570712298269, "y": -0.2200484905625896, "zone": null, "min_dist": 0.8865252402534759}
{"t": 1785218443.688552, "x": 1.1107300053794495, "y": -0.2196563153568318, "zone": null, "min_dist": 0.872047816850865}
{"t": 1785218443.8411129, "x": 1.1435410564650144, "y": -0.21925619200302812, "zone": null, "min_dist": 0.8582679489248626}
{"t": 1785218443.9930937, "x": 1.1748380980117934, "y": -0.2188745318858428, "zone": null, "min_dist": 0.8461012111096102}
{"t": 1785218444.153457, "x": 1.2082435520528394, "y": -0.21846716012411266, "zone": null, "min_dist": 0.8342154426305076}
{"t": 1785218444.3055627, "x": 1.2401957476041245, "y": -0.2180775104466241, "zone": null, "min_dist": 0.8239545067734801}
{"t": 1785218444.457995, "x": 1.271811793895973, "y": -0.21768750863071054, "zone": null, "min_dist": 0.8149126895302334}
{"t": 1785218444.6107366, "x": 1.3052341739732716, "y": -0.21690453117276898, "zone": null, "min_dist": 0.8069524399155222}
{"t": 1785218444.7624903, "x": 1.3386323294579043, "y": -0.21540983716294834, "zone": null, "min_dist": 0.8010126395487487}
{"t": 1785218444.914455, "x": 1.3704038037068087, "y": -0.21331547094608116, "zone": null, "min_dist": 0.797287728706801}
{"t": 1785218445.0665214, "x": 1.4007527985340218, "y": -0.2106483083216393, "zone": null, "min_dist": 0.7955665277991013}
{"t": 1785218445.2279403, "x": 1.4328861007964886, "y": -0.20728575942903, "zone": null, "min_dist": 0.7955502137956527}
{"t": 1785218445.3873098, "x": 1.4659262272733453, "y": -0.20377561500748295, "zone": null, "min_dist": 0.7969531311467066}
{"t": 1785218445.5393682, "x": 1.498041916768911, "y": -0.20036368169801677, "zone": null, "min_dist": 0.7996387156944632}
{"t": 1785218445.6917348, "x": 1.5306214771825393, "y": -0.19690246728623859, "zone": null, "min_dist": 0.8030975327137614}
{"t": 1785218445.8437667, "x": 1.5633819592642377, "y": -0.1934220319526138, "zone": null, "min_dist": 0.8065779680473862}
{"t": 1785218446.1033044, "x": 1.5975459118231572, "y": -0.18979249361650918, "zone": null, "min_dist": 0.8102075063834908}
{"t": 1785218446.2603052, "x": 1.651139142348218, "y": -0.18409881167536385, "zone": null, "min_dist": 0.8159011883246361}
{"t": 1785218446.41267, "x": 1.683120849214284, "y": -0.18070111265145206, "zone": null, "min_dist": 0.8192988873485479}
{"t": 1785218446.5646844, "x": 1.714131180603234, "y": -0.17740661157310314, "zone": null, "min_dist": 0.8225933884268969}
{"t": 1785218446.7171056, "x": 1.7456073890727246, "y": -0.1740700094619861, "zone": null, "min_dist": 0.8259299905380139}
{"t": 1785218446.8695977, "x": 1.777681295629025, "y": -0.17106517965084442, "zone": null, "min_dist": 0.8289348203491556}
{"t": 1785218447.0294774, "x": 1.8111324039568297, "y": -0.16866335466110205, "zone": null, "min_dist": 0.831336645338898}
{"t": 1785218447.1815867, "x": 1.8445098484057132, "y": -0.16700418239302248, "zone": null, "min_dist": 0.8329958176069775}
{"t": 1785218447.3342617, "x": 1.8774490893260163, "y": -0.1660752668705207, "zone": null, "min_dist": 0.8339247331294792}
{"t": 1785218447.4944808, "x": 1.9118060290431829, "y": -0.16585013491838274, "zone": null, "min_dist": 0.8341498650816173}
{"t": 1785218447.6548784, "x": 1.9434581348789357, "y": -0.16612093808251827, "zone": null, "min_dist": 0.8338790619174817}
{"t": 1785218447.815108, "x": 1.977056791752592, "y": -0.1665392757269343, "zone": null, "min_dist": 0.8334607242730657}
{"t": 1785218447.9754143, "x": 2.0119655419102784, "y": -0.16765815358899078, "zone": null, "min_dist": 0.8323418464110093}
{"t": 1785218448.128067, "x": 2.045057747123927, "y": -0.16945166843663906, "zone": null, "min_dist": 0.8305483315633609}
{"t": 1785218448.2794046, "x": 2.0782207171287292, "y": -0.17192500361163027, "zone": null, "min_dist": 0.8280749963883698}
{"t": 1785218448.4315345, "x": 2.1102647788098174, "y": -0.17470915051500047, "zone": null, "min_dist": 0.8252908494849995}
{"t": 1785218448.583794, "x": 2.141633870786186, "y": -0.17748105014351, "zone": null, "min_dist": 0.82251894985649}
{"t": 1785218448.7363029, "x": 2.173486179036857, "y": -0.18029564851580432, "zone": null, "min_dist": 0.8197043514841957}
{"t": 1785218448.888737, "x": 2.2060548985586044, "y": -0.18317355169509955, "zone": null, "min_dist": 0.8168264483049005}
{"t": 1785218449.040446, "x": 2.2381269372792154, "y": -0.18600756624384546, "zone": null, "min_dist": 0.8139924337561546}
{"t": 1785218449.192834, "x": 2.2695565167536667, "y": -0.1887848105641186, "zone": null, "min_dist": 0.8112151894358814}
{"t": 1785218449.345089, "x": 2.302368120817296, "y": -0.19179785148015954, "zone": null, "min_dist": 0.8082021485198405}
{"t": 1785218449.4977674, "x": 2.335214198696431, "y": -0.1954466754754718, "zone": null, "min_dist": 0.8045533245245282}
{"t": 1785218449.6580136, "x": 2.3695423020641466, "y": -0.19993008234175488, "zone": null, "min_dist": 0.8000699176582451}
{"t": 1785218449.8103917, "x": 2.4026428199235177, "y": -0.2047307861355964, "zone": null, "min_dist": 0.7952692138644036}
{"t": 1785218449.962538, "x": 2.4334408966405157, "y": -0.20983369313297534, "zone": null, "min_dist": 0.7901663068670246}
{"t": 1785218450.1145804, "x": 2.4643125832269765, "y": -0.2156113259859856, "zone": null, "min_dist": 0.7843886740140145}
{"t": 1785218450.2668498, "x": 2.494141700668224, "y": -0.22136866495052265, "zone": null, "min_dist": 0.7786313350494773}
{"t": 1785218450.4190958, "x": 2.5267361629293026, "y": -0.22796702677467084, "zone": null, "min_dist": 0.7720329732253292}
{"t": 1785218450.5714352, "x": 2.5558306357273586, "y": -0.23449770829453637, "zone": null, "min_dist": 0.7655022917054637}
{"t": 1785218450.723917, "x": 2.5836938551170774, "y": -0.24124890016862197, "zone": null, "min_dist": 0.758751099831378}
{"t": 1785218450.8835912, "x": 2.6075166577528424, "y": -0.24717672205425345, "zone": null, "min_dist": 0.7528232779457465}
{"t": 1785218451.0436697, "x": 2.6272833364865624, "y": -0.252171688505622, "zone": null, "min_dist": 0.747828311494378}
{"t": 1785218451.1962204, "x": 2.656264920253698, "y": -0.25985797651075054, "zone": null, "min_dist": 0.7401420234892495}
{"t": 1785218451.3485482, "x": 2.6873990207011844, "y": -0.26881333808953356, "zone": null, "min_dist": 0.7311866619104664}
{"t": 1785218451.5003726, "x": 2.7183291191397085, "y": -0.2788424958842357, "zone": null, "min_dist": 0.7211575041157643}
{"t": 1785218451.6530988, "x": 2.7476927826570368, "y": -0.29032735049638153, "zone": null, "min_dist": 0.7096726495036185}
{"t": 1785218451.8053246, "x": 2.778180092817211, "y": -0.30408245176670573, "zone": null, "min_dist": 0.6959175482332942}
{"t": 1785218451.9575508, "x": 2.808085575085575, "y": -0.31842436724053397, "zone": null, "min_dist": 0.681575632759466}
{"t": 1785218452.1098154, "x": 2.8370101494820985, "y": -0.33300046201809824, "zone": null, "min_dist": 0.6669995379819018}
{"t": 1785218452.2618313, "x": 2.8663488923517875, "y": -0.3484672609115734, "zone": null, "min_dist": 0.6515327390884267}
{"t": 1785218452.4141943, "x": 2.895451118339435, "y": -0.3645147071928153, "zone": null, "min_dist": 0.6354852928071847}
{"t": 1785218452.5665762, "x": 2.924388718744014, "y": -0.3812881368940351, "zone": null, "min_dist": 0.6187118631059649}
{"t": 1785218452.7190194, "x": 2.9528009067618393, "y": -0.3989345184395057, "zone": null, "min_dist": 0.6010654815604943}
{"t": 1785218452.8709018, "x": 2.9800339014390795, "y": -0.41685857030973084, "zone": null, "min_dist": 0.5831414296902692}
{"t": 1785218453.0235114, "x": 3.007429299629366, "y": -0.43516118982001795, "zone": null, "min_dist": 0.564838810179982}
{"t": 1785218453.1835308, "x": 3.0366289151062955, "y": -0.4548188237694133, "zone": null, "min_dist": 0.5451811762305867}
{"t": 1785218453.3356, "x": 3.0640524089290335, "y": -0.4734691069259229, "zone": null, "min_dist": 0.5265308930740771}
{"t": 1785218453.4874864, "x": 3.090640423152579, "y": -0.49230672424333577, "zone": null, "min_dist": 0.5076932757566642}
{"t": 1785218453.6474729, "x": 3.11905585278949, "y": -0.513094023816589, "zone": null, "min_dist": 0.486905976183411}
{"t": 1785218453.8001406, "x": 3.1455000477758928, "y": -0.5327412520756818, "zone": null, "min_dist": 0.4672587479243182}
{"t": 1785218453.9602485, "x": 3.173159383701059, "y": -0.5528575326844122, "zone": null, "min_dist": 0.4471424673155878}
{"t": 1785218454.112502, "x": 3.199767184275093, "y": -0.5716382747709424, "zone": null, "min_dist": 0.4283617252290576}
{"t": 1785218454.2645226, "x": 3.2268079336064686, "y": -0.5900038470060703, "zone": null, "min_dist": 0.40999615299392966}
{"t": 1785218454.4167438, "x": 3.2545260895782184, "y": -0.6084880385820783, "zone": null, "min_dist": 0.39151196141792166}
{"t": 1785218454.5692382, "x": 3.2819047133423953, "y": -0.627042699668574, "zone": null, "min_dist": 0.37295730033142604}
{"t": 1785218454.7214644, "x": 3.308782825533941, "y": -0.6461062456639913, "zone": null, "min_dist": 0.35389375433600867}
{"t": 1785218454.8820362, "x": 3.3364782303001577, "y": -0.6665743321818621, "zone": null, "min_dist": 0.33342566781813787}
{"t": 1785218455.034083, "x": 3.3626017087616438, "y": -0.6866596589377437, "zone": null, "min_dist": 0.3133403410622563}
{"t": 1785218455.1863735, "x": 3.388475300829609, "y": -0.7072579500905236, "zone": null, "min_dist": 0.2927420499094764}
{"t": 1785218455.3386655, "x": 3.4144360384605137, "y": -0.7281427610093273, "zone": null, "min_dist": 0.2718572389906727}
{"t": 1785218455.4908226, "x": 3.440105485795409, "y": -0.7487932354975126, "zone": null, "min_dist": 0.25120676450248736}
{"t": 1785218455.6436026, "x": 3.4661607425473235, "y": -0.7697540845127633, "zone": null, "min_dist": 0.23024591548723672}
{"t": 1785218455.7955859, "x": 3.491543056103754, "y": -0.7900642524392986, "zone": null, "min_dist": 0.20993574756070144}
{"t": 1785218455.9474578, "x": 3.5166551311210004, "y": -0.8096572902245162, "zone": null, "min_dist": 0.19034270977548384}
{"t": 1785218456.1000485, "x": 3.543213261603461, "y": -0.8294972108348924, "zone": null, "min_dist": 0.17050278916510764}
{"t": 1785218456.2601812, "x": 3.5702283932910626, "y": -0.8488040787200918, "zone": null, "min_dist": 0.15119592127990822}
{"t": 1785218456.4123247, "x": 3.597233320345917, "y": -0.8675252510297445, "zone": null, "min_dist": 0.13247474897025546}
{"t": 1785218456.564467, "x": 3.6247666043371694, "y": -0.8864977375392218, "zone": null, "min_dist": 0.11350226246077821}
{"t": 1785218456.7167957, "x": 3.652392056779211, "y": -0.9053409794246282, "zone": null, "min_dist": 0.09465902057537179}
{"t": 1785218456.8690257, "x": 3.6787908508363714, "y": -0.923346487355867, "zone": null, "min_dist": 0.076653512644133}
{"t": 1785218457.021209, "x": 3.7061635401292974, "y": -0.9420162481489702, "zone": null, "min_dist": 0.057983751851029774}
{"t": 1785218457.1736171, "x": 3.7333033634401707, "y": -0.9605282613753269, "zone": null, "min_dist": 0.039471738624673125}
{"t": 1785218457.32594, "x": 3.760841978179284, "y": -0.9795068343283234, "zone": null, "min_dist": 0.020493165671676583}
{"t": 1785218457.4780097, "x": 3.787514820076301, "y": -0.9984284452152805, "zone": null, "min_dist": 0.0015715547847194866}
{"t": 1785218457.6299841, "x": 3.8143598306654987, "y": -1.0178545666444154, "zone": "wh_forbidden_zone", "min_dist": 0.0}
{"t": 1785218457.7826788, "x": 3.840803192810343, "y": -1.037516866632032, "zone": "wh_forbidden_zone", "min_dist": 0.0}
{"t": 1785218457.9348373, "x": 3.8664605962256844, "y": -1.0570061915172266, "zone": "wh_forbidden_zone", "min_dist": 0.0}
{"t": 1785218458.086695, "x": 3.8901871923526334, "y": -1.0750397374113037, "zone": "wh_forbidden_zone", "min_dist": 0.0}
{"t": 1785218458.2467136, "x": 3.9182113432052406, "y": -1.0963396653876902, "zone": "wh_forbidden_zone", "min_dist": 0.0}
{"t": 1785218458.399186, "x": 3.94416237562224, "y": -1.1160641873277513, "zone": "wh_forbidden_zone", "min_dist": 0.0}
{"t": 1785218458.5515065, "x": 3.9706252789712244, "y": -1.1363581599278485, "zone": "wh_forbidden_zone", "min_dist": 0.0}
{"t": 1785218458.7039108, "x": 3.9955833655942725, "y": -1.15613514059611, "zone": "wh_forbidden_zone", "min_dist": 0.0}
{"t": 1785218458.864031, "x": 4.022548577810569, "y": -1.1784786003990402, "zone": "wh_forbidden_zone", "min_dist": 0.0}
{"t": 1785218459.0161624, "x": 4.047102850104477, "y": -1.199758672025505, "zone": "wh_forbidden_zone", "min_dist": 0.0}
{"t": 1785218459.1684144, "x": 4.07190794599554, "y": -1.2221961722436512, "zone": "wh_forbidden_zone", "min_dist": 0.0}
{"t": 1785218459.3203812, "x": 4.096227607281491, "y": -1.2451589366306888, "zone": "wh_forbidden_zone", "min_dist": 0.0}
{"t": 1785218459.4807632, "x": 4.121290597027706, "y": -1.2698861799970502, "zone": "wh_forbidden_zone", "min_dist": 0.0}
{"t": 1785218459.6335847, "x": 4.144233720748736, "y": -1.2935392887575214, "zone": "wh_forbidden_zone", "min_dist": 0.0}
{"t": 1785218459.7854202, "x": 4.166289228286679, "y": -1.3172688358224283, "zone": "wh_forbidden_zone", "min_dist": 0.0}
{"t": 1785218459.945558, "x": 4.189124041094792, "y": -1.3429487510827975, "zone": "wh_forbidden_zone", "min_dist": 0.0}
{"t": 1785218460.1056318, "x": 4.211182192766639, "y": -1.3689066223153712, "zone": "wh_forbidden_zone", "min_dist": 0.0}
{"t": 1785218460.2659287, "x": 4.23300173795808, "y": -1.3957851285523308, "zone": "wh_forbidden_zone", "min_dist": 0.0}
{"t": 1785218460.4182022, "x": 4.252663727369301, "y": -1.4211290064074527, "zone": "wh_forbidden_zone", "min_dist": 0.0}
{"t": 1785218460.570303, "x": 4.271993006510895, "y": -1.4471632949880044, "zone": "wh_forbidden_zone", "min_dist": 0.0}
{"t": 1785218460.7229438, "x": 4.290505642545738, "y": -1.4732449952874835, "zone": "wh_forbidden_zone", "min_dist": 0.0}
{"t": 1785218460.8831446, "x": 4.308637796760281, "y": -1.500015417304261, "zone": "wh_forbidden_zone", "min_dist": 0.0}
{"t": 1785218461.0436668, "x": 4.327318558810749, "y": -1.5289845264071336, "zone": "wh_forbidden_zone", "min_dist": 0.0}
{"t": 1785218461.2038362, "x": 4.3439952863602995, "y": -1.5561647867653603, "zone": "wh_forbidden_zone", "min_dist": 0.0}
{"t": 1785218461.3557925, "x": 4.358549167167738, "y": -1.5811056320164696, "zone": "wh_forbidden_zone", "min_dist": 0.0}
{"t": 1785218461.5080757, "x": 4.360648911193135, "y": -1.5834635056877067, "zone": "wh_forbidden_zone", "min_dist": 0.0}
{"t": 1785218461.6682491, "x": 4.361287631495793, "y": -1.5833132917517723, "zone": "wh_forbidden_zone", "min_dist": 0.0}
{"t": 1785218461.8206036, "x": 4.361869141016243, "y": -1.583241800243182, "zone": "wh_forbidden_zone", "min_dist": 0.0}
{"t": 1785218461.9728012, "x": 4.362419076610064, "y": -1.5832086268506127, "zone": "wh_forbidden_zone", "min_dist": 0.0}
{"t": 1785218462.125418, "x": 4.362939660119158, "y": -1.583201946612265, "zone": "wh_forbidden_zone", "min_dist": 0.0}
{"t": 1785218462.277292, "x": 4.363435068325871, "y": -1.5832157994516665, "zone": "wh_forbidden_zone", "min_dist": 0.0}
{"t": 1785218462.4295464, "x": 4.363909460604756, "y": -1.5832463557595753, "zone": "wh_forbidden_zone", "min_dist": 0.0}
{"t": 1785218462.5816262, "x": 4.365657093309581, "y": -1.5862063937336393, "zone": "wh_forbidden_zone", "min_dist": 0.0}
{"t": 1785218462.7343001, "x": 4.36680464629358, "y": -1.589120746190768, "zone": "wh_forbidden_zone", "min_dist": 0.0}
{"t": 1785218462.8947005, "x": 4.366615616968198, "y": -1.58817476167726, "zone": "wh_forbidden_zone", "min_dist": 0.0}
{"t": 1785218463.0465655, "x": 4.366268817457077, "y": -1.5861191093702052, "zone": "wh_forbidden_zone", "min_dist": 0.0}
{"t": 1785218463.2065902, "x": 4.366086402996866, "y": -1.5837475645548427, "zone": "wh_forbidden_zone", "min_dist": 0.0}
{"t": 1785218463.3669424, "x": 4.366485871926203, "y": -1.5800331654180138, "zone": "wh_forbidden_zone", "min_dist": 0.0}
{"t": 1785218463.5188782, "x": 4.367362155235019, "y": -1.57574758632074, "zone": "wh_forbidden_zone", "min_dist": 0.0}
{"t": 1785218463.679102, "x": 4.36916743936542, "y": -1.5692122444199559, "zone": "wh_forbidden_zone", "min_dist": 0.0}
{"t": 1785218463.8314552, "x": 4.371001669530392, "y": -1.562817337930191, "zone": "wh_forbidden_zone", "min_dist": 0.0}
{"t": 1785218463.9918585, "x": 4.373024193405128, "y": -1.5561008215564778, "zone": "wh_forbidden_zone", "min_dist": 0.0}
{"t": 1785218464.1439285, "x": 4.376631018295438, "y": -1.5484124520876423, "zone": "wh_forbidden_zone", "min_dist": 0.0}
{"t": 1785218464.296269, "x": 4.379233022505145, "y": -1.5443867839132226, "zone": "wh_forbidden_zone", "min_dist": 0.0}
{"t": 1785218464.4485765, "x": 4.381377280051038, "y": -1.541658158079256, "zone": "wh_forbidden_zone", "min_dist": 0.0}
{"t": 1785218464.6007795, "x": 4.374532934859437, "y": -1.549041173066568, "zone": "wh_forbidden_zone", "min_dist": 0.0}
{"t": 1785218464.7526207, "x": 4.35941842137586, "y": -1.565318338927456, "zone": "wh_forbidden_zone", "min_dist": 0.0}
{"t": 1785218464.9048607, "x": 4.343850732086247, "y": -1.583413407283662, "zone": "wh_forbidden_zone", "min_dist": 0.0}
{"t": 1785218465.0571504, "x": 4.344745083862979, "y": -1.5822968013729628, "zone": "wh_forbidden_zone", "min_dist": 0.0}
{"t": 1785218465.233655, "x": 4.344388116313957, "y": -1.5823120700100566, "zone": "wh_forbidden_zone", "min_dist": 0.0}
{"t": 1785218465.3860085, "x": 4.3443006907436965, "y": -1.5824153876687348, "zone": "wh_forbidden_zone", "min_dist": 0.0}
{"t": 1785218465.5460658, "x": 4.3421809203641875, "y": -1.5845255322575558, "zone": "wh_forbidden_zone", "min_dist": 0.0}
{"t": 1785218465.706562, "x": 4.339440075095345, "y": -1.5868733624486153, "zone": "wh_forbidden_zone", "min_dist": 0.0}
{"t": 1785218465.8588989, "x": 4.337165329723594, "y": -1.588925567770074, "zone": "wh_forbidden_zone", "min_dist": 0.0}
{"t": 1785218467.1709425, "x": 4.335185930564331, "y": -1.590965772891209, "zone": "wh_forbidden_zone", "min_dist": 0.0}
{"t": 1785218467.3250673, "x": 4.198035149302537, "y": -1.6372722965503042, "zone": "wh_forbidden_zone", "min_dist": 0.0}
{"t": 1785218467.4771843, "x": 4.19803514872989, "y": -1.6372722967299163, "zone": "wh_forbidden_zone", "min_dist": 0.0}
{"t": 1785218467.6293643, "x": 4.198035148127912, "y": -1.6372722969124167, "zone": "wh_forbidden_zone", "min_dist": 0.0}
{"t": 1785218467.7818868, "x": 4.198035147912783, "y": -1.637272296977471, "zone": "wh_forbidden_zone", "min_dist": 0.0}
{"t": 1785218467.9337902, "x": 4.1980351478192395, "y": -1.6372722970060873, "zone": "wh_forbidden_zone", "min_dist": 0.0}
{"t": 1785218468.0941556, "x": 4.19803514778187, "y": -1.6372722970177234, "zone": "wh_forbidden_zone", "min_dist": 0.0}
{"t": 1785218468.2463324, "x": 4.19803514776378, "y": -1.6372722970234364, "zone": "wh_forbidden_zone", "min_dist": 0.0}
{"t": 1785218468.3985178, "x": 4.198035147748807, "y": -1.6372722970282052, "zone": "wh_forbidden_zone", "min_dist": 0.0}
{"t": 1785218468.5509734, "x": 4.198035147734751, "y": -1.6372722970327063, "zone": "wh_forbidden_zone", "min_dist": 0.0}
{"t": 1785218468.7112818, "x": 4.198035147728173, "y": -1.637272297034817, "zone": "wh_forbidden_zone", "min_dist": 0.0}
{"t": 1785218468.8636518, "x": 4.198035147715001, "y": -1.6372722970390474, "zone": "wh_forbidden_zone", "min_dist": 0.0}
{"t": 1785218469.0155606, "x": 4.198024120176137, "y": -1.6372758182753862, "zone": "wh_forbidden_zone", "min_dist": 0.0}
{"t": 1785218469.175725, "x": 4.196597005925974, "y": -1.6378036188966913, "zone": "wh_forbidden_zone", "min_dist": 0.0}
{"t": 1785218469.3273237, "x": 4.18920439252762, "y": -1.6408440503727484, "zone": "wh_forbidden_zone", "min_dist": 0.0}
{"t": 1785218469.4876606, "x": 4.162885794401374, "y": -1.6509893325005371, "zone": "wh_forbidden_zone", "min_dist": 0.0}
{"t": 1785218469.6398814, "x": 4.141211916104659, "y": -1.6587110488669796, "zone": "wh_forbidden_zone", "min_dist": 0.0}
{"t": 1785218469.792947, "x": 4.143418239064173, "y": -1.6575463857425632, "zone": "wh_forbidden_zone", "min_dist": 0.0}
{"t": 1785218469.9443963, "x": 4.13867692642968, "y": -1.6593277147109828, "zone": "wh_forbidden_zone", "min_dist": 0.0}
{"t": 1785218470.0968509, "x": 4.133081931322025, "y": -1.6612963808668073, "zone": "wh_forbidden_zone", "min_dist": 0.0}
{"t": 1785218470.2488422, "x": 4.127472920249756, "y": -1.6631581274561893, "zone": "wh_forbidden_zone", "min_dist": 0.0}
{"t": 1785218470.4012742, "x": 4.121884376201717, "y": -1.66498405666526, "zone": "wh_forbidden_zone", "min_dist": 0.0}
{"t": 1785218470.553293, "x": 4.118696988695687, "y": -1.6659981800045374, "zone": "wh_forbidden_zone", "min_dist": 0.0}
{"t": 1785218470.7054892, "x": 4.118696988293366, "y": -1.6659981801176065, "zone": "wh_forbidden_zone", "min_dist": 0.0}
{"t": 1785218470.8578587, "x": 4.118696988184602, "y": -1.6659981801521726, "zone": "wh_forbidden_zone", "min_dist": 0.0}
{"t": 1785218471.0101364, "x": 4.118696988180747, "y": -1.6659981801569197, "zone": "wh_forbidden_zone", "min_dist": 0.0}
{"t": 1785218471.162629, "x": 4.118696988207126, "y": -1.665998180152906, "zone": "wh_forbidden_zone", "min_dist": 0.0}
{"t": 1785218471.3145287, "x": 4.1186969882371205, "y": -1.6659981801467387, "zone": "wh_forbidden_zone", "min_dist": 0.0}
{"t": 1785218471.4669585, "x": 4.118696988499291, "y": -1.6659981800777521, "zone": "wh_forbidden_zone", "min_dist": 0.0}
{"t": 1785218471.6274936, "x": 4.1186969884339835, "y": -1.6659981800945982, "zone": "wh_forbidden_zone", "min_dist": 0.0}
{"t": 1785218471.7873597, "x": 4.118696988414553, "y": -1.66599818009972, "zone": "wh_forbidden_zone", "min_dist": 0.0}
{"t": 1785218471.9393415, "x": 4.11869698841322, "y": -1.6659981801000923, "zone": "wh_forbidden_zone", "min_dist": 0.0}
{"t": 1785218472.0914774, "x": 4.118696988415707, "y": -1.665998180099376, "zone": "wh_forbidden_zone", "min_dist": 0.0}
{"t": 1785218472.2439442, "x": 4.118696988416277, "y": -1.665998180099103, "zone": "wh_forbidden_zone", "min_dist": 0.0}
{"t": 1785218472.4047327, "x": 4.118696988416277, "y": -1.665998180099103, "zone": "wh_forbidden_zone", "min_dist": 0.0}
{"t": 1785218472.5564518, "x": 4.118696988413753, "y": -1.6659981800995487, "zone": "wh_forbidden_zone", "min_dist": 0.0}
{"t": 1785218472.7163546, "x": 4.118696988404299, "y": -1.6659981801016939, "zone": "wh_forbidden_zone", "min_dist": 0.0}
{"t": 1785218472.86839, "x": 4.118696988404299, "y": -1.6659981801016939, "zone": "wh_forbidden_zone", "min_dist": 0.0}
{"t": 1785218473.0205317, "x": 4.118696988404299, "y": -1.6659981801016939, "zone": "wh_forbidden_zone", "min_dist": 0.0}
{"t": 1785218473.172962, "x": 4.118696988377718, "y": -1.665998180108145, "zone": "wh_forbidden_zone", "min_dist": 0.0}
{"t": 1785218473.3253756, "x": 4.118696988377718, "y": -1.665998180108145, "zone": "wh_forbidden_zone", "min_dist": 0.0}
{"t": 1785218473.4776077, "x": 4.118696988377718, "y": -1.665998180108145, "zone": "wh_forbidden_zone", "min_dist": 0.0}
{"t": 1785218473.637753, "x": 4.118696988377718, "y": -1.665998180108145, "zone": "wh_forbidden_zone", "min_dist": 0.0}
{"t": 1785218473.7894325, "x": 4.118696988829676, "y": -1.6659981799899548, "zone": "wh_forbidden_zone", "min_dist": 0.0}
{"t": 1785218473.9422603, "x": 4.118696988829676, "y": -1.6659981799899548, "zone": "wh_forbidden_zone", "min_dist": 0.0}
{"t": 1785218474.1187673, "x": 4.118696988829676, "y": -1.6659981799899548, "zone": "wh_forbidden_zone", "min_dist": 0.0}
{"t": 1785218474.2793627, "x": 4.118696988829676, "y": -1.6659981799899548, "zone": "wh_forbidden_zone", "min_dist": 0.0}
{"t": 1785218474.4551609, "x": 4.118696988829676, "y": -1.6659981799899548, "zone": "wh_forbidden_zone", "min_dist": 0.0}
{"t": 1785218474.6074917, "x": 4.118696988829676, "y": -1.6659981799899548, "zone": "wh_forbidden_zone", "min_dist": 0.0}
{"t": 1785218474.7678308, "x": 4.118696988829676, "y": -1.6659981799899548, "zone": "wh_forbidden_zone", "min_dist": 0.0}
{"t": 1785218474.9202127, "x": 4.123991253724026, "y": -1.6646159785852694, "zone": "wh_forbidden_zone", "min_dist": 0.0}
{"t": 1785218475.0725603, "x": 4.140462856434754, "y": -1.66031565198356, "zone": "wh_forbidden_zone", "min_dist": 0.0}
{"t": 1785218475.224753, "x": 4.162523414667478, "y": -1.6545561878107238, "zone": "wh_forbidden_zone", "min_dist": 0.0}
{"t": 1785218475.385143, "x": 4.1857450621660774, "y": -1.6484935907940883, "zone": "wh_forbidden_zone", "min_dist": 0.0}
{"t": 1785218475.5376518, "x": 4.207805626641719, "y": -1.6427341227123602, "zone": "wh_forbidden_zone", "min_dist": 0.0}
{"t": 1785218475.6976862, "x": 4.231027273664717, "y": -1.6366715239794076, "zone": "wh_forbidden_zone", "min_dist": 0.0}
{"t": 1785218475.849481, "x": 4.253087838750411, "y": -1.6309120547388976, "zone": "wh_forbidden_zone", "min_dist": 0.0}
{"t": 1785218476.0017176, "x": 4.275148404082822, "y": -1.6251525852711923, "zone": "wh_forbidden_zone", "min_dist": 0.0}
{"t": 1785218476.162325, "x": 4.29837005191714, "y": -1.6190899857100889, "zone": "wh_forbidden_zone", "min_dist": 0.0}
{"t": 1785218476.3144205, "x": 4.320430617400184, "y": -1.613330516070431, "zone": "wh_forbidden_zone", "min_dist": 0.0}
{"t": 1785218476.4666092, "x": 4.342491182895807, "y": -1.60757104640337, "zone": "wh_forbidden_zone", "min_dist": 0.0}
{"t": 1785218476.618955, "x": 4.364551748394863, "y": -1.6018115767222363, "zone": "wh_forbidden_zone", "min_dist": 0.0}
{"t": 1785218476.771281, "x": 4.386612313894493, "y": -1.5960521070337492, "zone": "wh_forbidden_zone", "min_dist": 0.0}
{"t": 1785218476.9234893, "x": 4.408672879393964, "y": -1.5902926373413675, "zone": "wh_forbidden_zone", "min_dist": 0.0}
{"t": 1785218477.075586, "x": 4.430733444893183, "y": -1.584533167646902, "zone": "wh_forbidden_zone", "min_dist": 0.0}
{"t": 1785218477.2279756, "x": 4.452794010392205, "y": -1.5787736979513145, "zone": "wh_forbidden_zone", "min_dist": 0.0}
{"t": 1785218477.380404, "x": 4.4748545758911025, "y": -1.5730142282551187, "zone": "wh_forbidden_zone", "min_dist": 0.0}
{"t": 1785218477.5565553, "x": 4.499098157011271, "y": -1.5666848269235174, "zone": "wh_forbidden_zone", "min_dist": 0.0}
{"t": 1785218477.7087963, "x": 4.510995672733476, "y": -1.563578678400408, "zone": null, "min_dist": 0.010995672733476347}
{"t": 1785218477.8609118, "x": 4.514672436135718, "y": -1.562618765767531, "zone": null, "min_dist": 0.014672436135717781}
{"t": 1785218478.0132635, "x": 4.518349198257709, "y": -1.561658853468899, "zone": null, "min_dist": 0.018349198257708643}
{"t": 1785218478.165486, "x": 4.522025959988603, "y": -1.5606989412723737, "zone": null, "min_dist": 0.022025959988602573}
{"t": 1785218478.318089, "x": 4.5257027215991625, "y": -1.5597390291072644, "zone": null, "min_dist": 0.025702721599162537}
{"t": 1785218478.4698284, "x": 4.529379483172694, "y": -1.558779116951821, "zone": null, "min_dist": 0.029379483172694343}
{"t": 1785218478.6222606, "x": 4.533056244734836, "y": -1.557819204799352, "zone": null, "min_dist": 0.03305624473483615}
{"t": 1785218478.774332, "x": 4.536733006293472, "y": -1.556859292647798, "zone": null, "min_dist": 0.036733006293472314}
{"t": 1785218478.926572, "x": 4.54040976785103, "y": -1.5558993804965255, "zone": null, "min_dist": 0.04040976785103023}
{"t": 1785218479.0790296, "x": 4.544086529408256, "y": -1.5549394683453388, "zone": null, "min_dist": 0.04408652940825597}
{"t": 1785218479.2314012, "x": 4.547763290965379, "y": -1.5539795561941792, "zone": null, "min_dist": 0.04776329096537868}
{"t": 1785218479.3832738, "x": 4.551440052522469, "y": -1.5530196440430275, "zone": null, "min_dist": 0.051440052522469415}
{"t": 1785218479.5354223, "x": 4.555116814079555, "y": -1.5520597318918774, "zone": null, "min_dist": 0.05511681407955482}
{"t": 1785218479.6883495, "x": 4.55879357563664, "y": -1.5510998197407273, "zone": null, "min_dist": 0.05879357563664023}
{"t": 1785218479.8401883, "x": 4.562470337193726, "y": -1.5501399075895772, "zone": null, "min_dist": 0.062470337193725634}
{"t": 1785218479.9926205, "x": 4.566147098750811, "y": -1.549179995438427, "zone": null, "min_dist": 0.06614709875081104}
{"t": 1785218480.1524243, "x": 4.570017374074059, "y": -1.5481695615951112, "zone": null, "min_dist": 0.07001737407405884}
{"t": 1785218480.3046756, "x": 4.573129685035646, "y": -1.5473570006873922, "zone": null, "min_dist": 0.07312968503564576}
{"t": 1785218480.4571118, "x": 4.5731376789863685, "y": -1.547354823313942, "zone": null, "min_dist": 0.07313767898636847}
{"t": 1785218480.61733, "x": 4.573146012732702, "y": -1.5473523040677677, "zone": null, "min_dist": 0.07314601273270238}
{"t": 1785218480.7694955, "x": 4.573153565644004, "y": -1.5473496123445913, "zone": null, "min_dist": 0.0731535656440041}
{"t": 1785218480.9213605, "x": 4.573160436273809, "y": -1.5473466295872353, "zone": null, "min_dist": 0.07316043627380875}
{"t": 1785218481.073431, "x": 4.573166763237159, "y": -1.5473432221740429, "zone": null, "min_dist": 0.07316676323715932}
{"t": 1785218481.233921, "x": 4.573173022847118, "y": -1.5473389615683013, "zone": null, "min_dist": 0.07317302284711769}
{"t": 1785218481.3938563, "x": 4.573178787284325, "y": -1.5473338941267296, "zone": null, "min_dist": 0.07317878728432525}
{"t": 1785218481.5462594, "x": 4.573183612493055, "y": -1.5473283112030327, "zone": null, "min_dist": 0.07318361249305472}
{"t": 1785218481.7065713, "x": 4.573187821478542, "y": -1.5473217488619728, "zone": null, "min_dist": 0.07318782147854197}
{"t": 1785218481.858883, "x": 4.573190890169389, "y": -1.5473150062797734, "zone": null, "min_dist": 0.07319089016938918}
{"t": 1785218482.0109067, "x": 4.573192991422801, "y": -1.5473079022449694, "zone": null, "min_dist": 0.07319299142280133}
{"t": 1785218482.1635535, "x": 4.5731940843052055, "y": -1.5473005750159383, "zone": null, "min_dist": 0.07319408430520546}
{"t": 1785218482.3153145, "x": 4.573194147574937, "y": -1.5472931669909318, "zone": null, "min_dist": 0.07319414757493714}
{"t": 1785218482.4674506, "x": 4.57319318000679, "y": -1.547285822195237, "zone": null, "min_dist": 0.07319318000678976}
{"t": 1785218482.6280503, "x": 4.573191068822842, "y": -1.5472783159628294, "zone": null, "min_dist": 0.0731910688228421}
{"t": 1785218482.7808473, "x": 4.5731880658459545, "y": -1.5472715436353168, "zone": null, "min_dist": 0.0731880658459545}
{"t": 1785218482.9325798, "x": 4.573184181882583, "y": -1.5472652666815658, "zone": null, "min_dist": 0.07318418188258313}
{"t": 1785218483.084909, "x": 4.573179592160372, "y": -1.5472596020229352, "zone": null, "min_dist": 0.07317959216037195}
{"t": 1785218483.2370098, "x": 4.573174400336549, "y": -1.547254534010398, "zone": null, "min_dist": 0.07317440033654865}
{"t": 1785218483.3974662, "x": 4.573168452785574, "y": -1.5472498722537076, "zone": null, "min_dist": 0.07316845278557427}
{"t": 1785218483.5494778, "x": 4.573162395356917, "y": -1.5472460418717477, "zone": null, "min_dist": 0.07316239535691693}
{"t": 1785218483.7018595, "x": 4.573155991496205, "y": -1.547242823891728, "zone": null, "min_dist": 0.073155991496205}
{"t": 1785218483.8539705, "x": 4.573149302954241, "y": -1.5472402493511466, "zone": null, "min_dist": 0.07314930295424116}
{"t": 1785218484.0060933, "x": 4.5731423941683795, "y": -1.5472383430537837, "zone": null, "min_dist": 0.07314239416837953}
{"t": 1785218484.1583369, "x": 4.573135331745556, "y": -1.547237123383186, "zone": null, "min_dist": 0.07313533174555609}
{"t": 1785218484.3103755, "x": 4.573128183709467, "y": -1.547236602093514, "zone": null, "min_dist": 0.07312818370946683}
{"t": 1785218484.4625854, "x": 4.573121018993005, "y": -1.547236784217556, "zone": null, "min_dist": 0.07312101899300494}
{"t": 1785218484.6144, "x": 4.573113906657852, "y": -1.5472376680013011, "zone": null, "min_dist": 0.07311390665785211}
{"t": 1785218484.766874, "x": 4.573106915243533, "y": -1.547239244930958, "zone": null, "min_dist": 0.07310691524353263}
{"t": 1785218484.9191248, "x": 4.573100112121662, "y": -1.5472414998135162, "zone": null, "min_dist": 0.07310011212166234}
{"t": 1785218485.0713713, "x": 4.5730935628980145, "y": -1.5472444109060446, "zone": null, "min_dist": 0.0730935628980145}
{"t": 1785218485.2238326, "x": 4.573087330688306, "y": -1.5472479501523944, "zone": null, "min_dist": 0.0730873306883062}
{"t": 1785218485.376046, "x": 4.573081475555843, "y": -1.5472520834409451, "zone": null, "min_dist": 0.07308147555584288}
{"t": 1785218485.5363998, "x": 4.573075781594977, "y": -1.547257032170317, "zone": null, "min_dist": 0.07307578159497741}
{"t": 1785218485.6886952, "x": 4.573070872644594, "y": -1.5472622541532184, "zone": null, "min_dist": 0.07307087264459433}
{"t": 1785218485.8410845, "x": 4.57306649938946, "y": -1.5472679323228324, "zone": null, "min_dist": 0.0730664993894603}
{"t": 1785218486.0012615, "x": 4.573062520952038, "y": -1.547274341954349, "zone": null, "min_dist": 0.07306252095203813}
{"t": 1785218486.1533325, "x": 4.573059373205754, "y": -1.5472807808185498, "zone": null, "min_dist": 0.07305937320575406}
{"t": 1785218486.3056371, "x": 4.573056872001287, "y": -1.5472874972820525, "zone": null, "min_dist": 0.07305687200128741}
{"t": 1785218486.4578574, "x": 4.573055041431748, "y": -1.5472944266451096, "zone": null, "min_dist": 0.0730550414317479}
{"t": 1785218486.618161, "x": 4.573053858328125, "y": -1.5473018772663292, "zone": null, "min_dist": 0.07305385832812483}
{"t": 1785218486.7710495, "x": 4.573053452313802, "y": -1.5473090328342534, "zone": null, "min_dist": 0.07305345231380223}
{"t": 1785218486.922691, "x": 4.573053749898639, "y": -1.5473161937606914, "zone": null, "min_dist": 0.073053749898639}
{"t": 1785218487.0744822, "x": 4.573054748214326, "y": -1.5473232909864212, "zone": null, "min_dist": 0.073054748214326}
{"t": 1785218487.2267885, "x": 4.573056437634573, "y": -1.5473302561010827, "zone": null, "min_dist": 0.07305643763457326}
{"t": 1785218487.3790843, "x": 4.573058801872501, "y": -1.547337021977331, "zone": null, "min_dist": 0.07305880187250136}
{"t": 1785218487.5312712, "x": 4.5730618181519445, "y": -1.5473435234386013, "zone": null, "min_dist": 0.07306181815194446}
{"t": 1785218487.6840065, "x": 4.573065457423238, "y": -1.5473496978514916, "zone": null, "min_dist": 0.07306545742323767}
{"t": 1785218487.835914, "x": 4.573069684548901, "y": -1.5473554856026326, "zone": null, "min_dist": 0.07306968454890139}
{"t": 1785218487.9881434, "x": 4.573074458906879, "y": -1.547360831063732, "zone": null, "min_dist": 0.0730744589068788}
{"t": 1785218488.1404889, "x": 4.573079734276053, "y": -1.5473656824946502, "zone": null, "min_dist": 0.07307973427605319}
{"t": 1785218488.2927139, "x": 4.573085460010118, "y": -1.5473699933277005, "zone": null, "min_dist": 0.07308546001011784}
{"t": 1785218488.4447873, "x": 4.573091580837997, "y": -1.5473737219425043, "zone": null, "min_dist": 0.07309158083799705}
{"t": 1785218488.5969877, "x": 4.573098037830812, "y": -1.5473768324333372, "zone": null, "min_dist": 0.07309803783081215}
{"t": 1785218488.7497845, "x": 4.5731047686543125, "y": -1.5473792947765865, "zone": null, "min_dist": 0.07310476865431248}
