{"t": 1785220637.9469392, "x": -4.2697696337921186e-12, "y": -2.539054055935758e-13, "zone": null, "min_dist": 1.8027756377354065}
{"t": 1785220638.0988445, "x": -4.2697696337921186e-12, "y": -2.539054055935758e-13, "zone": null, "min_dist": 1.8027756377354065}
{"t": 1785220638.251551, "x": -4.2697696337921186e-12, "y": -2.539054055935758e-13, "zone": null, "min_dist": 1.8027756377354065}
{"t": 1785220638.4036093, "x": -4.2697696337921186e-12, "y": -2.539054055935758e-13, "zone": null, "min_dist": 1.8027756377354065}
{"t": 1785220638.5561254, "x": -4.2697696337921186e-12, "y": -2.539054055935758e-13, "zone": null, "min_dist": 1.8027756377354065}
{"t": 1785220638.7080593, "x": -4.2697696337921186e-12, "y": -2.539054055935758e-13, "zone": null, "min_dist": 1.8027756377354065}
{"t": 1785220638.8607335, "x": -4.2697696337921186e-12, "y": -2.539054055935758e-13, "zone": null, "min_dist": 1.8027756377354065}
{"t": 1785220639.0209928, "x": -4.2697696337921186e-12, "y": -2.539054055935758e-13, "zone": null, "min_dist": 1.8027756377354065}
{"t": 1785220639.1735053, "x": -4.2697696337921186e-12, "y": -2.539054055935758e-13, "zone": null, "min_dist": 1.8027756377354065}
{"t": 1785220639.3256557, "x": -4.2697696337921186e-12, "y": -2.539054055935758e-13, "zone": null, "min_dist": 1.8027756377354065}
{"t": 1785220639.477325, "x": -4.2697696337921186e-12, "y": -2.539054055935758e-13, "zone": null, "min_dist": 1.8027756377354065}
{"t": 1785220639.629909, "x": -4.2697696337921186e-12, "y": -2.539054055935758e-13, "zone": null, "min_dist": 1.8027756377354065}
{"t": 1785220639.7820685, "x": -4.2697696337921186e-12, "y": -2.539054055935758e-13, "zone": null, "min_dist": 1.8027756377354065}
{"t": 1785220640.0324485, "x": -4.2697696337921186e-12, "y": -2.539054055935758e-13, "zone": null, "min_dist": 1.8027756377354065}
{"t": 1785220640.1910474, "x": -4.2697696337921186e-12, "y": -2.539054055935758e-13, "zone": null, "min_dist": 1.8027756377354065}
{"t": 1785220640.3514252, "x": -4.2697696337921186e-12, "y": -2.539054055935758e-13, "zone": null, "min_dist": 1.8027756377354065}
{"t": 1785220640.5033455, "x": -4.2697696337921186e-12, "y": -2.539054055935758e-13, "zone": null, "min_dist": 1.8027756377354065}
{"t": 1785220640.655383, "x": -4.2697696337921186e-12, "y": -2.539054055935758e-13, "zone": null, "min_dist": 1.8027756377354065}
{"t": 1785220640.8073325, "x": -4.2697696337921186e-12, "y": -2.539054055935758e-13, "zone": null, "min_dist": 1.8027756377354065}
{"t": 1785220640.9599042, "x": -4.2697696337921186e-12, "y": -2.539054055935758e-13, "zone": null, "min_dist": 1.8027756377354065}
{"t": 1785220641.1123872, "x": -4.2697696337921186e-12, "y": -2.539054055935758e-13, "zone": null, "min_dist": 1.8027756377354065}
{"t": 1785220641.2644584, "x": -4.2697696337921186e-12, "y": -2.539054055935758e-13, "zone": null, "min_dist": 1.8027756377354065}
{"t": 1785220641.4169648, "x": -4.2697696337921186e-12, "y": -2.539054055935758e-13, "zone": null, "min_dist": 1.8027756377354065}
{"t": 1785220641.568698, "x": 0.0013446797671280127, "y": -1.410226541747342e-06, "zone": null, "min_dist": 1.80165616819947}
{"t": 1785220641.720856, "x": 0.017845182051862273, "y": -0.000245179420684369, "zone": null, "min_dist": 1.7878178334602373}
{"t": 1785220641.8732786, "x": 0.041377909934452214, "y": -0.001170819944603484, "zone": null, "min_dist": 1.7678343057417238}
{"t": 1785220642.0260375, "x": 0.06590194212872456, "y": -0.0027616541477792547, "zone": null, "min_dist": 1.7467459912729832}
{"t": 1785220642.1860435, "x": 0.09252032248581617, "y": -0.0051779963218113135, "zone": null, "min_dist": 1.7235631295713298}
{"t": 1785220642.3383558, "x": 0.11683583115495394, "y": -0.00800674222643068, "zone": null, "min_dist": 1.702114491285773}
{"t": 1785220642.490425, "x": 0.1425615986140809, "y": -0.011656976287033513, "zone": null, "min_dist": 1.6791250537346076}
{"t": 1785220642.6435065, "x": 0.17033348985445296, "y": -0.01631131297985455, "zone": null, "min_dist": 1.6539820014661755}
{"t": 1785220642.8034487, "x": 0.20209862256611819, "y": -0.022485742836585863, "zone": null, "min_dist": 1.6248329478757222}
{"t": 1785220642.9556494, "x": 0.2335698324072897, "y": -0.029443909752828654, "zone": null, "min_dist": 1.5955640048913036}
{"t": 1785220643.1074975, "x": 0.2645102367979625, "y": -0.03706266269751317, "zone": null, "min_dist": 1.5664237199902937}
{"t": 1785220643.259929, "x": 0.29497355024439725, "y": -0.0453395868601008, "zone": null, "min_dist": 1.5373565783600873}
{"t": 1785220643.412312, "x": 0.32331969045184367, "y": -0.05380819360291482, "zone": null, "min_dist": 1.5099190327204053}
{"t": 1785220643.5642476, "x": 0.3516790624076665, "y": -0.0630197604236771, "zone": null, "min_dist": 1.4820839871847478}
{"t": 1785220643.7163181, "x": 0.38187920193892105, "y": -0.07351095474512119, "zone": null, "min_dist": 1.4520936850059094}
{"t": 1785220643.8686275, "x": 0.4103966559371685, "y": -0.08404101855131765, "zone": null, "min_dist": 1.4234522482645537}
{"t": 1785220644.020869, "x": 0.4394432851098631, "y": -0.09514475768509847, "zone": null, "min_dist": 1.3941103094961025}
{"t": 1785220644.1731732, "x": 0.4691853131042707, "y": -0.1063006689293379, "zone": null, "min_dist": 1.3642864116731828}
{"t": 1785220644.3251297, "x": 0.49931669556909924, "y": -0.11682651555880885, "zone": null, "min_dist": 1.334676919477797}
{"t": 1785220644.477641, "x": 0.5306012738862316, "y": -0.126389871332366, "zone": null, "min_dist": 1.3049630443432783}
{"t": 1785220644.6300547, "x": 0.5627873975840194, "y": -0.13442979151800624, "zone": null, "min_dist": 1.2757661415552997}
{"t": 1785220644.7902188, "x": 0.5969244597221508, "y": -0.14101787609779548, "zone": null, "min_dist": 1.2463529679154584}
{"t": 1785220644.9515414, "x": 0.6314938108535935, "y": -0.1463078766749525, "zone": null, "min_dist": 1.2178231571179956}
{"t": 1785220645.110611, "x": 0.6662794337652495, "y": -0.15070702318859663, "zone": null, "min_dist": 1.1901212303895632}
{"t": 1785220645.2637916, "x": 0.699242121325206, "y": -0.1535409674171281, "zone": null, "min_dist": 1.1652064512784366}
{"t": 1785220645.4156764, "x": 0.7323338864768222, "y": -0.15463482304777737, "zone": null, "min_dist": 1.1419078527863984}
{"t": 1785220645.576047, "x": 0.7672767137609349, "y": -0.1535457971317764, "zone": null, "min_dist": 1.119539249758692}
{"t": 1785220645.7276232, "x": 0.7996531723597775, "y": -0.15051533583555085, "zone": null, "min_dist": 1.1009586157691442}
{"t": 1785220645.8795629, "x": 0.8319218420160651, "y": -0.146004375386741, "zone": null, "min_dist": 1.0842679336924972}
{"t": 1785220646.0397737, "x": 0.866348545831347, "y": -0.14014900045509712, "zone": null, "min_dist": 1.068109501309869}
{"t": 1785220646.1922119, "x": 0.8987484320047529, "y": -0.13422995348298683, "zone": null, "min_dist": 1.0540688883857707}
{"t": 1785220646.3446033, "x": 0.9313628743641117, "y": -0.12824639623134548, "zone": null, "min_dist": 1.0408182004245896}
{"t": 1785220646.4965413, "x": 0.9624598481016052, "y": -0.12254123938253822, "zone": null, "min_dist": 1.0290205495942641}
{"t": 1785220646.6487641, "x": 0.9945772912287077, "y": -0.11664886362859067, "zone": null, "min_dist": 1.017723609174107}
{"t": 1785220646.8254216, "x": 1.0319222923379059, "y": -0.10989220852226375, "zone": null, "min_dist": 1.0056781895117215}
{"t": 1785220646.9855683, "x": 1.0659197282358646, "y": -0.10442257147184615, "zone": null, "min_dist": 0.9952309344187037}
{"t": 1785220647.137502, "x": 1.0978030841537898, "y": -0.09989791639041593, "zone": null, "min_dist": 0.9858732778783074}
{"t": 1785220647.289605, "x": 1.1294922893266182, "y": -0.09554736687144197, "zone": null, "min_dist": 0.9773998819529356}
{"t": 1785220647.4420152, "x": 1.161846844307755, "y": -0.09124002382835517, "zone": null, "min_dist": 0.9696351122953996}
{"t": 1785220647.594272, "x": 1.1936554805497097, "y": -0.08758563847941819, "zone": null, "min_dist": 0.9624691848086567}
{"t": 1785220647.7464645, "x": 1.2264380700068165, "y": -0.08401240443809802, "zone": null, "min_dist": 0.9559651692215936}
{"t": 1785220647.8988614, "x": 1.258988257093562, "y": -0.08046625295600567, "zone": null, "min_dist": 0.9505940101702554}
{"t": 1785220648.0593376, "x": 1.2914601517806634, "y": -0.07698006159144784, "zone": null, "min_dist": 0.946284669111294}
{"t": 1785220648.2117743, "x": 1.3231578996929478, "y": -0.07393581497798957, "zone": null, "min_dist": 0.9427979652192138}
{"t": 1785220648.3636029, "x": 1.3548523199334899, "y": -0.07155835858861695, "zone": null, "min_dist": 0.9397189635924952}
{"t": 1785220648.5158644, "x": 1.3876042753080748, "y": -0.06980462008550009, "zone": null, "min_dist": 0.9369611751525802}
{"t": 1785220648.6683571, "x": 1.4210025348106887, "y": -0.06873187818032223, "zone": null, "min_dist": 0.9346127081437994}
{"t": 1785220648.8203971, "x": 1.45409608221594, "y": -0.06836668976307131, "zone": null, "min_dist": 0.9327635254505524}
{"t": 1785220648.9724517, "x": 1.4872611636947712, "y": -0.06865874260559754, "zone": null, "min_dist": 0.9314283738835736}
{"t": 1785220649.124695, "x": 1.5204766277373445, "y": -0.06964719136826661, "zone": null, "min_dist": 0.9303528086317334}
{"t": 1785220649.2770996, "x": 1.553631530730389, "y": -0.07134268597906135, "zone": null, "min_dist": 0.9286573140209387}
{"t": 1785220649.4374523, "x": 1.5887136160982556, "y": -0.07390884309573158, "zone": null, "min_dist": 0.9260911569042685}
{"t": 1785220649.597754, "x": 1.6235445222401164, "y": -0.07724752170237131, "zone": null, "min_dist": 0.9227524782976286}
{"t": 1785220649.7495944, "x": 1.6565457414660687, "y": -0.08114209385588567, "zone": null, "min_dist": 0.9188579061441143}
{"t": 1785220649.902108, "x": 1.6893375216489095, "y": -0.08569087847602463, "zone": null, "min_dist": 0.9143091215239754}
{"t": 1785220650.054466, "x": 1.7223748867273463, "y": -0.09091281552537768, "zone": null, "min_dist": 0.9090871844746223}
{"t": 1785220650.2145913, "x": 1.756730930765058, "y": -0.09703963022742057, "zone": null, "min_dist": 0.9029603697725794}
{"t": 1785220650.3669894, "x": 1.7892340806664173, "y": -0.10349363076009434, "zone": null, "min_dist": 0.8965063692399057}
{"t": 1785220650.5190394, "x": 1.8216908188876, "y": -0.11059059893392266, "zone": null, "min_dist": 0.8894094010660774}
{"t": 1785220650.679232, "x": 1.8556844401242407, "y": -0.11874783259459015, "zone": null, "min_dist": 0.8812521674054099}
{"t": 1785220650.8317273, "x": 1.8878042157770114, "y": -0.12714110160790165, "zone": null, "min_dist": 0.8728588983920984}
{"t": 1785220650.9835806, "x": 1.9197756363490637, "y": -0.13617622346188576, "zone": null, "min_dist": 0.8638237765381143}
{"t": 1785220651.1357555, "x": 1.9515336650818818, "y": -0.1458254792170443, "zone": null, "min_dist": 0.8541745207829556}
{"t": 1785220651.2883523, "x": 1.9831586957995928, "y": -0.156122442574423, "zone": null, "min_dist": 0.843877557425577}
{"t": 1785220651.4403367, "x": 2.014485542190156, "y": -0.16700347643555657, "zone": null, "min_dist": 0.8329965235644434}
{"t": 1785220651.592866, "x": 2.0456527512411404, "y": -0.17852072993664658, "zone": null, "min_dist": 0.8214792700633534}
{"t": 1785220651.7450309, "x": 2.0766808517119704, "y": -0.19067246694711282, "zone": null, "min_dist": 0.8093275330528872}
{"t": 1785220651.8971288, "x": 2.1070858364673817, "y": -0.20326739892943707, "zone": null, "min_dist": 0.7967326010705629}
{"t": 1785220652.0497952, "x": 2.137734428385296, "y": -0.21666141192490962, "zone": null, "min_dist": 0.7833385880750904}
{"t": 1785220652.2018116, "x": 2.1678908614678534, "y": -0.2305436809914159, "zone": null, "min_dist": 0.7694563190085841}
{"t": 1785220652.362475, "x": 2.199380816496755, "y": -0.2457991342432512, "zone": null, "min_dist": 0.7542008657567488}
{"t": 1785220652.538407, "x": 2.2335380614974105, "y": -0.263223240989507, "zone": null, "min_dist": 0.736776759010493}
{"t": 1785220652.6904187, "x": 2.262966537701485, "y": -0.27890832916997826, "zone": null, "min_dist": 0.7210916708300217}
{"t": 1785220652.8425448, "x": 2.2924883747770766, "y": -0.2946075930939355, "zone": null, "min_dist": 0.7053924069060644}
{"t": 1785220653.0027137, "x": 2.3236141639903463, "y": -0.31048096783945245, "zone": null, "min_dist": 0.6895190321605476}
{"t": 1785220653.1550958, "x": 2.3536243220377657, "y": -0.32463612328801034, "zone": null, "min_dist": 0.6753638767119896}
{"t": 1785220653.3074427, "x": 2.3823714980055857, "y": -0.3369432613345524, "zone": null, "min_dist": 0.6630567386654476}
{"t": 1785220653.459616, "x": 2.411356893008464, "y": -0.34857454000045895, "zone": null, "min_dist": 0.651425459999541}
{"t": 1785220653.6117237, "x": 2.441397558516306, "y": -0.3598939073515431, "zone": null, "min_dist": 0.640106092648457}
{"t": 1785220653.7639832, "x": 2.471030860931369, "y": -0.37033994882904464, "zone": null, "min_dist": 0.6296600511709554}
{"t": 1785220653.9161036, "x": 2.5026909166990268, "y": -0.38095692873044706, "zone": null, "min_dist": 0.6190430712695529}
{"t": 1785220654.068584, "x": 2.5343456098629606, "y": -0.3914220966993383, "zone": null, "min_dist": 0.6085779033006617}
{"t": 1785220654.2207906, "x": 2.565967638063993, "y": -0.40125109699648204, "zone": null, "min_dist": 0.598748903003518}
{"t": 1785220654.373068, "x": 2.5979636123405614, "y": -0.41049233242602273, "zone": null, "min_dist": 0.5895076675739772}
{"t": 1785220654.5254636, "x": 2.6289291900799827, "y": -0.4189860793344818, "zone": null, "min_dist": 0.5810139206655183}
{"t": 1785220654.6858158, "x": 2.661420718311737, "y": -0.4278764768353374, "zone": null, "min_dist": 0.5721235231646626}
{"t": 1785220654.8378434, "x": 2.6929217974223167, "y": -0.436534921948215, "zone": null, "min_dist": 0.5634650780517849}
{"t": 1785220654.997924, "x": 2.726245809472015, "y": -0.44621951512805796, "zone": null, "min_dist": 0.5537804848719421}
{"t": 1785220655.1504374, "x": 2.755687342614037, "y": -0.45508463832721063, "zone": null, "min_dist": 0.5449153616727893}
{"t": 1785220655.3024058, "x": 2.7870479015439757, "y": -0.46395868892697445, "zone": null, "min_dist": 0.5360413110730256}
{"t": 1785220655.454778, "x": 2.8187157272636436, "y": -0.4725887107841778, "zone": null, "min_dist": 0.5274112892158223}
{"t": 1785220655.6071825, "x": 2.8505245263304118, "y": -0.4816302154248705, "zone": null, "min_dist": 0.5183697845751295}
{"t": 1785220655.75923, "x": 2.8819971637320934, "y": -0.49061832234342023, "zone": null, "min_dist": 0.5093816776565798}
{"t": 1785220655.9115047, "x": 2.91259581822964, "y": -0.499545905700952, "zone": null, "min_dist": 0.5004540942990481}
{"t": 1785220656.0639524, "x": 2.944433783668534, "y": -0.5094706855759711, "zone": null, "min_dist": 0.4905293144240289}
{"t": 1785220656.2160394, "x": 2.9751945723402504, "y": -0.5192055073145021, "zone": null, "min_dist": 0.4807944926854979}
{"t": 1785220656.368183, "x": 3.0070566837890795, "y": -0.5293696344946797, "zone": null, "min_dist": 0.47063036550532034}
{"t": 1785220656.5205026, "x": 3.0386449200937986, "y": -0.5400700965290967, "zone": null, "min_dist": 0.45992990347090335}
{"t": 1785220656.6729198, "x": 3.069037908480641, "y": -0.5509980261898042, "zone": null, "min_dist": 0.4490019738101958}
{"t": 1785220656.8252304, "x": 3.0996503065008403, "y": -0.5621466097305233, "zone": null, "min_dist": 0.43785339026947667}
{"t": 1785220656.9854808, "x": 3.1324785054694932, "y": -0.5746026829704974, "zone": null, "min_dist": 0.42539731702950256}
{"t": 1785220657.1378174, "x": 3.1621198277710714, "y": -0.5863023772202949, "zone": null, "min_dist": 0.4136976227797051}
{"t": 1785220657.289892, "x": 3.192814856091966, "y": -0.5982430944569244, "zone": null, "min_dist": 0.40175690554307564}
{"t": 1785220657.4421186, "x": 3.2241082368100233, "y": -0.6097255521418292, "zone": null, "min_dist": 0.3902744478581708}
{"t": 1785220657.6024544, "x": 3.257403410570895, "y": -0.6211204529354295, "zone": null, "min_dist": 0.3788795470645705}
{"t": 1785220657.754423, "x": 3.28926385154743, "y": -0.6312488933237086, "zone": null, "min_dist": 0.3687511066762914}
{"t": 1785220657.9062355, "x": 3.31965354956245, "y": -0.6403783003079923, "zone": null, "min_dist": 0.35962169969200775}
{"t": 1785220658.0670176, "x": 3.35183823458316, "y": -0.6500039631681921, "zone": null, "min_dist": 0.3499960368318079}
{"t": 1785220658.2186852, "x": 3.3830192227184726, "y": -0.6593294445400268, "zone": null, "min_dist": 0.34067055545997316}
{"t": 1785220658.3710487, "x": 3.414816245859351, "y": -0.6688466017912645, "zone": null, "min_dist": 0.33115339820873546}
{"t": 1785220658.5232325, "x": 3.4455139524698577, "y": -0.678291162145111, "zone": null, "min_dist": 0.321708837854889}
{"t": 1785220658.6756413, "x": 3.476770225278334, "y": -0.6886248763399156, "zone": null, "min_dist": 0.31137512366008435}
{"t": 1785220658.8277051, "x": 3.50820838981799, "y": -0.6997587852867629, "zone": null, "min_dist": 0.30024121471323706}
{"t": 1785220658.9800847, "x": 3.5394036145863694, "y": -0.7115562095680139, "zone": null, "min_dist": 0.2884437904319861}
{"t": 1785220659.132421, "x": 3.5702335254845177, "y": -0.7236897932428487, "zone": null, "min_dist": 0.27631020675715134}
{"t": 1785220659.284242, "x": 3.6013450121239874, "y": -0.7359498502141254, "zone": null, "min_dist": 0.2640501497858746}
{"t": 1785220659.436529, "x": 3.6323622689700326, "y": -0.7481873375954936, "zone": null, "min_dist": 0.2518126624045064}
{"t": 1785220659.588665, "x": 3.6620559183399477, "y": -0.7601932410349925, "zone": null, "min_dist": 0.23980675896500747}
{"t": 1785220659.7494097, "x": 3.6941230041471864, "y": -0.7739695410692637, "zone": null, "min_dist": 0.22603045893073626}
{"t": 1785220659.901593, "x": 3.723691113258989, "y": -0.7874255992637179, "zone": null, "min_dist": 0.2125744007362821}
{"t": 1785220660.0618227, "x": 3.7545225784348424, "y": -0.8022815376469058, "zone": null, "min_dist": 0.1977184623530942}
{"t": 1785220660.2141683, "x": 3.784485270078452, "y": -0.8171312781164987, "zone": null, "min_dist": 0.18286872188350134}
{"t": 1785220660.3665383, "x": 3.8143504737282385, "y": -0.8321886409533976, "zone": null, "min_dist": 0.16781135904660238}
{"t": 1785220660.526693, "x": 3.8454187454883018, "y": -0.8486839852701077, "zone": null, "min_dist": 0.1513160147298923}
{"t": 1785220660.6865914, "x": 3.875488915304343, "y": -0.8655221105091773, "zone": null, "min_dist": 0.13447788949082273}
{"t": 1785220660.8390489, "x": 3.9033765349547833, "y": -0.8819589539303077, "zone": null, "min_dist": 0.11804104606969235}
{"t": 1785220660.991179, "x": 3.9316379013735205, "y": -0.8994387496749713, "zone": null, "min_dist": 0.10056125032502872}
{"t": 1785220661.143365, "x": 3.9594665275822414, "y": -0.9174825566517275, "zone": null, "min_dist": 0.08251744334827249}
{"t": 1785220661.295839, "x": 3.9864204559094776, "y": -0.9357872357285522, "zone": null, "min_dist": 0.06421276427144784}
{"t": 1785220661.4480073, "x": 4.012522293268437, "y": -0.9543442334955522, "zone": null, "min_dist": 0.0456557665044478}
{"t": 1785220661.6004784, "x": 4.038026220070901, "y": -0.9733111144204573, "zone": null, "min_dist": 0.026688885579542743}
{"t": 1785220661.7523944, "x": 4.0626324022485365, "y": -0.9926247124879257, "zone": null, "min_dist": 0.00737528751207428}
{"t": 1785220661.9044836, "x": 4.084458755856455, "y": -1.0116619510987555, "zone": "wh_forbidden_zone", "min_dist": 0.0}
{"t": 1785220662.0568504, "x": 4.1054816338982825, "y": -1.0322581589249489, "zone": "wh_forbidden_zone", "min_dist": 0.0}
{"t": 1785220662.2094705, "x": 4.1238919424504985, "y": -1.0522032855083465, "zone": "wh_forbidden_zone", "min_dist": 0.0}
{"t": 1785220662.361476, "x": 4.142062651650872, "y": -1.0735671969549907, "zone": "wh_forbidden_zone", "min_dist": 0.0}
{"t": 1785220662.5133755, "x": 4.161273736188518, "y": -1.0979322706839523, "zone": "wh_forbidden_zone", "min_dist": 0.0}
{"t": 1785220662.6657362, "x": 4.180051945072956, "y": -1.1247905992629392, "zone": "wh_forbidden_zone", "min_dist": 0.0}
{"t": 1785220662.818382, "x": 4.194036341116826, "y": -1.1470507342519949, "zone": "wh_forbidden_zone", "min_dist": 0.0}
{"t": 1785220662.9706233, "x": 4.205790633296891, "y": -1.1669417185925466, "zone": "wh_forbidden_zone", "min_dist": 0.0}
{"t": 1785220663.1227124, "x": 4.220025723375417, "y": -1.193118838390836, "zone": "wh_forbidden_zone", "min_dist": 0.0}
{"t": 1785220663.2746792, "x": 4.231808858805529, "y": -1.2177117372032142, "zone": "wh_forbidden_zone", "min_dist": 0.0}
{"t": 1785220663.426493, "x": 4.2448706395338105, "y": -1.2471526365299068, "zone": "wh_forbidden_zone", "min_dist": 0.0}
{"t": 1785220663.5789633, "x": 4.257059029699052, "y": -1.276320051434684, "zone": "wh_forbidden_zone", "min_dist": 0.0}
{"t": 1785220663.73155, "x": 4.268590258714643, "y": -1.305625297160464, "zone": "wh_forbidden_zone", "min_dist": 0.0}
{"t": 1785220663.8836582, "x": 4.279909072606354, "y": -1.336307265917165, "zone": "wh_forbidden_zone", "min_dist": 0.0}
{"t": 1785220664.043911, "x": 4.291140155533721, "y": -1.3689570284223946, "zone": "wh_forbidden_zone", "min_dist": 0.0}
{"t": 1785220664.1959562, "x": 4.300566929176061, "y": -1.3984330077390164, "zone": "wh_forbidden_zone", "min_dist": 0.0}
{"t": 1785220664.3482893, "x": 4.309976921689065, "y": -1.4296584784130846, "zone": "wh_forbidden_zone", "min_dist": 0.0}
{"t": 1785220664.500729, "x": 4.318906147833659, "y": -1.4594514951616082, "zone": "wh_forbidden_zone", "min_dist": 0.0}
{"t": 1785220664.6528778, "x": 4.328211073090788, "y": -1.4904980582912486, "zone": "wh_forbidden_zone", "min_dist": 0.0}
{"t": 1785220664.8052726, "x": 4.3363840814106815, "y": -1.5177678995550765, "zone": "wh_forbidden_zone", "min_dist": 0.0}
{"t": 1785220664.9575117, "x": 4.3452673559771195, "y": -1.5474075949146706, "zone": "wh_forbidden_zone", "min_dist": 0.0}
{"t": 1785220665.1175232, "x": 4.354244373827555, "y": -1.5776000766902745, "zone": "wh_forbidden_zone", "min_dist": 0.0}
{"t": 1785220665.2699733, "x": 4.361597453333285, "y": -1.6040014909582447, "zone": "wh_forbidden_zone", "min_dist": 0.0}
{"t": 1785220665.4221735, "x": 4.363014391432737, "y": -1.6092025889681667, "zone": "wh_forbidden_zone", "min_dist": 0.0}
{"t": 1785220665.574584, "x": 4.364258802283817, "y": -1.6137163563160615, "zone": "wh_forbidden_zone", "min_dist": 0.0}
{"t": 1785220665.726492, "x": 4.36550938610975, "y": -1.6181978689502399, "zone": "wh_forbidden_zone", "min_dist": 0.0}
{"t": 1785220665.8785324, "x": 4.366764460232809, "y": -1.6226539011594128, "zone": "wh_forbidden_zone", "min_dist": 0.0}
{"t": 1785220666.0309696, "x": 4.368028623820734, "y": -1.6270946741224486, "zone": "wh_forbidden_zone", "min_dist": 0.0}
{"t": 1785220666.1832361, "x": 4.369302679977119, "y": -1.6315260558276294, "zone": "wh_forbidden_zone", "min_dist": 0.0}
{"t": 1785220666.3353584, "x": 4.369749596932761, "y": -1.6368842245404618, "zone": "wh_forbidden_zone", "min_dist": 0.0}
{"t": 1785220666.487861, "x": 4.369714511486844, "y": -1.639663421606211, "zone": "wh_forbidden_zone", "min_dist": 0.0}
{"t": 1785220666.6401818, "x": 4.369659826714671, "y": -1.6411648029242225, "zone": "wh_forbidden_zone", "min_dist": 0.0}
{"t": 1785220666.7923863, "x": 4.37005860187341, "y": -1.6343815638122594, "zone": "wh_forbidden_zone", "min_dist": 0.0}
{"t": 1785220667.0498128, "x": 4.370672395888683, "y": -1.6224316803880268, "zone": "wh_forbidden_zone", "min_dist": 0.0}
{"t": 1785220667.201126, "x": 4.370790858659733, "y": -1.6214680724599781, "zone": "wh_forbidden_zone", "min_dist": 0.0}
{"t": 1785220667.3534544, "x": 4.370699596668237, "y": -1.6216772655787453, "zone": "wh_forbidden_zone", "min_dist": 0.0}
{"t": 1785220667.505811, "x": 4.37051115959288, "y": -1.6205053682534432, "zone": "wh_forbidden_zone", "min_dist": 0.0}
{"t": 1785220667.6587598, "x": 4.371231053843381, "y": -1.625343158493806, "zone": "wh_forbidden_zone", "min_dist": 0.0}
{"t": 1785220667.8106868, "x": 4.372043373373307, "y": -1.6324470331228482, "zone": "wh_forbidden_zone", "min_dist": 0.0}
{"t": 1785220667.9626434, "x": 4.372653617059637, "y": -1.6406931407708985, "zone": "wh_forbidden_zone", "min_dist": 0.0}
{"t": 1785220668.1146426, "x": 4.372971738352015, "y": -1.6501099549103757, "zone": "wh_forbidden_zone", "min_dist": 0.0}
{"t": 1785220668.266762, "x": 4.372928354260124, "y": -1.6528274779996264, "zone": "wh_forbidden_zone", "min_dist": 0.0}
{"t": 1785220668.4432702, "x": 4.372820794147819, "y": -1.652221691113544, "zone": "wh_forbidden_zone", "min_dist": 0.0}
{"t": 1785220668.5955322, "x": 4.372737041711604, "y": -1.651754344819886, "zone": "wh_forbidden_zone", "min_dist": 0.0}
{"t": 1785220668.7476008, "x": 4.3726593207261235, "y": -1.653730842426244, "zone": "wh_forbidden_zone", "min_dist": 0.0}
{"t": 1785220668.9001355, "x": 4.3725876013480445, "y": -1.6532533840366723, "zone": "wh_forbidden_zone", "min_dist": 0.0}
{"t": 1785220669.052637, "x": 4.372577555654584, "y": -1.65138668315927, "zone": "wh_forbidden_zone", "min_dist": 0.0}
{"t": 1785220669.2130976, "x": 4.372510777519279, "y": -1.6529062669272587, "zone": "wh_forbidden_zone", "min_dist": 0.0}
{"t": 1785220669.3891768, "x": 4.372033689285834, "y": -1.6533982123225532, "zone": "wh_forbidden_zone", "min_dist": 0.0}
{"t": 1785220669.5413318, "x": 4.372056405929556, "y": -1.6534578666737754, "zone": "wh_forbidden_zone", "min_dist": 0.0}
{"t": 1785220669.7015705, "x": 4.372161580587204, "y": -1.6529858796311032, "zone": "wh_forbidden_zone", "min_dist": 0.0}
{"t": 1785220669.8537397, "x": 4.372461400042864, "y": -1.653173364236501, "zone": "wh_forbidden_zone", "min_dist": 0.0}
{"t": 1785220670.0060825, "x": 4.37274908103969, "y": -1.6539240059481235, "zone": "wh_forbidden_zone", "min_dist": 0.0}
{"t": 1785220670.1576054, "x": 4.37277780331118, "y": -1.651170163815361, "zone": "wh_forbidden_zone", "min_dist": 0.0}
{"t": 1785220670.310285, "x": 4.372970175112784, "y": -1.6481822174273664, "zone": "wh_forbidden_zone", "min_dist": 0.0}
{"t": 1785220670.4625108, "x": 4.3732304138931, "y": -1.6452995218650133, "zone": "wh_forbidden_zone", "min_dist": 0.0}
{"t": 1785220670.6144598, "x": 4.3735304747012735, "y": -1.6425076576862934, "zone": "wh_forbidden_zone", "min_dist": 0.0}
{"t": 1785220670.766496, "x": 4.373850241016171, "y": -1.639798774291445, "zone": "wh_forbidden_zone", "min_dist": 0.0}
{"t": 1785220670.9264338, "x": 4.374209458433125, "y": -1.6370327877943458, "zone": "wh_forbidden_zone", "min_dist": 0.0}
{"t": 1785220671.0868306, "x": 4.374589211625458, "y": -1.6343485307171686, "zone": "wh_forbidden_zone", "min_dist": 0.0}
{"t": 1785220671.2394032, "x": 4.374964824404787, "y": -1.6318671916163718, "zone": "wh_forbidden_zone", "min_dist": 0.0}
{"t": 1785220671.3914928, "x": 4.375350547083664, "y": -1.6294450429372935, "zone": "wh_forbidden_zone", "min_dist": 0.0}
{"t": 1785220671.5435848, "x": 4.375742535159412, "y": -1.6270740301809363, "zone": "wh_forbidden_zone", "min_dist": 0.0}
{"t": 1785220671.695471, "x": 4.37613775382034, "y": -1.624746223027137, "zone": "wh_forbidden_zone", "min_dist": 0.0}
{"t": 1785220671.8472097, "x": 4.376388530111502, "y": -1.6231917699816716, "zone": "wh_forbidden_zone", "min_dist": 0.0}
{"t": 1785220672.0081344, "x": 4.376174519707021, "y": -1.6249396981082838, "zone": "wh_forbidden_zone", "min_dist": 0.0}
{"t": 1785220672.1603446, "x": 4.375836534412329, "y": -1.6277474633616267, "zone": "wh_forbidden_zone", "min_dist": 0.0}
{"t": 1785220672.3369205, "x": 4.375637651561402, "y": -1.6294481945013974, "zone": "wh_forbidden_zone", "min_dist": 0.0}
{"t": 1785220672.489446, "x": 4.375551909632954, "y": -1.6302254864885624, "zone": "wh_forbidden_zone", "min_dist": 0.0}
{"t": 1785220672.6413882, "x": 4.375456732791822, "y": -1.6311218814990294, "zone": "wh_forbidden_zone", "min_dist": 0.0}
{"t": 1785220672.7940917, "x": 4.375367687746029, "y": -1.6319991220150427, "zone": "wh_forbidden_zone", "min_dist": 0.0}
{"t": 1785220673.0457246, "x": 4.375276970145325, "y": -1.6329356869628673, "zone": "wh_forbidden_zone", "min_dist": 0.0}
{"t": 1785220673.2024167, "x": 4.3751778192705215, "y": -1.6340164810318067, "zone": "wh_forbidden_zone", "min_dist": 0.0}
{"t": 1785220673.35465, "x": 4.375098521993953, "y": -1.6349304302925645, "zone": "wh_forbidden_zone", "min_dist": 0.0}
{"t": 1785220673.5068579, "x": 4.375056902945318, "y": -1.635431745119716, "zone": "wh_forbidden_zone", "min_dist": 0.0}
{"t": 1785220673.667266, "x": 4.374990910951518, "y": -1.6362586196333158, "zone": "wh_forbidden_zone", "min_dist": 0.0}
{"t": 1785220673.827458, "x": 4.374923855110121, "y": -1.6371473499725022, "zone": "wh_forbidden_zone", "min_dist": 0.0}
{"t": 1785220674.0038862, "x": 4.374848051737508, "y": -1.6382183737991936, "zone": "wh_forbidden_zone", "min_dist": 0.0}
{"t": 1785220674.1640997, "x": 4.374775692974432, "y": -1.639319775654759, "zone": "wh_forbidden_zone", "min_dist": 0.0}
{"t": 1785220674.3163102, "x": 4.374727336705756, "y": -1.6401133763838787, "zone": "wh_forbidden_zone", "min_dist": 0.0}
{"t": 1785220674.468457, "x": 4.374672713139518, "y": -1.6410733108082294, "zone": "wh_forbidden_zone", "min_dist": 0.0}
{"t": 1785220674.6203673, "x": 4.374632413239345, "y": -1.641835770713218, "zone": "wh_forbidden_zone", "min_dist": 0.0}
{"t": 1785220674.7727742, "x": 4.374589096581484, "y": -1.6427214223639963, "zone": "wh_forbidden_zone", "min_dist": 0.0}
{"t": 1785220674.9248657, "x": 4.374552568586719, "y": -1.643530412344487, "zone": "wh_forbidden_zone", "min_dist": 0.0}
{"t": 1785220675.0776873, "x": 4.37451547750653, "y": -1.6444337516048695, "zone": "wh_forbidden_zone", "min_dist": 0.0}
{"t": 1785220675.2292879, "x": 4.374481675564556, "y": -1.6453463172643001, "zone": "wh_forbidden_zone", "min_dist": 0.0}
{"t": 1785220675.3907743, "x": 4.374410852011208, "y": -1.647695658052675, "zone": "wh_forbidden_zone", "min_dist": 0.0}
{"t": 1785220675.5511317, "x": 4.374373232432592, "y": -1.649450898397512, "zone": "wh_forbidden_zone", "min_dist": 0.0}
{"t": 1785220675.7113457, "x": 4.374357688189763, "y": -1.6504995737218655, "zone": "wh_forbidden_zone", "min_dist": 0.0}
{"t": 1785220675.8711987, "x": 4.3743496577473415, "y": -1.651257606135165, "zone": "wh_forbidden_zone", "min_dist": 0.0}
{"t": 1785220676.0241833, "x": 4.3743437014469, "y": -1.652024235596291, "zone": "wh_forbidden_zone", "min_dist": 0.0}
{"t": 1785220676.1758695, "x": 4.374339785818963, "y": -1.6533385791529818, "zone": "wh_forbidden_zone", "min_dist": 0.0}
{"t": 1785220676.3283546, "x": 4.374339772628323, "y": -1.653088133071251, "zone": "wh_forbidden_zone", "min_dist": 0.0}
{"t": 1785220676.480901, "x": 4.374365237582615, "y": -1.6531836585718944, "zone": "wh_forbidden_zone", "min_dist": 0.0}
{"t": 1785220676.6330748, "x": 4.373832275068955, "y": -1.6508185379197295, "zone": "wh_forbidden_zone", "min_dist": 0.0}
{"t": 1785220676.7934647, "x": 4.3730987297233375, "y": -1.6483088581638345, "zone": "wh_forbidden_zone", "min_dist": 0.0}
{"t": 1785220678.1094425, "x": 4.372238870526014, "y": -1.6455831970988042, "zone": "wh_forbidden_zone", "min_dist": 0.0}
{"t": 1785220678.2676067, "x": 4.364895638652514, "y": -1.626021152488555, "zone": "wh_forbidden_zone", "min_dist": 0.0}
{"t": 1785220678.4197955, "x": 4.363965923914966, "y": -1.6237663417459647, "zone": "wh_forbidden_zone", "min_dist": 0.0}
{"t": 1785220678.5795093, "x": 4.362977427138598, "y": -1.6214001252368477, "zone": "wh_forbidden_zone", "min_dist": 0.0}
{"t": 1785220678.731363, "x": 4.3620298917023925, "y": -1.6191583938730836, "zone": "wh_forbidden_zone", "min_dist": 0.0}
{"t": 1785220678.8914375, "x": 4.36236314243616, "y": -1.6227611241697468, "zone": "wh_forbidden_zone", "min_dist": 0.0}
{"t": 1785220679.0438917, "x": 4.362609272686488, "y": -1.6274748064558338, "zone": "wh_forbidden_zone", "min_dist": 0.0}
{"t": 1785220679.1966634, "x": 4.362646771111036, "y": -1.6326160731394488, "zone": "wh_forbidden_zone", "min_dist": 0.0}
{"t": 1785220679.3487887, "x": 4.364114221887026, "y": -1.620064081954328, "zone": "wh_forbidden_zone", "min_dist": 0.0}
{"t": 1785220679.5011973, "x": 4.3660316640876085, "y": -1.6074002977290989, "zone": "wh_forbidden_zone", "min_dist": 0.0}
{"t": 1785220679.6537495, "x": 4.367763920527637, "y": -1.600156251412085, "zone": "wh_forbidden_zone", "min_dist": 0.0}
{"t": 1785220679.8059566, "x": 4.366242991543435, "y": -1.6060564213495951, "zone": "wh_forbidden_zone", "min_dist": 0.0}
{"t": 1785220679.9585006, "x": 4.365374227112222, "y": -1.609530657885444, "zone": "wh_forbidden_zone", "min_dist": 0.0}
{"t": 1785220680.1182709, "x": 4.364595998558829, "y": -1.6130865272137904, "zone": "wh_forbidden_zone", "min_dist": 0.0}
{"t": 1785220680.2706602, "x": 4.363669320022417, "y": -1.6178937118363628, "zone": "wh_forbidden_zone", "min_dist": 0.0}
{"t": 1785220680.4224713, "x": 4.362911046748084, "y": -1.6225052005873757, "zone": "wh_forbidden_zone", "min_dist": 0.0}
{"t": 1785220680.598689, "x": 4.362166066523707, "y": -1.627990670469702, "zone": "wh_forbidden_zone", "min_dist": 0.0}
{"t": 1785220680.750915, "x": 4.361658014073223, "y": -1.63268296891261, "zone": "wh_forbidden_zone", "min_dist": 0.0}
{"t": 1785220680.911463, "x": 4.361256502244724, "y": -1.6374216492914748, "zone": "wh_forbidden_zone", "min_dist": 0.0}
{"t": 1785220681.071667, "x": 4.360957120648205, "y": -1.6419772811868913, "zone": "wh_forbidden_zone", "min_dist": 0.0}
{"t": 1785220681.2237217, "x": 4.3607424554093965, "y": -1.646809029404845, "zone": "wh_forbidden_zone", "min_dist": 0.0}
{"t": 1785220681.3839803, "x": 4.360634555690727, "y": -1.6517093630868525, "zone": "wh_forbidden_zone", "min_dist": 0.0}
{"t": 1785220681.5367165, "x": 4.360618445658305, "y": -1.653322408521026, "zone": "wh_forbidden_zone", "min_dist": 0.0}
{"t": 1785220681.6888106, "x": 4.360679216372778, "y": -1.6533471406727964, "zone": "wh_forbidden_zone", "min_dist": 0.0}
{"t": 1785220681.8489993, "x": 4.360673521687717, "y": -1.6538558977563043, "zone": "wh_forbidden_zone", "min_dist": 0.0}
{"t": 1785220682.00099, "x": 4.360665700699373, "y": -1.6531434779270664, "zone": "wh_forbidden_zone", "min_dist": 0.0}
{"t": 1785220682.1611805, "x": 4.360661534342975, "y": -1.6521512701860936, "zone": "wh_forbidden_zone", "min_dist": 0.0}
{"t": 1785220682.3215504, "x": 4.360665346155359, "y": -1.6530657939213325, "zone": "wh_forbidden_zone", "min_dist": 0.0}
{"t": 1785220682.4735608, "x": 4.360666780673926, "y": -1.6528149508797014, "zone": "wh_forbidden_zone", "min_dist": 0.0}
{"t": 1785220682.6259568, "x": 4.360673219374235, "y": -1.6531777900854165, "zone": "wh_forbidden_zone", "min_dist": 0.0}
{"t": 1785220682.7785127, "x": 4.360680601530396, "y": -1.6532660209001073, "zone": "wh_forbidden_zone", "min_dist": 0.0}
{"t": 1785220682.9304073, "x": 4.360682616408715, "y": -1.6530623350318845, "zone": "wh_forbidden_zone", "min_dist": 0.0}
{"t": 1785220683.0837843, "x": 4.360689104275366, "y": -1.6533338138254459, "zone": "wh_forbidden_zone", "min_dist": 0.0}
{"t": 1785220683.2437968, "x": 4.360696378620717, "y": -1.653305434868852, "zone": "wh_forbidden_zone", "min_dist": 0.0}
{"t": 1785220683.3952653, "x": 4.360137342444999, "y": -1.6494455269772224, "zone": "wh_forbidden_zone", "min_dist": 0.0}
{"t": 1785220683.5473032, "x": 4.359503095980699, "y": -1.645491200034277, "zone": "wh_forbidden_zone", "min_dist": 0.0}
{"t": 1785220683.699343, "x": 4.358898202279751, "y": -1.641533008049675, "zone": "wh_forbidden_zone", "min_dist": 0.0}
{"t": 1785220683.8515813, "x": 4.358314764391284, "y": -1.6375764145668195, "zone": "wh_forbidden_zone", "min_dist": 0.0}
{"t": 1785220684.004262, "x": 4.357970480630816, "y": -1.6343844075761742, "zone": "wh_forbidden_zone", "min_dist": 0.0}
{"t": 1785220684.1644485, "x": 4.35759345357291, "y": -1.6310850491303812, "zone": "wh_forbidden_zone", "min_dist": 0.0}
{"t": 1785220684.3166008, "x": 4.356690436928226, "y": -1.6237005906973723, "zone": "wh_forbidden_zone", "min_dist": 0.0}
{"t": 1785220684.476739, "x": 4.3543880330405536, "y": -1.6099296190742878, "zone": "wh_forbidden_zone", "min_dist": 0.0}
{"t": 1785220684.6289074, "x": 4.351971287290918, "y": -1.5966747317723506, "zone": "wh_forbidden_zone", "min_dist": 0.0}
{"t": 1785220684.7812357, "x": 4.349411914436801, "y": -1.5832953074621319, "zone": "wh_forbidden_zone", "min_dist": 0.0}
{"t": 1785220684.9338422, "x": 4.346792708148841, "y": -1.5698286334956708, "zone": "wh_forbidden_zone", "min_dist": 0.0}
{"t": 1785220685.094151, "x": 4.34354862566699, "y": -1.5556276461329874, "zone": "wh_forbidden_zone", "min_dist": 0.0}
{"t": 1785220685.2462554, "x": 4.336542098754042, "y": -1.5424881735900668, "zone": "wh_forbidden_zone", "min_dist": 0.0}
{"t": 1785220685.3982885, "x": 4.3304409144361315, "y": -1.5327672478967358, "zone": "wh_forbidden_zone", "min_dist": 0.0}
{"t": 1785220685.558509, "x": 4.32555927798275, "y": -1.5254556301594224, "zone": "wh_forbidden_zone", "min_dist": 0.0}
{"t": 1785220685.71081, "x": 4.322267219386511, "y": -1.5205999159662467, "zone": "wh_forbidden_zone", "min_dist": 0.0}
{"t": 1785220685.8629537, "x": 4.320200747818707, "y": -1.5175125496199435, "zone": "wh_forbidden_zone", "min_dist": 0.0}
{"t": 1785220686.0151627, "x": 4.323037611158807, "y": -1.522346455246957, "zone": "wh_forbidden_zone", "min_dist": 0.0}
{"t": 1785220686.1674175, "x": 4.334138039105814, "y": -1.5467054041397075, "zone": "wh_forbidden_zone", "min_dist": 0.0}
{"t": 1785220686.3196428, "x": 4.342805932949567, "y": -1.5759605467767255, "zone": "wh_forbidden_zone", "min_dist": 0.0}
{"t": 1785220686.4716046, "x": 4.347979002434172, "y": -1.608340371294129, "zone": "wh_forbidden_zone", "min_dist": 0.0}
{"t": 1785220686.6240323, "x": 4.3521889569283045, "y": -1.641252602264584, "zone": "wh_forbidden_zone", "min_dist": 0.0}
{"t": 1785220686.7849226, "x": 4.352168932012894, "y": -1.6415907044288423, "zone": "wh_forbidden_zone", "min_dist": 0.0}
{"t": 1785220686.9447916, "x": 4.352442274111629, "y": -1.6374460992868003, "zone": "wh_forbidden_zone", "min_dist": 0.0}
{"t": 1785220687.1048923, "x": 4.353276205276868, "y": -1.6287446622326, "zone": "wh_forbidden_zone", "min_dist": 0.0}
{"t": 1785220687.281376, "x": 4.354669552687671, "y": -1.6190307559056631, "zone": "wh_forbidden_zone", "min_dist": 0.0}
{"t": 1785220687.4336042, "x": 4.3553482551526725, "y": -1.6153098595013538, "zone": "wh_forbidden_zone", "min_dist": 0.0}
{"t": 1785220687.593424, "x": 4.355412945617138, "y": -1.614978509645132, "zone": "wh_forbidden_zone", "min_dist": 0.0}
{"t": 1785220687.7533417, "x": 4.354892813572956, "y": -1.6183543959888502, "zone": "wh_forbidden_zone", "min_dist": 0.0}
{"t": 1785220687.9057295, "x": 4.354535998977231, "y": -1.621763390508063, "zone": "wh_forbidden_zone", "min_dist": 0.0}
{"t": 1785220688.066128, "x": 4.354417115361015, "y": -1.6163072061651635, "zone": "wh_forbidden_zone", "min_dist": 0.0}
{"t": 1785220688.2184536, "x": 4.353180947023803, "y": -1.6014886821906542, "zone": "wh_forbidden_zone", "min_dist": 0.0}
{"t": 1785220688.3704152, "x": 4.350742759083316, "y": -1.5851026310120815, "zone": "wh_forbidden_zone", "min_dist": 0.0}
{"t": 1785220688.5231826, "x": 4.347952962771724, "y": -1.5724138192529962, "zone": "wh_forbidden_zone", "min_dist": 0.0}
{"t": 1785220688.6752524, "x": 4.344789964279922, "y": -1.561968524730797, "zone": "wh_forbidden_zone", "min_dist": 0.0}
{"t": 1785220688.8353307, "x": 4.342156187195644, "y": -1.5559755374723847, "zone": "wh_forbidden_zone", "min_dist": 0.0}
{"t": 1785220688.9871898, "x": 4.3399140440314214, "y": -1.552223763006602, "zone": "wh_forbidden_zone", "min_dist": 0.0}
{"t": 1785220689.1393673, "x": 4.338459529189827, "y": -1.550467561856412, "zone": "wh_forbidden_zone", "min_dist": 0.0}
{"t": 1785220689.31604, "x": 4.337864837449851, "y": -1.54996195110116, "zone": "wh_forbidden_zone", "min_dist": 0.0}
{"t": 1785220689.4681957, "x": 4.337694478230369, "y": -1.5498571921736164, "zone": "wh_forbidden_zone", "min_dist": 0.0}
{"t": 1785220689.6284838, "x": 4.337773572080863, "y": -1.549885208180493, "zone": "wh_forbidden_zone", "min_dist": 0.0}
{"t": 1785220689.7806985, "x": 4.337836183334267, "y": -1.5498953165553417, "zone": "wh_forbidden_zone", "min_dist": 0.0}
{"t": 1785220689.932773, "x": 4.337913648400463, "y": -1.5498948312664238, "zone": "wh_forbidden_zone", "min_dist": 0.0}
{"t": 1785220690.0856597, "x": 4.338024432339707, "y": -1.549876030971291, "zone": "wh_forbidden_zone", "min_dist": 0.0}
{"t": 1785220690.2374744, "x": 4.338174703688451, "y": -1.549824293695802, "zone": "wh_forbidden_zone", "min_dist": 0.0}
{"t": 1785220690.3976235, "x": 4.338378573938589, "y": -1.5497127360959304, "zone": "wh_forbidden_zone", "min_dist": 0.0}
{"t": 1785220690.549969, "x": 4.338613459174608, "y": -1.5495269634178372, "zone": "wh_forbidden_zone", "min_dist": 0.0}
{"t": 1785220690.7024786, "x": 4.33887964173548, "y": -1.5492337576894248, "zone": "wh_forbidden_zone", "min_dist": 0.0}
{"t": 1785220690.8552036, "x": 4.339159464297836, "y": -1.5488000803134325, "zone": "wh_forbidden_zone", "min_dist": 0.0}
{"t": 1785220691.0070333, "x": 4.339423992053423, "y": -1.5481906460912502, "zone": "wh_forbidden_zone", "min_dist": 0.0}
{"t": 1785220691.1593878, "x": 4.339630731323436, "y": -1.5473701852309893, "zone": "wh_forbidden_zone", "min_dist": 0.0}
{"t": 1785220691.3194268, "x": 4.3397218314737955, "y": -1.5462432505974835, "zone": "wh_forbidden_zone", "min_dist": 0.0}
{"t": 1785220691.47156, "x": 4.339609346055207, "y": -1.544897717040655, "zone": "wh_forbidden_zone", "min_dist": 0.0}
{"t": 1785220691.624367, "x": 4.339207662280744, "y": -1.5432695402511383, "zone": "wh_forbidden_zone", "min_dist": 0.0}
{"t": 1785220691.7762835, "x": 4.338468793291885, "y": -1.5414911315057822, "zone": "wh_forbidden_zone", "min_dist": 0.0}
{"t": 1785220691.9284256, "x": 4.338519316240937, "y": -1.5415720110311928, "zone": "wh_forbidden_zone", "min_dist": 0.0}
{"t": 1785220692.0807102, "x": 4.3385417960500945, "y": -1.5415996325629184, "zone": "wh_forbidden_zone", "min_dist": 0.0}
{"t": 1785220692.2325811, "x": 4.338568438144948, "y": -1.541624364158536, "zone": "wh_forbidden_zone", "min_dist": 0.0}
{"t": 1785220692.384965, "x": 4.338598275601672, "y": -1.5416451493567112, "zone": "wh_forbidden_zone", "min_dist": 0.0}
{"t": 1785220692.5374515, "x": 4.338630652934187, "y": -1.5416615401971188, "zone": "wh_forbidden_zone", "min_dist": 0.0}
{"t": 1785220692.6891994, "x": 4.338664953355659, "y": -1.541673244037177, "zone": "wh_forbidden_zone", "min_dist": 0.0}
{"t": 1785220692.8418117, "x": 4.338700535965723, "y": -1.541680052140919, "zone": "wh_forbidden_zone", "min_dist": 0.0}
{"t": 1785220692.9938877, "x": 4.338736734628236, "y": -1.5416818376946575, "zone": "wh_forbidden_zone", "min_dist": 0.0}
{"t": 1785220693.1543658, "x": 4.3387747545678845, "y": -1.5416782480160836, "zone": "wh_forbidden_zone", "min_dist": 0.0}
{"t": 1785220693.3062553, "x": 4.338810072460545, "y": -1.5416696972044248, "zone": "wh_forbidden_zone", "min_dist": 0.0}
{"t": 1785220693.4584372, "x": 4.338843901227925, "y": -1.5416562934194704, "zone": "wh_forbidden_zone", "min_dist": 0.0}
{"t": 1785220693.6110575, "x": 4.338875541091878, "y": -1.5416383063001529, "zone": "wh_forbidden_zone", "min_dist": 0.0}
{"t": 1785220693.771221, "x": 4.33887360186715, "y": -1.5416398691452975, "zone": "wh_forbidden_zone", "min_dist": 0.0}
{"t": 1785220693.9235077, "x": 4.338875729193038, "y": -1.5416375639849274, "zone": "wh_forbidden_zone", "min_dist": 0.0}
{"t": 1785220694.0758128, "x": 4.338879567624195, "y": -1.5416322520420906, "zone": "wh_forbidden_zone", "min_dist": 0.0}
{"t": 1785220694.2279634, "x": 4.338882981323731, "y": -1.5416258231663156, "zone": "wh_forbidden_zone", "min_dist": 0.0}
{"t": 1785220694.3884037, "x": 4.338885625126436, "y": -1.5416184720320236, "zone": "wh_forbidden_zone", "min_dist": 0.0}
{"t": 1785220694.5408223, "x": 4.338887119249566, "y": -1.5416111792905454, "zone": "wh_forbidden_zone", "min_dist": 0.0}
{"t": 1785220694.692996, "x": 4.3388875843865184, "y": -1.5416037510512304, "zone": "wh_forbidden_zone", "min_dist": 0.0}
{"t": 1785220694.8451407, "x": 4.3388870121267304, "y": -1.5415963352522672, "zone": "wh_forbidden_zone", "min_dist": 0.0}
{"t": 1785220694.9975421, "x": 4.338885414998857, "y": -1.5415890759991093, "zone": "wh_forbidden_zone", "min_dist": 0.0}
{"t": 1785220695.1495013, "x": 4.338882825177522, "y": -1.5415821134358634, "zone": "wh_forbidden_zone", "min_dist": 0.0}
{"t": 1785220695.3017342, "x": 4.338879293792862, "y": -1.5415755818433534, "zone": "wh_forbidden_zone", "min_dist": 0.0}
{"t": 1785220695.4542642, "x": 4.338874890010502, "y": -1.54156960723188, "zone": "wh_forbidden_zone", "min_dist": 0.0}
{"t": 1785220695.6064959, "x": 4.338869699772301, "y": -1.5415643049153747, "zone": "wh_forbidden_zone", "min_dist": 0.0}
{"t": 1785220695.758437, "x": 4.338863824157823, "y": -1.541559777240737, "zone": "wh_forbidden_zone", "min_dist": 0.0}
{"t": 1785220695.9183455, "x": 4.33885702456186, "y": -1.5415559439054372, "zone": "wh_forbidden_zone", "min_dist": 0.0}
{"t": 1785220696.0706923, "x": 4.338850112031356, "y": -1.5415532616395016, "zone": "wh_forbidden_zone", "min_dist": 0.0}
{"t": 1785220696.2231984, "x": 4.338842894750671, "y": -1.541551567063484, "zone": "wh_forbidden_zone", "min_dist": 0.0}
{"t": 1785220696.3756366, "x": 4.338835512892402, "y": -1.5415508927813752, "zone": "wh_forbidden_zone", "min_dist": 0.0}
{"t": 1785220696.5358608, "x": 4.338827722201307, "y": -1.541551299101319, "zone": "wh_forbidden_zone", "min_dist": 0.0}
{"t": 1785220696.6881073, "x": 4.33882045192129, "y": -1.5415527373493894, "zone": "wh_forbidden_zone", "min_dist": 0.0}
{"t": 1785220696.8400855, "x": 4.338813452778848, "y": -1.5415551725543235, "zone": "wh_forbidden_zone", "min_dist": 0.0}
{"t": 1785220696.992509, "x": 4.3388068607306085, "y": -1.541558557266433, "zone": "wh_forbidden_zone", "min_dist": 0.0}
{"t": 1785220697.1449482, "x": 4.3388008037463575, "y": -1.5415628256511462, "zone": "wh_forbidden_zone", "min_dist": 0.0}
{"t": 1785220697.296912, "x": 4.33879539942968, "y": -1.5415678947232334, "zone": "wh_forbidden_zone", "min_dist": 0.0}
{"t": 1785220697.4494343, "x": 4.338790752743616, "y": -1.5415736659303851, "zone": "wh_forbidden_zone", "min_dist": 0.0}
{"t": 1785220697.6014223, "x": 4.3387869539407715, "y": -1.5415800270682933, "zone": "wh_forbidden_zone", "min_dist": 0.0}
{"t": 1785220697.7540312, "x": 4.338784076761751, "y": -1.5415868545464866, "zone": "wh_forbidden_zone", "min_dist": 0.0}
{"t": 1785220697.9059422, "x": 4.338782177062493, "y": -1.541594015726311, "zone": "wh_forbidden_zone", "min_dist": 0.0}
{"t": 1785220698.0664165, "x": 4.338781273109936, "y": -1.541601757934602, "zone": "wh_forbidden_zone", "min_dist": 0.0}
{"t": 1785220698.2185392, "x": 4.338781470271843, "y": -1.54160916397578, "zone": "wh_forbidden_zone", "min_dist": 0.0}
{"t": 1785220698.3710425, "x": 4.33878269546779, "y": -1.5416164705599702, "zone": "wh_forbidden_zone", "min_dist": 0.0}
{"t": 1785220698.5311646, "x": 4.3387850692753025, "y": -1.5416238982013244, "zone": "wh_forbidden_zone", "min_dist": 0.0}
{"t": 1785220698.683078, "x": 4.338788308526023, "y": -1.5416305609432406, "zone": "wh_forbidden_zone", "min_dist": 0.0}
{"t": 1785220698.835619, "x": 4.338792442866682, "y": -1.5416367084222389, "zone": "wh_forbidden_zone", "min_dist": 0.0}
{"t": 1785220698.9876018, "x": 4.338797391915654, "y": -1.5416422211502239, "zone": "wh_forbidden_zone", "min_dist": 0.0}
{"t": 1785220699.1397371, "x": 4.338803059505465, "y": -1.5416469920273097, "zone": "wh_forbidden_zone", "min_dist": 0.0}
{"t": 1785220699.292135, "x": 4.338809335476272, "y": -1.5416509283346649, "zone": "wh_forbidden_zone", "min_dist": 0.0}
{"t": 1785220699.4443846, "x": 4.338816097905696, "y": -1.5416539536030407, "zone": "wh_forbidden_zone", "min_dist": 0.0}
{"t": 1785220699.5964413, "x": 4.338823215319816, "y": -1.5416560090163032, "zone": "wh_forbidden_zone", "min_dist": 0.0}
{"t": 1785220699.7485752, "x": 4.338830549414844, "y": -1.541657054638637, "zone": "wh_forbidden_zone", "min_dist": 0.0}
{"t": 1785220699.9251177, "x": 4.338839124654921, "y": -1.5416569781347598, "zone": "wh_forbidden_zone", "min_dist": 0.0}
{"t": 1785220700.0772583, "x": 4.338846438912091, "y": -1.5416558018302768, "zone": "wh_forbidden_zone", "min_dist": 0.0}
{"t": 1785220700.2297304, "x": 4.3388535184773245, "y": -1.5416536197720467, "zone": "wh_forbidden_zone", "min_dist": 0.0}
{"t": 1785220700.3819063, "x": 4.338860225783974, "y": -1.5416504743677246, "zone": "wh_forbidden_zone", "min_dist": 0.0}
{"t": 1785220700.5341866, "x": 4.3388664304839155, "y": -1.5416464267438994, "zone": "wh_forbidden_zone", "min_dist": 0.0}
{"t": 1785220700.6864624, "x": 4.338872011978315, "y": -1.541641555574615, "zone": "wh_forbidden_zone", "min_dist": 0.0}
{"t": 1785220700.8384697, "x": 4.3388768618111495, "y": -1.541635955512267, "zone": "wh_forbidden_zone", "min_dist": 0.0}
{"t": 1785220700.9904997, "x": 4.33888088570667, "y": -1.5416297354190436, "zone": "wh_forbidden_zone", "min_dist": 0.0}
{"t": 1785220701.1430492, "x": 4.338884005481841, "y": -1.541623016148149, "zone": "wh_forbidden_zone", "min_dist": 0.0}
{"t": 1785220701.2955756, "x": 4.3388861604793245, "y": -1.5416159283528434, "zone": "wh_forbidden_zone", "min_dist": 0.0}
{"t": 1785220701.4477031, "x": 4.338887308844137, "y": -1.5416086097014765, "zone": "wh_forbidden_zone", "min_dist": 0.0}
{"t": 1785220701.599745, "x": 4.338887428246287, "y": -1.5416012024801142, "zone": "wh_forbidden_zone", "min_dist": 0.0}
{"t": 1785220701.7523808, "x": 4.338886520829363, "y": -1.5415938557299877, "zone": "wh_forbidden_zone", "min_dist": 0.0}
{"t": 1785220701.904181, "x": 4.338884616465253, "y": -1.54158671026359, "zone": "wh_forbidden_zone", "min_dist": 0.0}
{"t": 1785220702.0566108, "x": 4.3388817340346515, "y": -1.5415798858328125, "zone": "wh_forbidden_zone", "min_dist": 0.0}
{"t": 1785220702.208597, "x": 4.338877930529396, "y": -1.5415735285563315, "zone": "wh_forbidden_zone", "min_dist": 0.0}
{"t": 1785220702.3613918, "x": 4.338873279886644, "y": -1.5415677620190156, "zone": "wh_forbidden_zone", "min_dist": 0.0}
{"t": 1785220702.5131888, "x": 4.338867872494051, "y": -1.5415626982891648, "zone": "wh_forbidden_zone", "min_dist": 0.0}
{"t": 1785220702.6653125, "x": 4.338861813434252, "y": -1.541558435770236, "zone": "wh_forbidden_zone", "min_dist": 0.0}
{"t": 1785220702.8178482, "x": 4.338855220464356, "y": -1.5415550573043353, "zone": "wh_forbidden_zone", "min_dist": 0.0}
{"t": 1785220702.9704037, "x": 4.3388482217516495, "y": -1.5415526285582934, "zone": "wh_forbidden_zone", "min_dist": 0.0}
{"t": 1785220703.1227653, "x": 4.338840953228249, "y": -1.5415511967155044, "zone": "wh_forbidden_zone", "min_dist": 0.0}
{"t": 1785220703.2744718, "x": 4.338833556260677, "y": -1.5415507896196874, "zone": "wh_forbidden_zone", "min_dist": 0.0}
{"t": 1785220703.4264934, "x": 4.338826174536459, "y": -1.5415514151802505, "zone": "wh_forbidden_zone", "min_dist": 0.0}
{"t": 1785220703.5786424, "x": 4.338818951494281, "y": -1.541553061242628, "zone": "wh_forbidden_zone", "min_dist": 0.0}
{"t": 1785220703.731179, "x": 4.338812027574889, "y": -1.541555695808397, "zone": "wh_forbidden_zone", "min_dist": 0.0}
{"t": 1785220703.8832097, "x": 4.338805537383723, "y": -1.5415592676535175, "zone": "wh_forbidden_zone", "min_dist": 0.0}
{"t": 1785220704.0356252, "x": 4.338799607036605, "y": -1.541563707344607, "zone": "wh_forbidden_zone", "min_dist": 0.0}
{"t": 1785220704.1959774, "x": 4.338794095773955, "y": -1.5415692233046696, "zone": "wh_forbidden_zone", "min_dist": 0.0}
{"t": 1785220704.3482475, "x": 4.3387896609941095, "y": -1.5415751576040513, "zone": "wh_forbidden_zone", "min_dist": 0.0}
{"t": 1785220704.500871, "x": 4.33878609462335, "y": -1.541581650919988, "zone": "wh_forbidden_zone", "min_dist": 0.0}
{"t": 1785220704.6523952, "x": 4.338783465965838, "y": -1.5415885770254527, "zone": "wh_forbidden_zone", "min_dist": 0.0}
{"t": 1785220704.8049586, "x": 4.338781826070282, "y": -1.5415958013701385, "zone": "wh_forbidden_zone", "min_dist": 0.0}
{"t": 1785220704.9570656, "x": 4.3387812067840885, "y": -1.5416031837295818, "zone": "wh_forbidden_zone", "min_dist": 0.0}
{"t": 1785220705.1095815, "x": 4.338781620177147, "y": -1.5416105804431832, "zone": "wh_forbidden_zone", "min_dist": 0.0}
{"t": 1785220705.2614465, "x": 4.338783058208916, "y": -1.5416178477724365, "zone": "wh_forbidden_zone", "min_dist": 0.0}
{"t": 1785220705.4140744, "x": 4.338785492912013, "y": -1.5416248444377945, "zone": "wh_forbidden_zone", "min_dist": 0.0}
{"t": 1785220705.5659866, "x": 4.338788876972929, "y": -1.5416314345040232, "zone": "wh_forbidden_zone", "min_dist": 0.0}
{"t": 1785220705.726816, "x": 4.338793392201852, "y": -1.541637791499361, "zone": "wh_forbidden_zone", "min_dist": 0.0}
{"t": 1785220705.878585, "x": 4.338798500020029, "y": -1.5416431571672533, "zone": "wh_forbidden_zone", "min_dist": 0.0}
{"t": 1785220706.0303316, "x": 4.338804304402214, "y": -1.541647760349096, "zone": "wh_forbidden_zone", "min_dist": 0.0}
{"t": 1785220706.1828105, "x": 4.338810692540368, "y": -1.5416515115836096, "zone": "wh_forbidden_zone", "min_dist": 0.0}
{"t": 1785220706.3351765, "x": 4.3388175402819185, "y": -1.5416543379674719, "zone": "wh_forbidden_zone", "min_dist": 0.0}
{"t": 1785220706.4871745, "x": 4.338824714542385, "y": -1.5416561845716121, "zone": "wh_forbidden_zone", "min_dist": 0.0}
{"t": 1785220706.6396518, "x": 4.338832075891389, "y": -1.5416570155085472, "zone": "wh_forbidden_zone", "min_dist": 0.0}
{"t": 1785220706.7918458, "x": 4.338839481258374, "y": -1.541656814630274, "zone": "wh_forbidden_zone", "min_dist": 0.0}
{"t": 1785220706.944131, "x": 4.338846786717438, "y": -1.5416555858430498, "zone": "wh_forbidden_zone", "min_dist": 0.0}
{"t": 1785220707.096539, "x": 4.338853850297806, "y": -1.5416533530284817, "zone": "wh_forbidden_zone", "min_dist": 0.0}
{"t": 1785220707.2486784, "x": 4.338860534720093, "y": -1.5416501595813636, "zone": "wh_forbidden_zone", "min_dist": 0.0}
{"t": 1785220707.401058, "x": 4.338866710074273, "y": -1.541646067565902, "zone": "wh_forbidden_zone", "min_dist": 0.0}
{"t": 1785220707.5612466, "x": 4.338872528722801, "y": -1.541640877087316, "zone": "wh_forbidden_zone", "min_dist": 0.0}
{"t": 1785220707.713503, "x": 4.3388772966109945, "y": -1.5416352072718116, "zone": "wh_forbidden_zone", "min_dist": 0.0}
{"t": 1785220707.8741293, "x": 4.338881412018804, "y": -1.5416285844984443, "zone": "wh_forbidden_zone", "min_dist": 0.0}
{"t": 1785220708.034395, "x": 4.338884513960263, "y": -1.5416214307819966, "zone": "wh_forbidden_zone", "min_dist": 0.0}
