{"t": 1785217847.2137954, "x": -7.711885823826344e-12, "y": -2.314162169205366e-13, "zone": null, "min_dist": 1.802775637738283}
{"t": 1785217847.3653445, "x": -7.711885823826344e-12, "y": -2.314162169205366e-13, "zone": null, "min_dist": 1.802775637738283}
{"t": 1785217847.517885, "x": -7.711885823826344e-12, "y": -2.314162169205366e-13, "zone": null, "min_dist": 1.802775637738283}
{"t": 1785217847.6699405, "x": -7.711885823826344e-12, "y": -2.314162169205366e-13, "zone": null, "min_dist": 1.802775637738283}
{"t": 1785217847.8224273, "x": -7.711885823826344e-12, "y": -2.314162169205366e-13, "zone": null, "min_dist": 1.802775637738283}
{"t": 1785217847.974782, "x": -7.711885823826344e-12, "y": -2.314162169205366e-13, "zone": null, "min_dist": 1.802775637738283}
{"t": 1785217848.135433, "x": -7.711885823826344e-12, "y": -2.314162169205366e-13, "zone": null, "min_dist": 1.802775637738283}
{"t": 1785217848.295457, "x": -7.711885823826344e-12, "y": -2.314162169205366e-13, "zone": null, "min_dist": 1.802775637738283}
{"t": 1785217848.447826, "x": -7.711885823826344e-12, "y": -2.314162169205366e-13, "zone": null, "min_dist": 1.802775637738283}
{"t": 1785217848.599835, "x": -7.711885823826344e-12, "y": -2.314162169205366e-13, "zone": null, "min_dist": 1.802775637738283}
{"t": 1785217848.7522943, "x": -7.711885823826344e-12, "y": -2.314162169205366e-13, "zone": null, "min_dist": 1.802775637738283}
{"t": 1785217848.904555, "x": -7.711885823826344e-12, "y": -2.314162169205366e-13, "zone": null, "min_dist": 1.802775637738283}
{"t": 1785217849.056816, "x": -7.711885823826344e-12, "y": -2.314162169205366e-13, "zone": null, "min_dist": 1.802775637738283}
{"t": 1785217849.209241, "x": -7.711885823826344e-12, "y": -2.314162169205366e-13, "zone": null, "min_dist": 1.802775637738283}
{"t": 1785217849.3611581, "x": -7.711885823826344e-12, "y": -2.314162169205366e-13, "zone": null, "min_dist": 1.802775637738283}
{"t": 1785217849.5134852, "x": -7.711885823826344e-12, "y": -2.314162169205366e-13, "zone": null, "min_dist": 1.802775637738283}
{"t": 1785217849.6660078, "x": -7.711885823826344e-12, "y": -2.314162169205366e-13, "zone": null, "min_dist": 1.802775637738283}
{"t": 1785217849.817932, "x": -7.711885823826344e-12, "y": -2.314162169205366e-13, "zone": null, "min_dist": 1.802775637738283}
{"t": 1785217849.9701655, "x": -7.711885823826344e-12, "y": -2.314162169205366e-13, "zone": null, "min_dist": 1.802775637738283}
{"t": 1785217850.1305237, "x": -7.711885823826344e-12, "y": -2.314162169205366e-13, "zone": null, "min_dist": 1.802775637738283}
{"t": 1785217850.28265, "x": 0.012163469574143576, "y": -0.00013018767818746396, "zone": null, "min_dist": 1.7925950972994729}
{"t": 1785217850.4349265, "x": 0.040059305867590045, "y": -0.0014283365108547774, "zone": null, "min_dist": 1.768777034424436}
{"t": 1785217850.5868485, "x": 0.0700040685060363, "y": -0.004194376316377862, "zone": null, "min_dist": 1.7425605310144083}
{"t": 1785217850.739912, "x": 0.09754840308568864, "y": -0.008056700343555658, "zone": null, "min_dist": 1.7177956780190178}
{"t": 1785217850.891485, "x": 0.1274934142112499, "y": -0.013593296344403226, "zone": null, "min_dist": 1.6901989566468771}
{"t": 1785217851.043676, "x": 0.15940561726078217, "y": -0.02141840372026144, "zone": null, "min_dist": 1.6597636095568988}
{"t": 1785217851.1960907, "x": 0.18834054519922913, "y": -0.030824775758259586, "zone": null, "min_dist": 1.6308743485174704}
{"t": 1785217851.3485692, "x": 0.21805133386224937, "y": -0.043549757750006655, "zone": null, "min_dist": 1.5994341025851704}
{"t": 1785217851.5004234, "x": 0.24724635465973366, "y": -0.05978459032012782, "zone": null, "min_dist": 1.5663322484430995}
{"t": 1785217851.6527884, "x": 0.2748622978724388, "y": -0.07863931456242565, "zone": null, "min_dist": 1.5329278854024404}
{"t": 1785217851.8050897, "x": 0.30063940624462826, "y": -0.0999387046940428, "zone": null, "min_dist": 1.4995253146116192}
{"t": 1785217851.9574537, "x": 0.32358146929531656, "y": -0.12271503338301118, "zone": null, "min_dist": 1.4675113192195615}
{"t": 1785217852.1094296, "x": 0.3451989289156262, "y": -0.14819013474202739, "zone": null, "min_dist": 1.4349723204049696}
{"t": 1785217852.2619183, "x": 0.36504695124437364, "y": -0.17510755961952798, "zone": null, "min_dist": 1.4030559365458464}
{"t": 1785217852.4142494, "x": 0.3823701869985125, "y": -0.20144361632549312, "zone": null, "min_dist": 1.3736042722767885}
{"t": 1785217852.5743446, "x": 0.4006276908037048, "y": -0.23154730233874807, "zone": null, "min_dist": 1.3413198808526063}
{"t": 1785217852.726711, "x": 0.4174318656542024, "y": -0.26046511594832455, "zone": null, "min_dist": 1.3110551514830586}
{"t": 1785217852.8868468, "x": 0.4350263637216725, "y": -0.29072433646797685, "zone": null, "min_dist": 1.2795471123982403}
{"t": 1785217853.039371, "x": 0.45084856562924297, "y": -0.3168059255958266, "zone": null, "min_dist": 1.2519875700434058}
{"t": 1785217853.1914783, "x": 0.4677433946605844, "y": -0.3426893228766423, "zone": null, "min_dist": 1.2237691880118655}
{"t": 1785217853.3433752, "x": 0.48554239945548977, "y": -0.3670587907351953, "zone": null, "min_dist": 1.1957168551492943}
{"t": 1785217853.495774, "x": 0.5061093420441649, "y": -0.39161612966888626, "zone": null, "min_dist": 1.1653109343222299}
{"t": 1785217853.6559741, "x": 0.5302686417998113, "y": -0.41578810103537217, "zone": null, "min_dist": 1.1321141505911139}
{"t": 1785217853.8085074, "x": 0.5562141890216724, "y": -0.4368444627855184, "zone": null, "min_dist": 1.0990340377346604}
{"t": 1785217853.9618068, "x": 0.5837539233197104, "y": -0.4542423769776265, "zone": null, "min_dist": 1.0664699977585184}
{"t": 1785217854.1124556, "x": 0.6139417430742237, "y": -0.4680173510560988, "zone": null, "min_dist": 1.0334915449309274}
{"t": 1785217854.2806325, "x": 0.6476777568709654, "y": -0.47785308478139527, "zone": null, "min_dist": 0.9995452001809693}
{"t": 1785217854.4409704, "x": 0.6823107133180991, "y": -0.4823963896326848, "zone": null, "min_dist": 0.9677444223655517}
{"t": 1785217854.5933034, "x": 0.7157135511247397, "y": -0.4819840119833477, "zone": null, "min_dist": 0.9399179739372127}
{"t": 1785217854.7457736, "x": 0.748188813707023, "y": -0.4770515230427158, "zone": null, "min_dist": 0.9158030188786215}
{"t": 1785217854.8973186, "x": 0.7786029206470138, "y": -0.468284884970918, "zone": null, "min_dist": 0.896177833719072}
{"t": 1785217855.0492463, "x": 0.8077963883063639, "y": -0.4560384556442387, "zone": null, "min_dist": 0.8803635622739159}
{"t": 1785217855.201372, "x": 0.8356319653548326, "y": -0.44095074500355286, "zone": null, "min_dist": 0.8682862171947479}
{"t": 1785217855.353729, "x": 0.8621299556431967, "y": -0.4236161881913251, "zone": null, "min_dist": 0.8597072129526703}
{"t": 1785217855.5062802, "x": 0.8871717954132283, "y": -0.40423747680845984, "zone": null, "min_dist": 0.8546878917924347}
{"t": 1785217855.6585166, "x": 0.910600176852579, "y": -0.38293634765240403, "zone": null, "min_dist": 0.8533227423283444}
{"t": 1785217855.8109415, "x": 0.9322679198266097, "y": -0.3598466191181044, "zone": null, "min_dist": 0.8556378123438246}
{"t": 1785217855.9634137, "x": 0.9520389014892778, "y": -0.3351133484164964, "zone": null, "min_dist": 0.8615890116145868}
{"t": 1785217856.1155546, "x": 0.9697889134791853, "y": -0.30889191933929416, "zone": null, "min_dist": 0.8710649662477005}
{"t": 1785217856.267516, "x": 0.9854064432158763, "y": -0.281347065568434, "zone": null, "min_dist": 0.8838939805490451}
{"t": 1785217856.4198165, "x": 0.9987933749138364, "y": -0.25265183546443315, "zone": null, "min_dist": 0.8998540770952493}
{"t": 1785217856.5721061, "x": 1.0098877451686876, "y": -0.22299404577910364, "zone": null, "min_dist": 0.9186665745691192}
{"t": 1785217856.7324224, "x": 1.0195455480892721, "y": -0.19087409600037297, "zone": null, "min_dist": 0.9410213647330499}
{"t": 1785217856.8845184, "x": 1.0275762386414007, "y": -0.15842229139733413, "zone": null, "min_dist": 0.9651099677824908}
{"t": 1785217857.0365357, "x": 1.0340704050198868, "y": -0.1281977872798725, "zone": null, "min_dist": 0.9884986017097054}
{"t": 1785217857.188698, "x": 1.0402684688707784, "y": -0.09722377999118326, "zone": null, "min_dist": 1.0130932751370063}
{"t": 1785217857.3490741, "x": 1.0472409821876556, "y": -0.06320267553865884, "zone": null, "min_dist": 1.0404710257034195}
{"t": 1785217857.5013862, "x": 1.0535446419092482, "y": -0.03558434216779134, "zone": null, "min_dist": 1.0627417126658165}
{"t": 1785217857.6535645, "x": 1.0618636391573402, "y": -0.0046333263966453955, "zone": null, "min_dist": 1.0875285217467432}
{"t": 1785217857.805761, "x": 1.072076603959816, "y": 0.026402786496488497, "zone": null, "min_dist": 1.1120346725738008}
{"t": 1785217857.958209, "x": 1.0839866866561856, "y": 0.05535350479214253, "zone": null, "min_dist": 1.1343888649649014}
{"t": 1785217858.1105766, "x": 1.0994097487514438, "y": 0.0850182874024057, "zone": null, "min_dist": 1.1566059110142188}
{"t": 1785217858.2625365, "x": 1.1167826244097268, "y": 0.11126898373616786, "zone": null, "min_dist": 1.175488966842442}
{"t": 1785217858.4150345, "x": 1.137726570531482, "y": 0.135148021493045, "zone": null, "min_dist": 1.1915548952517696}
{"t": 1785217858.5671222, "x": 1.1630032686456322, "y": 0.1570141125339265, "zone": null, "min_dist": 1.2050927157468827}
{"t": 1785217858.7197006, "x": 1.1910752517336798, "y": 0.1751525437195907, "zone": null, "min_dist": 1.215079421726018}
{"t": 1785217858.8714986, "x": 1.2213969440080306, "y": 0.18921079280921965, "zone": null, "min_dist": 1.2214098298859386}
{"t": 1785217859.0234575, "x": 1.2533790551910868, "y": 0.19891564215965096, "zone": null, "min_dist": 1.2240182218551852}
{"t": 1785217859.1759143, "x": 1.286400028191369, "y": 0.2040784823835385, "zone": null, "min_dist": 1.2228777288411514}
{"t": 1785217859.3282628, "x": 1.319818117137902, "y": 0.2045989762690953, "zone": null, "min_dist": 1.2180000839656304}
{"t": 1785217859.4882789, "x": 1.35305596109881, "y": 0.2003459587992757, "zone": null, "min_dist": 1.2093068144082986}
{"t": 1785217859.6405947, "x": 1.3846901241690308, "y": 0.19153515496399634, "zone": null, "min_dist": 1.1971016635938772}
{"t": 1785217859.8005202, "x": 1.4168963265909906, "y": 0.1773837947867285, "zone": null, "min_dist": 1.1803130181271697}
{"t": 1785217859.9529188, "x": 1.4452630919824925, "y": 0.159709906069522, "zone": null, "min_dist": 1.1610009454496997}
{"t": 1785217860.1050491, "x": 1.4708963281881506, "y": 0.13826283590813984, "zone": null, "min_dist": 1.138634843715303}
{"t": 1785217860.2574136, "x": 1.4925792453671722, "y": 0.11442540242498327, "zone": null, "min_dist": 1.114450108874061}
{"t": 1785217860.4175591, "x": 1.5120492982950393, "y": 0.0863885944298352, "zone": null, "min_dist": 1.0863885944298353}
{"t": 1785217860.5696557, "x": 1.527334278410725, "y": 0.05686586973404775, "zone": null, "min_dist": 1.0568658697340478}
{"t": 1785217860.7218182, "x": 1.5385551767531571, "y": 0.027245615278819336, "zone": null, "min_dist": 1.0272456152788194}
{"t": 1785217860.8747468, "x": 1.546724202408503, "y": -0.0033606084359908105, "zone": null, "min_dist": 0.9966393915640092}
{"t": 1785217861.0267324, "x": 1.552290588208824, "y": -0.03454841360561761, "zone": null, "min_dist": 0.9654515863943824}
{"t": 1785217861.1867986, "x": 1.5562737311016268, "y": -0.06922019509633366, "zone": null, "min_dist": 0.9307798049036663}
{"t": 1785217861.3389885, "x": 1.5593908954345603, "y": -0.1016720072830831, "zone": null, "min_dist": 0.8983279927169169}
{"t": 1785217861.4993944, "x": 1.5634751299861736, "y": -0.13475637630891932, "zone": null, "min_dist": 0.8652436236910807}
{"t": 1785217861.6512568, "x": 1.569365257076259, "y": -0.1648244389427319, "zone": null, "min_dist": 0.8351755610572681}
{"t": 1785217861.8041596, "x": 1.578526634866952, "y": -0.19495158812257185, "zone": null, "min_dist": 0.8050484118774281}
{"t": 1785217861.9562256, "x": 1.5899545128312926, "y": -0.2225627989339198, "zone": null, "min_dist": 0.7774372010660802}
{"t": 1785217862.1163852, "x": 1.6052935037367768, "y": -0.2509676157604354, "zone": null, "min_dist": 0.7490323842395645}
{"t": 1785217862.2768342, "x": 1.6257277778475339, "y": -0.27954735544816095, "zone": null, "min_dist": 0.7204526445518391}
{"t": 1785217862.428508, "x": 1.6465765967112884, "y": -0.3025373762264833, "zone": null, "min_dist": 0.6974626237735166}
{"t": 1785217862.5806625, "x": 1.6698273588916304, "y": -0.32327837267305704, "zone": null, "min_dist": 0.676721627326943}
{"t": 1785217862.733049, "x": 1.6959649433423047, "y": -0.3423822208995635, "zone": null, "min_dist": 0.6576177791004365}
{"t": 1785217862.8857, "x": 1.7235619820211419, "y": -0.3589365413900447, "zone": null, "min_dist": 0.6410634586099553}
{"t": 1785217863.037487, "x": 1.7514715825151586, "y": -0.37285910877928286, "zone": null, "min_dist": 0.6271408912207171}
{"t": 1785217863.1901946, "x": 1.781276443210458, "y": -0.38548051774632025, "zone": null, "min_dist": 0.6145194822536797}
{"t": 1785217863.342297, "x": 1.812813589871452, "y": -0.3965622012315533, "zone": null, "min_dist": 0.6034377987684467}
{"t": 1785217863.5023637, "x": 1.844595349963882, "y": -0.40615577857700225, "zone": null, "min_dist": 0.5938442214229978}
{"t": 1785217863.6623957, "x": 1.8771626457387505, "y": -0.4151458999301105, "zone": null, "min_dist": 0.5848541000698895}
{"t": 1785217863.8147154, "x": 1.9085221401318775, "y": -0.42304710159239123, "zone": null, "min_dist": 0.5769528984076088}
{"t": 1785217863.967007, "x": 1.9362657774548815, "y": -0.4292618097829658, "zone": null, "min_dist": 0.5707381902170342}
{"t": 1785217864.1193626, "x": 1.963910070783794, "y": -0.43458081739850085, "zone": null, "min_dist": 0.5654191826014991}
{"t": 1785217864.2716684, "x": 1.9917021759112803, "y": -0.4390639201773633, "zone": null, "min_dist": 0.5609360798226367}
{"t": 1785217864.4237182, "x": 2.019616817566007, "y": -0.442707040831217, "zone": null, "min_dist": 0.557292959168783}
{"t": 1785217864.5763514, "x": 2.0476286120409406, "y": -0.4455068664748644, "zone": null, "min_dist": 0.5544931335251355}
{"t": 1785217864.736338, "x": 2.0780273298301983, "y": -0.4475893825432205, "zone": null, "min_dist": 0.5524106174567796}
{"t": 1785217864.8885305, "x": 2.1091619510347344, "y": -0.4490893341475235, "zone": null, "min_dist": 0.5509106658524765}
{"t": 1785217865.0405664, "x": 2.141079804618683, "y": -0.4500232363276351, "zone": null, "min_dist": 0.5499767636723649}
{"t": 1785217865.192901, "x": 2.1720884643454403, "y": -0.45037566136699103, "zone": null, "min_dist": 0.549624338633009}
{"t": 1785217865.3455343, "x": 2.202072771568092, "y": -0.4504258562868918, "zone": null, "min_dist": 0.5495741437131082}
{"t": 1785217865.4977915, "x": 2.2330547426525658, "y": -0.45071396039582945, "zone": null, "min_dist": 0.5492860396041706}
{"t": 1785217865.649793, "x": 2.2531214300655154, "y": -0.45114573276839703, "zone": null, "min_dist": 0.548854267231603}
{"t": 1785217865.8099947, "x": 2.262928338479454, "y": -0.45176297292429, "zone": null, "min_dist": 0.54823702707571}
{"t": 1785217865.9622092, "x": 2.2753778099179924, "y": -0.4537110060797576, "zone": null, "min_dist": 0.5462889939202424}
{"t": 1785217866.1143236, "x": 2.2827905038186356, "y": -0.4558318059248268, "zone": null, "min_dist": 0.5441681940751733}
{"t": 1785217866.2743866, "x": 2.2895428644932183, "y": -0.4588926719988745, "zone": null, "min_dist": 0.5411073280011255}
{"t": 1785217866.43493, "x": 2.2956241047357557, "y": -0.4627970834434081, "zone": null, "min_dist": 0.5372029165565919}
{"t": 1785217866.595059, "x": 2.2964949405071757, "y": -0.46347974826726307, "zone": null, "min_dist": 0.536520251732737}
{"t": 1785217866.7477062, "x": 2.3030531828178455, "y": -0.4707573991928086, "zone": null, "min_dist": 0.5292426008071913}
{"t": 1785217866.8993006, "x": 2.3199169966828506, "y": -0.49254726388039577, "zone": null, "min_dist": 0.5074527361196042}
{"t": 1785217867.059273, "x": 2.331463260759628, "y": -0.5108003537054718, "zone": null, "min_dist": 0.48919964629452817}
{"t": 1785217867.2196076, "x": 2.341974807876865, "y": -0.5324667980374329, "zone": null, "min_dist": 0.4675332019625671}
{"t": 1785217867.3719432, "x": 2.3482477293413027, "y": -0.5494221458802027, "zone": null, "min_dist": 0.45057785411979734}
{"t": 1785217867.5482512, "x": 2.354064826702975, "y": -0.5694609972340534, "zone": null, "min_dist": 0.4305390027659466}
{"t": 1785217867.7004097, "x": 2.361755177945641, "y": -0.5972540983591189, "zone": null, "min_dist": 0.4027459016408811}
{"t": 1785217867.8528268, "x": 2.3715645970988555, "y": -0.6290099512752977, "zone": null, "min_dist": 0.3709900487247023}
{"t": 1785217868.0052114, "x": 2.3819385466912566, "y": -0.6556316363956176, "zone": null, "min_dist": 0.3443683636043824}
{"t": 1785217868.1572967, "x": 2.396996334979751, "y": -0.6839845156349973, "zone": null, "min_dist": 0.3160154843650027}
{"t": 1785217868.3103333, "x": 2.416523548446782, "y": -0.7110880170185591, "zone": null, "min_dist": 0.28891198298144094}
{"t": 1785217868.4632635, "x": 2.4396303482289405, "y": -0.7352125419002691, "zone": null, "min_dist": 0.2647874580997309}
{"t": 1785217868.6234393, "x": 2.46657352284094, "y": -0.7563284532207475, "zone": null, "min_dist": 0.2436715467792525}
{"t": 1785217868.7835348, "x": 2.492011370424106, "y": -0.7710433781908242, "zone": null, "min_dist": 0.22895662180917575}
{"t": 1785217868.9359517, "x": 2.516950733846697, "y": -0.7821643695283579, "zone": null, "min_dist": 0.21783563047164212}
{"t": 1785217869.087803, "x": 2.544562324319371, "y": -0.7924926771062945, "zone": null, "min_dist": 0.20750732289370555}
{"t": 1785217869.240111, "x": 2.572056986435335, "y": -0.8022749126531806, "zone": null, "min_dist": 0.19772508734681937}
{"t": 1785217869.392589, "x": 2.602171716717492, "y": -0.8127612344547717, "zone": null, "min_dist": 0.18723876554522834}
{"t": 1785217869.5445662, "x": 2.632874662029122, "y": -0.8231649843529831, "zone": null, "min_dist": 0.17683501564701687}
{"t": 1785217869.6964283, "x": 2.6640772832590263, "y": -0.8337365989901504, "zone": null, "min_dist": 0.1662634010098496}
{"t": 1785217869.848652, "x": 2.695195319271067, "y": -0.8442795558602852, "zone": null, "min_dist": 0.15572044413971475}
{"t": 1785217870.0989904, "x": 2.726425100703488, "y": -0.8548603726807947, "zone": null, "min_dist": 0.14513962731920527}
{"t": 1785217870.249421, "x": 2.7775299137667195, "y": -0.8722397246810182, "zone": null, "min_dist": 0.12776027531898182}
{"t": 1785217870.4013515, "x": 2.808620614273582, "y": -0.8832235884084315, "zone": null, "min_dist": 0.11677641159156849}
{"t": 1785217870.5537205, "x": 2.839640089594881, "y": -0.89371201177749, "zone": null, "min_dist": 0.10628798822250995}
{"t": 1785217870.7058332, "x": 2.870023355084464, "y": -0.9032793616406359, "zone": null, "min_dist": 0.09672063835936406}
{"t": 1785217870.8583121, "x": 2.9013659893772488, "y": -0.9128212041727352, "zone": null, "min_dist": 0.08717879582726484}
{"t": 1785217871.0104, "x": 2.9327637420190507, "y": -0.9222008242629758, "zone": null, "min_dist": 0.07779917573702422}
{"t": 1785217871.1624453, "x": 2.9634673098539004, "y": -0.9310902886626932, "zone": null, "min_dist": 0.06890971133730683}
{"t": 1785217871.3144379, "x": 2.995536571753578, "y": -0.9405876047464253, "zone": null, "min_dist": 0.05941239525357467}
{"t": 1785217871.4672477, "x": 3.026539125794876, "y": -0.9500613092627946, "zone": null, "min_dist": 0.04993869073720536}
{"t": 1785217871.6194997, "x": 3.057284149891232, "y": -0.959675425331734, "zone": null, "min_dist": 0.040324574668266}
{"t": 1785217871.779524, "x": 3.090659109728733, "y": -0.9708865142740318, "zone": null, "min_dist": 0.02911348572596817}
{"t": 1785217871.9395502, "x": 3.1237733414819884, "y": -0.982845901014976, "zone": null, "min_dist": 0.017154098985023958}
{"t": 1785217872.0918882, "x": 3.1549751417668306, "y": -0.9948947187721116, "zone": null, "min_dist": 0.005105281227888447}
{"t": 1785217872.2440743, "x": 3.185402767349201, "y": -1.0071147064171913, "zone": "wh_forbidden_zone", "min_dist": 0.0}
{"t": 1785217872.3965242, "x": 3.2159688687565198, "y": -1.0194059694784336, "zone": "wh_forbidden_zone", "min_dist": 0.0}
{"t": 1785217872.5486252, "x": 3.244756793650996, "y": -1.0309821910789627, "zone": "wh_forbidden_zone", "min_dist": 0.0}
{"t": 1785217872.7011042, "x": 3.2737428000021653, "y": -1.0427547318867438, "zone": "wh_forbidden_zone", "min_dist": 0.0}
{"t": 1785217872.861326, "x": 3.304395604136551, "y": -1.0559062491686755, "zone": "wh_forbidden_zone", "min_dist": 0.0}
{"t": 1785217873.0136523, "x": 3.3332347061559364, "y": -1.0690362158874178, "zone": "wh_forbidden_zone", "min_dist": 0.0}
{"t": 1785217873.1655793, "x": 3.361786511188582, "y": -1.0827797844797729, "zone": "wh_forbidden_zone", "min_dist": 0.0}
{"t": 1785217873.3180056, "x": 3.390037955326366, "y": -1.0971306666134282, "zone": "wh_forbidden_zone", "min_dist": 0.0}
{"t": 1785217873.4792213, "x": 3.4194376263573045, "y": -1.1128857398529526, "zone": "wh_forbidden_zone", "min_dist": 0.0}
{"t": 1785217873.6304421, "x": 3.4470322200642065, "y": -1.1284623496281252, "zone": "wh_forbidden_zone", "min_dist": 0.0}
{"t": 1785217873.7829854, "x": 3.474287472243216, "y": -1.1446253836750457, "zone": "wh_forbidden_zone", "min_dist": 0.0}
{"t": 1785217873.9349945, "x": 3.501190922019317, "y": -1.1613674523966862, "zone": "wh_forbidden_zone", "min_dist": 0.0}
{"t": 1785217874.087126, "x": 3.5277302694872468, "y": -1.1786809015437414, "zone": "wh_forbidden_zone", "min_dist": 0.0}
{"t": 1785217874.2400022, "x": 3.554947231945701, "y": -1.1970848464898458, "zone": "wh_forbidden_zone", "min_dist": 0.0}
{"t": 1785217874.3916066, "x": 3.581028943147757, "y": -1.2150800226234486, "zone": "wh_forbidden_zone", "min_dist": 0.0}
{"t": 1785217874.5519109, "x": 3.608166811279152, "y": -1.2344653568962485, "zone": "wh_forbidden_zone", "min_dist": 0.0}
{"t": 1785217874.7038279, "x": 3.63485559084293, "y": -1.253461044570255, "zone": "wh_forbidden_zone", "min_dist": 0.0}
{"t": 1785217874.8563633, "x": 3.6624311050120415, "y": -1.272362492323567, "zone": "wh_forbidden_zone", "min_dist": 0.0}
{"t": 1785217875.0082994, "x": 3.6904044891922965, "y": -1.2906700682763264, "zone": "wh_forbidden_zone", "min_dist": 0.0}
{"t": 1785217875.160647, "x": 3.717345439734732, "y": -1.3074914193736356, "zone": "wh_forbidden_zone", "min_dist": 0.0}
{"t": 1785217875.3131196, "x": 3.7445634766116904, "y": -1.3236864318591692, "zone": "wh_forbidden_zone", "min_dist": 0.0}
{"t": 1785217875.4898381, "x": 3.7775945344242596, "y": -1.3423265841050336, "zone": "wh_forbidden_zone", "min_dist": 0.0}
{"t": 1785217875.6417239, "x": 3.8067251187808053, "y": -1.3578804170842855, "zone": "wh_forbidden_zone", "min_dist": 0.0}
{"t": 1785217875.793732, "x": 3.836544888518592, "y": -1.3729953522701743, "zone": "wh_forbidden_zone", "min_dist": 0.0}
{"t": 1785217875.9459038, "x": 3.8666806543066765, "y": -1.387470009323545, "zone": "wh_forbidden_zone", "min_dist": 0.0}
{"t": 1785217876.0988796, "x": 3.8962415266149573, "y": -1.4012192347802208, "zone": "wh_forbidden_zone", "min_dist": 0.0}
{"t": 1785217876.2505157, "x": 3.926168095229867, "y": -1.4149816315970116, "zone": "wh_forbidden_zone", "min_dist": 0.0}
{"t": 1785217876.4103267, "x": 3.957513475317586, "y": -1.4289983260154917, "zone": "wh_forbidden_zone", "min_dist": 0.0}
{"t": 1785217876.5627055, "x": 3.988043900510629, "y": -1.4426411530941021, "zone": "wh_forbidden_zone", "min_dist": 0.0}
{"t": 1785217876.7149248, "x": 4.017710090929172, "y": -1.455947255853684, "zone": "wh_forbidden_zone", "min_dist": 0.0}
{"t": 1785217876.8673432, "x": 4.047863934659869, "y": -1.4699102810580937, "zone": "wh_forbidden_zone", "min_dist": 0.0}
{"t": 1785217877.0194316, "x": 4.078035166141646, "y": -1.4843469596884842, "zone": "wh_forbidden_zone", "min_dist": 0.0}
{"t": 1785217877.1715403, "x": 4.107892120724601, "y": -1.4994229639882566, "zone": "wh_forbidden_zone", "min_dist": 0.0}
{"t": 1785217877.3237934, "x": 4.13660156329085, "y": -1.5146931823761312, "zone": "wh_forbidden_zone", "min_dist": 0.0}
{"t": 1785217877.4848115, "x": 4.167125292666261, "y": -1.53180619703151, "zone": "wh_forbidden_zone", "min_dist": 0.0}
{"t": 1785217877.6446493, "x": 4.197441558359005, "y": -1.5497088562829928, "zone": "wh_forbidden_zone", "min_dist": 0.0}
{"t": 1785217877.8046875, "x": 4.2273472377162085, "y": -1.568289266171208, "zone": "wh_forbidden_zone", "min_dist": 0.0}
{"t": 1785217877.9572916, "x": 4.254484607877175, "y": -1.5859836824099756, "zone": "wh_forbidden_zone", "min_dist": 0.0}
{"t": 1785217878.1092756, "x": 4.281568262195564, "y": -1.6044779810964291, "zone": "wh_forbidden_zone", "min_dist": 0.0}
{"t": 1785217878.2692213, "x": 4.298090050209935, "y": -1.6155545593688492, "zone": "wh_forbidden_zone", "min_dist": 0.0}
{"t": 1785217878.4211562, "x": 4.326652614347357, "y": -1.6325710953619574, "zone": "wh_forbidden_zone", "min_dist": 0.0}
{"t": 1785217878.573792, "x": 4.360538156941259, "y": -1.651181007255129, "zone": "wh_forbidden_zone", "min_dist": 0.0}
{"t": 1785217878.7257562, "x": 4.383330235657592, "y": -1.6593613357684294, "zone": "wh_forbidden_zone", "min_dist": 0.0}
{"t": 1785217878.8781464, "x": 4.421069038837378, "y": -1.679089215937502, "zone": "wh_forbidden_zone", "min_dist": 0.0}
{"t": 1785217879.0301254, "x": 4.459651544608302, "y": -1.7048362730670041, "zone": "wh_forbidden_zone", "min_dist": 0.0}
{"t": 1785217879.206494, "x": 4.498482262202943, "y": -1.7233453718650702, "zone": "wh_forbidden_zone", "min_dist": 0.0}
{"t": 1785217879.3586974, "x": 4.515451711521772, "y": -1.7276359799412655, "zone": null, "min_dist": 0.015451711521771827}
{"t": 1785217879.5114965, "x": 4.533623538574411, "y": -1.734199561333185, "zone": null, "min_dist": 0.03362353857441125}
{"t": 1785217879.6633866, "x": 4.5525846765263465, "y": -1.7421014197700782, "zone": null, "min_dist": 0.05258467652634646}
{"t": 1785217879.8152862, "x": 4.570312766113055, "y": -1.748582036159475, "zone": null, "min_dist": 0.07031276611305515}
{"t": 1785217879.9674513, "x": 4.574244628375676, "y": -1.7495648908683283, "zone": null, "min_dist": 0.07424462837567614}
{"t": 1785217880.1275365, "x": 4.5748306767883165, "y": -1.7503922375055805, "zone": null, "min_dist": 0.07483067678831645}
{"t": 1785217880.2799428, "x": 4.574701958850133, "y": -1.750259586508349, "zone": null, "min_dist": 0.07470195885013275}
{"t": 1785217880.4323044, "x": 4.5745930060382, "y": -1.7501496629483941, "zone": null, "min_dist": 0.0745930060382003}
{"t": 1785217880.5845907, "x": 4.574504565642802, "y": -1.7500598467308153, "zone": null, "min_dist": 0.07450456564280206}
{"t": 1785217880.7369723, "x": 4.5744300347688105, "y": -1.7499846524731835, "zone": null, "min_dist": 0.0744300347688105}
{"t": 1785217880.8971863, "x": 4.5743655639150305, "y": -1.7499195835792232, "zone": null, "min_dist": 0.07436556391503046}
{"t": 1785217881.0494308, "x": 4.574315232470433, "y": -1.7498687713294214, "zone": null, "min_dist": 0.07431523247043259}
{"t": 1785217881.2018921, "x": 4.574273677295015, "y": -1.7498267988982548, "zone": null, "min_dist": 0.07427367729501544}
{"t": 1785217881.3538718, "x": 4.574239391548528, "y": -1.7497918303703859, "zone": null, "min_dist": 0.07423939154852821}
{"t": 1785217881.5064454, "x": 4.574210948894408, "y": -1.7497631489873122, "zone": null, "min_dist": 0.07421094889440827}
{"t": 1785217881.6583827, "x": 4.574187625479492, "y": -1.7497395087389813, "zone": null, "min_dist": 0.07418762547949243}
{"t": 1785217881.810739, "x": 4.574168329039723, "y": -1.7497199644194898, "zone": null, "min_dist": 0.07416832903972281}
{"t": 1785217881.9630795, "x": 4.574152319218715, "y": -1.749703783497927, "zone": null, "min_dist": 0.07415231921871523}
{"t": 1785217882.115637, "x": 4.574139126564224, "y": -1.7496904250340752, "zone": null, "min_dist": 0.07413912656422372}
{"t": 1785217882.2757149, "x": 4.574127739151692, "y": -1.7496788725126815, "zone": null, "min_dist": 0.07412773915169169}
{"t": 1785217882.4273713, "x": 4.574118090265071, "y": -1.749668759949481, "zone": null, "min_dist": 0.07411809026507132}
{"t": 1785217882.5797808, "x": 4.574110142973782, "y": -1.7496605032435706, "zone": null, "min_dist": 0.07411014297378227}
{"t": 1785217882.731843, "x": 4.574104123717031, "y": -1.7496544997917, "zone": null, "min_dist": 0.07410412371703057}
{"t": 1785217882.8921585, "x": 4.574098178385599, "y": -1.7496483704036587, "zone": null, "min_dist": 0.07409817838559896}
{"t": 1785217883.052471, "x": 4.574093933675917, "y": -1.749644174048444, "zone": null, "min_dist": 0.07409393367591743}
{"t": 1785217883.2047124, "x": 4.574089809553508, "y": -1.7496398934842277, "zone": null, "min_dist": 0.07408980955350764}
{"t": 1785217883.3572342, "x": 4.574086394303116, "y": -1.7496363475836707, "zone": null, "min_dist": 0.07408639430311581}
{"t": 1785217883.5177946, "x": 4.574084004969675, "y": -1.7496340876414103, "zone": null, "min_dist": 0.07408400496967538}
{"t": 1785217883.6695547, "x": 4.574081242293524, "y": -1.749631197184476, "zone": null, "min_dist": 0.07408124229352442}
{"t": 1785217883.8217826, "x": 4.574079835805186, "y": -1.7496299071848331, "zone": null, "min_dist": 0.07407983580518618}
{"t": 1785217883.9825652, "x": 4.574078547376081, "y": -1.7496286989577199, "zone": null, "min_dist": 0.07407854737608144}
{"t": 1785217884.134828, "x": 4.57407659503624, "y": -1.7496265649655174, "zone": null, "min_dist": 0.07407659503623965}
{"t": 1785217884.2868156, "x": 4.5740759607696955, "y": -1.749626009118564, "zone": null, "min_dist": 0.07407596076969547}
{"t": 1785217884.4387963, "x": 4.57406867814393, "y": -1.749626592386719, "zone": null, "min_dist": 0.07406867814392992}
{"t": 1785217884.5912178, "x": 4.574066260111359, "y": -1.7496233838912085, "zone": null, "min_dist": 0.0740662601113593}
{"t": 1785217884.7433133, "x": 4.574065201009201, "y": -1.7496219379154514, "zone": null, "min_dist": 0.07406520100920133}
{"t": 1785217884.8954678, "x": 4.574064302074378, "y": -1.7496206799499143, "zone": null, "min_dist": 0.07406430207437786}
{"t": 1785217885.047845, "x": 4.574060760376641, "y": -1.7496162691885737, "zone": null, "min_dist": 0.074060760376641}
{"t": 1785217885.2004306, "x": 4.574059090521082, "y": -1.7496143461529923, "zone": null, "min_dist": 0.07405909052108228}
{"t": 1785217885.3522985, "x": 4.5740585902090665, "y": -1.7496139543064817, "zone": null, "min_dist": 0.07405859020906647}
{"t": 1785217885.504738, "x": 4.574058339074987, "y": -1.7496137518602255, "zone": null, "min_dist": 0.07405833907498671}
{"t": 1785217885.6569564, "x": 4.574058095133107, "y": -1.749613546989488, "zone": null, "min_dist": 0.07405809513310668}
{"t": 1785217885.8091125, "x": 4.574057844635442, "y": -1.7496133285644588, "zone": null, "min_dist": 0.0740578446354423}
{"t": 1785217885.961288, "x": 4.574057592146396, "y": -1.7496130942798893, "zone": null, "min_dist": 0.07405759214639573}
{"t": 1785217886.113232, "x": 4.574057592146396, "y": -1.7496130942798893, "zone": null, "min_dist": 0.07405759214639573}
{"t": 1785217886.2733836, "x": 4.574665782587544, "y": -1.750200321063118, "zone": null, "min_dist": 0.07466578258754364}
{"t": 1785217886.425802, "x": 4.574610609740294, "y": -1.7501601153933062, "zone": null, "min_dist": 0.07461060974029365}
{"t": 1785217886.578481, "x": 4.574563864152163, "y": -1.7501262243890727, "zone": null, "min_dist": 0.07456386415216265}
{"t": 1785217886.7303295, "x": 4.574523968800567, "y": -1.7500980957253716, "zone": null, "min_dist": 0.074523968800567}
{"t": 1785217886.8904555, "x": 4.574489190442336, "y": -1.750073768577626, "zone": null, "min_dist": 0.07448919044233637}
{"t": 1785217887.0503018, "x": 4.574460575359392, "y": -1.7500538851760858, "zone": null, "min_dist": 0.07446057535939232}
{"t": 1785217887.202825, "x": 4.574438125226779, "y": -1.7500383648417888, "zone": null, "min_dist": 0.07443812522677895}
{"t": 1785217887.3550591, "x": 4.57441952170567, "y": -1.7500255509513303, "zone": null, "min_dist": 0.07441952170566957}
{"t": 1785217887.507609, "x": 4.574403871058962, "y": -1.7500141827177, "zone": null, "min_dist": 0.07440387105896207}
{"t": 1785217887.6593394, "x": 4.574390843313476, "y": -1.750004825805914, "zone": null, "min_dist": 0.07439084331347612}
{"t": 1785217887.8118985, "x": 4.574380211218668, "y": -1.7499976966700963, "zone": null, "min_dist": 0.074380211218668}
{"t": 1785217887.964159, "x": 4.574371424108261, "y": -1.7499918058763917, "zone": null, "min_dist": 0.0743714241082607}
{"t": 1785217888.1163242, "x": 4.574364173889528, "y": -1.7499869409854898, "zone": null, "min_dist": 0.07436417388952776}
{"t": 1785217888.2690818, "x": 4.574352462571686, "y": -1.7499829921616987, "zone": null, "min_dist": 0.07435246257168604}
{"t": 1785217888.420793, "x": 4.574345949736256, "y": -1.7499772993610145, "zone": null, "min_dist": 0.07434594973625597}
{"t": 1785217888.5731392, "x": 4.574341229827353, "y": -1.7499736306214513, "zone": null, "min_dist": 0.07434122982735314}
{"t": 1785217888.725395, "x": 4.574335769592448, "y": -1.749968415212381, "zone": null, "min_dist": 0.07433576959244803}
{"t": 1785217888.8775113, "x": 4.574332744951301, "y": -1.7499662089476982, "zone": null, "min_dist": 0.07433274495130071}
{"t": 1785217889.029434, "x": 4.574329239734303, "y": -1.7499632205580036, "zone": null, "min_dist": 0.07432923973430317}
{"t": 1785217889.1817224, "x": 4.574327186675818, "y": -1.7499617665004814, "zone": null, "min_dist": 0.07432718667581817}
{"t": 1785217889.3342745, "x": 4.574325332356165, "y": -1.7499604429208002, "zone": null, "min_dist": 0.07432533235616479}
{"t": 1785217889.4865694, "x": 4.574324038324648, "y": -1.749959506256654, "zone": null, "min_dist": 0.07432403832464818}
{"t": 1785217889.6383982, "x": 4.574317148972118, "y": -1.7499589268241396, "zone": null, "min_dist": 0.07431714897211794}
{"t": 1785217889.7905893, "x": 4.57431453148282, "y": -1.749955819979858, "zone": null, "min_dist": 0.07431453148281975}
{"t": 1785217889.9429646, "x": 4.574312417607423, "y": -1.7499532966259654, "zone": null, "min_dist": 0.07431241760742324}
{"t": 1785217890.095438, "x": 4.574311298788011, "y": -1.7499521331549313, "zone": null, "min_dist": 0.07431129878801102}
{"t": 1785217890.2473693, "x": 4.574310605000955, "y": -1.749951396044092, "zone": null, "min_dist": 0.07431060500095477}
{"t": 1785217890.399862, "x": 4.574309070085038, "y": -1.7499495963271643, "zone": null, "min_dist": 0.07430907008503773}
{"t": 1785217890.5521653, "x": 4.5743085854542285, "y": -1.7499491184027531, "zone": null, "min_dist": 0.07430858545422847}
{"t": 1785217890.704326, "x": 4.574308093082091, "y": -1.7499486141154998, "zone": null, "min_dist": 0.07430809308209074}
{"t": 1785217890.8567731, "x": 4.574307785887607, "y": -1.7499482779613156, "zone": null, "min_dist": 0.07430778588760667}
{"t": 1785217891.1136117, "x": 4.574300822199569, "y": -1.7499486902632093, "zone": null, "min_dist": 0.0743008221995689}
{"t": 1785217891.265492, "x": 4.574299697424175, "y": -1.7499468910401785, "zone": null, "min_dist": 0.07429969742417519}
{"t": 1785217891.4175508, "x": 4.574296280485246, "y": -1.749942433842713, "zone": null, "min_dist": 0.07429628048524606}
{"t": 1785217891.5696905, "x": 4.574295511960394, "y": -1.7499414015901575, "zone": null, "min_dist": 0.0742955119603943}
{"t": 1785217891.7221043, "x": 4.574295012726711, "y": -1.7499407109472134, "zone": null, "min_dist": 0.07429501272671057}
{"t": 1785217891.8744965, "x": 4.574293688694426, "y": -1.7499390058756443, "zone": null, "min_dist": 0.07429368869442587}
{"t": 1785217892.0269077, "x": 4.574293234984738, "y": -1.7499384269379654, "zone": null, "min_dist": 0.07429323498473828}
{"t": 1785217892.1784115, "x": 4.574292947568605, "y": -1.7499380275404464, "zone": null, "min_dist": 0.07429294756860472}
{"t": 1785217892.3302758, "x": 4.574286370709596, "y": -1.7499386919618576, "zone": null, "min_dist": 0.0742863707095962}
{"t": 1785217892.4823577, "x": 4.574285211398109, "y": -1.7499368199912793, "zone": null, "min_dist": 0.0742852113981094}
{"t": 1785217892.6348605, "x": 4.57485064985761, "y": -1.750664674005155, "zone": null, "min_dist": 0.07485064985761003}
{"t": 1785217892.7871327, "x": 4.574946689867861, "y": -1.7508241810319287, "zone": null, "min_dist": 0.07494668986786124}
{"t": 1785217892.9397426, "x": 4.574738953324958, "y": -1.7506606925096115, "zone": null, "min_dist": 0.07473895332495761}
{"t": 1785217893.091742, "x": 4.57458590318654, "y": -1.7505417414767446, "zone": null, "min_dist": 0.07458590318653968}
{"t": 1785217893.2441201, "x": 4.574451381632719, "y": -1.7504342223851892, "zone": null, "min_dist": 0.07445138163271903}
{"t": 1785217893.4041731, "x": 4.574323329440882, "y": -1.7503342240651283, "zone": null, "min_dist": 0.07432332944088227}
{"t": 1785217893.564425, "x": 4.574218103445219, "y": -1.7502523364385085, "zone": null, "min_dist": 0.07421810344521873}
{"t": 1785217893.7164452, "x": 4.574426177328322, "y": -1.7505040161623526, "zone": null, "min_dist": 0.07442617732832169}
{"t": 1785217893.8690317, "x": 4.574332270905289, "y": -1.7504486780714286, "zone": null, "min_dist": 0.07433227090528938}
{"t": 1785217894.0214367, "x": 4.574275316085388, "y": -1.7504039865800116, "zone": null, "min_dist": 0.07427531608538818}
{"t": 1785217894.1736805, "x": 4.5742292572460705, "y": -1.7503673531278818, "zone": null, "min_dist": 0.07422925724607055}
{"t": 1785217894.32596, "x": 4.574190686311508, "y": -1.7503366899398844, "zone": null, "min_dist": 0.07419068631150783}
{"t": 1785217894.4783168, "x": 4.574158227327867, "y": -1.7503114382680722, "zone": null, "min_dist": 0.07415822732786737}
{"t": 1785217894.6302524, "x": 4.574131380979787, "y": -1.7502905623200622, "zone": null, "min_dist": 0.07413138097978678}
{"t": 1785217894.7823553, "x": 4.574109195802391, "y": -1.7502733138273219, "zone": null, "min_dist": 0.07410919580239117}
{"t": 1785217894.942404, "x": 4.574089822045853, "y": -1.7502576975270903, "zone": null, "min_dist": 0.07408982204585257}
{"t": 1785217895.0946748, "x": 4.574073117255326, "y": -1.750247729064902, "zone": null, "min_dist": 0.07407311725532573}
{"t": 1785217895.247148, "x": 4.574060191231967, "y": -1.7502372705913973, "zone": null, "min_dist": 0.07406019123196739}
{"t": 1785217895.3994024, "x": 4.574049522081957, "y": -1.750228629109723, "zone": null, "min_dist": 0.07404952208195681}
{"t": 1785217895.5596998, "x": 4.5740397622349045, "y": -1.750220173749997, "zone": null, "min_dist": 0.0740397622349045}
{"t": 1785217895.7200778, "x": 4.5740322696864455, "y": -1.750214180190664, "zone": null, "min_dist": 0.0740322696864455}
{"t": 1785217895.8726418, "x": 4.574026440694216, "y": -1.7502095038858176, "zone": null, "min_dist": 0.07402644069421616}
{"t": 1785217896.0247607, "x": 4.574021634653481, "y": -1.750205636436585, "zone": null, "min_dist": 0.074021634653481}
{"t": 1785217896.1771026, "x": 4.574017681647297, "y": -1.750202444875467, "zone": null, "min_dist": 0.07401768164729727}
{"t": 1785217896.3291914, "x": 4.574008217855031, "y": -1.750198766849792, "zone": null, "min_dist": 0.07400821785503098}
{"t": 1785217896.4817977, "x": 4.574004952847581, "y": -1.7501955974140495, "zone": null, "min_dist": 0.0740049528475808}
{"t": 1785217896.6340532, "x": 4.57400136485623, "y": -1.7501915764986509, "zone": null, "min_dist": 0.07400136485622966}
{"t": 1785217896.7860029, "x": 4.573998350754029, "y": -1.7501882217470972, "zone": null, "min_dist": 0.07399835075402894}
{"t": 1785217896.9383402, "x": 4.573996755192143, "y": -1.7501868284114084, "zone": null, "min_dist": 0.07399675519214277}
{"t": 1785217897.0904212, "x": 4.573995434169432, "y": -1.7501856635449298, "zone": null, "min_dist": 0.073995434169432}
{"t": 1785217897.2507575, "x": 4.573994136724044, "y": -1.7501845013356578, "zone": null, "min_dist": 0.07399413672404442}
{"t": 1785217897.4110181, "x": 4.573987892597732, "y": -1.7501825961398572, "zone": null, "min_dist": 0.07398789259773242}
{"t": 1785217897.5713851, "x": 4.573986663692184, "y": -1.7501811029000025, "zone": null, "min_dist": 0.07398666369218443}
{"t": 1785217897.723377, "x": 4.57398388456484, "y": -1.7501771858220037, "zone": null, "min_dist": 0.07398388456484017}
{"t": 1785217897.8758528, "x": 4.573983100064397, "y": -1.7501763966254393, "zone": null, "min_dist": 0.0739831000643969}
{"t": 1785217898.0360503, "x": 4.573982533273133, "y": -1.7501758075530465, "zone": null, "min_dist": 0.0739825332731332}
{"t": 1785217898.1881502, "x": 4.573982145515087, "y": -1.7501753918844787, "zone": null, "min_dist": 0.07398214551508708}
{"t": 1785217898.3402305, "x": 4.573981777550698, "y": -1.7501749752174498, "zone": null, "min_dist": 0.07398177755069835}
{"t": 1785217898.4926457, "x": 4.573977637142596, "y": -1.750175486760153, "zone": null, "min_dist": 0.07397763714259575}
{"t": 1785217898.652333, "x": 4.573976815153852, "y": -1.750174149869808, "zone": null, "min_dist": 0.07397681515385202}
{"t": 1785217898.804397, "x": 4.573976212458238, "y": -1.750173151439661, "zone": null, "min_dist": 0.07397621245823771}
{"t": 1785217898.9569497, "x": 4.573975714458125, "y": -1.7501722876479702, "zone": null, "min_dist": 0.07397571445812456}
{"t": 1785217899.1092446, "x": 4.573974343669816, "y": -1.7501701537619487, "zone": null, "min_dist": 0.07397434366981592}
{"t": 1785217899.285282, "x": 4.573973190397832, "y": -1.7501684945588352, "zone": null, "min_dist": 0.07397319039783223}
{"t": 1785217899.4460008, "x": 4.573973006707426, "y": -1.7501682655401207, "zone": null, "min_dist": 0.07397300670742624}
{"t": 1785217899.5980992, "x": 4.5739685039863085, "y": -1.7501691042417538, "zone": null, "min_dist": 0.0739685039863085}
{"t": 1785217899.750474, "x": 4.573967640055225, "y": -1.7501677382794847, "zone": null, "min_dist": 0.07396764005522538}
{"t": 1785217899.902807, "x": 4.574633361816762, "y": -1.7510881872819721, "zone": null, "min_dist": 0.07463336181676183}
{"t": 1785217900.054967, "x": 4.574429362225651, "y": -1.7509143655493393, "zone": null, "min_dist": 0.07442936222565066}
{"t": 1785217900.2073195, "x": 4.574259961838262, "y": -1.750771274215952, "zone": null, "min_dist": 0.074259961838262}
{"t": 1785217900.359353, "x": 4.574345978744925, "y": -1.7509364748721192, "zone": null, "min_dist": 0.07434597874492521}
{"t": 1785217900.5196846, "x": 4.574217077467759, "y": -1.7508278055792923, "zone": null, "min_dist": 0.0742170774677593}
{"t": 1785217900.6714942, "x": 4.574118899418166, "y": -1.7507447630899216, "zone": null, "min_dist": 0.07411889941816607}
{"t": 1785217900.82405, "x": 4.574037055903335, "y": -1.7506758874163062, "zone": null, "min_dist": 0.07403705590333498}
{"t": 1785217900.9762368, "x": 4.573966968737677, "y": -1.7506175568650513, "zone": null, "min_dist": 0.07396696873767716}
{"t": 1785217901.1286051, "x": 4.573908890787757, "y": -1.7505693404016909, "zone": null, "min_dist": 0.07390889078775675}
{"t": 1785217901.2806187, "x": 4.573861960883103, "y": -1.75052984819802, "zone": null, "min_dist": 0.07386196088310282}
{"t": 1785217901.4335375, "x": 4.5738219367606545, "y": -1.7504968222420154, "zone": null, "min_dist": 0.07382193676065452}
{"t": 1785217901.5854697, "x": 4.57378882448049, "y": -1.7504695345250392, "zone": null, "min_dist": 0.07378882448048962}
{"t": 1785217901.7374752, "x": 4.573761434559231, "y": -1.7504469813608832, "zone": null, "min_dist": 0.07376143455923057}
{"t": 1785217901.8895872, "x": 4.573751357638405, "y": -1.7504375578524052, "zone": null, "min_dist": 0.07375135763840479}
{"t": 1785217902.0418618, "x": 4.573745476398321, "y": -1.7504316361504115, "zone": null, "min_dist": 0.07374547639832141}
{"t": 1785217902.1941967, "x": 4.573740081883571, "y": -1.7504261919647475, "zone": null, "min_dist": 0.07374008188357095}
{"t": 1785217902.3464892, "x": 4.573736077675742, "y": -1.7504221337096286, "zone": null, "min_dist": 0.07373607767574164}
{"t": 1785217902.4986415, "x": 4.57373273902168, "y": -1.7504187383063556, "zone": null, "min_dist": 0.07373273902167998}
{"t": 1785217902.65835, "x": 4.573729543210539, "y": -1.7504154729300174, "zone": null, "min_dist": 0.07372954321053893}
{"t": 1785217902.81058, "x": 4.57372729825634, "y": -1.7504131671729914, "zone": null, "min_dist": 0.07372729825634039}
{"t": 1785217902.9630275, "x": 4.573725153253078, "y": -1.7504109465291333, "zone": null, "min_dist": 0.07372515325307827}
{"t": 1785217903.115439, "x": 4.57372388274261, "y": -1.7504096167423293, "zone": null, "min_dist": 0.07372388274260988}
{"t": 1785217903.2674186, "x": 4.573722270556431, "y": -1.7504079164856923, "zone": null, "min_dist": 0.07372227055643066}
{"t": 1785217903.4196332, "x": 4.573721458727509, "y": -1.7504070495041235, "zone": null, "min_dist": 0.07372145872750924}
{"t": 1785217903.572224, "x": 4.573720623271445, "y": -1.7504061450202824, "zone": null, "min_dist": 0.07372062327144491}
{"t": 1785217903.7244103, "x": 4.573719850165398, "y": -1.7504052967697792, "zone": null, "min_dist": 0.07371985016539817}
{"t": 1785217903.8765652, "x": 4.573719028981255, "y": -1.750404405229318, "zone": null, "min_dist": 0.07371902898125526}
{"t": 1785217904.0287898, "x": 4.5737186092838416, "y": -1.7504039862468943, "zone": null, "min_dist": 0.07371860928384155}
{"t": 1785217904.1809916, "x": 4.573718237946661, "y": -1.7504035315288655, "zone": null, "min_dist": 0.07371823794666099}
{"t": 1785217904.3336263, "x": 4.573718237946661, "y": -1.7504035315288655, "zone": null, "min_dist": 0.07371823794666099}
{"t": 1785217904.4856386, "x": 4.573717841720453, "y": -1.750403042958655, "zone": null, "min_dist": 0.0737178417204527}
{"t": 1785217904.6461835, "x": 4.573717519718811, "y": -1.7504025936546608, "zone": null, "min_dist": 0.07371751971881135}
{"t": 1785217904.7982888, "x": 4.573717519718811, "y": -1.7504025936546608, "zone": null, "min_dist": 0.07371751971881135}
{"t": 1785217904.9506657, "x": 4.5737171919775275, "y": -1.7504020857363518, "zone": null, "min_dist": 0.07371719197752746}
{"t": 1785217905.1026947, "x": 4.5737171919775275, "y": -1.7504020857363518, "zone": null, "min_dist": 0.07371719197752746}
{"t": 1785217905.2626812, "x": 4.5737171919775275, "y": -1.7504020857363518, "zone": null, "min_dist": 0.07371719197752746}
{"t": 1785217905.4149826, "x": 4.5737171919775275, "y": -1.7504020857363518, "zone": null, "min_dist": 0.07371719197752746}
{"t": 1785217905.5753663, "x": 4.573716831928501, "y": -1.7504013788248485, "zone": null, "min_dist": 0.07371683192850131}
{"t": 1785217905.7272792, "x": 4.573716831928501, "y": -1.7504013788248485, "zone": null, "min_dist": 0.07371683192850131}
{"t": 1785217905.8798513, "x": 4.573716831928501, "y": -1.7504013788248485, "zone": null, "min_dist": 0.07371683192850131}
{"t": 1785217906.031886, "x": 4.573716831928501, "y": -1.7504013788248485, "zone": null, "min_dist": 0.07371683192850131}
{"t": 1785217906.1840746, "x": 4.573716831928501, "y": -1.7504013788248485, "zone": null, "min_dist": 0.07371683192850131}
{"t": 1785217906.3603942, "x": 4.573716831928501, "y": -1.7504013788248485, "zone": null, "min_dist": 0.07371683192850131}
{"t": 1785217906.5370831, "x": 4.573716831928501, "y": -1.7504013788248485, "zone": null, "min_dist": 0.07371683192850131}
{"t": 1785217906.6892598, "x": 4.573716831928501, "y": -1.7504013788248485, "zone": null, "min_dist": 0.07371683192850131}
{"t": 1785217906.8411639, "x": 4.573716818927577, "y": -1.750400788135481, "zone": null, "min_dist": 0.07371681892757742}
{"t": 1785217906.9934258, "x": 4.573716818927577, "y": -1.750400788135481, "zone": null, "min_dist": 0.07371681892757742}
{"t": 1785217907.145528, "x": 4.573716818927577, "y": -1.750400788135481, "zone": null, "min_dist": 0.07371681892757742}
{"t": 1785217907.305683, "x": 4.573716818927577, "y": -1.750400788135481, "zone": null, "min_dist": 0.07371681892757742}
{"t": 1785217907.4580534, "x": 4.573716818927577, "y": -1.750400788135481, "zone": null, "min_dist": 0.07371681892757742}
{"t": 1785217907.6104834, "x": 4.573716969235724, "y": -1.7504006246687855, "zone": null, "min_dist": 0.0737169692357238}
{"t": 1785217907.7867742, "x": 4.573716969235724, "y": -1.7504006246687855, "zone": null, "min_dist": 0.0737169692357238}
{"t": 1785217907.9385302, "x": 4.573716969235724, "y": -1.7504006246687855, "zone": null, "min_dist": 0.0737169692357238}
{"t": 1785217908.0912192, "x": 4.573716969235724, "y": -1.7504006246687855, "zone": null, "min_dist": 0.0737169692357238}
{"t": 1785217908.2431219, "x": 4.573716969235724, "y": -1.7504006246687855, "zone": null, "min_dist": 0.0737169692357238}
{"t": 1785217908.395527, "x": 4.573716969235724, "y": -1.7504006246687855, "zone": null, "min_dist": 0.0737169692357238}
{"t": 1785217908.5480666, "x": 4.573716969235724, "y": -1.7504006246687855, "zone": null, "min_dist": 0.0737169692357238}
{"t": 1785217908.7000673, "x": 4.573716969235724, "y": -1.7504006246687855, "zone": null, "min_dist": 0.0737169692357238}
{"t": 1785217908.8522942, "x": 4.573716969235724, "y": -1.7504006246687855, "zone": null, "min_dist": 0.0737169692357238}
{"t": 1785217909.0044656, "x": 4.573716969235724, "y": -1.7504006246687855, "zone": null, "min_dist": 0.0737169692357238}
{"t": 1785217909.164362, "x": 4.573716969235724, "y": -1.7504006246687855, "zone": null, "min_dist": 0.0737169692357238}
{"t": 1785217909.3166428, "x": 4.573716969235724, "y": -1.7504006246687855, "zone": null, "min_dist": 0.0737169692357238}
{"t": 1785217909.4689932, "x": 4.573716969235724, "y": -1.7504006246687855, "zone": null, "min_dist": 0.0737169692357238}
{"t": 1785217909.6298528, "x": 4.573716969235724, "y": -1.7504006246687855, "zone": null, "min_dist": 0.0737169692357238}
{"t": 1785217909.789783, "x": 4.573717233354097, "y": -1.7504002783220816, "zone": null, "min_dist": 0.07371723335409719}
{"t": 1785217909.941983, "x": 4.573717233354097, "y": -1.7504002783220816, "zone": null, "min_dist": 0.07371723335409719}
{"t": 1785217910.0941525, "x": 4.5737173334252965, "y": -1.7504003005348179, "zone": null, "min_dist": 0.07371733342529652}
{"t": 1785217910.2464025, "x": 4.5737173334252965, "y": -1.7504003005348179, "zone": null, "min_dist": 0.07371733342529652}
{"t": 1785217910.3987477, "x": 4.5737173334252965, "y": -1.7504003005348179, "zone": null, "min_dist": 0.07371733342529652}
{"t": 1785217910.551699, "x": 4.573717531640847, "y": -1.7504003093557916, "zone": null, "min_dist": 0.07371753164084716}
{"t": 1785217910.7110875, "x": 4.573717531640847, "y": -1.7504003093557916, "zone": null, "min_dist": 0.07371753164084716}
{"t": 1785217910.8635628, "x": 4.573717531640847, "y": -1.7504003093557916, "zone": null, "min_dist": 0.07371753164084716}
{"t": 1785217911.1154585, "x": 4.573717531640847, "y": -1.7504003093557916, "zone": null, "min_dist": 0.07371753164084716}
{"t": 1785217911.2716155, "x": 4.573717691731837, "y": -1.7504002941556256, "zone": null, "min_dist": 0.0737176917318374}
{"t": 1785217911.423794, "x": 4.573717691731837, "y": -1.7504002941556256, "zone": null, "min_dist": 0.0737176917318374}
{"t": 1785217911.5767767, "x": 4.573717691731837, "y": -1.7504002941556256, "zone": null, "min_dist": 0.0737176917318374}
{"t": 1785217911.7287424, "x": 4.573717913911965, "y": -1.7504003314169894, "zone": null, "min_dist": 0.07371791391196503}
{"t": 1785217911.8812134, "x": 4.573717913911965, "y": -1.7504003314169894, "zone": null, "min_dist": 0.07371791391196503}
{"t": 1785217912.0331783, "x": 4.573717913911965, "y": -1.7504003314169894, "zone": null, "min_dist": 0.07371791391196503}
{"t": 1785217912.1854389, "x": 4.573717913911965, "y": -1.7504003314169894, "zone": null, "min_dist": 0.07371791391196503}
{"t": 1785217912.3382185, "x": 4.573718132014836, "y": -1.7504003250916333, "zone": null, "min_dist": 0.0737181320148359}
{"t": 1785217912.4902036, "x": 4.573718132014836, "y": -1.7504003250916333, "zone": null, "min_dist": 0.0737181320148359}
{"t": 1785217912.6503522, "x": 4.573718132014836, "y": -1.7504003250916333, "zone": null, "min_dist": 0.0737181320148359}
{"t": 1785217912.8025825, "x": 4.573718132014836, "y": -1.7504003250916333, "zone": null, "min_dist": 0.0737181320148359}
{"t": 1785217912.9545596, "x": 4.573718132014836, "y": -1.7504003250916333, "zone": null, "min_dist": 0.0737181320148359}
{"t": 1785217913.106477, "x": 4.573718132014836, "y": -1.7504003250916333, "zone": null, "min_dist": 0.0737181320148359}
{"t": 1785217913.2589025, "x": 4.573718132014836, "y": -1.7504003250916333, "zone": null, "min_dist": 0.0737181320148359}
{"t": 1785217913.411228, "x": 4.573718132014836, "y": -1.7504003250916333, "zone": null, "min_dist": 0.0737181320148359}
{"t": 1785217913.563944, "x": 4.573718132014836, "y": -1.7504003250916333, "zone": null, "min_dist": 0.0737181320148359}
{"t": 1785217913.715479, "x": 4.573718132014836, "y": -1.7504003250916333, "zone": null, "min_dist": 0.0737181320148359}
{"t": 1785217913.8673484, "x": 4.573718132014836, "y": -1.7504003250916333, "zone": null, "min_dist": 0.0737181320148359}
{"t": 1785217914.0279384, "x": 4.573718413032724, "y": -1.7504001436414234, "zone": null, "min_dist": 0.07371841303272397}
{"t": 1785217914.1803625, "x": 4.573718413032724, "y": -1.7504001436414234, "zone": null, "min_dist": 0.07371841303272397}
{"t": 1785217914.3325474, "x": 4.573718413032724, "y": -1.7504001436414234, "zone": null, "min_dist": 0.07371841303272397}
{"t": 1785217914.4924266, "x": 4.5737186048247835, "y": -1.7504001733820271, "zone": null, "min_dist": 0.07371860482478354}
{"t": 1785217914.6447692, "x": 4.5737186048247835, "y": -1.7504001733820271, "zone": null, "min_dist": 0.07371860482478354}
{"t": 1785217914.7971704, "x": 4.5737186048247835, "y": -1.7504001733820271, "zone": null, "min_dist": 0.07371860482478354}
{"t": 1785217914.9494896, "x": 4.5737186048247835, "y": -1.7504001733820271, "zone": null, "min_dist": 0.07371860482478354}
{"t": 1785217915.101349, "x": 4.5737188054232805, "y": -1.7504001527503061, "zone": null, "min_dist": 0.07371880542328046}
{"t": 1785217915.2537818, "x": 4.5737188054232805, "y": -1.7504001527503061, "zone": null, "min_dist": 0.07371880542328046}
{"t": 1785217915.406228, "x": 4.5737188054232805, "y": -1.7504001527503061, "zone": null, "min_dist": 0.07371880542328046}
{"t": 1785217915.5587509, "x": 4.5737188054232805, "y": -1.7504001527503061, "zone": null, "min_dist": 0.07371880542328046}
{"t": 1785217915.710572, "x": 4.5737188054232805, "y": -1.7504001527503061, "zone": null, "min_dist": 0.07371880542328046}
{"t": 1785217915.8627121, "x": 4.5737188054232805, "y": -1.7504001527503061, "zone": null, "min_dist": 0.07371880542328046}
{"t": 1785217916.0152266, "x": 4.5737188054232805, "y": -1.7504001527503061, "zone": null, "min_dist": 0.07371880542328046}
{"t": 1785217916.1673539, "x": 4.573718977149314, "y": -1.7504000623925642, "zone": null, "min_dist": 0.07371897714931386}
{"t": 1785217916.3194566, "x": 4.573718977149314, "y": -1.7504000623925642, "zone": null, "min_dist": 0.07371897714931386}
{"t": 1785217916.471958, "x": 4.573718977149314, "y": -1.7504000623925642, "zone": null, "min_dist": 0.07371897714931386}
{"t": 1785217916.6242287, "x": 4.573718977149314, "y": -1.7504000623925642, "zone": null, "min_dist": 0.07371897714931386}
{"t": 1785217916.800209, "x": 4.573718977149314, "y": -1.7504000623925642, "zone": null, "min_dist": 0.07371897714931386}
{"t": 1785217916.952461, "x": 4.573718977149314, "y": -1.7504000623925642, "zone": null, "min_dist": 0.07371897714931386}
{"t": 1785217917.1047413, "x": 4.573718977149314, "y": -1.7504000623925642, "zone": null, "min_dist": 0.07371897714931386}
{"t": 1785217917.2649748, "x": 4.573718977149314, "y": -1.7504000623925642, "zone": null, "min_dist": 0.07371897714931386}
{"t": 1785217917.4171455, "x": 4.573718977149314, "y": -1.7504000623925642, "zone": null, "min_dist": 0.07371897714931386}
{"t": 1785217917.5696507, "x": 4.573719207993605, "y": -1.7503998846818993, "zone": null, "min_dist": 0.0737192079936051}
{"t": 1785217917.721532, "x": 4.573719207993605, "y": -1.7503998846818993, "zone": null, "min_dist": 0.0737192079936051}
{"t": 1785217917.8733892, "x": 4.573719207993605, "y": -1.7503998846818993, "zone": null, "min_dist": 0.0737192079936051}
{"t": 1785217918.0255651, "x": 4.5737193977054, "y": -1.7503999043745646, "zone": null, "min_dist": 0.07371939770539981}
{"t": 1785217918.1778698, "x": 4.5737193977054, "y": -1.7503999043745646, "zone": null, "min_dist": 0.07371939770539981}
{"t": 1785217918.3303308, "x": 4.5737193977054, "y": -1.7503999043745646, "zone": null, "min_dist": 0.07371939770539981}
{"t": 1785217918.4824624, "x": 4.5737193977054, "y": -1.7503999043745646, "zone": null, "min_dist": 0.07371939770539981}
{"t": 1785217918.6345797, "x": 4.5737193977054, "y": -1.7503999043745646, "zone": null, "min_dist": 0.07371939770539981}
{"t": 1785217918.7867668, "x": 4.573719558636806, "y": -1.7503998809456134, "zone": null, "min_dist": 0.0737195586368058}
{"t": 1785217918.9389486, "x": 4.573719558636806, "y": -1.7503998809456134, "zone": null, "min_dist": 0.0737195586368058}
{"t": 1785217919.0912354, "x": 4.573719558636806, "y": -1.7503998809456134, "zone": null, "min_dist": 0.0737195586368058}
{"t": 1785217919.2436683, "x": 4.573719558636806, "y": -1.7503998809456134, "zone": null, "min_dist": 0.0737195586368058}
{"t": 1785217919.3957264, "x": 4.573719558636806, "y": -1.7503998809456134, "zone": null, "min_dist": 0.0737195586368058}
{"t": 1785217919.548335, "x": 4.573719558636806, "y": -1.7503998809456134, "zone": null, "min_dist": 0.0737195586368058}
{"t": 1785217919.7004654, "x": 4.573719558636806, "y": -1.7503998809456134, "zone": null, "min_dist": 0.0737195586368058}
{"t": 1785217919.8604305, "x": 4.573719558636806, "y": -1.7503998809456134, "zone": null, "min_dist": 0.0737195586368058}
{"t": 1785217920.0126755, "x": 4.573719558636806, "y": -1.7503998809456134, "zone": null, "min_dist": 0.0737195586368058}
{"t": 1785217920.1649253, "x": 4.573719558636806, "y": -1.7503998809456134, "zone": null, "min_dist": 0.0737195586368058}
{"t": 1785217920.3253417, "x": 4.573719558636806, "y": -1.7503998809456134, "zone": null, "min_dist": 0.0737195586368058}
{"t": 1785217920.4774165, "x": 4.573719836331129, "y": -1.7503996571675386, "zone": null, "min_dist": 0.07371983633112933}
{"t": 1785217920.6293774, "x": 4.573719836331129, "y": -1.7503996571675386, "zone": null, "min_dist": 0.07371983633112933}
{"t": 1785217920.7813475, "x": 4.573719836331129, "y": -1.7503996571675386, "zone": null, "min_dist": 0.07371983633112933}
{"t": 1785217920.9340353, "x": 4.573719836331129, "y": -1.7503996571675386, "zone": null, "min_dist": 0.07371983633112933}
{"t": 1785217921.0863876, "x": 4.573719836331129, "y": -1.7503996571675386, "zone": null, "min_dist": 0.07371983633112933}
{"t": 1785217921.2383208, "x": 4.573719836331129, "y": -1.7503996571675386, "zone": null, "min_dist": 0.07371983633112933}
{"t": 1785217921.390297, "x": 4.573719836331129, "y": -1.7503996571675386, "zone": null, "min_dist": 0.07371983633112933}
{"t": 1785217921.542782, "x": 4.573719836331129, "y": -1.7503996571675386, "zone": null, "min_dist": 0.07371983633112933}
{"t": 1785217921.6951122, "x": 4.573719836331129, "y": -1.7503996571675386, "zone": null, "min_dist": 0.07371983633112933}
{"t": 1785217921.847532, "x": 4.573719836331129, "y": -1.7503996571675386, "zone": null, "min_dist": 0.07371983633112933}
{"t": 1785217921.9997177, "x": 4.57372003733128, "y": -1.750399462293796, "zone": null, "min_dist": 0.07372003733128007}
{"t": 1785217922.1519265, "x": 4.57372003733128, "y": -1.750399462293796, "zone": null, "min_dist": 0.07372003733128007}
{"t": 1785217922.3046024, "x": 4.57372003733128, "y": -1.750399462293796, "zone": null, "min_dist": 0.07372003733128007}
{"t": 1785217922.4645405, "x": 4.57372021512641, "y": -1.7503994867040207, "zone": null, "min_dist": 0.0737202151264098}
{"t": 1785217922.6169143, "x": 4.57372021512641, "y": -1.7503994867040207, "zone": null, "min_dist": 0.0737202151264098}
{"t": 1785217922.7690349, "x": 4.57372021512641, "y": -1.7503994867040207, "zone": null, "min_dist": 0.0737202151264098}
{"t": 1785217922.9210193, "x": 4.57372021512641, "y": -1.7503994867040207, "zone": null, "min_dist": 0.0737202151264098}
{"t": 1785217923.0735364, "x": 4.57372021512641, "y": -1.7503994867040207, "zone": null, "min_dist": 0.0737202151264098}
{"t": 1785217923.2259898, "x": 4.57372041793627, "y": -1.7503994346774803, "zone": null, "min_dist": 0.07372041793627027}
{"t": 1785217923.377972, "x": 4.57372041793627, "y": -1.7503994346774803, "zone": null, "min_dist": 0.07372041793627027}
{"t": 1785217923.5303593, "x": 4.57372041793627, "y": -1.7503994346774803, "zone": null, "min_dist": 0.07372041793627027}
{"t": 1785217923.6826, "x": 4.573720517205252, "y": -1.750399427685269, "zone": null, "min_dist": 0.07372051720525175}
{"t": 1785217923.8348768, "x": 4.573720517205252, "y": -1.750399427685269, "zone": null, "min_dist": 0.07372051720525175}
{"t": 1785217923.9869251, "x": 4.573720517205252, "y": -1.750399427685269, "zone": null, "min_dist": 0.07372051720525175}
{"t": 1785217924.1392367, "x": 4.573720697878958, "y": -1.7503994631448587, "zone": null, "min_dist": 0.07372069787895796}
{"t": 1785217924.2918959, "x": 4.573720697878958, "y": -1.7503994631448587, "zone": null, "min_dist": 0.07372069787895796}
{"t": 1785217924.443803, "x": 4.573720697878958, "y": -1.7503994631448587, "zone": null, "min_dist": 0.07372069787895796}
{"t": 1785217924.5960503, "x": 4.573720697878958, "y": -1.7503994631448587, "zone": null, "min_dist": 0.07372069787895796}
{"t": 1785217924.7483451, "x": 4.573720697878958, "y": -1.7503994631448587, "zone": null, "min_dist": 0.07372069787895796}
{"t": 1785217924.9005327, "x": 4.573720923393291, "y": -1.7503994433914047, "zone": null, "min_dist": 0.0737209233932914}
{"t": 1785217925.0524588, "x": 4.573720923393291, "y": -1.7503994433914047, "zone": null, "min_dist": 0.0737209233932914}
{"t": 1785217925.2049718, "x": 4.573720923393291, "y": -1.7503994433914047, "zone": null, "min_dist": 0.0737209233932914}
{"t": 1785217925.3650033, "x": 4.573721112369359, "y": -1.7503994640206495, "zone": null, "min_dist": 0.07372111236935908}
{"t": 1785217925.5173771, "x": 4.573721112369359, "y": -1.7503994640206495, "zone": null, "min_dist": 0.07372111236935908}
{"t": 1785217925.6694674, "x": 4.573721112369359, "y": -1.7503994640206495, "zone": null, "min_dist": 0.07372111236935908}
{"t": 1785217925.8217826, "x": 4.573721335374656, "y": -1.7503994659515336, "zone": null, "min_dist": 0.07372133537465597}
{"t": 1785217925.9742348, "x": 4.573721335374656, "y": -1.7503994659515336, "zone": null, "min_dist": 0.07372133537465597}
{"t": 1785217926.126188, "x": 4.573721335374656, "y": -1.7503994659515336, "zone": null, "min_dist": 0.07372133537465597}
{"t": 1785217926.278509, "x": 4.573721335374656, "y": -1.7503994659515336, "zone": null, "min_dist": 0.07372133537465597}
{"t": 1785217926.4309828, "x": 4.573721335374656, "y": -1.7503994659515336, "zone": null, "min_dist": 0.07372133537465597}
{"t": 1785217926.5840163, "x": 4.573721335374656, "y": -1.7503994659515336, "zone": null, "min_dist": 0.07372133537465597}
{"t": 1785217926.7353032, "x": 4.573721519029519, "y": -1.7503994096673265, "zone": null, "min_dist": 0.07372151902951884}
{"t": 1785217926.8875172, "x": 4.573721519029519, "y": -1.7503994096673265, "zone": null, "min_dist": 0.07372151902951884}
{"t": 1785217927.0395446, "x": 4.573721519029519, "y": -1.7503994096673265, "zone": null, "min_dist": 0.07372151902951884}
{"t": 1785217927.1915858, "x": 4.573721519029519, "y": -1.7503994096673265, "zone": null, "min_dist": 0.07372151902951884}
{"t": 1785217927.3434772, "x": 4.573721519029519, "y": -1.7503994096673265, "zone": null, "min_dist": 0.07372151902951884}
{"t": 1785217927.4958947, "x": 4.573721519029519, "y": -1.7503994096673265, "zone": null, "min_dist": 0.07372151902951884}
{"t": 1785217927.6481404, "x": 4.573721519029519, "y": -1.7503994096673265, "zone": null, "min_dist": 0.07372151902951884}
{"t": 1785217927.8004076, "x": 4.5737217409515685, "y": -1.7503993190429707, "zone": null, "min_dist": 0.07372174095156847}
{"t": 1785217927.952735, "x": 4.5737217409515685, "y": -1.7503993190429707, "zone": null, "min_dist": 0.07372174095156847}
{"t": 1785217928.1129785, "x": 4.573721907622028, "y": -1.750399337982101, "zone": null, "min_dist": 0.07372190762202813}
{"t": 1785217928.2732296, "x": 4.573721907622028, "y": -1.750399337982101, "zone": null, "min_dist": 0.07372190762202813}
{"t": 1785217928.4254892, "x": 4.573721907622028, "y": -1.750399337982101, "zone": null, "min_dist": 0.07372190762202813}
{"t": 1785217928.586085, "x": 4.573721907622028, "y": -1.750399337982101, "zone": null, "min_dist": 0.07372190762202813}
{"t": 1785217928.7375715, "x": 4.573721907622028, "y": -1.750399337982101, "zone": null, "min_dist": 0.07372190762202813}
{"t": 1785217928.890054, "x": 4.573721907622028, "y": -1.750399337982101, "zone": null, "min_dist": 0.07372190762202813}
{"t": 1785217929.0422587, "x": 4.573722115249911, "y": -1.750399282177029, "zone": null, "min_dist": 0.07372211524991101}
{"t": 1785217929.1943252, "x": 4.573722115249911, "y": -1.750399282177029, "zone": null, "min_dist": 0.07372211524991101}
{"t": 1785217929.3465953, "x": 4.573722115249911, "y": -1.750399282177029, "zone": null, "min_dist": 0.07372211524991101}
{"t": 1785217929.4992366, "x": 4.573722115249911, "y": -1.750399282177029, "zone": null, "min_dist": 0.07372211524991101}
{"t": 1785217929.6513035, "x": 4.573722115249911, "y": -1.750399282177029, "zone": null, "min_dist": 0.07372211524991101}
{"t": 1785217929.8114731, "x": 4.573722115249911, "y": -1.750399282177029, "zone": null, "min_dist": 0.07372211524991101}
{"t": 1785217929.9719634, "x": 4.573722115249911, "y": -1.750399282177029, "zone": null, "min_dist": 0.07372211524991101}
{"t": 1785217930.1242056, "x": 4.573722115249911, "y": -1.750399282177029, "zone": null, "min_dist": 0.07372211524991101}
{"t": 1785217930.2765183, "x": 4.573722115249911, "y": -1.750399282177029, "zone": null, "min_dist": 0.07372211524991101}
{"t": 1785217930.428442, "x": 4.573722115249911, "y": -1.750399282177029, "zone": null, "min_dist": 0.07372211524991101}
{"t": 1785217930.5804608, "x": 4.573722348389847, "y": -1.7503990927351103, "zone": null, "min_dist": 0.07372234838984681}
{"t": 1785217930.7329597, "x": 4.573722348389847, "y": -1.7503990927351103, "zone": null, "min_dist": 0.07372234838984681}
{"t": 1785217930.8852124, "x": 4.573722539491064, "y": -1.750399121556528, "zone": null, "min_dist": 0.07372253949106433}
{"t": 1785217931.0455458, "x": 4.573722539491064, "y": -1.750399121556528, "zone": null, "min_dist": 0.07372253949106433}
{"t": 1785217931.1974275, "x": 4.573722539491064, "y": -1.750399121556528, "zone": null, "min_dist": 0.07372253949106433}
{"t": 1785217931.3495498, "x": 4.573722539491064, "y": -1.750399121556528, "zone": null, "min_dist": 0.07372253949106433}
{"t": 1785217931.5102396, "x": 4.5737227195734524, "y": -1.7503990950279844, "zone": null, "min_dist": 0.07372271957345244}
{"t": 1785217931.662761, "x": 4.5737227195734524, "y": -1.7503990950279844, "zone": null, "min_dist": 0.07372271957345244}
{"t": 1785217931.81462, "x": 4.5737227195734524, "y": -1.7503990950279844, "zone": null, "min_dist": 0.07372271957345244}
{"t": 1785217931.9668503, "x": 4.5737227195734524, "y": -1.7503990950279844, "zone": null, "min_dist": 0.07372271957345244}
{"t": 1785217932.1189373, "x": 4.5737227195734524, "y": -1.7503990950279844, "zone": null, "min_dist": 0.07372271957345244}
{"t": 1785217932.2718997, "x": 4.5737227195734524, "y": -1.7503990950279844, "zone": null, "min_dist": 0.07372271957345244}
{"t": 1785217932.4234762, "x": 4.5737227195734524, "y": -1.7503990950279844, "zone": null, "min_dist": 0.07372271957345244}
{"t": 1785217932.5756018, "x": 4.5737227195734524, "y": -1.7503990950279844, "zone": null, "min_dist": 0.07372271957345244}
{"t": 1785217932.7275214, "x": 4.5737227195734524, "y": -1.7503990950279844, "zone": null, "min_dist": 0.07372271957345244}
{"t": 1785217932.8800004, "x": 4.5737227195734524, "y": -1.7503990950279844, "zone": null, "min_dist": 0.07372271957345244}
{"t": 1785217933.0323277, "x": 4.573722958694074, "y": -1.7503989337001509, "zone": null, "min_dist": 0.07372295869407441}
{"t": 1785217933.1844425, "x": 4.573722958694074, "y": -1.7503989337001509, "zone": null, "min_dist": 0.07372295869407441}
{"t": 1785217933.3368976, "x": 4.573722958694074, "y": -1.7503989337001509, "zone": null, "min_dist": 0.07372295869407441}
{"t": 1785217933.4973059, "x": 4.573722958694074, "y": -1.7503989337001509, "zone": null, "min_dist": 0.07372295869407441}
{"t": 1785217933.6494527, "x": 4.573722958694074, "y": -1.7503989337001509, "zone": null, "min_dist": 0.07372295869407441}
{"t": 1785217933.8015363, "x": 4.573722958694074, "y": -1.7503989337001509, "zone": null, "min_dist": 0.07372295869407441}
{"t": 1785217933.953911, "x": 4.573722958694074, "y": -1.7503989337001509, "zone": null, "min_dist": 0.07372295869407441}
{"t": 1785217934.1061425, "x": 4.573722958694074, "y": -1.7503989337001509, "zone": null, "min_dist": 0.07372295869407441}
{"t": 1785217934.2585, "x": 4.573722958694074, "y": -1.7503989337001509, "zone": null, "min_dist": 0.07372295869407441}
{"t": 1785217934.4104152, "x": 4.573722958694074, "y": -1.7503989337001509, "zone": null, "min_dist": 0.07372295869407441}
{"t": 1785217934.56255, "x": 4.573722958694074, "y": -1.7503989337001509, "zone": null, "min_dist": 0.07372295869407441}
{"t": 1785217934.7144132, "x": 4.573722958694074, "y": -1.7503989337001509, "zone": null, "min_dist": 0.07372295869407441}
{"t": 1785217934.8669033, "x": 4.573723192351244, "y": -1.750398651162051, "zone": null, "min_dist": 0.07372319235124358}
{"t": 1785217935.0192595, "x": 4.573723192351244, "y": -1.750398651162051, "zone": null, "min_dist": 0.07372319235124358}
{"t": 1785217935.1713994, "x": 4.573723192351244, "y": -1.750398651162051, "zone": null, "min_dist": 0.07372319235124358}
{"t": 1785217935.3236485, "x": 4.573723192351244, "y": -1.750398651162051, "zone": null, "min_dist": 0.07372319235124358}
{"t": 1785217935.4840517, "x": 4.573723348313885, "y": -1.750398615304089, "zone": null, "min_dist": 0.0737233483138846}
{"t": 1785217935.6363695, "x": 4.573723348313885, "y": -1.750398615304089, "zone": null, "min_dist": 0.0737233483138846}
{"t": 1785217935.796554, "x": 4.573723348313885, "y": -1.750398615304089, "zone": null, "min_dist": 0.0737233483138846}
{"t": 1785217935.9486513, "x": 4.573723492575091, "y": -1.7503986400693132, "zone": null, "min_dist": 0.07372349257509114}
{"t": 1785217936.1010866, "x": 4.573723492575091, "y": -1.7503986400693132, "zone": null, "min_dist": 0.07372349257509114}
{"t": 1785217936.2533796, "x": 4.573723492575091, "y": -1.7503986400693132, "zone": null, "min_dist": 0.07372349257509114}
{"t": 1785217936.4056892, "x": 4.573723492575091, "y": -1.7503986400693132, "zone": null, "min_dist": 0.07372349257509114}
{"t": 1785217936.5575273, "x": 4.573723492575091, "y": -1.7503986400693132, "zone": null, "min_dist": 0.07372349257509114}
{"t": 1785217936.7093208, "x": 4.573723492575091, "y": -1.7503986400693132, "zone": null, "min_dist": 0.07372349257509114}
{"t": 1785217936.861506, "x": 4.573723492575091, "y": -1.7503986400693132, "zone": null, "min_dist": 0.07372349257509114}
{"t": 1785217937.0140169, "x": 4.5737237298116975, "y": -1.7503985411332905, "zone": null, "min_dist": 0.0737237298116975}
{"t": 1785217937.1666827, "x": 4.5737237298116975, "y": -1.7503985411332905, "zone": null, "min_dist": 0.0737237298116975}
{"t": 1785217937.31893, "x": 4.5737237298116975, "y": -1.7503985411332905, "zone": null, "min_dist": 0.0737237298116975}
{"t": 1785217937.4709885, "x": 4.573723883117511, "y": -1.7503985442075576, "zone": null, "min_dist": 0.07372388311751088}
{"t": 1785217937.63119, "x": 4.573723883117511, "y": -1.7503985442075576, "zone": null, "min_dist": 0.07372388311751088}
{"t": 1785217937.783331, "x": 4.573723883117511, "y": -1.7503985442075576, "zone": null, "min_dist": 0.07372388311751088}
{"t": 1785217937.9359882, "x": 4.573723883117511, "y": -1.7503985442075576, "zone": null, "min_dist": 0.07372388311751088}
{"t": 1785217938.0880537, "x": 4.573723883117511, "y": -1.7503985442075576, "zone": null, "min_dist": 0.07372388311751088}
{"t": 1785217938.24018, "x": 4.573723883117511, "y": -1.7503985442075576, "zone": null, "min_dist": 0.07372388311751088}
{"t": 1785217938.3924522, "x": 4.573724163239771, "y": -1.7503985076264477, "zone": null, "min_dist": 0.07372416323977138}
{"t": 1785217938.5444295, "x": 4.573724163239771, "y": -1.7503985076264477, "zone": null, "min_dist": 0.07372416323977138}
{"t": 1785217938.6964595, "x": 4.573724163239771, "y": -1.7503985076264477, "zone": null, "min_dist": 0.07372416323977138}
{"t": 1785217938.8484392, "x": 4.573724299605722, "y": -1.7503984973991626, "zone": null, "min_dist": 0.07372429960572191}
{"t": 1785217939.0009801, "x": 4.573724299605722, "y": -1.7503984973991626, "zone": null, "min_dist": 0.07372429960572191}
{"t": 1785217939.153074, "x": 4.573724299605722, "y": -1.7503984973991626, "zone": null, "min_dist": 0.07372429960572191}
{"t": 1785217939.3053076, "x": 4.573724299605722, "y": -1.7503984973991626, "zone": null, "min_dist": 0.07372429960572191}
{"t": 1785217939.4574952, "x": 4.573724520594016, "y": -1.7503985105144437, "zone": null, "min_dist": 0.07372452059401624}
{"t": 1785217939.6100492, "x": 4.573724520594016, "y": -1.7503985105144437, "zone": null, "min_dist": 0.07372452059401624}
{"t": 1785217939.769837, "x": 4.573724520594016, "y": -1.7503985105144437, "zone": null, "min_dist": 0.07372452059401624}
{"t": 1785217939.922289, "x": 4.573724520594016, "y": -1.7503985105144437, "zone": null, "min_dist": 0.07372452059401624}
{"t": 1785217940.0743008, "x": 4.573724520594016, "y": -1.7503985105144437, "zone": null, "min_dist": 0.07372452059401624}
{"t": 1785217940.2263527, "x": 4.573724520594016, "y": -1.7503985105144437, "zone": null, "min_dist": 0.07372452059401624}
{"t": 1785217940.378939, "x": 4.573724753224969, "y": -1.7503984301247315, "zone": null, "min_dist": 0.07372475322496896}
{"t": 1785217940.5311787, "x": 4.573724753224969, "y": -1.7503984301247315, "zone": null, "min_dist": 0.07372475322496896}
{"t": 1785217940.6839335, "x": 4.573724753224969, "y": -1.7503984301247315, "zone": null, "min_dist": 0.07372475322496896}
{"t": 1785217940.8357959, "x": 4.573724753224969, "y": -1.7503984301247315, "zone": null, "min_dist": 0.07372475322496896}
{"t": 1785217940.9881318, "x": 4.573724753224969, "y": -1.7503984301247315, "zone": null, "min_dist": 0.07372475322496896}
{"t": 1785217941.1404595, "x": 4.573724753224969, "y": -1.7503984301247315, "zone": null, "min_dist": 0.07372475322496896}
{"t": 1785217941.3004274, "x": 4.573724753224969, "y": -1.7503984301247315, "zone": null, "min_dist": 0.07372475322496896}
{"t": 1785217941.453023, "x": 4.573724753224969, "y": -1.7503984301247315, "zone": null, "min_dist": 0.07372475322496896}
{"t": 1785217941.6050854, "x": 4.573724753224969, "y": -1.7503984301247315, "zone": null, "min_dist": 0.07372475322496896}
{"t": 1785217941.7574408, "x": 4.573724753224969, "y": -1.7503984301247315, "zone": null, "min_dist": 0.07372475322496896}
{"t": 1785217941.9095342, "x": 4.573724984796838, "y": -1.7503982481002083, "zone": null, "min_dist": 0.0737249847968382}
{"t": 1785217942.0619676, "x": 4.573724984796838, "y": -1.7503982481002083, "zone": null, "min_dist": 0.0737249847968382}
{"t": 1785217942.2141008, "x": 4.57372511750601, "y": -1.750398290248586, "zone": null, "min_dist": 0.07372511750600985}
{"t": 1785217942.366349, "x": 4.57372511750601, "y": -1.750398290248586, "zone": null, "min_dist": 0.07372511750600985}
{"t": 1785217942.542507, "x": 4.57372511750601, "y": -1.750398290248586, "zone": null, "min_dist": 0.07372511750600985}
{"t": 1785217942.694942, "x": 4.57372511750601, "y": -1.750398290248586, "zone": null, "min_dist": 0.07372511750600985}
{"t": 1785217942.8468015, "x": 4.57372511750601, "y": -1.750398290248586, "zone": null, "min_dist": 0.07372511750600985}
{"t": 1785217942.9995625, "x": 4.573725375206244, "y": -1.7503982248357168, "zone": null, "min_dist": 0.07372537520624434}
{"t": 1785217943.1516101, "x": 4.573725375206244, "y": -1.7503982248357168, "zone": null, "min_dist": 0.07372537520624434}
{"t": 1785217943.3037786, "x": 4.573725375206244, "y": -1.7503982248357168, "zone": null, "min_dist": 0.07372537520624434}
{"t": 1785217943.45581, "x": 4.573725375206244, "y": -1.7503982248357168, "zone": null, "min_dist": 0.07372537520624434}
{"t": 1785217943.6082563, "x": 4.573725375206244, "y": -1.7503982248357168, "zone": null, "min_dist": 0.07372537520624434}
{"t": 1785217943.7603078, "x": 4.573725375206244, "y": -1.7503982248357168, "zone": null, "min_dist": 0.07372537520624434}
{"t": 1785217943.912607, "x": 4.573725375206244, "y": -1.7503982248357168, "zone": null, "min_dist": 0.07372537520624434}
{"t": 1785217944.0651927, "x": 4.573725375206244, "y": -1.7503982248357168, "zone": null, "min_dist": 0.07372537520624434}
{"t": 1785217944.2175877, "x": 4.573725375206244, "y": -1.7503982248357168, "zone": null, "min_dist": 0.07372537520624434}
{"t": 1785217944.3694675, "x": 4.573725597063156, "y": -1.7503980705588331, "zone": null, "min_dist": 0.07372559706315585}
{"t": 1785217944.529794, "x": 4.573725597063156, "y": -1.7503980705588331, "zone": null, "min_dist": 0.07372559706315585}
{"t": 1785217944.6824713, "x": 4.573725597063156, "y": -1.7503980705588331, "zone": null, "min_dist": 0.07372559706315585}
