{"t": 1785216388.1726809, "x": -4.269779338503448e-12, "y": -2.5389897795015886e-13, "zone": null, "min_dist": 1.8027756377354065}
{"t": 1785216388.3244598, "x": -4.269779338503448e-12, "y": -2.5389897795015886e-13, "zone": null, "min_dist": 1.8027756377354065}
{"t": 1785216388.4768476, "x": -4.269779338503448e-12, "y": -2.5389897795015886e-13, "zone": null, "min_dist": 1.8027756377354065}
{"t": 1785216388.6371734, "x": -4.269779338503448e-12, "y": -2.5389897795015886e-13, "zone": null, "min_dist": 1.8027756377354065}
{"t": 1785216388.7972293, "x": -4.269779338503448e-12, "y": -2.5389897795015886e-13, "zone": null, "min_dist": 1.8027756377354065}
{"t": 1785216388.9578183, "x": -4.269779338503448e-12, "y": -2.5389897795015886e-13, "zone": null, "min_dist": 1.8027756377354065}
{"t": 1785216389.117741, "x": -4.269779338503448e-12, "y": -2.5389897795015886e-13, "zone": null, "min_dist": 1.8027756377354065}
{"t": 1785216389.2697566, "x": -4.269779338503448e-12, "y": -2.5389897795015886e-13, "zone": null, "min_dist": 1.8027756377354065}
{"t": 1785216389.4220073, "x": -4.269779338503448e-12, "y": -2.5389897795015886e-13, "zone": null, "min_dist": 1.8027756377354065}
{"t": 1785216389.5742643, "x": -4.269779338503448e-12, "y": -2.5389897795015886e-13, "zone": null, "min_dist": 1.8027756377354065}
{"t": 1785216389.7263882, "x": -4.269779338503448e-12, "y": -2.5389897795015886e-13, "zone": null, "min_dist": 1.8027756377354065}
{"t": 1785216389.87855, "x": -4.269779338503448e-12, "y": -2.5389897795015886e-13, "zone": null, "min_dist": 1.8027756377354065}
{"t": 1785216390.038456, "x": -4.269779338503448e-12, "y": -2.5389897795015886e-13, "zone": null, "min_dist": 1.8027756377354065}
{"t": 1785216390.1907809, "x": -4.269779338503448e-12, "y": -2.5389897795015886e-13, "zone": null, "min_dist": 1.8027756377354065}
{"t": 1785216390.367458, "x": -4.269779338503448e-12, "y": -2.5389897795015886e-13, "zone": null, "min_dist": 1.8027756377354065}
{"t": 1785216390.5202706, "x": -4.269779338503448e-12, "y": -2.5389897795015886e-13, "zone": null, "min_dist": 1.8027756377354065}
{"t": 1785216390.672095, "x": -4.269779338503448e-12, "y": -2.5389897795015886e-13, "zone": null, "min_dist": 1.8027756377354065}
{"t": 1785216390.824314, "x": -4.269779338503448e-12, "y": -2.5389897795015886e-13, "zone": null, "min_dist": 1.8027756377354065}
{"t": 1785216390.976624, "x": -4.269779338503448e-12, "y": -2.5389897795015886e-13, "zone": null, "min_dist": 1.8027756377354065}
{"t": 1785216391.1285856, "x": -4.269779338503448e-12, "y": -2.5389897795015886e-13, "zone": null, "min_dist": 1.8027756377354065}
{"t": 1785216391.2804222, "x": -4.269779338503448e-12, "y": -2.5389897795015886e-13, "zone": null, "min_dist": 1.8027756377354065}
{"t": 1785216391.4329722, "x": -4.269779338503448e-12, "y": -2.5389897795015886e-13, "zone": null, "min_dist": 1.8027756377354065}
{"t": 1785216391.5935557, "x": -4.269779338503448e-12, "y": -2.5389897795015886e-13, "zone": null, "min_dist": 1.8027756377354065}
{"t": 1785216391.7454479, "x": -4.269779338503448e-12, "y": -2.5389897795015886e-13, "zone": null, "min_dist": 1.8027756377354065}
{"t": 1785216391.8977356, "x": -4.269779338503448e-12, "y": -2.5389897795015886e-13, "zone": null, "min_dist": 1.8027756377354065}
{"t": 1785216392.0501196, "x": -4.269779338503448e-12, "y": -2.5389897795015886e-13, "zone": null, "min_dist": 1.8027756377354065}
{"t": 1785216392.2022786, "x": -4.269779338503448e-12, "y": -2.5389897795015886e-13, "zone": null, "min_dist": 1.8027756377354065}
{"t": 1785216392.3543463, "x": -4.269779338503448e-12, "y": -2.5389897795015886e-13, "zone": null, "min_dist": 1.8027756377354065}
{"t": 1785216392.5065336, "x": -4.269779338503448e-12, "y": -2.5389897795015886e-13, "zone": null, "min_dist": 1.8027756377354065}
{"t": 1785216392.658978, "x": -4.269779338503448e-12, "y": -2.5389897795015886e-13, "zone": null, "min_dist": 1.8027756377354065}
{"t": 1785216392.8194113, "x": 0.002881542143623531, "y": -6.9109754977370965e-06, "zone": null, "min_dist": 1.8003749206626438}
{"t": 1785216392.9716566, "x": 0.02549932877960952, "y": -0.0005285333181772874, "zone": null, "min_dist": 1.78131845612751}
{"t": 1785216393.1317275, "x": 0.05877320138942392, "y": -0.002877213191088778, "zone": null, "min_dist": 1.752537741963596}
{"t": 1785216393.292082, "x": 0.09288359267208714, "y": -0.008227331636269236, "zone": null, "min_dist": 1.7215079463902359}
{"t": 1785216393.4442925, "x": 0.1225713270914042, "y": -0.016351028775677214, "zone": null, "min_dist": 1.6925941768603023}
{"t": 1785216393.596664, "x": 0.1513307213789542, "y": -0.02739546594303698, "zone": null, "min_dist": 1.6627893440734982}
{"t": 1785216393.7489004, "x": 0.17980354786553182, "y": -0.040827129413196495, "zone": null, "min_dist": 1.6318490334274693}
{"t": 1785216393.9086008, "x": 0.20997400384679035, "y": -0.05674998212905366, "zone": null, "min_dist": 1.5980887544077835}
{"t": 1785216394.0618799, "x": 0.2386997875222742, "y": -0.0722271961673884, "zone": null, "min_dist": 1.5657715674796824}
{"t": 1785216394.2130785, "x": 0.26667598930965314, "y": -0.0863588635000302, "zone": null, "min_dist": 1.5348707573115985}
{"t": 1785216394.3662014, "x": 0.2962893996663305, "y": -0.0992754779920262, "zone": null, "min_dist": 1.503404095345671}
{"t": 1785216394.5181775, "x": 0.32677797920140916, "y": -0.11035097265642978, "zone": null, "min_dist": 1.472387619460341}
{"t": 1785216394.6780453, "x": 0.36018525585376443, "y": -0.1201217967733108, "zone": null, "min_dist": 1.4399178113651403}
{"t": 1785216394.8386624, "x": 0.3927396035780464, "y": -0.12727942112027216, "zone": null, "min_dist": 1.4098463725827255}
{"t": 1785216394.990889, "x": 0.4246192878816443, "y": -0.13174890263425487, "zone": null, "min_dist": 1.3821373463129496}
{"t": 1785216395.143993, "x": 0.456931181686367, "y": -0.13420336509848962, "zone": null, "min_dist": 1.3555797183290172}
{"t": 1785216395.3036942, "x": 0.49205232344735816, "y": -0.13458247717270322, "zone": null, "min_dist": 1.3284976505377808}
{"t": 1785216395.458095, "x": 0.524380386351361, "y": -0.13285114389337074, "zone": null, "min_dist": 1.3052895346178777}
{"t": 1785216395.6182277, "x": 0.5593200786263093, "y": -0.12869822370007927, "zone": null, "min_dist": 1.2822033769488403}
{"t": 1785216395.7939122, "x": 0.5972696446210265, "y": -0.12165757794652653, "zone": null, "min_dist": 1.2595266987648217}
{"t": 1785216395.9462464, "x": 0.6298019455298485, "y": -0.11409832826291946, "zone": null, "min_dist": 1.241799672245967}
{"t": 1785216396.1057549, "x": 0.6633854819218985, "y": -0.10550277260436262, "zone": null, "min_dist": 1.2247649332331232}
{"t": 1785216396.266046, "x": 0.6958373326453562, "y": -0.09705449057085958, "zone": null, "min_dist": 1.2091270357432198}
{"t": 1785216396.4180212, "x": 0.7266126046333216, "y": -0.08950773912320192, "zone": null, "min_dist": 1.1946230453279387}
{"t": 1785216396.570099, "x": 0.7575796778188338, "y": -0.08279108380968885, "zone": null, "min_dist": 1.1800254788463644}
{"t": 1785216396.7303517, "x": 0.7906046740514598, "y": -0.07659824785893113, "zone": null, "min_dist": 1.1644365694767713}
{"t": 1785216396.8825912, "x": 0.821535027179609, "y": -0.07171503410566041, "zone": null, "min_dist": 1.1497946326408162}
{"t": 1785216397.034585, "x": 0.85148959061877, "y": -0.06810367735859903, "zone": null, "min_dist": 1.1353398201544667}
{"t": 1785216397.1944678, "x": 0.8862328767149478, "y": -0.06546993281873804, "zone": null, "min_dist": 1.1180592685951056}
{"t": 1785216397.3545907, "x": 0.9196719179846067, "y": -0.06388173480080465, "zone": null, "min_dist": 1.1014073221180327}
{"t": 1785216397.5150793, "x": 0.9525609649275868, "y": -0.06307995707611351, "zone": null, "min_dist": 1.085130712842242}
{"t": 1785216397.6673963, "x": 0.9829297415444326, "y": -0.06300975856909573, "zone": null, "min_dist": 1.0701926764447847}
{"t": 1785216397.8437467, "x": 1.0197084497756683, "y": -0.06377225135324564, "zone": null, "min_dist": 1.0522368414729937}
{"t": 1785216397.9961977, "x": 1.0519818029724806, "y": -0.06511185749708608, "zone": null, "min_dist": 1.0366948171281354}
{"t": 1785216398.148181, "x": 1.0843091657885298, "y": -0.06657454918086632, "zone": null, "min_dist": 1.0218032794448895}
{"t": 1785216398.3006175, "x": 1.1165427609087588, "y": -0.06802063026415577, "zone": null, "min_dist": 1.007782218450345}
{"t": 1785216398.4525306, "x": 1.1499253804692076, "y": -0.06908287573286039, "zone": null, "min_dist": 0.9945646944736325}
{"t": 1785216398.6046915, "x": 1.18279534451244, "y": -0.06953131144995145, "zone": null, "min_dist": 0.983051765592753}
{"t": 1785216398.7651122, "x": 1.2162951403525284, "y": -0.06930433205587004, "zone": null, "min_dist": 0.972976296585668}
{"t": 1785216398.9174082, "x": 1.2484790577033198, "y": -0.06885618727462268, "zone": null, "min_dist": 0.9645162437152431}
{"t": 1785216399.0694358, "x": 1.2784921485565264, "y": -0.06843827061736961, "zone": null, "min_dist": 0.9575348473562}
{"t": 1785216399.2216876, "x": 1.3085052391508143, "y": -0.06802035402360586, "zone": null, "min_dist": 0.9514495803493592}
{"t": 1785216399.3740351, "x": 1.3393231620911354, "y": -0.06762531800214323, "zone": null, "min_dist": 0.9461181711979725}
{"t": 1785216399.5346978, "x": 1.3736361546696563, "y": -0.06774780751151338, "zone": null, "min_dist": 0.9407773231781585}
{"t": 1785216399.6865902, "x": 1.406976866757924, "y": -0.0685936157153147, "zone": null, "min_dist": 0.936040146577295}
{"t": 1785216399.8385773, "x": 1.4402919316974743, "y": -0.07015148865879609, "zone": null, "min_dist": 0.9317635469709428}
{"t": 1785216399.990518, "x": 1.4736618235215626, "y": -0.07242839942147561, "zone": null, "min_dist": 0.927945458386437}
{"t": 1785216400.1428063, "x": 1.506314122671018, "y": -0.07534688109376798, "zone": null, "min_dist": 0.924653118906232}
{"t": 1785216400.2948415, "x": 1.5368579854909616, "y": -0.07838128121470245, "zone": null, "min_dist": 0.9216187187852976}
{"t": 1785216400.4552243, "x": 1.5707125401934146, "y": -0.08218321989187172, "zone": null, "min_dist": 0.9178167801081283}
{"t": 1785216400.6074054, "x": 1.603767044071405, "y": -0.08662485803538714, "zone": null, "min_dist": 0.9133751419646129}
{"t": 1785216400.7596936, "x": 1.6357777906033402, "y": -0.09163073260427473, "zone": null, "min_dist": 0.9083692673957253}
{"t": 1785216400.9120405, "x": 1.6675809557743317, "y": -0.09729660162450111, "zone": null, "min_dist": 0.9027033983754988}
{"t": 1785216401.0724328, "x": 1.7012839832772686, "y": -0.10403123396199387, "zone": null, "min_dist": 0.8959687660380061}
{"t": 1785216401.2245228, "x": 1.7334570577104476, "y": -0.11067660953322189, "zone": null, "min_dist": 0.8893233904667781}
{"t": 1785216401.3766658, "x": 1.7636624498072524, "y": -0.11691555878562768, "zone": null, "min_dist": 0.8830844412143724}
{"t": 1785216401.5285702, "x": 1.7955979673063776, "y": -0.12351186656096878, "zone": null, "min_dist": 0.8764881334390312}
{"t": 1785216401.681373, "x": 1.8275928631322331, "y": -0.13012043893354688, "zone": null, "min_dist": 0.8698795610664531}
{"t": 1785216401.8413577, "x": 1.8605194792062554, "y": -0.13692896604904278, "zone": null, "min_dist": 0.8630710339509572}
{"t": 1785216402.001763, "x": 1.8942112809199096, "y": -0.14434589915232332, "zone": null, "min_dist": 0.8556541008476767}
{"t": 1785216402.1613948, "x": 1.9273928299448702, "y": -0.1521651729475735, "zone": null, "min_dist": 0.8478348270524265}
{"t": 1785216402.31388, "x": 1.9593579734737447, "y": -0.15974432767312452, "zone": null, "min_dist": 0.8402556723268755}
{"t": 1785216402.4661036, "x": 1.990680031737848, "y": -0.16764251695221805, "zone": null, "min_dist": 0.832357483047782}
{"t": 1785216402.6263502, "x": 2.0232917085961413, "y": -0.17609485239666345, "zone": null, "min_dist": 0.8239051476033366}
{"t": 1785216402.779192, "x": 2.0550929442513013, "y": -0.18433944233995916, "zone": null, "min_dist": 0.8156605576600409}
{"t": 1785216402.9311926, "x": 2.0863685706939514, "y": -0.19278722719957408, "zone": null, "min_dist": 0.8072127728004259}
{"t": 1785216403.083354, "x": 2.118466737332297, "y": -0.2021913854778295, "zone": null, "min_dist": 0.7978086145221706}
{"t": 1785216403.235427, "x": 2.1500490539345827, "y": -0.2119949228280734, "zone": null, "min_dist": 0.7880050771719266}
{"t": 1785216403.3879614, "x": 2.180279666762487, "y": -0.22147992511180903, "zone": null, "min_dist": 0.778520074888191}
{"t": 1785216403.5405326, "x": 2.2119007021290193, "y": -0.23200279281821135, "zone": null, "min_dist": 0.7679972071817887}
{"t": 1785216403.692426, "x": 2.242443138504876, "y": -0.2428914198356448, "zone": null, "min_dist": 0.7571085801643552}
{"t": 1785216403.8445814, "x": 2.273666393600917, "y": -0.2548039281614296, "zone": null, "min_dist": 0.7451960718385704}
{"t": 1785216404.0043457, "x": 2.305592015772504, "y": -0.2684216941375862, "zone": null, "min_dist": 0.7315783058624138}
{"t": 1785216404.1568043, "x": 2.3346834277795234, "y": -0.28292009001141494, "zone": null, "min_dist": 0.7170799099885851}
{"t": 1785216404.3091474, "x": 2.363546547569529, "y": -0.2996218306914732, "zone": null, "min_dist": 0.7003781693085268}
{"t": 1785216404.4614513, "x": 2.3893812231252474, "y": -0.31681350398737507, "zone": null, "min_dist": 0.6831864960126249}
{"t": 1785216404.6137328, "x": 2.4141965334202315, "y": -0.33570572557327244, "zone": null, "min_dist": 0.6642942744267275}
{"t": 1785216404.7740378, "x": 2.4392234452461135, "y": -0.3574774787797967, "zone": null, "min_dist": 0.6425225212202033}
{"t": 1785216404.9501443, "x": 2.465879170996832, "y": -0.3840960570701939, "zone": null, "min_dist": 0.6159039429298061}
{"t": 1785216405.102742, "x": 2.487263098774843, "y": -0.40842881909579287, "zone": null, "min_dist": 0.5915711809042071}
{"t": 1785216405.2623496, "x": 2.5086942212904804, "y": -0.4347647631202216, "zone": null, "min_dist": 0.5652352368797784}
{"t": 1785216405.422865, "x": 2.530069327035118, "y": -0.46119604951761106, "zone": null, "min_dist": 0.5388039504823889}
{"t": 1785216405.5833445, "x": 2.551302216653137, "y": -0.4856766206877838, "zone": null, "min_dist": 0.5143233793122162}
{"t": 1785216405.7354808, "x": 2.5741083362330155, "y": -0.5089329673133461, "zone": null, "min_dist": 0.49106703268665386}
{"t": 1785216405.8955634, "x": 2.599230227628396, "y": -0.5313993883427311, "zone": null, "min_dist": 0.46860061165726885}
{"t": 1785216406.0479765, "x": 2.624648600551624, "y": -0.5513721095793666, "zone": null, "min_dist": 0.44862789042063345}
{"t": 1785216406.2082143, "x": 2.6516673294101185, "y": -0.5705859937662553, "zone": null, "min_dist": 0.4294140062337447}
{"t": 1785216406.3606167, "x": 2.6788486361994353, "y": -0.5889066894017586, "zone": null, "min_dist": 0.4110933105982414}
{"t": 1785216406.5127933, "x": 2.7065500453647457, "y": -0.606720327800883, "zone": null, "min_dist": 0.39327967219911697}
{"t": 1785216406.6731427, "x": 2.7347383248496406, "y": -0.6239870566627236, "zone": null, "min_dist": 0.3760129433372764}
{"t": 1785216406.8254056, "x": 2.763379390031852, "y": -0.6406798554563163, "zone": null, "min_dist": 0.35932014454368366}
{"t": 1785216406.9780204, "x": 2.79124027267047, "y": -0.6561183404878603, "zone": null, "min_dist": 0.34388165951213967}
{"t": 1785216407.1296704, "x": 2.8191718977529376, "y": -0.6708376273136217, "zone": null, "min_dist": 0.32916237268637827}
{"t": 1785216407.2821279, "x": 2.8472532579260292, "y": -0.6848632852184844, "zone": null, "min_dist": 0.3151367147815156}
{"t": 1785216407.4424129, "x": 2.8778433398996572, "y": -0.6993139887834964, "zone": null, "min_dist": 0.3006860112165036}
{"t": 1785216407.5945792, "x": 2.907356393503906, "y": -0.7124806382644515, "zone": null, "min_dist": 0.2875193617355485}
{"t": 1785216407.75459, "x": 2.9380895336124166, "y": -0.7253808520658669, "zone": null, "min_dist": 0.2746191479341331}
{"t": 1785216407.9147105, "x": 2.9682448199704345, "y": -0.7372515897914805, "zone": null, "min_dist": 0.26274841020851947}
{"t": 1785216408.0670846, "x": 2.99873744937674, "y": -0.7484935744153977, "zone": null, "min_dist": 0.25150642558460234}
{"t": 1785216408.2192056, "x": 3.029468976612492, "y": -0.7590705900239406, "zone": null, "min_dist": 0.24092940997605938}
{"t": 1785216408.3716466, "x": 3.0601663876179734, "y": -0.7690431380834001, "zone": null, "min_dist": 0.23095686191659992}
{"t": 1785216408.5238175, "x": 3.0909026834917035, "y": -0.778959736711225, "zone": null, "min_dist": 0.22104026328877502}
{"t": 1785216408.6762686, "x": 3.121914804703082, "y": -0.7889275398681754, "zone": null, "min_dist": 0.21107246013182457}
{"t": 1785216408.8285124, "x": 3.1524774093407135, "y": -0.7982276623480794, "zone": null, "min_dist": 0.2017723376519206}
{"t": 1785216408.9886277, "x": 3.1861412886674327, "y": -0.807725261052407, "zone": null, "min_dist": 0.19227473894759295}
{"t": 1785216409.1405697, "x": 3.217890437334742, "y": -0.8165203837276144, "zone": null, "min_dist": 0.18347961627238563}
{"t": 1785216409.2925932, "x": 3.2494766030239086, "y": -0.825263025832134, "zone": null, "min_dist": 0.17473697416786604}
{"t": 1785216409.4449837, "x": 3.281629676497839, "y": -0.8337436055559233, "zone": null, "min_dist": 0.1662563944440767}
{"t": 1785216409.605569, "x": 3.3139906068374914, "y": -0.8417576612116257, "zone": null, "min_dist": 0.15824233878837435}
{"t": 1785216409.7654326, "x": 3.34696545668733, "y": -0.8498938932375055, "zone": null, "min_dist": 0.15010610676249447}
{"t": 1785216409.918016, "x": 3.3783214876033867, "y": -0.8576306970993471, "zone": null, "min_dist": 0.14236930290065286}
{"t": 1785216410.0783837, "x": 3.4119734511891076, "y": -0.8660077475164363, "zone": null, "min_dist": 0.13399225248356372}
{"t": 1785216410.2305996, "x": 3.4443812926110713, "y": -0.8742518727598717, "zone": null, "min_dist": 0.1257481272401283}
{"t": 1785216410.3826945, "x": 3.475971171517149, "y": -0.882288818529431, "zone": null, "min_dist": 0.11771118147056903}
{"t": 1785216410.5349436, "x": 3.5083787897302625, "y": -0.8905338094607423, "zone": null, "min_dist": 0.10946619053925766}
{"t": 1785216410.6874595, "x": 3.540424100059945, "y": -0.8986866237924637, "zone": null, "min_dist": 0.10131337620753633}
{"t": 1785216410.839328, "x": 3.570463419049668, "y": -0.9063290837401231, "zone": null, "min_dist": 0.09367091625987689}
{"t": 1785216410.9919107, "x": 3.6024778879523898, "y": -0.9146649528007939, "zone": null, "min_dist": 0.08533504719920615}
{"t": 1785216411.1439128, "x": 3.6346693628604294, "y": -0.9237444857805599, "zone": null, "min_dist": 0.0762555142194401}
{"t": 1785216411.303712, "x": 3.668306767458519, "y": -0.934033536650365, "zone": null, "min_dist": 0.06596646334963496}
{"t": 1785216411.456278, "x": 3.6985730932587453, "y": -0.9440244751595818, "zone": null, "min_dist": 0.055975524840418234}
{"t": 1785216411.6086059, "x": 3.730103814080347, "y": -0.9551845850364284, "zone": null, "min_dist": 0.044815414963571554}
{"t": 1785216411.7607665, "x": 3.761388699133096, "y": -0.9670163450094991, "zone": null, "min_dist": 0.03298365499050093}
{"t": 1785216411.9132352, "x": 3.7917248287235505, "y": -0.9792320298745301, "zone": null, "min_dist": 0.020767970125469937}
{"t": 1785216412.0732956, "x": 3.8234323716934493, "y": -0.9928256036192326, "zone": null, "min_dist": 0.007174396380767445}
{"t": 1785216412.2335277, "x": 3.85547300306548, "y": -1.0074197195535626, "zone": "wh_forbidden_zone", "min_dist": 0.0}
{"t": 1785216412.386004, "x": 3.8855149662294712, "y": -1.0219043331822704, "zone": "wh_forbidden_zone", "min_dist": 0.0}
{"t": 1785216412.53836, "x": 3.913963884332447, "y": -1.0362686487906514, "zone": "wh_forbidden_zone", "min_dist": 0.0}
{"t": 1785216412.6905491, "x": 3.9431335479994782, "y": -1.0517346423112628, "zone": "wh_forbidden_zone", "min_dist": 0.0}
{"t": 1785216412.842633, "x": 3.9723437864990956, "y": -1.0680287000388815, "zone": "wh_forbidden_zone", "min_dist": 0.0}
{"t": 1785216412.9950483, "x": 4.001116381129689, "y": -1.0848946343402177, "zone": "wh_forbidden_zone", "min_dist": 0.0}
{"t": 1785216413.1472065, "x": 4.029179828806696, "y": -1.1021659993482735, "zone": "wh_forbidden_zone", "min_dist": 0.0}
{"t": 1785216413.2998505, "x": 4.05607904443712, "y": -1.1195162928209461, "zone": "wh_forbidden_zone", "min_dist": 0.0}
{"t": 1785216413.451424, "x": 4.083047270544713, "y": -1.137748513008069, "zone": "wh_forbidden_zone", "min_dist": 0.0}
{"t": 1785216413.6118782, "x": 4.1116216486030215, "y": -1.1579876209355293, "zone": "wh_forbidden_zone", "min_dist": 0.0}
{"t": 1785216413.7639475, "x": 4.138011129127176, "y": -1.1775671986076777, "zone": "wh_forbidden_zone", "min_dist": 0.0}
{"t": 1785216413.9164004, "x": 4.162724164635388, "y": -1.1968950093560882, "zone": "wh_forbidden_zone", "min_dist": 0.0}
{"t": 1785216414.0684547, "x": 4.184779507035762, "y": -1.216048463433699, "zone": "wh_forbidden_zone", "min_dist": 0.0}
{"t": 1785216414.220903, "x": 4.207192817372576, "y": -1.2377755152321717, "zone": "wh_forbidden_zone", "min_dist": 0.0}
{"t": 1785216414.3729293, "x": 4.228916456830838, "y": -1.2610449127842678, "zone": "wh_forbidden_zone", "min_dist": 0.0}
{"t": 1785216414.5491548, "x": 4.250374448327425, "y": -1.2873705040682557, "zone": "wh_forbidden_zone", "min_dist": 0.0}
{"t": 1785216414.7014067, "x": 4.268746241501946, "y": -1.313401889039231, "zone": "wh_forbidden_zone", "min_dist": 0.0}
{"t": 1785216414.8535972, "x": 4.286259701251523, "y": -1.3418176022758554, "zone": "wh_forbidden_zone", "min_dist": 0.0}
{"t": 1785216415.005992, "x": 4.300889154710977, "y": -1.3693028730419465, "zone": "wh_forbidden_zone", "min_dist": 0.0}
{"t": 1785216415.166249, "x": 4.314970593000225, "y": -1.4004164268827486, "zone": "wh_forbidden_zone", "min_dist": 0.0}
{"t": 1785216415.318407, "x": 4.326428888262044, "y": -1.4308101748936162, "zone": "wh_forbidden_zone", "min_dist": 0.0}
{"t": 1785216415.4706922, "x": 4.335566086001907, "y": -1.460440513338755, "zone": "wh_forbidden_zone", "min_dist": 0.0}
{"t": 1785216415.6308808, "x": 4.344394506233648, "y": -1.4939128943638351, "zone": "wh_forbidden_zone", "min_dist": 0.0}
{"t": 1785216415.7831657, "x": 4.3520876374225805, "y": -1.526020455325158, "zone": "wh_forbidden_zone", "min_dist": 0.0}
{"t": 1785216415.9354765, "x": 4.359056810909244, "y": -1.5581327094311117, "zone": "wh_forbidden_zone", "min_dist": 0.0}
{"t": 1785216416.087737, "x": 4.365133300165715, "y": -1.5892874812378792, "zone": "wh_forbidden_zone", "min_dist": 0.0}
{"t": 1785216416.239707, "x": 4.37049844932211, "y": -1.620394127614387, "zone": "wh_forbidden_zone", "min_dist": 0.0}
{"t": 1785216416.3919983, "x": 4.372229208200289, "y": -1.6353119031370063, "zone": "wh_forbidden_zone", "min_dist": 0.0}
{"t": 1785216416.5442529, "x": 4.372729306269557, "y": -1.648412664324973, "zone": "wh_forbidden_zone", "min_dist": 0.0}
{"t": 1785216416.6963255, "x": 4.372567291597633, "y": -1.6529850781944526, "zone": "wh_forbidden_zone", "min_dist": 0.0}
{"t": 1785216416.8504374, "x": 4.37255113628809, "y": -1.6531997975413084, "zone": "wh_forbidden_zone", "min_dist": 0.0}
{"t": 1785216417.0251942, "x": 4.372433168044268, "y": -1.6535995687238023, "zone": "wh_forbidden_zone", "min_dist": 0.0}
{"t": 1785216417.1766708, "x": 4.373249403870331, "y": -1.6527111441690105, "zone": "wh_forbidden_zone", "min_dist": 0.0}
{"t": 1785216417.3294935, "x": 4.374426216761358, "y": -1.652041200886391, "zone": "wh_forbidden_zone", "min_dist": 0.0}
{"t": 1785216417.481347, "x": 4.375599370110626, "y": -1.6513927905939465, "zone": "wh_forbidden_zone", "min_dist": 0.0}
{"t": 1785216417.633525, "x": 4.376771382344907, "y": -1.6507616210774338, "zone": "wh_forbidden_zone", "min_dist": 0.0}
{"t": 1785216417.7853866, "x": 4.377943258484608, "y": -1.650144966479707, "zone": "wh_forbidden_zone", "min_dist": 0.0}
{"t": 1785216417.938028, "x": 4.3791149925553965, "y": -1.6495405871528945, "zone": "wh_forbidden_zone", "min_dist": 0.0}
{"t": 1785216418.0904703, "x": 4.379961566124534, "y": -1.6512460595994707, "zone": "wh_forbidden_zone", "min_dist": 0.0}
{"t": 1785216418.2430935, "x": 4.379809655491023, "y": -1.653544508763901, "zone": "wh_forbidden_zone", "min_dist": 0.0}
{"t": 1785216418.3946176, "x": 4.379725503320352, "y": -1.652860460536459, "zone": "wh_forbidden_zone", "min_dist": 0.0}
{"t": 1785216418.5463855, "x": 4.379676544260861, "y": -1.652590675291118, "zone": "wh_forbidden_zone", "min_dist": 0.0}
{"t": 1785216418.6989195, "x": 4.379735094104114, "y": -1.6532599385856934, "zone": "wh_forbidden_zone", "min_dist": 0.0}
{"t": 1785216418.8510828, "x": 4.379657099313531, "y": -1.6529861058681856, "zone": "wh_forbidden_zone", "min_dist": 0.0}
{"t": 1785216419.0117393, "x": 4.379657523103752, "y": -1.6531953891330482, "zone": "wh_forbidden_zone", "min_dist": 0.0}
{"t": 1785216419.1638474, "x": 4.37965750440731, "y": -1.6531738015989728, "zone": "wh_forbidden_zone", "min_dist": 0.0}
{"t": 1785216419.3161843, "x": 4.379657487668532, "y": -1.6531561639145236, "zone": "wh_forbidden_zone", "min_dist": 0.0}
{"t": 1785216419.468347, "x": 4.379657473023258, "y": -1.6531417467513159, "zone": "wh_forbidden_zone", "min_dist": 0.0}
{"t": 1785216419.6206398, "x": 4.379657460403862, "y": -1.6531299441315475, "zone": "wh_forbidden_zone", "min_dist": 0.0}
{"t": 1785216419.7729704, "x": 4.379657450145761, "y": -1.6531207071443943, "zone": "wh_forbidden_zone", "min_dist": 0.0}
{"t": 1785216419.9251332, "x": 4.379657440523547, "y": -1.653112291926815, "zone": "wh_forbidden_zone", "min_dist": 0.0}
{"t": 1785216420.0775163, "x": 4.37965743322502, "y": -1.6531060421603583, "zone": "wh_forbidden_zone", "min_dist": 0.0}
{"t": 1785216420.2293625, "x": 4.379657426105511, "y": -1.6531000386011387, "zone": "wh_forbidden_zone", "min_dist": 0.0}
{"t": 1785216420.3816798, "x": 4.379657420385834, "y": -1.6530952745915986, "zone": "wh_forbidden_zone", "min_dist": 0.0}
{"t": 1785216420.5341156, "x": 4.379657414681724, "y": -1.6530905699972955, "zone": "wh_forbidden_zone", "min_dist": 0.0}
{"t": 1785216420.6864898, "x": 4.379657410122303, "y": -1.6530868373397964, "zone": "wh_forbidden_zone", "min_dist": 0.0}
{"t": 1785216420.839053, "x": 4.379657406138205, "y": -1.6530835886501956, "zone": "wh_forbidden_zone", "min_dist": 0.0}
{"t": 1785216420.9989772, "x": 4.379657402079286, "y": -1.653080278042621, "zone": "wh_forbidden_zone", "min_dist": 0.0}
{"t": 1785216421.151329, "x": 4.379657399670992, "y": -1.6530783024773588, "zone": "wh_forbidden_zone", "min_dist": 0.0}
{"t": 1785216421.3036053, "x": 4.379657397349523, "y": -1.6530763767017025, "zone": "wh_forbidden_zone", "min_dist": 0.0}
{"t": 1785216421.4556417, "x": 4.379657395703373, "y": -1.6530749859064857, "zone": "wh_forbidden_zone", "min_dist": 0.0}
{"t": 1785216421.6082346, "x": 4.379657393990108, "y": -1.6530735110136068, "zone": "wh_forbidden_zone", "min_dist": 0.0}
{"t": 1785216421.7605002, "x": 4.379657392913865, "y": -1.6530725302026508, "zone": "wh_forbidden_zone", "min_dist": 0.0}
{"t": 1785216421.9205923, "x": 4.379657392373158, "y": -1.653072012596553, "zone": "wh_forbidden_zone", "min_dist": 0.0}
{"t": 1785216422.072827, "x": 4.3796573918773944, "y": -1.6530715118642278, "zone": "wh_forbidden_zone", "min_dist": 0.0}
{"t": 1785216422.2252262, "x": 4.379657391413021, "y": -1.6530710006341773, "zone": "wh_forbidden_zone", "min_dist": 0.0}
{"t": 1785216422.377623, "x": 4.379657391013014, "y": -1.6530704777934304, "zone": "wh_forbidden_zone", "min_dist": 0.0}
{"t": 1785216422.529472, "x": 4.379657391013014, "y": -1.6530704777934304, "zone": "wh_forbidden_zone", "min_dist": 0.0}
{"t": 1785216422.6818871, "x": 4.379657390786962, "y": -1.6530699816001653, "zone": "wh_forbidden_zone", "min_dist": 0.0}
{"t": 1785216422.8429313, "x": 4.379657390786962, "y": -1.6530699816001653, "zone": "wh_forbidden_zone", "min_dist": 0.0}
{"t": 1785216423.0024014, "x": 4.379657390786962, "y": -1.6530699816001653, "zone": "wh_forbidden_zone", "min_dist": 0.0}
{"t": 1785216423.1626694, "x": 4.379657390786962, "y": -1.6530699816001653, "zone": "wh_forbidden_zone", "min_dist": 0.0}
{"t": 1785216423.3388908, "x": 4.379657390875282, "y": -1.653069473088138, "zone": "wh_forbidden_zone", "min_dist": 0.0}
{"t": 1785216423.4908319, "x": 4.379657390875282, "y": -1.653069473088138, "zone": "wh_forbidden_zone", "min_dist": 0.0}
{"t": 1785216423.6433668, "x": 4.379657390875282, "y": -1.653069473088138, "zone": "wh_forbidden_zone", "min_dist": 0.0}
{"t": 1785216423.8031034, "x": 4.379657390875282, "y": -1.653069473088138, "zone": "wh_forbidden_zone", "min_dist": 0.0}
{"t": 1785216423.9554274, "x": 4.37961894206049, "y": -1.6531149059871284, "zone": "wh_forbidden_zone", "min_dist": 0.0}
{"t": 1785216424.1156578, "x": 4.3801084288880086, "y": -1.6528294907464645, "zone": "wh_forbidden_zone", "min_dist": 0.0}
{"t": 1785216424.2677097, "x": 4.380533258885424, "y": -1.6525829906807832, "zone": "wh_forbidden_zone", "min_dist": 0.0}
{"t": 1785216424.4207177, "x": 4.380512036765908, "y": -1.6530559246934695, "zone": "wh_forbidden_zone", "min_dist": 0.0}
{"t": 1785216424.5726044, "x": 4.380465254358167, "y": -1.6490853687479228, "zone": "wh_forbidden_zone", "min_dist": 0.0}
{"t": 1785216424.7328484, "x": 4.380367926133198, "y": -1.6453797192459843, "zone": "wh_forbidden_zone", "min_dist": 0.0}
{"t": 1785216424.8932247, "x": 4.380263533023886, "y": -1.641734810495669, "zone": "wh_forbidden_zone", "min_dist": 0.0}
{"t": 1785216425.0453362, "x": 4.379996147170888, "y": -1.6373076738827617, "zone": "wh_forbidden_zone", "min_dist": 0.0}
{"t": 1785216425.1977818, "x": 4.3794834217395735, "y": -1.6314852926080006, "zone": "wh_forbidden_zone", "min_dist": 0.0}
{"t": 1785216425.3578458, "x": 4.37811505224556, "y": -1.6209588732500997, "zone": "wh_forbidden_zone", "min_dist": 0.0}
{"t": 1785216425.517947, "x": 4.375439282088723, "y": -1.6062960682478933, "zone": "wh_forbidden_zone", "min_dist": 0.0}
{"t": 1785216425.67027, "x": 4.372285110332142, "y": -1.5896805912303649, "zone": "wh_forbidden_zone", "min_dist": 0.0}
{"t": 1785216425.8306866, "x": 4.37123056945189, "y": -1.5834773851928743, "zone": "wh_forbidden_zone", "min_dist": 0.0}
{"t": 1785216425.991346, "x": 4.3764602971475455, "y": -1.5986080727548062, "zone": "wh_forbidden_zone", "min_dist": 0.0}
{"t": 1785216426.1430073, "x": 4.378974177821449, "y": -1.6071744720550414, "zone": "wh_forbidden_zone", "min_dist": 0.0}
{"t": 1785216426.2953548, "x": 4.381393076742691, "y": -1.6196699424779524, "zone": "wh_forbidden_zone", "min_dist": 0.0}
{"t": 1785216426.5540915, "x": 4.383591823808334, "y": -1.6442272334476182, "zone": "wh_forbidden_zone", "min_dist": 0.0}
{"t": 1785216426.7120402, "x": 4.383803290532903, "y": -1.6535286849792534, "zone": "wh_forbidden_zone", "min_dist": 0.0}
{"t": 1785216426.8726723, "x": 4.3838031240039586, "y": -1.653344764550122, "zone": "wh_forbidden_zone", "min_dist": 0.0}
{"t": 1785216427.0246274, "x": 4.383803131445913, "y": -1.6531687705080507, "zone": "wh_forbidden_zone", "min_dist": 0.0}
{"t": 1785216427.1765075, "x": 4.383803190276196, "y": -1.6530868642193446, "zone": "wh_forbidden_zone", "min_dist": 0.0}
{"t": 1785216427.3283868, "x": 4.383803191566552, "y": -1.653085430409214, "zone": "wh_forbidden_zone", "min_dist": 0.0}
{"t": 1785216427.505266, "x": 4.383803192171005, "y": -1.6530847468958627, "zone": "wh_forbidden_zone", "min_dist": 0.0}
{"t": 1785216427.6573303, "x": 4.383803192777525, "y": -1.6530840550587989, "zone": "wh_forbidden_zone", "min_dist": 0.0}
{"t": 1785216427.8096197, "x": 4.383803193393691, "y": -1.6530833427459024, "zone": "wh_forbidden_zone", "min_dist": 0.0}
{"t": 1785216427.969623, "x": 4.383803193982196, "y": -1.6530826481569858, "zone": "wh_forbidden_zone", "min_dist": 0.0}
{"t": 1785216428.12197, "x": 4.383803194532612, "y": -1.6530819771223353, "zone": "wh_forbidden_zone", "min_dist": 0.0}
{"t": 1785216428.2742376, "x": 4.383803194532612, "y": -1.6530819771223353, "zone": "wh_forbidden_zone", "min_dist": 0.0}
{"t": 1785216428.43471, "x": 4.383803195036416, "y": -1.6530813289723112, "zone": "wh_forbidden_zone", "min_dist": 0.0}
{"t": 1785216428.5868702, "x": 4.383803195036416, "y": -1.6530813289723112, "zone": "wh_forbidden_zone", "min_dist": 0.0}
{"t": 1785216428.747138, "x": 4.383803195477168, "y": -1.6530807020558156, "zone": "wh_forbidden_zone", "min_dist": 0.0}
{"t": 1785216428.9071848, "x": 4.383803195477168, "y": -1.6530807020558156, "zone": "wh_forbidden_zone", "min_dist": 0.0}
{"t": 1785216429.0598109, "x": 4.383803195477168, "y": -1.6530807020558156, "zone": "wh_forbidden_zone", "min_dist": 0.0}
{"t": 1785216429.2115283, "x": 4.38380319580471, "y": -1.6530801151026264, "zone": "wh_forbidden_zone", "min_dist": 0.0}
{"t": 1785216429.3719394, "x": 4.383771479962074, "y": -1.653219640777052, "zone": "wh_forbidden_zone", "min_dist": 0.0}
{"t": 1785216429.5245323, "x": 4.383755960740709, "y": -1.6528841228818434, "zone": "wh_forbidden_zone", "min_dist": 0.0}
{"t": 1785216429.676221, "x": 4.3837734281850445, "y": -1.650397699465674, "zone": "wh_forbidden_zone", "min_dist": 0.0}
{"t": 1785216429.8284245, "x": 4.3838200929837505, "y": -1.6478685274416582, "zone": "wh_forbidden_zone", "min_dist": 0.0}
{"t": 1785216429.980484, "x": 4.38382167092064, "y": -1.6478021125046478, "zone": "wh_forbidden_zone", "min_dist": 0.0}
{"t": 1785216430.1408496, "x": 4.383828691981093, "y": -1.6475256235211657, "zone": "wh_forbidden_zone", "min_dist": 0.0}
{"t": 1785216430.2933974, "x": 4.383835005788987, "y": -1.6472878888903424, "zone": "wh_forbidden_zone", "min_dist": 0.0}
{"t": 1785216430.4459567, "x": 4.383839803347373, "y": -1.6471132105116437, "zone": "wh_forbidden_zone", "min_dist": 0.0}
{"t": 1785216430.5984156, "x": 4.383844507472376, "y": -1.646946507253473, "zone": "wh_forbidden_zone", "min_dist": 0.0}
{"t": 1785216430.7582135, "x": 4.383851853161648, "y": -1.646694670681959, "zone": "wh_forbidden_zone", "min_dist": 0.0}
{"t": 1785216430.91053, "x": 4.38385475474515, "y": -1.6465223882041953, "zone": "wh_forbidden_zone", "min_dist": 0.0}
{"t": 1785216431.06259, "x": 4.383838847271815, "y": -1.6470591167602306, "zone": "wh_forbidden_zone", "min_dist": 0.0}
{"t": 1785216431.2226562, "x": 4.383841433947204, "y": -1.6469674651578023, "zone": "wh_forbidden_zone", "min_dist": 0.0}
{"t": 1785216431.3750765, "x": 4.383848273893683, "y": -1.6467332772023782, "zone": "wh_forbidden_zone", "min_dist": 0.0}
{"t": 1785216431.527786, "x": 4.383859967346919, "y": -1.6463506684260283, "zone": "wh_forbidden_zone", "min_dist": 0.0}
{"t": 1785216431.679517, "x": 4.3838720196983445, "y": -1.6459765383568294, "zone": "wh_forbidden_zone", "min_dist": 0.0}
{"t": 1785216431.8395994, "x": 4.3838853757324365, "y": -1.645582418733655, "zone": "wh_forbidden_zone", "min_dist": 0.0}
{"t": 1785216431.9919975, "x": 4.383898701075436, "y": -1.6452077011129698, "zone": "wh_forbidden_zone", "min_dist": 0.0}
{"t": 1785216432.1441514, "x": 4.383899739579264, "y": -1.6451453332562793, "zone": "wh_forbidden_zone", "min_dist": 0.0}
{"t": 1785216432.296461, "x": 4.383881691703995, "y": -1.6456504711697926, "zone": "wh_forbidden_zone", "min_dist": 0.0}
{"t": 1785216432.4484375, "x": 4.383893263910278, "y": -1.645321824472385, "zone": "wh_forbidden_zone", "min_dist": 0.0}
{"t": 1785216432.6008735, "x": 4.383590141681596, "y": -1.6483799615094514, "zone": "wh_forbidden_zone", "min_dist": 0.0}
{"t": 1785216432.760661, "x": 4.383768600340442, "y": -1.6481480050214388, "zone": "wh_forbidden_zone", "min_dist": 0.0}
{"t": 1785216432.9135551, "x": 4.38381353161017, "y": -1.6465238563934221, "zone": "wh_forbidden_zone", "min_dist": 0.0}
{"t": 1785216433.0654078, "x": 4.383759687971741, "y": -1.6484729055241178, "zone": "wh_forbidden_zone", "min_dist": 0.0}
{"t": 1785216433.2415094, "x": 4.381464877573807, "y": -1.6496731762856633, "zone": "wh_forbidden_zone", "min_dist": 0.0}
{"t": 1785216433.3938763, "x": 4.379544929926159, "y": -1.6506872588392394, "zone": "wh_forbidden_zone", "min_dist": 0.0}
{"t": 1785216433.5463076, "x": 4.37766474662336, "y": -1.6516891954964579, "zone": "wh_forbidden_zone", "min_dist": 0.0}
{"t": 1785216433.6983967, "x": 4.3766290756479345, "y": -1.6487518259100205, "zone": "wh_forbidden_zone", "min_dist": 0.0}
{"t": 1785216433.8507092, "x": 4.376604380562128, "y": -1.6477583145162595, "zone": "wh_forbidden_zone", "min_dist": 0.0}
{"t": 1785216434.0033288, "x": 4.376559817283216, "y": -1.6481139247157774, "zone": "wh_forbidden_zone", "min_dist": 0.0}
{"t": 1785216434.155567, "x": 4.376552886524173, "y": -1.6483363517516005, "zone": "wh_forbidden_zone", "min_dist": 0.0}
{"t": 1785216434.307724, "x": 4.376546276592022, "y": -1.6485605843135671, "zone": "wh_forbidden_zone", "min_dist": 0.0}
{"t": 1785216434.4677927, "x": 4.37653974159966, "y": -1.6487961193731704, "zone": "wh_forbidden_zone", "min_dist": 0.0}
{"t": 1785216434.6203172, "x": 4.376544131111244, "y": -1.648629021696265, "zone": "wh_forbidden_zone", "min_dist": 0.0}
{"t": 1785216434.78078, "x": 4.376558465753094, "y": -1.6481000346258596, "zone": "wh_forbidden_zone", "min_dist": 0.0}
{"t": 1785216434.9407227, "x": 4.376573282899873, "y": -1.64757285976499, "zone": "wh_forbidden_zone", "min_dist": 0.0}
{"t": 1785216435.0930045, "x": 4.37665510331813, "y": -1.6448971663020298, "zone": "wh_forbidden_zone", "min_dist": 0.0}
{"t": 1785216435.2451608, "x": 4.376903036740452, "y": -1.637012557908811, "zone": "wh_forbidden_zone", "min_dist": 0.0}
{"t": 1785216435.405692, "x": 4.37726608912519, "y": -1.6255073285964237, "zone": "wh_forbidden_zone", "min_dist": 0.0}
{"t": 1785216435.5574005, "x": 4.377425877573482, "y": -1.620417387940048, "zone": "wh_forbidden_zone", "min_dist": 0.0}
{"t": 1785216435.717569, "x": 4.377429684612273, "y": -1.6202104502093064, "zone": "wh_forbidden_zone", "min_dist": 0.0}
{"t": 1785216435.8699849, "x": 4.377449744145322, "y": -1.6191319820197965, "zone": "wh_forbidden_zone", "min_dist": 0.0}
{"t": 1785216436.022345, "x": 4.377465338291131, "y": -1.6181630159626814, "zone": "wh_forbidden_zone", "min_dist": 0.0}
{"t": 1785216436.1743631, "x": 4.377988941112408, "y": -1.6364814144288695, "zone": "wh_forbidden_zone", "min_dist": 0.0}
{"t": 1785216436.3264754, "x": 4.379017311624175, "y": -1.650582964143257, "zone": "wh_forbidden_zone", "min_dist": 0.0}
{"t": 1785216436.5029392, "x": 4.3793712418515405, "y": -1.6533198898589787, "zone": "wh_forbidden_zone", "min_dist": 0.0}
{"t": 1785216436.6549327, "x": 4.379577094360774, "y": -1.653265012859076, "zone": "wh_forbidden_zone", "min_dist": 0.0}
{"t": 1785216436.8074062, "x": 4.3798637465459045, "y": -1.652990179516866, "zone": "wh_forbidden_zone", "min_dist": 0.0}
{"t": 1785216436.9594045, "x": 4.3799379628141955, "y": -1.6531138588518677, "zone": "wh_forbidden_zone", "min_dist": 0.0}
{"t": 1785216437.1198497, "x": 4.37993796818466, "y": -1.6531074465151654, "zone": "wh_forbidden_zone", "min_dist": 0.0}
{"t": 1785216437.2718782, "x": 4.379937972047959, "y": -1.6531029291214832, "zone": "wh_forbidden_zone", "min_dist": 0.0}
{"t": 1785216437.4327674, "x": 4.379937975645697, "y": -1.6530987788712619, "zone": "wh_forbidden_zone", "min_dist": 0.0}
{"t": 1785216437.5845785, "x": 4.379937978343504, "y": -1.653095691789015, "zone": "wh_forbidden_zone", "min_dist": 0.0}
{"t": 1785216437.7369177, "x": 4.37993798094155, "y": -1.6530927270319762, "zone": "wh_forbidden_zone", "min_dist": 0.0}
{"t": 1785216437.8969142, "x": 4.379937982860846, "y": -1.6530905313021576, "zone": "wh_forbidden_zone", "min_dist": 0.0}
{"t": 1785216438.049424, "x": 4.3799379841304535, "y": -1.6530890692411067, "zone": "wh_forbidden_zone", "min_dist": 0.0}
{"t": 1785216438.2014995, "x": 4.379937985344973, "y": -1.6530876562685608, "zone": "wh_forbidden_zone", "min_dist": 0.0}
{"t": 1785216438.3539143, "x": 4.379937986565569, "y": -1.6530862109558184, "zone": "wh_forbidden_zone", "min_dist": 0.0}
{"t": 1785216438.5059032, "x": 4.379937987144366, "y": -1.6530855110041403, "zone": "wh_forbidden_zone", "min_dist": 0.0}
{"t": 1785216438.6588583, "x": 4.3799379882812435, "y": -1.6530840863207785, "zone": "wh_forbidden_zone", "min_dist": 0.0}
{"t": 1785216438.8105783, "x": 4.379937988787355, "y": -1.6530834142182083, "zone": "wh_forbidden_zone", "min_dist": 0.0}
{"t": 1785216438.970822, "x": 4.37993798926264, "y": -1.6530827398134125, "zone": "wh_forbidden_zone", "min_dist": 0.0}
{"t": 1785216439.123136, "x": 4.379928708273867, "y": -1.6531970863579968, "zone": "wh_forbidden_zone", "min_dist": 0.0}
{"t": 1785216439.2755682, "x": 4.379949135312588, "y": -1.6501631041550626, "zone": "wh_forbidden_zone", "min_dist": 0.0}
{"t": 1785216439.4277208, "x": 4.380022802092586, "y": -1.6504096054808988, "zone": "wh_forbidden_zone", "min_dist": 0.0}
{"t": 1785216439.5888386, "x": 4.380205598125018, "y": -1.6533803117660406, "zone": "wh_forbidden_zone", "min_dist": 0.0}
{"t": 1785216439.740755, "x": 4.380349270895012, "y": -1.652884929815712, "zone": "wh_forbidden_zone", "min_dist": 0.0}
{"t": 1785216439.8923936, "x": 4.3804412643903845, "y": -1.6532116626679223, "zone": "wh_forbidden_zone", "min_dist": 0.0}
{"t": 1785216440.0526803, "x": 4.3804415496797375, "y": -1.653109085918339, "zone": "wh_forbidden_zone", "min_dist": 0.0}
{"t": 1785216440.2054188, "x": 4.380441553448335, "y": -1.6531043887471844, "zone": "wh_forbidden_zone", "min_dist": 0.0}
{"t": 1785216440.3572135, "x": 4.380441556853124, "y": -1.6531002670367014, "zone": "wh_forbidden_zone", "min_dist": 0.0}
{"t": 1785216440.5093343, "x": 4.380441559594639, "y": -1.6530970191115215, "zone": "wh_forbidden_zone", "min_dist": 0.0}
{"t": 1785216440.6617606, "x": 4.380441561922508, "y": -1.6530943014698962, "zone": "wh_forbidden_zone", "min_dist": 0.0}
{"t": 1785216440.8137603, "x": 4.380441564088743, "y": -1.653091796854018, "zone": "wh_forbidden_zone", "min_dist": 0.0}
{"t": 1785216440.9742026, "x": 4.380441565876763, "y": -1.6530897386179786, "zone": "wh_forbidden_zone", "min_dist": 0.0}
{"t": 1785216441.126425, "x": 4.380441567211206, "y": -1.653088200669935, "zone": "wh_forbidden_zone", "min_dist": 0.0}
{"t": 1785216441.2871437, "x": 4.380441568545531, "y": -1.6530866523149235, "zone": "wh_forbidden_zone", "min_dist": 0.0}
{"t": 1785216441.4390283, "x": 4.38044156938793, "y": -1.6530856625564403, "zone": "wh_forbidden_zone", "min_dist": 0.0}
{"t": 1785216441.5907426, "x": 4.380441570202447, "y": -1.6530846884151644, "zone": "wh_forbidden_zone", "min_dist": 0.0}
{"t": 1785216441.7432435, "x": 4.380441570611669, "y": -1.6530841886102248, "zone": "wh_forbidden_zone", "min_dist": 0.0}
{"t": 1785216441.895515, "x": 4.380441571373698, "y": -1.6530832255562933, "zone": "wh_forbidden_zone", "min_dist": 0.0}
{"t": 1785216442.0479755, "x": 4.380441571726252, "y": -1.6530827559195114, "zone": "wh_forbidden_zone", "min_dist": 0.0}
{"t": 1785216442.2005699, "x": 4.380441572068893, "y": -1.6530822722201914, "zone": "wh_forbidden_zone", "min_dist": 0.0}
{"t": 1785216442.3527567, "x": 4.380441572068893, "y": -1.6530822722201914, "zone": "wh_forbidden_zone", "min_dist": 0.0}
{"t": 1785216442.504332, "x": 4.38044157237595, "y": -1.6530817935981081, "zone": "wh_forbidden_zone", "min_dist": 0.0}
{"t": 1785216442.656572, "x": 4.38044157237595, "y": -1.6530817935981081, "zone": "wh_forbidden_zone", "min_dist": 0.0}
{"t": 1785216442.808708, "x": 4.380441572632377, "y": -1.6530813100943613, "zone": "wh_forbidden_zone", "min_dist": 0.0}
{"t": 1785216442.9692829, "x": 4.380441572632377, "y": -1.6530813100943613, "zone": "wh_forbidden_zone", "min_dist": 0.0}
{"t": 1785216443.121338, "x": 4.380441572779831, "y": -1.6530808295879267, "zone": "wh_forbidden_zone", "min_dist": 0.0}
{"t": 1785216443.273516, "x": 4.380441572779831, "y": -1.6530808295879267, "zone": "wh_forbidden_zone", "min_dist": 0.0}
{"t": 1785216443.4256818, "x": 4.380441572779831, "y": -1.6530808295879267, "zone": "wh_forbidden_zone", "min_dist": 0.0}
{"t": 1785216443.5780225, "x": 4.380441379867865, "y": -1.6531675001008095, "zone": "wh_forbidden_zone", "min_dist": 0.0}
{"t": 1785216443.7302084, "x": 4.380757192130754, "y": -1.652987893581269, "zone": "wh_forbidden_zone", "min_dist": 0.0}
{"t": 1785216443.8827364, "x": 4.380916368340223, "y": -1.6530690321635588, "zone": "wh_forbidden_zone", "min_dist": 0.0}
{"t": 1785216444.042825, "x": 4.380924567675304, "y": -1.6515498571140095, "zone": "wh_forbidden_zone", "min_dist": 0.0}
{"t": 1785216444.1947281, "x": 4.380940677897856, "y": -1.6500765370675259, "zone": "wh_forbidden_zone", "min_dist": 0.0}
{"t": 1785216444.3472211, "x": 4.380985558046378, "y": -1.6479877783354548, "zone": "wh_forbidden_zone", "min_dist": 0.0}
{"t": 1785216444.4995894, "x": 4.381015883400135, "y": -1.6468282813328452, "zone": "wh_forbidden_zone", "min_dist": 0.0}
{"t": 1785216444.6517127, "x": 4.381075248846707, "y": -1.6449812337022598, "zone": "wh_forbidden_zone", "min_dist": 0.0}
{"t": 1785216444.8122206, "x": 4.38110406403087, "y": -1.644230791872589, "zone": "wh_forbidden_zone", "min_dist": 0.0}
{"t": 1785216444.9647737, "x": 4.380955550992462, "y": -1.6441493558986553, "zone": "wh_forbidden_zone", "min_dist": 0.0}
{"t": 1785216445.1244512, "x": 4.381030578839779, "y": -1.6426110175764561, "zone": "wh_forbidden_zone", "min_dist": 0.0}
{"t": 1785216445.2847135, "x": 4.381291777083952, "y": -1.638052221932277, "zone": "wh_forbidden_zone", "min_dist": 0.0}
{"t": 1785216445.4373043, "x": 4.381710058885642, "y": -1.6362685785145803, "zone": "wh_forbidden_zone", "min_dist": 0.0}
{"t": 1785216445.589263, "x": 4.381741333301762, "y": -1.6358598993829363, "zone": "wh_forbidden_zone", "min_dist": 0.0}
{"t": 1785216445.7420046, "x": 4.381616929858309, "y": -1.6378360547747286, "zone": "wh_forbidden_zone", "min_dist": 0.0}
{"t": 1785216445.9020383, "x": 4.3817552577229275, "y": -1.6360796392738675, "zone": "wh_forbidden_zone", "min_dist": 0.0}
{"t": 1785216446.054712, "x": 4.382969824076214, "y": -1.6249386478234815, "zone": "wh_forbidden_zone", "min_dist": 0.0}
{"t": 1785216446.2066202, "x": 4.390644660392914, "y": -1.5925086608524448, "zone": "wh_forbidden_zone", "min_dist": 0.0}
{"t": 1785216446.3826275, "x": 4.414502260331754, "y": -1.5479167710397652, "zone": "wh_forbidden_zone", "min_dist": 0.0}
{"t": 1785216446.5428665, "x": 4.449015089213735, "y": -1.5112430157486814, "zone": "wh_forbidden_zone", "min_dist": 0.0}
{"t": 1785216446.6955044, "x": 4.489366450901842, "y": -1.4823099480294213, "zone": "wh_forbidden_zone", "min_dist": 0.0}
{"t": 1785216446.847372, "x": 4.528797618975482, "y": -1.458738082905224, "zone": null, "min_dist": 0.028797618975482386}
{"t": 1785216446.9995966, "x": 4.537844209023335, "y": -1.4552638553995227, "zone": null, "min_dist": 0.037844209023335296}
{"t": 1785216447.1516664, "x": 4.545878969559187, "y": -1.4515349439122804, "zone": null, "min_dist": 0.0458789695591868}
{"t": 1785216447.311753, "x": 4.545447869745355, "y": -1.4517530066098905, "zone": null, "min_dist": 0.045447869745355085}
{"t": 1785216447.472183, "x": 4.539382211557931, "y": -1.454645745834536, "zone": null, "min_dist": 0.03938221155793098}
{"t": 1785216447.6487317, "x": 4.516594602836001, "y": -1.4634260646317767, "zone": null, "min_dist": 0.016594602836001116}
{"t": 1785216447.80938, "x": 4.475212220977392, "y": -1.4750345938934197, "zone": "wh_forbidden_zone", "min_dist": 0.0}
{"t": 1785216447.9691505, "x": 4.435683938308279, "y": -1.4825720796052417, "zone": "wh_forbidden_zone", "min_dist": 0.0}
{"t": 1785216448.1214664, "x": 4.414993341889909, "y": -1.4838466899325984, "zone": "wh_forbidden_zone", "min_dist": 0.0}
{"t": 1785216448.2740328, "x": 4.408021446900788, "y": -1.4837621071051685, "zone": "wh_forbidden_zone", "min_dist": 0.0}
{"t": 1785216448.4259365, "x": 4.408221431515184, "y": -1.483785552194959, "zone": "wh_forbidden_zone", "min_dist": 0.0}
{"t": 1785216448.586163, "x": 4.406167845112196, "y": -1.483601853888264, "zone": "wh_forbidden_zone", "min_dist": 0.0}
{"t": 1785216448.7466114, "x": 4.396431221841787, "y": -1.482396207473851, "zone": "wh_forbidden_zone", "min_dist": 0.0}
{"t": 1785216448.8985584, "x": 4.388645771896373, "y": -1.4810565558244215, "zone": "wh_forbidden_zone", "min_dist": 0.0}
{"t": 1785216449.0508885, "x": 4.370323339474945, "y": -1.4771134123944716, "zone": "wh_forbidden_zone", "min_dist": 0.0}
{"t": 1785216449.2031598, "x": 4.341507224635625, "y": -1.466736104028722, "zone": "wh_forbidden_zone", "min_dist": 0.0}
{"t": 1785216449.3556905, "x": 4.315762522974689, "y": -1.4528782565540181, "zone": "wh_forbidden_zone", "min_dist": 0.0}
{"t": 1785216449.5076632, "x": 4.293431238571141, "y": -1.436358269536409, "zone": "wh_forbidden_zone", "min_dist": 0.0}
{"t": 1785216449.659967, "x": 4.272961838226291, "y": -1.4161081296007834, "zone": "wh_forbidden_zone", "min_dist": 0.0}
{"t": 1785216449.8119774, "x": 4.255828659372782, "y": -1.3930550744980423, "zone": "wh_forbidden_zone", "min_dist": 0.0}
{"t": 1785216449.9647903, "x": 4.241592353853869, "y": -1.365502947464676, "zone": "wh_forbidden_zone", "min_dist": 0.0}
{"t": 1785216450.1167445, "x": 4.231132698503473, "y": -1.3339716143511209, "zone": "wh_forbidden_zone", "min_dist": 0.0}
{"t": 1785216450.2692156, "x": 4.226232651993834, "y": -1.304257218293107, "zone": "wh_forbidden_zone", "min_dist": 0.0}
{"t": 1785216450.4212618, "x": 4.225568500357933, "y": -1.2705012595952632, "zone": "wh_forbidden_zone", "min_dist": 0.0}
{"t": 1785216450.5813835, "x": 4.2288048788515455, "y": -1.2354648188392237, "zone": "wh_forbidden_zone", "min_dist": 0.0}
{"t": 1785216450.734117, "x": 4.234130604754232, "y": -1.2042260265094114, "zone": "wh_forbidden_zone", "min_dist": 0.0}
{"t": 1785216450.8940885, "x": 4.241842246858407, "y": -1.1711044222693936, "zone": "wh_forbidden_zone", "min_dist": 0.0}
{"t": 1785216451.0463474, "x": 4.250111604756763, "y": -1.1396756830316075, "zone": "wh_forbidden_zone", "min_dist": 0.0}
{"t": 1785216451.198542, "x": 4.259326461623831, "y": -1.107757879755844, "zone": "wh_forbidden_zone", "min_dist": 0.0}
{"t": 1785216451.3505833, "x": 4.268908092831991, "y": -1.0774397714337458, "zone": "wh_forbidden_zone", "min_dist": 0.0}
{"t": 1785216451.5108407, "x": 4.278717206966348, "y": -1.0508117063310292, "zone": "wh_forbidden_zone", "min_dist": 0.0}
{"t": 1785216451.6872067, "x": 4.293130311212503, "y": -1.016090224129208, "zone": "wh_forbidden_zone", "min_dist": 0.0}
{"t": 1785216451.8394904, "x": 4.306623220353702, "y": -0.9858074447670319, "zone": null, "min_dist": 0.01419255523296814}
{"t": 1785216451.991732, "x": 4.320826869229057, "y": -0.9558206213331483, "zone": null, "min_dist": 0.04417937866685173}
{"t": 1785216452.1440995, "x": 4.335488677925255, "y": -0.9266585035254319, "zone": null, "min_dist": 0.07334149647456811}
{"t": 1785216452.2965162, "x": 4.3501353897963275, "y": -0.8985383530931375, "zone": null, "min_dist": 0.10146164690686255}
{"t": 1785216452.448868, "x": 4.364828901822975, "y": -0.8707730015524082, "zone": null, "min_dist": 0.12922699844759178}
{"t": 1785216452.608502, "x": 4.381024591142446, "y": -0.8404984186594655, "zone": null, "min_dist": 0.1595015813405345}
{"t": 1785216452.7611086, "x": 4.396330977609193, "y": -0.8119502918141078, "zone": null, "min_dist": 0.18804970818589217}
{"t": 1785216452.91306, "x": 4.411868061945524, "y": -0.7829718217521837, "zone": null, "min_dist": 0.21702817824781628}
{"t": 1785216453.0655289, "x": 4.427393533755295, "y": -0.7540150111313758, "zone": null, "min_dist": 0.2459849888686242}
{"t": 1785216453.217272, "x": 4.444601943692841, "y": -0.7217179940407928, "zone": null, "min_dist": 0.27828200595920716}
{"t": 1785216453.3698251, "x": 4.461601806906044, "y": -0.6897414317463944, "zone": null, "min_dist": 0.31025856825360565}
{"t": 1785216453.5224314, "x": 4.476464831042621, "y": -0.6616631144318659, "zone": null, "min_dist": 0.3383368855681341}
{"t": 1785216453.6824255, "x": 4.492907590587599, "y": -0.6305403288247007, "zone": null, "min_dist": 0.3694596711752993}
{"t": 1785216453.8427563, "x": 4.508841720583324, "y": -0.599195123902754, "zone": null, "min_dist": 0.4009023880275625}
{"t": 1785216453.9950917, "x": 4.523761557392764, "y": -0.5692837499228454, "zone": null, "min_dist": 0.4313711855122635}
{"t": 1785216454.1474357, "x": 4.537965967766063, "y": -0.5395014823031906, "zone": null, "min_dist": 0.46206092618763206}
{"t": 1785216454.307482, "x": 4.551730848480085, "y": -0.5099348279147952, "zone": null, "min_dist": 0.4927879397625017}
{"t": 1785216454.5645275, "x": 4.566077185843789, "y": -0.4791181352457914, "zone": null, "min_dist": 0.5250562936665518}
{"t": 1785216454.7163181, "x": 4.588960492466522, "y": -0.4301476799608551, "zone": null, "min_dist": 0.576754398226734}
{"t": 1785216454.8685887, "x": 4.6034695849746186, "y": -0.4000250715572935, "zone": null, "min_dist": 0.6088315610861929}
{"t": 1785216455.0205762, "x": 4.617275582612659, "y": -0.37140870740127063, "zone": null, "min_dist": 0.6394377025231465}
{"t": 1785216455.1727629, "x": 4.631764366724567, "y": -0.3413770973774203, "zone": null, "min_dist": 0.671674010363151}
{"t": 1785216455.3251083, "x": 4.645516188796648, "y": -0.3128730252750774, "zone": null, "min_dist": 0.702366315106673}
{"t": 1785216455.4776516, "x": 4.659949764424292, "y": -0.28269103903998455, "zone": null, "min_dist": 0.7349258960010345}
{"t": 1785216455.6377275, "x": 4.6745872700454525, "y": -0.250784814303518, "zone": null, "min_dist": 0.7692880535535032}
{"t": 1785216455.7898204, "x": 4.688273998139904, "y": -0.22067806551906738, "zone": null, "min_dist": 0.8017417139819328}
{"t": 1785216455.942117, "x": 4.701067040944269, "y": -0.19130490405161502, "zone": null, "min_dist": 0.8333160943873891}
{"t": 1785216456.094398, "x": 4.713768777235653, "y": -0.16034291084990746, "zone": null, "min_dist": 0.8664416411281446}
{"t": 1785216456.2468019, "x": 4.725343775520807, "y": -0.13027984537181533, "zone": null, "min_dist": 0.8984391824338726}
{"t": 1785216456.4064865, "x": 4.737014728212076, "y": -0.09814049550073267, "zone": null, "min_dist": 0.9324840734538623}
{"t": 1785216456.5588481, "x": 4.747962454707401, "y": -0.06765421574246254, "zone": null, "min_dist": 0.9647559486042687}
{"t": 1785216456.7116318, "x": 4.758699601825285, "y": -0.037754339073368115, "zone": null, "min_dist": 0.996414670685198}
{"t": 1785216456.871663, "x": 4.769948146757955, "y": -0.005751877906614686, "zone": null, "min_dist": 1.0302433354427865}
{"t": 1785216457.0242221, "x": 4.780113315024338, "y": 0.025274179434176203, "zone": null, "min_dist": 1.0628502304032998}
{"t": 1785216457.1843789, "x": 4.790027220494684, "y": 0.05794404230205909, "zone": null, "min_dist": 1.0969782975384215}
{"t": 1785216457.3363247, "x": 4.798901525209217, "y": 0.08964511738247342, "zone": null, "min_dist": 1.1298976075768374}
{"t": 1785216457.488475, "x": 4.807061284494202, "y": 0.12130159515249862, "zone": null, "min_dist": 1.1625850075270914}
{"t": 1785216457.640852, "x": 4.814792929572947, "y": 0.15201678651398895, "zone": null, "min_dist": 1.1942517594373208}
{"t": 1785216457.7932515, "x": 4.822550442706569, "y": 0.18283474210715686, "zone": null, "min_dist": 1.2260248020435425}
{"t": 1785216457.9538505, "x": 4.830327312033855, "y": 0.2137295921394207, "zone": null, "min_dist": 1.25787744073516}
{"t": 1785216458.1058068, "x": 4.837087457787059, "y": 0.240585344490573, "zone": null, "min_dist": 1.285566004202871}
{"t": 1785216458.25824, "x": 4.844896185767454, "y": 0.2721767417409461, "zone": null, "min_dist": 1.318099784228625}
{"t": 1785216458.4104617, "x": 4.852295251760653, "y": 0.30417412283487594, "zone": null, "min_dist": 1.3509189787271552}
{"t": 1785216458.586776, "x": 4.860007796558311, "y": 0.3412541211205939, "zone": null, "min_dist": 1.3887289984031252}
{"t": 1785216458.7387958, "x": 4.866058180568959, "y": 0.37353384609427587, "zone": null, "min_dist": 1.4214759294226513}
{"t": 1785216458.8912137, "x": 4.87140861874159, "y": 0.3976946268491105, "zone": null, "min_dist": 1.446200066380309}
{"t": 1785216459.0430288, "x": 4.873865584633282, "y": 0.38625799009180567, "zone": null, "min_dist": 1.4357878291957202}
{"t": 1785216459.195287, "x": 4.8762839322054425, "y": 0.3748807108671312, "zone": null, "min_dist": 1.425442586269436}
{"t": 1785216459.3473246, "x": 4.877645708515366, "y": 0.3719614057111736, "zone": null, "min_dist": 1.4229878354789445}
{"t": 1785216459.4994586, "x": 4.877762162749835, "y": 0.38172934556067684, "zone": null, "min_dist": 1.43243856272755}
{"t": 1785216459.6597974, "x": 4.876847173752939, "y": 0.3903848589944262, "zone": null, "min_dist": 1.440549842416613}
{"t": 1785216459.81198, "x": 4.8784120136803955, "y": 0.39637500374877643, "zone": null, "min_dist": 1.446740751894425}
{"t": 1785216459.9644132, "x": 4.880000711214898, "y": 0.4021469359436166, "zone": null, "min_dist": 1.4527272870363181}
{"t": 1785216460.1170497, "x": 4.879641409305496, "y": 0.406115932435867, "zone": null, "min_dist": 1.456464766175087}
{"t": 1785216460.2688158, "x": 4.877056138829643, "y": 0.40694961711961813, "zone": null, "min_dist": 1.4565982826236474}
{"t": 1785216460.4294846, "x": 4.874312641271307, "y": 0.4071042346202687, "zone": null, "min_dist": 1.4560399309434457}
{"t": 1785216460.5817232, "x": 4.871711282731797, "y": 0.4072439236279614, "zone": null, "min_dist": 1.4555084123075133}
{"t": 1785216460.7337341, "x": 4.8691140461498135, "y": 0.4073757208053034, "zone": null, "min_dist": 1.4549747759247698}
{"t": 1785216460.8860943, "x": 4.866520346622519, "y": 0.407499441243351, "zone": null, "min_dist": 1.45443866889898}
{"t": 1785216461.0467012, "x": 4.8637934383197585, "y": 0.407621010218482, "zone": null, "min_dist": 1.4538715810459368}
{"t": 1785216461.1988223, "x": 4.863191199314527, "y": 0.4142781510810944, "zone": null, "min_dist": 1.4601679820777074}
{"t": 1785216461.3508155, "x": 4.863153598475064, "y": 0.4143862573805439, "zone": null, "min_dist": 1.4602633396590938}
{"t": 1785216461.5025778, "x": 4.863181561017093, "y": 0.41391348571321557, "zone": null, "min_dist": 1.4598123822411249}
{"t": 1785216461.6560104, "x": 4.863196965192208, "y": 0.413690918986068, "zone": null, "min_dist": 1.45960064741987}
{"t": 1785216461.8158324, "x": 4.863209726912882, "y": 0.4135449062319284, "zone": null, "min_dist": 1.4594624036467545}
{"t": 1785216461.968177, "x": 4.863225333386211, "y": 0.4133303502745003, "zone": null, "min_dist": 1.4592584835527138}
{"t": 1785216462.1204522, "x": 4.8632609981638755, "y": 0.41268904748729246, "zone": null, "min_dist": 1.458646255154953}
{"t": 1785216462.2804482, "x": 4.863302938631645, "y": 0.4120340639013556, "zone": null, "min_dist": 1.4580223670562007}
{"t": 1785216462.43265, "x": 4.863337063991875, "y": 0.4114016026912957, "zone": null, "min_dist": 1.4574183703212316}
{"t": 1785216462.5849078, "x": 4.86337718925747, "y": 0.4106977546109611, "zone": null, "min_dist": 1.4567467647251071}
{"t": 1785216462.7374883, "x": 4.863424621980186, "y": 0.40991297949701183, "zone": null, "min_dist": 1.455998648905823}
{"t": 1785216462.8893359, "x": 4.863480990879367, "y": 0.40903645458094234, "zone": null, "min_dist": 1.455163963637321}
{"t": 1785216463.0414267, "x": 4.863548351376503, "y": 0.40805564543333683, "zone": null, "min_dist": 1.454231104200864}
{"t": 1785216463.1935103, "x": 4.863629328613639, "y": 0.4069558078512502, "zone": null, "min_dist": 1.4531864759466935}
{"t": 1785216463.3458462, "x": 4.863727318290759, "y": 0.40571934355051525, "zone": null, "min_dist": 1.4520139237979361}
{"t": 1785216463.5061955, "x": 4.863853755468583, "y": 0.4042467685659202, "zone": null, "min_dist": 1.4506200544582375}
{"t": 1785216463.6667356, "x": 4.864010941827338, "y": 0.4025687828003329, "zone": null, "min_dist": 1.449035250177177}
{"t": 1785216463.818716, "x": 4.864197394507656, "y": 0.40074997475095386, "zone": null, "min_dist": 1.4473217451316633}
{"t": 1785216463.971615, "x": 4.864431526457942, "y": 0.3986703852806539, "zone": null, "min_dist": 1.445368182899291}
{"t": 1785216464.1234767, "x": 4.864729560001195, "y": 0.39627559500102216, "zone": null, "min_dist": 1.4431261861438602}
{"t": 1785216464.2836342, "x": 4.865139606512261, "y": 0.39332751049203, "zone": null, "min_dist": 1.440377896157063}
{"t": 1785216464.4356983, "x": 4.865660826189061, "y": 0.3900013121282504, "zone": null, "min_dist": 1.43729311120854}
{"t": 1785216464.595789, "x": 4.866449758675295, "y": 0.38562785894773016, "zone": null, "min_dist": 1.4332654984772546}
{"t": 1785216464.7483518, "x": 4.867635314308663, "y": 0.3800601580283022, "zone": null, "min_dist": 1.4281882803411923}
{"t": 1785216464.9004686, "x": 4.869897895722349, "y": 0.37150253840016084, "zone": null, "min_dist": 1.4205082421788007}
{"t": 1785216465.0526628, "x": 4.871210895016362, "y": 0.3672633367632374, "zone": null, "min_dist": 1.4167591752431994}
{"t": 1785216465.2127824, "x": 4.873166175882309, "y": 0.36155499350543435, "zone": null, "min_dist": 1.4117666220598253}
{"t": 1785216465.3651175, "x": 4.874938607569232, "y": 0.35618464724158844, "zone": null, "min_dist": 1.4070592584748327}
{"t": 1785216465.5172613, "x": 4.876695373431126, "y": 0.3508660174591017, "zone": null, "min_dist": 1.402404507084254}
{"t": 1785216465.6940892, "x": 4.874993521594519, "y": 0.3543441906044829, "zone": null, "min_dist": 1.405300084630315}
{"t": 1785216465.84549, "x": 4.875164711959106, "y": 0.3537495000856547, "zone": null, "min_dist": 1.4047726755890146}
{"t": 1785216466.00548, "x": 4.874423647071116, "y": 0.3543353324591493, "zone": null, "min_dist": 1.4051395874550223}
{"t": 1785216466.1579716, "x": 4.871698075214156, "y": 0.3572631311360219, "zone": null, "min_dist": 1.4072393777389356}
{"t": 1785216466.3182728, "x": 4.86625749509648, "y": 0.36535616680203253, "zone": null, "min_dist": 1.4136272545967299}
{"t": 1785216466.5697117, "x": 4.861072116571527, "y": 0.3724560914722918, "zone": null, "min_dist": 1.4191577771286892}
{"t": 1785216466.7265873, "x": 4.837997104936884, "y": 0.39867651076903476, "zone": null, "min_dist": 1.4389364213622353}
{"t": 1785216466.878958, "x": 4.820549704780568, "y": 0.4140692041130925, "zone": null, "min_dist": 1.4499461463295609}
{"t": 1785216467.0312579, "x": 4.816335538116804, "y": 0.41728200242686087, "zone": null, "min_dist": 1.4521557929777165}
{"t": 1785216467.1834319, "x": 4.802599479791839, "y": 0.42677091492193314, "zone": null, "min_dist": 1.4585066639674507}
{"t": 1785216467.3359108, "x": 4.77703224615288, "y": 0.441012171309986, "zone": null, "min_dist": 1.4674000624478758}
{"t": 1785216467.4968874, "x": 4.746101133128438, "y": 0.45308416960254466, "zone": null, "min_dist": 1.4737772462881285}
{"t": 1785216467.6573205, "x": 4.713866784488868, "y": 0.4604498266852121, "zone": null, "min_dist": 1.4760259814015722}
{"t": 1785216467.8183424, "x": 4.6801136411130875, "y": 0.463020561961006, "zone": null, "min_dist": 1.4740658358552754}
{"t": 1785216467.9784012, "x": 4.646384865606423, "y": 0.46068484129682247, "zone": null, "min_dist": 1.4680016125580155}
{"t": 1785216468.138308, "x": 4.626187707050991, "y": 0.45682905033679566, "zone": null, "min_dist": 1.4622839051688958}
{"t": 1785216468.298399, "x": 4.607672576813322, "y": 0.4523272505905821, "zone": null, "min_dist": 1.4563130936050874}
{"t": 1785216468.4584944, "x": 4.574839965693187, "y": 0.44041952863523065, "zone": null, "min_dist": 1.4423624506131243}
{"t": 1785216468.610189, "x": 4.548533678843894, "y": 0.4266258551537199, "zone": null, "min_dist": 1.4274511720458969}
{"t": 1785216468.7628787, "x": 4.523291238439567, "y": 0.4093636883760424, "zone": null, "min_dist": 1.4095561315183482}
{"t": 1785216468.91574, "x": 4.499212241879315, "y": 0.388556488810339, "zone": null, "min_dist": 1.388556488810339}
{"t": 1785216469.075522, "x": 4.475237420514988, "y": 0.3645257680034799, "zone": null, "min_dist": 1.36452576800348}
{"t": 1785216469.2276094, "x": 4.453711175777372, "y": 0.33962785064649964, "zone": null, "min_dist": 1.3396278506464996}
{"t": 1785216469.3797991, "x": 4.4342175340409895, "y": 0.3138511036634689, "zone": null, "min_dist": 1.313851103663469}
{"t": 1785216469.5321543, "x": 4.41624649160533, "y": 0.28630971959895507, "zone": null, "min_dist": 1.286309719598955}
{"t": 1785216469.6849146, "x": 4.400680264760586, "y": 0.25953791727919723, "zone": null, "min_dist": 1.2595379172791972}
{"t": 1785216469.844633, "x": 4.386500141960572, "y": 0.23342431830395113, "zone": null, "min_dist": 1.233424318303951}
{"t": 1785216470.0050607, "x": 4.372288013819892, "y": 0.20683379883917552, "zone": null, "min_dist": 1.2068337988391755}
{"t": 1785216470.1573238, "x": 4.357767019597613, "y": 0.17866441514983022, "zone": null, "min_dist": 1.1786644151498302}
{"t": 1785216470.3095813, "x": 4.344122483919788, "y": 0.15035131023501633, "zone": null, "min_dist": 1.1503513102350162}
{"t": 1785216470.5715353, "x": 4.330445819533843, "y": 0.11955576867504883, "zone": null, "min_dist": 1.1195557686750488}
{"t": 1785216470.7340744, "x": 4.310433933735495, "y": 0.07098456734291658, "zone": null, "min_dist": 1.0709845673429166}
{"t": 1785216470.8946621, "x": 4.298931292049687, "y": 0.04035076177507057, "zone": null, "min_dist": 1.0403507617750705}
{"t": 1785216471.0464506, "x": 4.288296018647232, "y": 0.00987361129771773, "zone": null, "min_dist": 1.0098736112977178}
{"t": 1785216471.1986735, "x": 4.27821844711889, "y": -0.02134248731485216, "zone": null, "min_dist": 0.9786575126851479}
{"t": 1785216471.35093, "x": 4.269254520620305, "y": -0.051475602215606556, "zone": null, "min_dist": 0.9485243977843935}
{"t": 1785216471.5034342, "x": 4.260689559321266, "y": -0.08340219021181179, "zone": null, "min_dist": 0.9165978097881882}
{"t": 1785216471.6560502, "x": 4.252178576547485, "y": -0.1216400472263741, "zone": null, "min_dist": 0.8783599527736259}
{"t": 1785216471.8081744, "x": 4.2443878854705455, "y": -0.15738880723275547, "zone": null, "min_dist": 0.8426111927672445}
{"t": 1785216471.9686134, "x": 4.237004223938266, "y": -0.19299483957607036, "zone": null, "min_dist": 0.8070051604239297}
{"t": 1785216472.1208434, "x": 4.231931316652577, "y": -0.2268353818951172, "zone": null, "min_dist": 0.7731646181048828}
{"t": 1785216472.2729702, "x": 4.2292374645626, "y": -0.25959119149459337, "zone": null, "min_dist": 0.7404088085054066}
{"t": 1785216472.42576, "x": 4.228914088374139, "y": -0.29247255822041285, "zone": null, "min_dist": 0.7075274417795872}
{"t": 1785216472.5775805, "x": 4.231927021788443, "y": -0.3257145212520655, "zone": null, "min_dist": 0.6742854787479344}
{"t": 1785216472.7377462, "x": 4.238538601096688, "y": -0.35880833674201346, "zone": null, "min_dist": 0.6411916632579866}
{"t": 1785216472.8981206, "x": 4.249107878891945, "y": -0.39201498396370843, "zone": null, "min_dist": 0.6079850160362916}
{"t": 1785216473.0507348, "x": 4.2617198088350285, "y": -0.42066347616425487, "zone": null, "min_dist": 0.5793365238357451}
{"t": 1785216473.2027512, "x": 4.277757356549243, "y": -0.44862123674799004, "zone": null, "min_dist": 0.55137876325201}
{"t": 1785216473.3547466, "x": 4.297132656281843, "y": -0.4756433379670982, "zone": null, "min_dist": 0.5243566620329019}
{"t": 1785216473.5311594, "x": 4.322714741771056, "y": -0.5044195593307015, "zone": null, "min_dist": 0.4955804406692985}
{"t": 1785216473.6916142, "x": 4.348144724823655, "y": -0.527772193222159, "zone": null, "min_dist": 0.47222780677784104}
{"t": 1785216473.8436253, "x": 4.3745593353078025, "y": -0.5473952163712729, "zone": null, "min_dist": 0.45260478362872714}
{"t": 1785216473.9955683, "x": 4.402567596893359, "y": -0.5649488311626543, "zone": null, "min_dist": 0.43505116883734574}
{"t": 1785216474.1472943, "x": 4.430435469442978, "y": -0.5808897963562084, "zone": null, "min_dist": 0.4191102036437916}
{"t": 1785216474.3080025, "x": 4.460463854991863, "y": -0.5971947439993955, "zone": null, "min_dist": 0.40280525600060446}
{"t": 1785216474.460208, "x": 4.49020742374402, "y": -0.6123953391076921, "zone": null, "min_dist": 0.38760466089230794}
{"t": 1785216474.6206982, "x": 4.521460104068796, "y": -0.6274604067755223, "zone": null, "min_dist": 0.3731571848249781}
{"t": 1785216474.780399, "x": 4.552644468259299, "y": -0.6416441848025927, "zone": null, "min_dist": 0.3622020573162205}
{"t": 1785216474.9326766, "x": 4.582521733310748, "y": -0.6544369699038882, "zone": null, "min_dist": 0.3552796704538784}
{"t": 1785216475.085109, "x": 4.612409023021319, "y": -0.6666243754837945, "zone": null, "min_dist": 0.3518168493380858}
{"t": 1785216475.2454894, "x": 4.643935497592064, "y": -0.6792423651569083, "zone": null, "min_dist": 0.3515720235985926}
{"t": 1785216475.397477, "x": 4.6744973296694114, "y": -0.6907590795397182, "zone": null, "min_dist": 0.3550764212798107}
{"t": 1785216475.5496726, "x": 4.705617663292082, "y": -0.701926613447713, "zone": null, "min_dist": 0.3621137490187925}
{"t": 1785216475.7100532, "x": 4.737545371866646, "y": -0.7133402415482735, "zone": null, "min_dist": 0.37229238618438765}
{"t": 1785216475.862481, "x": 4.768046762155982, "y": -0.7242308635693521, "zone": null, "min_dist": 0.38457467845661764}
{"t": 1785216476.0145557, "x": 4.7991146187201945, "y": -0.7349859576896821, "zone": null, "min_dist": 0.39962732358258773}
{"t": 1785216476.166669, "x": 4.829663697774335, "y": -0.7454753459463657, "zone": null, "min_dist": 0.4164864381361901}
{"t": 1785216476.3268633, "x": 4.861635373639605, "y": -0.7564531997375197, "zone": null, "min_dist": 0.43599906810169825}
{"t": 1785216476.4793196, "x": 4.892393096349162, "y": -0.7670142283322169, "zone": null, "min_dist": 0.45634933095394686}
{"t": 1785216476.631584, "x": 4.922443632425672, "y": -0.777332436129663, "zone": null, "min_dist": 0.47753478048928233}
{"t": 1785216476.7835422, "x": 4.953895655841257, "y": -0.7881048774285085, "zone": null, "min_dist": 0.5009199630291772}
{"t": 1785216476.9361756, "x": 4.985054764962032, "y": -0.7982557313976605, "zone": null, "min_dist": 0.525336915632497}
{"t": 1785216477.096648, "x": 5.0163485600077635, "y": -0.808027302919385, "zone": null, "min_dist": 0.5508805241125307}
{"t": 1785216477.248517, "x": 5.047390328753745, "y": -0.8177105031675002, "zone": null, "min_dist": 0.5769450863544807}
{"t": 1785216477.4007955, "x": 5.078666836480226, "y": -0.8274669281689293, "zone": null, "min_dist": 0.6038401845832203}
{"t": 1785216477.552986, "x": 5.108637939018088, "y": -0.8368161439830397, "zone": null, "min_dist": 0.6301342013228213}
{"t": 1785216477.705226, "x": 5.14021345464033, "y": -0.8466658418159142, "zone": null, "min_dist": 0.6583195512579951}
{"t": 1785216477.8576899, "x": 5.1704561895537156, "y": -0.8560997909078712, "zone": null, "min_dist": 0.6857249975665508}
{"t": 1785216478.0338027, "x": 5.205909892934799, "y": -0.867159254635309, "zone": null, "min_dist": 0.7183003832466375}
{"t": 1785216478.1863742, "x": 5.236070543945674, "y": -0.8765675984336221, "zone": null, "min_dist": 0.7463480444276143}
{"t": 1785216478.3385308, "x": 5.266990162836086, "y": -0.8862126952830777, "zone": null, "min_dist": 0.7753847178027609}
{"t": 1785216478.498621, "x": 5.29970573833004, "y": -0.8964180245864941, "zone": null, "min_dist": 0.8063860697882613}
{"t": 1785216478.6506627, "x": 5.330393790983127, "y": -0.9059908864805658, "zone": null, "min_dist": 0.835698247890971}
{"t": 1785216478.8112226, "x": 5.362398761573986, "y": -0.9159745490810606, "zone": null, "min_dist": 0.8664824870512247}
{"t": 1785216478.963346, "x": 5.393617388437491, "y": -0.9257129187389429, "zone": null, "min_dist": 0.8966998423999686}
{"t": 1785216479.1155264, "x": 5.422948513626576, "y": -0.9348624995340353, "zone": null, "min_dist": 0.9252442125041687}
{"t": 1785216479.2680569, "x": 5.45366392842184, "y": -0.9444438967950218, "zone": null, "min_dist": 0.9552807801773768}
{"t": 1785216479.4280992, "x": 5.48670583107837, "y": -0.9547510208831012, "zone": null, "min_dist": 0.9877428142969095}
{"t": 1785216479.580333, "x": 5.516598035818787, "y": -0.9640756253192727, "zone": null, "min_dist": 1.0172325826116746}
{"t": 1785216479.7404027, "x": 5.5499326144370436, "y": -0.9744740469671925, "zone": null, "min_dist": 1.050242861978523}
{"t": 1785216479.8930995, "x": 5.58053223811538, "y": -0.9840193242541202, "zone": null, "min_dist": 1.0806504058223114}
{"t": 1785216480.052958, "x": 5.612183492533911, "y": -0.993892648342243, "zone": null, "min_dist": 1.1122002611082233}
{"t": 1785216480.2057178, "x": 5.642286876609636, "y": -1.0031926044218658, "zone": null, "min_dist": 1.142286876609636}
{"t": 1785216480.3577046, "x": 5.6725884344386115, "y": -1.0119611074296404, "zone": null, "min_dist": 1.1725884344386115}
{"t": 1785216480.509981, "x": 5.703722082273885, "y": -1.0206563716156296, "zone": null, "min_dist": 1.2037220822738854}
{"t": 1785216480.662639, "x": 5.735363788557479, "y": -1.0294921032069595, "zone": null, "min_dist": 1.2353637885574793}
{"t": 1785216480.8144484, "x": 5.765879677835384, "y": -1.038013458312624, "zone": null, "min_dist": 1.2658796778353842}
{"t": 1785216480.9664834, "x": 5.79751819806632, "y": -1.0468483003012343, "zone": null, "min_dist": 1.29751819806632}
{"t": 1785216481.1187956, "x": 5.828689422501087, "y": -1.05555265323324, "zone": null, "min_dist": 1.3286894225010872}
{"t": 1785216481.2710125, "x": 5.860474551724704, "y": -1.0641802420504074, "zone": null, "min_dist": 1.360474551724704}
{"t": 1785216481.4237301, "x": 5.892161921231027, "y": -1.0722071532545103, "zone": null, "min_dist": 1.3921619212310272}
{"t": 1785216481.5836942, "x": 5.9247115333593685, "y": -1.0803499762410596, "zone": null, "min_dist": 1.4247115333593685}
{"t": 1785216481.7438164, "x": 5.957751578594924, "y": -1.0886080162988472, "zone": null, "min_dist": 1.457751578594924}
{"t": 1785216481.8960836, "x": 5.9892917039927696, "y": -1.096491165890915, "zone": null, "min_dist": 1.4892917039927696}
{"t": 1785216482.0485005, "x": 6.018132592712126, "y": -1.1036996677780482, "zone": null, "min_dist": 1.518132592712126}
{"t": 1785216482.2008545, "x": 6.044460427126859, "y": -1.110280056362545, "zone": null, "min_dist": 1.5444604271268592}
{"t": 1785216482.3530433, "x": 6.068089024499833, "y": -1.1161857969845148, "zone": null, "min_dist": 1.568089024499833}
{"t": 1785216482.5052278, "x": 6.089294434545592, "y": -1.1214858855326475, "zone": null, "min_dist": 1.5892944345455922}
{"t": 1785216482.6573706, "x": 6.108140980093267, "y": -1.1262003045134044, "zone": null, "min_dist": 1.6081409800932667}
{"t": 1785216482.8175626, "x": 6.117643444232927, "y": -1.1287095383851915, "zone": null, "min_dist": 1.617643444232927}
{"t": 1785216482.9781716, "x": 6.11808796268633, "y": -1.1288429319881923, "zone": null, "min_dist": 1.6180879626863298}
{"t": 1785216483.1546588, "x": 6.118097598466839, "y": -1.128846868604464, "zone": null, "min_dist": 1.6180975984668393}
{"t": 1785216483.3067067, "x": 6.1181058587237755, "y": -1.128850913746954, "zone": null, "min_dist": 1.6181058587237755}
{"t": 1785216483.458721, "x": 6.118113956176898, "y": -1.1288553676315574, "zone": null, "min_dist": 1.6181139561768978}
{"t": 1785216483.610892, "x": 6.118121933784839, "y": -1.12886000296869, "zone": null, "min_dist": 1.6181219337848392}
{"t": 1785216483.7633688, "x": 6.1181298227187755, "y": -1.128864815262626, "zone": null, "min_dist": 1.6181298227187755}
{"t": 1785216483.9234965, "x": 6.118138024252844, "y": -1.1288700685623851, "zone": null, "min_dist": 1.6181380242528443}
{"t": 1785216484.0834193, "x": 6.118146113890012, "y": -1.1288755107377606, "zone": null, "min_dist": 1.6181461138900124}
{"t": 1785216484.24365, "x": 6.1181540854605325, "y": -1.128881138125177, "zone": null, "min_dist": 1.6181540854605325}
{"t": 1785216484.4040084, "x": 6.118161933265251, "y": -1.1288869470863319, "zone": null, "min_dist": 1.6181619332652506}
{"t": 1785216484.556117, "x": 6.1181692693198615, "y": -1.1288926305657645, "zone": null, "min_dist": 1.6181692693198615}
{"t": 1785216484.7326496, "x": 6.11817761283293, "y": -1.1288994081996544, "zone": null, "min_dist": 1.6181776128329304}
{"t": 1785216484.8846226, "x": 6.118184683855286, "y": -1.1289054281166346, "zone": null, "min_dist": 1.6181846838552856}
{"t": 1785216485.04535, "x": 6.118190040068345, "y": -1.1289101635502563, "zone": null, "min_dist": 1.6181900400683453}
