{"t": 1783963872.6441503, "x": -7.711887409966152e-12, "y": -2.3141628303776996e-13, "zone": null, "min_dist": 1.3000000000077119}
{"t": 1783963872.8043284, "x": -7.711887409966152e-12, "y": -2.3141628303776996e-13, "zone": null, "min_dist": 1.3000000000077119}
{"t": 1783963872.9813516, "x": -7.711887409966152e-12, "y": -2.3141628303776996e-13, "zone": null, "min_dist": 1.3000000000077119}
{"t": 1783963873.1409047, "x": -7.711887409966152e-12, "y": -2.3141628303776996e-13, "zone": null, "min_dist": 1.3000000000077119}
{"t": 1783963873.3005595, "x": -7.711887409966152e-12, "y": -2.3141628303776996e-13, "zone": null, "min_dist": 1.3000000000077119}
{"t": 1783963873.461382, "x": -7.711887409966152e-12, "y": -2.3141628303776996e-13, "zone": null, "min_dist": 1.3000000000077119}
{"t": 1783963873.6149201, "x": -7.711887409966152e-12, "y": -2.3141628303776996e-13, "zone": null, "min_dist": 1.3000000000077119}
{"t": 1783963873.7851193, "x": -7.711887409966152e-12, "y": -2.3141628303776996e-13, "zone": null, "min_dist": 1.3000000000077119}
{"t": 1783963873.9449522, "x": -7.711887409966152e-12, "y": -2.3141628303776996e-13, "zone": null, "min_dist": 1.3000000000077119}
{"t": 1783963874.1046634, "x": 0.0076795322439901816, "y": 4.293694834838214e-10, "zone": null, "min_dist": 1.2923204677560098}
{"t": 1783963874.2567258, "x": 0.03580213209543943, "y": 4.325035080828703e-09, "zone": null, "min_dist": 1.2641978679045607}
{"t": 1783963874.4328957, "x": 0.07162191986348744, "y": 9.787105889881464e-09, "zone": null, "min_dist": 1.2283780801365125}
{"t": 1783963874.5929513, "x": 0.1049372722323037, "y": 1.4976421866555012e-08, "zone": null, "min_dist": 1.1950627277676964}
{"t": 1783963874.752945, "x": 0.1394534979649414, "y": 2.0560363372586616e-08, "zone": null, "min_dist": 1.1605465020350587}
{"t": 1783963874.9134219, "x": 0.1740017083146384, "y": 2.614911443554051e-08, "zone": null, "min_dist": 1.1259982916853617}
{"t": 1783963875.065639, "x": 0.2065793475347822, "y": 3.136578384761763e-08, "zone": null, "min_dist": 1.093420652465218}
{"t": 1783963875.2254946, "x": 0.24128170948008262, "y": -4.181311922752231e-06, "zone": null, "min_dist": 1.0587182905199175}
{"t": 1783963875.3774984, "x": 0.273339117054063, "y": -0.00032544211258837363, "zone": null, "min_dist": 1.026660882945937}
{"t": 1783963875.5293357, "x": 0.3050156353490111, "y": -0.0007951217336226125, "zone": null, "min_dist": 0.9949843646509889}
{"t": 1783963875.6818485, "x": 0.3374298015394206, "y": -0.0012757385339661788, "zone": null, "min_dist": 0.9625701984605795}
{"t": 1783963875.841956, "x": 0.37130057527746985, "y": -0.0017779530138521357, "zone": null, "min_dist": 0.9286994247225302}
{"t": 1783963875.994267, "x": 0.4029737394222078, "y": -0.0022475827836056284, "zone": null, "min_dist": 0.8970262605777922}
{"t": 1783963876.154691, "x": 0.4375181682393701, "y": -0.002759785656174974, "zone": null, "min_dist": 0.86248183176063}
{"t": 1783963876.314996, "x": 0.47231787544927095, "y": -0.003411642872424586, "zone": null, "min_dist": 0.8276821245507291}
{"t": 1783963876.4671605, "x": 0.5041189186976214, "y": -0.004622986432048188, "zone": null, "min_dist": 0.7958810813023787}
{"t": 1783963876.6196866, "x": 0.5364924797242764, "y": -0.006562690551869144, "zone": null, "min_dist": 0.7635075202757237}
{"t": 1783963876.771768, "x": 0.5650730523882591, "y": -0.008880769050367658, "zone": null, "min_dist": 0.7349269476117409}
{"t": 1783963876.9322543, "x": 0.5985749412983619, "y": -0.012331069134170522, "zone": null, "min_dist": 0.7014250587016382}
{"t": 1783963877.0844219, "x": 0.6309767639569182, "y": -0.016006210884548053, "zone": null, "min_dist": 0.6690232360430819}
{"t": 1783963877.2367575, "x": 0.6623528920196491, "y": -0.019368045322305263, "zone": null, "min_dist": 0.637647107980351}
{"t": 1783963877.3887115, "x": 0.6945226722197854, "y": -0.02253299091887597, "zone": null, "min_dist": 0.6054773277802147}
{"t": 1783963877.5486355, "x": 0.7288807467596659, "y": -0.02582105943666178, "zone": null, "min_dist": 0.5711192532403342}
{"t": 1783963877.7092032, "x": 0.7623069023646648, "y": -0.028476799299634824, "zone": null, "min_dist": 0.5376930976353352}
{"t": 1783963877.8613935, "x": 0.7936106674008778, "y": -0.030874530491614174, "zone": null, "min_dist": 0.5063893325991222}
{"t": 1783963878.0393152, "x": 0.8310202018175049, "y": -0.03373993682083383, "zone": null, "min_dist": 0.46897979818249513}
{"t": 1783963878.1975389, "x": 0.8641492376461494, "y": -0.03627747590212742, "zone": null, "min_dist": 0.4358507623538507}
{"t": 1783963878.3494658, "x": 0.8957333993448637, "y": -0.038696684370604126, "zone": null, "min_dist": 0.4042666006551363}
{"t": 1783963878.501641, "x": 0.9279069180241617, "y": -0.04116103492967461, "zone": null, "min_dist": 0.37209308197583835}
{"t": 1783963878.6622014, "x": 0.9619595624949141, "y": -0.04376931827141045, "zone": null, "min_dist": 0.33804043750508594}
{"t": 1783963878.8143806, "x": 0.9944623984638823, "y": -0.04638864478454155, "zone": null, "min_dist": 0.30553760153611775}
{"t": 1783963878.9745407, "x": 1.0280200973512712, "y": -0.04978081284258544, "zone": null, "min_dist": 0.27197990264872884}
{"t": 1783963879.1347537, "x": 1.0609336097561088, "y": -0.053844516493786326, "zone": null, "min_dist": 0.2390663902438912}
{"t": 1783963879.2948139, "x": 1.0944867607451558, "y": -0.058490715747623025, "zone": null, "min_dist": 0.20551323925484422}
{"t": 1783963879.4545949, "x": 1.1276649840554347, "y": -0.06255321603226817, "zone": null, "min_dist": 0.17233501594456535}
{"t": 1783963879.6073208, "x": 1.1585912271667003, "y": -0.06608715574804493, "zone": null, "min_dist": 0.14140877283329978}
{"t": 1783963879.7599852, "x": 1.19054300171762, "y": -0.06950084259143528, "zone": null, "min_dist": 0.10945699828238009}
{"t": 1783963879.9124484, "x": 1.2233229935507974, "y": -0.07279245801420849, "zone": null, "min_dist": 0.07667700644920261}
{"t": 1783963880.0725932, "x": 1.256138132662524, "y": -0.0760876031059045, "zone": null, "min_dist": 0.04386186733747599}
{"t": 1783963880.224679, "x": 1.288113838464734, "y": -0.07929845603766719, "zone": null, "min_dist": 0.011886161535266115}
{"t": 1783963880.3853223, "x": 1.321485292454013, "y": -0.0826494636847399, "zone": "wh_forbidden_zone", "min_dist": 0.0}
{"t": 1783963880.5376709, "x": 1.352631485834756, "y": -0.08577702096306727, "zone": "wh_forbidden_zone", "min_dist": 0.0}
{"t": 1783963880.6981423, "x": 1.3862443127964381, "y": -0.08915226613710092, "zone": "wh_forbidden_zone", "min_dist": 0.0}
{"t": 1783963880.849775, "x": 1.4173400828213345, "y": -0.09227476018692163, "zone": "wh_forbidden_zone", "min_dist": 0.0}
{"t": 1783963881.0101674, "x": 1.4507049233170086, "y": -0.09562510372940938, "zone": "wh_forbidden_zone", "min_dist": 0.0}
{"t": 1783963881.1626093, "x": 1.4832369441947626, "y": -0.09889181921747012, "zone": "wh_forbidden_zone", "min_dist": 0.0}
{"t": 1783963881.3391004, "x": 1.5202918141143913, "y": -0.10261269846874423, "zone": "wh_forbidden_zone", "min_dist": 0.0}
{"t": 1783963881.491316, "x": 1.5507928311864974, "y": -0.10567547021608965, "zone": "wh_forbidden_zone", "min_dist": 0.0}
{"t": 1783963881.6674554, "x": 1.5883085412654943, "y": -0.10944262484388682, "zone": "wh_forbidden_zone", "min_dist": 0.0}
{"t": 1783963881.827838, "x": 1.6214890456130844, "y": -0.11277445823074297, "zone": "wh_forbidden_zone", "min_dist": 0.0}
{"t": 1783963881.979812, "x": 1.6520855374568453, "y": -0.11584681711665334, "zone": "wh_forbidden_zone", "min_dist": 0.0}
{"t": 1783963882.1328619, "x": 1.6839789954731925, "y": -0.11904941119821902, "zone": "wh_forbidden_zone", "min_dist": 0.0}
{"t": 1783963882.2927463, "x": 1.7111095774714522, "y": -0.1218556311236377, "zone": "wh_forbidden_zone", "min_dist": 0.0}
{"t": 1783963882.4525275, "x": 1.7353601499442233, "y": -0.1247777947127642, "zone": "wh_forbidden_zone", "min_dist": 0.0}
{"t": 1783963882.6047308, "x": 1.7662803428999636, "y": -0.12914810720658476, "zone": "wh_forbidden_zone", "min_dist": 0.0}
{"t": 1783963882.7653105, "x": 1.8001994371396823, "y": -0.13470156333117014, "zone": "wh_forbidden_zone", "min_dist": 0.0}
{"t": 1783963882.9174197, "x": 1.8310796287106248, "y": -0.1404610134719441, "zone": "wh_forbidden_zone", "min_dist": 0.0}
{"t": 1783963883.069496, "x": 1.8635468136187427, "y": -0.1472349094943351, "zone": "wh_forbidden_zone", "min_dist": 0.0}
{"t": 1783963883.221433, "x": 1.8959260225734604, "y": -0.15472088418343202, "zone": "wh_forbidden_zone", "min_dist": 0.0}
{"t": 1783963883.3739128, "x": 1.928018710362007, "y": -0.16269015118334115, "zone": "wh_forbidden_zone", "min_dist": 0.0}
{"t": 1783963883.5345237, "x": 1.9603502528777428, "y": -0.17028190220268222, "zone": "wh_forbidden_zone", "min_dist": 0.0}
{"t": 1783963883.6867082, "x": 1.9920561007687188, "y": -0.17699887989761023, "zone": "wh_forbidden_zone", "min_dist": 0.0}
{"t": 1783963883.83887, "x": 2.0236882161436918, "y": -0.18298063138766021, "zone": "wh_forbidden_zone", "min_dist": 0.0}
{"t": 1783963883.9988766, "x": 2.0560509788999295, "y": -0.18859845032465627, "zone": "wh_forbidden_zone", "min_dist": 0.0}
{"t": 1783963884.151261, "x": 2.0882206514937534, "y": -0.19406337768995255, "zone": "wh_forbidden_zone", "min_dist": 0.0}
{"t": 1783963884.3280065, "x": 2.125004607559176, "y": -0.199582612473837, "zone": "wh_forbidden_zone", "min_dist": 0.0}
{"t": 1783963884.4879825, "x": 2.1585355550400855, "y": -0.20438577496051072, "zone": "wh_forbidden_zone", "min_dist": 0.0}
{"t": 1783963884.6408224, "x": 2.190578383882859, "y": -0.2085858044409769, "zone": "wh_forbidden_zone", "min_dist": 0.0}
{"t": 1783963884.8005786, "x": 2.2242554607577607, "y": -0.21247483622373292, "zone": "wh_forbidden_zone", "min_dist": 0.0}
{"t": 1783963884.9611537, "x": 2.25702092107922, "y": -0.21623130503227, "zone": "wh_forbidden_zone", "min_dist": 0.0}
{"t": 1783963885.1214206, "x": 2.2911872563821576, "y": -0.21982069572691668, "zone": "wh_forbidden_zone", "min_dist": 0.0}
{"t": 1783963885.2815535, "x": 2.325649998777942, "y": -0.22302636672990714, "zone": "wh_forbidden_zone", "min_dist": 0.0}
{"t": 1783963885.4336498, "x": 2.3571053554096992, "y": -0.2259473874901581, "zone": "wh_forbidden_zone", "min_dist": 0.0}
{"t": 1783963885.586052, "x": 2.389384206112201, "y": -0.22894487981234876, "zone": "wh_forbidden_zone", "min_dist": 0.0}
{"t": 1783963885.7385283, "x": 2.4214852056982696, "y": -0.23192585652775316, "zone": "wh_forbidden_zone", "min_dist": 0.0}
{"t": 1783963885.8905969, "x": 2.4525616958167493, "y": -0.23481169494238086, "zone": "wh_forbidden_zone", "min_dist": 0.0}
{"t": 1783963886.042943, "x": 2.4850920215633865, "y": -0.23783253987686423, "zone": "wh_forbidden_zone", "min_dist": 0.0}
{"t": 1783963886.195448, "x": 2.5171007864253645, "y": -0.24080495148609873, "zone": "wh_forbidden_zone", "min_dist": 0.0}
{"t": 1783963886.355406, "x": 2.5498759954574326, "y": -0.24384853709533863, "zone": "wh_forbidden_zone", "min_dist": 0.0}
{"t": 1783963886.5155466, "x": 2.58409174792741, "y": -0.247025894835758, "zone": "wh_forbidden_zone", "min_dist": 0.0}
{"t": 1783963886.6758232, "x": 2.6165619959841147, "y": -0.2500456254282678, "zone": "wh_forbidden_zone", "min_dist": 0.0}
{"t": 1783963886.8359625, "x": 2.651571187515083, "y": -0.2537724962647523, "zone": "wh_forbidden_zone", "min_dist": 0.0}
{"t": 1783963886.9963734, "x": 2.6854717488271427, "y": -0.2590385990637384, "zone": "wh_forbidden_zone", "min_dist": 0.0}
{"t": 1783963887.1566324, "x": 2.7091239328314294, "y": -0.26434117971614995, "zone": "wh_forbidden_zone", "min_dist": 0.0}
{"t": 1783963887.3166957, "x": 2.7201928367864845, "y": -0.2673775798152585, "zone": "wh_forbidden_zone", "min_dist": 0.0}
{"t": 1783963887.4688942, "x": 2.7249746623839894, "y": -0.26872480610879884, "zone": "wh_forbidden_zone", "min_dist": 0.0}
{"t": 1783963887.6215827, "x": 2.733420976361822, "y": -0.27121933726674274, "zone": "wh_forbidden_zone", "min_dist": 0.0}
{"t": 1783963887.7818835, "x": 2.7618964151678966, "y": -0.27986941784433333, "zone": "wh_forbidden_zone", "min_dist": 0.0}
{"t": 1783963887.9423132, "x": 2.794581902743529, "y": -0.28939142301972043, "zone": "wh_forbidden_zone", "min_dist": 0.0}
{"t": 1783963888.1025834, "x": 2.8196307114972843, "y": -0.2963228616091986, "zone": "wh_forbidden_zone", "min_dist": 0.0}
{"t": 1783963888.2635791, "x": 2.832776097601585, "y": -0.30031329925978784, "zone": "wh_forbidden_zone", "min_dist": 0.0}
{"t": 1783963888.4232612, "x": 2.8399000923850215, "y": -0.3029526272232162, "zone": "wh_forbidden_zone", "min_dist": 0.0}
{"t": 1783963888.5837958, "x": 2.846681599633954, "y": -0.30593899783268474, "zone": "wh_forbidden_zone", "min_dist": 0.0}
{"t": 1783963888.7435372, "x": 2.857024990250702, "y": -0.3111175920822598, "zone": "wh_forbidden_zone", "min_dist": 0.0}
{"t": 1783963888.8958354, "x": 2.8614783388164424, "y": -0.3136832219312135, "zone": "wh_forbidden_zone", "min_dist": 0.0}
{"t": 1783963889.047882, "x": 2.8721361390500992, "y": -0.3207153106699148, "zone": "wh_forbidden_zone", "min_dist": 0.0}
{"t": 1783963889.2004738, "x": 2.889895242234528, "y": -0.333196900286512, "zone": "wh_forbidden_zone", "min_dist": 0.0}
{"t": 1783963889.3529158, "x": 2.914078061627103, "y": -0.35019185822128956, "zone": "wh_forbidden_zone", "min_dist": 0.0}
{"t": 1783963889.5050197, "x": 2.932642653214789, "y": -0.3631232688046449, "zone": "wh_forbidden_zone", "min_dist": 0.0}
{"t": 1783963889.6816952, "x": 2.9495816360214864, "y": -0.3750375023346817, "zone": "wh_forbidden_zone", "min_dist": 0.0}
{"t": 1783963889.8336508, "x": 2.9619210563290075, "y": -0.3837432776360262, "zone": "wh_forbidden_zone", "min_dist": 0.0}
{"t": 1783963890.0099058, "x": 2.9682648111827454, "y": -0.3882314778982019, "zone": "wh_forbidden_zone", "min_dist": 0.0}
{"t": 1783963890.1624024, "x": 2.977653881996234, "y": -0.394874584109409, "zone": "wh_forbidden_zone", "min_dist": 0.0}
{"t": 1783963890.314428, "x": 2.984189108549842, "y": -0.3995512642921253, "zone": "wh_forbidden_zone", "min_dist": 0.0}
{"t": 1783963890.4666436, "x": 2.989540068600883, "y": -0.4035009016534497, "zone": "wh_forbidden_zone", "min_dist": 0.0}
{"t": 1783963890.6184106, "x": 2.993586136091186, "y": -0.40659447273181987, "zone": "wh_forbidden_zone", "min_dist": 0.0}
{"t": 1783963890.7707007, "x": 2.9935950866011707, "y": -0.40660148589768347, "zone": "wh_forbidden_zone", "min_dist": 0.0}
{"t": 1783963890.931031, "x": 2.9935883630546694, "y": -0.40659656617208095, "zone": "wh_forbidden_zone", "min_dist": 0.0}
{"t": 1783963891.0836136, "x": 2.9935820098655688, "y": -0.40659212821409846, "zone": "wh_forbidden_zone", "min_dist": 0.0}
{"t": 1783963891.2437425, "x": 2.993575348675867, "y": -0.40658768938302375, "zone": "wh_forbidden_zone", "min_dist": 0.0}
{"t": 1783963891.404377, "x": 2.993568694211069, "y": -0.4065834682297416, "zone": "wh_forbidden_zone", "min_dist": 0.0}
{"t": 1783963891.6649406, "x": 2.993566813064729, "y": -0.4065823116000306, "zone": "wh_forbidden_zone", "min_dist": 0.0}
{"t": 1783963891.8207355, "x": 2.993577480655307, "y": -0.4065893062808224, "zone": "wh_forbidden_zone", "min_dist": 0.0}
{"t": 1783963891.9809399, "x": 2.993584195182352, "y": -0.4065948115920284, "zone": "wh_forbidden_zone", "min_dist": 0.0}
{"t": 1783963892.1409807, "x": 2.9935905974466723, "y": -0.40660168403036817, "zone": "wh_forbidden_zone", "min_dist": 0.0}
{"t": 1783963892.3013072, "x": 2.993596157294004, "y": -0.40660973323275157, "zone": "wh_forbidden_zone", "min_dist": 0.0}
{"t": 1783963892.461521, "x": 2.9968715576787135, "y": -0.4135623611591931, "zone": "wh_forbidden_zone", "min_dist": 0.0}
{"t": 1783963892.6134675, "x": 3.003991644749426, "y": -0.43404091013652424, "zone": null, "min_dist": 0.003991644749425927}
{"t": 1783963892.773425, "x": 3.01166058117766, "y": -0.46799177284037397, "zone": null, "min_dist": 0.011660581177659779}
{"t": 1783963892.9258482, "x": 3.014914908637833, "y": -0.5004146373085667, "zone": null, "min_dist": 0.014914908637833069}
{"t": 1783963893.0865302, "x": 3.015037435460205, "y": -0.5351558765111535, "zone": null, "min_dist": 0.015037435460205195}
{"t": 1783963893.2628844, "x": 3.013107766750645, "y": -0.5718989040686768, "zone": null, "min_dist": 0.013107766750644956}
{"t": 1783963893.423018, "x": 3.0106255779584457, "y": -0.6034124333771206, "zone": null, "min_dist": 0.010625577958445653}
{"t": 1783963893.5835392, "x": 3.00823275928544, "y": -0.6229009947931743, "zone": null, "min_dist": 0.008232759285439872}
{"t": 1783963893.7435787, "x": 3.006976959989873, "y": -0.629923518132363, "zone": null, "min_dist": 0.0069769599898728}
{"t": 1783963893.9041536, "x": 3.006577661827864, "y": -0.6317419734168886, "zone": null, "min_dist": 0.006577661827864123}
{"t": 1783963894.056506, "x": 3.0064691937957297, "y": -0.6322015997758592, "zone": null, "min_dist": 0.006469193795729744}
{"t": 1783963894.2085755, "x": 3.0062693803161635, "y": -0.6329842235112411, "zone": null, "min_dist": 0.006269380316163531}
{"t": 1783963894.3686113, "x": 3.0057694500363885, "y": -0.6347776392254241, "zone": null, "min_dist": 0.005769450036388513}
{"t": 1783963894.5211573, "x": 3.005188434488591, "y": -0.6364480368967905, "zone": null, "min_dist": 0.005188434488590854}
{"t": 1783963894.673392, "x": 3.004574709881992, "y": -0.6378030494752089, "zone": null, "min_dist": 0.004574709881992156}
{"t": 1783963894.8335104, "x": 2.9984710316859298, "y": -0.6468913756884209, "zone": "wh_forbidden_zone", "min_dist": 0.0}
{"t": 1783963894.9855595, "x": 2.9795514808185066, "y": -0.6706724337302632, "zone": "wh_forbidden_zone", "min_dist": 0.0}
{"t": 1783963895.1378727, "x": 2.9579831198554625, "y": -0.6949002369569336, "zone": "wh_forbidden_zone", "min_dist": 0.0}
{"t": 1783963895.3146067, "x": 2.93292348699377, "y": -0.7223039535523333, "zone": null, "min_dist": 0.02230395355233339}
{"t": 1783963895.474472, "x": 2.9113744824391294, "y": -0.7477444272987963, "zone": null, "min_dist": 0.047744427298796355}
{"t": 1783963895.634875, "x": 2.8931542781057615, "y": -0.7729578113081836, "zone": null, "min_dist": 0.07295781130818368}
{"t": 1783963895.795222, "x": 2.8818613891531957, "y": -0.7913994078946499, "zone": null, "min_dist": 0.09139940789464995}
{"t": 1783963895.9557018, "x": 2.867298656025551, "y": -0.8187338808478922, "zone": null, "min_dist": 0.11873388084789227}
{"t": 1783963896.1159227, "x": 2.8550893183276194, "y": -0.845772315551951, "zone": null, "min_dist": 0.14577231555195103}
{"t": 1783963896.2762742, "x": 2.8443949769316736, "y": -0.8746070320130217, "zone": null, "min_dist": 0.17460703201302175}
{"t": 1783963896.428589, "x": 2.835732953217969, "y": -0.9031537041953308, "zone": null, "min_dist": 0.20315370419533085}
{"t": 1783963896.5805972, "x": 2.8308872396041047, "y": -0.9217510886056739, "zone": null, "min_dist": 0.22175108860567394}
{"t": 1783963896.7405686, "x": 2.8254419615946453, "y": -0.9436827390718483, "zone": null, "min_dist": 0.24368273907184834}
{"t": 1783963896.89305, "x": 2.8198780026912953, "y": -0.9646923701625016, "zone": null, "min_dist": 0.2646923701625017}
{"t": 1783963897.053324, "x": 2.815747470930494, "y": -0.9788271853238261, "zone": null, "min_dist": 0.2788271853238261}
{"t": 1783963897.2134922, "x": 2.8087683575563873, "y": -1.0035103035047133, "zone": null, "min_dist": 0.3035103035047133}
{"t": 1783963897.3657346, "x": 2.8047410795912344, "y": -1.0178020127605345, "zone": null, "min_dist": 0.31780201276053455}
{"t": 1783963897.5178058, "x": 2.803636013425791, "y": -1.021723589888349, "zone": null, "min_dist": 0.32172358988834904}
{"t": 1783963897.670318, "x": 2.8031586512603597, "y": -1.0234176173206613, "zone": null, "min_dist": 0.3234176173206613}
{"t": 1783963897.8307197, "x": 2.8010356123193523, "y": -1.0307514986692428, "zone": null, "min_dist": 0.3307514986692428}
{"t": 1783963897.9829972, "x": 2.7984855518892626, "y": -1.0384769635688975, "zone": null, "min_dist": 0.33847696356889756}
{"t": 1783963898.13531, "x": 2.7981237745626912, "y": -1.039437425090988, "zone": null, "min_dist": 0.33943742509098795}
{"t": 1783963898.2874603, "x": 2.792885667149206, "y": -1.0504179499449668, "zone": null, "min_dist": 0.3504179499449669}
{"t": 1783963898.4473834, "x": 2.7808387756263233, "y": -1.0747260752761485, "zone": null, "min_dist": 0.37472607527614854}
{"t": 1783963898.6075294, "x": 2.7714989804724803, "y": -1.0934358498237995, "zone": null, "min_dist": 0.39343584982379953}
{"t": 1783963898.759645, "x": 2.759900173109241, "y": -1.1172309863797378, "zone": null, "min_dist": 0.4172309863797379}
{"t": 1783963898.9199326, "x": 2.7485362106565976, "y": -1.1436854968157715, "zone": null, "min_dist": 0.4436854968157715}
{"t": 1783963899.072527, "x": 2.7401100800290097, "y": -1.1673704430827956, "zone": null, "min_dist": 0.46737044308279563}
{"t": 1783963899.2325861, "x": 2.7353200054479667, "y": -1.183315917497181, "zone": null, "min_dist": 0.48331591749718106}
{"t": 1783963899.3843908, "x": 2.733480502559088, "y": -1.1897443646058268, "zone": null, "min_dist": 0.4897443646058268}
{"t": 1783963899.5614092, "x": 2.7332264228770535, "y": -1.1905084833485726, "zone": null, "min_dist": 0.49050848334857267}
{"t": 1783963899.7214906, "x": 2.730982969835261, "y": -1.1959492459823564, "zone": null, "min_dist": 0.49594924598235646}
{"t": 1783963899.8737063, "x": 2.7286976434022843, "y": -1.2007892227527297, "zone": null, "min_dist": 0.5007892227527297}
{"t": 1783963900.033637, "x": 2.726650279652907, "y": -1.204846582816424, "zone": null, "min_dist": 0.5048465828164241}
{"t": 1783963900.194239, "x": 2.7242093082172607, "y": -1.209082439532943, "zone": null, "min_dist": 0.509082439532943}
{"t": 1783963900.354445, "x": 2.7208734209435717, "y": -1.2137726484896247, "zone": null, "min_dist": 0.5137726484896248}
{"t": 1783963900.5147653, "x": 2.706292861023369, "y": -1.2294338623330598, "zone": null, "min_dist": 0.5294338623330599}
{"t": 1783963900.6676583, "x": 2.6851407000982164, "y": -1.2490050360846263, "zone": null, "min_dist": 0.5490050360846264}
{"t": 1783963900.819537, "x": 2.663460123988308, "y": -1.2674017789269683, "zone": null, "min_dist": 0.5674017789269683}
{"t": 1783963900.9798746, "x": 2.640536707620672, "y": -1.2859975575559293, "zone": null, "min_dist": 0.5859975575559293}
{"t": 1783963901.1395366, "x": 2.6195545341010593, "y": -1.3022573716734638, "zone": null, "min_dist": 0.6022573716734638}
{"t": 1783963901.299997, "x": 2.6005009449933745, "y": -1.3163553359685793, "zone": null, "min_dist": 0.6163553359685794}
{"t": 1783963901.4522915, "x": 2.5844794029740634, "y": -1.3276767318221623, "zone": null, "min_dist": 0.6276767318221623}
{"t": 1783963901.6129081, "x": 2.5687862235552066, "y": -1.3384987360669727, "zone": null, "min_dist": 0.6384987360669727}
{"t": 1783963901.7653625, "x": 2.555707794278472, "y": -1.3472290235748714, "zone": null, "min_dist": 0.6472290235748714}
{"t": 1783963901.9174862, "x": 2.5490107070811576, "y": -1.3515847347011272, "zone": null, "min_dist": 0.6515847347011272}
{"t": 1783963902.078228, "x": 2.547408295893537, "y": -1.352554550813425, "zone": null, "min_dist": 0.652554550813425}
{"t": 1783963902.2304404, "x": 2.545832271286046, "y": -1.3533560523318797, "zone": null, "min_dist": 0.6533560523318798}
{"t": 1783963902.3905873, "x": 2.544086012709428, "y": -1.353998719172582, "zone": null, "min_dist": 0.653998719172582}
{"t": 1783963902.5424738, "x": 2.542357229838761, "y": -1.3543686442345264, "zone": null, "min_dist": 0.6543686442345265}
{"t": 1783963902.6952577, "x": 2.5405937851590794, "y": -1.3544945612459256, "zone": null, "min_dist": 0.6544945612459256}
{"t": 1783963902.855146, "x": 2.53451492051895, "y": -1.3539680748762817, "zone": null, "min_dist": 0.6539680748762817}
{"t": 1783963903.015422, "x": 2.5306767746915724, "y": -1.353064697903266, "zone": null, "min_dist": 0.6530646979032659}
{"t": 1783963903.1679983, "x": 2.516024746053122, "y": -1.3473130739522863, "zone": null, "min_dist": 0.6473130739522863}
{"t": 1783963903.3280857, "x": 2.487718707827147, "y": -1.3317603652032965, "zone": null, "min_dist": 0.6317603652032966}
{"t": 1783963903.4884663, "x": 2.4620624558450346, "y": -1.3123656558402181, "zone": null, "min_dist": 0.6123656558402182}
{"t": 1783963903.6484885, "x": 2.4420339381736405, "y": -1.2919141812201078, "zone": null, "min_dist": 0.5919141812201079}
{"t": 1783963903.8085146, "x": 2.4221129375659958, "y": -1.2645024128839777, "zone": null, "min_dist": 0.5645024128839777}
{"t": 1783963903.960712, "x": 2.4072195435849832, "y": -1.2362786380739836, "zone": null, "min_dist": 0.5362786380739837}
{"t": 1783963904.1213787, "x": 2.395012900718967, "y": -1.2032745068141197, "zone": null, "min_dist": 0.5032745068141198}
{"t": 1783963904.273746, "x": 2.3870811323131944, "y": -1.1716834164052232, "zone": null, "min_dist": 0.47168341640522327}
{"t": 1783963904.4265962, "x": 2.381875292568825, "y": -1.1407458534916743, "zone": null, "min_dist": 0.4407458534916744}
{"t": 1783963904.5785341, "x": 2.3786584010954326, "y": -1.109185478890389, "zone": null, "min_dist": 0.40918547889038903}
{"t": 1783963904.7390163, "x": 2.376911942845681, "y": -1.075493052200721, "zone": null, "min_dist": 0.37549305220072093}
{"t": 1783963904.899158, "x": 2.3760370947795666, "y": -1.0432117190946497, "zone": null, "min_dist": 0.34321171909464976}
{"t": 1783963905.0517359, "x": 2.3761884015399466, "y": -1.0222911578619236, "zone": null, "min_dist": 0.32229115786192364}
{"t": 1783963905.2116108, "x": 2.3764817845728112, "y": -1.012147230117614, "zone": null, "min_dist": 0.312147230117614}
{"t": 1783963905.363501, "x": 2.376534905502534, "y": -1.0067003189392634, "zone": null, "min_dist": 0.3067003189392634}
{"t": 1783963905.5158288, "x": 2.3765256671620962, "y": -1.0062781898425175, "zone": null, "min_dist": 0.30627818984251753}
{"t": 1783963905.6762576, "x": 2.3761716282285414, "y": -1.003820952163947, "zone": null, "min_dist": 0.303820952163947}
{"t": 1783963905.828915, "x": 2.375895689091087, "y": -1.0028779285792166, "zone": null, "min_dist": 0.3028779285792167}
{"t": 1783963905.9807842, "x": 2.3754977494312475, "y": -1.00185544564124, "zone": null, "min_dist": 0.3018554456412401}
{"t": 1783963906.1412168, "x": 2.3755014873645, "y": -1.001862021243248, "zone": null, "min_dist": 0.3018620212432481}
{"t": 1783963906.3012223, "x": 2.374745414302994, "y": -1.0007833334731842, "zone": null, "min_dist": 0.3007833334731842}
{"t": 1783963906.4540777, "x": 2.3722869022222977, "y": -0.9979958038921836, "zone": null, "min_dist": 0.2979958038921836}
{"t": 1783963906.6299615, "x": 2.3702795113537807, "y": -0.9961233443128249, "zone": null, "min_dist": 0.29612334431282494}
{"t": 1783963906.7902849, "x": 2.369029194318975, "y": -0.9952461588184959, "zone": null, "min_dist": 0.2952461588184959}
{"t": 1783963906.9423888, "x": 2.3641755119986185, "y": -0.9928733025058242, "zone": null, "min_dist": 0.2928733025058242}
{"t": 1783963907.094927, "x": 2.348979679341663, "y": -0.9875788157730014, "zone": null, "min_dist": 0.2875788157730015}
{"t": 1783963907.2548885, "x": 2.3214154845305672, "y": -0.9801941062381786, "zone": null, "min_dist": 0.28019410623817864}
{"t": 1783963907.4074738, "x": 2.2963505317579322, "y": -0.9743335694988641, "zone": null, "min_dist": 0.2743335694988641}
{"t": 1783963907.5673687, "x": 2.271356441418518, "y": -0.9683405844815359, "zone": null, "min_dist": 0.26834058448153597}
{"t": 1783963907.7196157, "x": 2.2460299366177803, "y": -0.9614793291089242, "zone": null, "min_dist": 0.26147932910892424}
{"t": 1783963907.8803983, "x": 2.213296766713889, "y": -0.9509386898801984, "zone": null, "min_dist": 0.2509386898801984}
{"t": 1783963908.0321457, "x": 2.1834319179112716, "y": -0.938970282515461, "zone": null, "min_dist": 0.23897028251546104}
{"t": 1783963908.1846814, "x": 2.155245718359399, "y": -0.9242066600215391, "zone": null, "min_dist": 0.2242066600215391}
{"t": 1783963908.3449028, "x": 2.1277316582786803, "y": -0.9044283667893409, "zone": null, "min_dist": 0.20442836678934095}
{"t": 1783963908.504879, "x": 2.107096300328593, "y": -0.8846051189131542, "zone": null, "min_dist": 0.18460511891315423}
{"t": 1783963908.6571436, "x": 2.0942777223726625, "y": -0.8682322468591545, "zone": null, "min_dist": 0.1682322468591545}
{"t": 1783963908.8094926, "x": 2.0894789607922717, "y": -0.8600984874677463, "zone": null, "min_dist": 0.16009848746774635}
{"t": 1783963908.961515, "x": 2.087963532730191, "y": -0.8562465313492368, "zone": null, "min_dist": 0.15624653134923683}
{"t": 1783963909.113596, "x": 2.087835656298913, "y": -0.855826395922362, "zone": null, "min_dist": 0.15582639592236203}
{"t": 1783963909.2662027, "x": 2.0878347094900023, "y": -0.8558170862487116, "zone": null, "min_dist": 0.1558170862487116}
{"t": 1783963909.4184957, "x": 2.0878348717927895, "y": -0.8558078274351194, "zone": null, "min_dist": 0.15580782743511945}
{"t": 1783963909.670901, "x": 2.0878359931190835, "y": -0.8557986563018322, "zone": null, "min_dist": 0.1557986563018322}
{"t": 1783963909.827288, "x": 2.0878397232982944, "y": -0.8557836124608659, "zone": null, "min_dist": 0.15578361246086592}
{"t": 1783963909.9878154, "x": 2.087841362840773, "y": -0.8557783350811494, "zone": null, "min_dist": 0.15577833508114947}
{"t": 1783963910.147461, "x": 2.087843417397055, "y": -0.8557719596495211, "zone": null, "min_dist": 0.15577195964952117}
{"t": 1783963910.307308, "x": 2.087846496079848, "y": -0.8557628980523457, "zone": null, "min_dist": 0.15576289805234578}
{"t": 1783963910.4596112, "x": 2.087849684956731, "y": -0.8557543758337611, "zone": null, "min_dist": 0.15575437583376117}
{"t": 1783963910.6200058, "x": 2.0878534523726744, "y": -0.8557455396082156, "zone": null, "min_dist": 0.1557455396082157}
{"t": 1783963910.7725244, "x": 2.0878575491724853, "y": -0.8557373576594217, "zone": null, "min_dist": 0.15573735765942176}
{"t": 1783963910.9325051, "x": 2.087862540057297, "y": -0.8557290784861489, "zone": null, "min_dist": 0.15572907848614892}
{"t": 1783963911.0853415, "x": 2.0911766230834368, "y": -0.8513273404822143, "zone": null, "min_dist": 0.1513273404822143}
{"t": 1783963911.2371078, "x": 2.0918482937218954, "y": -0.8505325713427708, "zone": null, "min_dist": 0.15053257134277087}
{"t": 1783963911.3897996, "x": 2.091854912450176, "y": -0.8505262310420404, "zone": null, "min_dist": 0.15052623104204044}
{"t": 1783963911.5496767, "x": 2.0918622733805363, "y": -0.8505200160889171, "zone": null, "min_dist": 0.15052001608891719}
{"t": 1783963911.7021625, "x": 2.0918696272470463, "y": -0.8505145470519038, "zone": null, "min_dist": 0.1505145470519038}
{"t": 1783963911.8547657, "x": 2.0957389216391604, "y": -0.847893494208184, "zone": null, "min_dist": 0.1478934942081841}
{"t": 1783963912.0146174, "x": 2.1019276139377876, "y": -0.844155953709581, "zone": null, "min_dist": 0.144155953709581}
{"t": 1783963912.1746724, "x": 2.109231092249629, "y": -0.8407614846959913, "zone": null, "min_dist": 0.14076148469599137}
{"t": 1783963912.3350418, "x": 2.1134460091443095, "y": -0.8395000935605521, "zone": null, "min_dist": 0.13950009356055215}
{"t": 1783963912.487829, "x": 2.1186705961894194, "y": -0.8387026327974765, "zone": null, "min_dist": 0.13870263279747652}
{"t": 1783963912.6480837, "x": 2.1259019327619546, "y": -0.838705351253448, "zone": null, "min_dist": 0.13870535125344807}
{"t": 1783963912.800358, "x": 2.133784619203794, "y": -0.8394825866961015, "zone": null, "min_dist": 0.13948258669610158}
{"t": 1783963912.9604933, "x": 2.1401432649906837, "y": -0.8407578386329126, "zone": null, "min_dist": 0.1407578386329127}
{"t": 1783963913.120538, "x": 2.1405674620173705, "y": -0.8408730548866395, "zone": null, "min_dist": 0.1408730548866396}
{"t": 1783963913.2724378, "x": 2.143290798327313, "y": -0.8420812839883984, "zone": null, "min_dist": 0.14208128398839848}
{"t": 1783963913.4249203, "x": 2.149593762336434, "y": -0.8452630236755047, "zone": null, "min_dist": 0.1452630236755047}
{"t": 1783963913.576493, "x": 2.1501574772817604, "y": -0.8455579267940233, "zone": null, "min_dist": 0.14555792679402335}
{"t": 1783963913.7364237, "x": 2.1501574772817604, "y": -0.8455579267940233, "zone": null, "min_dist": 0.14555792679402335}
{"t": 1783963913.8963087, "x": 2.1501574772817604, "y": -0.8455579267940233, "zone": null, "min_dist": 0.14555792679402335}
{"t": 1783963914.0572717, "x": 2.1501574772817604, "y": -0.8455579267940233, "zone": null, "min_dist": 0.14555792679402335}
{"t": 1783963914.2095292, "x": 2.1501574772817604, "y": -0.8455579267940233, "zone": null, "min_dist": 0.14555792679402335}
{"t": 1783963914.3699708, "x": 2.1501574772817604, "y": -0.8455579267940233, "zone": null, "min_dist": 0.14555792679402335}
{"t": 1783963914.5224016, "x": 2.1501574772817604, "y": -0.8455579267940233, "zone": null, "min_dist": 0.14555792679402335}
{"t": 1783963914.6985898, "x": 2.1501574772817604, "y": -0.8455579267940233, "zone": null, "min_dist": 0.14555792679402335}
{"t": 1783963914.850947, "x": 2.1501574772817604, "y": -0.8455579267940233, "zone": null, "min_dist": 0.14555792679402335}
{"t": 1783963915.0113947, "x": 2.1501574772817604, "y": -0.8455579267940233, "zone": null, "min_dist": 0.14555792679402335}
{"t": 1783963915.1636293, "x": 2.1501574772817604, "y": -0.8455579267940233, "zone": null, "min_dist": 0.14555792679402335}
{"t": 1783963915.3155727, "x": 2.1501524079618513, "y": -0.8455553051158425, "zone": null, "min_dist": 0.14555530511584258}
{"t": 1783963915.4754655, "x": 2.150143798726124, "y": -0.8455512127476424, "zone": null, "min_dist": 0.1455512127476425}
{"t": 1783963915.6278465, "x": 2.150135455675299, "y": -0.8455480308803652, "zone": null, "min_dist": 0.14554803088036528}
{"t": 1783963915.7803483, "x": 2.1501271012435033, "y": -0.8455457330612102, "zone": null, "min_dist": 0.14554573306121021}
{"t": 1783963915.932461, "x": 2.1501190332809785, "y": -0.8455440326347133, "zone": null, "min_dist": 0.14554403263471338}
{"t": 1783963916.0848951, "x": 2.1501173752075053, "y": -0.8455437143423874, "zone": null, "min_dist": 0.14554371434238744}
{"t": 1783963916.2373302, "x": 2.1501173752075053, "y": -0.8455437143423874, "zone": null, "min_dist": 0.14554371434238744}
{"t": 1783963916.3895645, "x": 2.1501173752075053, "y": -0.8455437143423874, "zone": null, "min_dist": 0.14554371434238744}
{"t": 1783963916.5498219, "x": 2.1501173752075053, "y": -0.8455437143423874, "zone": null, "min_dist": 0.14554371434238744}
{"t": 1783963916.7022967, "x": 2.1501173752075053, "y": -0.8455437143423874, "zone": null, "min_dist": 0.14554371434238744}
{"t": 1783963916.8544586, "x": 2.1501173752075053, "y": -0.8455437143423874, "zone": null, "min_dist": 0.14554371434238744}
{"t": 1783963917.0144622, "x": 2.1501173752075053, "y": -0.8455437143423874, "zone": null, "min_dist": 0.14554371434238744}
{"t": 1783963917.1745758, "x": 2.1501173752075053, "y": -0.8455437143423874, "zone": null, "min_dist": 0.14554371434238744}
{"t": 1783963917.3271234, "x": 2.1501173752075053, "y": -0.8455437143423874, "zone": null, "min_dist": 0.14554371434238744}
{"t": 1783963917.4795232, "x": 2.1501173752075053, "y": -0.8455437143423874, "zone": null, "min_dist": 0.14554371434238744}
{"t": 1783963917.632186, "x": 2.1501173752075053, "y": -0.8455437143423874, "zone": null, "min_dist": 0.14554371434238744}
{"t": 1783963917.7832599, "x": 2.1501173752075053, "y": -0.8455437143423874, "zone": null, "min_dist": 0.14554371434238744}
{"t": 1783963917.9356675, "x": 2.1501173752075053, "y": -0.8455437143423874, "zone": null, "min_dist": 0.14554371434238744}
{"t": 1783963918.0881126, "x": 2.1501173752075053, "y": -0.8455437143423874, "zone": null, "min_dist": 0.14554371434238744}
{"t": 1783963918.2404842, "x": 2.1501173752075053, "y": -0.8455437143423874, "zone": null, "min_dist": 0.14554371434238744}
{"t": 1783963918.3930926, "x": 2.1501173752075053, "y": -0.8455437143423874, "zone": null, "min_dist": 0.14554371434238744}
{"t": 1783963918.553261, "x": 2.1501173752075053, "y": -0.8455437143423874, "zone": null, "min_dist": 0.14554371434238744}
{"t": 1783963918.7054029, "x": 2.1501173752075053, "y": -0.8455437143423874, "zone": null, "min_dist": 0.14554371434238744}
{"t": 1783963918.8576574, "x": 2.1501173752075053, "y": -0.8455437143423874, "zone": null, "min_dist": 0.14554371434238744}
{"t": 1783963919.0175838, "x": 2.1501173752075053, "y": -0.8455437143423874, "zone": null, "min_dist": 0.14554371434238744}
{"t": 1783963919.1701477, "x": 2.1501173752075053, "y": -0.8455437143423874, "zone": null, "min_dist": 0.14554371434238744}
{"t": 1783963919.3307564, "x": 2.1501173752075053, "y": -0.8455437143423874, "zone": null, "min_dist": 0.14554371434238744}
{"t": 1783963919.4828043, "x": 2.1501173752075053, "y": -0.8455437143423874, "zone": null, "min_dist": 0.14554371434238744}
{"t": 1783963919.6432097, "x": 2.1501173752075053, "y": -0.8455437143423874, "zone": null, "min_dist": 0.14554371434238744}
{"t": 1783963919.7957308, "x": 2.1501173752075053, "y": -0.8455437143423874, "zone": null, "min_dist": 0.14554371434238744}
{"t": 1783963919.947762, "x": 2.1501173752075053, "y": -0.8455437143423874, "zone": null, "min_dist": 0.14554371434238744}
{"t": 1783963920.1003835, "x": 2.1501173752075053, "y": -0.8455437143423874, "zone": null, "min_dist": 0.14554371434238744}
{"t": 1783963920.2522874, "x": 2.1501173752075053, "y": -0.8455437143423874, "zone": null, "min_dist": 0.14554371434238744}
{"t": 1783963920.4125133, "x": 2.1501173752075053, "y": -0.8455437143423874, "zone": null, "min_dist": 0.14554371434238744}
{"t": 1783963920.5731041, "x": 2.1501173752075053, "y": -0.8455437143423874, "zone": null, "min_dist": 0.14554371434238744}
{"t": 1783963920.7253947, "x": 2.1501173752075053, "y": -0.8455437143423874, "zone": null, "min_dist": 0.14554371434238744}
{"t": 1783963920.8773806, "x": 2.151611288614656, "y": -0.8458353020441091, "zone": null, "min_dist": 0.1458353020441091}
{"t": 1783963921.0295508, "x": 2.157871436052735, "y": -0.8471901428393012, "zone": null, "min_dist": 0.1471901428393012}
{"t": 1783963921.1892862, "x": 2.184608974014893, "y": -0.8530933555771117, "zone": null, "min_dist": 0.1530933555771118}
{"t": 1783963921.3495054, "x": 2.218146010050125, "y": -0.8604489925331197, "zone": null, "min_dist": 0.16044899253311973}
{"t": 1783963921.5015943, "x": 2.249785279788975, "y": -0.866840791219628, "zone": null, "min_dist": 0.16684079121962803}
{"t": 1783963921.6538136, "x": 2.2804530513705688, "y": -0.8724218626769986, "zone": null, "min_dist": 0.17242186267699866}
{"t": 1783963921.8064384, "x": 2.302171289739918, "y": -0.8764498518641463, "zone": null, "min_dist": 0.1764498518641463}
{"t": 1783963921.958571, "x": 2.3134588111268446, "y": -0.8787864731483136, "zone": null, "min_dist": 0.17878647314831364}
{"t": 1783963922.1184745, "x": 2.323092464601143, "y": -0.8810141621489109, "zone": null, "min_dist": 0.18101416214891097}
{"t": 1783963922.2710533, "x": 2.3293455006252715, "y": -0.8825925269471827, "zone": null, "min_dist": 0.18259252694718275}
{"t": 1783963922.4312248, "x": 2.329500587505873, "y": -0.8826340605199601, "zone": null, "min_dist": 0.18263406051996012}
{"t": 1783963922.5836906, "x": 2.329508686777456, "y": -0.88263650507941, "zone": null, "min_dist": 0.1826365050794101}
{"t": 1783963922.7439244, "x": 2.3295172788299747, "y": -0.8826393054725951, "zone": null, "min_dist": 0.1826393054725951}
{"t": 1783963922.904668, "x": 2.332494664434331, "y": -0.8837121256637531, "zone": null, "min_dist": 0.18371212566375317}
{"t": 1783963923.0566287, "x": 2.335736480691286, "y": -0.8851036555854606, "zone": null, "min_dist": 0.1851036555854606}
{"t": 1783963923.2088604, "x": 2.339957272454663, "y": -0.8875310486076927, "zone": null, "min_dist": 0.18753104860769276}
{"t": 1783963923.3614814, "x": 2.3583660265231674, "y": -0.9009886613106018, "zone": null, "min_dist": 0.2009886613106019}
{"t": 1783963923.5215578, "x": 2.382431324071075, "y": -0.9213157831649652, "zone": null, "min_dist": 0.22131578316496525}
{"t": 1783963923.681577, "x": 2.4045947658152613, "y": -0.9413802533528594, "zone": null, "min_dist": 0.2413802533528594}
{"t": 1783963923.833806, "x": 2.426453777797281, "y": -0.960689419906931, "zone": null, "min_dist": 0.26068941990693106}
{"t": 1783963923.994189, "x": 2.448937209453272, "y": -0.9785259209222422, "zone": null, "min_dist": 0.27852592092224226}
{"t": 1783963924.1544933, "x": 2.471625788233832, "y": -0.9941385971403469, "zone": null, "min_dist": 0.29413859714034696}
{"t": 1783963924.3147178, "x": 2.4947055185995968, "y": -1.007930269141581, "zone": null, "min_dist": 0.30793026914158106}
{"t": 1783963924.4747949, "x": 2.5070528378325254, "y": -1.014718084584992, "zone": null, "min_dist": 0.31471808458499195}
{"t": 1783963924.6350331, "x": 2.5120769682396453, "y": -1.0173528868730504, "zone": null, "min_dist": 0.3173528868730504}
{"t": 1783963924.7874415, "x": 2.5251565520472368, "y": -1.0239077043936538, "zone": null, "min_dist": 0.3239077043936538}
{"t": 1783963924.9476235, "x": 2.5300466492737033, "y": -1.0262796867711288, "zone": null, "min_dist": 0.32627968677112884}
{"t": 1783963925.1075552, "x": 2.5373223674413996, "y": -1.029570652328889, "zone": null, "min_dist": 0.32957065232888905}
{"t": 1783963925.2595959, "x": 2.5502649822867385, "y": -1.0352621023310624, "zone": null, "min_dist": 0.33526210233106246}
{"t": 1783963925.4200678, "x": 2.5733581325206516, "y": -1.0450621816108343, "zone": null, "min_dist": 0.34506218161083435}
{"t": 1783963925.5727205, "x": 2.600141566009758, "y": -1.0559455196396175, "zone": null, "min_dist": 0.3559455196396175}
{"t": 1783963925.7328696, "x": 2.619433371510597, "y": -1.0637224835298857, "zone": null, "min_dist": 0.3637224835298858}
{"t": 1783963925.8851087, "x": 2.6329964001845862, "y": -1.069191500228505, "zone": null, "min_dist": 0.3691915002285051}
{"t": 1783963926.045579, "x": 2.6380789494335795, "y": -1.0712387574619844, "zone": null, "min_dist": 0.3712387574619844}
{"t": 1783963926.205561, "x": 2.6395884058284476, "y": -1.071861020423764, "zone": null, "min_dist": 0.371861020423764}
{"t": 1783963926.357912, "x": 2.6455956792082396, "y": -1.0743374833682393, "zone": null, "min_dist": 0.37433748336823935}
{"t": 1783963926.518424, "x": 2.652709992880808, "y": -1.0772703171007478, "zone": null, "min_dist": 0.3772703171007479}
{"t": 1783963926.678551, "x": 2.6623093063035865, "y": -1.0812275771069684, "zone": null, "min_dist": 0.3812275771069684}
{"t": 1783963926.838595, "x": 2.6716781524248923, "y": -1.0850774611460068, "zone": null, "min_dist": 0.3850774611460068}
{"t": 1783963926.9985893, "x": 2.682110067438273, "y": -1.089254727041114, "zone": null, "min_dist": 0.38925472704111397}
{"t": 1783963927.1510682, "x": 2.6923730805304427, "y": -1.093257353376187, "zone": null, "min_dist": 0.39325735337618695}
{"t": 1783963927.3038154, "x": 2.702261338034943, "y": -1.0969411746192865, "zone": null, "min_dist": 0.3969411746192866}
{"t": 1783963927.4558856, "x": 2.7112593259037494, "y": -1.100081120998072, "zone": null, "min_dist": 0.40008112099807214}
{"t": 1783963927.6082869, "x": 2.720475552031511, "y": -1.1030650551832082, "zone": null, "min_dist": 0.40306505518320823}
{"t": 1783963927.760561, "x": 2.732265457247237, "y": -1.1066133304127759, "zone": null, "min_dist": 0.4066133304127759}
{"t": 1783963927.9209316, "x": 2.7431865583975985, "y": -1.1097374563567317, "zone": null, "min_dist": 0.40973745635673176}
{"t": 1783963928.0811093, "x": 2.7500960111151453, "y": -1.1118356793971584, "zone": null, "min_dist": 0.4118356793971585}
{"t": 1783963928.2413979, "x": 2.756378000604322, "y": -1.1141161924565202, "zone": null, "min_dist": 0.4141161924565202}
{"t": 1783963928.4183254, "x": 2.7637474257844037, "y": -1.1176104190661804, "zone": null, "min_dist": 0.41761041906618046}
{"t": 1783963928.678123, "x": 2.7699282466649806, "y": -1.1217039870092154, "zone": null, "min_dist": 0.4217039870092154}
{"t": 1783963928.8353899, "x": 2.7791654597057565, "y": -1.130833507323375, "zone": null, "min_dist": 0.4308335073233751}
{"t": 1783963928.9945092, "x": 2.7841788795226337, "y": -1.1380486683498394, "zone": null, "min_dist": 0.43804866834983947}
{"t": 1783963929.154354, "x": 2.785381283359026, "y": -1.1403823242788396, "zone": null, "min_dist": 0.4403823242788396}
{"t": 1783963929.3063316, "x": 2.7884234896053304, "y": -1.1500965097926807, "zone": null, "min_dist": 0.4500965097926808}
{"t": 1783963929.4670236, "x": 2.789791968449347, "y": -1.157491287315815, "zone": null, "min_dist": 0.457491287315815}
{"t": 1783963929.6196048, "x": 2.789916678205591, "y": -1.164077278665395, "zone": null, "min_dist": 0.46407727866539505}
{"t": 1783963929.7721252, "x": 2.788899692467523, "y": -1.1730132157203632, "zone": null, "min_dist": 0.47301321572036326}
{"t": 1783963929.9322815, "x": 2.785240212704793, "y": -1.1870628334831048, "zone": null, "min_dist": 0.48706283348310486}
{"t": 1783963930.0844157, "x": 2.781218354773609, "y": -1.1967838662847543, "zone": null, "min_dist": 0.49678386628475435}
{"t": 1783963930.2363274, "x": 2.7802621598589634, "y": -1.1985978394342545, "zone": null, "min_dist": 0.4985978394342545}
{"t": 1783963930.3890204, "x": 2.7783130074329496, "y": -1.2014124505784727, "zone": null, "min_dist": 0.5014124505784727}
{"t": 1783963930.5412521, "x": 2.7726434667201216, "y": -1.2093184678676334, "zone": null, "min_dist": 0.5093184678676335}
{"t": 1783963930.7016034, "x": 2.7658586901157407, "y": -1.2190352669113567, "zone": null, "min_dist": 0.5190352669113567}
{"t": 1783963930.8541842, "x": 2.7518778570031883, "y": -1.2417824071204195, "zone": null, "min_dist": 0.5417824071204196}
{"t": 1783963931.014451, "x": 2.7375756912325935, "y": -1.2708233729776313, "zone": null, "min_dist": 0.5708233729776313}
{"t": 1783963931.1664574, "x": 2.7286728068816988, "y": -1.29790958381747, "zone": null, "min_dist": 0.59790958381747}
{"t": 1783963931.31902, "x": 2.7232494315575804, "y": -1.328350971768148, "zone": null, "min_dist": 0.6283509717681481}
{"t": 1783963931.4710875, "x": 2.7220460123957566, "y": -1.3592083667333619, "zone": null, "min_dist": 0.6592083667333619}
{"t": 1783963931.6236887, "x": 2.724739497795433, "y": -1.3866422461233359, "zone": null, "min_dist": 0.6866422461233359}
{"t": 1783963931.7834983, "x": 2.7294065756730603, "y": -1.4059561202923199, "zone": null, "min_dist": 0.7059561202923199}
{"t": 1783963931.935695, "x": 2.732811311400753, "y": -1.4149535341867834, "zone": null, "min_dist": 0.7149535341867834}
{"t": 1783963932.087519, "x": 2.7344461131084663, "y": -1.417883914006053, "zone": null, "min_dist": 0.7178839140060531}
{"t": 1783963932.2477021, "x": 2.735723806456977, "y": -1.4197906713849244, "zone": null, "min_dist": 0.7197906713849245}
{"t": 1783963932.408108, "x": 2.7357191844180617, "y": -1.4197849520923238, "zone": null, "min_dist": 0.7197849520923238}
{"t": 1783963932.560463, "x": 2.735718002193897, "y": -1.4197835522855091, "zone": null, "min_dist": 0.7197835522855092}
{"t": 1783963932.7207904, "x": 2.735720566492238, "y": -1.4197866076203123, "zone": null, "min_dist": 0.7197866076203123}
{"t": 1783963932.872578, "x": 2.735723799426449, "y": -1.4197905334365015, "zone": null, "min_dist": 0.7197905334365016}
{"t": 1783963933.0250514, "x": 2.735727444996967, "y": -1.4197950725684902, "zone": null, "min_dist": 0.7197950725684903}
{"t": 1783963933.18532, "x": 2.736653237281382, "y": -1.4209848461633956, "zone": null, "min_dist": 0.7209848461633956}
{"t": 1783963933.3379123, "x": 2.738149423030021, "y": -1.4229010807486044, "zone": null, "min_dist": 0.7229010807486045}
{"t": 1783963933.489968, "x": 2.7381509887055997, "y": -1.422903100961387, "zone": null, "min_dist": 0.7229031009613871}
{"t": 1783963933.6502752, "x": 2.738154527685536, "y": -1.4229077458995079, "zone": null, "min_dist": 0.7229077458995079}
{"t": 1783963933.8028688, "x": 2.73815844819551, "y": -1.4229130301269348, "zone": null, "min_dist": 0.7229130301269349}
{"t": 1783963933.9630184, "x": 2.7381626669816534, "y": -1.4229190354813532, "zone": null, "min_dist": 0.7229190354813533}
{"t": 1783963934.1235683, "x": 2.738166613187481, "y": -1.422925496942752, "zone": null, "min_dist": 0.7229254969427521}
{"t": 1783963934.2835882, "x": 2.7382620963712387, "y": -1.4231643110522079, "zone": null, "min_dist": 0.7231643110522079}
{"t": 1783963934.443443, "x": 2.738391754741814, "y": -1.4235176196003656, "zone": null, "min_dist": 0.7235176196003656}
{"t": 1783963934.6038446, "x": 2.7383931914925768, "y": -1.423527273284295, "zone": null, "min_dist": 0.723527273284295}
{"t": 1783963934.7640188, "x": 2.7383631162401407, "y": -1.4247117117279773, "zone": null, "min_dist": 0.7247117117279773}
{"t": 1783963934.924774, "x": 2.73812684266897, "y": -1.4264650758607846, "zone": null, "min_dist": 0.7264650758607847}
{"t": 1783963935.0847828, "x": 2.73812423509136, "y": -1.4264763012387365, "zone": null, "min_dist": 0.7264763012387365}
{"t": 1783963935.2455015, "x": 2.7381214433, "y": -1.4264854905406463, "zone": null, "min_dist": 0.7264854905406464}
{"t": 1783963935.4068053, "x": 2.738018929431105, "y": -1.4267227353057752, "zone": null, "min_dist": 0.7267227353057752}
{"t": 1783963935.5665913, "x": 2.737034163472618, "y": -1.4286832499572233, "zone": null, "min_dist": 0.7286832499572233}
{"t": 1783963935.7268915, "x": 2.7370290749035138, "y": -1.4286914657386156, "zone": null, "min_dist": 0.7286914657386157}
{"t": 1783963935.8789513, "x": 2.7370237449387416, "y": -1.4286989129277374, "zone": null, "min_dist": 0.7286989129277375}
{"t": 1783963936.0316975, "x": 2.7338220927379315, "y": -1.4325938676886796, "zone": null, "min_dist": 0.7325938676886796}
{"t": 1783963936.1917775, "x": 2.726527635557653, "y": -1.440284999287017, "zone": null, "min_dist": 0.7402849992870171}
{"t": 1783963936.3515732, "x": 2.7070757303739503, "y": -1.4564412995455909, "zone": null, "min_dist": 0.7564412995455909}
{"t": 1783963936.5116117, "x": 2.6799932966903874, "y": -1.4753736031508529, "zone": null, "min_dist": 0.7753736031508529}
{"t": 1783963936.6635518, "x": 2.652547830366833, "y": -1.4916872464589723, "zone": null, "min_dist": 0.7916872464589724}
{"t": 1783963936.8157587, "x": 2.623967259489415, "y": -1.5060601106473368, "zone": null, "min_dist": 0.8060601106473368}
{"t": 1783963936.9684458, "x": 2.5998691293830967, "y": -1.5167229615283582, "zone": null, "min_dist": 0.8167229615283582}
{"t": 1783963937.128918, "x": 2.577917718653865, "y": -1.5259800035100946, "zone": null, "min_dist": 0.8259800035100946}
{"t": 1783963937.2812243, "x": 2.548384905662915, "y": -1.5391230020521776, "zone": null, "min_dist": 0.8391230020521776}
{"t": 1783963937.4417365, "x": 2.5216153603145512, "y": -1.552918603210827, "zone": null, "min_dist": 0.8529186032108271}
{"t": 1783963937.601693, "x": 2.496703438055925, "y": -1.5689381468781214, "zone": null, "min_dist": 0.8689381468781214}
{"t": 1783963937.753898, "x": 2.4722274490097966, "y": -1.5895463921497344, "zone": null, "min_dist": 0.8895463921497344}
{"t": 1783963937.9135525, "x": 2.4492430419086797, "y": -1.615091073991081, "zone": null, "min_dist": 0.9150910739910811}
{"t": 1783963938.074272, "x": 2.433439391531951, "y": -1.638595209845871, "zone": null, "min_dist": 0.938595209845871}
{"t": 1783963938.226449, "x": 2.4236611669600623, "y": -1.6585115344356105, "zone": null, "min_dist": 0.9585115344356105}
{"t": 1783963938.3865051, "x": 2.415510609960106, "y": -1.6833231698289013, "zone": null, "min_dist": 0.9833231698289013}
{"t": 1783963938.5391455, "x": 2.408883535517557, "y": -1.7136741141081282, "zone": null, "min_dist": 1.0136741141081282}
{"t": 1783963938.691519, "x": 2.4048160568597527, "y": -1.7452999511461416, "zone": null, "min_dist": 1.0452999511461416}
{"t": 1783963938.8434386, "x": 2.4028108544503226, "y": -1.77551264286484, "zone": null, "min_dist": 1.07551264286484}
{"t": 1783963939.0035093, "x": 2.4026375534098268, "y": -1.8060779444949202, "zone": null, "min_dist": 1.1060779444949203}
{"t": 1783963939.1559901, "x": 2.403993521793897, "y": -1.833692715319435, "zone": null, "min_dist": 1.133692715319435}
{"t": 1783963939.3164377, "x": 2.4060878965817336, "y": -1.8606821842028847, "zone": null, "min_dist": 1.1606821842028847}
{"t": 1783963939.4763176, "x": 2.4083501448295173, "y": -1.890338786793751, "zone": null, "min_dist": 1.190338786793751}
{"t": 1783963939.6287565, "x": 2.4104670779794497, "y": -1.9209131576129996, "zone": null, "min_dist": 1.2209131576129997}
{"t": 1783963939.7811415, "x": 2.412305124364866, "y": -1.9506718382629356, "zone": null, "min_dist": 1.2506718382629356}
{"t": 1783963939.933496, "x": 2.413896566366678, "y": -1.983527930787962, "zone": null, "min_dist": 1.2835279307879621}
{"t": 1783963940.0936594, "x": 2.4148030716227145, "y": -2.0178798224821843, "zone": null, "min_dist": 1.3178798224821844}
{"t": 1783963940.2539556, "x": 2.414937540180576, "y": -2.0516019556198044, "zone": null, "min_dist": 1.3516019556198045}
{"t": 1783963940.4062219, "x": 2.4143553913045235, "y": -2.0783871474874704, "zone": null, "min_dist": 1.3783871474874705}
{"t": 1783963940.566609, "x": 2.413115724048924, "y": -2.0940913335589704, "zone": null, "min_dist": 1.3940913335589704}
{"t": 1783963940.72642, "x": 2.412554280243243, "y": -2.0975296479593557, "zone": null, "min_dist": 1.3975296479593557}
{"t": 1783963940.8869004, "x": 2.4119778388725788, "y": -2.0991979992587724, "zone": null, "min_dist": 1.3991979992587724}
{"t": 1783963941.0470445, "x": 2.4119732367698763, "y": -2.0992067796384144, "zone": null, "min_dist": 1.3992067796384144}
{"t": 1783963941.2073333, "x": 2.411356763919607, "y": -2.099954613752157, "zone": null, "min_dist": 1.399954613752157}
{"t": 1783963941.367425, "x": 2.3990867591218463, "y": -2.1120723363112734, "zone": null, "min_dist": 1.4120723363112735}
{"t": 1783963941.5278752, "x": 2.3823762142838656, "y": -2.124893260487824, "zone": null, "min_dist": 1.424893260487824}
{"t": 1783963941.6802416, "x": 2.3700475994796575, "y": -2.1316899278936297, "zone": null, "min_dist": 1.4316899278936297}
{"t": 1783963941.8403413, "x": 2.354901607190668, "y": -2.137373792261427, "zone": null, "min_dist": 1.437373792261427}
{"t": 1783963942.0007157, "x": 2.3403473769608034, "y": -2.140619387458416, "zone": null, "min_dist": 1.4406193874584161}
{"t": 1783963942.1605012, "x": 2.330472953842616, "y": -2.1411503528890607, "zone": null, "min_dist": 1.4411503528890608}
{"t": 1783963942.3208137, "x": 2.3003758451717213, "y": -2.138525311170716, "zone": null, "min_dist": 1.438525311170716}
{"t": 1783963942.4738326, "x": 2.2727098916219113, "y": -2.1323331945552124, "zone": null, "min_dist": 1.4323331945552125}
{"t": 1783963942.633635, "x": 2.244425087542366, "y": -2.1214454080481664, "zone": null, "min_dist": 1.4214454080481664}
{"t": 1783963942.793813, "x": 2.217164170154058, "y": -2.106096692870607, "zone": null, "min_dist": 1.4060966928706071}
{"t": 1783963942.9462838, "x": 2.1922961641265823, "y": -2.08682384799907, "zone": null, "min_dist": 1.38682384799907}
{"t": 1783963943.1227996, "x": 2.1655341236761942, "y": -2.0588845339673476, "zone": null, "min_dist": 1.3588845339673477}
{"t": 1783963943.2831144, "x": 2.1456758657109223, "y": -2.030449331467579, "zone": null, "min_dist": 1.3304493314675792}
{"t": 1783963943.435402, "x": 2.1309985310854302, "y": -2.0013859860565906, "zone": null, "min_dist": 1.3013859860565906}
{"t": 1783963943.5876353, "x": 2.1213808083724026, "y": -1.9734063144119507, "zone": null, "min_dist": 1.2734063144119507}
{"t": 1783963943.7478597, "x": 2.117778304788638, "y": -1.9548785494938967, "zone": null, "min_dist": 1.2548785494938968}
{"t": 1783963943.9001665, "x": 2.1174073402549993, "y": -1.9477327968734988, "zone": null, "min_dist": 1.2477327968734988}
{"t": 1783963944.052589, "x": 2.117687195655002, "y": -1.9441632323928988, "zone": null, "min_dist": 1.2441632323928988}
{"t": 1783963944.2045808, "x": 2.1176894084954077, "y": -1.9441541275085028, "zone": null, "min_dist": 1.2441541275085028}
{"t": 1783963944.3569202, "x": 2.1176928611096586, "y": -1.9441454317738502, "zone": null, "min_dist": 1.2441454317738503}
{"t": 1783963944.5174305, "x": 2.1176977622582034, "y": -1.944136894597801, "zone": null, "min_dist": 1.244136894597801}
{"t": 1783963944.6775374, "x": 2.1205889903974318, "y": -1.9406932477761356, "zone": null, "min_dist": 1.2406932477761357}
{"t": 1783963944.8295114, "x": 2.1257864937610527, "y": -1.935544479379395, "zone": null, "min_dist": 1.235544479379395}
{"t": 1783963944.9898896, "x": 2.1282644700111826, "y": -1.9337435278836255, "zone": null, "min_dist": 1.2337435278836255}
{"t": 1783963945.1499767, "x": 2.1387444934450053, "y": -1.9283603412998125, "zone": null, "min_dist": 1.2283603412998125}
{"t": 1783963945.3028078, "x": 2.1571830224041695, "y": -1.9218079888392274, "zone": null, "min_dist": 1.2218079888392275}
{"t": 1783963945.462441, "x": 2.186932362162685, "y": -1.915548542688996, "zone": null, "min_dist": 1.215548542688996}
{"t": 1783963945.6227965, "x": 2.220659404596262, "y": -1.913292595800581, "zone": null, "min_dist": 1.2132925958005811}
{"t": 1783963945.7833278, "x": 2.253489463952557, "y": -1.9157421022541714, "zone": null, "min_dist": 1.2157421022541715}
{"t": 1783963945.9354546, "x": 2.2856412114086417, "y": -1.9227061547491757, "zone": null, "min_dist": 1.2227061547491758}
{"t": 1783963946.0956426, "x": 2.3177756999875614, "y": -1.9345452886535968, "zone": null, "min_dist": 1.2345452886535968}
{"t": 1783963946.255641, "x": 2.3474368341549194, "y": -1.9505830125820778, "zone": null, "min_dist": 1.2505830125820778}
{"t": 1783963946.415858, "x": 2.374464750852034, "y": -1.9706345416731341, "zone": null, "min_dist": 1.2706345416731342}
{"t": 1783963946.5757556, "x": 2.393928070526922, "y": -1.989759271832592, "zone": null, "min_dist": 1.289759271832592}
{"t": 1783963946.7357864, "x": 2.4027729038257264, "y": -2.00121814426086, "zone": null, "min_dist": 1.30121814426086}
{"t": 1783963946.8883765, "x": 2.404099717705312, "y": -2.0034060678444745, "zone": null, "min_dist": 1.3034060678444745}
{"t": 1783963947.048872, "x": 2.4045997473740783, "y": -2.0047802810428608, "zone": null, "min_dist": 1.3047802810428608}
{"t": 1783963947.2087736, "x": 2.404701992007601, "y": -2.0051433160746854, "zone": null, "min_dist": 1.3051433160746855}
{"t": 1783963947.369445, "x": 2.4047180346869803, "y": -2.006085645744439, "zone": null, "min_dist": 1.306085645744439}
{"t": 1783963947.5295362, "x": 2.4044364374578717, "y": -2.009786741686326, "zone": null, "min_dist": 1.3097867416863263}
{"t": 1783963947.6903114, "x": 2.403643700813209, "y": -2.0133149235222882, "zone": null, "min_dist": 1.3133149235222883}
{"t": 1783963947.842365, "x": 2.402275606958541, "y": -2.0167354567851703, "zone": null, "min_dist": 1.3167354567851703}
{"t": 1783963947.9944065, "x": 2.40208464737409, "y": -2.0171309216948368, "zone": null, "min_dist": 1.3171309216948368}
{"t": 1783963948.1466377, "x": 2.4018344545294372, "y": -2.0174251711275706, "zone": null, "min_dist": 1.3174251711275706}
{"t": 1783963948.2990496, "x": 2.3993429644604185, "y": -2.0199209214902183, "zone": null, "min_dist": 1.3199209214902183}
{"t": 1783963948.4597032, "x": 2.3963725503063653, "y": -2.0221466975717703, "zone": null, "min_dist": 1.3221466975717704}
{"t": 1783963948.611938, "x": 2.3937107746002497, "y": -2.023631146821837, "zone": null, "min_dist": 1.323631146821837}
{"t": 1783963948.7721176, "x": 2.390094945753912, "y": -2.0249608743558567, "zone": null, "min_dist": 1.3249608743558567}
{"t": 1783963948.9322836, "x": 2.3899490088134296, "y": -2.0249926484746172, "zone": null, "min_dist": 1.3249926484746173}
{"t": 1783963949.0925748, "x": 2.3875219530768432, "y": -2.0251999395690357, "zone": null, "min_dist": 1.3251999395690357}
{"t": 1783963949.253188, "x": 2.3909637316660866, "y": -2.0255758187519874, "zone": null, "min_dist": 1.3255758187519875}
{"t": 1783963949.405403, "x": 2.3914616259277017, "y": -2.0256497140518954, "zone": null, "min_dist": 1.3256497140518955}
{"t": 1783963949.5656078, "x": 2.3914522865936805, "y": -2.0256473797430594, "zone": null, "min_dist": 1.3256473797430595}
{"t": 1783963949.718255, "x": 2.3914435507893548, "y": -2.025644890645809, "zone": null, "min_dist": 1.325644890645809}
{"t": 1783963949.8705065, "x": 2.3914349205217027, "y": -2.0256418440656208, "zone": null, "min_dist": 1.3256418440656208}
{"t": 1783963950.0225618, "x": 2.3914265464646887, "y": -2.025637866975212, "zone": null, "min_dist": 1.3256378669752122}
{"t": 1783963950.1832464, "x": 2.3914183243707385, "y": -2.0256324541698856, "zone": null, "min_dist": 1.3256324541698856}
{"t": 1783963950.3351445, "x": 2.388957644306797, "y": -2.023252527955943, "zone": null, "min_dist": 1.3232525279559428}
{"t": 1783963950.4955697, "x": 2.3848224477994853, "y": -2.0185967375222114, "zone": null, "min_dist": 1.3185967375222114}
{"t": 1783963950.647719, "x": 2.3848174694343935, "y": -2.0185887827281976, "zone": null, "min_dist": 1.3185887827281977}
{"t": 1783963950.7999322, "x": 2.3844381809220283, "y": -2.017664331838656, "zone": null, "min_dist": 1.317664331838656}
{"t": 1783963950.9521732, "x": 2.384055576713785, "y": -2.01641936205124, "zone": null, "min_dist": 1.31641936205124}
{"t": 1783963951.112785, "x": 2.3831558654537446, "y": -2.0091203239954307, "zone": null, "min_dist": 1.3091203239954308}
{"t": 1783963951.2728105, "x": 2.383088000462794, "y": -2.0032102931394977, "zone": null, "min_dist": 1.3032102931394978}
{"t": 1783963951.425005, "x": 2.3834940937589426, "y": -2.001156556105696, "zone": null, "min_dist": 1.3011565561056961}
{"t": 1783963951.5772502, "x": 2.3865258426531675, "y": -1.9911595722965711, "zone": null, "min_dist": 1.2911595722965712}
{"t": 1783963951.729711, "x": 2.390971987447475, "y": -1.9812163930894744, "zone": null, "min_dist": 1.2812163930894744}
{"t": 1783963951.88983, "x": 2.3949711767213313, "y": -1.9749737865447436, "zone": null, "min_dist": 1.2749737865447437}
{"t": 1783963952.0501404, "x": 2.398770981859223, "y": -1.9705379141848522, "zone": null, "min_dist": 1.2705379141848523}
{"t": 1783963952.2024286, "x": 2.405196472059296, "y": -1.9646657169249089, "zone": null, "min_dist": 1.264665716924909}
{"t": 1783963952.3546996, "x": 2.426987965334872, "y": -1.9469194382624975, "zone": null, "min_dist": 1.2469194382624975}
{"t": 1783963952.514475, "x": 2.4528546411537855, "y": -1.927644157151394, "zone": null, "min_dist": 1.227644157151394}
{"t": 1783963952.6744416, "x": 2.4809925201705756, "y": -1.9075647135159315, "zone": null, "min_dist": 1.2075647135159315}
{"t": 1783963952.8269112, "x": 2.507492949010191, "y": -1.8891257328478643, "zone": null, "min_dist": 1.1891257328478644}
{"t": 1783963952.9878724, "x": 2.5360312246066288, "y": -1.8685351525101146, "zone": null, "min_dist": 1.1685351525101146}
{"t": 1783963953.147682, "x": 2.563697147330334, "y": -1.8476128376178684, "zone": null, "min_dist": 1.1476128376178685}
{"t": 1783963953.3082514, "x": 2.5866285687919213, "y": -1.829668455610921, "zone": null, "min_dist": 1.129668455610921}
{"t": 1783963953.468762, "x": 2.607030332147861, "y": -1.813550808090456, "zone": null, "min_dist": 1.1135508080904561}
{"t": 1783963953.6285045, "x": 2.6327679716088435, "y": -1.7924202701214142, "zone": null, "min_dist": 1.0924202701214143}
{"t": 1783963953.7889626, "x": 2.6572012503398956, "y": -1.7715161885218655, "zone": null, "min_dist": 1.0715161885218656}
{"t": 1783963953.949136, "x": 2.6753786843005276, "y": -1.7557343712485138, "zone": null, "min_dist": 1.0557343712485139}
{"t": 1783963954.1095197, "x": 2.6965494863804267, "y": -1.7381907318165635, "zone": null, "min_dist": 1.0381907318165635}
{"t": 1783963954.2620451, "x": 2.7219281263243986, "y": -1.717005989673303, "zone": null, "min_dist": 1.017005989673303}
{"t": 1783963954.4384077, "x": 2.7502508369759426, "y": -1.6910425574597725, "zone": null, "min_dist": 0.9910425574597725}
{"t": 1783963954.5903108, "x": 2.7726989223082303, "y": -1.6675142720739446, "zone": null, "min_dist": 0.9675142720739447}
{"t": 1783963954.7424219, "x": 2.793978042412498, "y": -1.6433192914061237, "zone": null, "min_dist": 0.9433192914061237}
{"t": 1783963954.9027083, "x": 2.8147746520235577, "y": -1.6187939303257393, "zone": null, "min_dist": 0.9187939303257393}
{"t": 1783963955.063032, "x": 2.835779008143574, "y": -1.5933846070497582, "zone": null, "min_dist": 0.8933846070497582}
{"t": 1783963955.2232256, "x": 2.856032745926091, "y": -1.5679624980823077, "zone": null, "min_dist": 0.8679624980823077}
{"t": 1783963955.3758123, "x": 2.875198658930495, "y": -1.5429123801719813, "zone": null, "min_dist": 0.8429123801719813}
{"t": 1783963955.5355198, "x": 2.891437045136277, "y": -1.5210925741620611, "zone": null, "min_dist": 0.8210925741620612}
{"t": 1783963955.6956751, "x": 2.9081623535862677, "y": -1.498337339668715, "zone": null, "min_dist": 0.798337339668715}
{"t": 1783963955.8478153, "x": 2.9272234321532276, "y": -1.4713279770103045, "zone": null, "min_dist": 0.7713279770103045}
{"t": 1783963956.0003207, "x": 2.9435514222900334, "y": -1.4471072226931883, "zone": null, "min_dist": 0.7471072226931883}
{"t": 1783963956.15248, "x": 2.9611719089135344, "y": -1.4197678580018103, "zone": null, "min_dist": 0.7197678580018103}
{"t": 1783963956.3045435, "x": 2.978227152217513, "y": -1.392208825578352, "zone": null, "min_dist": 0.6922088255783521}
{"t": 1783963956.4648094, "x": 2.9928326239394405, "y": -1.3675410707100695, "zone": null, "min_dist": 0.6675410707100695}
{"t": 1783963956.6251397, "x": 3.0030298464887513, "y": -1.3504334044255824, "zone": null, "min_dist": 0.6504404611971788}
{"t": 1783963956.77755, "x": 3.0187993313580797, "y": -1.3241031640221945, "zone": null, "min_dist": 0.6243862379985846}
{"t": 1783963956.9534447, "x": 3.03354829860807, "y": -1.2989118503109576, "zone": null, "min_dist": 0.5998507254162414}
{"t": 1783963957.113893, "x": 3.040325433309297, "y": -1.2875181123423616, "zone": null, "min_dist": 0.5889003930223806}
{"t": 1783963957.2664845, "x": 3.0466444803089145, "y": -1.2772346198672615, "zone": null, "min_dist": 0.5791161488998477}
{"t": 1783963957.4266465, "x": 3.062625641066173, "y": -1.2507519621121792, "zone": null, "min_dist": 0.5543010866752514}
{"t": 1783963957.5785806, "x": 3.077972112470529, "y": -1.2223197815781632, "zone": null, "min_dist": 0.5281075691097193}
{"t": 1783963957.7307405, "x": 3.0889586004905887, "y": -1.19927658079093, "zone": null, "min_dist": 0.5071397605468598}
{"t": 1783963957.8906147, "x": 3.098761976724389, "y": -1.177403005401734, "zone": null, "min_dist": 0.48751159741396594}
{"t": 1783963958.0424306, "x": 3.107933769305832, "y": -1.1560419614691095, "zone": null, "min_dist": 0.46864055434539315}
{"t": 1783963958.1949806, "x": 3.1134108393316753, "y": -1.1432127432283994, "zone": null, "min_dist": 0.45749268216875144}
{"t": 1783963958.3473873, "x": 3.117729209822975, "y": -1.1335248853775, "zone": null, "min_dist": 0.44922599333422}
{"t": 1783963958.5000203, "x": 3.122587244308036, "y": -1.1228358582531626, "zone": null, "min_dist": 0.44024742530959415}
{"t": 1783963958.6525514, "x": 3.1254980497636535, "y": -1.116883897998041, "zone": null, "min_dist": 0.4353641520664301}
{"t": 1783963958.8125226, "x": 3.1269799853634916, "y": -1.1140477925009733, "zone": null, "min_dist": 0.4330813909161205}
{"t": 1783963958.965047, "x": 3.1319191394566523, "y": -1.1044780322310752, "zone": null, "min_dist": 0.4254469860188299}
{"t": 1783963959.1249335, "x": 3.144121317938246, "y": -1.0823780683062834, "zone": null, "min_dist": 0.4086366863191578}
{"t": 1783963959.285316, "x": 3.156256353511191, "y": -1.063638625815537, "zone": null, "min_dist": 0.39578920929912487}
{"t": 1783963959.437634, "x": 3.1645262155581273, "y": -1.0533696041155576, "zone": null, "min_dist": 0.38979347444340995}
{"t": 1783963959.597615, "x": 3.169003223244512, "y": -1.0488836000848973, "zone": null, "min_dist": 0.3876620382178695}
{"t": 1783963959.7498703, "x": 3.181693365070522, "y": -1.0384645267492671, "zone": null, "min_dist": 0.38414933916154975}
{"t": 1783963959.910371, "x": 3.2004573005112658, "y": -1.0259568957398024, "zone": null, "min_dist": 0.3826630727005055}
{"t": 1783963960.071071, "x": 3.2266347289238837, "y": -1.011111954912131, "zone": null, "min_dist": 0.3849077147104876}
{"t": 1783963960.2225997, "x": 3.2525477359428816, "y": -0.9984878390175391, "zone": null, "min_dist": 0.39099277355372675}
{"t": 1783963960.3830135, "x": 3.2707762692220474, "y": -0.9906011590546264, "zone": null, "min_dist": 0.39720123566990956}
{"t": 1783963960.5356498, "x": 3.2807014630772833, "y": -0.9865709612916211, "zone": null, "min_dist": 0.4011436491200269}
{"t": 1783963960.6954396, "x": 3.2910909511083895, "y": -0.982594396609915, "zone": null, "min_dist": 0.4057012876643464}
{"t": 1783963960.8559196, "x": 3.2984138892522856, "y": -0.9799555186255257, "zone": null, "min_dist": 0.4091771519862301}
{"t": 1783963961.0162792, "x": 3.308528243054473, "y": -0.9764197567476288, "zone": null, "min_dist": 0.4142433568359283}
{"t": 1783963961.1765637, "x": 3.3160146961354426, "y": -0.9739735222534732, "zone": null, "min_dist": 0.41824248835998307}
{"t": 1783963961.328533, "x": 3.3172838239825397, "y": -0.9735828384416934, "zone": null, "min_dist": 0.41894700673330626}
{"t": 1783963961.4890075, "x": 3.3172929412858845, "y": -0.9735807631194149, "zone": null, "min_dist": 0.4189525564295427}
{"t": 1783963961.6493323, "x": 3.3173023345522368, "y": -0.9735792697101762, "zone": null, "min_dist": 0.4189586952522324}
{"t": 1783963961.8016179, "x": 3.318268530643708, "y": -0.9735128046698843, "zone": null, "min_dist": 0.41964760444507615}
{"t": 1783963961.9537382, "x": 3.3364993163238714, "y": -0.9727635908771063, "zone": null, "min_dist": 0.4331648258972632}
{"t": 1783963962.1142244, "x": 3.369727308061652, "y": -0.9717153323239474, "zone": null, "min_dist": 0.4588327627212651}
{"t": 1783963962.2664473, "x": 3.402043038569081, "y": -0.9706979131584329, "zone": null, "min_dist": 0.4846813025588982}
{"t": 1783963962.4277084, "x": 3.434658530621756, "y": -0.9696710557602018, "zone": null, "min_dist": 0.5115178555603763}
{"t": 1783963962.5803246, "x": 3.4651040315126362, "y": -0.9687125176320843, "zone": null, "min_dist": 0.5371481892936814}
{"t": 1783963962.739593, "x": 3.4981538057367225, "y": -0.9676719869523637, "zone": null, "min_dist": 0.5655134894668797}
{"t": 1783963962.891868, "x": 3.526574295439654, "y": -0.966777203859986, "zone": null, "min_dist": 0.5902970143217063}
{"t": 1783963963.0519638, "x": 3.5598831294386906, "y": -0.965728516932531, "zone": null, "min_dist": 0.6197424976078565}
{"t": 1783963963.212416, "x": 3.5933925105183175, "y": -0.9646735159247477, "zone": null, "min_dist": 0.649743596791226}
{"t": 1783963963.3644176, "x": 3.622802794422245, "y": -0.963747570247185, "zone": null, "min_dist": 0.6763476188702455}
{"t": 1783963963.524552, "x": 3.6529823983608494, "y": -0.9627974036023776, "zone": null, "min_dist": 0.7038810182901922}
{"t": 1783963963.676725, "x": 3.682680418109909, "y": -0.9618623989153816, "zone": null, "min_dist": 0.7311801893079698}
{"t": 1783963963.8288598, "x": 3.712265964128159, "y": -0.9609309352050829, "zone": null, "min_dist": 0.7585563634974102}
{"t": 1783963964.005512, "x": 3.7341292859906465, "y": -0.9602470542962094, "zone": null, "min_dist": 0.7788930207794846}
{"t": 1783963964.1575468, "x": 3.7530378390701484, "y": -0.9598774336342065, "zone": null, "min_dist": 0.7966192739218279}
{"t": 1783963964.3178585, "x": 3.781566569924616, "y": -0.9595957994807962, "zone": null, "min_dist": 0.8235510198717525}
{"t": 1783963964.4703465, "x": 3.8120290029043415, "y": -0.9592959086000536, "zone": null, "min_dist": 0.8524232926044116}
{"t": 1783963964.6309927, "x": 3.8457386167932124, "y": -0.9589640500843979, "zone": null, "min_dist": 0.8844977033160746}
{"t": 1783963964.7907016, "x": 3.8763948608691923, "y": -0.9586622512698922, "zone": null, "min_dist": 0.9137691789450658}
{"t": 1783963964.942728, "x": 3.9037079847462186, "y": -0.9583933644392552, "zone": null, "min_dist": 0.9399230034850246}
{"t": 1783963965.102908, "x": 3.937833477611255, "y": -0.9580574116634545, "zone": null, "min_dist": 0.9726897035760489}
{"t": 1783963965.2631147, "x": 3.970652113311274, "y": -0.9577343245998515, "zone": null, "min_dist": 1.0042870641169208}
{"t": 1783963965.423542, "x": 4.003381445223398, "y": -0.9574121167166413, "zone": null, "min_dist": 1.035874182732216}
{"t": 1783963965.5759063, "x": 4.034312247007551, "y": -0.9571076146746774, "zone": null, "min_dist": 1.0657889799737619}
{"t": 1783963965.735795, "x": 4.058038540658702, "y": -0.9568740391761189, "zone": null, "min_dist": 1.0887744603552423}
{"t": 1783963965.8964026, "x": 4.075634366030192, "y": -0.9567008161721834, "zone": null, "min_dist": 1.1058411271103268}
{"t": 1783963966.0566366, "x": 4.091821340619686, "y": -0.9565456889561065, "zone": null, "min_dist": 1.1215567441527563}
{"t": 1783963966.216831, "x": 4.116648379052858, "y": -0.9565684858662155, "zone": null, "min_dist": 1.145744731771025}
{"t": 1783963966.3691237, "x": 4.141808672759341, "y": -0.9566655807855976, "zone": null, "min_dist": 1.1703009294828641}
{"t": 1783963966.521618, "x": 4.1646211952181265, "y": -0.9567536157655328, "zone": null, "min_dist": 1.192587501007776}
{"t": 1783963966.6816883, "x": 4.186108252550296, "y": -0.9568365359294535, "zone": null, "min_dist": 1.2135970471932431}
{"t": 1783963966.8413246, "x": 4.205650047249539, "y": -0.9569119493534505, "zone": null, "min_dist": 1.2327188593322507}
{"t": 1783963966.9935927, "x": 4.222320686594877, "y": -0.9569773404483839, "zone": null, "min_dist": 1.2490417184312523}
{"t": 1783963967.1459887, "x": 4.246219922491755, "y": -0.9571678260364037, "zone": null, "min_dist": 1.2724776563710838}
{"t": 1783963967.3065977, "x": 4.278717411786523, "y": -0.9571999995318404, "zone": null, "min_dist": 1.3043274354874255}
{"t": 1783963967.459248, "x": 4.311622035261051, "y": -0.9558490825106131, "zone": null, "min_dist": 1.3363424397974732}
{"t": 1783963967.6197152, "x": 4.3466154429573916, "y": -0.9521763651988555, "zone": null, "min_dist": 1.3700241130637951}
{"t": 1783963967.7797244, "x": 4.380373733429643, "y": -0.9463745263938866, "zone": null, "min_dist": 1.4021883080379407}
{"t": 1783963967.9318106, "x": 4.411927566838253, "y": -0.9387801639098811, "zone": null, "min_dist": 1.4319760545046203}
{"t": 1783963968.0848007, "x": 4.442898792870626, "y": -0.929269755614459, "zone": null, "min_dist": 1.4610001873056082}
{"t": 1783963968.244467, "x": 4.47448250204863, "y": -0.916800281393199, "zone": null, "min_dist": 1.4903358718288167}
{"t": 1783963968.4051, "x": 4.504877068256608, "y": -0.9009522227167976, "zone": null, "min_dist": 1.5182347599694275}
{"t": 1783963968.5652504, "x": 4.532205025281454, "y": -0.8826381658555769, "zone": null, "min_dist": 1.5430518264545845}
{"t": 1783963968.7255368, "x": 4.558744599576304, "y": -0.8603448812194135, "zone": null, "min_dist": 1.566970072350318}
{"t": 1783963968.8777041, "x": 4.58074653457504, "y": -0.837970253799369, "zone": null, "min_dist": 1.586756250186039}
{"t": 1783963969.0379827, "x": 4.6027659991501855, "y": -0.8121486444297896, "zone": null, "min_dist": 1.606684837321661}
{"t": 1783963969.1904862, "x": 4.62030241360107, "y": -0.7889679167305832, "zone": null, "min_dist": 1.622743110208401}
{"t": 1783963969.342565, "x": 4.637089894486842, "y": -0.7652668423613689, "zone": null, "min_dist": 1.6383903940583773}
{"t": 1783963969.4945521, "x": 4.652350929076717, "y": -0.7427243996548868, "zone": null, "min_dist": 1.6529031935193788}
{"t": 1783963969.6466696, "x": 4.666171479726845, "y": -0.7213391721001825, "zone": null, "min_dist": 1.6663081228035426}
{"t": 1783963969.806949, "x": 4.678644637412151, "y": -0.7010795116970073, "zone": null, "min_dist": 1.678644984521169}
{"t": 1783963969.9595103, "x": 4.689079036665168, "y": -0.6832646895748588, "zone": null, "min_dist": 1.6890790366651682}
{"t": 1783963970.119858, "x": 4.698384926082585, "y": -0.6665492831900903, "zone": null, "min_dist": 1.6983849260825847}
{"t": 1783963970.2718143, "x": 4.705866353569259, "y": -0.6526620965639989, "zone": null, "min_dist": 1.7058663535692586}
{"t": 1783963970.4485333, "x": 4.713849952823682, "y": -0.6384375887724197, "zone": null, "min_dist": 1.713849952823682}
{"t": 1783963970.60866, "x": 4.720838730252343, "y": -0.6266375856215068, "zone": null, "min_dist": 1.7208387302523427}
{"t": 1783963970.7690966, "x": 4.727356934553594, "y": -0.6161659779113794, "zone": null, "min_dist": 1.727356934553594}
{"t": 1783963970.9211786, "x": 4.732991972858473, "y": -0.607336059180094, "zone": null, "min_dist": 1.732991972858473}
{"t": 1783963971.0813165, "x": 4.738060629883143, "y": -0.5995757529448307, "zone": null, "min_dist": 1.738060629883143}
{"t": 1783963971.2336483, "x": 4.743198214827713, "y": -0.5917801438364116, "zone": null, "min_dist": 1.7431982148277134}
{"t": 1783963971.385738, "x": 4.747276242112957, "y": -0.5857371325250472, "zone": null, "min_dist": 1.7472762421129566}
{"t": 1783963971.5380456, "x": 4.7521101588988275, "y": -0.5787128414449008, "zone": null, "min_dist": 1.7521101588988275}
{"t": 1783963971.698482, "x": 4.7536837817538435, "y": -0.576501369154114, "zone": null, "min_dist": 1.7536837817538435}
{"t": 1783963971.8504617, "x": 4.753688832708363, "y": -0.5764946790439038, "zone": null, "min_dist": 1.753688832708363}
{"t": 1783963972.002513, "x": 4.755909239552657, "y": -0.5737101345139483, "zone": null, "min_dist": 1.7559092395526568}
{"t": 1783963972.1547272, "x": 4.760392647210176, "y": -0.5682714660983562, "zone": null, "min_dist": 1.7603926472101756}
{"t": 1783963972.3146172, "x": 4.761671985102505, "y": -0.5667621755897057, "zone": null, "min_dist": 1.7616719851025051}
{"t": 1783963972.4671881, "x": 4.7616666168883, "y": -0.566768705792337, "zone": null, "min_dist": 1.7616666168883004}
{"t": 1783963972.6194382, "x": 4.761661474995025, "y": -0.5667752405500025, "zone": null, "min_dist": 1.7616614749950248}
{"t": 1783963972.7797813, "x": 4.7616563203868285, "y": -0.5667820956870806, "zone": null, "min_dist": 1.7616563203868285}
{"t": 1783963972.9564888, "x": 4.761650960042033, "y": -0.566789586443964, "zone": null, "min_dist": 1.761650960042033}
{"t": 1783963973.1164706, "x": 4.761646358919851, "y": -0.5667963485294418, "zone": null, "min_dist": 1.761646358919851}
{"t": 1783963973.276512, "x": 4.7623737027441795, "y": -0.5656766024417227, "zone": null, "min_dist": 1.7623737027441795}
{"t": 1783963973.4366667, "x": 4.763381357660682, "y": -0.5641219721993685, "zone": null, "min_dist": 1.7633813576606823}
{"t": 1783963973.589248, "x": 4.764338629843972, "y": -0.5626450734475744, "zone": null, "min_dist": 1.764338629843972}
{"t": 1783963973.7493358, "x": 4.765346284777879, "y": -0.561090443175657, "zone": null, "min_dist": 1.7653462847778787}
{"t": 1783963973.9014244, "x": 4.7665390220975645, "y": -0.559249403954029, "zone": null, "min_dist": 1.7665390220975645}
{"t": 1783963974.061936, "x": 4.766876752943589, "y": -0.5587247499507071, "zone": null, "min_dist": 1.7668767529435891}
{"t": 1783963974.2139874, "x": 4.766872896337577, "y": -0.5587311626012098, "zone": null, "min_dist": 1.7668728963375768}
{"t": 1783963974.3662796, "x": 4.766869215899584, "y": -0.5587375896473611, "zone": null, "min_dist": 1.7668692158995842}
{"t": 1783963974.5264757, "x": 4.766865521399547, "y": -0.5587443827271624, "zone": null, "min_dist": 1.7668655213995468}
{"t": 1783963974.6783743, "x": 4.766862177538097, "y": -0.5587508661627764, "zone": null, "min_dist": 1.7668621775380968}
{"t": 1783963974.8385153, "x": 4.766859545503117, "y": -0.5587562204185178, "zone": null, "min_dist": 1.7668595455031166}
{"t": 1783963974.9991698, "x": 4.766862556733611, "y": -0.5587500988735864, "zone": null, "min_dist": 1.766862556733611}
{"t": 1783963975.1515107, "x": 4.767807030237699, "y": -0.5569316573082487, "zone": null, "min_dist": 1.767807030237699}
{"t": 1783963975.3116016, "x": 4.77130755619485, "y": -0.5501575783637033, "zone": null, "min_dist": 1.7713075561948504}
{"t": 1783963975.4719338, "x": 4.7761047335028195, "y": -0.5401403731300315, "zone": null, "min_dist": 1.7761047335028195}
{"t": 1783963975.632298, "x": 4.780375402798784, "y": -0.5290249379223741, "zone": null, "min_dist": 1.780375402798784}
{"t": 1783963975.7845888, "x": 4.783113984649348, "y": -0.5184760720334105, "zone": null, "min_dist": 1.783113984649348}
{"t": 1783963975.936441, "x": 4.784065821697337, "y": -0.510024664329506, "zone": null, "min_dist": 1.7840658216973369}
{"t": 1783963976.088337, "x": 4.783854485268684, "y": -0.5023934669934488, "zone": null, "min_dist": 1.7838544852686837}
{"t": 1783963976.2407894, "x": 4.782673683761858, "y": -0.4954664556945455, "zone": null, "min_dist": 1.7826736837618578}
{"t": 1783963976.393364, "x": 4.781951718539139, "y": -0.49286736218197336, "zone": null, "min_dist": 1.7819517185391387}
{"t": 1783963976.553643, "x": 4.781955097511836, "y": -0.49287433000445174, "zone": null, "min_dist": 1.781955097511836}
{"t": 1783963976.7062144, "x": 4.776657656579531, "y": -0.4854114149160099, "zone": null, "min_dist": 1.7766576565795313}
{"t": 1783963976.8584676, "x": 4.757377554605781, "y": -0.46264006499848664, "zone": null, "min_dist": 1.7573775546057808}
{"t": 1783963977.010882, "x": 4.734390452910731, "y": -0.4383659347996307, "zone": null, "min_dist": 1.7343904529107306}
{"t": 1783963977.1711702, "x": 4.7098859076897925, "y": -0.41322560911695355, "zone": null, "min_dist": 1.7098859076897925}
{"t": 1783963977.3232205, "x": 4.688372522667565, "y": -0.3897521345867873, "zone": null, "min_dist": 1.6883725226675654}
{"t": 1783963977.4836135, "x": 4.6666100305339056, "y": -0.3620929489542999, "zone": null, "min_dist": 1.6666100305339056}
{"t": 1783963977.6436243, "x": 4.648162843156649, "y": -0.33270489063063513, "zone": null, "min_dist": 1.6481628431566486}
{"t": 1783963977.7963765, "x": 4.633286100761207, "y": -0.3039226907956035, "zone": null, "min_dist": 1.6332861007612074}
{"t": 1783963977.948385, "x": 4.619981979555649, "y": -0.2736474238322607, "zone": null, "min_dist": 1.6199819795556492}
{"t": 1783963978.1086013, "x": 4.608746429908369, "y": -0.24302136690114606, "zone": null, "min_dist": 1.6087464299083694}
{"t": 1783963978.260981, "x": 4.59921214451641, "y": -0.21270334571541225, "zone": null, "min_dist": 1.59921214451641}
{"t": 1783963978.4131682, "x": 4.590144247759717, "y": -0.18127563350872322, "zone": null, "min_dist": 1.5901442477597172}
{"t": 1783963978.573639, "x": 4.581585183415893, "y": -0.14893815686132633, "zone": null, "min_dist": 1.5815851834158927}
{"t": 1783963978.7259147, "x": 4.574057242546252, "y": -0.11778319882659453, "zone": null, "min_dist": 1.5740572425462522}
{"t": 1783963978.8781788, "x": 4.567145352613472, "y": -0.08619137128216289, "zone": null, "min_dist": 1.5671453526134718}
{"t": 1783963979.0383177, "x": 4.560559941299556, "y": -0.052577788755776816, "zone": null, "min_dist": 1.560559941299556}
{"t": 1783963979.2150803, "x": 4.554383399519931, "y": -0.016634555823400596, "zone": null, "min_dist": 1.5543833995199314}
{"t": 1783963979.3671172, "x": 4.54957399894627, "y": 0.015842194299905316, "zone": null, "min_dist": 1.5495739989462702}
{"t": 1783963979.5194697, "x": 4.545599324634183, "y": 0.04737590985667695, "zone": null, "min_dist": 1.5455993246341828}
{"t": 1783963979.6713684, "x": 4.542251885162525, "y": 0.07935163444457323, "zone": null, "min_dist": 1.5422518851625249}
{"t": 1783963979.8233118, "x": 4.539381586030688, "y": 0.11091066186659262, "zone": null, "min_dist": 1.5393815860306876}
{"t": 1783963979.9759948, "x": 4.53656653808967, "y": 0.14200368341150255, "zone": null, "min_dist": 1.5365665380896703}
{"t": 1783963980.1359992, "x": 4.5334681138680235, "y": 0.1762266739884771, "zone": null, "min_dist": 1.5334681138680235}
{"t": 1783963980.2966151, "x": 4.53035556802107, "y": 0.21060564110960667, "zone": null, "min_dist": 1.5303555680210703}
{"t": 1783963980.4488127, "x": 4.527515465271438, "y": 0.24197539771664714, "zone": null, "min_dist": 1.5275154652714384}
{"t": 1783963980.6094923, "x": 4.524484157078667, "y": 0.27545707231704153, "zone": null, "min_dist": 1.5244841570786667}
{"t": 1783963980.761693, "x": 4.521585288049945, "y": 0.30747591826837833, "zone": null, "min_dist": 1.5215852880499448}
{"t": 1783963980.9214537, "x": 4.518611844655616, "y": 0.3403184607688712, "zone": null, "min_dist": 1.5186118446556156}
{"t": 1783963981.0816588, "x": 4.515555182210469, "y": 0.37408018017612155, "zone": null, "min_dist": 1.515555182210469}
{"t": 1783963981.2415257, "x": 4.5125313274382135, "y": 0.4074795301343562, "zone": null, "min_dist": 1.5125313274382135}
{"t": 1783963981.3937888, "x": 4.50961923832465, "y": 0.4396443952371967, "zone": null, "min_dist": 1.5096192383246496}
{"t": 1783963981.5543952, "x": 4.506537516219943, "y": 0.4736829052114045, "zone": null, "min_dist": 1.506537516219943}
{"t": 1783963981.7147048, "x": 4.503507183599576, "y": 0.5086940877616882, "zone": null, "min_dist": 1.5035071835995764}
{"t": 1783963981.8664358, "x": 4.500936293415778, "y": 0.539150871011892, "zone": null, "min_dist": 1.5009362934157782}
{"t": 1783963982.0264058, "x": 4.498042984464109, "y": 0.5734272757144273, "zone": null, "min_dist": 1.4980429844641092}
{"t": 1783963982.1865876, "x": 4.495173851487801, "y": 0.6078303809510636, "zone": null, "min_dist": 1.4951738514878006}
{"t": 1783963982.3391516, "x": 4.493055263409776, "y": 0.6391714705384397, "zone": null, "min_dist": 1.4930552634097758}
{"t": 1783963982.499654, "x": 4.491135593379274, "y": 0.6733886890969997, "zone": null, "min_dist": 1.4911355933792736}
{"t": 1783963982.6520293, "x": 4.48952326245487, "y": 0.7055003288187568, "zone": null, "min_dist": 1.4895334178900839}
{"t": 1783963982.8044844, "x": 4.488550301878477, "y": 0.737882091371463, "zone": null, "min_dist": 1.4890322542071346}
{"t": 1783963982.9564939, "x": 4.488210068250863, "y": 0.7700816715998657, "zone": null, "min_dist": 1.4898592711855272}
{"t": 1783963983.1166894, "x": 4.488003547774281, "y": 0.8040481721660414, "zone": null, "min_dist": 1.4916368795118806}
{"t": 1783963983.2769966, "x": 4.487803980026511, "y": 0.8368711569807274, "zone": null, "min_dist": 1.4940864756084133}
{"t": 1783963983.4292748, "x": 4.487605190183255, "y": 0.8695661485669103, "zone": null, "min_dist": 1.4972380841402526}
{"t": 1783963983.581595, "x": 4.487412321335899, "y": 0.9014341493247914, "zone": null, "min_dist": 1.5009900499923543}
{"t": 1783963983.7333949, "x": 4.487511074656739, "y": 0.9337377175507353, "zone": null, "min_dist": 1.5057631014978001}
{"t": 1783963983.8855665, "x": 4.488313956542926, "y": 0.966986890155094, "zone": null, "min_dist": 1.5120715699844198}
{"t": 1783963984.0462635, "x": 4.489903273544515, "y": 1.0012952841267189, "zone": null, "min_dist": 1.520062700271164}
{"t": 1783963984.1981559, "x": 4.492082382795797, "y": 1.033365512479892, "zone": null, "min_dist": 1.5288696484529227}
{"t": 1783963984.3585086, "x": 4.495125064940433, "y": 1.0669600089591018, "zone": null, "min_dist": 1.5394994667061106}
{"t": 1783963984.519042, "x": 4.498874109994487, "y": 1.100907406639047, "zone": null, "min_dist": 1.5515638389411543}
{"t": 1783963984.6714303, "x": 4.502692359173048, "y": 1.1321665062112316, "zone": null, "min_dist": 1.5636023200954532}
{"t": 1783963984.8235948, "x": 4.507793475279589, "y": 1.1633358669821323, "zone": null, "min_dist": 1.577377979346671}
{"t": 1783963984.984805, "x": 4.514367577853106, "y": 1.1971665974769592, "zone": null, "min_dist": 1.5938895151482424}
{"t": 1783963985.1442366, "x": 4.520658813615465, "y": 1.2262699732495401, "zone": null, "min_dist": 1.6091498725011493}
{"t": 1783963985.3044875, "x": 4.524510415709157, "y": 1.2435817368877438, "zone": null, "min_dist": 1.6185218911969041}
{"t": 1783963985.4566867, "x": 4.525600099304474, "y": 1.2484795273810414, "zone": null, "min_dist": 1.6211987709574514}
{"t": 1783963985.609382, "x": 4.525600099304474, "y": 1.2484795273810414, "zone": null, "min_dist": 1.6211987709574514}
{"t": 1783963985.7626688, "x": 4.525600099304474, "y": 1.2484795273810414, "zone": null, "min_dist": 1.6211987709574514}
