{"t": 1783963607.7842243, "x": -7.711875301197942e-12, "y": -2.314123327695545e-13, "zone": null, "min_dist": 1.3000000000077119}
{"t": 1783963607.9362822, "x": -7.711875301197942e-12, "y": -2.314123327695545e-13, "zone": null, "min_dist": 1.3000000000077119}
{"t": 1783963608.097587, "x": -7.711875301197942e-12, "y": -2.314123327695545e-13, "zone": null, "min_dist": 1.3000000000077119}
{"t": 1783963608.2571447, "x": -7.711875301197942e-12, "y": -2.314123327695545e-13, "zone": null, "min_dist": 1.3000000000077119}
{"t": 1783963608.4093878, "x": -7.711875301197942e-12, "y": -2.314123327695545e-13, "zone": null, "min_dist": 1.3000000000077119}
{"t": 1783963608.570991, "x": -7.711875301197942e-12, "y": -2.314123327695545e-13, "zone": null, "min_dist": 1.3000000000077119}
{"t": 1783963608.7305028, "x": -7.711875301197942e-12, "y": -2.314123327695545e-13, "zone": null, "min_dist": 1.3000000000077119}
{"t": 1783963608.9080975, "x": -7.711875301197942e-12, "y": -2.314123327695545e-13, "zone": null, "min_dist": 1.3000000000077119}
{"t": 1783963609.0596418, "x": -7.711875301197942e-12, "y": -2.314123327695545e-13, "zone": null, "min_dist": 1.3000000000077119}
{"t": 1783963609.2113807, "x": -7.711875301197942e-12, "y": -2.314123327695545e-13, "zone": null, "min_dist": 1.3000000000077119}
{"t": 1783963609.3882132, "x": -7.711875301197942e-12, "y": -2.314123327695545e-13, "zone": null, "min_dist": 1.3000000000077119}
{"t": 1783963609.5400825, "x": -7.711875301197942e-12, "y": -2.314123327695545e-13, "zone": null, "min_dist": 1.3000000000077119}
{"t": 1783963609.69214, "x": -7.711875301197942e-12, "y": -2.314123327695545e-13, "zone": null, "min_dist": 1.3000000000077119}
{"t": 1783963609.852384, "x": -7.711875301197942e-12, "y": -2.314123327695545e-13, "zone": null, "min_dist": 1.3000000000077119}
{"t": 1783963610.01247, "x": -7.711875301197942e-12, "y": -2.314123327695545e-13, "zone": null, "min_dist": 1.3000000000077119}
{"t": 1783963610.1644351, "x": -7.711875301197942e-12, "y": -2.314123327695545e-13, "zone": null, "min_dist": 1.3000000000077119}
{"t": 1783963610.3165975, "x": -7.711875301197942e-12, "y": -2.314123327695545e-13, "zone": null, "min_dist": 1.3000000000077119}
{"t": 1783963610.4689164, "x": -7.711875301197942e-12, "y": -2.314123327695545e-13, "zone": null, "min_dist": 1.3000000000077119}
{"t": 1783963610.621232, "x": -7.711875301197942e-12, "y": -2.314123327695545e-13, "zone": null, "min_dist": 1.3000000000077119}
{"t": 1783963610.781569, "x": -7.711875301197942e-12, "y": -2.314123327695545e-13, "zone": null, "min_dist": 1.3000000000077119}
{"t": 1783963610.9416018, "x": -7.711875301197942e-12, "y": -2.314123327695545e-13, "zone": null, "min_dist": 1.3000000000077119}
{"t": 1783963611.1015913, "x": -7.711875301197942e-12, "y": -2.314123327695545e-13, "zone": null, "min_dist": 1.3000000000077119}
{"t": 1783963611.2615612, "x": 0.009791469700471952, "y": 6.257337661316875e-10, "zone": null, "min_dist": 1.290208530299528}
{"t": 1783963611.414071, "x": 0.03913686864973781, "y": 4.845582392906554e-09, "zone": null, "min_dist": 1.2608631313502623}
{"t": 1783963611.5745099, "x": 0.07304334827760108, "y": 1.0222166213201247e-08, "zone": null, "min_dist": 1.2269566517223989}
{"t": 1783963611.7346933, "x": 0.10736755829948559, "y": 1.574175662627723e-08, "zone": null, "min_dist": 1.1926324417005145}
{"t": 1783963611.9114642, "x": 0.14478492835369106, "y": -3.965940577151236e-06, "zone": null, "min_dist": 1.155215071646309}
{"t": 1783963612.0635855, "x": 0.17524073911643856, "y": -0.0003434831626154411, "zone": null, "min_dist": 1.1247592608835615}
{"t": 1783963612.2235823, "x": 0.2082709567439249, "y": -0.0010496332296639637, "zone": null, "min_dist": 1.0917290432560751}
{"t": 1783963612.3758106, "x": 0.24041003491059745, "y": -0.0017394950919495202, "zone": null, "min_dist": 1.0595899650894025}
{"t": 1783963612.5284657, "x": 0.272699018288372, "y": -0.0024325745574374016, "zone": null, "min_dist": 1.027300981711628}
{"t": 1783963612.6803274, "x": 0.30499132437469484, "y": -0.0031257253325042075, "zone": null, "min_dist": 0.9950086756253052}
{"t": 1783963612.8327243, "x": 0.3383916461542771, "y": -0.003842659329484437, "zone": null, "min_dist": 0.961608353845723}
{"t": 1783963612.993088, "x": 0.37153245212595853, "y": -0.004574834098921927, "zone": null, "min_dist": 0.9284675478740415}
{"t": 1783963613.145391, "x": 0.4034424503456975, "y": -0.005611669138220172, "zone": null, "min_dist": 0.8965575496543026}
{"t": 1783963613.3056066, "x": 0.4361931930406413, "y": -0.007361637516555663, "zone": null, "min_dist": 0.8638068069593587}
{"t": 1783963613.4655833, "x": 0.46877001423987286, "y": -0.009308562754392258, "zone": null, "min_dist": 0.8312299857601272}
{"t": 1783963613.625991, "x": 0.5020579873904849, "y": -0.011297989113630025, "zone": null, "min_dist": 0.7979420126095151}
{"t": 1783963613.7860386, "x": 0.5368220495577959, "y": -0.01337563232025496, "zone": null, "min_dist": 0.7631779504422042}
{"t": 1783963613.9465106, "x": 0.5712801593427406, "y": -0.015434990561945864, "zone": null, "min_dist": 0.7287198406572595}
{"t": 1783963614.0987678, "x": 0.602594436359615, "y": -0.01730646063395969, "zone": null, "min_dist": 0.6974055636403851}
{"t": 1783963614.2587192, "x": 0.6364055446521658, "y": -0.01932927371419308, "zone": null, "min_dist": 0.6635944553478342}
{"t": 1783963614.4193082, "x": 0.6705409041728984, "y": -0.021741325488482184, "zone": null, "min_dist": 0.6294590958271017}
{"t": 1783963614.5715096, "x": 0.7036344973290082, "y": -0.024621689469628096, "zone": null, "min_dist": 0.5963655026709919}
{"t": 1783963614.7235317, "x": 0.7351465918514696, "y": -0.02740269920323633, "zone": null, "min_dist": 0.5648534081485305}
{"t": 1783963614.8839686, "x": 0.7684319147729799, "y": -0.030340200060774623, "zone": null, "min_dist": 0.5315680852270201}
{"t": 1783963615.0441108, "x": 0.802785970848976, "y": -0.033372018675135874, "zone": null, "min_dist": 0.4972140291510241}
{"t": 1783963615.1965704, "x": 0.8360647348582332, "y": -0.03633521895999992, "zone": null, "min_dist": 0.46393526514176686}
{"t": 1783963615.3569157, "x": 0.8662246616263813, "y": -0.039586351893862254, "zone": null, "min_dist": 0.4337753383736187}
{"t": 1783963615.5168018, "x": 0.8837140437589243, "y": -0.04209681007256847, "zone": null, "min_dist": 0.4162859562410758}
{"t": 1783963615.6770976, "x": 0.892296214716215, "y": -0.04376614462683078, "zone": null, "min_dist": 0.40770378528378504}
{"t": 1783963615.8296165, "x": 0.9163402296395181, "y": -0.04974281676440914, "zone": null, "min_dist": 0.38365977036048193}
{"t": 1783963615.9813988, "x": 0.9422108259562094, "y": -0.05661980648808541, "zone": null, "min_dist": 0.3577891740437906}
{"t": 1783963616.1334946, "x": 0.9568967077539026, "y": -0.06066039788125471, "zone": null, "min_dist": 0.3431032922460975}
{"t": 1783963616.2937093, "x": 0.9658372967382072, "y": -0.0632635698528338, "zone": null, "min_dist": 0.33416270326179287}
{"t": 1783963616.4543462, "x": 0.9804686558400257, "y": -0.06761977870111627, "zone": null, "min_dist": 0.3195313441599743}
{"t": 1783963616.6147, "x": 0.9946508978739226, "y": -0.0720479742264415, "zone": null, "min_dist": 0.30534910212607747}
{"t": 1783963616.7677968, "x": 1.0028756894900366, "y": -0.07477926672439386, "zone": null, "min_dist": 0.29712431050996346}
{"t": 1783963616.9192247, "x": 1.0089796086544893, "y": -0.0770507713233412, "zone": null, "min_dist": 0.2910203913455107}
{"t": 1783963617.0794086, "x": 1.022423242419968, "y": -0.08262185129161946, "zone": null, "min_dist": 0.2775767575800321}
{"t": 1783963617.2315788, "x": 1.0318562818101649, "y": -0.08700779159895453, "zone": null, "min_dist": 0.2681437181898352}
{"t": 1783963617.3837519, "x": 1.0359179828241771, "y": -0.08915476188118723, "zone": null, "min_dist": 0.2640820171758229}
{"t": 1783963617.5443115, "x": 1.041881066092378, "y": -0.09283775199617823, "zone": null, "min_dist": 0.258118933907622}
{"t": 1783963617.696454, "x": 1.0523140072260648, "y": -0.09955317121923854, "zone": null, "min_dist": 0.24768599277393522}
{"t": 1783963617.8491435, "x": 1.0579102816039834, "y": -0.1032185939087985, "zone": null, "min_dist": 0.24208971839601667}
{"t": 1783963618.0095158, "x": 1.0702056330104674, "y": -0.11127464198192204, "zone": null, "min_dist": 0.2297943669895326}
{"t": 1783963618.1695735, "x": 1.0904739405609793, "y": -0.12443357983846734, "zone": null, "min_dist": 0.2095260594390207}
{"t": 1783963618.321501, "x": 1.116569441941008, "y": -0.1408782985918219, "zone": null, "min_dist": 0.1834305580589921}
{"t": 1783963618.4741156, "x": 1.1441237327573244, "y": -0.15752496582138734, "zone": null, "min_dist": 0.15587626724267567}
{"t": 1783963618.6345441, "x": 1.1730647690871712, "y": -0.17417061907736558, "zone": null, "min_dist": 0.12693523091282888}
{"t": 1783963618.794554, "x": 1.2032336219124238, "y": -0.19061811753294558, "zone": null, "min_dist": 0.09676637808757627}
{"t": 1783963618.9544551, "x": 1.2328749712095333, "y": -0.20587700996506536, "zone": null, "min_dist": 0.06712502879046678}
{"t": 1783963619.1149805, "x": 1.264070398932664, "y": -0.22016995144902216, "zone": null, "min_dist": 0.035929601067336}
{"t": 1783963619.267345, "x": 1.2939068708298607, "y": -0.2318301729156674, "zone": null, "min_dist": 0.0060931291701393775}
{"t": 1783963619.4274483, "x": 1.3256353709960114, "y": -0.24312209000489388, "zone": "wh_forbidden_zone", "min_dist": 0.0}
{"t": 1783963619.5875957, "x": 1.356910249273906, "y": -0.2534774174387398, "zone": "wh_forbidden_zone", "min_dist": 0.0}
{"t": 1783963619.740294, "x": 1.3875236804290567, "y": -0.26286859316012906, "zone": "wh_forbidden_zone", "min_dist": 0.0}
{"t": 1783963619.8927283, "x": 1.4176085313093478, "y": -0.2713831669674621, "zone": "wh_forbidden_zone", "min_dist": 0.0}
{"t": 1783963620.0528955, "x": 1.449574954561174, "y": -0.2796819174321262, "zone": "wh_forbidden_zone", "min_dist": 0.0}
{"t": 1783963620.312862, "x": 1.4829228184513656, "y": -0.28754235398061057, "zone": "wh_forbidden_zone", "min_dist": 0.0}
{"t": 1783963620.469665, "x": 1.5330391554362695, "y": -0.29815611434032135, "zone": "wh_forbidden_zone", "min_dist": 0.0}
{"t": 1783963620.6295216, "x": 1.556031940142039, "y": -0.30295375296465066, "zone": "wh_forbidden_zone", "min_dist": 0.0}
{"t": 1783963620.790121, "x": 1.588524435376027, "y": -0.30973358499824233, "zone": "wh_forbidden_zone", "min_dist": 0.0}
{"t": 1783963620.9504614, "x": 1.6225913364533164, "y": -0.3168428417005894, "zone": "wh_forbidden_zone", "min_dist": 0.0}
{"t": 1783963621.1106932, "x": 1.6560782963290976, "y": -0.32416489026678885, "zone": "wh_forbidden_zone", "min_dist": 0.0}
{"t": 1783963621.2631235, "x": 1.6880495910073847, "y": -0.3317344838816061, "zone": "wh_forbidden_zone", "min_dist": 0.0}
{"t": 1783963621.4154177, "x": 1.719139479539052, "y": -0.33914652159916603, "zone": "wh_forbidden_zone", "min_dist": 0.0}
{"t": 1783963621.5676188, "x": 1.7516571908746539, "y": -0.3469580822165965, "zone": "wh_forbidden_zone", "min_dist": 0.0}
{"t": 1783963621.7275438, "x": 1.7849167253698661, "y": -0.35512102010588864, "zone": "wh_forbidden_zone", "min_dist": 0.0}
{"t": 1783963621.8875422, "x": 1.8189920859483883, "y": -0.36397789141607795, "zone": "wh_forbidden_zone", "min_dist": 0.0}
{"t": 1783963622.039593, "x": 1.8501667874466023, "y": -0.37254325238886854, "zone": "wh_forbidden_zone", "min_dist": 0.0}
{"t": 1783963622.1920264, "x": 1.8819304779130273, "y": -0.381285717208491, "zone": "wh_forbidden_zone", "min_dist": 0.0}
{"t": 1783963622.3444357, "x": 1.912089795661732, "y": -0.38958660343287416, "zone": "wh_forbidden_zone", "min_dist": 0.0}
{"t": 1783963622.496535, "x": 1.9443002755889458, "y": -0.3984511141018694, "zone": "wh_forbidden_zone", "min_dist": 0.0}
{"t": 1783963622.6490576, "x": 1.9765822219810079, "y": -0.407019382737894, "zone": "wh_forbidden_zone", "min_dist": 0.0}
{"t": 1783963622.801279, "x": 2.0085791469289447, "y": -0.4147898447364481, "zone": "wh_forbidden_zone", "min_dist": 0.0}
{"t": 1783963622.9613538, "x": 2.0420343689886367, "y": -0.42219130641066643, "zone": "wh_forbidden_zone", "min_dist": 0.0}
{"t": 1783963623.1380827, "x": 2.079081799252382, "y": -0.4299294788602875, "zone": "wh_forbidden_zone", "min_dist": 0.0}
{"t": 1783963623.2902443, "x": 2.1103518644588695, "y": -0.43574939012252095, "zone": "wh_forbidden_zone", "min_dist": 0.0}
{"t": 1783963623.4503956, "x": 2.143667042510849, "y": -0.44148772843306455, "zone": "wh_forbidden_zone", "min_dist": 0.0}
{"t": 1783963623.610729, "x": 2.176685642592706, "y": -0.44701603672959966, "zone": "wh_forbidden_zone", "min_dist": 0.0}
{"t": 1783963623.7710783, "x": 2.2065790700090027, "y": -0.4516726061431266, "zone": "wh_forbidden_zone", "min_dist": 0.0}
{"t": 1783963623.9234889, "x": 2.2336551192474383, "y": -0.45559228633133037, "zone": "wh_forbidden_zone", "min_dist": 0.0}
{"t": 1783963624.0753775, "x": 2.251754774706365, "y": -0.4581521982411848, "zone": "wh_forbidden_zone", "min_dist": 0.0}
{"t": 1783963624.2277699, "x": 2.2669821893947146, "y": -0.4599203637023222, "zone": "wh_forbidden_zone", "min_dist": 0.0}
{"t": 1783963624.3798344, "x": 2.2791543995102463, "y": -0.4606713779416451, "zone": "wh_forbidden_zone", "min_dist": 0.0}
{"t": 1783963624.5322394, "x": 2.2896733466797112, "y": -0.4606365014630575, "zone": "wh_forbidden_zone", "min_dist": 0.0}
{"t": 1783963624.684472, "x": 2.2987745044687053, "y": -0.46005106297081333, "zone": "wh_forbidden_zone", "min_dist": 0.0}
{"t": 1783963624.8447428, "x": 2.3033855013482336, "y": -0.4595049043796856, "zone": "wh_forbidden_zone", "min_dist": 0.0}
{"t": 1783963624.996601, "x": 2.3059596833139655, "y": -0.45909871441124156, "zone": "wh_forbidden_zone", "min_dist": 0.0}
{"t": 1783963625.1495595, "x": 2.307519091611662, "y": -0.4588267783778949, "zone": "wh_forbidden_zone", "min_dist": 0.0}
{"t": 1783963625.3095162, "x": 2.3087812578064595, "y": -0.45858019071194206, "zone": "wh_forbidden_zone", "min_dist": 0.0}
{"t": 1783963625.469724, "x": 2.3100043630559517, "y": -0.45830301816964775, "zone": "wh_forbidden_zone", "min_dist": 0.0}
{"t": 1783963625.6302834, "x": 2.311426320270697, "y": -0.4579131972168155, "zone": "wh_forbidden_zone", "min_dist": 0.0}
{"t": 1783963625.7823982, "x": 2.312471822329061, "y": -0.45756782684165864, "zone": "wh_forbidden_zone", "min_dist": 0.0}
{"t": 1783963625.9425256, "x": 2.313538862317439, "y": -0.4571542016347243, "zone": "wh_forbidden_zone", "min_dist": 0.0}
{"t": 1783963626.1029158, "x": 2.313868542283, "y": -0.45701162589210387, "zone": "wh_forbidden_zone", "min_dist": 0.0}
{"t": 1783963626.2557154, "x": 2.31387286341955, "y": -0.45700970159278415, "zone": "wh_forbidden_zone", "min_dist": 0.0}
{"t": 1783963626.4075925, "x": 2.3138792345858423, "y": -0.4570069793673614, "zone": "wh_forbidden_zone", "min_dist": 0.0}
{"t": 1783963626.559431, "x": 2.3138857022383195, "y": -0.4570044086873482, "zone": "wh_forbidden_zone", "min_dist": 0.0}
{"t": 1783963626.7200804, "x": 2.3138926289238957, "y": -0.4570019192211183, "zone": "wh_forbidden_zone", "min_dist": 0.0}
{"t": 1783963626.8721068, "x": 2.3145835971995243, "y": -0.4567923640167566, "zone": "wh_forbidden_zone", "min_dist": 0.0}
{"t": 1783963627.032537, "x": 2.316106690001302, "y": -0.45636347478072786, "zone": "wh_forbidden_zone", "min_dist": 0.0}
{"t": 1783963627.184514, "x": 2.317785784436979, "y": -0.45586039195273864, "zone": "wh_forbidden_zone", "min_dist": 0.0}
{"t": 1783963627.3445404, "x": 2.3195173889328777, "y": -0.4552247740253568, "zone": "wh_forbidden_zone", "min_dist": 0.0}
{"t": 1783963627.504859, "x": 2.3199319696726928, "y": -0.4550437099699239, "zone": "wh_forbidden_zone", "min_dist": 0.0}
{"t": 1783963627.6570308, "x": 2.3206565448513614, "y": -0.45460420910596233, "zone": "wh_forbidden_zone", "min_dist": 0.0}
{"t": 1783963627.8091965, "x": 2.3219028761564733, "y": -0.45381508432301554, "zone": "wh_forbidden_zone", "min_dist": 0.0}
{"t": 1783963627.9695563, "x": 2.321909049543663, "y": -0.4538112576627479, "zone": "wh_forbidden_zone", "min_dist": 0.0}
{"t": 1783963628.1219387, "x": 2.3233445080851576, "y": -0.4530068787293042, "zone": "wh_forbidden_zone", "min_dist": 0.0}
{"t": 1783963628.273496, "x": 2.324906751727144, "y": -0.4521813687027302, "zone": "wh_forbidden_zone", "min_dist": 0.0}
{"t": 1783963628.425903, "x": 2.3264817821606827, "y": -0.4513872166607506, "zone": "wh_forbidden_zone", "min_dist": 0.0}
{"t": 1783963628.578243, "x": 2.328012065104291, "y": -0.45059976960919135, "zone": "wh_forbidden_zone", "min_dist": 0.0}
{"t": 1783963628.7308831, "x": 2.328031249329004, "y": -0.45058965498234366, "zone": "wh_forbidden_zone", "min_dist": 0.0}
{"t": 1783963628.8909237, "x": 2.32802509227698, "y": -0.4505940704552821, "zone": "wh_forbidden_zone", "min_dist": 0.0}
{"t": 1783963629.0432904, "x": 2.328019778229145, "y": -0.4505987689178817, "zone": "wh_forbidden_zone", "min_dist": 0.0}
{"t": 1783963629.195552, "x": 2.32958369211586, "y": -0.4489914808341671, "zone": "wh_forbidden_zone", "min_dist": 0.0}
{"t": 1783963629.3553653, "x": 2.3302970342647855, "y": -0.448236224055973, "zone": "wh_forbidden_zone", "min_dist": 0.0}
{"t": 1783963629.5321038, "x": 2.330301898605491, "y": -0.44823101010707, "zone": "wh_forbidden_zone", "min_dist": 0.0}
{"t": 1783963629.6843097, "x": 2.3303069145175224, "y": -0.4482261530114808, "zone": "wh_forbidden_zone", "min_dist": 0.0}
{"t": 1783963629.8444405, "x": 2.3303128598621683, "y": -0.44822141156992834, "zone": "wh_forbidden_zone", "min_dist": 0.0}
{"t": 1783963630.0051231, "x": 2.3303198515356103, "y": -0.44821726376378157, "zone": "wh_forbidden_zone", "min_dist": 0.0}
{"t": 1783963630.1654327, "x": 2.3303280875050647, "y": -0.4482139025246358, "zone": "wh_forbidden_zone", "min_dist": 0.0}
{"t": 1783963630.317694, "x": 2.331392955079537, "y": -0.4479731432760242, "zone": "wh_forbidden_zone", "min_dist": 0.0}
{"t": 1783963630.4777384, "x": 2.3327507482391283, "y": -0.4477890378243433, "zone": "wh_forbidden_zone", "min_dist": 0.0}
{"t": 1783963630.629792, "x": 2.332854861530269, "y": -0.44778026213283856, "zone": "wh_forbidden_zone", "min_dist": 0.0}
{"t": 1783963630.781938, "x": 2.332920164074037, "y": -0.44777784190200065, "zone": "wh_forbidden_zone", "min_dist": 0.0}
{"t": 1783963630.942307, "x": 2.3347603308493072, "y": -0.4476778609520218, "zone": "wh_forbidden_zone", "min_dist": 0.0}
{"t": 1783963631.0944593, "x": 2.336500269060117, "y": -0.4474849690340838, "zone": "wh_forbidden_zone", "min_dist": 0.0}
{"t": 1783963631.24698, "x": 2.3380399667013085, "y": -0.44722006413330495, "zone": "wh_forbidden_zone", "min_dist": 0.0}
{"t": 1783963631.407034, "x": 2.3380308905394895, "y": -0.4472222586180537, "zone": "wh_forbidden_zone", "min_dist": 0.0}
{"t": 1783963631.5597897, "x": 2.338029969601452, "y": -0.4472225015275403, "zone": "wh_forbidden_zone", "min_dist": 0.0}
{"t": 1783963631.71172, "x": 2.338038539126573, "y": -0.447220354139004, "zone": "wh_forbidden_zone", "min_dist": 0.0}
{"t": 1783963631.8638084, "x": 2.338047422083769, "y": -0.44721869306743556, "zone": "wh_forbidden_zone", "min_dist": 0.0}
{"t": 1783963632.0160763, "x": 2.338056637302288, "y": -0.447217935480852, "zone": "wh_forbidden_zone", "min_dist": 0.0}
{"t": 1783963632.1698227, "x": 2.3380659800661787, "y": -0.4472184276340207, "zone": "wh_forbidden_zone", "min_dist": 0.0}
{"t": 1783963632.3290455, "x": 2.3380756383294727, "y": -0.44722034336548905, "zone": "wh_forbidden_zone", "min_dist": 0.0}
{"t": 1783963632.4894285, "x": 2.3380849152376944, "y": -0.44722364768726175, "zone": "wh_forbidden_zone", "min_dist": 0.0}
{"t": 1783963632.6499014, "x": 2.33809361951802, "y": -0.4472280531390982, "zone": "wh_forbidden_zone", "min_dist": 0.0}
{"t": 1783963632.8098564, "x": 2.338101824609052, "y": -0.4472331503618009, "zone": "wh_forbidden_zone", "min_dist": 0.0}
{"t": 1783963632.9699793, "x": 2.3381096085751945, "y": -0.44723885342131786, "zone": "wh_forbidden_zone", "min_dist": 0.0}
{"t": 1783963633.1223824, "x": 2.3381165946603595, "y": -0.4472447986003352, "zone": "wh_forbidden_zone", "min_dist": 0.0}
{"t": 1783963633.2823422, "x": 2.338468713782474, "y": -0.4475865193104532, "zone": "wh_forbidden_zone", "min_dist": 0.0}
{"t": 1783963633.4426117, "x": 2.3404890958801885, "y": -0.4498072699566259, "zone": "wh_forbidden_zone", "min_dist": 0.0}
{"t": 1783963633.5942712, "x": 2.346303220771657, "y": -0.4569728486899353, "zone": "wh_forbidden_zone", "min_dist": 0.0}
{"t": 1783963633.746487, "x": 2.35102548088245, "y": -0.4637604628245469, "zone": "wh_forbidden_zone", "min_dist": 0.0}
{"t": 1783963633.8991287, "x": 2.3550607538577215, "y": -0.4704535359545476, "zone": "wh_forbidden_zone", "min_dist": 0.0}
{"t": 1783963634.0593076, "x": 2.3576077142227274, "y": -0.47527706853865986, "zone": "wh_forbidden_zone", "min_dist": 0.0}
{"t": 1783963634.2114203, "x": 2.359619909016438, "y": -0.47955864041993873, "zone": "wh_forbidden_zone", "min_dist": 0.0}
{"t": 1783963634.3714507, "x": 2.3620431041449703, "y": -0.4853464059471755, "zone": "wh_forbidden_zone", "min_dist": 0.0}
{"t": 1783963634.531723, "x": 2.364011004880087, "y": -0.4907064189141994, "zone": "wh_forbidden_zone", "min_dist": 0.0}
{"t": 1783963634.6915605, "x": 2.3655972788969075, "y": -0.4956806027742879, "zone": "wh_forbidden_zone", "min_dist": 0.0}
{"t": 1783963634.8443706, "x": 2.3668128060102407, "y": -0.5000745344045218, "zone": "wh_forbidden_zone", "min_dist": 0.0}
{"t": 1783963634.9964404, "x": 2.367903946134122, "y": -0.5046630869652322, "zone": "wh_forbidden_zone", "min_dist": 0.0}
{"t": 1783963635.1567173, "x": 2.3692994277999033, "y": -0.5117150935470747, "zone": "wh_forbidden_zone", "min_dist": 0.0}
{"t": 1783963635.3335488, "x": 2.370605539268003, "y": -0.5200207083196731, "zone": "wh_forbidden_zone", "min_dist": 0.0}
{"t": 1783963635.4938726, "x": 2.3718413817523545, "y": -0.5309155929080286, "zone": "wh_forbidden_zone", "min_dist": 0.0}
{"t": 1783963635.6541703, "x": 2.3727040738274163, "y": -0.5425844470276093, "zone": "wh_forbidden_zone", "min_dist": 0.0}
{"t": 1783963635.814529, "x": 2.372886725287098, "y": -0.547690961407689, "zone": "wh_forbidden_zone", "min_dist": 0.0}
{"t": 1783963635.9668415, "x": 2.372790841135912, "y": -0.5523313656920245, "zone": "wh_forbidden_zone", "min_dist": 0.0}
{"t": 1783963636.1190894, "x": 2.372768057582458, "y": -0.5528530550965159, "zone": "wh_forbidden_zone", "min_dist": 0.0}
{"t": 1783963636.2795134, "x": 2.37266100850687, "y": -0.5543891211263636, "zone": "wh_forbidden_zone", "min_dist": 0.0}
{"t": 1783963636.4400308, "x": 2.372431081394647, "y": -0.5580236440031345, "zone": "wh_forbidden_zone", "min_dist": 0.0}
{"t": 1783963636.591712, "x": 2.37173846228077, "y": -0.5716588205293824, "zone": "wh_forbidden_zone", "min_dist": 0.0}
{"t": 1783963636.751754, "x": 2.3714245831102665, "y": -0.5785436041090534, "zone": "wh_forbidden_zone", "min_dist": 0.0}
{"t": 1783963636.9120235, "x": 2.3714159589595067, "y": -0.5787145091871444, "zone": "wh_forbidden_zone", "min_dist": 0.0}
{"t": 1783963637.0646174, "x": 2.3714152484993716, "y": -0.5787233262827461, "zone": "wh_forbidden_zone", "min_dist": 0.0}
{"t": 1783963637.21721, "x": 2.3714145229216097, "y": -0.5787306117176053, "zone": "wh_forbidden_zone", "min_dist": 0.0}
{"t": 1783963637.377564, "x": 2.3712234495455577, "y": -0.5805123192676663, "zone": "wh_forbidden_zone", "min_dist": 0.0}
{"t": 1783963637.5294514, "x": 2.370418749131489, "y": -0.5874518698739504, "zone": "wh_forbidden_zone", "min_dist": 0.0}
{"t": 1783963637.6817427, "x": 2.369480996304775, "y": -0.5940328089290937, "zone": "wh_forbidden_zone", "min_dist": 0.0}
{"t": 1783963637.8340764, "x": 2.3683939358456363, "y": -0.5999310444317174, "zone": "wh_forbidden_zone", "min_dist": 0.0}
{"t": 1783963637.9866252, "x": 2.3668970753476595, "y": -0.6059986192067537, "zone": "wh_forbidden_zone", "min_dist": 0.0}
{"t": 1783963638.1389744, "x": 2.364213945702751, "y": -0.6145550537155743, "zone": "wh_forbidden_zone", "min_dist": 0.0}
{"t": 1783963638.2909434, "x": 2.357389265365473, "y": -0.6326102614912613, "zone": "wh_forbidden_zone", "min_dist": 0.0}
{"t": 1783963638.4431918, "x": 2.345429716261777, "y": -0.6611404985414209, "zone": "wh_forbidden_zone", "min_dist": 0.0}
{"t": 1783963638.5954447, "x": 2.3334483665605914, "y": -0.6884647483328574, "zone": "wh_forbidden_zone", "min_dist": 0.0}
{"t": 1783963638.755351, "x": 2.3207436235047836, "y": -0.7179389203780888, "zone": null, "min_dist": 0.017938920378088863}
{"t": 1783963638.9158087, "x": 2.3083625517725586, "y": -0.7471321425016282, "zone": null, "min_dist": 0.04713214250162823}
{"t": 1783963639.075749, "x": 2.2979699190044935, "y": -0.7716367368407543, "zone": null, "min_dist": 0.07163673684075433}
{"t": 1783963639.2359793, "x": 2.286784233875518, "y": -0.7982149336923735, "zone": null, "min_dist": 0.09821493369237355}
{"t": 1783963639.3883991, "x": 2.2761025487603233, "y": -0.8242977730789788, "zone": null, "min_dist": 0.12429777307897882}
{"t": 1783963639.54877, "x": 2.2676747655007956, "y": -0.8455794122048199, "zone": null, "min_dist": 0.14557941220481996}
{"t": 1783963639.7010975, "x": 2.2613113393292186, "y": -0.8622553174528739, "zone": null, "min_dist": 0.16225531745287392}
{"t": 1783963639.8775992, "x": 2.254529836289007, "y": -0.8811159354969411, "zone": null, "min_dist": 0.18111593549694116}
{"t": 1783963640.037539, "x": 2.248785106503312, "y": -0.8980321945497226, "zone": null, "min_dist": 0.19803219454972265}
{"t": 1783963640.197757, "x": 2.2441253740934908, "y": -0.912261772965266, "zone": null, "min_dist": 0.21226177296526605}
{"t": 1783963640.3578696, "x": 2.2426111208598782, "y": -0.9168881136844272, "zone": null, "min_dist": 0.21688811368442729}
{"t": 1783963640.510522, "x": 2.241637798328934, "y": -0.9198034772345859, "zone": null, "min_dist": 0.21980347723458593}
{"t": 1783963640.6704118, "x": 2.235815736027733, "y": -0.9380881715136656, "zone": null, "min_dist": 0.23808817151366568}
{"t": 1783963640.8309977, "x": 2.226758176695965, "y": -0.9718890951199888, "zone": null, "min_dist": 0.2718890951199888}
{"t": 1783963640.9834418, "x": 2.220195206755663, "y": -1.0046654217136877, "zone": null, "min_dist": 0.3046654217136877}
{"t": 1783963641.1354473, "x": 2.2162305821998975, "y": -1.0323625710463968, "zone": null, "min_dist": 0.3323625710463969}
{"t": 1783963641.2872999, "x": 2.2138984704445783, "y": -1.0531526614275457, "zone": null, "min_dist": 0.35315266142754576}
{"t": 1783963641.4481459, "x": 2.212144143925736, "y": -1.0725491153613786, "zone": null, "min_dist": 0.3725491153613787}
{"t": 1783963641.6082134, "x": 2.2113707941957985, "y": -1.0817084791128881, "zone": null, "min_dist": 0.3817084791128882}
{"t": 1783963641.768462, "x": 2.2113351619734978, "y": -1.082057836485158, "zone": null, "min_dist": 0.3820578364851581}
{"t": 1783963641.928775, "x": 2.2113359479826307, "y": -1.0820497932340287, "zone": null, "min_dist": 0.38204979323402877}
{"t": 1783963642.081312, "x": 2.2113365170126076, "y": -1.0820422695832737, "zone": null, "min_dist": 0.3820422695832737}
{"t": 1783963642.2337525, "x": 2.211336919369371, "y": -1.0820348394939645, "zone": null, "min_dist": 0.38203483949396455}
{"t": 1783963642.385703, "x": 2.211337160278587, "y": -1.082027477516367, "zone": null, "min_dist": 0.382027477516367}
{"t": 1783963642.5379274, "x": 2.211337234034333, "y": -1.0820226115945981, "zone": null, "min_dist": 0.38202261159459816}
{"t": 1783963642.6902564, "x": 2.211337104955956, "y": -1.0820299295005735, "zone": null, "min_dist": 0.3820299295005736}
{"t": 1783963642.8509111, "x": 2.2113336098818257, "y": -1.0821015002266434, "zone": null, "min_dist": 0.38210150022664346}
{"t": 1783963643.0107322, "x": 2.211125019187273, "y": -1.0855336780828126, "zone": null, "min_dist": 0.3855336780828127}
{"t": 1783963643.1711473, "x": 2.211124305143736, "y": -1.085541707136438, "zone": null, "min_dist": 0.385541707136438}
{"t": 1783963643.323582, "x": 2.2111234426499835, "y": -1.085549470426721, "zone": null, "min_dist": 0.38554947042672105}
{"t": 1783963643.4838223, "x": 2.2111223319125686, "y": -1.0855577981521178, "zone": null, "min_dist": 0.3855577981521179}
{"t": 1783963643.6359627, "x": 2.2109652702685603, "y": -1.086512495757791, "zone": null, "min_dist": 0.386512495757791}
{"t": 1783963643.7961993, "x": 2.2091227003866605, "y": -1.0967331719138507, "zone": null, "min_dist": 0.3967331719138507}
{"t": 1783963643.9567285, "x": 2.2038504417655833, "y": -1.1237958411740705, "zone": null, "min_dist": 0.42379584117407054}
{"t": 1783963644.116807, "x": 2.1973570020636237, "y": -1.1555103042816317, "zone": null, "min_dist": 0.45551030428163175}
{"t": 1783963644.2763681, "x": 2.1913098878645667, "y": -1.1820751242184209, "zone": null, "min_dist": 0.4820751242184209}
{"t": 1783963644.4284177, "x": 2.184962555026905, "y": -1.210408731095241, "zone": null, "min_dist": 0.510408731095241}
{"t": 1783963644.5810795, "x": 2.178693261399595, "y": -1.2410952176666128, "zone": null, "min_dist": 0.5410952176666128}
{"t": 1783963644.7412257, "x": 2.174010248829884, "y": -1.2669073081417455, "zone": null, "min_dist": 0.5669073081417455}
{"t": 1783963644.893512, "x": 2.170774842303771, "y": -1.2870281327644266, "zone": null, "min_dist": 0.5870281327644267}
{"t": 1783963645.054087, "x": 2.168926581407281, "y": -1.2992551442896627, "zone": null, "min_dist": 0.5992551442896628}
{"t": 1783963645.2137425, "x": 2.166025935986705, "y": -1.3260726863243644, "zone": null, "min_dist": 0.6260726863243644}
{"t": 1783963645.3737543, "x": 2.1646540195107584, "y": -1.357579139261454, "zone": null, "min_dist": 0.6575791392614541}
{"t": 1783963645.5262194, "x": 2.1652527391879963, "y": -1.387480788076012, "zone": null, "min_dist": 0.6874807880760121}
{"t": 1783963645.678595, "x": 2.167235747515891, "y": -1.4068846761215505, "zone": null, "min_dist": 0.7068846761215506}
{"t": 1783963645.8390746, "x": 2.169421638558558, "y": -1.416671998157487, "zone": null, "min_dist": 0.716671998157487}
{"t": 1783963645.9913032, "x": 2.177730450281265, "y": -1.4377842371321383, "zone": null, "min_dist": 0.7377842371321384}
{"t": 1783963646.1436234, "x": 2.193411600917495, "y": -1.4660146742488114, "zone": null, "min_dist": 0.7660146742488114}
{"t": 1783963646.2958705, "x": 2.2115376142890737, "y": -1.4915310495677492, "zone": null, "min_dist": 0.7915310495677492}
{"t": 1783963646.4478624, "x": 2.2320362176708493, "y": -1.5165378457698635, "zone": null, "min_dist": 0.8165378457698635}
{"t": 1783963646.608142, "x": 2.254742032193427, "y": -1.54248516398815, "zone": null, "min_dist": 0.8424851639881501}
{"t": 1783963646.7604082, "x": 2.2757621284143164, "y": -1.5646283507475276, "zone": null, "min_dist": 0.8646283507475276}
{"t": 1783963646.9128234, "x": 2.3002171372495597, "y": -1.5873803630625067, "zone": null, "min_dist": 0.8873803630625068}
{"t": 1783963647.065092, "x": 2.325923986897541, "y": -1.6084508174469692, "zone": null, "min_dist": 0.9084508174469692}
{"t": 1783963647.2172823, "x": 2.3522447130294464, "y": -1.627393109161601, "zone": null, "min_dist": 0.927393109161601}
{"t": 1783963647.3696008, "x": 2.38031795436578, "y": -1.6455421587742625, "zone": null, "min_dist": 0.9455421587742625}
{"t": 1783963647.521623, "x": 2.4092753941787493, "y": -1.662245989189255, "zone": null, "min_dist": 0.962245989189255}
{"t": 1783963647.6734722, "x": 2.4391758692529475, "y": -1.6771824831981124, "zone": null, "min_dist": 0.9771824831981124}
{"t": 1783963647.833793, "x": 2.472071487472488, "y": -1.6896287163978092, "zone": null, "min_dist": 0.9896287163978092}
{"t": 1783963647.9861019, "x": 2.504070389027147, "y": -1.6978732011651594, "zone": null, "min_dist": 0.9978732011651594}
{"t": 1783963648.1388996, "x": 2.5364921476698954, "y": -1.7024959212001147, "zone": null, "min_dist": 1.0024959212001148}
{"t": 1783963648.2910511, "x": 2.5683210138591837, "y": -1.703339225030622, "zone": null, "min_dist": 1.0033392250306221}
{"t": 1783963648.442956, "x": 2.6015984011424673, "y": -1.701118645946104, "zone": null, "min_dist": 1.0011186459461041}
{"t": 1783963648.5953593, "x": 2.6336259403961724, "y": -1.6960963908176492, "zone": null, "min_dist": 0.9960963908176492}
{"t": 1783963648.7475522, "x": 2.6655601039391383, "y": -1.6885953000467238, "zone": null, "min_dist": 0.9885953000467238}
{"t": 1783963648.900057, "x": 2.694878434173097, "y": -1.6785460261228393, "zone": null, "min_dist": 0.9785460261228394}
{"t": 1783963649.060697, "x": 2.7255030669685514, "y": -1.66429248321843, "zone": null, "min_dist": 0.9642924832184301}
{"t": 1783963649.2203188, "x": 2.7547054528058657, "y": -1.6464844130044576, "zone": null, "min_dist": 0.9464844130044576}
{"t": 1783963649.3804946, "x": 2.7826697941249443, "y": -1.6251405486785153, "zone": null, "min_dist": 0.9251405486785154}
{"t": 1783963649.5567017, "x": 2.810836275172, "y": -1.5987526640270868, "zone": null, "min_dist": 0.8987526640270869}
{"t": 1783963649.708999, "x": 2.8325117583861754, "y": -1.5747105366244272, "zone": null, "min_dist": 0.8747105366244272}
{"t": 1783963649.8692503, "x": 2.8543456804206992, "y": -1.5471185194082036, "zone": null, "min_dist": 0.8471185194082036}
{"t": 1783963650.029797, "x": 2.8742545739742043, "y": -1.5184476725596932, "zone": null, "min_dist": 0.8184476725596932}
{"t": 1783963650.1818757, "x": 2.891260438885575, "y": -1.490545712891472, "zone": null, "min_dist": 0.7905457128914721}
{"t": 1783963650.3582385, "x": 2.909305839959491, "y": -1.4570427228798026, "zone": null, "min_dist": 0.7570427228798027}
{"t": 1783963650.510784, "x": 2.9231963354132096, "y": -1.4286177348305238, "zone": null, "min_dist": 0.7286177348305238}
{"t": 1783963650.6706922, "x": 2.937368126872551, "y": -1.3979337240297292, "zone": null, "min_dist": 0.6979337240297292}
{"t": 1783963650.8230293, "x": 2.9506385312379555, "y": -1.3681825795937756, "zone": null, "min_dist": 0.6681825795937757}
{"t": 1783963650.9833543, "x": 2.9644382059379244, "y": -1.3372222429674452, "zone": null, "min_dist": 0.6372222429674452}
{"t": 1783963651.143538, "x": 2.9780924471588692, "y": -1.30658819503479, "zone": null, "min_dist": 0.60658819503479}
{"t": 1783963651.2961981, "x": 2.9912784176503906, "y": -1.2770047383704841, "zone": null, "min_dist": 0.5770047383704842}
{"t": 1783963651.4481626, "x": 3.0048792199455785, "y": -1.246490583178348, "zone": null, "min_dist": 0.5465123642607623}
{"t": 1783963651.6005318, "x": 3.017789548141435, "y": -1.2175255456543264, "zone": null, "min_dist": 0.5178312065025482}
{"t": 1783963651.7605572, "x": 3.031654324329273, "y": -1.1864191508563267, "zone": null, "min_dist": 0.48744803473655807}
{"t": 1783963651.920942, "x": 3.045907889079648, "y": -1.154440486931807, "zone": null, "min_dist": 0.45675342411695957}
{"t": 1783963652.0731647, "x": 3.058944367087453, "y": -1.1251924252406227, "zone": null, "min_dist": 0.42925870625223544}
{"t": 1783963652.33061, "x": 3.0808924155810553, "y": -1.0759507606649645, "zone": null, "min_dist": 0.38455501211543663}
{"t": 1783963652.4899278, "x": 3.0950328461003047, "y": -1.0442259197798336, "zone": null, "min_dist": 0.3571032423350377}
{"t": 1783963652.6503782, "x": 3.1090875323232803, "y": -1.012693451138139, "zone": null, "min_dist": 0.3311756091457558}
{"t": 1783963652.8025525, "x": 3.1221947932782164, "y": -0.9830586410140599, "zone": null, "min_dist": 0.30830790089946203}
{"t": 1783963652.9624422, "x": 3.135815996287725, "y": -0.9506105376702124, "zone": null, "min_dist": 0.2850467092232083}
{"t": 1783963653.114924, "x": 3.147807954904051, "y": -0.9202022526445308, "zone": null, "min_dist": 0.26520977282642477}
{"t": 1783963653.275224, "x": 3.1594628832356264, "y": -0.8886129121600174, "zone": null, "min_dist": 0.24698834337535336}
{"t": 1783963653.435524, "x": 3.1702711149438847, "y": -0.8571795831579977, "zone": null, "min_dist": 0.23172758563873125}
{"t": 1783963653.5954201, "x": 3.1806875995356743, "y": -0.8244755502170306, "zone": null, "min_dist": 0.21941324305473608}
{"t": 1783963653.747634, "x": 3.1899587158895955, "y": -0.7929738392433743, "zone": null, "min_dist": 0.2114910128730695}
{"t": 1783963653.9003775, "x": 3.198136537791858, "y": -0.7627963176383393, "zone": null, "min_dist": 0.20784962140230037}
{"t": 1783963654.0524752, "x": 3.2049373619615524, "y": -0.7340105550903928, "zone": null, "min_dist": 0.20774031911335122}
{"t": 1783963654.2127044, "x": 3.2116977929778634, "y": -0.7013964243982124, "zone": null, "min_dist": 0.21170239855230322}
{"t": 1783963654.372854, "x": 3.2163940955012134, "y": -0.6746145650697467, "zone": null, "min_dist": 0.21639409550121336}
{"t": 1783963654.5248113, "x": 3.2180102202908265, "y": -0.660732742045161, "zone": null, "min_dist": 0.2180102202908265}
{"t": 1783963654.67738, "x": 3.218213637452346, "y": -0.6571940699332581, "zone": null, "min_dist": 0.218213637452346}
{"t": 1783963654.8376102, "x": 3.218176050687095, "y": -0.6537947393206197, "zone": null, "min_dist": 0.2181760506870951}
{"t": 1783963654.989945, "x": 3.218176688806716, "y": -0.6538017907457631, "zone": null, "min_dist": 0.2181766888067158}
{"t": 1783963655.1426098, "x": 3.217906331186589, "y": -0.6516346371111038, "zone": null, "min_dist": 0.21790633118658898}
{"t": 1783963655.3024924, "x": 3.2170902124769514, "y": -0.6463394798340821, "zone": null, "min_dist": 0.21709021247695137}
{"t": 1783963655.462587, "x": 3.215871008425796, "y": -0.6409266825183668, "zone": null, "min_dist": 0.21587100842579598}
{"t": 1783963655.6230567, "x": 3.2143876436769068, "y": -0.6364549367706338, "zone": null, "min_dist": 0.21438764367690677}
{"t": 1783963655.7758172, "x": 3.212840567106598, "y": -0.6329251680934753, "zone": null, "min_dist": 0.21284056710659804}
{"t": 1783963655.935924, "x": 3.205493832283698, "y": -0.6190978361999029, "zone": null, "min_dist": 0.2054938322836981}
{"t": 1783963656.0957541, "x": 3.189458945007762, "y": -0.5911135153049737, "zone": null, "min_dist": 0.18945894500776195}
{"t": 1783963656.248234, "x": 3.173623192449993, "y": -0.5629260319525233, "zone": null, "min_dist": 0.1736231924499929}
{"t": 1783963656.4083953, "x": 3.158268901958688, "y": -0.5320000263573507, "zone": null, "min_dist": 0.1582689019586878}
{"t": 1783963656.5687888, "x": 3.1473905086561964, "y": -0.5067081902513968, "zone": null, "min_dist": 0.1473905086561964}
{"t": 1783963656.7207627, "x": 3.140147145810306, "y": -0.48884918342407485, "zone": null, "min_dist": 0.14014714581030585}
{"t": 1783963656.8729448, "x": 3.129200726651699, "y": -0.45996839266250733, "zone": null, "min_dist": 0.1292007266516988}
{"t": 1783963657.025358, "x": 3.1198736201526533, "y": -0.4302202704162416, "zone": null, "min_dist": 0.11987362015265335}
{"t": 1783963657.1775308, "x": 3.112101486709203, "y": -0.39877431621878445, "zone": null, "min_dist": 0.11210148670920317}
{"t": 1783963657.3375452, "x": 3.1059860856263515, "y": -0.3647038744504517, "zone": null, "min_dist": 0.10598608562635148}
{"t": 1783963657.4894063, "x": 3.1022194774517877, "y": -0.3320552025714658, "zone": null, "min_dist": 0.10221947745178772}
{"t": 1783963657.641785, "x": 3.0998994012038654, "y": -0.3021332827787346, "zone": null, "min_dist": 0.09989940120386542}
{"t": 1783963657.818437, "x": 3.0983862966441347, "y": -0.2798598879023081, "zone": null, "min_dist": 0.09838629664413467}
{"t": 1783963657.9785554, "x": 3.0978628496805345, "y": -0.27295649737862343, "zone": null, "min_dist": 0.09786284968053449}
{"t": 1783963658.130745, "x": 3.0976312115673568, "y": -0.27121983399641425, "zone": null, "min_dist": 0.09763121156735677}
{"t": 1783963658.2911637, "x": 3.096168188404405, "y": -0.2655135903365797, "zone": null, "min_dist": 0.096168188404405}
{"t": 1783963658.4514189, "x": 3.0888307504550734, "y": -0.24356999471010427, "zone": null, "min_dist": 0.08883075045507338}
{"t": 1783963658.6033459, "x": 3.0801773693244274, "y": -0.22098780515577224, "zone": null, "min_dist": 0.08017736932442743}
{"t": 1783963658.7556086, "x": 3.0707638900149186, "y": -0.19624700969185158, "zone": null, "min_dist": 0.07076389001491856}
{"t": 1783963658.9163198, "x": 3.0639338664243008, "y": -0.1752940330112166, "zone": null, "min_dist": 0.06393386642430077}
{"t": 1783963659.068512, "x": 3.0558446254552423, "y": -0.14397234186048274, "zone": null, "min_dist": 0.05584462545524227}
{"t": 1783963659.220902, "x": 3.049546665541266, "y": -0.11131966355233398, "zone": null, "min_dist": 0.049546665541265966}
{"t": 1783963659.372916, "x": 3.0454183770241796, "y": -0.07900167283919948, "zone": null, "min_dist": 0.04541837702417961}
{"t": 1783963659.5253828, "x": 3.0432713145684263, "y": -0.045909262736409356, "zone": null, "min_dist": 0.043271314568426256}
{"t": 1783963659.677835, "x": 3.043230934500326, "y": -0.013328643738710854, "zone": null, "min_dist": 0.04323093450032589}
{"t": 1783963659.837824, "x": 3.045376660380024, "y": 0.02083195513566259, "zone": null, "min_dist": 0.04537666038002408}
{"t": 1783963659.9976482, "x": 3.049592254475898, "y": 0.054980139404346234, "zone": null, "min_dist": 0.04959225447589821}
{"t": 1783963660.1743808, "x": 3.055132109631682, "y": 0.09163038744757168, "zone": null, "min_dist": 0.055132109631681914}
{"t": 1783963660.326507, "x": 3.060110422341499, "y": 0.12385105641066743, "zone": null, "min_dist": 0.06011042234149899}
{"t": 1783963660.4792066, "x": 3.064636918808172, "y": 0.15341670071238522, "zone": null, "min_dist": 0.0646369188081719}
{"t": 1783963660.6394234, "x": 3.0687110932280217, "y": 0.18354183421238063, "zone": null, "min_dist": 0.06871109322802171}
{"t": 1783963660.7994153, "x": 3.0721099970040107, "y": 0.21369015824262608, "zone": null, "min_dist": 0.07210999700401066}
{"t": 1783963660.9595695, "x": 3.074757889541592, "y": 0.24337206730649044, "zone": null, "min_dist": 0.0747578895415919}
{"t": 1783963661.112089, "x": 3.076915914988069, "y": 0.27533514312996854, "zone": null, "min_dist": 0.07691591498806893}
{"t": 1783963661.2643805, "x": 3.078388318830771, "y": 0.30758705984065376, "zone": null, "min_dist": 0.07838831883077102}
{"t": 1783963661.4247193, "x": 3.079471065356849, "y": 0.34008501348606196, "zone": null, "min_dist": 0.07947106535684911}
{"t": 1783963661.5770798, "x": 3.080547847019803, "y": 0.3726702193013076, "zone": null, "min_dist": 0.08054784701980289}
{"t": 1783963661.7294867, "x": 3.0815959257490486, "y": 0.40438681899293066, "zone": null, "min_dist": 0.08159592574904861}
{"t": 1783963661.8896902, "x": 3.0824647572082524, "y": 0.4329494810623268, "zone": null, "min_dist": 0.08246475720825241}
{"t": 1783963662.049903, "x": 3.0834054844216015, "y": 0.4663121778925264, "zone": null, "min_dist": 0.08340548442160145}
{"t": 1783963662.210055, "x": 3.0839941415293315, "y": 0.5008964440696609, "zone": null, "min_dist": 0.08399414152933149}
{"t": 1783963662.3703961, "x": 3.0844431120540103, "y": 0.5338635825031158, "zone": null, "min_dist": 0.08444311205401034}
{"t": 1783963662.5306525, "x": 3.0849073551700914, "y": 0.5679521657418621, "zone": null, "min_dist": 0.0849073551700914}
{"t": 1783963662.6908126, "x": 3.0853949036205885, "y": 0.5997213328590983, "zone": null, "min_dist": 0.08539490362058855}
{"t": 1783963662.8510027, "x": 3.086349963716587, "y": 0.6288967833429643, "zone": null, "min_dist": 0.08634996371658721}
{"t": 1783963663.0277612, "x": 3.0874169769131234, "y": 0.6585602440371846, "zone": null, "min_dist": 0.08741697691312345}
{"t": 1783963663.1876996, "x": 3.088293883396669, "y": 0.6908383237701232, "zone": null, "min_dist": 0.08829388339666888}
{"t": 1783963663.347581, "x": 3.0893184926958024, "y": 0.7162555992379552, "zone": null, "min_dist": 0.09078566871502966}
{"t": 1783963663.5074768, "x": 3.0903280698110573, "y": 0.738930815310162, "zone": null, "min_dist": 0.09836040146575856}
{"t": 1783963663.6675353, "x": 3.092416908997438, "y": 0.7726265071594376, "zone": null, "min_dist": 0.11753933218638156}
{"t": 1783963663.8200858, "x": 3.0939348445610166, "y": 0.7944621558146007, "zone": null, "min_dist": 0.13321731833303155}
{"t": 1783963663.9723864, "x": 3.09461619063082, "y": 0.8047741724306496, "zone": null, "min_dist": 0.14117312328490558}
{"t": 1783963664.1324322, "x": 3.0946743361828513, "y": 0.8056683937873385, "zone": null, "min_dist": 0.14187684581093413}
{"t": 1783963664.2852392, "x": 3.0946743361828513, "y": 0.8056683937873385, "zone": null, "min_dist": 0.14187684581093413}
{"t": 1783963664.437305, "x": 3.0946743361828513, "y": 0.8056683937873385, "zone": null, "min_dist": 0.14187684581093413}
{"t": 1783963664.5975623, "x": 3.0946743361828513, "y": 0.8056683937873385, "zone": null, "min_dist": 0.14187684581093413}
{"t": 1783963664.757644, "x": 3.0946743361828513, "y": 0.8056683937873385, "zone": null, "min_dist": 0.14187684581093413}
{"t": 1783963664.9180663, "x": 3.0946743361828513, "y": 0.8056683937873385, "zone": null, "min_dist": 0.14187684581093413}
{"t": 1783963665.070094, "x": 3.0946743361828513, "y": 0.8056683937873385, "zone": null, "min_dist": 0.14187684581093413}
{"t": 1783963665.330747, "x": 3.0946743361828513, "y": 0.8056683937873385, "zone": null, "min_dist": 0.14187684581093413}
{"t": 1783963665.487516, "x": 3.0946742338682105, "y": 0.805666779682484, "zone": null, "min_dist": 0.14187557537151785}
{"t": 1783963665.6635783, "x": 3.094673943665807, "y": 0.8056614686799899, "zone": null, "min_dist": 0.1418714262029141}
{"t": 1783963665.8155582, "x": 3.094673943665807, "y": 0.8056614686799899, "zone": null, "min_dist": 0.1418714262029141}
{"t": 1783963665.9673057, "x": 3.094673943665807, "y": 0.8056614686799899, "zone": null, "min_dist": 0.1418714262029141}
{"t": 1783963666.1196072, "x": 3.094673943665807, "y": 0.8056614686799899, "zone": null, "min_dist": 0.1418714262029141}
{"t": 1783963666.2719643, "x": 3.094673943665807, "y": 0.8056614686799899, "zone": null, "min_dist": 0.1418714262029141}
{"t": 1783963666.42397, "x": 3.094673943665807, "y": 0.8056614686799899, "zone": null, "min_dist": 0.1418714262029141}
{"t": 1783963666.5764542, "x": 3.094673943665807, "y": 0.8056614686799899, "zone": null, "min_dist": 0.1418714262029141}
{"t": 1783963666.729144, "x": 3.094673943665807, "y": 0.8056614686799899, "zone": null, "min_dist": 0.1418714262029141}
{"t": 1783963666.881402, "x": 3.094673943665807, "y": 0.8056614686799899, "zone": null, "min_dist": 0.1418714262029141}
{"t": 1783963667.0336425, "x": 3.094673943665807, "y": 0.8056614686799899, "zone": null, "min_dist": 0.1418714262029141}
{"t": 1783963667.1858563, "x": 3.094673943665807, "y": 0.8056614686799899, "zone": null, "min_dist": 0.1418714262029141}
{"t": 1783963667.337993, "x": 3.094673943665807, "y": 0.8056614686799899, "zone": null, "min_dist": 0.1418714262029141}
{"t": 1783963667.4908586, "x": 3.094673943665807, "y": 0.8056614686799899, "zone": null, "min_dist": 0.1418714262029141}
{"t": 1783963667.6504598, "x": 3.094673943665807, "y": 0.8056614686799899, "zone": null, "min_dist": 0.1418714262029141}
{"t": 1783963667.802467, "x": 3.094673943665807, "y": 0.8056614686799899, "zone": null, "min_dist": 0.1418714262029141}
{"t": 1783963667.9627573, "x": 3.094673943665807, "y": 0.8056614686799899, "zone": null, "min_dist": 0.1418714262029141}
{"t": 1783963668.1150138, "x": 3.094673943665807, "y": 0.8056614686799899, "zone": null, "min_dist": 0.1418714262029141}
{"t": 1783963668.2753177, "x": 3.094673943665807, "y": 0.8056614686799899, "zone": null, "min_dist": 0.1418714262029141}
{"t": 1783963668.42743, "x": 3.094673943665807, "y": 0.8056614686799899, "zone": null, "min_dist": 0.1418714262029141}
{"t": 1783963668.5875685, "x": 3.094673943665807, "y": 0.8056614686799899, "zone": null, "min_dist": 0.1418714262029141}
{"t": 1783963668.740163, "x": 3.094673943665807, "y": 0.8056614686799899, "zone": null, "min_dist": 0.1418714262029141}
{"t": 1783963668.892783, "x": 3.094673943665807, "y": 0.8056614686799899, "zone": null, "min_dist": 0.1418714262029141}
{"t": 1783963669.0524452, "x": 3.094673943665807, "y": 0.8056614686799899, "zone": null, "min_dist": 0.1418714262029141}
{"t": 1783963669.2130642, "x": 3.094673943665807, "y": 0.8056614686799899, "zone": null, "min_dist": 0.1418714262029141}
{"t": 1783963669.373601, "x": 3.094673943665807, "y": 0.8056614686799899, "zone": null, "min_dist": 0.1418714262029141}
{"t": 1783963669.5334902, "x": 3.094673943665807, "y": 0.8056614686799899, "zone": null, "min_dist": 0.1418714262029141}
{"t": 1783963669.6938143, "x": 3.094673943665807, "y": 0.8056614686799899, "zone": null, "min_dist": 0.1418714262029141}
{"t": 1783963669.8533008, "x": 3.094673943665807, "y": 0.8056614686799899, "zone": null, "min_dist": 0.1418714262029141}
{"t": 1783963670.0142202, "x": 3.094673943665807, "y": 0.8056614686799899, "zone": null, "min_dist": 0.1418714262029141}
{"t": 1783963670.1742795, "x": 3.094673943665807, "y": 0.8056614686799899, "zone": null, "min_dist": 0.1418714262029141}
{"t": 1783963670.334521, "x": 3.094673943665807, "y": 0.8056614686799899, "zone": null, "min_dist": 0.1418714262029141}
{"t": 1783963670.4863591, "x": 3.094673943665807, "y": 0.8056614686799899, "zone": null, "min_dist": 0.1418714262029141}
{"t": 1783963670.6384254, "x": 3.094673943665807, "y": 0.8056614686799899, "zone": null, "min_dist": 0.1418714262029141}
{"t": 1783963670.791104, "x": 3.094799772995519, "y": 0.8085178691155139, "zone": null, "min_dist": 0.14409415282159688}
{"t": 1783963670.9514532, "x": 3.0948924000102505, "y": 0.8135712923312856, "zone": null, "min_dist": 0.14799664192644274}
{"t": 1783963671.103622, "x": 3.094601748238812, "y": 0.819680914973668, "zone": null, "min_dist": 0.15255494806388276}
{"t": 1783963671.256167, "x": 3.094299540980826, "y": 0.8220101560989694, "zone": null, "min_dist": 0.15420402595421867}
{"t": 1783963671.4163888, "x": 3.0910696863385994, "y": 0.8376218805146207, "zone": null, "min_dist": 0.1650256639622802}
{"t": 1783963671.5685697, "x": 3.084302406817996, "y": 0.8682125455359203, "zone": null, "min_dist": 0.18815513883755858}
{"t": 1783963671.721287, "x": 3.077920630073376, "y": 0.89772277609902, "zone": null, "min_dist": 0.21252275355673117}
{"t": 1783963671.8814907, "x": 3.071911549998563, "y": 0.9316635988816008, "zone": null, "min_dist": 0.24256812253462137}
{"t": 1783963672.0416942, "x": 3.06805382332879, "y": 0.966020299608798, "zone": null, "min_dist": 0.2745871859239262}
{"t": 1783963672.193888, "x": 3.066322381345189, "y": 0.9942243659045502, "zone": null, "min_dist": 0.30160675681959015}
{"t": 1783963672.35434, "x": 3.0650462335712034, "y": 1.0281689356730603, "zone": null, "min_dist": 0.33455322871344223}
{"t": 1783963672.5144773, "x": 3.0645815707334627, "y": 1.0589525482837525, "zone": null, "min_dist": 0.3647159321962793}
{"t": 1783963672.6749372, "x": 3.064803031059786, "y": 1.0878485101460664, "zone": null, "min_dist": 0.3932249987692275}
{"t": 1783963672.8351343, "x": 3.0657569458584755, "y": 1.1200233486024913, "zone": null, "min_dist": 0.4251394939309737}
{"t": 1783963672.9873545, "x": 3.0666108737400903, "y": 1.1408064391412829, "zone": null, "min_dist": 0.4458108626860003}
{"t": 1783963673.1475675, "x": 3.0674102470195392, "y": 1.1574082390380644, "zone": null, "min_dist": 0.46234882777307706}
{"t": 1783963673.299773, "x": 3.068930901845872, "y": 1.1745979328002036, "zone": null, "min_dist": 0.47957759231172586}
{"t": 1783963673.4521644, "x": 3.0703146965126025, "y": 1.186714244095192, "zone": null, "min_dist": 0.49176713183255105}
{"t": 1783963673.6123402, "x": 3.0713790765277955, "y": 1.1970223183848558, "zone": null, "min_dist": 0.5021216561139521}
{"t": 1783963673.7646742, "x": 3.0720858920479066, "y": 1.2057858565206896, "zone": null, "min_dist": 0.510896964650124}
{"t": 1783963673.9245985, "x": 3.073029945161038, "y": 1.2225993150798384, "zone": null, "min_dist": 0.527677379666914}
{"t": 1783963674.0771444, "x": 3.0743653298499236, "y": 1.2517466303290492, "zone": null, "min_dist": 0.5567356162157658}
{"t": 1783963674.3338568, "x": 3.0758919020649076, "y": 1.2850597582824685, "zone": null, "min_dist": 0.5899614407404692}
{"t": 1783963674.4937825, "x": 3.080202522822035, "y": 1.3412134577274957, "zone": null, "min_dist": 0.6462098289548605}
{"t": 1783963674.6536827, "x": 3.085446160958146, "y": 1.3748016890228762, "zone": null, "min_dist": 0.6801899484192722}
{"t": 1783963674.806347, "x": 3.0923816627797236, "y": 1.405781818971726, "zone": null, "min_dist": 0.7118021829195137}
{"t": 1783963674.9662166, "x": 3.100932764381275, "y": 1.435428557751946, "zone": null, "min_dist": 0.7423224275762882}
{"t": 1783963675.1263611, "x": 3.1104901727761467, "y": 1.464657903676572, "zone": null, "min_dist": 0.7725993709129928}
{"t": 1783963675.2784755, "x": 3.1207119225264486, "y": 1.493808098267388, "zone": null, "min_dist": 0.8029337862581937}
{"t": 1783963675.4307888, "x": 3.1301005300994724, "y": 1.5208184506134557, "zone": null, "min_dist": 0.8310650256145049}
{"t": 1783963675.591151, "x": 3.138142024181706, "y": 1.5456353086489063, "zone": null, "min_dist": 0.856844381482863}
{"t": 1783963675.751494, "x": 3.142729428112294, "y": 1.5603122950974164, "zone": null, "min_dist": 0.8720716339527658}
{"t": 1783963675.9114845, "x": 3.1436683990693246, "y": 1.5633170070550617, "zone": null, "min_dist": 0.87518961577572}
{"t": 1783963676.0722609, "x": 3.1436683990693246, "y": 1.5633170070550617, "zone": null, "min_dist": 0.87518961577572}
