{"t": 1784260139.5149872, "x": -7.712054370989912e-12, "y": -2.3137836080389885e-13, "zone": null, "min_dist": 1.802775637738283}
{"t": 1784260139.6753325, "x": -7.712054370989912e-12, "y": -2.3137836080389885e-13, "zone": null, "min_dist": 1.802775637738283}
{"t": 1784260139.8353806, "x": -7.712054370989912e-12, "y": -2.3137836080389885e-13, "zone": null, "min_dist": 1.802775637738283}
{"t": 1784260139.9958482, "x": -7.712054370989912e-12, "y": -2.3137836080389885e-13, "zone": null, "min_dist": 1.802775637738283}
{"t": 1784260140.1483572, "x": -7.712054370989912e-12, "y": -2.3137836080389885e-13, "zone": null, "min_dist": 1.802775637738283}
{"t": 1784260140.309443, "x": -7.712054370989912e-12, "y": -2.3137836080389885e-13, "zone": null, "min_dist": 1.802775637738283}
{"t": 1784260140.468642, "x": -7.712054370989912e-12, "y": -2.3137836080389885e-13, "zone": null, "min_dist": 1.802775637738283}
{"t": 1784260140.6210668, "x": -7.712054370989912e-12, "y": -2.3137836080389885e-13, "zone": null, "min_dist": 1.802775637738283}
{"t": 1784260140.772997, "x": -7.712054370989912e-12, "y": -2.3137836080389885e-13, "zone": null, "min_dist": 1.802775637738283}
{"t": 1784260140.9334428, "x": -7.712054370989912e-12, "y": -2.3137836080389885e-13, "zone": null, "min_dist": 1.802775637738283}
{"t": 1784260141.085795, "x": -7.712054370989912e-12, "y": -2.3137836080389885e-13, "zone": null, "min_dist": 1.802775637738283}
{"t": 1784260141.237956, "x": -7.712054370989912e-12, "y": -2.3137836080389885e-13, "zone": null, "min_dist": 1.802775637738283}
{"t": 1784260141.390486, "x": -7.712054370989912e-12, "y": -2.3137836080389885e-13, "zone": null, "min_dist": 1.802775637738283}
{"t": 1784260141.5505698, "x": -7.712054370989912e-12, "y": -2.3137836080389885e-13, "zone": null, "min_dist": 1.802775637738283}
{"t": 1784260141.702691, "x": -7.712054370989912e-12, "y": -2.3137836080389885e-13, "zone": null, "min_dist": 1.802775637738283}
{"t": 1784260141.8550107, "x": -7.712054370989912e-12, "y": -2.3137836080389885e-13, "zone": null, "min_dist": 1.802775637738283}
{"t": 1784260142.007103, "x": -7.712054370989912e-12, "y": -2.3137836080389885e-13, "zone": null, "min_dist": 1.802775637738283}
{"t": 1784260142.1594026, "x": -7.712054370989912e-12, "y": -2.3137836080389885e-13, "zone": null, "min_dist": 1.802775637738283}
{"t": 1784260142.3116097, "x": -7.712054370989912e-12, "y": -2.3137836080389885e-13, "zone": null, "min_dist": 1.802775637738283}
{"t": 1784260142.4642956, "x": -7.712054370989912e-12, "y": -2.3137836080389885e-13, "zone": null, "min_dist": 1.802775637738283}
{"t": 1784260142.6166816, "x": -7.712054370989912e-12, "y": -2.3137836080389885e-13, "zone": null, "min_dist": 1.802775637738283}
{"t": 1784260142.776455, "x": -7.712054370989912e-12, "y": -2.3137836080389885e-13, "zone": null, "min_dist": 1.802775637738283}
{"t": 1784260142.9369895, "x": -7.712054370989912e-12, "y": -2.3137836080389885e-13, "zone": null, "min_dist": 1.802775637738283}
{"t": 1784260143.0894241, "x": -7.712054370989912e-12, "y": -2.3137836080389885e-13, "zone": null, "min_dist": 1.802775637738283}
{"t": 1784260143.2411885, "x": -7.712054370989912e-12, "y": -2.3137836080389885e-13, "zone": null, "min_dist": 1.802775637738283}
{"t": 1784260143.3933456, "x": -7.712054370989912e-12, "y": -2.3137836080389885e-13, "zone": null, "min_dist": 1.802775637738283}
{"t": 1784260143.5459602, "x": -7.712054370989912e-12, "y": -2.3137836080389885e-13, "zone": null, "min_dist": 1.802775637738283}
{"t": 1784260143.6982841, "x": -7.712054370989912e-12, "y": -2.3137836080389885e-13, "zone": null, "min_dist": 1.802775637738283}
{"t": 1784260143.8504746, "x": -7.712054370989912e-12, "y": -2.3137836080389885e-13, "zone": null, "min_dist": 1.802775637738283}
{"t": 1784260144.002526, "x": -7.712054370989912e-12, "y": -2.3137836080389885e-13, "zone": null, "min_dist": 1.802775637738283}
{"t": 1784260144.1628413, "x": -7.712054370989912e-12, "y": -2.3137836080389885e-13, "zone": null, "min_dist": 1.802775637738283}
{"t": 1784260144.3149798, "x": 0.0058265812775056425, "y": -2.8491061739969096e-05, "zone": null, "min_dist": 1.797914687604817}
{"t": 1784260144.4671767, "x": 0.027821031927937313, "y": -0.000447673606571234, "zone": null, "min_dist": 1.7794425439536503}
{"t": 1784260144.6194851, "x": 0.05525405633643514, "y": -0.0013928422043933463, "zone": null, "min_dist": 1.7562764865854532}
{"t": 1784260144.7719119, "x": 0.08536964243403482, "y": -0.0028601419154487533, "zone": null, "min_dist": 1.730741732647621}
{"t": 1784260144.9241498, "x": 0.10929320226812023, "y": -0.004429932289999611, "zone": null, "min_dist": 1.7103289616263166}
{"t": 1784260145.076436, "x": 0.13107892038000502, "y": -0.006233808951578628, "zone": null, "min_dist": 1.691601656625714}
{"t": 1784260145.2368834, "x": 0.15833512271068528, "y": -0.009001992037928239, "zone": null, "min_dist": 1.6679753279759704}
{"t": 1784260145.4133358, "x": 0.192987031919794, "y": -0.012926957689078516, "zone": null, "min_dist": 1.6378632695029118}
{"t": 1784260145.5897505, "x": 0.22749712846260356, "y": -0.01731925099038696, "zone": null, "min_dist": 1.6077701989230346}
{"t": 1784260145.7417529, "x": 0.25784232756391634, "y": -0.021411857399636674, "zone": null, "min_dist": 1.5813255313280241}
{"t": 1784260145.9181583, "x": 0.2953384969456583, "y": -0.02577163369877201, "zone": null, "min_dist": 1.5492999214635963}
{"t": 1784260146.078292, "x": 0.3297862303114039, "y": -0.028947444457378117, "zone": null, "min_dist": 1.5206391197107392}
{"t": 1784260146.2305014, "x": 0.3608836122139929, "y": -0.031129854742706884, "zone": null, "min_dist": 1.4954248571203868}
{"t": 1784260146.3830335, "x": 0.39343993732449684, "y": -0.0327138151146795, "zone": null, "min_dist": 1.469733899649325}
{"t": 1784260146.5354548, "x": 0.4249663466860236, "y": -0.033562640810841995, "zone": null, "min_dist": 1.4455789584087435}
{"t": 1784260146.7122648, "x": 0.4535272181733397, "y": -0.034056832645114436, "zone": null, "min_dist": 1.4241318357735064}
{"t": 1784260146.8639536, "x": 0.4725214485031613, "y": -0.03476727715128831, "zone": null, "min_dist": 1.4097469216295455}
{"t": 1784260147.0241005, "x": 0.49249422353726363, "y": -0.03595366595591881, "zone": null, "min_dist": 1.3944365255505944}
{"t": 1784260147.1763978, "x": 0.5114391686746848, "y": -0.03749682177874383, "zone": null, "min_dist": 1.3797336283923132}
{"t": 1784260147.3283024, "x": 0.5303468331718482, "y": -0.03944467888153132, "zone": null, "min_dist": 1.3648786718492116}
{"t": 1784260147.4808695, "x": 0.5492085575908281, "y": -0.041796345823918536, "zone": null, "min_dist": 1.3498735532763464}
{"t": 1784260147.6407979, "x": 0.5706797897251932, "y": -0.044958682230208054, "zone": null, "min_dist": 1.332568937005764}
{"t": 1784260147.8012958, "x": 0.598981084667205, "y": -0.04959579860796301, "zone": null, "min_dist": 1.3096194988664158}
{"t": 1784260147.9538093, "x": 0.629964038433462, "y": -0.05509107498892694, "zone": null, "min_dist": 1.2844514202509147}
{"t": 1784260148.1062963, "x": 0.6582699179388832, "y": -0.06052279417201464, "zone": null, "min_dist": 1.2613988074027076}
{"t": 1784260148.2584505, "x": 0.6894260676404818, "y": -0.06673193059823843, "zone": null, "min_dist": 1.2361308139455405}
{"t": 1784260148.4106162, "x": 0.7185774914540708, "y": -0.07212556057372994, "zone": null, "min_dist": 1.2130837201952829}
{"t": 1784260148.5627887, "x": 0.7516159805916716, "y": -0.07699876397515061, "zone": null, "min_dist": 1.1882802372374812}
{"t": 1784260148.7149315, "x": 0.78386623339785, "y": -0.07973932061559039, "zone": null, "min_dist": 1.166073449525731}
{"t": 1784260148.8752677, "x": 0.8164453593433263, "y": -0.08051482364238476, "zone": null, "min_dist": 1.1457311797732788}
{"t": 1784260149.0271232, "x": 0.8486998570767409, "y": -0.080171760298162, "zone": null, "min_dist": 1.1270651563795413}
{"t": 1784260149.1793208, "x": 0.871424371434863, "y": -0.07985810524216869, "zone": null, "min_dist": 1.1143466369647235}
{"t": 1784260149.3397446, "x": 0.8914316576047252, "y": -0.08000779615179972, "zone": null, "min_dist": 1.1030598725849838}
{"t": 1784260149.4993057, "x": 0.911430631666209, "y": -0.080607729842314, "zone": null, "min_dist": 1.0916483168889792}
{"t": 1784260149.6522346, "x": 0.9304126889923643, "y": -0.08159443093034487, "zone": null, "min_dist": 1.0806935246216043}
{"t": 1784260149.8125353, "x": 0.9503662079373763, "y": -0.08307125798061617, "zone": null, "min_dist": 1.069044256950286}
{"t": 1784260149.964406, "x": 0.9718346572828902, "y": -0.0851277459694348, "zone": null, "min_dist": 1.0563852850368793}
{"t": 1784260150.116642, "x": 0.9998217724641716, "y": -0.08822379915017393, "zone": null, "min_dist": 1.0399587009766422}
{"t": 1784260150.2771454, "x": 1.0323153953461608, "y": -0.09224425389899443, "zone": null, "min_dist": 1.0211510094053724}
{"t": 1784260150.4375017, "x": 1.065245186270608, "y": -0.09678006124382998, "zone": null, "min_dist": 1.0024061082353688}
{"t": 1784260150.5973299, "x": 1.0973182110753184, "y": -0.1013467088682823, "zone": null, "min_dist": 0.9847488820980959}
{"t": 1784260150.7575877, "x": 1.1276287452400613, "y": -0.10596502297387858, "zone": null, "min_dist": 0.9684827781213193}
{"t": 1784260150.9093027, "x": 1.1580505865000768, "y": -0.11093281121657435, "zone": null, "min_dist": 0.9525596398988385}
{"t": 1784260151.0616763, "x": 1.1898040672676595, "y": -0.11609592084803133, "zone": null, "min_dist": 0.9367539366478138}
{"t": 1784260151.2140446, "x": 1.2211199991120902, "y": -0.12059024430053973, "zone": null, "min_dist": 0.922570091274709}
{"t": 1784260151.3664532, "x": 1.2531460784952477, "y": -0.12472019211094668, "zone": null, "min_dist": 0.9094237739693044}
{"t": 1784260151.518965, "x": 1.2779213278465538, "y": -0.12806303602165778, "zone": null, "min_dist": 0.899773863688653}
{"t": 1784260151.6794043, "x": 1.2976857916609, "y": -0.131175224891863, "zone": null, "min_dist": 0.8920692398785992}
{"t": 1784260151.8313003, "x": 1.3163927055741071, "y": -0.13454311287351825, "zone": null, "min_dist": 0.8847187474226237}
{"t": 1784260151.9918168, "x": 1.3360016764805587, "y": -0.13851949636504923, "zone": null, "min_dist": 0.8769515997250451}
{"t": 1784260152.1521, "x": 1.355516226428532, "y": -0.14293618879115844, "zone": null, "min_dist": 0.8691570268422594}
{"t": 1784260152.3045764, "x": 1.374330046501088, "y": -0.14763367466765506, "zone": null, "min_dist": 0.8615806925488659}
{"t": 1784260152.456637, "x": 1.3968677417221724, "y": -0.15365062606065802, "zone": null, "min_dist": 0.8526098319073037}
{"t": 1784260152.616496, "x": 1.4193856213379532, "y": -0.1601299352860159, "zone": null, "min_dist": 0.8437300537788965}
{"t": 1784260152.777118, "x": 1.4373927809923395, "y": -0.1657239262441247, "zone": null, "min_dist": 0.8366219164672845}
{"t": 1784260152.937114, "x": 1.4559695243965074, "y": -0.17214117967411233, "zone": null, "min_dist": 0.8290288952583258}
{"t": 1784260153.097398, "x": 1.4744272224116406, "y": -0.17913195505203836, "zone": null, "min_dist": 0.8212662870045698}
{"t": 1784260153.2495108, "x": 1.4833344578558563, "y": -0.18282081281599977, "zone": null, "min_dist": 0.8173491079469417}
{"t": 1784260153.4105928, "x": 1.4921300264237547, "y": -0.18722836537100965, "zone": null, "min_dist": 0.8128097357571278}
{"t": 1784260153.5626802, "x": 1.497452986781622, "y": -0.1905507122470562, "zone": null, "min_dist": 0.8094532949590622}
{"t": 1784260153.722745, "x": 1.4993876053743025, "y": -0.19209390711438232, "zone": null, "min_dist": 0.8079063249838324}
{"t": 1784260153.8829882, "x": 1.4994167102780407, "y": -0.19212178007314085, "zone": null, "min_dist": 0.8078784304950161}
{"t": 1784260154.0352135, "x": 1.4994226057677007, "y": -0.19212879992256082, "zone": null, "min_dist": 0.8078714064123456}
{"t": 1784260154.187503, "x": 1.4994250087059262, "y": -0.19213180932023746, "zone": null, "min_dist": 0.8078683953015996}
{"t": 1784260154.3396711, "x": 1.4994250087059262, "y": -0.19213180932023746, "zone": null, "min_dist": 0.8078683953015996}
{"t": 1784260154.491726, "x": 1.4995441210897897, "y": -0.19228223632769034, "zone": null, "min_dist": 0.8077178923221757}
{"t": 1784260154.652372, "x": 1.5067227894767883, "y": -0.20151733598166002, "zone": null, "min_dist": 0.79848266401834}
{"t": 1784260154.8287723, "x": 1.5093738375535786, "y": -0.20496900400316062, "zone": null, "min_dist": 0.7950309959968394}
{"t": 1784260155.0047767, "x": 1.5093738375535786, "y": -0.20496900400316062, "zone": null, "min_dist": 0.7950309959968394}
{"t": 1784260155.16468, "x": 1.5093738375535786, "y": -0.20496900400316062, "zone": null, "min_dist": 0.7950309959968394}
{"t": 1784260155.3172588, "x": 1.5093738375535786, "y": -0.20496900400316062, "zone": null, "min_dist": 0.7950309959968394}
{"t": 1784260155.469672, "x": 1.5093738375535786, "y": -0.20496900400316062, "zone": null, "min_dist": 0.7950309959968394}
{"t": 1784260155.6293287, "x": 1.5093738375535786, "y": -0.20496900400316062, "zone": null, "min_dist": 0.7950309959968394}
{"t": 1784260155.781708, "x": 1.5093738375535786, "y": -0.20496900400316062, "zone": null, "min_dist": 0.7950309959968394}
{"t": 1784260155.9339213, "x": 1.5093738375535786, "y": -0.20496900400316062, "zone": null, "min_dist": 0.7950309959968394}
{"t": 1784260156.094414, "x": 1.5093738375535786, "y": -0.20496900400316062, "zone": null, "min_dist": 0.7950309959968394}
{"t": 1784260156.2544768, "x": 1.5093738375535786, "y": -0.20496900400316062, "zone": null, "min_dist": 0.7950309959968394}
{"t": 1784260156.4149797, "x": 1.5093694634896349, "y": -0.2049633941403392, "zone": null, "min_dist": 0.7950366058596607}
{"t": 1784260156.5669982, "x": 1.5093688671106678, "y": -0.20496264280593, "zone": null, "min_dist": 0.79503735719407}
{"t": 1784260156.7191849, "x": 1.5093688671106678, "y": -0.20496264280593, "zone": null, "min_dist": 0.79503735719407}
{"t": 1784260156.8717198, "x": 1.5093688671106678, "y": -0.20496264280593, "zone": null, "min_dist": 0.79503735719407}
{"t": 1784260157.0239108, "x": 1.5093688671106678, "y": -0.20496264280593, "zone": null, "min_dist": 0.79503735719407}
{"t": 1784260157.1842272, "x": 1.5093688671106678, "y": -0.20496264280593, "zone": null, "min_dist": 0.79503735719407}
{"t": 1784260157.344818, "x": 1.5093688671106678, "y": -0.20496264280593, "zone": null, "min_dist": 0.79503735719407}
{"t": 1784260157.50461, "x": 1.5093688671106678, "y": -0.20496264280593, "zone": null, "min_dist": 0.79503735719407}
{"t": 1784260157.6572196, "x": 1.5093688671106678, "y": -0.20496264280593, "zone": null, "min_dist": 0.79503735719407}
{"t": 1784260157.817771, "x": 1.5093688671106678, "y": -0.20496264280593, "zone": null, "min_dist": 0.79503735719407}
{"t": 1784260157.969776, "x": 1.5093688671106678, "y": -0.20496264280593, "zone": null, "min_dist": 0.79503735719407}
{"t": 1784260158.1220376, "x": 1.5093688671106678, "y": -0.20496264280593, "zone": null, "min_dist": 0.79503735719407}
{"t": 1784260158.2741814, "x": 1.5093688671106678, "y": -0.20496264280593, "zone": null, "min_dist": 0.79503735719407}
{"t": 1784260158.4264097, "x": 1.5093688671106678, "y": -0.20496264280593, "zone": null, "min_dist": 0.79503735719407}
{"t": 1784260158.5869424, "x": 1.5093688671106678, "y": -0.20496264280593, "zone": null, "min_dist": 0.79503735719407}
{"t": 1784260158.7390394, "x": 1.5093688671106678, "y": -0.20496264280593, "zone": null, "min_dist": 0.79503735719407}
{"t": 1784260158.8992171, "x": 1.5093688671106678, "y": -0.20496264280593, "zone": null, "min_dist": 0.79503735719407}
{"t": 1784260159.0595698, "x": 1.5093688671106678, "y": -0.20496264280593, "zone": null, "min_dist": 0.79503735719407}
{"t": 1784260159.2113123, "x": 1.5093688671106678, "y": -0.20496264280593, "zone": null, "min_dist": 0.79503735719407}
{"t": 1784260159.3633485, "x": 1.5093688671106678, "y": -0.20496264280593, "zone": null, "min_dist": 0.79503735719407}
{"t": 1784260159.5156095, "x": 1.5093688671106678, "y": -0.20496264280593, "zone": null, "min_dist": 0.79503735719407}
{"t": 1784260159.6760535, "x": 1.5093688671106678, "y": -0.20496264280593, "zone": null, "min_dist": 0.79503735719407}
{"t": 1784260159.8282576, "x": 1.5093688671106678, "y": -0.20496264280593, "zone": null, "min_dist": 0.79503735719407}
{"t": 1784260159.9804273, "x": 1.5093688671106678, "y": -0.20496264280593, "zone": null, "min_dist": 0.79503735719407}
{"t": 1784260160.1325386, "x": 1.5093688671106678, "y": -0.20496264280593, "zone": null, "min_dist": 0.79503735719407}
{"t": 1784260160.2847939, "x": 1.5093688671106678, "y": -0.20496264280593, "zone": null, "min_dist": 0.79503735719407}
{"t": 1784260160.437056, "x": 1.5093688671106678, "y": -0.20496264280593, "zone": null, "min_dist": 0.79503735719407}
{"t": 1784260160.58969, "x": 1.5093688671106678, "y": -0.20496264280593, "zone": null, "min_dist": 0.79503735719407}
{"t": 1784260160.741841, "x": 1.5093688671106678, "y": -0.20496264280593, "zone": null, "min_dist": 0.79503735719407}
{"t": 1784260160.9179952, "x": 1.5093688671106678, "y": -0.20496264280593, "zone": null, "min_dist": 0.79503735719407}
{"t": 1784260161.0784218, "x": 1.5093688671106678, "y": -0.20496264280593, "zone": null, "min_dist": 0.79503735719407}
{"t": 1784260161.230363, "x": 1.5093688671106678, "y": -0.20496264280593, "zone": null, "min_dist": 0.79503735719407}
{"t": 1784260161.3827226, "x": 1.5093688671106678, "y": -0.20496264280593, "zone": null, "min_dist": 0.79503735719407}
{"t": 1784260161.5429854, "x": 1.5135264667993011, "y": -0.21024673618325768, "zone": null, "min_dist": 0.7897532638167424}
{"t": 1784260161.7028458, "x": 1.5269505825613867, "y": -0.22801806152197773, "zone": null, "min_dist": 0.7719819384780222}
{"t": 1784260161.855195, "x": 1.5458989828327456, "y": -0.25514039613611833, "zone": null, "min_dist": 0.7448596038638817}
{"t": 1784260162.0074146, "x": 1.563564645990809, "y": -0.28353642915229527, "zone": null, "min_dist": 0.7164635708477047}
{"t": 1784260162.1594915, "x": 1.5790248974797088, "y": -0.3131848008662894, "zone": null, "min_dist": 0.6868151991337106}
{"t": 1784260162.311993, "x": 1.5915047878329558, "y": -0.344203631071565, "zone": null, "min_dist": 0.655796368928435}
{"t": 1784260162.4721742, "x": 1.601419939302917, "y": -0.3779750887774237, "zone": null, "min_dist": 0.6220249112225763}
{"t": 1784260162.6324694, "x": 1.6080436905243038, "y": -0.41222898430256033, "zone": null, "min_dist": 0.5877710156974396}
{"t": 1784260162.7926137, "x": 1.6113174950466118, "y": -0.44638706299167996, "zone": null, "min_dist": 0.55361293700832}
{"t": 1784260162.9526126, "x": 1.6120736361915209, "y": -0.4808118498605028, "zone": null, "min_dist": 0.5191881501394973}
{"t": 1784260163.1052318, "x": 1.6107562943516895, "y": -0.5133847525874456, "zone": null, "min_dist": 0.48661524741255435}
{"t": 1784260163.2573447, "x": 1.6078430455336887, "y": -0.5453563019699909, "zone": null, "min_dist": 0.45464369803000915}
{"t": 1784260163.4096699, "x": 1.6038024082747528, "y": -0.5774997933222085, "zone": null, "min_dist": 0.42250020667779153}
{"t": 1784260163.5620732, "x": 1.599396118681613, "y": -0.6093122387013681, "zone": null, "min_dist": 0.3906877612986319}
{"t": 1784260163.7220383, "x": 1.5947316331389128, "y": -0.6437298412170536, "zone": null, "min_dist": 0.35627015878294643}
{"t": 1784260163.87449, "x": 1.5904048702468798, "y": -0.6762019176199316, "zone": null, "min_dist": 0.32379808238006835}
{"t": 1784260164.0272474, "x": 1.586821853061402, "y": -0.7094389304684322, "zone": null, "min_dist": 0.2905610695315678}
{"t": 1784260164.1789944, "x": 1.5852671711119166, "y": -0.7428274062100567, "zone": null, "min_dist": 0.2571725937899433}
{"t": 1784260164.3315518, "x": 1.5867460718537538, "y": -0.7762106690408401, "zone": null, "min_dist": 0.22378933095915987}
{"t": 1784260164.4834592, "x": 1.5922846013502039, "y": -0.8086821274840582, "zone": null, "min_dist": 0.1913178725159418}
{"t": 1784260164.6434243, "x": 1.6025190907476592, "y": -0.8403803143763398, "zone": null, "min_dist": 0.15961968562366025}
{"t": 1784260164.7957249, "x": 1.6167574691419837, "y": -0.8695659958332957, "zone": null, "min_dist": 0.13043400416670425}
{"t": 1784260164.9478703, "x": 1.6348588091171181, "y": -0.8967096216805285, "zone": null, "min_dist": 0.10329037831947152}
{"t": 1784260165.100444, "x": 1.656116360113981, "y": -0.920960749567675, "zone": null, "min_dist": 0.07903925043232496}
{"t": 1784260165.2523057, "x": 1.6808229906937577, "y": -0.9429104689283069, "zone": null, "min_dist": 0.05708953107169312}
{"t": 1784260165.4042964, "x": 1.7067133407713768, "y": -0.9615915538938941, "zone": null, "min_dist": 0.03840844610610594}
{"t": 1784260165.556513, "x": 1.7347956390282941, "y": -0.9786522298848553, "zone": null, "min_dist": 0.02134777011514466}
{"t": 1784260165.7163713, "x": 1.764914800820925, "y": -0.9945166984664343, "zone": null, "min_dist": 0.005483301533565688}
{"t": 1784260165.8770168, "x": 1.7955243467560627, "y": -1.009140660003385, "zone": "wh_forbidden_zone", "min_dist": 0.0}
{"t": 1784260166.0290742, "x": 1.8233557506483438, "y": -1.0219301551004445, "zone": "wh_forbidden_zone", "min_dist": 0.0}
{"t": 1784260166.1811755, "x": 1.8526814928532394, "y": -1.0357000998069252, "zone": "wh_forbidden_zone", "min_dist": 0.0}
{"t": 1784260166.333809, "x": 1.882022900060036, "y": -1.0505088390615878, "zone": "wh_forbidden_zone", "min_dist": 0.0}
{"t": 1784260166.4867268, "x": 1.9106568665688006, "y": -1.0666361722576034, "zone": "wh_forbidden_zone", "min_dist": 0.0}
{"t": 1784260166.6466699, "x": 1.9381610618332663, "y": -1.0832624345783948, "zone": "wh_forbidden_zone", "min_dist": 0.0}
{"t": 1784260166.7988064, "x": 1.9648542177229447, "y": -1.1006585771794264, "zone": "wh_forbidden_zone", "min_dist": 0.0}
{"t": 1784260166.958787, "x": 1.9931632289705097, "y": -1.1215823513827599, "zone": "wh_forbidden_zone", "min_dist": 0.0}
{"t": 1784260167.1110926, "x": 2.0187188481061025, "y": -1.1431540581765112, "zone": "wh_forbidden_zone", "min_dist": 0.0}
{"t": 1784260167.263326, "x": 2.041868601247788, "y": -1.1653198348866591, "zone": "wh_forbidden_zone", "min_dist": 0.0}
{"t": 1784260167.4156556, "x": 2.0623875107397383, "y": -1.1876022685063872, "zone": "wh_forbidden_zone", "min_dist": 0.0}
{"t": 1784260167.5680888, "x": 2.0827373096935533, "y": -1.212739418091102, "zone": "wh_forbidden_zone", "min_dist": 0.0}
{"t": 1784260167.720356, "x": 2.0978603693615483, "y": -1.2335322856647046, "zone": "wh_forbidden_zone", "min_dist": 0.0}
{"t": 1784260167.8806002, "x": 2.1060141148042626, "y": -1.2455278243874277, "zone": "wh_forbidden_zone", "min_dist": 0.0}
{"t": 1784260168.0331473, "x": 2.1070295574571967, "y": -1.2470433899160116, "zone": "wh_forbidden_zone", "min_dist": 0.0}
{"t": 1784260168.1850188, "x": 2.101614913993662, "y": -1.2389619399339347, "zone": "wh_forbidden_zone", "min_dist": 0.0}
{"t": 1784260168.3377593, "x": 2.0902065195848807, "y": -1.2219347100820612, "zone": "wh_forbidden_zone", "min_dist": 0.0}
{"t": 1784260168.4894977, "x": 2.077515561012579, "y": -1.2029932313550185, "zone": "wh_forbidden_zone", "min_dist": 0.0}
{"t": 1784260168.6663911, "x": 2.0628207659340734, "y": -1.1810609945566592, "zone": "wh_forbidden_zone", "min_dist": 0.0}
{"t": 1784260168.8180819, "x": 2.0501298058782744, "y": -1.162119519117355, "zone": "wh_forbidden_zone", "min_dist": 0.0}
{"t": 1784260168.9788208, "x": 2.0367708996071516, "y": -1.1421811242790798, "zone": "wh_forbidden_zone", "min_dist": 0.0}
{"t": 1784260169.130727, "x": 2.0240799378538026, "y": -1.1232396488478544, "zone": "wh_forbidden_zone", "min_dist": 0.0}
{"t": 1784260169.2833602, "x": 2.011388975642244, "y": -1.1042981731409005, "zone": "wh_forbidden_zone", "min_dist": 0.0}
{"t": 1784260169.4356732, "x": 1.9986980132026289, "y": -1.0853566973077964, "zone": "wh_forbidden_zone", "min_dist": 0.0}
{"t": 1784260169.5878592, "x": 1.9860070506559955, "y": -1.0664152214316351, "zone": "wh_forbidden_zone", "min_dist": 0.0}
{"t": 1784260169.7404194, "x": 1.973316088059365, "y": -1.0474737455452365, "zone": "wh_forbidden_zone", "min_dist": 0.0}
{"t": 1784260169.8926778, "x": 1.9606251254389149, "y": -1.0285322696588626, "zone": "wh_forbidden_zone", "min_dist": 0.0}
{"t": 1784260170.0451317, "x": 1.947934162806793, "y": -1.0095907937746724, "zone": "wh_forbidden_zone", "min_dist": 0.0}
{"t": 1784260170.2046702, "x": 1.9345752547666855, "y": -0.9896523981092417, "zone": null, "min_dist": 0.01034760189075834}
{"t": 1784260170.3571908, "x": 1.9218842921255306, "y": -0.9707109222284667, "zone": null, "min_dist": 0.029289077771533334}
{"t": 1784260170.509344, "x": 1.9091933294828307, "y": -0.9517694463485128, "zone": null, "min_dist": 0.04823055365148721}
{"t": 1784260170.6614783, "x": 1.8965023668393088, "y": -0.9328279704690415, "zone": null, "min_dist": 0.06717202953095847}
{"t": 1784260170.8138437, "x": 1.883811404195345, "y": -0.9138864945898433, "zone": null, "min_dist": 0.08611350541015672}
{"t": 1784260170.9658434, "x": 1.8711204415511429, "y": -0.8949450187107976, "zone": null, "min_dist": 0.10505498128920243}
{"t": 1784260171.1185477, "x": 1.858429478906811, "y": -0.8760035428318352, "zone": null, "min_dist": 0.12399645716816476}
{"t": 1784260171.2786481, "x": 1.8450705708600703, "y": -0.8560651471698185, "zone": null, "min_dist": 0.14393485283018148}
{"t": 1784260171.4391375, "x": 1.8317116628132892, "y": -0.8361267515078294, "zone": null, "min_dist": 0.16387324849217055}
{"t": 1784260171.5914629, "x": 1.8190207001688274, "y": -0.8171852756289538, "zone": null, "min_dist": 0.18281472437104618}
{"t": 1784260171.7434847, "x": 1.8100699884172224, "y": -0.8038261878648383, "zone": null, "min_dist": 0.19617381213516172}
{"t": 1784260171.9034038, "x": 1.807821208673195, "y": -0.8004698468278556, "zone": null, "min_dist": 0.1995301531721444}
{"t": 1784260172.0555458, "x": 1.8057060471308097, "y": -0.7973129331764988, "zone": null, "min_dist": 0.20268706682350124}
{"t": 1784260172.2076578, "x": 1.8035908858554859, "y": -0.794156019923735, "zone": null, "min_dist": 0.20584398007626503}
{"t": 1784260172.3600824, "x": 1.8014757246623332, "y": -0.7909991067936132, "zone": null, "min_dist": 0.20900089320638682}
{"t": 1784260172.5122097, "x": 1.799360563494463, "y": -0.7878421937012265, "zone": null, "min_dist": 0.21215780629877345}
{"t": 1784260172.6645794, "x": 1.7972454023343722, "y": -0.7846852806204506, "zone": null, "min_dist": 0.21531471937954938}
{"t": 1784260172.8169794, "x": 1.7951302411766756, "y": -0.7815283675432465, "zone": null, "min_dist": 0.2184716324567535}
{"t": 1784260172.977474, "x": 1.7929037557483045, "y": -0.7782053011473593, "zone": null, "min_dist": 0.2217946988526407}
{"t": 1784260173.1298616, "x": 1.7907885945915767, "y": -0.7750483880716016, "zone": null, "min_dist": 0.2249516119283984}
{"t": 1784260173.2822149, "x": 1.7886734334349141, "y": -0.7718914749959416, "zone": null, "min_dist": 0.22810852500405843}
{"t": 1784260173.442083, "x": 1.7864469480068703, "y": -0.7685684086005424, "zone": null, "min_dist": 0.23143159139945757}
{"t": 1784260173.5944724, "x": 1.7845454166006514, "y": -0.7657303633660216, "zone": null, "min_dist": 0.23426963663397837}
{"t": 1784260173.747029, "x": 1.7840029547642449, "y": -0.764931224253364, "zone": null, "min_dist": 0.23506877574663598}
{"t": 1784260173.898824, "x": 1.7829450753541072, "y": -0.7634102978113091, "zone": null, "min_dist": 0.2365897021886909}
{"t": 1784260174.0590785, "x": 1.7813921767043444, "y": -0.7612225350451228, "zone": null, "min_dist": 0.23877746495487717}
{"t": 1784260174.211758, "x": 1.780175657584763, "y": -0.7595219331674626, "zone": null, "min_dist": 0.24047806683253736}
{"t": 1784260174.3714652, "x": 1.7786925747046092, "y": -0.7574621400471413, "zone": null, "min_dist": 0.2425378599528587}
{"t": 1784260174.5240679, "x": 1.776488050341879, "y": -0.7544261533637024, "zone": null, "min_dist": 0.24557384663629755}
{"t": 1784260174.6840582, "x": 1.7741377629544517, "y": -0.7511894642838578, "zone": null, "min_dist": 0.2488105357161422}
{"t": 1784260174.8363292, "x": 1.7719049899082988, "y": -0.748114609618035, "zone": null, "min_dist": 0.251885390381965}
{"t": 1784260174.9884732, "x": 1.7696722168540546, "y": -0.7450397549396565, "zone": null, "min_dist": 0.25496024506034354}
{"t": 1784260175.1404107, "x": 1.7674394437974734, "y": -0.741964900256688, "zone": null, "min_dist": 0.25803509974331196}
{"t": 1784260175.3005111, "x": 1.76508915636891, "y": -0.7387282111145469, "zone": null, "min_dist": 0.2612717888854531}
{"t": 1784260175.460945, "x": 1.7627388689403611, "y": -0.7354915219711482, "zone": null, "min_dist": 0.2645084780288518}
{"t": 1784260175.6135623, "x": 1.7605060958834222, "y": -0.732416667284101, "zone": null, "min_dist": 0.26758333271589896}
{"t": 1784260175.7656002, "x": 1.758273322826705, "y": -0.7293418125964176, "zone": null, "min_dist": 0.2706581874035824}
{"t": 1784260175.918305, "x": 1.7569211416245107, "y": -0.7274935118707951, "zone": null, "min_dist": 0.27250648812920486}
{"t": 1784260176.0701392, "x": 1.7556782632739276, "y": -0.7258020995179907, "zone": null, "min_dist": 0.2741979004820093}
{"t": 1784260176.2464335, "x": 1.7538264745645218, "y": -0.7233082468831223, "zone": null, "min_dist": 0.27669175311687766}
{"t": 1784260176.3989666, "x": 1.7528423264593083, "y": -0.7220027014952782, "zone": null, "min_dist": 0.27799729850472177}
{"t": 1784260176.5513742, "x": 1.7522521628563772, "y": -0.7212368341827441, "zone": null, "min_dist": 0.2787631658172559}
{"t": 1784260176.7033987, "x": 1.7509731800822284, "y": -0.7196122152568785, "zone": null, "min_dist": 0.28038778474312154}
{"t": 1784260176.8556185, "x": 1.7486125794967413, "y": -0.7166343686395544, "zone": null, "min_dist": 0.28336563136044557}
{"t": 1784260177.0315661, "x": 1.7458792524232443, "y": -0.713186335612806, "zone": null, "min_dist": 0.286813664387194}
{"t": 1784260177.1839883, "x": 1.7435186517484325, "y": -0.7102084888801877, "zone": null, "min_dist": 0.2897915111198123}
{"t": 1784260177.3441296, "x": 1.741033808927033, "y": -0.7070739133626844, "zone": null, "min_dist": 0.29292608663731556}
{"t": 1784260177.4964871, "x": 1.7386732082450576, "y": -0.7040960666170161, "zone": null, "min_dist": 0.29590393338298393}
{"t": 1784260177.6483428, "x": 1.7363126075626674, "y": -0.701118219869065, "zone": null, "min_dist": 0.298881780130935}
{"t": 1784260177.8086817, "x": 1.7338277647390685, "y": -0.6979836443431414, "zone": null, "min_dist": 0.3020163556568586}
{"t": 1784260177.9689918, "x": 1.7313429219155931, "y": -0.6948490688157756, "zone": null, "min_dist": 0.3051509311842244}
{"t": 1784260178.1290724, "x": 1.7288580790923045, "y": -0.6917144932872078, "zone": null, "min_dist": 0.3082855067127922}
{"t": 1784260178.281519, "x": 1.7264974784103795, "y": -0.6887366465341205, "zone": null, "min_dist": 0.3112633534658795}
{"t": 1784260178.4414082, "x": 1.7240126355875243, "y": -0.6856020710036982, "zone": null, "min_dist": 0.3143979289963018}
{"t": 1784260178.6017702, "x": 1.7227162547535044, "y": -0.6839725434984862, "zone": null, "min_dist": 0.31602745650151376}
{"t": 1784260178.7545052, "x": 1.7221083120138356, "y": -0.6832220210909931, "zone": null, "min_dist": 0.31677797890900694}
{"t": 1784260178.9066412, "x": 1.7209258945445407, "y": -0.6817957640896742, "zone": null, "min_dist": 0.31820423591032576}
{"t": 1784260179.0668235, "x": 1.7191939684829813, "y": -0.6797468127616075, "zone": null, "min_dist": 0.32025318723839247}
{"t": 1784260179.2193055, "x": 1.7167402686514015, "y": -0.6768451988807387, "zone": null, "min_dist": 0.3231548011192613}
{"t": 1784260179.3714821, "x": 1.7142865687712958, "y": -0.673943584941582, "zone": null, "min_dist": 0.326056415058418}
{"t": 1784260179.5235758, "x": 1.7120806933279888, "y": -0.6713350537719782, "zone": null, "min_dist": 0.3286649462280218}
{"t": 1784260179.6756732, "x": 1.71034517781488, "y": -0.6693008737653059, "zone": null, "min_dist": 0.3306991262346941}
{"t": 1784260179.8360853, "x": 1.7077486474127372, "y": -0.666258171547961, "zone": null, "min_dist": 0.33374182845203904}
{"t": 1784260179.9886832, "x": 1.7052819434954885, "y": -0.6633676043987603, "zone": null, "min_dist": 0.3366323956012397}
{"t": 1784260180.1404238, "x": 1.7028152395679297, "y": -0.660477037235988, "zone": null, "min_dist": 0.33952296276401195}
{"t": 1784260180.2926078, "x": 1.7003485356372532, "y": -0.6575864700681445, "zone": null, "min_dist": 0.3424135299318555}
{"t": 1784260180.444896, "x": 1.6978818317057092, "y": -0.6546959028979784, "zone": null, "min_dist": 0.3453040971020216}
{"t": 1784260180.605322, "x": 1.6952853012512896, "y": -0.6516532006121197, "zone": null, "min_dist": 0.34834679938788027}
{"t": 1784260180.7579095, "x": 1.692818597319672, "y": -0.6487626334395458, "zone": null, "min_dist": 0.35123736656045423}
{"t": 1784260180.909524, "x": 1.6903518933882091, "y": -0.645872066266182, "zone": null, "min_dist": 0.354127933733818}
{"t": 1784260181.0617163, "x": 1.6878851894569258, "y": -0.6429814990921497, "zone": null, "min_dist": 0.35701850090785026}
{"t": 1784260181.2213328, "x": 1.6869179455950654, "y": -0.641855424644726, "zone": null, "min_dist": 0.358144575355274}
{"t": 1784260181.3737655, "x": 1.6860258804114632, "y": -0.6408419299951464, "zone": null, "min_dist": 0.35915807000485356}
{"t": 1784260181.5262375, "x": 1.6850404010062865, "y": -0.639742461599743, "zone": null, "min_dist": 0.360257538400257}
{"t": 1784260181.7028477, "x": 1.6827379932936877, "y": -0.6372266607953068, "zone": null, "min_dist": 0.36277333920469323}
{"t": 1784260181.863432, "x": 1.681005240448248, "y": -0.6353502973367193, "zone": null, "min_dist": 0.3646497026632807}
{"t": 1784260182.0155425, "x": 1.6795818937070828, "y": -0.6338186297513044, "zone": null, "min_dist": 0.36618137024869557}
{"t": 1784260182.175545, "x": 1.6768496299301803, "y": -0.6308972018199638, "zone": null, "min_dist": 0.3691027981800362}
{"t": 1784260182.327581, "x": 1.6742539792848676, "y": -0.6281218452223614, "zone": null, "min_dist": 0.37187815477763864}
{"t": 1784260182.4798608, "x": 1.6716583286223554, "y": -0.6253464886044567, "zone": null, "min_dist": 0.37465351139554326}
{"t": 1784260182.640297, "x": 1.6689260647612287, "y": -0.6224250605773065, "zone": null, "min_dist": 0.3775749394226935}
{"t": 1784260182.7926757, "x": 1.6663304140913873, "y": -0.6196497039478095, "zone": null, "min_dist": 0.3803502960521905}
{"t": 1784260182.9447567, "x": 1.6637347634210011, "y": -0.6168743473161213, "zone": null, "min_dist": 0.38312565268387866}
{"t": 1784260183.097381, "x": 1.6611391127504627, "y": -0.6140989906828113, "zone": null, "min_dist": 0.38590100931718874}
{"t": 1784260183.2574189, "x": 1.6584068488867398, "y": -0.6111775626463266, "zone": null, "min_dist": 0.3888224373536734}
{"t": 1784260183.4096098, "x": 1.6562096712814305, "y": -0.6088282850906391, "zone": null, "min_dist": 0.39117171490936087}
{"t": 1784260183.562038, "x": 1.6543714913203014, "y": -0.6068858714419673, "zone": null, "min_dist": 0.39311412855803274}
{"t": 1784260183.7141385, "x": 1.652850813147135, "y": -0.6052808358214912, "zone": null, "min_dist": 0.39471916417850883}
{"t": 1784260183.8665078, "x": 1.6514063096419485, "y": -0.6037731951094527, "zone": null, "min_dist": 0.3962268048905473}
{"t": 1784260184.01839, "x": 1.648860192877083, "y": -0.6011162567960996, "zone": null, "min_dist": 0.3988837432039004}
{"t": 1784260184.1787472, "x": 1.646092636451483, "y": -0.5982282404954097, "zone": null, "min_dist": 0.4017717595045903}
{"t": 1784260184.3309057, "x": 1.6434634577972258, "y": -0.5954846249561692, "zone": null, "min_dist": 0.40451537504383084}
{"t": 1784260184.4830353, "x": 1.6408342791284147, "y": -0.5927410094005742, "zone": null, "min_dist": 0.40725899059942583}
{"t": 1784260184.643581, "x": 1.638066722630246, "y": -0.5898529930202709, "zone": null, "min_dist": 0.41014700697972906}
{"t": 1784260184.8043299, "x": 1.63529916613076, "y": -0.5869649766375772, "zone": null, "min_dist": 0.4130350233624228}
{"t": 1784260184.9643486, "x": 1.632531609631015, "y": -0.5840769602537005, "zone": null, "min_dist": 0.4159230397462995}
{"t": 1784260185.1167412, "x": 1.6299024309563022, "y": -0.5813333446883036, "zone": null, "min_dist": 0.41866665531169645}
{"t": 1784260185.2689073, "x": 1.6272732522817155, "y": -0.5785897291223674, "zone": null, "min_dist": 0.4214102708776326}
{"t": 1784260185.429138, "x": 1.6245056957823119, "y": -0.5757017127366846, "zone": null, "min_dist": 0.4242982872633154}
{"t": 1784260185.589301, "x": 1.6217381392830779, "y": -0.5728136963505727, "zone": null, "min_dist": 0.42718630364942733}
{"t": 1784260185.7414784, "x": 1.6191089606089595, "y": -0.5700700807834207, "zone": null, "min_dist": 0.4299299192165793}
{"t": 1784260185.901662, "x": 1.6163414041100435, "y": -0.5671820643966267, "zone": null, "min_dist": 0.43281793560337334}
{"t": 1784260186.053363, "x": 1.613712225436214, "y": -0.564438448828906, "zone": null, "min_dist": 0.43556155117109396}
{"t": 1784260186.205868, "x": 1.6110830467625141, "y": -0.561694833260957, "zone": null, "min_dist": 0.43830516673904296}
{"t": 1784260186.3663504, "x": 1.6083154902640144, "y": -0.5588068168734245, "zone": null, "min_dist": 0.4411931831265755}
{"t": 1784260186.5263848, "x": 1.6055479337656406, "y": -0.5559188004856943, "zone": null, "min_dist": 0.4440811995143057}
{"t": 1784260186.6787064, "x": 1.6029187550922939, "y": -0.553175184917189, "zone": null, "min_dist": 0.446824815082811}
{"t": 1784260186.8392396, "x": 1.6001511985941397, "y": -0.5502871685291376, "zone": null, "min_dist": 0.4497128314708624}
{"t": 1784260186.9914474, "x": 1.5975220199209859, "y": -0.5475435529603616, "zone": null, "min_dist": 0.4524564470396384}
{"t": 1784260187.1438155, "x": 1.5948928412479153, "y": -0.5447999373914749, "zone": null, "min_dist": 0.4552000626085251}
{"t": 1784260187.2960718, "x": 1.5922636625749214, "y": -0.5420563218224896, "zone": null, "min_dist": 0.45794367817751036}
{"t": 1784260187.4484274, "x": 1.589634483901998, "y": -0.5393127062534165, "zone": null, "min_dist": 0.46068729374658346}
{"t": 1784260187.600464, "x": 1.5870053052291393, "y": -0.5365690906842644, "zone": null, "min_dist": 0.4634309093157356}
{"t": 1784260187.7526739, "x": 1.5843761265563399, "y": -0.5338254751150415, "zone": null, "min_dist": 0.4661745248849585}
{"t": 1784260187.9054587, "x": 1.581746947883594, "y": -0.5310818595457553, "zone": null, "min_dist": 0.46891814045424474}
{"t": 1784260188.0574481, "x": 1.579117769210898, "y": -0.5283382439764125, "zone": null, "min_dist": 0.4716617560235875}
{"t": 1784260188.2097504, "x": 1.5764885905382475, "y": -0.5255946284070185, "zone": null, "min_dist": 0.47440537159298146}
{"t": 1784260188.3618093, "x": 1.5738594118656384, "y": -0.5228510128375786, "zone": null, "min_dist": 0.4771489871624214}
{"t": 1784260188.5140944, "x": 1.5712302331930674, "y": -0.5201073972680976, "zone": null, "min_dist": 0.4798926027319024}
{"t": 1784260188.6746378, "x": 1.5684626766956613, "y": -0.5172193808791302, "zone": null, "min_dist": 0.4827806191208698}
{"t": 1784260188.8343635, "x": 1.5656951201982896, "y": -0.5143313644901258, "zone": null, "min_dist": 0.48566863550987416}
{"t": 1784260188.9865317, "x": 1.5630659415258157, "y": -0.5115877489205413, "zone": null, "min_dist": 0.48841225107945874}
{"t": 1784260189.1472914, "x": 1.5602983850285022, "y": -0.5086997325314758, "zone": null, "min_dist": 0.4913002674685242}
{"t": 1784260189.2990353, "x": 1.5576692063560782, "y": -0.505956116961839, "zone": null, "min_dist": 0.49404388303816105}
{"t": 1784260189.4515653, "x": 1.5550400276836753, "y": -0.5032125013921803, "zone": null, "min_dist": 0.4967874986078197}
{"t": 1784260189.611393, "x": 1.5522724711864297, "y": -0.5003244850030448, "zone": null, "min_dist": 0.4996755149969552}
{"t": 1784260189.7721343, "x": 1.5474902743125065, "y": -0.4953341393936422, "zone": null, "min_dist": 0.5046658606063579}
{"t": 1784260189.9320588, "x": 1.5343722577470078, "y": -0.48164514976266926, "zone": null, "min_dist": 0.5183548502373307}
{"t": 1784260190.0923328, "x": 1.51776692464259, "y": -0.4643170543041898, "zone": null, "min_dist": 0.5356829456958102}
{"t": 1784260190.2448862, "x": 1.501991857558394, "y": -0.4478553629533776, "zone": null, "min_dist": 0.5521446370466224}
{"t": 1784260190.3972013, "x": 1.486216790289184, "y": -0.43139367140823837, "zone": null, "min_dist": 0.568773358891338}
{"t": 1784260190.5573769, "x": 1.4696114562611675, "y": -0.41406557498116014, "zone": null, "min_dist": 0.5867219222193129}
{"t": 1784260190.7098327, "x": 1.453836388917314, "y": -0.3976038833570828, "zone": null, "min_dist": 0.6041623625604798}
{"t": 1784260190.8619087, "x": 1.4380613215684717, "y": -0.38114219172760855, "zone": null, "min_dist": 0.6219496657652871}
{"t": 1784260191.0227847, "x": 1.421455987515452, "y": -0.3638140952737418, "zone": null, "min_dist": 0.6410161209123686}
{"t": 1784260191.174631, "x": 1.4056809201646352, "y": -0.3473524036420436, "zone": null, "min_dist": 0.6594277624219409}
{"t": 1784260191.3344152, "x": 1.3890755861110122, "y": -0.3300243071874543, "zone": null, "min_dist": 0.679096204198099}
{"t": 1784260191.4946332, "x": 1.372470252057354, "y": -0.31269621073280957, "zone": null, "min_dist": 0.6990352890601114}
{"t": 1784260191.6471858, "x": 1.3566951847063695, "y": -0.29623451910087817, "zone": null, "min_dist": 0.718207575977526}
{"t": 1784260191.8075025, "x": 1.3400898506527008, "y": -0.2789064226462075, "zone": null, "min_dist": 0.7386116727788463}
{"t": 1784260191.9596062, "x": 1.3243147833017166, "y": -0.2624447310142682, "zone": null, "min_dist": 0.7581906555576493}
{"t": 1784260192.1117702, "x": 1.3085397159507328, "y": -0.24598303938232743, "zone": null, "min_dist": 0.7779451248432236}
{"t": 1784260192.2643025, "x": 1.3003276579061775, "y": -0.23742422722935752, "zone": null, "min_dist": 0.7882834854378056}
{"t": 1784260192.424858, "x": 1.307342665105958, "y": -0.24424089583757244, "zone": null, "min_dist": 0.7799286327689668}
{"t": 1784260192.584841, "x": 1.3106395160538684, "y": -0.24726676719860066, "zone": null, "min_dist": 0.7761860038959468}
{"t": 1784260192.745108, "x": 1.3044514957343392, "y": -0.2417056848485691, "zone": null, "min_dist": 0.7831024747193146}
{"t": 1784260192.9055948, "x": 1.2952176289600315, "y": -0.2334485954061815, "zone": null, "min_dist": 0.7934335985912793}
{"t": 1784260193.0574117, "x": 1.283686918645635, "y": -0.223224966795703, "zone": null, "min_dist": 0.8063316943879589}
{"t": 1784260193.2186651, "x": 1.2686699883225696, "y": -0.21001471505531996, "zone": null, "min_dist": 0.8231587481961224}
{"t": 1784260193.3780317, "x": 1.2575284482343765, "y": -0.20033518665379493, "zone": null, "min_dist": 0.8356172970443171}
{"t": 1784260193.5386868, "x": 1.2507909570183362, "y": -0.19461553651685437, "zone": null, "min_dist": 0.8430594766230144}
{"t": 1784260193.6911166, "x": 1.2486844839077325, "y": -0.19286185542043743, "zone": null, "min_dist": 0.8453587836321698}
{"t": 1784260193.8434854, "x": 1.2498846557478909, "y": -0.19383997799604682, "zone": null, "min_dist": 0.8440685200312622}
{"t": 1784260193.9954824, "x": 1.2638520692945496, "y": -0.20496868669171261, "zone": null, "min_dist": 0.8293615823735546}
{"t": 1784260194.1475325, "x": 1.289623238362667, "y": -0.22575778427836307, "zone": null, "min_dist": 0.8023150194546783}
{"t": 1784260194.2995677, "x": 1.314862849469961, "y": -0.2469980408722558, "zone": null, "min_dist": 0.7754274401622651}
{"t": 1784260194.4595525, "x": 1.3412648529690459, "y": -0.26969198186058263, "zone": null, "min_dist": 0.7473597850176729}
{"t": 1784260194.6360207, "x": 1.3676604030281698, "y": -0.2920418473562789, "zone": null, "min_dist": 0.7202211568826459}
{"t": 1784260194.796552, "x": 1.3940457309615877, "y": -0.3134408005747747, "zone": null, "min_dist": 0.6946868657480654}
{"t": 1784260194.9486313, "x": 1.4198565288737708, "y": -0.3334404245907087, "zone": null, "min_dist": 0.6713602933849866}
{"t": 1784260195.1009743, "x": 1.445860861942945, "y": -0.3527736364529971, "zone": null, "min_dist": 0.6494867296102654}
{"t": 1784260195.253566, "x": 1.4729162183133186, "y": -0.372424123086661, "zone": null, "min_dist": 0.6281600214228842}
{"t": 1784260195.4134636, "x": 1.501364557667801, "y": -0.39315410407714246, "zone": null, "min_dist": 0.6068458959228575}
{"t": 1784260195.5742056, "x": 1.5289829241950585, "y": -0.4132872363632832, "zone": null, "min_dist": 0.5867127636367169}
{"t": 1784260195.726571, "x": 1.5550052513254693, "y": -0.4322664965556704, "zone": null, "min_dist": 0.5677335034443296}
{"t": 1784260195.8791304, "x": 1.581788801523517, "y": -0.4523004584481998, "zone": null, "min_dist": 0.5476995415518002}
{"t": 1784260196.0310721, "x": 1.6081387150466109, "y": -0.47290154690810476, "zone": null, "min_dist": 0.5270984530918952}
{"t": 1784260196.1912382, "x": 1.6345331340874054, "y": -0.4944807399725996, "zone": null, "min_dist": 0.5055192600274003}
{"t": 1784260196.3434868, "x": 1.659431504429913, "y": -0.5158964266880712, "zone": null, "min_dist": 0.48410357331192877}
{"t": 1784260196.5035856, "x": 1.6848048936634359, "y": -0.5384779192790393, "zone": null, "min_dist": 0.4615220807209607}
{"t": 1784260196.6560192, "x": 1.7083799399647455, "y": -0.5597410289345912, "zone": null, "min_dist": 0.4402589710654088}
{"t": 1784260196.808892, "x": 1.7327802133750267, "y": -0.5818767291719349, "zone": null, "min_dist": 0.4181232708280651}
{"t": 1784260196.9607644, "x": 1.756629733388728, "y": -0.6037144808122975, "zone": null, "min_dist": 0.3962855191877025}
{"t": 1784260197.1123471, "x": 1.780508430487931, "y": -0.6262924479283529, "zone": null, "min_dist": 0.3737075520716471}
{"t": 1784260197.2649965, "x": 1.8039230287228938, "y": -0.6493879359135228, "zone": null, "min_dist": 0.35061206408647716}
{"t": 1784260197.4175684, "x": 1.826396211752434, "y": -0.67244502720101, "zone": null, "min_dist": 0.32755497279899004}
{"t": 1784260197.5773668, "x": 1.8505758052228187, "y": -0.6977819508678409, "zone": null, "min_dist": 0.3022180491321591}
{"t": 1784260197.7294784, "x": 1.87333926767973, "y": -0.7215061766267173, "zone": null, "min_dist": 0.27849382337328266}
{"t": 1784260197.8818974, "x": 1.896145235413478, "y": -0.7451069428393827, "zone": null, "min_dist": 0.2548930571606173}
{"t": 1784260198.03416, "x": 1.918421514764561, "y": -0.7676700034197796, "zone": null, "min_dist": 0.23232999658022035}
{"t": 1784260198.1866043, "x": 1.9406955825600343, "y": -0.790202177994939, "zone": null, "min_dist": 0.20979782200506103}
{"t": 1784260198.3388433, "x": 1.9628299655935726, "y": -0.8125930492541316, "zone": null, "min_dist": 0.18740695074586844}
{"t": 1784260198.4990149, "x": 1.9872282268506731, "y": -0.8372740317301233, "zone": null, "min_dist": 0.16272596826987673}
{"t": 1784260198.6511235, "x": 2.0107372766352043, "y": -0.8610554986717025, "zone": null, "min_dist": 0.1389445013282975}
{"t": 1784260198.8037708, "x": 2.0342463264772825, "y": -0.8848369656777075, "zone": null, "min_dist": 0.11516303432229247}
{"t": 1784260198.9558594, "x": 2.0574072695347665, "y": -0.9082662922359412, "zone": null, "min_dist": 0.09173370776405876}
{"t": 1784260199.107955, "x": 2.0809163188809925, "y": -0.9320477587506617, "zone": null, "min_dist": 0.0679522412493383}
{"t": 1784260199.2606, "x": 2.103869776492696, "y": -0.9556004780784719, "zone": null, "min_dist": 0.04439952192152807}
{"t": 1784260199.4125566, "x": 2.1257737943390453, "y": -0.9790144040711357, "zone": null, "min_dist": 0.020985595928864287}
{"t": 1784260199.5646055, "x": 2.147441984652293, "y": -1.0026585078406394, "zone": "wh_forbidden_zone", "min_dist": 0.0}
{"t": 1784260199.7249892, "x": 2.1707533773200502, "y": -1.02824334869048, "zone": "wh_forbidden_zone", "min_dist": 0.0}
{"t": 1784260199.8767157, "x": 2.19294403245775, "y": -1.0525981517112761, "zone": "wh_forbidden_zone", "min_dist": 0.0}
{"t": 1784260200.0292974, "x": 2.2150893755610643, "y": -1.076903223536895, "zone": "wh_forbidden_zone", "min_dist": 0.0}
{"t": 1784260200.1814303, "x": 2.237217643226463, "y": -1.101189554661541, "zone": "wh_forbidden_zone", "min_dist": 0.0}
{"t": 1784260200.3415437, "x": 2.2604859623196756, "y": -1.1267271208937684, "zone": "wh_forbidden_zone", "min_dist": 0.0}
{"t": 1784260200.4938414, "x": 2.2826766175433844, "y": -1.1510819238954795, "zone": "wh_forbidden_zone", "min_dist": 0.0}
{"t": 1784260200.6537752, "x": 2.3063192525697263, "y": -1.1770303111597065, "zone": "wh_forbidden_zone", "min_dist": 0.0}
{"t": 1784260200.8306603, "x": 2.332128395328381, "y": -1.2053564953122229, "zone": "wh_forbidden_zone", "min_dist": 0.0}
{"t": 1784260200.990832, "x": 2.3555214895631678, "y": -1.2310310053522728, "zone": "wh_forbidden_zone", "min_dist": 0.0}
{"t": 1784260201.1428177, "x": 2.3780240826025234, "y": -1.2557281678502141, "zone": "wh_forbidden_zone", "min_dist": 0.0}
{"t": 1784260201.2953484, "x": 2.400169507749361, "y": -1.2801244101789395, "zone": "wh_forbidden_zone", "min_dist": 0.0}
{"t": 1784260201.4475718, "x": 2.420946652083011, "y": -1.3036867850445122, "zone": "wh_forbidden_zone", "min_dist": 0.0}
{"t": 1784260201.5999708, "x": 2.4412655138741903, "y": -1.3276847295933558, "zone": "wh_forbidden_zone", "min_dist": 0.0}
{"t": 1784260201.7520995, "x": 2.4624344508205698, "y": -1.3535806078118293, "zone": "wh_forbidden_zone", "min_dist": 0.0}
{"t": 1784260201.9123957, "x": 2.4835412775705463, "y": -1.3803541312790604, "zone": "wh_forbidden_zone", "min_dist": 0.0}
{"t": 1784260202.0885057, "x": 2.50686735061097, "y": -1.4112294656069815, "zone": "wh_forbidden_zone", "min_dist": 0.0}
{"t": 1784260202.2406454, "x": 2.52690605804637, "y": -1.4380034698567665, "zone": "wh_forbidden_zone", "min_dist": 0.0}
{"t": 1784260202.4168003, "x": 2.5490516589661687, "y": -1.4685320122405727, "zone": "wh_forbidden_zone", "min_dist": 0.0}
{"t": 1784260202.5774415, "x": 2.5687795857637203, "y": -1.4960690671800103, "zone": "wh_forbidden_zone", "min_dist": 0.0}
{"t": 1784260202.7378435, "x": 2.5892794724286556, "y": -1.524683654955718, "zone": "wh_forbidden_zone", "min_dist": 0.0}
{"t": 1784260202.889937, "x": 2.608466001379788, "y": -1.5514650038686835, "zone": "wh_forbidden_zone", "min_dist": 0.0}
{"t": 1784260203.0423114, "x": 2.627940885710706, "y": -1.5786488509631427, "zone": "wh_forbidden_zone", "min_dist": 0.0}
{"t": 1784260203.2027018, "x": 2.6477375251040542, "y": -1.6062818173236704, "zone": "wh_forbidden_zone", "min_dist": 0.0}
{"t": 1784260203.3547282, "x": 2.6669259813729442, "y": -1.6330658564385512, "zone": "wh_forbidden_zone", "min_dist": 0.0}
{"t": 1784260203.5151737, "x": 2.6869923561000744, "y": -1.6610753303733412, "zone": "wh_forbidden_zone", "min_dist": 0.0}
{"t": 1784260203.6675787, "x": 2.7061787112838953, "y": -1.6878568058839856, "zone": "wh_forbidden_zone", "min_dist": 0.0}
{"t": 1784260203.8274062, "x": 2.7252497596171605, "y": -1.7149869363946504, "zone": "wh_forbidden_zone", "min_dist": 0.0}
{"t": 1784260203.9875784, "x": 2.744224966530124, "y": -1.7432765322723194, "zone": "wh_forbidden_zone", "min_dist": 0.0}
{"t": 1784260204.1479475, "x": 2.763174063535957, "y": -1.772949940140912, "zone": "wh_forbidden_zone", "min_dist": 0.0}
{"t": 1784260204.3005106, "x": 2.780142075129502, "y": -1.8006899140936254, "zone": "wh_forbidden_zone", "min_dist": 0.0}
{"t": 1784260204.4527516, "x": 2.796916413644663, "y": -1.828725816737835, "zone": "wh_forbidden_zone", "min_dist": 0.0}
{"t": 1784260204.6130333, "x": 2.8149843558414473, "y": -1.8589349123276986, "zone": "wh_forbidden_zone", "min_dist": 0.0}
{"t": 1784260204.7654705, "x": 2.831957006289871, "y": -1.8873127105473375, "zone": "wh_forbidden_zone", "min_dist": 0.0}
{"t": 1784260204.9174647, "x": 2.848726454217854, "y": -1.915350759925687, "zone": "wh_forbidden_zone", "min_dist": 0.0}
{"t": 1784260205.0697184, "x": 2.8656991046853815, "y": -1.9437285580701467, "zone": "wh_forbidden_zone", "min_dist": 0.0}
{"t": 1784260205.2297533, "x": 2.8833719497413144, "y": -1.9732770621953897, "zone": "wh_forbidden_zone", "min_dist": 0.0}
{"t": 1784260205.3820891, "x": 2.899940904180083, "y": -2.000979892031252, "zone": "wh_forbidden_zone", "min_dist": 0.0}
{"t": 1784260205.53443, "x": 2.9163481056016316, "y": -2.0284122755236718, "zone": "wh_forbidden_zone", "min_dist": 0.0}
{"t": 1784260205.6948977, "x": 2.934242607485339, "y": -2.0587314157551586, "zone": "wh_forbidden_zone", "min_dist": 0.0}
{"t": 1784260205.8467634, "x": 2.9509809557174984, "y": -2.0876807087131644, "zone": "wh_forbidden_zone", "min_dist": 0.0}
{"t": 1784260205.9991, "x": 2.96714575398911, "y": -2.1156406464813644, "zone": "wh_forbidden_zone", "min_dist": 0.0}
{"t": 1784260206.1593661, "x": 2.9846991170843666, "y": -2.1461561980977124, "zone": "wh_forbidden_zone", "min_dist": 0.0}
{"t": 1784260206.3120708, "x": 3.0008630412799504, "y": -2.175437852203085, "zone": "wh_forbidden_zone", "min_dist": 0.0}
{"t": 1784260206.472106, "x": 3.017556511638707, "y": -2.2064299490341694, "zone": "wh_forbidden_zone", "min_dist": 0.0}
{"t": 1784260206.6246483, "x": 3.0330572621729304, "y": -2.235395366234531, "zone": "wh_forbidden_zone", "min_dist": 0.0}
{"t": 1784260206.776406, "x": 3.048835337846022, "y": -2.2648790056084254, "zone": "wh_forbidden_zone", "min_dist": 0.0}
{"t": 1784260206.9365387, "x": 3.0647534573539446, "y": -2.2946238648356894, "zone": "wh_forbidden_zone", "min_dist": 0.0}
{"t": 1784260207.0889502, "x": 3.080355442731967, "y": -2.3235326150751483, "zone": "wh_forbidden_zone", "min_dist": 0.0}
{"t": 1784260207.241173, "x": 3.0962660275105325, "y": -2.3529449759416963, "zone": "wh_forbidden_zone", "min_dist": 0.0}
{"t": 1784260207.401743, "x": 3.113278934869729, "y": -2.3837510141392055, "zone": "wh_forbidden_zone", "min_dist": 0.0}
{"t": 1784260207.5614896, "x": 3.130857200583901, "y": -2.414242965373576, "zone": "wh_forbidden_zone", "min_dist": 0.0}
{"t": 1784260207.7133782, "x": 3.147112626324423, "y": -2.4422867676944793, "zone": "wh_forbidden_zone", "min_dist": 0.0}
{"t": 1784260207.865497, "x": 3.1629709944653692, "y": -2.4696455681989176, "zone": "wh_forbidden_zone", "min_dist": 0.0}
{"t": 1784260208.0259728, "x": 3.1800498703763127, "y": -2.499109984167642, "zone": "wh_forbidden_zone", "min_dist": 0.0}
{"t": 1784260208.1785698, "x": 3.1965730076015433, "y": -2.5276111915485764, "zone": "wh_forbidden_zone", "min_dist": 0.0}
{"t": 1784260208.3385038, "x": 3.2143792948730807, "y": -2.557972349157589, "zone": "wh_forbidden_zone", "min_dist": 0.0}
{"t": 1784260208.4988098, "x": 3.231454456161516, "y": -2.5869332346149587, "zone": "wh_forbidden_zone", "min_dist": 0.0}
{"t": 1784260208.6513383, "x": 3.248035605272152, "y": -2.6147528784525473, "zone": "wh_forbidden_zone", "min_dist": 0.0}
{"t": 1784260208.8116872, "x": 3.26595203618003, "y": -2.644247734500023, "zone": "wh_forbidden_zone", "min_dist": 0.0}
{"t": 1784260208.963503, "x": 3.2832350921738396, "y": -2.6723253877047815, "zone": "wh_forbidden_zone", "min_dist": 0.0}
{"t": 1784260209.1236877, "x": 3.3016404773835752, "y": -2.7016296427852766, "zone": "wh_forbidden_zone", "min_dist": 0.0}
{"t": 1784260209.2841723, "x": 3.3202424346672252, "y": -2.7300149923576003, "zone": "wh_forbidden_zone", "min_dist": 0.0}
{"t": 1784260209.436348, "x": 3.3376989858153996, "y": -2.756451543403753, "zone": "wh_forbidden_zone", "min_dist": 0.0}
{"t": 1784260209.5966513, "x": 3.356074302653273, "y": -2.784279491840505, "zone": "wh_forbidden_zone", "min_dist": 0.0}
{"t": 1784260209.748864, "x": 3.373530853592779, "y": -2.810716042861131, "zone": "wh_forbidden_zone", "min_dist": 0.0}
{"t": 1784260209.9014149, "x": 3.391469738407047, "y": -2.837757835430056, "zone": "wh_forbidden_zone", "min_dist": 0.0}
{"t": 1784260210.1526947, "x": 3.409411553093621, "y": -2.864418168524256, "zone": "wh_forbidden_zone", "min_dist": 0.0}
{"t": 1784260210.3103323, "x": 3.4404071363109554, "y": -2.9093468453867115, "zone": "wh_forbidden_zone", "min_dist": 0.0}
{"t": 1784260210.4622376, "x": 3.459145026608366, "y": -2.935875804480084, "zone": "wh_forbidden_zone", "min_dist": 0.0}
{"t": 1784260210.62286, "x": 3.479627836262746, "y": -2.9638810445120627, "zone": "wh_forbidden_zone", "min_dist": 0.0}
{"t": 1784260210.782545, "x": 3.500706858550912, "y": -2.9917095436065595, "zone": "wh_forbidden_zone", "min_dist": 0.0}
{"t": 1784260210.9349096, "x": 3.5199185741080323, "y": -3.0165440503065026, "zone": "wh_forbidden_zone", "min_dist": 0.0}
{"t": 1784260211.0872936, "x": 3.5398192400141317, "y": -3.0422601790015587, "zone": "wh_forbidden_zone", "min_dist": 0.0}
{"t": 1784260211.2473636, "x": 3.559602455463371, "y": -3.0678245358974325, "zone": "wh_forbidden_zone", "min_dist": 0.0}
{"t": 1784260211.39945, "x": 3.579845302706219, "y": -3.0939828397830476, "zone": "wh_forbidden_zone", "min_dist": 0.0}
{"t": 1784260211.5518403, "x": 3.5996852094171965, "y": -3.1196204541562573, "zone": "wh_forbidden_zone", "min_dist": 0.0}
{"t": 1784260211.7124298, "x": 3.6196478886094536, "y": -3.1454040564027563, "zone": "wh_forbidden_zone", "min_dist": 0.0}
{"t": 1784260211.8723738, "x": 3.641190328926238, "y": -3.172520663995257, "zone": "wh_forbidden_zone", "min_dist": 0.0}
{"t": 1784260212.0250516, "x": 3.6625345368351283, "y": -3.1982020870326084, "zone": "wh_forbidden_zone", "min_dist": 0.0}
{"t": 1784260212.176718, "x": 3.6832072976379817, "y": -3.2223223778650714, "zone": "wh_forbidden_zone", "min_dist": 0.0}
{"t": 1784260212.3370807, "x": 3.704931068245629, "y": -3.2476230651661857, "zone": "wh_forbidden_zone", "min_dist": 0.0}
{"t": 1784260212.497299, "x": 3.726654838719032, "y": -3.272923752478958, "zone": "wh_forbidden_zone", "min_dist": 0.0}
{"t": 1784260212.6513903, "x": 3.746969855573981, "y": -3.2965837287138866, "zone": "wh_forbidden_zone", "min_dist": 0.0}
{"t": 1784260212.8096673, "x": 3.7688559763040343, "y": -3.322073498050192, "zone": "wh_forbidden_zone", "min_dist": 0.0}
{"t": 1784260212.962357, "x": 3.7901946728253866, "y": -3.346925707069909, "zone": "wh_forbidden_zone", "min_dist": 0.0}
{"t": 1784260213.1144314, "x": 3.8112339766674763, "y": -3.3714289027221125, "zone": "wh_forbidden_zone", "min_dist": 0.0}
{"t": 1784260213.2745693, "x": 3.8335113364878746, "y": -3.3971857890019352, "zone": "wh_forbidden_zone", "min_dist": 0.0}
{"t": 1784260213.4350176, "x": 3.856290562591234, "y": -3.4232376538247533, "zone": "wh_forbidden_zone", "min_dist": 0.0}
{"t": 1784260213.5871255, "x": 3.877047267974742, "y": -3.446040002718069, "zone": "wh_forbidden_zone", "min_dist": 0.0}
{"t": 1784260213.7394545, "x": 3.899681505629052, "y": -3.469840035703267, "zone": "wh_forbidden_zone", "min_dist": 0.0}
{"t": 1784260213.8919225, "x": 3.9219826524774364, "y": -3.49232013214385, "zone": "wh_forbidden_zone", "min_dist": 0.0}
{"t": 1784260214.0435581, "x": 3.944670558893789, "y": -3.514257646018573, "zone": "wh_forbidden_zone", "min_dist": 0.0}
{"t": 1784260214.1961336, "x": 3.968931311635658, "y": -3.5372637193300367, "zone": "wh_forbidden_zone", "min_dist": 0.0}
{"t": 1784260214.3482926, "x": 3.9931831564568023, "y": -3.5595567594941393, "zone": "wh_forbidden_zone", "min_dist": 0.0}
{"t": 1784260214.5004542, "x": 4.016819977770666, "y": -3.5811975520697215, "zone": "wh_forbidden_zone", "min_dist": 0.0}
{"t": 1784260214.6611876, "x": 4.041415752480443, "y": -3.603716318774971, "zone": "wh_forbidden_zone", "min_dist": 0.0}
{"t": 1784260214.81326, "x": 4.065033873964967, "y": -3.6253399908998682, "zone": "wh_forbidden_zone", "min_dist": 0.0}
{"t": 1784260214.9655137, "x": 4.088602373422794, "y": -3.6469182313700266, "zone": "wh_forbidden_zone", "min_dist": 0.0}
{"t": 1784260215.1255698, "x": 4.113198148032946, "y": -3.669436998096556, "zone": "wh_forbidden_zone", "min_dist": 0.0}
{"t": 1784260215.2859855, "x": 4.138248571765994, "y": -3.692372020643013, "zone": "wh_forbidden_zone", "min_dist": 0.0}
{"t": 1784260215.4460254, "x": 4.163233125178085, "y": -3.715246735377088, "zone": "wh_forbidden_zone", "min_dist": 0.0}
{"t": 1784260215.5985487, "x": 4.186664981461327, "y": -3.7366998716665654, "zone": "wh_forbidden_zone", "min_dist": 0.0}
{"t": 1784260215.7506251, "x": 4.2108743952915395, "y": -3.758864903903022, "zone": "wh_forbidden_zone", "min_dist": 0.0}
{"t": 1784260215.9028614, "x": 4.235147475402009, "y": -3.781188469629885, "zone": "wh_forbidden_zone", "min_dist": 0.0}
{"t": 1784260217.2138255, "x": 4.259135646942756, "y": -3.8037732548797663, "zone": "wh_forbidden_zone", "min_dist": 0.0}
{"t": 1784260217.3690283, "x": 4.450354084134411, "y": -4.006643363052408, "zone": null, "min_dist": 0.006643363052408091}
{"t": 1784260217.5214584, "x": 4.4708399963405006, "y": -4.031981001306566, "zone": null, "min_dist": 0.03198100130656556}
{"t": 1784260217.6813996, "x": 4.492234079308114, "y": -4.0587532041686805, "zone": null, "min_dist": 0.05875320416868046}
{"t": 1784260217.8335776, "x": 4.511402351497793, "y": -4.082740064291645, "zone": null, "min_dist": 0.08352204414802596}
{"t": 1784260217.9941573, "x": 4.531791239604709, "y": -4.108254382922055, "zone": null, "min_dist": 0.11282594709302829}
{"t": 1784260218.1544213, "x": 4.55183738913288, "y": -4.133339804224673, "zone": null, "min_dist": 0.14306158919426168}
{"t": 1784260218.3064358, "x": 4.570820621111958, "y": -4.157095107934124, "zone": null, "min_dist": 0.17232072803791626}
{"t": 1784260218.4584656, "x": 4.587620049971585, "y": -4.1781176371906525, "zone": null, "min_dist": 0.19850230687678178}
{"t": 1784260218.6104228, "x": 4.6039362001476825, "y": -4.19884313864679, "zone": null, "min_dist": 0.22436873108355745}
{"t": 1784260218.7713146, "x": 4.621547464437553, "y": -4.223380989806005, "zone": null, "min_dist": 0.25430857775133864}
{"t": 1784260218.9235876, "x": 4.635348618846418, "y": -4.246635964329199, "zone": null, "min_dist": 0.2813335165319393}
{"t": 1784260219.075547, "x": 4.645927564212346, "y": -4.269598773241543, "zone": null, "min_dist": 0.3065588891718738}
{"t": 1784260219.2354965, "x": 4.65436802794622, "y": -4.294125137738301, "zone": null, "min_dist": 0.33217327511643613}
{"t": 1784260219.3873973, "x": 4.66101973033049, "y": -4.319169477979594, "zone": null, "min_dist": 0.3574863762851255}
{"t": 1784260219.547852, "x": 4.665814312557629, "y": -4.343060017665371, "zone": null, "min_dist": 0.381030919965196}
{"t": 1784260219.700468, "x": 4.6675981796369905, "y": -4.354970446784283, "zone": null, "min_dist": 0.3925470263648249}
{"t": 1784260219.860711, "x": 4.6678087655837786, "y": -4.356645745145125, "zone": null, "min_dist": 0.3941522159481952}
{"t": 1784260220.01257, "x": 4.667807602532194, "y": -4.356637337239606, "zone": null, "min_dist": 0.3941441129599163}
{"t": 1784260220.1653187, "x": 4.66780605102365, "y": -4.356629292902954, "zone": null, "min_dist": 0.3941361735702686}
{"t": 1784260220.3173857, "x": 4.667803905692094, "y": -4.356621831810423, "zone": null, "min_dist": 0.39412850910501596}
{"t": 1784260220.4699073, "x": 4.6678009348706695, "y": -4.356614840360623, "zone": null, "min_dist": 0.3941209181316103}
{"t": 1784260220.6215668, "x": 4.667797283196435, "y": -4.356608522822758, "zone": null, "min_dist": 0.3941136470587313}
{"t": 1784260220.7741406, "x": 4.667793031382067, "y": -4.3566027400934315, "zone": null, "min_dist": 0.3941066043883646}
{"t": 1784260220.926935, "x": 4.667788217230365, "y": -4.35659745186685, "zone": null, "min_dist": 0.39409976975288236}
{"t": 1784260221.0785422, "x": 4.667782889538318, "y": -4.356592697230814, "zone": null, "min_dist": 0.39409319930718784}
{"t": 1784260221.2387145, "x": 4.667776980101432, "y": -4.3565882720808755, "zone": null, "min_dist": 0.39408667934552266}
{"t": 1784260221.390871, "x": 4.667771133358531, "y": -4.356584464788861, "zone": null, "min_dist": 0.3940807451743423}
{"t": 1784260221.5434463, "x": 4.667765059212946, "y": -4.356581032780273, "zone": null, "min_dist": 0.39407505380494373}
{"t": 1784260221.7037172, "x": 4.667758445950792, "y": -4.356577840319764, "zone": null, "min_dist": 0.3940693497278514}
{"t": 1784260221.8557885, "x": 4.667751980773425, "y": -4.356575219118624, "zone": null, "min_dist": 0.39406422565731886}
{"t": 1784260222.016151, "x": 4.667745011685092, "y": -4.3565729048216735, "zone": null, "min_dist": 0.39405916484482106}
{"t": 1784260222.1764295, "x": 4.667737915364987, "y": -4.3565710394494985, "zone": null, "min_dist": 0.394054456167022}
{"t": 1784260222.3286455, "x": 4.667731105152323, "y": -4.356569662875277, "zone": null, "min_dist": 0.3940503116590675}
{"t": 1784260222.4808488, "x": 4.667724221371692, "y": -4.35656866043825, "zone": null, "min_dist": 0.3940464744690257}
