[INFO] [1784108666.168140664] [cmd_vel_guard]: Zones loaded: 2
[INFO] [1784108666.168352314] [cmd_vel_guard]: CBF margin: 0.1m (real-time control)
[INFO] [1784108666.168488702] [cmd_vel_guard]: SSM base margin: 0.05m (velocity-dependent)
[INFO] [1784108666.175511042] [cmd_vel_guard]: Spoof detection ON [memoryless]: amcl=/amcl_pose, offset_thresh=0.6m, jump_thresh=0.45m, enforce_pose=amcl
[INFO] [1784108666.176517606] [cmd_vel_guard]: DEBUG subscriptions:
[INFO] [1784108666.176894428] [cmd_vel_guard]:   cmd_sub topic: /cmd_vel_nav
[INFO] [1784108666.177258878] [cmd_vel_guard]:   odom_sub topic: /odom
[INFO] [1784108666.177635941] [cmd_vel_guard]:   nav_state_sub topic: /geofence/nav_state
[INFO] [1784108666.181329576] [cmd_vel_guard]: ============================================================
[INFO] [1784108666.181765831] [cmd_vel_guard]: Cmd Vel Guard node initialized
[INFO] [1784108666.182182328] [cmd_vel_guard]: Safety method: geofence
[INFO] [1784108666.182613975] [cmd_vel_guard]: Input: /cmd_vel_nav -> Output: /cmd_vel
[INFO] [1784108666.182771232] [cmd_vel_guard]:   Mode: Forward Simulation
[INFO] [1784108666.182926626] [cmd_vel_guard]:   Horizon: 1.0s, Steps: 10
[INFO] [1784108666.183099723] [cmd_vel_guard]:   Margin: 0.562m
[INFO] [1784108666.183525328] [cmd_vel_guard]: ============================================================
[INFO] [1784108668.475905599] [cmd_vel_guard]: [HEARTBEAT #1] cmds=0, odom=yes, nav_approved=False, pos=(-0.00,0.00)
[INFO] [1784108670.005684628] [cmd_vel_guard]: [HEARTBEAT #2] cmds=0, odom=yes, nav_approved=False, pos=(-0.00,0.00)
[INFO] [1784108675.052489818] [cmd_vel_guard]: [HEARTBEAT #3] cmds=0, odom=yes, nav_approved=False, pos=(-0.00,0.00)
[INFO] [1784108680.135071231] [cmd_vel_guard]: [HEARTBEAT #4] cmds=0, odom=yes, nav_approved=False, pos=(-0.00,0.00)
[INFO] [1784108685.370976801] [cmd_vel_guard]: [HEARTBEAT #5] cmds=0, odom=yes, nav_approved=False, pos=(-0.00,0.00)
[INFO] [1784108690.823028368] [cmd_vel_guard]: [HEARTBEAT #6] cmds=0, odom=yes, nav_approved=False, pos=(-0.00,0.00)
[INFO] [1784108696.200470404] [cmd_vel_guard]: [HEARTBEAT #7] cmds=0, odom=yes, nav_approved=False, pos=(-0.00,0.00)
[INFO] [1784108701.620728401] [cmd_vel_guard]: [HEARTBEAT #8] cmds=0, odom=yes, nav_approved=False, pos=(-0.00,0.00)
[INFO] [1784108706.249662182] [cmd_vel_guard]: [HEARTBEAT #9] cmds=0, odom=yes, nav_approved=False, pos=(-0.00,0.00)
[INFO] [1784108710.589688754] [cmd_vel_guard]: Navigation authorized
[INFO] [1784108710.619127781] [cmd_vel_guard]: Guard status: cmds=1, nav_approved=True, odom=yes, pos=(-0.00,0.00), passed=0, blocked=0
[INFO] [1784108711.631550429] [cmd_vel_guard]: [HEARTBEAT #10] cmds=41, odom=yes, nav_approved=True, pos=(0.15,-0.03)
[INFO] [1784108711.872502559] [cmd_vel_guard]: Guard status: cmds=51, nav_approved=True, odom=yes, pos=(0.21,-0.08), passed=50, blocked=0
[INFO] [1784108713.067992787] [cmd_vel_guard]: [spoofmon] d_abs=0.096 jump=0.054 max_jump=0.054 c=(0.06,0.05)
[INFO] [1784108713.116826738] [cmd_vel_guard]: Guard status: cmds=101, nav_approved=True, odom=yes, pos=(0.37,-0.28), passed=100, blocked=0
[INFO] [1784108714.382356888] [cmd_vel_guard]: Guard status: cmds=151, nav_approved=True, odom=yes, pos=(0.63,-0.35), passed=150, blocked=0
[INFO] [1784108715.616536902] [cmd_vel_guard]: Guard status: cmds=201, nav_approved=True, odom=yes, pos=(0.89,-0.36), passed=200, blocked=0
[INFO] [1784108716.532057017] [cmd_vel_guard]: [HEARTBEAT #11] cmds=237, odom=yes, nav_approved=True, pos=(1.07,-0.36)
[INFO] [1784108716.859358911] [cmd_vel_guard]: [spoofmon] d_abs=0.231 jump=0.004 max_jump=0.054 c=(0.20,0.06)
[INFO] [1784108716.872190003] [cmd_vel_guard]: Guard status: cmds=251, nav_approved=True, odom=yes, pos=(1.15,-0.37), passed=250, blocked=0
[INFO] [1784108718.116702643] [cmd_vel_guard]: Guard status: cmds=301, nav_approved=True, odom=yes, pos=(1.41,-0.37), passed=300, blocked=0
[INFO] [1784108719.382458985] [cmd_vel_guard]: Guard status: cmds=351, nav_approved=True, odom=yes, pos=(1.69,-0.37), passed=350, blocked=0
[INFO] [1784108720.622556724] [cmd_vel_guard]: Guard status: cmds=401, nav_approved=True, odom=yes, pos=(1.95,-0.37), passed=400, blocked=0
[INFO] [1784108721.543961007] [cmd_vel_guard]: [HEARTBEAT #12] cmds=437, odom=yes, nav_approved=True, pos=(2.13,-0.37)
[INFO] [1784108721.867178662] [cmd_vel_guard]: Guard status: cmds=451, nav_approved=True, odom=yes, pos=(2.21,-0.37), passed=450, blocked=0
[INFO] [1784108721.869127276] [cmd_vel_guard]: [spoofmon] d_abs=0.249 jump=0.009 max_jump=0.054 c=(0.21,0.07)
[INFO] [1784108723.122193254] [cmd_vel_guard]: Guard status: cmds=501, nav_approved=True, odom=yes, pos=(2.47,-0.37), passed=500, blocked=0
[INFO] [1784108724.366719247] [cmd_vel_guard]: Guard status: cmds=551, nav_approved=True, odom=yes, pos=(2.73,-0.37), passed=550, blocked=0
[INFO] [1784108725.632246235] [cmd_vel_guard]: Guard status: cmds=601, nav_approved=True, odom=yes, pos=(3.00,-0.37), passed=600, blocked=0
[INFO] [1784108726.554048562] [cmd_vel_guard]: [HEARTBEAT #13] cmds=637, odom=yes, nav_approved=True, pos=(3.19,-0.36)
[INFO] [1784108726.867132990] [cmd_vel_guard]: Guard status: cmds=651, nav_approved=True, odom=yes, pos=(3.26,-0.36), passed=650, blocked=0
[INFO] [1784108726.877410092] [cmd_vel_guard]: [spoofmon] d_abs=0.221 jump=0.003 max_jump=0.054 c=(0.17,0.12)
[INFO] [1784108728.132308370] [cmd_vel_guard]: Guard status: cmds=701, nav_approved=True, odom=yes, pos=(3.53,-0.34), passed=700, blocked=0
[INFO] [1784108729.372249660] [cmd_vel_guard]: Guard status: cmds=751, nav_approved=True, odom=yes, pos=(3.79,-0.31), passed=750, blocked=0
[INFO] [1784108730.616355718] [cmd_vel_guard]: Guard status: cmds=801, nav_approved=True, odom=yes, pos=(4.04,-0.25), passed=800, blocked=0
[INFO] [1784108731.441142187] [cmd_vel_guard]: Navigation completed
[INFO] [1784108731.561906823] [cmd_vel_guard]: [HEARTBEAT #14] cmds=836, odom=yes, nav_approved=False, pos=(4.15,-0.23)
