[INFO] [1784109940.920536336] [cmd_vel_guard]: Zones loaded: 2
[INFO] [1784109940.920785517] [cmd_vel_guard]: CBF margin: 0.1m (real-time control)
[INFO] [1784109940.920944517] [cmd_vel_guard]: SSM base margin: 0.05m (velocity-dependent)
[INFO] [1784109940.927563370] [cmd_vel_guard]: Spoof detection ON [cusum]: amcl=/amcl_pose, offset_thresh=0.6m, jump_thresh=0.45m, enforce_pose=amcl
[INFO] [1784109940.928401443] [cmd_vel_guard]: DEBUG subscriptions:
[INFO] [1784109940.928699847] [cmd_vel_guard]:   cmd_sub topic: /cmd_vel_nav
[INFO] [1784109940.929061921] [cmd_vel_guard]:   odom_sub topic: /odom
[INFO] [1784109940.929457889] [cmd_vel_guard]:   nav_state_sub topic: /geofence/nav_state
[INFO] [1784109940.933123464] [cmd_vel_guard]: ============================================================
[INFO] [1784109940.933553105] [cmd_vel_guard]: Cmd Vel Guard node initialized
[INFO] [1784109940.933972538] [cmd_vel_guard]: Safety method: geofence
[INFO] [1784109940.934387842] [cmd_vel_guard]: Input: /cmd_vel_nav -> Output: /cmd_vel
[INFO] [1784109940.934533768] [cmd_vel_guard]:   Mode: Forward Simulation
[INFO] [1784109940.935163076] [cmd_vel_guard]:   Horizon: 1.0s, Steps: 10
[INFO] [1784109940.935340832] [cmd_vel_guard]:   Margin: 0.562m
[INFO] [1784109940.935732412] [cmd_vel_guard]: ============================================================
[INFO] [1784109943.514730106] [cmd_vel_guard]: [HEARTBEAT #1] cmds=0, odom=yes, nav_approved=False, pos=(-0.00,0.00)
[INFO] [1784109943.992513639] [cmd_vel_guard]: [HEARTBEAT #2] cmds=0, odom=yes, nav_approved=False, pos=(-0.00,0.00)
[INFO] [1784109949.683599246] [cmd_vel_guard]: [HEARTBEAT #3] cmds=0, odom=yes, nav_approved=False, pos=(-0.00,0.00)
[INFO] [1784109954.078703651] [cmd_vel_guard]: [HEARTBEAT #4] cmds=0, odom=yes, nav_approved=False, pos=(-0.00,0.00)
[INFO] [1784109959.739180397] [cmd_vel_guard]: [HEARTBEAT #5] cmds=0, odom=yes, nav_approved=False, pos=(-0.00,0.00)
[INFO] [1784109965.525314911] [cmd_vel_guard]: [HEARTBEAT #6] cmds=0, odom=yes, nav_approved=False, pos=(-0.00,0.00)
[INFO] [1784109969.959546573] [cmd_vel_guard]: [HEARTBEAT #7] cmds=0, odom=yes, nav_approved=False, pos=(-0.00,0.00)
[INFO] [1784109975.350220457] [cmd_vel_guard]: [HEARTBEAT #8] cmds=0, odom=yes, nav_approved=False, pos=(-0.00,0.00)
[INFO] [1784109980.653280718] [cmd_vel_guard]: [HEARTBEAT #9] cmds=0, odom=yes, nav_approved=False, pos=(-0.00,0.00)
[INFO] [1784109982.498086742] [cmd_vel_guard]: Navigation authorized
[INFO] [1784109982.524559379] [cmd_vel_guard]: Guard status: cmds=1, nav_approved=True, odom=yes, pos=(-0.00,0.00), passed=0, blocked=0
[INFO] [1784109983.849027008] [cmd_vel_guard]: Guard status: cmds=51, nav_approved=True, odom=yes, pos=(0.18,-0.05), passed=50, blocked=0
[INFO] [1784109984.989044379] [cmd_vel_guard]: [spoofmon] d_abs=0.082 jump=0.022 max_jump=0.060 c=(0.04,0.06)
[INFO] [1784109985.145845418] [cmd_vel_guard]: Guard status: cmds=101, nav_approved=True, odom=yes, pos=(0.38,-0.32), passed=100, blocked=0
[INFO] [1784109985.761997022] [cmd_vel_guard]: [HEARTBEAT #10] cmds=127, odom=yes, nav_approved=True, pos=(0.50,-0.37)
[INFO] [1784109986.370750562] [cmd_vel_guard]: Guard status: cmds=151, nav_approved=True, odom=yes, pos=(0.63,-0.37), passed=150, blocked=0
[INFO] [1784109987.623577911] [cmd_vel_guard]: Guard status: cmds=201, nav_approved=True, odom=yes, pos=(0.89,-0.37), passed=200, blocked=0
[INFO] [1784109988.814024522] [cmd_vel_guard]: [spoofmon] d_abs=0.215 jump=0.008 max_jump=0.060 c=(0.17,0.04)
[INFO] [1784109988.859111000] [cmd_vel_guard]: Guard status: cmds=251, nav_approved=True, odom=yes, pos=(1.16,-0.37), passed=250, blocked=0
[INFO] [1784109990.125182847] [cmd_vel_guard]: Guard status: cmds=301, nav_approved=True, odom=yes, pos=(1.42,-0.37), passed=300, blocked=0
[INFO] [1784109990.775402576] [cmd_vel_guard]: [HEARTBEAT #11] cmds=327, odom=yes, nav_approved=True, pos=(1.55,-0.37)
[INFO] [1784109991.369238254] [cmd_vel_guard]: Guard status: cmds=351, nav_approved=True, odom=yes, pos=(1.68,-0.38), passed=350, blocked=0
[INFO] [1784109992.623380166] [cmd_vel_guard]: Guard status: cmds=401, nav_approved=True, odom=yes, pos=(1.95,-0.38), passed=400, blocked=0
[INFO] [1784109993.817098856] [cmd_vel_guard]: [spoofmon] d_abs=0.239 jump=0.006 max_jump=0.060 c=(0.19,0.07)
[INFO] [1784109993.869448555] [cmd_vel_guard]: Guard status: cmds=451, nav_approved=True, odom=yes, pos=(2.21,-0.38), passed=450, blocked=0
[INFO] [1784109995.099080034] [cmd_vel_guard]: Guard status: cmds=501, nav_approved=True, odom=yes, pos=(2.46,-0.37), passed=500, blocked=0
[INFO] [1784109995.786346453] [cmd_vel_guard]: [HEARTBEAT #12] cmds=528, odom=yes, nav_approved=True, pos=(2.61,-0.37)
[INFO] [1784109996.373088300] [cmd_vel_guard]: Guard status: cmds=551, nav_approved=True, odom=yes, pos=(2.73,-0.36), passed=550, blocked=0
[INFO] [1784109997.609063771] [cmd_vel_guard]: Guard status: cmds=601, nav_approved=True, odom=yes, pos=(3.00,-0.36), passed=600, blocked=0
[INFO] [1784109998.827983634] [cmd_vel_guard]: [spoofmon] d_abs=0.205 jump=0.009 max_jump=0.060 c=(0.15,0.12)
[INFO] [1784109998.872995742] [cmd_vel_guard]: Guard status: cmds=651, nav_approved=True, odom=yes, pos=(3.27,-0.34), passed=650, blocked=0
[INFO] [1784110000.109146063] [cmd_vel_guard]: Guard status: cmds=701, nav_approved=True, odom=yes, pos=(3.52,-0.33), passed=700, blocked=0
[INFO] [1784110000.794156519] [cmd_vel_guard]: [HEARTBEAT #13] cmds=728, odom=yes, nav_approved=True, pos=(3.66,-0.32)
[INFO] [1784110001.349024836] [cmd_vel_guard]: Guard status: cmds=751, nav_approved=True, odom=yes, pos=(3.78,-0.31), passed=750, blocked=0
[INFO] [1784110002.619120850] [cmd_vel_guard]: Guard status: cmds=801, nav_approved=True, odom=yes, pos=(4.04,-0.27), passed=800, blocked=0
[INFO] [1784110003.701661320] [cmd_vel_guard]: Navigation completed
[INFO] [1784110003.949019339] [cmd_vel_guard]: Guard status: cmds=851, nav_approved=False, odom=yes, pos=(4.16,-0.24), passed=850, blocked=0
