[INFO] [1784110301.828144283] [cmd_vel_guard]: Zones loaded: 2
[INFO] [1784110301.828373259] [cmd_vel_guard]: CBF margin: 0.1m (real-time control)
[INFO] [1784110301.828513625] [cmd_vel_guard]: SSM base margin: 0.05m (velocity-dependent)
[INFO] [1784110301.835617644] [cmd_vel_guard]: Spoof detection ON [cusum]: amcl=/amcl_pose, offset_thresh=0.6m, jump_thresh=0.45m, enforce_pose=amcl
[INFO] [1784110301.837036810] [cmd_vel_guard]: DEBUG subscriptions:
[INFO] [1784110301.837420289] [cmd_vel_guard]:   cmd_sub topic: /cmd_vel_nav
[INFO] [1784110301.843225129] [cmd_vel_guard]:   odom_sub topic: /odom
[INFO] [1784110301.843704861] [cmd_vel_guard]:   nav_state_sub topic: /geofence/nav_state
[INFO] [1784110301.846093940] [cmd_vel_guard]: ============================================================
[INFO] [1784110301.846531993] [cmd_vel_guard]: Cmd Vel Guard node initialized
[INFO] [1784110301.846844577] [cmd_vel_guard]: Safety method: geofence
[INFO] [1784110301.847103028] [cmd_vel_guard]: Input: /cmd_vel_nav -> Output: /cmd_vel
[INFO] [1784110301.847363934] [cmd_vel_guard]: Simulated comm latency: 50ms
[INFO] [1784110301.847465747] [cmd_vel_guard]:   Mode: Forward Simulation
[INFO] [1784110301.847564755] [cmd_vel_guard]:   Horizon: 1.0s, Steps: 10
[INFO] [1784110301.847681617] [cmd_vel_guard]:   Margin: 0.562m
[INFO] [1784110301.847998539] [cmd_vel_guard]: ============================================================
[INFO] [1784110302.459364720] [cmd_vel_guard]: [HEARTBEAT #1] cmds=0, odom=no, nav_approved=False, pos=(0.00,0.00)
[INFO] [1784110305.122494410] [cmd_vel_guard]: [HEARTBEAT #2] cmds=0, odom=no, nav_approved=False, pos=(0.00,0.00)
[INFO] [1784110310.916638112] [cmd_vel_guard]: [HEARTBEAT #3] cmds=0, odom=yes, nav_approved=False, pos=(-0.00,0.00)
[INFO] [1784110313.242563857] [cmd_vel_guard]: Guard status: cmds=1, nav_approved=False, odom=yes, pos=(-0.00,0.00), passed=0, blocked=0
[INFO] [1784110315.814266882] [cmd_vel_guard]: [HEARTBEAT #4] cmds=21, odom=yes, nav_approved=False, pos=(-0.00,0.00)
[INFO] [1784110321.325350852] [cmd_vel_guard]: [HEARTBEAT #5] cmds=21, odom=yes, nav_approved=False, pos=(-0.00,0.00)
[INFO] [1784110326.058117204] [cmd_vel_guard]: [HEARTBEAT #6] cmds=21, odom=yes, nav_approved=False, pos=(-0.00,0.00)
[INFO] [1784110332.148502779] [cmd_vel_guard]: [HEARTBEAT #7] cmds=21, odom=yes, nav_approved=False, pos=(-0.00,0.00)
[INFO] [1784110336.452510680] [cmd_vel_guard]: [HEARTBEAT #8] cmds=21, odom=yes, nav_approved=False, pos=(-0.00,0.00)
[INFO] [1784110340.960493010] [cmd_vel_guard]: Navigation authorized
[INFO] [1784110342.358881137] [cmd_vel_guard]: [HEARTBEAT #9] cmds=47, odom=yes, nav_approved=True, pos=(0.09,-0.01)
[INFO] [1784110342.513188088] [cmd_vel_guard]: Guard status: cmds=51, nav_approved=True, odom=yes, pos=(0.15,-0.03), passed=50, blocked=0
[INFO] [1784110343.599779427] [cmd_vel_guard]: [spoofmon] d_abs=0.092 jump=0.039 max_jump=0.055 c=(0.04,-0.00)
[INFO] [1784110345.091365862] [cmd_vel_guard]: Guard status: cmds=101, nav_approved=True, odom=yes, pos=(0.52,-0.41), passed=100, blocked=0
[INFO] [1784110346.840276722] [cmd_vel_guard]: [spoofmon] d_abs=0.317 jump=0.006 max_jump=0.058 c=(0.26,0.07)
[INFO] [1784110346.894483288] [cmd_vel_guard]: [HEARTBEAT #10] cmds=135, odom=yes, nav_approved=True, pos=(0.89,-0.36)
[INFO] [1784110347.661562521] [cmd_vel_guard]: Guard status: cmds=151, nav_approved=True, odom=yes, pos=(1.06,-0.35), passed=150, blocked=0
[INFO] [1784110350.227408436] [cmd_vel_guard]: Guard status: cmds=201, nav_approved=True, odom=yes, pos=(1.60,-0.34), passed=200, blocked=0
[INFO] [1784110351.812133246] [cmd_vel_guard]: [spoofmon] d_abs=0.351 jump=0.002 max_jump=0.058 c=(0.29,0.07)
[INFO] [1784110351.917805985] [cmd_vel_guard]: [HEARTBEAT #11] cmds=233, odom=yes, nav_approved=True, pos=(1.95,-0.34)
[INFO] [1784110352.788836611] [cmd_vel_guard]: Guard status: cmds=251, nav_approved=True, odom=yes, pos=(2.14,-0.33), passed=250, blocked=0
[INFO] [1784110355.350049726] [cmd_vel_guard]: Guard status: cmds=301, nav_approved=True, odom=yes, pos=(2.68,-0.31), passed=300, blocked=0
[INFO] [1784110356.832646963] [cmd_vel_guard]: [spoofmon] d_abs=0.314 jump=0.013 max_jump=0.058 c=(0.25,0.11)
[INFO] [1784110356.886541768] [cmd_vel_guard]: [HEARTBEAT #12] cmds=330, odom=yes, nav_approved=True, pos=(3.00,-0.30)
[INFO] [1784110357.912437725] [cmd_vel_guard]: Guard status: cmds=351, nav_approved=True, odom=yes, pos=(3.21,-0.30), passed=350, blocked=0
[INFO] [1784110360.475899511] [cmd_vel_guard]: Guard status: cmds=401, nav_approved=True, odom=yes, pos=(3.76,-0.28), passed=400, blocked=0
[INFO] [1784110361.853216507] [cmd_vel_guard]: [spoofmon] d_abs=0.303 jump=0.013 max_jump=0.058 c=(0.21,0.16)
[INFO] [1784110361.904862507] [cmd_vel_guard]: Navigation completed
[INFO] [1784110361.907378175] [cmd_vel_guard]: [HEARTBEAT #13] cmds=428, odom=yes, nav_approved=False, pos=(4.05,-0.24)
[WARN] [1784110361.907915755] [cmd_vel_guard]: BLOCKED (unapproved): cmd_vel without goal_gate authorization (speed=0.17m/s, pos=(4.05, -0.24))
