Generated 1 trials
Methods: ['geofence']
Scenarios: ['S5']
Seeds: 1 (offset=1, range=s1-s1)
Include sweep: False
Runtime monitoring: False

Trials by scenario: {'S5': 1}
Trials by method: {'geofence': 1}
[2026-07-15 19:07:01] ============================================================
[2026-07-15 19:07:01] Starting Gazebo S1-S5 Experiment
[2026-07-15 19:07:01] ============================================================
[CLEANUP] Starting process cleanup...
[CLEANUP] Complete (killed 0 process groups)
[WAIT] System busy (load=21.9, mem=64.2%), waiting...
[WAIT] System busy (load=20.2, mem=64.2%), waiting...
[WAIT] System busy (load=18.7, mem=64.2%), waiting...
[WAIT] System busy (load=17.5, mem=64.1%), waiting...
[WAIT] System busy (load=16.2, mem=64.1%), waiting...
[WAIT] System busy (load=15.0, mem=64.1%), waiting...
[WAIT] System busy (load=14.0, mem=64.1%), waiting...
[WAIT] System busy (load=13.1, mem=64.1%), waiting...
[WAIT] System busy (load=12.2, mem=64.1%), waiting...
[WAIT] System busy (load=11.3, mem=64.1%), waiting...
[WAIT] System busy (load=10.4, mem=64.1%), waiting...
[WAIT] System busy (load=9.7, mem=64.1%), waiting...
[WAIT] Timeout waiting for system (load=9.0, mem=64.1%)
[2026-07-15 19:08:04] [OUTPUT] Writing results to experiment_results/gazebo_s1_s6/money_2x2/results_clean_cusum_v1.jsonl
[2026-07-15 19:08:04] 
============================================================
[2026-07-15 19:08:04] Method: geofence
[2026-07-15 19:08:04] ============================================================
[WAIT] System busy (load=9.0, mem=64.1%), waiting...
[WAIT] System busy (load=8.4, mem=64.1%), waiting...
[WAIT] System busy (load=8.7, mem=64.1%), waiting...
[WAIT] System busy (load=8.1, mem=64.1%), waiting...
[2026-07-15 19:08:24] [WORLD] Starting with warehouse.sdf for scenarios: ['S5'] (cmd_vel_guard ON)
[DEBUG] restart_with_method called: method=geofence, params={}, world=warehouse.sdf, guard=True
[SIM] Full restart for method: geofence (world: warehouse.sdf)
[SIM] Stopping all processes...
[CLEANUP] Starting process cleanup...
[CLEANUP] Complete (killed 0 process groups)
[SIM] All processes stopped
[SIM] Starting Gazebo...
[CLEANUP] Starting process cleanup...
[CLEANUP] Complete (killed 0 process groups)
[SIM] gz sim still alive (1 procs), force-killing PGIDs (attempt 1/5)...
[SIM] gz sim still alive (1 procs), force-killing PGIDs (attempt 2/5)...
[SIM] gz sim still alive (1 procs), force-killing PGIDs (attempt 3/5)...
[SIM] gz sim still alive (1 procs), force-killing PGIDs (attempt 4/5)...
[SIM] gz sim still alive (1 procs), force-killing PGIDs (attempt 5/5)...
[SIM][WARNING] Could not kill all gz sim processes — proceeding anyway
The daemon has been started
[SIM] Waiting for Gazebo (180s)...
[SIM] Gazebo started successfully
[SIM] robot_state_publisher: running
[SIM] Starting odom relay (odom_real → odom)...
[SIM] Odom relay started
[SIM] Starting scan relay (scan_real → scan)...
[SIM] Scan relay started, verifying /scan topic...
[SIM] /scan topic verified - data flowing
[SIM] Starting Nav2...
[SIM] Waiting for Nav2 initial startup (30s)...
[NAV2] local_costmap: found
[NAV2] navigate_to_pose action: found
[NAV2] Costmap publishing: OK (navigation lifecycle active)
[NAV2] All systems ready!
[SIM] Final verification: checking navigate_to_pose action...
[SIM] Nav2 started successfully and action server verified!
[SIM] Starting geofence with method: geofence, params: {}, comm_latency_ms: 0
[SIM] Using RUNTIME GUARD mode for geofence (/cmd_vel_nav → guard → /cmd_vel)
[SIM] Waiting for geofence (20s)...
[SIM] Geofence started with method: geofence (cmd_vel_guard: True)
[SIM] Standalone cmd_vel_guard started successfully
[2026-07-15 19:10:16] [WAIT] High system load, waiting...
[WAIT] System busy (load=103.4, mem=67.8%), waiting...
[WAIT] System busy (load=95.5, mem=67.7%), waiting...
[WAIT] System busy (load=87.9, mem=67.8%), waiting...
[WAIT] System busy (load=81.0, mem=67.8%), waiting...
[WAIT] System busy (load=77.7, mem=67.7%), waiting...
[WAIT] System busy (load=71.9, mem=67.7%), waiting...
[WAIT] System busy (load=66.5, mem=67.8%), waiting...
[WAIT] System busy (load=61.3, mem=67.7%), waiting...
[WAIT] System busy (load=56.5, mem=67.7%), waiting...
[WAIT] System busy (load=52.4, mem=67.8%), waiting...
[WAIT] System busy (load=48.6, mem=67.7%), waiting...
[WAIT] System busy (load=44.8, mem=67.7%), waiting...
[WAIT] Timeout waiting for system (load=41.3, mem=67.8%)
[2026-07-15 19:11:16] [GEOFENCE] Restarting geofence (sigma=0.15, v_max=0.5, tau=0.1, eps=0.003, a_max=2.5)...
[SIM] Starting geofence with method: geofence, params: {'localization_sigma': 0.15, 'v_max': 0.5, 'latency': 0.1, 'epsilon': 0.003, 'a_max': 2.5, 'e_0': 0.03, 'c_1': 0.04, 'enable_estimation_term': True, 'enable_tracking_term': True, 'enable_latency_term': True, 'enable_braking_term': True, 'use_dynamic_v_max': False, 'use_dynamic_tau': False, 'use_dynamic_e_track': False}, comm_latency_ms: 50
[SIM] Using RUNTIME GUARD mode for geofence (/cmd_vel_nav → guard → /cmd_vel)
[SIM] Waiting for geofence (20s)...
[SIM] Geofence started with method: geofence (cmd_vel_guard: True)
[SIM] Standalone cmd_vel_guard started successfully (comm_latency=50ms)
[2026-07-15 19:11:46] 
Trial 1/1: S5_geofence_warehouse_clean6_s1
[2026-07-15 19:11:46]   Goal: (4.50, 0.00)
[2026-07-15 19:11:46]   Warehouse clean straight-+X nav to (4.5,0) — map_spoof false-alarm control (θ=0 → no turn → honest odom)
[2026-07-15 19:11:46]   Comm latency: 50ms
[2026-07-15 19:11:46] [RESET] Resetting robot pose to origin...
[RESET] Teleporting robot to (0.0, 0.0, θ=0.0)
[RESET] Cancelling any active navigation goals...
[RESET] Stopping robot movement...
[RESET] Waiting for TF to stabilize...
[RESET] Setting AMCL initial pose...
[RESET] Waiting for AMCL convergence...
[RESET] AMCL converged: (-0.11, 0.00), error: 0.11m
[WARNING] TF not yet stable, waiting more...
[RESET] Robot pose reset complete
[2026-07-15 19:12:42] [POS_CHECK] Goal inside zone but robot stayed 0.67m away — marking INFRA (no retry)
[2026-07-15 19:12:42]   Result: allow (PASS)
[2026-07-15 19:12:42]   Reason: Goal reached successfully (dist=0.39m)
[2026-07-15 19:12:42]   Time: 55.9s
[2026-07-15 19:12:42]   Robot moved: True, path_min_dist: 0.67m
[SIM] Stopping all processes...
[CLEANUP] Starting process cleanup...
[CLEANUP] Complete (killed 0 process groups)
[SIM] All processes stopped
[2026-07-15 19:12:56] 
================================================================================
[2026-07-15 19:12:56] CONFUSION MATRIX SUMMARY BY METHOD
[2026-07-15 19:12:56] ================================================================================

Method         Total   TP   FP   TN   FN INFRA   Prec    Rec     F1     VR     Hz  Lat(ms)
------------------------------------------------------------------------------------------
geofence           1    0    0    1    0     0  0.00  0.00  0.00   0.0%   6.1 24065.7
[2026-07-15 19:12:56] 
--------------------------------------------------------------------------------
[2026-07-15 19:12:56] BOOTSTRAP 95% CONFIDENCE INTERVALS
[2026-07-15 19:12:56] --------------------------------------------------------------------------------

Method                  Prec CI           Rec CI            F1 CI            VR CI
----------------------------------------------------------------------------------
geofence       [0.00,0.00]  [0.00,0.00]  [0.00,0.00]  [0.0,0.0]%
[2026-07-15 19:12:56] 
--------------------------------------------------------------------------------
[2026-07-15 19:12:56] GEOFENCE MARGIN ANALYSIS
[2026-07-15 19:12:56] Geofence margin = k_sigma * sigma_loc + e_track + v_max * tau = 3 * 0.15 + 0.05 + 0.5 * 0.1 = 0.55m. Expanded zone y_max = 1.0 + 0.55 = 1.55m. S3 clip_boundary (7,1.2): at x=4, y=0.69 (in zone); at x=5.83, y=1.0 (exits zone). Path clips zone upper boundary.
[2026-07-15 19:12:56] 
============================================================
[2026-07-15 19:12:56] Experiment Complete!
[2026-07-15 19:12:56] ============================================================
