{"t": 1783958716.5766373, "x": -7.711981128089942e-12, "y": -2.3147991125230275e-13, "zone": null, "min_dist": 1.300000000007712}
{"t": 1783958716.7287881, "x": -7.711981128089942e-12, "y": -2.3147991125230275e-13, "zone": null, "min_dist": 1.300000000007712}
{"t": 1783958716.8890464, "x": -7.711981128089942e-12, "y": -2.3147991125230275e-13, "zone": null, "min_dist": 1.300000000007712}
{"t": 1783958717.0495918, "x": -7.711981128089942e-12, "y": -2.3147991125230275e-13, "zone": null, "min_dist": 1.300000000007712}
{"t": 1783958717.202846, "x": -7.711981128089942e-12, "y": -2.3147991125230275e-13, "zone": null, "min_dist": 1.300000000007712}
{"t": 1783958717.3629785, "x": -7.711981128089942e-12, "y": -2.3147991125230275e-13, "zone": null, "min_dist": 1.300000000007712}
{"t": 1783958717.514545, "x": -7.711981128089942e-12, "y": -2.3147991125230275e-13, "zone": null, "min_dist": 1.300000000007712}
{"t": 1783958717.674518, "x": -7.711981128089942e-12, "y": -2.3147991125230275e-13, "zone": null, "min_dist": 1.300000000007712}
{"t": 1783958717.8268828, "x": -7.711981128089942e-12, "y": -2.3147991125230275e-13, "zone": null, "min_dist": 1.300000000007712}
{"t": 1783958717.9787316, "x": -7.711981128089942e-12, "y": -2.3147991125230275e-13, "zone": null, "min_dist": 1.300000000007712}
{"t": 1783958718.139417, "x": -7.711981128089942e-12, "y": -2.3147991125230275e-13, "zone": null, "min_dist": 1.300000000007712}
{"t": 1783958718.2995915, "x": -7.711981128089942e-12, "y": -2.3147991125230275e-13, "zone": null, "min_dist": 1.300000000007712}
{"t": 1783958718.4758599, "x": -7.711981128089942e-12, "y": -2.3147991125230275e-13, "zone": null, "min_dist": 1.300000000007712}
{"t": 1783958718.6356874, "x": -7.711981128089942e-12, "y": -2.3147991125230275e-13, "zone": null, "min_dist": 1.300000000007712}
{"t": 1783958718.7961562, "x": -7.711981128089942e-12, "y": -2.3147991125230275e-13, "zone": null, "min_dist": 1.300000000007712}
{"t": 1783958718.9484937, "x": -7.711981128089942e-12, "y": -2.3147991125230275e-13, "zone": null, "min_dist": 1.300000000007712}
{"t": 1783958719.10089, "x": -7.711981128089942e-12, "y": -2.3147991125230275e-13, "zone": null, "min_dist": 1.300000000007712}
{"t": 1783958719.2531214, "x": -7.711981128089942e-12, "y": -2.3147991125230275e-13, "zone": null, "min_dist": 1.300000000007712}
{"t": 1783958719.405739, "x": -7.711981128089942e-12, "y": -2.3147991125230275e-13, "zone": null, "min_dist": 1.300000000007712}
{"t": 1783958719.566388, "x": -7.711981128089942e-12, "y": -2.3147991125230275e-13, "zone": null, "min_dist": 1.300000000007712}
{"t": 1783958719.7182655, "x": -7.711981128089942e-12, "y": -2.3147991125230275e-13, "zone": null, "min_dist": 1.300000000007712}
{"t": 1783958719.8786411, "x": -7.711981128089942e-12, "y": -2.3147991125230275e-13, "zone": null, "min_dist": 1.300000000007712}
{"t": 1783958720.03046, "x": -7.711981128089942e-12, "y": -2.3147991125230275e-13, "zone": null, "min_dist": 1.300000000007712}
{"t": 1783958720.1823604, "x": -7.711981128089942e-12, "y": -2.3147991125230275e-13, "zone": null, "min_dist": 1.300000000007712}
{"t": 1783958720.3433816, "x": -7.711981128089942e-12, "y": -2.3147991125230275e-13, "zone": null, "min_dist": 1.300000000007712}
{"t": 1783958720.5037062, "x": -7.711981128089942e-12, "y": -2.3147991125230275e-13, "zone": null, "min_dist": 1.300000000007712}
{"t": 1783958720.6635594, "x": -7.711981128089942e-12, "y": -2.3147991125230275e-13, "zone": null, "min_dist": 1.300000000007712}
{"t": 1783958720.8162715, "x": -7.711981128089942e-12, "y": -2.3147991125230275e-13, "zone": null, "min_dist": 1.300000000007712}
{"t": 1783958720.9764583, "x": 0.002881509272335857, "y": -6.910160294678675e-06, "zone": null, "min_dist": 1.2971184907276643}
{"t": 1783958721.1286156, "x": 0.023874179468857712, "y": -0.0002639167020124023, "zone": null, "min_dist": 1.2761258205311423}
{"t": 1783958721.280664, "x": 0.05507112423077891, "y": -0.0006913605769043766, "zone": null, "min_dist": 1.2449288757692212}
{"t": 1783958721.4409459, "x": 0.08761667808163486, "y": -0.0011337327461877758, "zone": null, "min_dist": 1.2123833219183653}
{"t": 1783958721.593297, "x": 0.10773759831533856, "y": -0.0012223761875461083, "zone": null, "min_dist": 1.1922624016846615}
{"t": 1783958721.7455456, "x": 0.11630753556633495, "y": -0.00110917956794098, "zone": null, "min_dist": 1.183692464433665}
{"t": 1783958721.897706, "x": 0.11664603817707282, "y": -0.0011018824183106634, "zone": null, "min_dist": 1.1833539618229272}
{"t": 1783958722.050184, "x": 0.11734241084302185, "y": -0.0010959521645587773, "zone": null, "min_dist": 1.1826575891569782}
{"t": 1783958722.2025216, "x": 0.11860157828267684, "y": -0.001099512694837882, "zone": null, "min_dist": 1.1813984217173232}
{"t": 1783958722.3627517, "x": 0.12010539236414734, "y": -0.0011417782469646455, "zone": null, "min_dist": 1.1798946076358527}
{"t": 1783958722.523026, "x": 0.12136230073618684, "y": -0.0012205689197830607, "zone": null, "min_dist": 1.1786376992638132}
{"t": 1783958722.6830657, "x": 0.12284899265763845, "y": -0.0013775176460931293, "zone": null, "min_dist": 1.1771510073423617}
{"t": 1783958722.8600368, "x": 0.12471956290539059, "y": -0.0016988632865230977, "zone": null, "min_dist": 1.1752804370946095}
{"t": 1783958723.0120144, "x": 0.1320631325516122, "y": -0.0034863390667842498, "zone": null, "min_dist": 1.1679368674483879}
{"t": 1783958723.164477, "x": 0.14773511667648279, "y": -0.008513972713446944, "zone": null, "min_dist": 1.1522648833235172}
{"t": 1783958723.3247566, "x": 0.1692654064118575, "y": -0.017857577475247965, "zone": null, "min_dist": 1.1307345935881425}
{"t": 1783958723.485182, "x": 0.19987082874465142, "y": -0.0334404909962586, "zone": null, "min_dist": 1.1001291712553487}
{"t": 1783958723.6456661, "x": 0.22932487062576687, "y": -0.04923601583037893, "zone": null, "min_dist": 1.0706751293742331}
{"t": 1783958723.7975724, "x": 0.2586794359354898, "y": -0.06437615657514685, "zone": null, "min_dist": 1.0413205640645102}
{"t": 1783958723.9496446, "x": 0.2881766572844756, "y": -0.07879816015458271, "zone": null, "min_dist": 1.0118233427155245}
{"t": 1783958724.101369, "x": 0.31612534198245923, "y": -0.09172688898961658, "zone": null, "min_dist": 0.9838746580175408}
{"t": 1783958724.2615466, "x": 0.34760705542856873, "y": -0.10531564231762273, "zone": null, "min_dist": 0.9523929445714313}
{"t": 1783958724.413762, "x": 0.3785891770792342, "y": -0.11787702064882445, "zone": null, "min_dist": 0.9214108229207658}
{"t": 1783958724.565562, "x": 0.4082501970110149, "y": -0.12917766055273083, "zone": null, "min_dist": 0.8917498029889852}
{"t": 1783958724.7180014, "x": 0.43911416175794005, "y": -0.14017818048497807, "zone": null, "min_dist": 0.86088583824206}
{"t": 1783958724.8704824, "x": 0.4693146569928508, "y": -0.15020750741927164, "zone": null, "min_dist": 0.8306853430071492}
{"t": 1783958725.030389, "x": 0.5013455828087877, "y": -0.1600788350522611, "zone": null, "min_dist": 0.7986544171912123}
{"t": 1783958725.2071085, "x": 0.5381125530739662, "y": -0.17016809443743763, "zone": null, "min_dist": 0.7618874469260338}
{"t": 1783958725.359328, "x": 0.568711992157655, "y": -0.17687576438358463, "zone": null, "min_dist": 0.731288007842345}
{"t": 1783958725.511843, "x": 0.5989595763784942, "y": -0.18265225245591213, "zone": null, "min_dist": 0.7010404236215059}
{"t": 1783958725.6721072, "x": 0.6285973877930459, "y": -0.18780404916221846, "zone": null, "min_dist": 0.6714026122069542}
{"t": 1783958725.8244426, "x": 0.6466951660664233, "y": -0.19094942601182796, "zone": null, "min_dist": 0.6533048339335767}
{"t": 1783958725.9845278, "x": 0.6534726770292656, "y": -0.192176907272028, "zone": null, "min_dist": 0.6465273229707345}
{"t": 1783958726.144582, "x": 0.6534854941479381, "y": -0.19217939434999332, "zone": null, "min_dist": 0.6465145058520619}
{"t": 1783958726.30475, "x": 0.6534854941479381, "y": -0.19217939434999332, "zone": null, "min_dist": 0.6465145058520619}
{"t": 1783958726.4651942, "x": 0.6534854941479381, "y": -0.19217939434999332, "zone": null, "min_dist": 0.6465145058520619}
{"t": 1783958726.6177046, "x": 0.6534854941479381, "y": -0.19217939434999332, "zone": null, "min_dist": 0.6465145058520619}
{"t": 1783958726.7693744, "x": 0.6534854941479381, "y": -0.19217939434999332, "zone": null, "min_dist": 0.6465145058520619}
{"t": 1783958726.9219525, "x": 0.6534854941479381, "y": -0.19217939434999332, "zone": null, "min_dist": 0.6465145058520619}
{"t": 1783958727.0822732, "x": 0.6534854941479381, "y": -0.19217939434999332, "zone": null, "min_dist": 0.6465145058520619}
{"t": 1783958727.2424977, "x": 0.6534854941479381, "y": -0.19217939434999332, "zone": null, "min_dist": 0.6465145058520619}
{"t": 1783958727.403427, "x": 0.6538621157912595, "y": -0.1922538388127266, "zone": null, "min_dist": 0.6461378842087405}
{"t": 1783958727.5631328, "x": 0.6658223677266364, "y": -0.19461906406336743, "zone": null, "min_dist": 0.6341776322733637}
{"t": 1783958727.7157316, "x": 0.6800371476717643, "y": -0.19748516025589752, "zone": null, "min_dist": 0.6199628523282358}
{"t": 1783958727.8754816, "x": 0.6895393681982616, "y": -0.19942359246080854, "zone": null, "min_dist": 0.6104606318017385}
{"t": 1783958728.0355773, "x": 0.7107590694431382, "y": -0.20378695326977744, "zone": null, "min_dist": 0.5892409305568619}
{"t": 1783958728.1876276, "x": 0.7397170588291968, "y": -0.20986758886949883, "zone": null, "min_dist": 0.5602829411708032}
{"t": 1783958728.3399467, "x": 0.7713425592012466, "y": -0.21657232288314904, "zone": null, "min_dist": 0.5286574407987534}
{"t": 1783958728.5006764, "x": 0.8055740047396402, "y": -0.22394432242215692, "zone": null, "min_dist": 0.4944259952603598}
{"t": 1783958728.653107, "x": 0.8377626940509131, "y": -0.2314161323310177, "zone": null, "min_dist": 0.46223730594908696}
{"t": 1783958728.813605, "x": 0.8719661651060333, "y": -0.23975812701481547, "zone": null, "min_dist": 0.42803383489396674}
{"t": 1783958728.9736562, "x": 0.9057494545567312, "y": -0.24822041021517272, "zone": null, "min_dist": 0.3942505454432689}
{"t": 1783958729.1335144, "x": 0.9352274496482034, "y": -0.2558952777059191, "zone": null, "min_dist": 0.3647725503517967}
{"t": 1783958729.294089, "x": 0.9663968586051812, "y": -0.2639138004485357, "zone": null, "min_dist": 0.33360314139481884}
{"t": 1783958729.446572, "x": 0.9979082352803602, "y": -0.27132478042573144, "zone": null, "min_dist": 0.30209176471963983}
{"t": 1783958729.5989597, "x": 1.0298801624435379, "y": -0.2781267380360385, "zone": null, "min_dist": 0.2701198375564622}
{"t": 1783958729.7511969, "x": 1.0614638774844734, "y": -0.2841398900392367, "zone": null, "min_dist": 0.2385361225155267}
{"t": 1783958729.911456, "x": 1.0950209636203618, "y": -0.2900890127358302, "zone": null, "min_dist": 0.2049790363796382}
{"t": 1783958730.0714717, "x": 1.1288260195082696, "y": -0.29570362087599084, "zone": null, "min_dist": 0.1711739804917305}
{"t": 1783958730.2238472, "x": 1.1598637925849777, "y": -0.3004537800973974, "zone": null, "min_dist": 0.1401362074150223}
{"t": 1783958730.3764422, "x": 1.1915168543588497, "y": -0.30474957403296504, "zone": null, "min_dist": 0.10848314564115036}
{"t": 1783958730.528607, "x": 1.22323120573504, "y": -0.30835178888787174, "zone": null, "min_dist": 0.07676879426495997}
{"t": 1783958730.6884997, "x": 1.2571043264942878, "y": -0.3118808494671158, "zone": null, "min_dist": 0.04289567350571222}
{"t": 1783958730.8404598, "x": 1.2891315879652059, "y": -0.31521634637171214, "zone": null, "min_dist": 0.010868412034794162}
{"t": 1783958730.9929361, "x": 1.3212307051483718, "y": -0.3184651586445821, "zone": "wh_forbidden_zone", "min_dist": 0.0}
{"t": 1783958731.1453283, "x": 1.3521418003938515, "y": -0.32110790603760897, "zone": "wh_forbidden_zone", "min_dist": 0.0}
{"t": 1783958731.3054326, "x": 1.3855790202934333, "y": -0.3235672095047426, "zone": "wh_forbidden_zone", "min_dist": 0.0}
{"t": 1783958731.4655118, "x": 1.419342366323869, "y": -0.3253028946379552, "zone": "wh_forbidden_zone", "min_dist": 0.0}
{"t": 1783958731.6258693, "x": 1.4507489483023113, "y": -0.3263674840294899, "zone": "wh_forbidden_zone", "min_dist": 0.0}
{"t": 1783958731.786293, "x": 1.485008116828547, "y": -0.3274731956734767, "zone": "wh_forbidden_zone", "min_dist": 0.0}
{"t": 1783958731.9384866, "x": 1.5179071671613067, "y": -0.32853500970377725, "zone": "wh_forbidden_zone", "min_dist": 0.0}
{"t": 1783958732.098672, "x": 1.5483638700485254, "y": -0.3296108794914707, "zone": "wh_forbidden_zone", "min_dist": 0.0}
{"t": 1783958732.2593577, "x": 1.5826887199553077, "y": -0.3312147978445646, "zone": "wh_forbidden_zone", "min_dist": 0.0}
{"t": 1783958732.419419, "x": 1.6178496990338012, "y": -0.3328717615562023, "zone": "wh_forbidden_zone", "min_dist": 0.0}
{"t": 1783958732.5796835, "x": 1.6518683672528378, "y": -0.3344748939152452, "zone": "wh_forbidden_zone", "min_dist": 0.0}
{"t": 1783958732.7320101, "x": 1.684157631269628, "y": -0.33599652793872525, "zone": "wh_forbidden_zone", "min_dist": 0.0}
{"t": 1783958732.892431, "x": 1.7123506071437427, "y": -0.33732512473134163, "zone": "wh_forbidden_zone", "min_dist": 0.0}
{"t": 1783958733.0527184, "x": 1.7332588260048836, "y": -0.33831042741320466, "zone": "wh_forbidden_zone", "min_dist": 0.0}
{"t": 1783958733.2129915, "x": 1.7531201843367712, "y": -0.33924510344801123, "zone": "wh_forbidden_zone", "min_dist": 0.0}
{"t": 1783958733.3733048, "x": 1.7731034847151845, "y": -0.33997748507584347, "zone": "wh_forbidden_zone", "min_dist": 0.0}
{"t": 1783958733.5259607, "x": 1.7896755379651956, "y": -0.34040193323756235, "zone": "wh_forbidden_zone", "min_dist": 0.0}
{"t": 1783958733.6777475, "x": 1.807554259754352, "y": -0.3408581459374219, "zone": "wh_forbidden_zone", "min_dist": 0.0}
{"t": 1783958733.838432, "x": 1.8267194347276676, "y": -0.3413471851434306, "zone": "wh_forbidden_zone", "min_dist": 0.0}
{"t": 1783958733.9905915, "x": 1.8431065669309954, "y": -0.3417653369837598, "zone": "wh_forbidden_zone", "min_dist": 0.0}
{"t": 1783958734.1504712, "x": 1.8587899282975275, "y": -0.3421655307620195, "zone": "wh_forbidden_zone", "min_dist": 0.0}
{"t": 1783958734.302815, "x": 1.8713965262624046, "y": -0.3424959592539086, "zone": "wh_forbidden_zone", "min_dist": 0.0}
{"t": 1783958734.4630682, "x": 1.8747981039241903, "y": -0.34263146007215883, "zone": "wh_forbidden_zone", "min_dist": 0.0}
{"t": 1783958734.6235032, "x": 1.8765537307152773, "y": -0.3428137412841851, "zone": "wh_forbidden_zone", "min_dist": 0.0}
{"t": 1783958734.7757437, "x": 1.876742468304207, "y": -0.34284303462694493, "zone": "wh_forbidden_zone", "min_dist": 0.0}
{"t": 1783958734.9279194, "x": 1.8767512522213896, "y": -0.34284580235587436, "zone": "wh_forbidden_zone", "min_dist": 0.0}
{"t": 1783958735.0886202, "x": 1.8767601456818215, "y": -0.34284969695582107, "zone": "wh_forbidden_zone", "min_dist": 0.0}
{"t": 1783958735.248522, "x": 1.8767686470712535, "y": -0.3428542557175217, "zone": "wh_forbidden_zone", "min_dist": 0.0}
{"t": 1783958735.400827, "x": 1.8767764162199183, "y": -0.3428591174177278, "zone": "wh_forbidden_zone", "min_dist": 0.0}
{"t": 1783958735.5772483, "x": 1.8774215293684464, "y": -0.34328924021795626, "zone": "wh_forbidden_zone", "min_dist": 0.0}
{"t": 1783958735.7375782, "x": 1.8812785325401244, "y": -0.34579869301191607, "zone": "wh_forbidden_zone", "min_dist": 0.0}
{"t": 1783958735.8975353, "x": 1.885686835443559, "y": -0.3484881246545659, "zone": "wh_forbidden_zone", "min_dist": 0.0}
{"t": 1783958736.0499353, "x": 1.8894336081288927, "y": -0.3505542966241336, "zone": "wh_forbidden_zone", "min_dist": 0.0}
{"t": 1783958736.2019749, "x": 1.8936635683944196, "y": -0.3525907195661198, "zone": "wh_forbidden_zone", "min_dist": 0.0}
{"t": 1783958736.3544602, "x": 1.8940502201764924, "y": -0.35275847746100336, "zone": "wh_forbidden_zone", "min_dist": 0.0}
{"t": 1783958736.514632, "x": 1.8978190834417323, "y": -0.3537963085396678, "zone": "wh_forbidden_zone", "min_dist": 0.0}
{"t": 1783958736.674573, "x": 1.90851171986445, "y": -0.35584170220513933, "zone": "wh_forbidden_zone", "min_dist": 0.0}
{"t": 1783958736.8350806, "x": 1.912239637920097, "y": -0.3562188120436457, "zone": "wh_forbidden_zone", "min_dist": 0.0}
{"t": 1783958736.9957895, "x": 1.9217769292445304, "y": -0.3564661565098924, "zone": "wh_forbidden_zone", "min_dist": 0.0}
{"t": 1783958737.1477714, "x": 1.9302704893347533, "y": -0.3560589215254048, "zone": "wh_forbidden_zone", "min_dist": 0.0}
{"t": 1783958737.3000543, "x": 1.9339332680875634, "y": -0.35560919316673456, "zone": "wh_forbidden_zone", "min_dist": 0.0}
{"t": 1783958737.4523335, "x": 1.937224706160408, "y": -0.35498404496607805, "zone": "wh_forbidden_zone", "min_dist": 0.0}
{"t": 1783958737.6045249, "x": 1.9462842707702266, "y": -0.3529300025188846, "zone": "wh_forbidden_zone", "min_dist": 0.0}
{"t": 1783958737.7566805, "x": 1.94777511046016, "y": -0.3525885548095753, "zone": "wh_forbidden_zone", "min_dist": 0.0}
{"t": 1783958737.9089158, "x": 1.9477776503988116, "y": -0.3525880128601197, "zone": "wh_forbidden_zone", "min_dist": 0.0}
{"t": 1783958738.0691452, "x": 1.9477827760632396, "y": -0.35258697046685433, "zone": "wh_forbidden_zone", "min_dist": 0.0}
{"t": 1783958738.2220862, "x": 1.9477894120819004, "y": -0.3525857217465532, "zone": "wh_forbidden_zone", "min_dist": 0.0}
{"t": 1783958738.3978863, "x": 1.9477957290900105, "y": -0.35258463713866556, "zone": "wh_forbidden_zone", "min_dist": 0.0}
{"t": 1783958738.5575058, "x": 1.9477908796458752, "y": -0.3525854520426232, "zone": "wh_forbidden_zone", "min_dist": 0.0}
{"t": 1783958738.717958, "x": 1.9477862523923075, "y": -0.3525862812536963, "zone": "wh_forbidden_zone", "min_dist": 0.0}
{"t": 1783958738.8705866, "x": 1.947783808736695, "y": -0.3525867419059411, "zone": "wh_forbidden_zone", "min_dist": 0.0}
{"t": 1783958739.0224438, "x": 1.9477783450589756, "y": -0.35258782875931494, "zone": "wh_forbidden_zone", "min_dist": 0.0}
{"t": 1783958739.1743007, "x": 1.9477726440412815, "y": -0.35258904496827903, "zone": "wh_forbidden_zone", "min_dist": 0.0}
{"t": 1783958739.32671, "x": 1.9477657682116594, "y": -0.35259064989672456, "zone": "wh_forbidden_zone", "min_dist": 0.0}
{"t": 1783958739.4866748, "x": 1.9533655794139868, "y": -0.3511442989277963, "zone": "wh_forbidden_zone", "min_dist": 0.0}
{"t": 1783958739.6393936, "x": 1.9719636072617277, "y": -0.3465715653749468, "zone": "wh_forbidden_zone", "min_dist": 0.0}
{"t": 1783958739.791342, "x": 1.9871354234152718, "y": -0.3436256906931402, "zone": "wh_forbidden_zone", "min_dist": 0.0}
{"t": 1783958739.951581, "x": 1.9950335806576112, "y": -0.34267464512523876, "zone": "wh_forbidden_zone", "min_dist": 0.0}
{"t": 1783958740.111641, "x": 1.996254421151438, "y": -0.34258613621379613, "zone": "wh_forbidden_zone", "min_dist": 0.0}
{"t": 1783958740.2718177, "x": 1.9967254963794059, "y": -0.34255501366339375, "zone": "wh_forbidden_zone", "min_dist": 0.0}
{"t": 1783958740.4241276, "x": 1.998320388343522, "y": -0.3423920220111259, "zone": "wh_forbidden_zone", "min_dist": 0.0}
{"t": 1783958740.5844457, "x": 1.9988197262734453, "y": -0.34232481228426825, "zone": "wh_forbidden_zone", "min_dist": 0.0}
{"t": 1783958740.7366576, "x": 1.99881824790486, "y": -0.342325025073041, "zone": "wh_forbidden_zone", "min_dist": 0.0}
{"t": 1783958740.8970485, "x": 1.99881824790486, "y": -0.342325025073041, "zone": "wh_forbidden_zone", "min_dist": 0.0}
{"t": 1783958741.0576477, "x": 1.9988182478321481, "y": -0.34232502508079227, "zone": "wh_forbidden_zone", "min_dist": 0.0}
{"t": 1783958741.209424, "x": 1.9988182488590558, "y": -0.3423250249252526, "zone": "wh_forbidden_zone", "min_dist": 0.0}
{"t": 1783958741.3618712, "x": 1.9988182477780974, "y": -0.342325025088842, "zone": "wh_forbidden_zone", "min_dist": 0.0}
{"t": 1783958741.5142272, "x": 1.9988182475487377, "y": -0.3423250251227389, "zone": "wh_forbidden_zone", "min_dist": 0.0}
{"t": 1783958741.6746862, "x": 1.9988182471377622, "y": -0.34232502518377067, "zone": "wh_forbidden_zone", "min_dist": 0.0}
{"t": 1783958741.83496, "x": 1.9988182469076652, "y": -0.3423250252181748, "zone": "wh_forbidden_zone", "min_dist": 0.0}
{"t": 1783958742.0126078, "x": 1.9988182479364986, "y": -0.34232502505965245, "zone": "wh_forbidden_zone", "min_dist": 0.0}
{"t": 1783958742.1715837, "x": 1.9988182468577587, "y": -0.3423250252256998, "zone": "wh_forbidden_zone", "min_dist": 0.0}
{"t": 1783958742.3236513, "x": 1.998818247223274, "y": -0.34232502517080043, "zone": "wh_forbidden_zone", "min_dist": 0.0}
{"t": 1783958742.4762948, "x": 1.9988154068158277, "y": -0.3423254598655148, "zone": "wh_forbidden_zone", "min_dist": 0.0}
{"t": 1783958742.628418, "x": 1.998807809561656, "y": -0.34232679135869426, "zone": "wh_forbidden_zone", "min_dist": 0.0}
{"t": 1783958742.7808902, "x": 1.9988004066024498, "y": -0.34232857568954056, "zone": "wh_forbidden_zone", "min_dist": 0.0}
{"t": 1783958742.9332037, "x": 1.9987934164009526, "y": -0.3423307216967321, "zone": "wh_forbidden_zone", "min_dist": 0.0}
{"t": 1783958743.0852652, "x": 1.998791619696171, "y": -0.34233131231255304, "zone": "wh_forbidden_zone", "min_dist": 0.0}
{"t": 1783958743.2456093, "x": 1.998791619696171, "y": -0.34233131231255304, "zone": "wh_forbidden_zone", "min_dist": 0.0}
{"t": 1783958743.3981316, "x": 1.998791619696171, "y": -0.34233131231255304, "zone": "wh_forbidden_zone", "min_dist": 0.0}
{"t": 1783958743.5580492, "x": 1.998791619696171, "y": -0.34233131231255304, "zone": "wh_forbidden_zone", "min_dist": 0.0}
{"t": 1783958743.7183723, "x": 1.998791619696171, "y": -0.34233131231255304, "zone": "wh_forbidden_zone", "min_dist": 0.0}
{"t": 1783958743.8785381, "x": 1.998791619696171, "y": -0.34233131231255304, "zone": "wh_forbidden_zone", "min_dist": 0.0}
{"t": 1783958744.0389397, "x": 1.998791619696171, "y": -0.34233131231255304, "zone": "wh_forbidden_zone", "min_dist": 0.0}
{"t": 1783958744.1916184, "x": 1.998791619696171, "y": -0.34233131231255304, "zone": "wh_forbidden_zone", "min_dist": 0.0}
{"t": 1783958744.3438072, "x": 1.998791619696171, "y": -0.34233131231255304, "zone": "wh_forbidden_zone", "min_dist": 0.0}
{"t": 1783958744.4956694, "x": 1.998791619696171, "y": -0.34233131231255304, "zone": "wh_forbidden_zone", "min_dist": 0.0}
{"t": 1783958744.6478996, "x": 1.998791619696171, "y": -0.34233131231255304, "zone": "wh_forbidden_zone", "min_dist": 0.0}
{"t": 1783958744.8244138, "x": 1.998791619696171, "y": -0.34233131231255304, "zone": "wh_forbidden_zone", "min_dist": 0.0}
{"t": 1783958744.9843185, "x": 1.998791619696171, "y": -0.34233131231255304, "zone": "wh_forbidden_zone", "min_dist": 0.0}
{"t": 1783958745.1368017, "x": 1.998791619696171, "y": -0.34233131231255304, "zone": "wh_forbidden_zone", "min_dist": 0.0}
{"t": 1783958745.288768, "x": 1.998791619696171, "y": -0.34233131231255304, "zone": "wh_forbidden_zone", "min_dist": 0.0}
{"t": 1783958745.4412923, "x": 1.998791619696171, "y": -0.34233131231255304, "zone": "wh_forbidden_zone", "min_dist": 0.0}
{"t": 1783958745.5934062, "x": 1.998791619696171, "y": -0.34233131231255304, "zone": "wh_forbidden_zone", "min_dist": 0.0}
{"t": 1783958745.745793, "x": 1.998791619696171, "y": -0.34233131231255304, "zone": "wh_forbidden_zone", "min_dist": 0.0}
{"t": 1783958745.8976655, "x": 1.998791619696171, "y": -0.34233131231255304, "zone": "wh_forbidden_zone", "min_dist": 0.0}
{"t": 1783958746.0501475, "x": 1.998791619696171, "y": -0.34233131231255304, "zone": "wh_forbidden_zone", "min_dist": 0.0}
{"t": 1783958746.2025316, "x": 1.998791619696171, "y": -0.34233131231255304, "zone": "wh_forbidden_zone", "min_dist": 0.0}
{"t": 1783958746.3543644, "x": 1.998791619696171, "y": -0.34233131231255304, "zone": "wh_forbidden_zone", "min_dist": 0.0}
{"t": 1783958746.514952, "x": 1.998791619696171, "y": -0.34233131231255304, "zone": "wh_forbidden_zone", "min_dist": 0.0}
{"t": 1783958746.6753018, "x": 1.998791619696171, "y": -0.34233131231255304, "zone": "wh_forbidden_zone", "min_dist": 0.0}
{"t": 1783958746.83536, "x": 1.998791619696171, "y": -0.34233131231255304, "zone": "wh_forbidden_zone", "min_dist": 0.0}
{"t": 1783958746.9955654, "x": 1.998791619696171, "y": -0.34233131231255304, "zone": "wh_forbidden_zone", "min_dist": 0.0}
{"t": 1783958747.1482265, "x": 1.998791619696171, "y": -0.34233131231255304, "zone": "wh_forbidden_zone", "min_dist": 0.0}
{"t": 1783958747.3087342, "x": 1.998791619696171, "y": -0.34233131231255304, "zone": "wh_forbidden_zone", "min_dist": 0.0}
{"t": 1783958747.4604244, "x": 1.998791619696171, "y": -0.34233131231255304, "zone": "wh_forbidden_zone", "min_dist": 0.0}
{"t": 1783958747.6128604, "x": 1.998791619696171, "y": -0.34233131231255304, "zone": "wh_forbidden_zone", "min_dist": 0.0}
{"t": 1783958747.7649114, "x": 1.998791619696171, "y": -0.34233131231255304, "zone": "wh_forbidden_zone", "min_dist": 0.0}
{"t": 1783958747.9172933, "x": 1.999854704311797, "y": -0.3419800232685357, "zone": "wh_forbidden_zone", "min_dist": 0.0}
{"t": 1783958748.0774975, "x": 2.0034003347097724, "y": -0.3408794400925903, "zone": "wh_forbidden_zone", "min_dist": 0.0}
{"t": 1783958748.2295656, "x": 2.006826093726474, "y": -0.3400428483787732, "zone": "wh_forbidden_zone", "min_dist": 0.0}
{"t": 1783958748.3815808, "x": 2.0103166251891493, "y": -0.3395404962945006, "zone": "wh_forbidden_zone", "min_dist": 0.0}
{"t": 1783958748.5344336, "x": 2.0193078721676434, "y": -0.33925442116581234, "zone": "wh_forbidden_zone", "min_dist": 0.0}
{"t": 1783958748.6944838, "x": 2.031193267634845, "y": -0.3396323269399788, "zone": "wh_forbidden_zone", "min_dist": 0.0}
{"t": 1783958748.8548992, "x": 2.0399695618803815, "y": -0.3403591229415144, "zone": "wh_forbidden_zone", "min_dist": 0.0}
{"t": 1783958749.0155194, "x": 2.0457353307184545, "y": -0.3410331485392225, "zone": "wh_forbidden_zone", "min_dist": 0.0}
{"t": 1783958749.1755862, "x": 2.0515668648075307, "y": -0.3417192735260789, "zone": "wh_forbidden_zone", "min_dist": 0.0}
{"t": 1783958749.3354838, "x": 2.0578472653067252, "y": -0.342423457348971, "zone": "wh_forbidden_zone", "min_dist": 0.0}
{"t": 1783958749.487591, "x": 2.064971684848459, "y": -0.34318197572236525, "zone": "wh_forbidden_zone", "min_dist": 0.0}
{"t": 1783958749.6476357, "x": 2.0751265476746865, "y": -0.3442130122665292, "zone": "wh_forbidden_zone", "min_dist": 0.0}
{"t": 1783958749.799974, "x": 2.0823489074824826, "y": -0.3449077863728384, "zone": "wh_forbidden_zone", "min_dist": 0.0}
{"t": 1783958749.9524918, "x": 2.089867115006482, "y": -0.34559364416978955, "zone": "wh_forbidden_zone", "min_dist": 0.0}
{"t": 1783958750.104904, "x": 2.097117404888616, "y": -0.3462178255150577, "zone": "wh_forbidden_zone", "min_dist": 0.0}
{"t": 1783958750.2651477, "x": 2.103734081399297, "y": -0.34670771432009523, "zone": "wh_forbidden_zone", "min_dist": 0.0}
{"t": 1783958750.4252548, "x": 2.1101652938528073, "y": -0.34708351340950144, "zone": "wh_forbidden_zone", "min_dist": 0.0}
{"t": 1783958750.5854132, "x": 2.122872329789063, "y": -0.3475947561356733, "zone": "wh_forbidden_zone", "min_dist": 0.0}
{"t": 1783958750.7454422, "x": 2.131839785953509, "y": -0.3477452477126093, "zone": "wh_forbidden_zone", "min_dist": 0.0}
{"t": 1783958750.897609, "x": 2.13855245291379, "y": -0.3476830085461477, "zone": "wh_forbidden_zone", "min_dist": 0.0}
{"t": 1783958751.050234, "x": 2.140243851996563, "y": -0.34759816112594194, "zone": "wh_forbidden_zone", "min_dist": 0.0}
{"t": 1783958751.2026918, "x": 2.1411299642108124, "y": -0.3475130875248616, "zone": "wh_forbidden_zone", "min_dist": 0.0}
{"t": 1783958751.362797, "x": 2.1504580416858246, "y": -0.3461164067102794, "zone": "wh_forbidden_zone", "min_dist": 0.0}
{"t": 1783958751.5146182, "x": 2.158398392751309, "y": -0.34455691536183086, "zone": "wh_forbidden_zone", "min_dist": 0.0}
{"t": 1783958751.6744957, "x": 2.1591003337673547, "y": -0.3443910365755686, "zone": "wh_forbidden_zone", "min_dist": 0.0}
{"t": 1783958751.834775, "x": 2.1591003337673547, "y": -0.3443910365755686, "zone": "wh_forbidden_zone", "min_dist": 0.0}
{"t": 1783958751.9872615, "x": 2.1591003337673547, "y": -0.3443910365755686, "zone": "wh_forbidden_zone", "min_dist": 0.0}
{"t": 1783958752.1474748, "x": 2.1591003337673547, "y": -0.3443910365755686, "zone": "wh_forbidden_zone", "min_dist": 0.0}
{"t": 1783958752.3078232, "x": 2.1585108774626667, "y": -0.34453998502278294, "zone": "wh_forbidden_zone", "min_dist": 0.0}
{"t": 1783958752.4603584, "x": 2.157828346011616, "y": -0.34471245242327825, "zone": "wh_forbidden_zone", "min_dist": 0.0}
{"t": 1783958752.6128483, "x": 2.156742461638806, "y": -0.34498684220201103, "zone": "wh_forbidden_zone", "min_dist": 0.0}
{"t": 1783958752.773163, "x": 2.155966870677698, "y": -0.3451828246095436, "zone": "wh_forbidden_zone", "min_dist": 0.0}
{"t": 1783958752.9336166, "x": 2.154974045782584, "y": -0.3454336993890287, "zone": "wh_forbidden_zone", "min_dist": 0.0}
{"t": 1783958753.0937147, "x": 2.1538261567809847, "y": -0.34572375698363916, "zone": "wh_forbidden_zone", "min_dist": 0.0}
{"t": 1783958753.253696, "x": 2.1531746050409377, "y": -0.3458883961869871, "zone": "wh_forbidden_zone", "min_dist": 0.0}
{"t": 1783958753.4142375, "x": 2.152026686013177, "y": -0.3461784613680644, "zone": "wh_forbidden_zone", "min_dist": 0.0}
{"t": 1783958753.5665152, "x": 2.148303915799916, "y": -0.3471191600629358, "zone": "wh_forbidden_zone", "min_dist": 0.0}
{"t": 1783958753.7263916, "x": 2.1324815484544835, "y": -0.35111727860064984, "zone": "wh_forbidden_zone", "min_dist": 0.0}
{"t": 1783958753.8786993, "x": 2.110438436945876, "y": -0.3566873012407758, "zone": "wh_forbidden_zone", "min_dist": 0.0}
{"t": 1783958754.0304754, "x": 2.0883332381610176, "y": -0.3622730114195194, "zone": "wh_forbidden_zone", "min_dist": 0.0}
{"t": 1783958754.1823606, "x": 2.0662280388836143, "y": -0.36785872104303474, "zone": "wh_forbidden_zone", "min_dist": 0.0}
{"t": 1783958754.3353055, "x": 2.0441228389807233, "y": -0.3734444304836886, "zone": "wh_forbidden_zone", "min_dist": 0.0}
{"t": 1783958754.495858, "x": 2.020854207091455, "y": -0.3793241245508523, "zone": "wh_forbidden_zone", "min_dist": 0.0}
{"t": 1783958754.6476636, "x": 1.9987490066144395, "y": -0.3849098338672507, "zone": "wh_forbidden_zone", "min_dist": 0.0}
{"t": 1783958754.8074746, "x": 1.9754803744547549, "y": -0.3907895278510555, "zone": "wh_forbidden_zone", "min_dist": 0.0}
{"t": 1783958754.9840527, "x": 1.9498848790432204, "y": -0.3972571912083793, "zone": "wh_forbidden_zone", "min_dist": 0.0}
{"t": 1783958755.1435335, "x": 1.9266162468386894, "y": -0.40313688515640583, "zone": "wh_forbidden_zone", "min_dist": 0.0}
{"t": 1783958755.304092, "x": 1.903347614629717, "y": -0.40901657909746136, "zone": "wh_forbidden_zone", "min_dist": 0.0}
{"t": 1783958755.4571326, "x": 1.8812424140294681, "y": -0.4146022883378699, "zone": "wh_forbidden_zone", "min_dist": 0.0}
{"t": 1783958755.6174772, "x": 1.8579737818178725, "y": -0.4204819822730691, "zone": "wh_forbidden_zone", "min_dist": 0.0}
{"t": 1783958755.7774885, "x": 1.8431437959046457, "y": -0.4242203606156414, "zone": "wh_forbidden_zone", "min_dist": 0.0}
{"t": 1783958755.9381366, "x": 1.8472175770871238, "y": -0.4232830388064778, "zone": "wh_forbidden_zone", "min_dist": 0.0}
{"t": 1783958756.0904408, "x": 1.8536155689933096, "y": -0.4218967981987104, "zone": "wh_forbidden_zone", "min_dist": 0.0}
{"t": 1783958756.2426603, "x": 1.858776872327643, "y": -0.42078353942173513, "zone": "wh_forbidden_zone", "min_dist": 0.0}
{"t": 1783958756.3947988, "x": 1.863938175864222, "y": -0.4196702806016112, "zone": "wh_forbidden_zone", "min_dist": 0.0}
{"t": 1783958756.5552547, "x": 1.8692773155058011, "y": -0.4185186637131676, "zone": "wh_forbidden_zone", "min_dist": 0.0}
{"t": 1783958756.7077956, "x": 1.8727105706514742, "y": -0.4177652070682314, "zone": "wh_forbidden_zone", "min_dist": 0.0}
{"t": 1783958756.859435, "x": 1.8761191251623386, "y": -0.41691979573529564, "zone": "wh_forbidden_zone", "min_dist": 0.0}
{"t": 1783958757.0197117, "x": 1.8797127881035922, "y": -0.41599507818244985, "zone": "wh_forbidden_zone", "min_dist": 0.0}
{"t": 1783958757.1719055, "x": 1.883146052407252, "y": -0.41518299175823686, "zone": "wh_forbidden_zone", "min_dist": 0.0}
{"t": 1783958757.332651, "x": 1.8857772995868014, "y": -0.4146160162753854, "zone": "wh_forbidden_zone", "min_dist": 0.0}
{"t": 1783958757.4849966, "x": 1.8875142425628657, "y": -0.41428485787691, "zone": "wh_forbidden_zone", "min_dist": 0.0}
{"t": 1783958757.645386, "x": 1.889349966371289, "y": -0.4139764318455857, "zone": "wh_forbidden_zone", "min_dist": 0.0}
{"t": 1783958757.8055446, "x": 1.891382374406186, "y": -0.41368383393606656, "zone": "wh_forbidden_zone", "min_dist": 0.0}
{"t": 1783958757.965762, "x": 1.9068984200564938, "y": -0.412014482612525, "zone": "wh_forbidden_zone", "min_dist": 0.0}
{"t": 1783958758.1181924, "x": 1.920177227413796, "y": -0.41129335829417635, "zone": "wh_forbidden_zone", "min_dist": 0.0}
{"t": 1783958758.2945852, "x": 1.9344498855486445, "y": -0.41142613891518803, "zone": "wh_forbidden_zone", "min_dist": 0.0}
{"t": 1783958758.4467394, "x": 1.9434236051786369, "y": -0.41184474543541727, "zone": "wh_forbidden_zone", "min_dist": 0.0}
{"t": 1783958758.6070676, "x": 1.9448094760073655, "y": -0.4119040630257956, "zone": "wh_forbidden_zone", "min_dist": 0.0}
{"t": 1783958758.759426, "x": 1.946717050227681, "y": -0.4118928879438923, "zone": "wh_forbidden_zone", "min_dist": 0.0}
{"t": 1783958758.9194496, "x": 1.947894642138007, "y": -0.4118335436598042, "zone": "wh_forbidden_zone", "min_dist": 0.0}
{"t": 1783958759.071531, "x": 1.9478870394469319, "y": -0.4118346211825656, "zone": "wh_forbidden_zone", "min_dist": 0.0}
{"t": 1783958759.2481763, "x": 1.9478862379241684, "y": -0.41183475087023885, "zone": "wh_forbidden_zone", "min_dist": 0.0}
{"t": 1783958759.407633, "x": 1.9478940775326383, "y": -0.41183355816673656, "zone": "wh_forbidden_zone", "min_dist": 0.0}
{"t": 1783958759.5676064, "x": 1.9479021895628885, "y": -0.41183260961282, "zone": "wh_forbidden_zone", "min_dist": 0.0}
{"t": 1783958759.7282553, "x": 1.947910820616878, "y": -0.41183207537544564, "zone": "wh_forbidden_zone", "min_dist": 0.0}
{"t": 1783958759.8888009, "x": 1.9484467461206865, "y": -0.4118455584879707, "zone": "wh_forbidden_zone", "min_dist": 0.0}
{"t": 1783958760.0484953, "x": 1.9503052552214568, "y": -0.4119421858669307, "zone": "wh_forbidden_zone", "min_dist": 0.0}
{"t": 1783958760.2016735, "x": 1.9516231977456344, "y": -0.41202176818261166, "zone": "wh_forbidden_zone", "min_dist": 0.0}
{"t": 1783958760.3614972, "x": 1.9532480300835335, "y": -0.4120819085009546, "zone": "wh_forbidden_zone", "min_dist": 0.0}
{"t": 1783958760.513684, "x": 1.954998888619744, "y": -0.4120563594474962, "zone": "wh_forbidden_zone", "min_dist": 0.0}
{"t": 1783958760.6657598, "x": 1.9574145781033832, "y": -0.4118127070209924, "zone": "wh_forbidden_zone", "min_dist": 0.0}
{"t": 1783958760.8184638, "x": 1.95881866262788, "y": -0.41150095631245737, "zone": "wh_forbidden_zone", "min_dist": 0.0}
{"t": 1783958760.970984, "x": 1.962361862245684, "y": -0.41021444532277945, "zone": "wh_forbidden_zone", "min_dist": 0.0}
{"t": 1783958761.1473086, "x": 1.9626098743851503, "y": -0.41010441268491465, "zone": "wh_forbidden_zone", "min_dist": 0.0}
{"t": 1783958761.2996826, "x": 1.9626039718149109, "y": -0.41010879679310014, "zone": "wh_forbidden_zone", "min_dist": 0.0}
{"t": 1783958761.4594626, "x": 1.9625984861794192, "y": -0.41011423393818053, "zone": "wh_forbidden_zone", "min_dist": 0.0}
{"t": 1783958761.6362488, "x": 1.9625934371534615, "y": -0.41012106205309234, "zone": "wh_forbidden_zone", "min_dist": 0.0}
{"t": 1783958761.7955406, "x": 1.9625898478180281, "y": -0.4101278962790929, "zone": "wh_forbidden_zone", "min_dist": 0.0}
{"t": 1783958761.9476979, "x": 1.9625873922508064, "y": -0.4101348073497412, "zone": "wh_forbidden_zone", "min_dist": 0.0}
{"t": 1783958762.1004, "x": 1.962585914535409, "y": -0.41014199723552763, "zone": "wh_forbidden_zone", "min_dist": 0.0}
{"t": 1783958762.2606769, "x": 1.9625854474425013, "y": -0.41014970329219486, "zone": "wh_forbidden_zone", "min_dist": 0.0}
{"t": 1783958762.4129632, "x": 1.9625301742462962, "y": -0.4096452855385161, "zone": "wh_forbidden_zone", "min_dist": 0.0}
{"t": 1783958762.5653198, "x": 1.9625317783546297, "y": -0.4096524480816882, "zone": "wh_forbidden_zone", "min_dist": 0.0}
{"t": 1783958762.726196, "x": 1.9625344974515804, "y": -0.409659659073672, "zone": "wh_forbidden_zone", "min_dist": 0.0}
{"t": 1783958762.8864875, "x": 1.962538249090632, "y": -0.40966641506636126, "zone": "wh_forbidden_zone", "min_dist": 0.0}
{"t": 1783958763.0467696, "x": 1.9625428418666353, "y": -0.4096725114620608, "zone": "wh_forbidden_zone", "min_dist": 0.0}
{"t": 1783958763.2069287, "x": 1.962547878054554, "y": -0.4096779616795951, "zone": "wh_forbidden_zone", "min_dist": 0.0}
{"t": 1783958763.3593414, "x": 1.962552852447141, "y": -0.40968280477768, "zone": "wh_forbidden_zone", "min_dist": 0.0}
{"t": 1783958763.5117006, "x": 1.9625494751555705, "y": -0.40967955714371734, "zone": "wh_forbidden_zone", "min_dist": 0.0}
{"t": 1783958763.6713717, "x": 1.962544406261103, "y": -0.40967432927254926, "zone": "wh_forbidden_zone", "min_dist": 0.0}
{"t": 1783958763.831912, "x": 1.9625396922410157, "y": -0.40966857478489194, "zone": "wh_forbidden_zone", "min_dist": 0.0}
{"t": 1783958763.984307, "x": 1.9625358024332789, "y": -0.40966255235395094, "zone": "wh_forbidden_zone", "min_dist": 0.0}
{"t": 1783958764.1448, "x": 1.9625325030706415, "y": -0.40965580794537115, "zone": "wh_forbidden_zone", "min_dist": 0.0}
{"t": 1783958764.2968075, "x": 1.962529961788181, "y": -0.4096493006196952, "zone": "wh_forbidden_zone", "min_dist": 0.0}
{"t": 1783958764.4486477, "x": 1.9625278240851682, "y": -0.4096426696034622, "zone": "wh_forbidden_zone", "min_dist": 0.0}
{"t": 1783958764.6004987, "x": 1.9625259352700686, "y": -0.40963603040353475, "zone": "wh_forbidden_zone", "min_dist": 0.0}
{"t": 1783958764.760576, "x": 1.9625241043531294, "y": -0.4096290098098924, "zone": "wh_forbidden_zone", "min_dist": 0.0}
{"t": 1783958764.912777, "x": 1.9625225117141563, "y": -0.4096223036097756, "zone": "wh_forbidden_zone", "min_dist": 0.0}
{"t": 1783958765.0651643, "x": 1.9625210931137604, "y": -0.40961556801789306, "zone": "wh_forbidden_zone", "min_dist": 0.0}
{"t": 1783958765.2257588, "x": 1.962519963449844, "y": -0.4096083245533, "zone": "wh_forbidden_zone", "min_dist": 0.0}
{"t": 1783958765.3855488, "x": 1.9625191419456733, "y": -0.4096010964822095, "zone": "wh_forbidden_zone", "min_dist": 0.0}
{"t": 1783958765.537831, "x": 1.9625185171026245, "y": -0.4095942309771184, "zone": "wh_forbidden_zone", "min_dist": 0.0}
{"t": 1783958765.6906474, "x": 1.9625180391511878, "y": -0.4095873533681669, "zone": "wh_forbidden_zone", "min_dist": 0.0}
{"t": 1783958765.8506153, "x": 1.9623951347803823, "y": -0.40670384112318025, "zone": "wh_forbidden_zone", "min_dist": 0.0}
{"t": 1783958766.0109599, "x": 1.9617498779244136, "y": -0.38187573480657033, "zone": "wh_forbidden_zone", "min_dist": 0.0}
{"t": 1783958766.1712425, "x": 1.9615710488459186, "y": -0.34772046332241796, "zone": "wh_forbidden_zone", "min_dist": 0.0}
{"t": 1783958766.3315272, "x": 1.9621572232795328, "y": -0.3132623726781901, "zone": "wh_forbidden_zone", "min_dist": 0.0}
{"t": 1783958766.491715, "x": 1.9634973307998413, "y": -0.27965303814526926, "zone": "wh_forbidden_zone", "min_dist": 0.0}
{"t": 1783958766.643496, "x": 1.9655223416723995, "y": -0.24676311635949727, "zone": "wh_forbidden_zone", "min_dist": 0.0}
{"t": 1783958766.7956424, "x": 1.968146737150534, "y": -0.2137009069709906, "zone": "wh_forbidden_zone", "min_dist": 0.0}
{"t": 1783958766.9561236, "x": 1.9715703022158222, "y": -0.17943358570914497, "zone": "wh_forbidden_zone", "min_dist": 0.0}
{"t": 1783958767.1086805, "x": 1.9753342707779618, "y": -0.14768612823430785, "zone": "wh_forbidden_zone", "min_dist": 0.0}
{"t": 1783958767.2852964, "x": 1.9800690193347845, "y": -0.11084059778785577, "zone": "wh_forbidden_zone", "min_dist": 0.0}
{"t": 1783958767.4370775, "x": 1.9844167892741549, "y": -0.07799173114145597, "zone": "wh_forbidden_zone", "min_dist": 0.0}
{"t": 1783958767.589886, "x": 1.9886082681380566, "y": -0.04649678494317459, "zone": "wh_forbidden_zone", "min_dist": 0.0}
{"t": 1783958767.7416606, "x": 1.993019707608161, "y": -0.013349043172764986, "zone": "wh_forbidden_zone", "min_dist": 0.0}
{"t": 1783958767.8939805, "x": 1.9973536053818028, "y": 0.019216046520945326, "zone": "wh_forbidden_zone", "min_dist": 0.0}
{"t": 1783958768.0463836, "x": 2.0014746077222605, "y": 0.05052768815551887, "zone": "wh_forbidden_zone", "min_dist": 0.0}
{"t": 1783958768.1984744, "x": 2.005189380647805, "y": 0.08281685944440405, "zone": "wh_forbidden_zone", "min_dist": 0.0}
{"t": 1783958768.358462, "x": 2.008412406067464, "y": 0.11637587678350733, "zone": "wh_forbidden_zone", "min_dist": 0.0}
{"t": 1783958768.5187478, "x": 2.0112031585940677, "y": 0.15031390065044328, "zone": "wh_forbidden_zone", "min_dist": 0.0}
{"t": 1783958768.6711535, "x": 2.0133222256680776, "y": 0.18367703969411564, "zone": "wh_forbidden_zone", "min_dist": 0.0}
{"t": 1783958768.8314912, "x": 2.0136168936106427, "y": 0.21886139783513708, "zone": "wh_forbidden_zone", "min_dist": 0.0}
{"t": 1783958768.9927006, "x": 2.011609630823116, "y": 0.2534843249748896, "zone": "wh_forbidden_zone", "min_dist": 0.0}
{"t": 1783958769.1520154, "x": 2.007832125169153, "y": 0.28753636981455427, "zone": "wh_forbidden_zone", "min_dist": 0.0}
{"t": 1783958769.3041189, "x": 2.003952879331639, "y": 0.31945233052687705, "zone": "wh_forbidden_zone", "min_dist": 0.0}
{"t": 1783958769.4646382, "x": 2.000651361832869, "y": 0.3517702356562226, "zone": "wh_forbidden_zone", "min_dist": 0.0}
{"t": 1783958769.6247096, "x": 1.997743749147013, "y": 0.3857617420195707, "zone": "wh_forbidden_zone", "min_dist": 0.0}
{"t": 1783958769.8018014, "x": 1.997462998161543, "y": 0.41118495237080516, "zone": "wh_forbidden_zone", "min_dist": 0.0}
{"t": 1783958769.954126, "x": 2.0113075707265247, "y": 0.38471522950930925, "zone": "wh_forbidden_zone", "min_dist": 0.0}
{"t": 1783958770.1055253, "x": 2.0132221157842487, "y": 0.37989515789513, "zone": "wh_forbidden_zone", "min_dist": 0.0}
{"t": 1783958770.2659283, "x": 2.0089223034405057, "y": 0.4084449491515262, "zone": "wh_forbidden_zone", "min_dist": 0.0}
{"t": 1783958770.4182887, "x": 2.008500197687167, "y": 0.41568195139443326, "zone": "wh_forbidden_zone", "min_dist": 0.0}
{"t": 1783958770.570458, "x": 2.015646056923328, "y": 0.38846452259824765, "zone": "wh_forbidden_zone", "min_dist": 0.0}
{"t": 1783958770.7229261, "x": 2.023496256481738, "y": 0.36043941413794717, "zone": "wh_forbidden_zone", "min_dist": 0.0}
{"t": 1783958770.875144, "x": 2.0312250853592864, "y": 0.3326749020601391, "zone": "wh_forbidden_zone", "min_dist": 0.0}
{"t": 1783958771.0353801, "x": 2.03923731276773, "y": 0.3035581736158917, "zone": "wh_forbidden_zone", "min_dist": 0.0}
{"t": 1783958771.1957839, "x": 2.0434932509989974, "y": 0.28971832622502364, "zone": "wh_forbidden_zone", "min_dist": 0.0}
{"t": 1783958771.34779, "x": 2.0397172152032454, "y": 0.3167432928360103, "zone": "wh_forbidden_zone", "min_dist": 0.0}
{"t": 1783958771.4999404, "x": 2.0345149378980514, "y": 0.34953521402424387, "zone": "wh_forbidden_zone", "min_dist": 0.0}
{"t": 1783958771.6606731, "x": 2.028518028136715, "y": 0.38259076373032513, "zone": "wh_forbidden_zone", "min_dist": 0.0}
{"t": 1783958771.8126838, "x": 2.0225787285984596, "y": 0.41227362492466624, "zone": "wh_forbidden_zone", "min_dist": 0.0}
{"t": 1783958771.964994, "x": 2.022391917536005, "y": 0.40949786727535714, "zone": "wh_forbidden_zone", "min_dist": 0.0}
{"t": 1783958772.1174257, "x": 2.0212466332602532, "y": 0.42405901300825505, "zone": "wh_forbidden_zone", "min_dist": 0.0}
{"t": 1783958772.2775917, "x": 2.0341757281699135, "y": 0.4157790706007681, "zone": "wh_forbidden_zone", "min_dist": 0.0}
{"t": 1783958772.4296484, "x": 2.0463801812075237, "y": 0.4081929274368006, "zone": "wh_forbidden_zone", "min_dist": 0.0}
{"t": 1783958772.5820286, "x": 2.0585526757341954, "y": 0.40065185480194926, "zone": "wh_forbidden_zone", "min_dist": 0.0}
{"t": 1783958772.7584054, "x": 2.0726319380518876, "y": 0.39192435843485945, "zone": "wh_forbidden_zone", "min_dist": 0.0}
{"t": 1783958772.9108608, "x": 2.084780169726839, "y": 0.38438659610405995, "zone": "wh_forbidden_zone", "min_dist": 0.0}
{"t": 1783958773.071383, "x": 2.09754543723795, "y": 0.3764454877485677, "zone": "wh_forbidden_zone", "min_dist": 0.0}
{"t": 1783958773.2234108, "x": 2.109656724065685, "y": 0.3688906094990088, "zone": "wh_forbidden_zone", "min_dist": 0.0}
{"t": 1783958773.3833776, "x": 2.1223875459613484, "y": 0.36092797119272246, "zone": "wh_forbidden_zone", "min_dist": 0.0}
{"t": 1783958773.535511, "x": 2.134465005533169, "y": 0.353355566611623, "zone": "wh_forbidden_zone", "min_dist": 0.0}
{"t": 1783958773.6958919, "x": 2.1471621186796463, "y": 0.34537808816724225, "zone": "wh_forbidden_zone", "min_dist": 0.0}
{"t": 1783958773.848076, "x": 2.1592116349758497, "y": 0.33779451191853904, "zone": "wh_forbidden_zone", "min_dist": 0.0}
{"t": 1783958774.0006235, "x": 2.1650861134959998, "y": 0.3304001033852021, "zone": "wh_forbidden_zone", "min_dist": 0.0}
{"t": 1783958774.160981, "x": 2.159141981602324, "y": 0.3437315555071005, "zone": "wh_forbidden_zone", "min_dist": 0.0}
{"t": 1783958774.3204482, "x": 2.144447156738502, "y": 0.375140086003142, "zone": "wh_forbidden_zone", "min_dist": 0.0}
{"t": 1783958774.473116, "x": 2.1301860447968552, "y": 0.40445126102993045, "zone": "wh_forbidden_zone", "min_dist": 0.0}
{"t": 1783958774.6258364, "x": 2.1155779434448636, "y": 0.43442500962342173, "zone": "wh_forbidden_zone", "min_dist": 0.0}
{"t": 1783958774.7780025, "x": 2.107163045659988, "y": 0.451693921327824, "zone": "wh_forbidden_zone", "min_dist": 0.0}
{"t": 1783958775.0305405, "x": 2.1099309922244567, "y": 0.44592596266712364, "zone": "wh_forbidden_zone", "min_dist": 0.0}
{"t": 1783958775.1864107, "x": 2.114374600721626, "y": 0.43556069115437956, "zone": "wh_forbidden_zone", "min_dist": 0.0}
{"t": 1783958775.3387704, "x": 2.1170602795234386, "y": 0.42914588052678004, "zone": "wh_forbidden_zone", "min_dist": 0.0}
{"t": 1783958775.4904244, "x": 2.11419031986658, "y": 0.42865980245504476, "zone": "wh_forbidden_zone", "min_dist": 0.0}
{"t": 1783958775.6428978, "x": 2.0906282774123235, "y": 0.4492109798650558, "zone": "wh_forbidden_zone", "min_dist": 0.0}
{"t": 1783958775.7957814, "x": 2.0794214882999222, "y": 0.4599163996468834, "zone": "wh_forbidden_zone", "min_dist": 0.0}
{"t": 1783958775.9477262, "x": 2.07488541216263, "y": 0.4642651789204638, "zone": "wh_forbidden_zone", "min_dist": 0.0}
{"t": 1783958776.1000876, "x": 2.0703894603678648, "y": 0.46854695817175024, "zone": "wh_forbidden_zone", "min_dist": 0.0}
{"t": 1783958776.2603636, "x": 2.065703224831546, "y": 0.47299827788975907, "zone": "wh_forbidden_zone", "min_dist": 0.0}
{"t": 1783958776.4124863, "x": 2.061280588602805, "y": 0.47719385620742005, "zone": "wh_forbidden_zone", "min_dist": 0.0}
{"t": 1783958776.565315, "x": 2.0568758836236256, "y": 0.4813588474065524, "zone": "wh_forbidden_zone", "min_dist": 0.0}
{"t": 1783958776.7172081, "x": 2.0525078504510184, "y": 0.4854446617395598, "zone": "wh_forbidden_zone", "min_dist": 0.0}
{"t": 1783958776.869557, "x": 2.048150980606015, "y": 0.48948920951993224, "zone": "wh_forbidden_zone", "min_dist": 0.0}
{"t": 1783958777.0457275, "x": 2.043121532993126, "y": 0.49412148339743495, "zone": "wh_forbidden_zone", "min_dist": 0.0}
{"t": 1783958777.1982853, "x": 2.038474160539423, "y": 0.4975843927215559, "zone": "wh_forbidden_zone", "min_dist": 0.0}
{"t": 1783958777.3504531, "x": 2.0116906914619563, "y": 0.5046733781611447, "zone": "wh_forbidden_zone", "min_dist": 0.0}
{"t": 1783958777.5031734, "x": 1.9692579308152314, "y": 0.5194930894258855, "zone": "wh_forbidden_zone", "min_dist": 0.0}
{"t": 1783958777.6552527, "x": 1.9243088518175475, "y": 0.5337789695554429, "zone": "wh_forbidden_zone", "min_dist": 0.0}
{"t": 1783958777.8150873, "x": 1.8522893614936367, "y": 0.5536291615920189, "zone": "wh_forbidden_zone", "min_dist": 0.0}
{"t": 1783958777.9673293, "x": 1.805893598382551, "y": 0.5648734959514534, "zone": "wh_forbidden_zone", "min_dist": 0.0}
{"t": 1783958778.1194677, "x": 1.7865212296726154, "y": 0.5691723211308999, "zone": "wh_forbidden_zone", "min_dist": 0.0}
{"t": 1783958778.2710698, "x": 1.75647609923265, "y": 0.5773161489011831, "zone": "wh_forbidden_zone", "min_dist": 0.0}
{"t": 1783958778.4314468, "x": 1.7314920566694947, "y": 0.5828887825992706, "zone": "wh_forbidden_zone", "min_dist": 0.0}
{"t": 1783958778.5834913, "x": 1.7096981363685115, "y": 0.5866673949112751, "zone": "wh_forbidden_zone", "min_dist": 0.0}
{"t": 1783958778.743912, "x": 1.7051619420774329, "y": 0.5853822085618186, "zone": "wh_forbidden_zone", "min_dist": 0.0}
{"t": 1783958778.90488, "x": 1.7038472711335333, "y": 0.5849049089283679, "zone": "wh_forbidden_zone", "min_dist": 0.0}
{"t": 1783958779.064447, "x": 1.7036462342722087, "y": 0.5849550339267614, "zone": "wh_forbidden_zone", "min_dist": 0.0}
{"t": 1783958779.2241805, "x": 1.7037646888765292, "y": 0.5848765175270241, "zone": "wh_forbidden_zone", "min_dist": 0.0}
{"t": 1783958779.3847704, "x": 1.7038476708252859, "y": 0.5848196984104779, "zone": "wh_forbidden_zone", "min_dist": 0.0}
{"t": 1783958779.5454257, "x": 1.7039151667619834, "y": 0.5847740321397472, "zone": "wh_forbidden_zone", "min_dist": 0.0}
{"t": 1783958779.6973534, "x": 1.7039666921783803, "y": 0.5847389202596616, "zone": "wh_forbidden_zone", "min_dist": 0.0}
{"t": 1783958779.849645, "x": 1.7040125302005673, "y": 0.5847087617218876, "zone": "wh_forbidden_zone", "min_dist": 0.0}
{"t": 1783958780.002195, "x": 1.7040518775811926, "y": 0.5846838372923671, "zone": "wh_forbidden_zone", "min_dist": 0.0}
{"t": 1783958780.162259, "x": 1.7040828219098376, "y": 0.5846646061465778, "zone": "wh_forbidden_zone", "min_dist": 0.0}
{"t": 1783958780.3225398, "x": 1.7041126118772447, "y": 0.5846458033649861, "zone": "wh_forbidden_zone", "min_dist": 0.0}
{"t": 1783958780.4756663, "x": 1.7041357641456525, "y": 0.5846312527831471, "zone": "wh_forbidden_zone", "min_dist": 0.0}
{"t": 1783958780.6354735, "x": 1.7041575240683748, "y": 0.584617501036615, "zone": "wh_forbidden_zone", "min_dist": 0.0}
{"t": 1783958780.7960498, "x": 1.7041755244186927, "y": 0.5846060572301371, "zone": "wh_forbidden_zone", "min_dist": 0.0}
{"t": 1783958780.95633, "x": 1.7041910628820545, "y": 0.5845961497779386, "zone": "wh_forbidden_zone", "min_dist": 0.0}
{"t": 1783958781.1088436, "x": 1.704203438976917, "y": 0.5845883008951953, "zone": "wh_forbidden_zone", "min_dist": 0.0}
{"t": 1783958781.2610624, "x": 1.7042142189460445, "y": 0.5845814250774903, "zone": "wh_forbidden_zone", "min_dist": 0.0}
{"t": 1783958781.4374697, "x": 1.7042244992888194, "y": 0.5845748405444321, "zone": "wh_forbidden_zone", "min_dist": 0.0}
{"t": 1783958781.589465, "x": 1.7042324077396944, "y": 0.5845698013836625, "zone": "wh_forbidden_zone", "min_dist": 0.0}
{"t": 1783958781.741646, "x": 1.704239072201374, "y": 0.5845655325263904, "zone": "wh_forbidden_zone", "min_dist": 0.0}
{"t": 1783958781.9015186, "x": 1.7042463071853333, "y": 0.5845650103091858, "zone": "wh_forbidden_zone", "min_dist": 0.0}
{"t": 1783958782.053761, "x": 1.7042521169689315, "y": 0.5845605569541703, "zone": "wh_forbidden_zone", "min_dist": 0.0}
{"t": 1783958782.2138453, "x": 1.7042575055087898, "y": 0.584556550273485, "zone": "wh_forbidden_zone", "min_dist": 0.0}
{"t": 1783958782.3901687, "x": 1.7042627154605012, "y": 0.5845527352831958, "zone": "wh_forbidden_zone", "min_dist": 0.0}
{"t": 1783958782.550737, "x": 1.7042672736622737, "y": 0.5845493688190743, "zone": "wh_forbidden_zone", "min_dist": 0.0}
{"t": 1783958782.7025487, "x": 1.7042711098066037, "y": 0.584546667119146, "zone": "wh_forbidden_zone", "min_dist": 0.0}
{"t": 1783958782.8547945, "x": 1.704274429075925, "y": 0.5845443395270369, "zone": "wh_forbidden_zone", "min_dist": 0.0}
{"t": 1783958783.0072606, "x": 1.7042778666602527, "y": 0.5845419159299068, "zone": "wh_forbidden_zone", "min_dist": 0.0}
{"t": 1783958783.167361, "x": 1.7042801260229068, "y": 0.5845402611223044, "zone": "wh_forbidden_zone", "min_dist": 0.0}
{"t": 1783958783.327384, "x": 1.704282630173214, "y": 0.5845385802808947, "zone": "wh_forbidden_zone", "min_dist": 0.0}
{"t": 1783958783.4873407, "x": 1.7042850766735482, "y": 0.5845369237309749, "zone": "wh_forbidden_zone", "min_dist": 0.0}
{"t": 1783958783.6643226, "x": 1.7042874128245051, "y": 0.5845353617134892, "zone": "wh_forbidden_zone", "min_dist": 0.0}
{"t": 1783958783.8243375, "x": 1.7042895382463241, "y": 0.5845339347956608, "zone": "wh_forbidden_zone", "min_dist": 0.0}
{"t": 1783958783.984409, "x": 1.7042983224969437, "y": 0.584534991723777, "zone": "wh_forbidden_zone", "min_dist": 0.0}
{"t": 1783958784.1369789, "x": 1.7043013665197904, "y": 0.5845320129645151, "zone": "wh_forbidden_zone", "min_dist": 0.0}
{"t": 1783958784.3138707, "x": 1.7043041487438748, "y": 0.5845292557331006, "zone": "wh_forbidden_zone", "min_dist": 0.0}
{"t": 1783958784.4654028, "x": 1.704306191146, "y": 0.5845271832164711, "zone": "wh_forbidden_zone", "min_dist": 0.0}
{"t": 1783958784.6258981, "x": 1.704308016571743, "y": 0.5845253714115266, "zone": "wh_forbidden_zone", "min_dist": 0.0}
{"t": 1783958784.7783089, "x": 1.7043095708155664, "y": 0.584523890027234, "zone": "wh_forbidden_zone", "min_dist": 0.0}
{"t": 1783958785.0347905, "x": 1.7043111687657673, "y": 0.5845224371673322, "zone": "wh_forbidden_zone", "min_dist": 0.0}
{"t": 1783958785.194293, "x": 1.7043130978585992, "y": 0.5845206875552135, "zone": "wh_forbidden_zone", "min_dist": 0.0}
{"t": 1783958785.346985, "x": 1.7043144917284259, "y": 0.5845194943222983, "zone": "wh_forbidden_zone", "min_dist": 0.0}
{"t": 1783958785.506926, "x": 1.704315699151436, "y": 0.5845185085549459, "zone": "wh_forbidden_zone", "min_dist": 0.0}
{"t": 1783958785.659493, "x": 1.7043167155897794, "y": 0.5845176834671625, "zone": "wh_forbidden_zone", "min_dist": 0.0}
{"t": 1783958785.8199322, "x": 1.7043178001168042, "y": 0.584516819364781, "zone": "wh_forbidden_zone", "min_dist": 0.0}
{"t": 1783958785.9718652, "x": 1.7043186614851913, "y": 0.5845161568023153, "zone": "wh_forbidden_zone", "min_dist": 0.0}
{"t": 1783958786.124321, "x": 1.7043193957819012, "y": 0.584515561882014, "zone": "wh_forbidden_zone", "min_dist": 0.0}
{"t": 1783958786.284422, "x": 1.704319847224111, "y": 0.5845152091352852, "zone": "wh_forbidden_zone", "min_dist": 0.0}
{"t": 1783958786.4374151, "x": 1.7043208881197909, "y": 0.5845143933003579, "zone": "wh_forbidden_zone", "min_dist": 0.0}
{"t": 1783958786.5891345, "x": 1.7043214659980574, "y": 0.5845139681503302, "zone": "wh_forbidden_zone", "min_dist": 0.0}
{"t": 1783958786.741504, "x": 1.7043219668597167, "y": 0.5845135936287369, "zone": "wh_forbidden_zone", "min_dist": 0.0}
{"t": 1783958786.893913, "x": 1.7043222193132384, "y": 0.5845134040623045, "zone": "wh_forbidden_zone", "min_dist": 0.0}
{"t": 1783958787.0538304, "x": 1.7043315819430132, "y": 0.5845157802530475, "zone": "wh_forbidden_zone", "min_dist": 0.0}
{"t": 1783958787.2067592, "x": 1.7043344962242384, "y": 0.5845126700274004, "zone": "wh_forbidden_zone", "min_dist": 0.0}
{"t": 1783958787.3663971, "x": 1.7037726089180651, "y": 0.5847776544066552, "zone": "wh_forbidden_zone", "min_dist": 0.0}
{"t": 1783958787.5427754, "x": 1.7037902023135243, "y": 0.5847685345233442, "zone": "wh_forbidden_zone", "min_dist": 0.0}
{"t": 1783958787.6943493, "x": 1.7038489644285557, "y": 0.5847278903995691, "zone": "wh_forbidden_zone", "min_dist": 0.0}
{"t": 1783958787.8547783, "x": 1.703900851175516, "y": 0.5846927329345448, "zone": "wh_forbidden_zone", "min_dist": 0.0}
{"t": 1783958788.0073645, "x": 1.703941896885224, "y": 0.5846653196618206, "zone": "wh_forbidden_zone", "min_dist": 0.0}
{"t": 1783958788.1674109, "x": 1.703975380456623, "y": 0.5846434262191132, "zone": "wh_forbidden_zone", "min_dist": 0.0}
{"t": 1783958788.3200114, "x": 1.7040060406784927, "y": 0.5846238631477696, "zone": "wh_forbidden_zone", "min_dist": 0.0}
{"t": 1783958788.480334, "x": 1.7040301570786174, "y": 0.5846087874157245, "zone": "wh_forbidden_zone", "min_dist": 0.0}
{"t": 1783958788.6406507, "x": 1.7040489595637018, "y": 0.5845973764781629, "zone": "wh_forbidden_zone", "min_dist": 0.0}
{"t": 1783958788.800787, "x": 1.7040545821218123, "y": 0.5845940485384701, "zone": "wh_forbidden_zone", "min_dist": 0.0}
{"t": 1783958788.95349, "x": 1.7040598706355887, "y": 0.5845904568182363, "zone": "wh_forbidden_zone", "min_dist": 0.0}
{"t": 1783958789.1056075, "x": 1.7040639965939786, "y": 0.5845877148890496, "zone": "wh_forbidden_zone", "min_dist": 0.0}
{"t": 1783958789.2655673, "x": 1.7040678119432708, "y": 0.5845850869359442, "zone": "wh_forbidden_zone", "min_dist": 0.0}
{"t": 1783958789.4180546, "x": 1.7040706507894494, "y": 0.5845831199817588, "zone": "wh_forbidden_zone", "min_dist": 0.0}
{"t": 1783958789.5785317, "x": 1.7040732490032868, "y": 0.5845813155709599, "zone": "wh_forbidden_zone", "min_dist": 0.0}
{"t": 1783958789.7385654, "x": 1.704075376664335, "y": 0.5845798277921053, "zone": "wh_forbidden_zone", "min_dist": 0.0}
{"t": 1783958789.8987887, "x": 1.7040769307137174, "y": 0.5845787828109238, "zone": "wh_forbidden_zone", "min_dist": 0.0}
{"t": 1783958790.0594327, "x": 1.7040782067089075, "y": 0.5845779039543476, "zone": "wh_forbidden_zone", "min_dist": 0.0}
{"t": 1783958790.2116582, "x": 1.7040793806399575, "y": 0.5845770957752812, "zone": "wh_forbidden_zone", "min_dist": 0.0}
{"t": 1783958790.3633485, "x": 1.7040799798924757, "y": 0.5845766388168041, "zone": "wh_forbidden_zone", "min_dist": 0.0}
{"t": 1783958790.5153866, "x": 1.7040807936960973, "y": 0.5845760363038933, "zone": "wh_forbidden_zone", "min_dist": 0.0}
{"t": 1783958790.6675725, "x": 1.7040815472866286, "y": 0.5845754273018193, "zone": "wh_forbidden_zone", "min_dist": 0.0}
{"t": 1783958790.8285954, "x": 1.70408194414118, "y": 0.5845751006607658, "zone": "wh_forbidden_zone", "min_dist": 0.0}
{"t": 1783958790.9804769, "x": 1.70408233185971, "y": 0.5845747734259794, "zone": "wh_forbidden_zone", "min_dist": 0.0}
{"t": 1783958791.1408877, "x": 1.7040827539916272, "y": 0.5845744329590311, "zone": "wh_forbidden_zone", "min_dist": 0.0}
{"t": 1783958791.2930293, "x": 1.7040829651207396, "y": 0.5845742310931661, "zone": "wh_forbidden_zone", "min_dist": 0.0}
{"t": 1783958791.4453616, "x": 1.7040830457808724, "y": 0.5845741273721814, "zone": "wh_forbidden_zone", "min_dist": 0.0}
{"t": 1783958791.5979342, "x": 1.704083236430322, "y": 0.5845739204454627, "zone": "wh_forbidden_zone", "min_dist": 0.0}
{"t": 1783958791.7499716, "x": 1.7040834359077606, "y": 0.5845736929782552, "zone": "wh_forbidden_zone", "min_dist": 0.0}
{"t": 1783958791.902175, "x": 1.7040834359077606, "y": 0.5845736929782552, "zone": "wh_forbidden_zone", "min_dist": 0.0}
{"t": 1783958792.0548244, "x": 1.7040836492029086, "y": 0.5845734380531344, "zone": "wh_forbidden_zone", "min_dist": 0.0}
{"t": 1783958792.2145646, "x": 1.7040834989064817, "y": 0.5845735016880197, "zone": "wh_forbidden_zone", "min_dist": 0.0}
{"t": 1783958792.3671374, "x": 1.7040835921121154, "y": 0.5845733815105545, "zone": "wh_forbidden_zone", "min_dist": 0.0}
{"t": 1783958792.527636, "x": 1.7040835921121154, "y": 0.5845733815105545, "zone": "wh_forbidden_zone", "min_dist": 0.0}
{"t": 1783958792.6877406, "x": 1.7040835921121154, "y": 0.5845733815105545, "zone": "wh_forbidden_zone", "min_dist": 0.0}
{"t": 1783958792.8400047, "x": 1.7040835921121154, "y": 0.5845733815105545, "zone": "wh_forbidden_zone", "min_dist": 0.0}
{"t": 1783958793.0000117, "x": 1.7040835092576985, "y": 0.5845731572516525, "zone": "wh_forbidden_zone", "min_dist": 0.0}
{"t": 1783958793.1523635, "x": 1.7040834728276277, "y": 0.5845731225342173, "zone": "wh_forbidden_zone", "min_dist": 0.0}
{"t": 1783958793.3125336, "x": 1.7040834728276277, "y": 0.5845731225342173, "zone": "wh_forbidden_zone", "min_dist": 0.0}
{"t": 1783958793.4648075, "x": 1.7040834728276277, "y": 0.5845731225342173, "zone": "wh_forbidden_zone", "min_dist": 0.0}
{"t": 1783958793.6245139, "x": 1.704083443559865, "y": 0.5845729214975736, "zone": "wh_forbidden_zone", "min_dist": 0.0}
{"t": 1783958793.784788, "x": 1.7040833071087902, "y": 0.5845729563823804, "zone": "wh_forbidden_zone", "min_dist": 0.0}
{"t": 1783958793.9373713, "x": 1.704083060726149, "y": 0.5845730679800665, "zone": "wh_forbidden_zone", "min_dist": 0.0}
{"t": 1783958794.0895042, "x": 1.704083060726149, "y": 0.5845730679800665, "zone": "wh_forbidden_zone", "min_dist": 0.0}
{"t": 1783958794.2496176, "x": 1.704083060726149, "y": 0.5845730679800665, "zone": "wh_forbidden_zone", "min_dist": 0.0}
{"t": 1783958794.4022932, "x": 1.704083060726149, "y": 0.5845730679800665, "zone": "wh_forbidden_zone", "min_dist": 0.0}
{"t": 1783958794.5636384, "x": 1.7040826024991085, "y": 0.584573115973957, "zone": "wh_forbidden_zone", "min_dist": 0.0}
{"t": 1783958794.7236407, "x": 1.7040826024991085, "y": 0.584573115973957, "zone": "wh_forbidden_zone", "min_dist": 0.0}
{"t": 1783958794.883815, "x": 1.7040826024991085, "y": 0.584573115973957, "zone": "wh_forbidden_zone", "min_dist": 0.0}
{"t": 1783958795.0438747, "x": 1.7040826024991085, "y": 0.584573115973957, "zone": "wh_forbidden_zone", "min_dist": 0.0}
{"t": 1783958795.195995, "x": 1.7040826024991085, "y": 0.584573115973957, "zone": "wh_forbidden_zone", "min_dist": 0.0}
{"t": 1783958795.3566053, "x": 1.7040823380669214, "y": 0.5845729527497094, "zone": "wh_forbidden_zone", "min_dist": 0.0}
{"t": 1783958795.5166075, "x": 1.7040823380669214, "y": 0.5845729527497094, "zone": "wh_forbidden_zone", "min_dist": 0.0}
{"t": 1783958795.6765904, "x": 1.7040821604121141, "y": 0.5845729083406775, "zone": "wh_forbidden_zone", "min_dist": 0.0}
{"t": 1783958795.8290868, "x": 1.7040821604121141, "y": 0.5845729083406775, "zone": "wh_forbidden_zone", "min_dist": 0.0}
{"t": 1783958795.989333, "x": 1.70408205752048, "y": 0.5845727934155024, "zone": "wh_forbidden_zone", "min_dist": 0.0}
{"t": 1783958796.1417027, "x": 1.70408205752048, "y": 0.5845727934155024, "zone": "wh_forbidden_zone", "min_dist": 0.0}
{"t": 1783958796.2937543, "x": 1.7040818400927622, "y": 0.5845728348137633, "zone": "wh_forbidden_zone", "min_dist": 0.0}
{"t": 1783958796.4459877, "x": 1.7040818400927622, "y": 0.5845728348137633, "zone": "wh_forbidden_zone", "min_dist": 0.0}
{"t": 1783958796.598779, "x": 1.7040813638974939, "y": 0.584573011376349, "zone": "wh_forbidden_zone", "min_dist": 0.0}
{"t": 1783958796.7583394, "x": 1.7040813638974939, "y": 0.584573011376349, "zone": "wh_forbidden_zone", "min_dist": 0.0}
{"t": 1783958796.910557, "x": 1.704081115985563, "y": 0.5845731124242117, "zone": "wh_forbidden_zone", "min_dist": 0.0}
{"t": 1783958797.0627983, "x": 1.704081115985563, "y": 0.5845731124242117, "zone": "wh_forbidden_zone", "min_dist": 0.0}
{"t": 1783958797.223103, "x": 1.704081115985563, "y": 0.5845731124242117, "zone": "wh_forbidden_zone", "min_dist": 0.0}
{"t": 1783958797.3755734, "x": 1.704081115985563, "y": 0.5845731124242117, "zone": "wh_forbidden_zone", "min_dist": 0.0}
{"t": 1783958797.5354717, "x": 1.704080973988858, "y": 0.5845727587941465, "zone": "wh_forbidden_zone", "min_dist": 0.0}
{"t": 1783958797.6876462, "x": 1.704080973988858, "y": 0.5845727587941465, "zone": "wh_forbidden_zone", "min_dist": 0.0}
{"t": 1783958797.86456, "x": 1.7040807050606612, "y": 0.5845728498091979, "zone": "wh_forbidden_zone", "min_dist": 0.0}
{"t": 1783958798.0244079, "x": 1.7040807050606612, "y": 0.5845728498091979, "zone": "wh_forbidden_zone", "min_dist": 0.0}
{"t": 1783958798.1765792, "x": 1.7040807050606612, "y": 0.5845728498091979, "zone": "wh_forbidden_zone", "min_dist": 0.0}
{"t": 1783958798.328478, "x": 1.7040807050606612, "y": 0.5845728498091979, "zone": "wh_forbidden_zone", "min_dist": 0.0}
{"t": 1783958798.488719, "x": 1.7040804266766503, "y": 0.5845727633100173, "zone": "wh_forbidden_zone", "min_dist": 0.0}
{"t": 1783958798.6493971, "x": 1.7040804266766503, "y": 0.5845727633100173, "zone": "wh_forbidden_zone", "min_dist": 0.0}
{"t": 1783958798.8013918, "x": 1.7040804371273024, "y": 0.5845726043385253, "zone": "wh_forbidden_zone", "min_dist": 0.0}
{"t": 1783958798.9541414, "x": 1.7040802346126556, "y": 0.5845726467098846, "zone": "wh_forbidden_zone", "min_dist": 0.0}
{"t": 1783958799.1067529, "x": 1.704079955884497, "y": 0.5845728414054266, "zone": "wh_forbidden_zone", "min_dist": 0.0}
{"t": 1783958799.2667966, "x": 1.704079955884497, "y": 0.5845728414054266, "zone": "wh_forbidden_zone", "min_dist": 0.0}
{"t": 1783958799.426454, "x": 1.704079955884497, "y": 0.5845728414054266, "zone": "wh_forbidden_zone", "min_dist": 0.0}
{"t": 1783958799.5871384, "x": 1.704079955884497, "y": 0.5845728414054266, "zone": "wh_forbidden_zone", "min_dist": 0.0}
{"t": 1783958799.7397473, "x": 1.704079955884497, "y": 0.5845728414054266, "zone": "wh_forbidden_zone", "min_dist": 0.0}
{"t": 1783958799.8997955, "x": 1.704079955884497, "y": 0.5845728414054266, "zone": "wh_forbidden_zone", "min_dist": 0.0}
{"t": 1783958800.0598116, "x": 1.704079955884497, "y": 0.5845728414054266, "zone": "wh_forbidden_zone", "min_dist": 0.0}
{"t": 1783958800.212015, "x": 1.704079955884497, "y": 0.5845728414054266, "zone": "wh_forbidden_zone", "min_dist": 0.0}
{"t": 1783958800.3727398, "x": 1.704079955884497, "y": 0.5845728414054266, "zone": "wh_forbidden_zone", "min_dist": 0.0}
{"t": 1783958800.5327349, "x": 1.704079955884497, "y": 0.5845728414054266, "zone": "wh_forbidden_zone", "min_dist": 0.0}
{"t": 1783958800.692918, "x": 1.704079955884497, "y": 0.5845728414054266, "zone": "wh_forbidden_zone", "min_dist": 0.0}
{"t": 1783958800.8455005, "x": 1.704079955884497, "y": 0.5845728414054266, "zone": "wh_forbidden_zone", "min_dist": 0.0}
{"t": 1783958801.0054352, "x": 1.7040800425020082, "y": 0.5845719903226444, "zone": "wh_forbidden_zone", "min_dist": 0.0}
{"t": 1783958801.1579742, "x": 1.7040798591064241, "y": 0.5845719867243503, "zone": "wh_forbidden_zone", "min_dist": 0.0}
{"t": 1783958801.310482, "x": 1.7040798591064241, "y": 0.5845719867243503, "zone": "wh_forbidden_zone", "min_dist": 0.0}
{"t": 1783958801.4625971, "x": 1.7040798591064241, "y": 0.5845719867243503, "zone": "wh_forbidden_zone", "min_dist": 0.0}
{"t": 1783958801.614664, "x": 1.7040798591064241, "y": 0.5845719867243503, "zone": "wh_forbidden_zone", "min_dist": 0.0}
{"t": 1783958801.7749689, "x": 1.7040796508262335, "y": 0.5845719176561363, "zone": "wh_forbidden_zone", "min_dist": 0.0}
{"t": 1783958801.9350333, "x": 1.7040796508262335, "y": 0.5845719176561363, "zone": "wh_forbidden_zone", "min_dist": 0.0}
{"t": 1783958802.087466, "x": 1.7040796508262335, "y": 0.5845719176561363, "zone": "wh_forbidden_zone", "min_dist": 0.0}
{"t": 1783958802.24819, "x": 1.70407939609226, "y": 0.5845718920481466, "zone": "wh_forbidden_zone", "min_dist": 0.0}
{"t": 1783958802.40008, "x": 1.70407939609226, "y": 0.5845718920481466, "zone": "wh_forbidden_zone", "min_dist": 0.0}
{"t": 1783958802.5602283, "x": 1.70407939609226, "y": 0.5845718920481466, "zone": "wh_forbidden_zone", "min_dist": 0.0}
{"t": 1783958802.7127082, "x": 1.70407939609226, "y": 0.5845718920481466, "zone": "wh_forbidden_zone", "min_dist": 0.0}
{"t": 1783958802.8652377, "x": 1.70407939609226, "y": 0.5845718920481466, "zone": "wh_forbidden_zone", "min_dist": 0.0}
{"t": 1783958803.0252028, "x": 1.7040791596147022, "y": 0.5845717750263445, "zone": "wh_forbidden_zone", "min_dist": 0.0}
{"t": 1783958803.1856828, "x": 1.7040791596147022, "y": 0.5845717750263445, "zone": "wh_forbidden_zone", "min_dist": 0.0}
{"t": 1783958803.3374949, "x": 1.704078980545266, "y": 0.5845718097785794, "zone": "wh_forbidden_zone", "min_dist": 0.0}
{"t": 1783958803.4898589, "x": 1.704078980545266, "y": 0.5845718097785794, "zone": "wh_forbidden_zone", "min_dist": 0.0}
{"t": 1783958803.6421773, "x": 1.7040786810301802, "y": 0.5845719042033126, "zone": "wh_forbidden_zone", "min_dist": 0.0}
{"t": 1783958803.7945144, "x": 1.7040786810301802, "y": 0.5845719042033126, "zone": "wh_forbidden_zone", "min_dist": 0.0}
{"t": 1783958803.9465058, "x": 1.7040786810301802, "y": 0.5845719042033126, "zone": "wh_forbidden_zone", "min_dist": 0.0}
{"t": 1783958804.0988102, "x": 1.7040786810301802, "y": 0.5845719042033126, "zone": "wh_forbidden_zone", "min_dist": 0.0}
{"t": 1783958804.251251, "x": 1.7040786810301802, "y": 0.5845719042033126, "zone": "wh_forbidden_zone", "min_dist": 0.0}
{"t": 1783958804.4033802, "x": 1.7040785202947482, "y": 0.5845716909523505, "zone": "wh_forbidden_zone", "min_dist": 0.0}
{"t": 1783958804.5557153, "x": 1.7040783668351165, "y": 0.5845717916893689, "zone": "wh_forbidden_zone", "min_dist": 0.0}
{"t": 1783958804.707797, "x": 1.7040783668351165, "y": 0.5845717916893689, "zone": "wh_forbidden_zone", "min_dist": 0.0}
{"t": 1783958804.8596475, "x": 1.7040783668351165, "y": 0.5845717916893689, "zone": "wh_forbidden_zone", "min_dist": 0.0}
{"t": 1783958805.0196905, "x": 1.7040782759237987, "y": 0.5845715864865103, "zone": "wh_forbidden_zone", "min_dist": 0.0}
{"t": 1783958805.1803455, "x": 1.7040782759237987, "y": 0.5845715864865103, "zone": "wh_forbidden_zone", "min_dist": 0.0}
{"t": 1783958805.3404906, "x": 1.7040781282730935, "y": 0.5845716064276872, "zone": "wh_forbidden_zone", "min_dist": 0.0}
{"t": 1783958805.4924462, "x": 1.7040781282730935, "y": 0.5845716064276872, "zone": "wh_forbidden_zone", "min_dist": 0.0}
{"t": 1783958805.6530073, "x": 1.7040781282730935, "y": 0.5845716064276872, "zone": "wh_forbidden_zone", "min_dist": 0.0}
{"t": 1783958805.8045619, "x": 1.7040781282730935, "y": 0.5845716064276872, "zone": "wh_forbidden_zone", "min_dist": 0.0}
{"t": 1783958805.9647024, "x": 1.7040779810579314, "y": 0.5845715132990708, "zone": "wh_forbidden_zone", "min_dist": 0.0}
{"t": 1783958806.1174507, "x": 1.7040779810579314, "y": 0.5845715132990708, "zone": "wh_forbidden_zone", "min_dist": 0.0}
{"t": 1783958806.2774136, "x": 1.7040779810579314, "y": 0.5845715132990708, "zone": "wh_forbidden_zone", "min_dist": 0.0}
{"t": 1783958806.4297621, "x": 1.7040779810579314, "y": 0.5845715132990708, "zone": "wh_forbidden_zone", "min_dist": 0.0}
{"t": 1783958806.5819974, "x": 1.7040779810579314, "y": 0.5845715132990708, "zone": "wh_forbidden_zone", "min_dist": 0.0}
{"t": 1783958806.7424002, "x": 1.7040778043370521, "y": 0.5845713713952957, "zone": "wh_forbidden_zone", "min_dist": 0.0}
{"t": 1783958806.9026222, "x": 1.7040778043370521, "y": 0.5845713713952957, "zone": "wh_forbidden_zone", "min_dist": 0.0}
{"t": 1783958807.055179, "x": 1.7040774900459137, "y": 0.5845714873476908, "zone": "wh_forbidden_zone", "min_dist": 0.0}
{"t": 1783958807.2072206, "x": 1.7040772081873246, "y": 0.5845716459355675, "zone": "wh_forbidden_zone", "min_dist": 0.0}
{"t": 1783958807.3597357, "x": 1.7040772081873246, "y": 0.5845716459355675, "zone": "wh_forbidden_zone", "min_dist": 0.0}
{"t": 1783958807.5117416, "x": 1.7040770360405695, "y": 0.5845716775619687, "zone": "wh_forbidden_zone", "min_dist": 0.0}
{"t": 1783958807.6721008, "x": 1.7040770360405695, "y": 0.5845716775619687, "zone": "wh_forbidden_zone", "min_dist": 0.0}
{"t": 1783958807.8245814, "x": 1.704076734399583, "y": 0.5845717385834751, "zone": "wh_forbidden_zone", "min_dist": 0.0}
{"t": 1783958807.976647, "x": 1.704076734399583, "y": 0.5845717385834751, "zone": "wh_forbidden_zone", "min_dist": 0.0}
{"t": 1783958808.1365623, "x": 1.704076734399583, "y": 0.5845717385834751, "zone": "wh_forbidden_zone", "min_dist": 0.0}
{"t": 1783958808.296967, "x": 1.704076734399583, "y": 0.5845717385834751, "zone": "wh_forbidden_zone", "min_dist": 0.0}
{"t": 1783958808.4492764, "x": 1.704076734399583, "y": 0.5845717385834751, "zone": "wh_forbidden_zone", "min_dist": 0.0}
{"t": 1783958808.6095421, "x": 1.704076734399583, "y": 0.5845717385834751, "zone": "wh_forbidden_zone", "min_dist": 0.0}
{"t": 1783958808.7620804, "x": 1.704076734399583, "y": 0.5845717385834751, "zone": "wh_forbidden_zone", "min_dist": 0.0}
{"t": 1783958808.9141536, "x": 1.7040765698942304, "y": 0.5845713590081695, "zone": "wh_forbidden_zone", "min_dist": 0.0}
{"t": 1783958809.0743914, "x": 1.7040765698942304, "y": 0.5845713590081695, "zone": "wh_forbidden_zone", "min_dist": 0.0}
{"t": 1783958809.23449, "x": 1.7040765698942304, "y": 0.5845713590081695, "zone": "wh_forbidden_zone", "min_dist": 0.0}
{"t": 1783958809.3867955, "x": 1.7040763932575853, "y": 0.5845713177595954, "zone": "wh_forbidden_zone", "min_dist": 0.0}
{"t": 1783958809.5394573, "x": 1.7040763932575853, "y": 0.5845713177595954, "zone": "wh_forbidden_zone", "min_dist": 0.0}
{"t": 1783958809.6916168, "x": 1.7040760810114544, "y": 0.5845714728603434, "zone": "wh_forbidden_zone", "min_dist": 0.0}
{"t": 1783958809.8514469, "x": 1.7040760810114544, "y": 0.5845714728603434, "zone": "wh_forbidden_zone", "min_dist": 0.0}
{"t": 1783958810.0040545, "x": 1.704075775473821, "y": 0.5845715629065023, "zone": "wh_forbidden_zone", "min_dist": 0.0}
{"t": 1783958810.156716, "x": 1.7040755090830884, "y": 0.5845716994032617, "zone": "wh_forbidden_zone", "min_dist": 0.0}
{"t": 1783958810.308531, "x": 1.7040755090830884, "y": 0.5845716994032617, "zone": "wh_forbidden_zone", "min_dist": 0.0}
{"t": 1783958810.468625, "x": 1.7040755090830884, "y": 0.5845716994032617, "zone": "wh_forbidden_zone", "min_dist": 0.0}
{"t": 1783958810.620814, "x": 1.7040755090830884, "y": 0.5845716994032617, "zone": "wh_forbidden_zone", "min_dist": 0.0}
{"t": 1783958810.7731826, "x": 1.7040755090830884, "y": 0.5845716994032617, "zone": "wh_forbidden_zone", "min_dist": 0.0}
{"t": 1783958810.933744, "x": 1.7040752364461176, "y": 0.5845715692717975, "zone": "wh_forbidden_zone", "min_dist": 0.0}
{"t": 1783958811.1098151, "x": 1.7040752595425945, "y": 0.5845714128749884, "zone": "wh_forbidden_zone", "min_dist": 0.0}
{"t": 1783958811.2618556, "x": 1.704075099859033, "y": 0.5845714931380016, "zone": "wh_forbidden_zone", "min_dist": 0.0}
{"t": 1783958811.4143722, "x": 1.704074945596882, "y": 0.5845715674920432, "zone": "wh_forbidden_zone", "min_dist": 0.0}
{"t": 1783958811.5742793, "x": 1.704074945596882, "y": 0.5845715674920432, "zone": "wh_forbidden_zone", "min_dist": 0.0}
{"t": 1783958811.7344375, "x": 1.704074945596882, "y": 0.5845715674920432, "zone": "wh_forbidden_zone", "min_dist": 0.0}
{"t": 1783958811.8952725, "x": 1.7040748277782773, "y": 0.5845714393305351, "zone": "wh_forbidden_zone", "min_dist": 0.0}
{"t": 1783958812.0712762, "x": 1.7040748277782773, "y": 0.5845714393305351, "zone": "wh_forbidden_zone", "min_dist": 0.0}
{"t": 1783958812.223556, "x": 1.7040748277782773, "y": 0.5845714393305351, "zone": "wh_forbidden_zone", "min_dist": 0.0}
{"t": 1783958812.3755167, "x": 1.704074691847212, "y": 0.5845713148075661, "zone": "wh_forbidden_zone", "min_dist": 0.0}
{"t": 1783958812.5355642, "x": 1.704074691847212, "y": 0.5845713148075661, "zone": "wh_forbidden_zone", "min_dist": 0.0}
{"t": 1783958812.6959631, "x": 1.7040745521744658, "y": 0.5845712650094926, "zone": "wh_forbidden_zone", "min_dist": 0.0}
{"t": 1783958812.8483284, "x": 1.7040743885779064, "y": 0.584571370869432, "zone": "wh_forbidden_zone", "min_dist": 0.0}
{"t": 1783958813.0004404, "x": 1.7040742307630399, "y": 0.5845714084594611, "zone": "wh_forbidden_zone", "min_dist": 0.0}
{"t": 1783958813.1528058, "x": 1.7040739698326859, "y": 0.5845714856579834, "zone": "wh_forbidden_zone", "min_dist": 0.0}
{"t": 1783958813.3129997, "x": 1.7040739698326859, "y": 0.5845714856579834, "zone": "wh_forbidden_zone", "min_dist": 0.0}
{"t": 1783958813.4732378, "x": 1.7040739698326859, "y": 0.5845714856579834, "zone": "wh_forbidden_zone", "min_dist": 0.0}
{"t": 1783958813.6336315, "x": 1.7040739698326859, "y": 0.5845714856579834, "zone": "wh_forbidden_zone", "min_dist": 0.0}
{"t": 1783958813.7936442, "x": 1.7040737533409072, "y": 0.5845714159940025, "zone": "wh_forbidden_zone", "min_dist": 0.0}
{"t": 1783958813.953418, "x": 1.7040737533409072, "y": 0.5845714159940025, "zone": "wh_forbidden_zone", "min_dist": 0.0}
{"t": 1783958814.106045, "x": 1.7040737533409072, "y": 0.5845714159940025, "zone": "wh_forbidden_zone", "min_dist": 0.0}
{"t": 1783958814.258178, "x": 1.7040737533409072, "y": 0.5845714159940025, "zone": "wh_forbidden_zone", "min_dist": 0.0}
{"t": 1783958814.4106133, "x": 1.7040737533409072, "y": 0.5845714159940025, "zone": "wh_forbidden_zone", "min_dist": 0.0}
{"t": 1783958814.5627751, "x": 1.7040737533409072, "y": 0.5845714159940025, "zone": "wh_forbidden_zone", "min_dist": 0.0}
{"t": 1783958814.7144818, "x": 1.7040736429309977, "y": 0.5845709755454573, "zone": "wh_forbidden_zone", "min_dist": 0.0}
{"t": 1783958814.8746026, "x": 1.7040736429309977, "y": 0.5845709755454573, "zone": "wh_forbidden_zone", "min_dist": 0.0}
{"t": 1783958815.0269156, "x": 1.7040734559421475, "y": 0.5845710212962308, "zone": "wh_forbidden_zone", "min_dist": 0.0}
{"t": 1783958815.1875124, "x": 1.7040733198020286, "y": 0.5845710312862303, "zone": "wh_forbidden_zone", "min_dist": 0.0}
{"t": 1783958815.3476994, "x": 1.7040733198020286, "y": 0.5845710312862303, "zone": "wh_forbidden_zone", "min_dist": 0.0}
{"t": 1783958815.5245104, "x": 1.7040733198020286, "y": 0.5845710312862303, "zone": "wh_forbidden_zone", "min_dist": 0.0}
{"t": 1783958815.6845071, "x": 1.7040733198020286, "y": 0.5845710312862303, "zone": "wh_forbidden_zone", "min_dist": 0.0}
{"t": 1783958815.8450983, "x": 1.7040730728470666, "y": 0.5845709787791796, "zone": "wh_forbidden_zone", "min_dist": 0.0}
{"t": 1783958815.9976065, "x": 1.7040730728470666, "y": 0.5845709787791796, "zone": "wh_forbidden_zone", "min_dist": 0.0}
{"t": 1783958816.1577373, "x": 1.7040729561264263, "y": 0.5845708965322923, "zone": "wh_forbidden_zone", "min_dist": 0.0}
{"t": 1783958816.3175364, "x": 1.7040729561264263, "y": 0.5845708965322923, "zone": "wh_forbidden_zone", "min_dist": 0.0}
{"t": 1783958816.4777293, "x": 1.704072841777077, "y": 0.5845708371183672, "zone": "wh_forbidden_zone", "min_dist": 0.0}
{"t": 1783958816.6301138, "x": 1.7040725524084144, "y": 0.5845709912255851, "zone": "wh_forbidden_zone", "min_dist": 0.0}
{"t": 1783958816.782337, "x": 1.7040725524084144, "y": 0.5845709912255851, "zone": "wh_forbidden_zone", "min_dist": 0.0}
{"t": 1783958816.9423604, "x": 1.7040725524084144, "y": 0.5845709912255851, "zone": "wh_forbidden_zone", "min_dist": 0.0}
{"t": 1783958817.1027486, "x": 1.7040724700713914, "y": 0.5845708033900335, "zone": "wh_forbidden_zone", "min_dist": 0.0}
{"t": 1783958817.2629905, "x": 1.7040724700713914, "y": 0.5845708033900335, "zone": "wh_forbidden_zone", "min_dist": 0.0}
{"t": 1783958817.4233408, "x": 1.7040722337783858, "y": 0.5845708570583289, "zone": "wh_forbidden_zone", "min_dist": 0.0}
{"t": 1783958817.583642, "x": 1.7040722337783858, "y": 0.5845708570583289, "zone": "wh_forbidden_zone", "min_dist": 0.0}
{"t": 1783958817.7445161, "x": 1.7040722337783858, "y": 0.5845708570583289, "zone": "wh_forbidden_zone", "min_dist": 0.0}
{"t": 1783958817.904734, "x": 1.7040722337783858, "y": 0.5845708570583289, "zone": "wh_forbidden_zone", "min_dist": 0.0}
{"t": 1783958818.0569477, "x": 1.7040722337783858, "y": 0.5845708570583289, "zone": "wh_forbidden_zone", "min_dist": 0.0}
{"t": 1783958818.2091823, "x": 1.7040722337783858, "y": 0.5845708570583289, "zone": "wh_forbidden_zone", "min_dist": 0.0}
{"t": 1783958818.3695588, "x": 1.7040720136444498, "y": 0.5845705517698242, "zone": "wh_forbidden_zone", "min_dist": 0.0}
{"t": 1783958818.5298498, "x": 1.7040720136444498, "y": 0.5845705517698242, "zone": "wh_forbidden_zone", "min_dist": 0.0}
{"t": 1783958818.6897094, "x": 1.7040720136444498, "y": 0.5845705517698242, "zone": "wh_forbidden_zone", "min_dist": 0.0}
{"t": 1783958818.8500946, "x": 1.7040720136444498, "y": 0.5845705517698242, "zone": "wh_forbidden_zone", "min_dist": 0.0}
{"t": 1783958819.0026772, "x": 1.7040720136444498, "y": 0.5845705517698242, "zone": "wh_forbidden_zone", "min_dist": 0.0}
{"t": 1783958819.1625082, "x": 1.7040718634430014, "y": 0.5845703792916834, "zone": "wh_forbidden_zone", "min_dist": 0.0}
{"t": 1783958819.3148491, "x": 1.7040718634430014, "y": 0.5845703792916834, "zone": "wh_forbidden_zone", "min_dist": 0.0}
{"t": 1783958819.4670544, "x": 1.7040717061320214, "y": 0.5845703700378024, "zone": "wh_forbidden_zone", "min_dist": 0.0}
{"t": 1783958819.619475, "x": 1.7040717061320214, "y": 0.5845703700378024, "zone": "wh_forbidden_zone", "min_dist": 0.0}
{"t": 1783958819.779945, "x": 1.7040717061320214, "y": 0.5845703700378024, "zone": "wh_forbidden_zone", "min_dist": 0.0}
{"t": 1783958819.9318526, "x": 1.7040714158177555, "y": 0.5845704191569419, "zone": "wh_forbidden_zone", "min_dist": 0.0}
{"t": 1783958820.0924153, "x": 1.704071111766609, "y": 0.5845706175775452, "zone": "wh_forbidden_zone", "min_dist": 0.0}
{"t": 1783958820.244612, "x": 1.704071111766609, "y": 0.5845706175775452, "zone": "wh_forbidden_zone", "min_dist": 0.0}
{"t": 1783958820.3965902, "x": 1.704071111766609, "y": 0.5845706175775452, "zone": "wh_forbidden_zone", "min_dist": 0.0}
{"t": 1783958820.5492666, "x": 1.7040708189947755, "y": 0.58457059924439, "zone": "wh_forbidden_zone", "min_dist": 0.0}
{"t": 1783958820.7094002, "x": 1.7040708189947755, "y": 0.58457059924439, "zone": "wh_forbidden_zone", "min_dist": 0.0}
{"t": 1783958820.8695874, "x": 1.704070550330887, "y": 0.5845706158295515, "zone": "wh_forbidden_zone", "min_dist": 0.0}
{"t": 1783958821.0216146, "x": 1.704070550330887, "y": 0.5845706158295515, "zone": "wh_forbidden_zone", "min_dist": 0.0}
{"t": 1783958821.1821175, "x": 1.704070578994676, "y": 0.5845704703318663, "zone": "wh_forbidden_zone", "min_dist": 0.0}
{"t": 1783958821.3428395, "x": 1.704070578994676, "y": 0.5845704703318663, "zone": "wh_forbidden_zone", "min_dist": 0.0}
{"t": 1783958821.502589, "x": 1.7040703660233465, "y": 0.5845704306091015, "zone": "wh_forbidden_zone", "min_dist": 0.0}
{"t": 1783958821.6631055, "x": 1.7040703660233465, "y": 0.5845704306091015, "zone": "wh_forbidden_zone", "min_dist": 0.0}
{"t": 1783958821.823001, "x": 1.7040702155332588, "y": 0.5845704359609879, "zone": "wh_forbidden_zone", "min_dist": 0.0}
{"t": 1783958821.9835355, "x": 1.7040702155332588, "y": 0.5845704359609879, "zone": "wh_forbidden_zone", "min_dist": 0.0}
{"t": 1783958822.1438816, "x": 1.7040702155332588, "y": 0.5845704359609879, "zone": "wh_forbidden_zone", "min_dist": 0.0}
{"t": 1783958822.30398, "x": 1.7040702155332588, "y": 0.5845704359609879, "zone": "wh_forbidden_zone", "min_dist": 0.0}
{"t": 1783958822.4642208, "x": 1.7040699482525374, "y": 0.5845703656908945, "zone": "wh_forbidden_zone", "min_dist": 0.0}
{"t": 1783958822.6246874, "x": 1.7040699837406208, "y": 0.5845702291730893, "zone": "wh_forbidden_zone", "min_dist": 0.0}
{"t": 1783958822.7850554, "x": 1.7040698221469113, "y": 0.5845703281674209, "zone": "wh_forbidden_zone", "min_dist": 0.0}
{"t": 1783958822.9371624, "x": 1.7040695460623343, "y": 0.5845704469005591, "zone": "wh_forbidden_zone", "min_dist": 0.0}
{"t": 1783958823.0975447, "x": 1.7040695460623343, "y": 0.5845704469005591, "zone": "wh_forbidden_zone", "min_dist": 0.0}
{"t": 1783958823.2583017, "x": 1.7040695460623343, "y": 0.5845704469005591, "zone": "wh_forbidden_zone", "min_dist": 0.0}
{"t": 1783958823.418009, "x": 1.7040694893861317, "y": 0.5845702512909638, "zone": "wh_forbidden_zone", "min_dist": 0.0}
{"t": 1783958823.570293, "x": 1.7040694893861317, "y": 0.5845702512909638, "zone": "wh_forbidden_zone", "min_dist": 0.0}
{"t": 1783958823.7225466, "x": 1.7040694893861317, "y": 0.5845702512909638, "zone": "wh_forbidden_zone", "min_dist": 0.0}
{"t": 1783958823.8749177, "x": 1.7040694893861317, "y": 0.5845702512909638, "zone": "wh_forbidden_zone", "min_dist": 0.0}
{"t": 1783958824.027146, "x": 1.7040691715866165, "y": 0.5845701759915196, "zone": "wh_forbidden_zone", "min_dist": 0.0}
{"t": 1783958824.179644, "x": 1.7040691715866165, "y": 0.5845701759915196, "zone": "wh_forbidden_zone", "min_dist": 0.0}
{"t": 1783958824.3315117, "x": 1.7040691715866165, "y": 0.5845701759915196, "zone": "wh_forbidden_zone", "min_dist": 0.0}
{"t": 1783958824.4833639, "x": 1.7040691715866165, "y": 0.5845701759915196, "zone": "wh_forbidden_zone", "min_dist": 0.0}
{"t": 1783958824.6434937, "x": 1.7040691715866165, "y": 0.5845701759915196, "zone": "wh_forbidden_zone", "min_dist": 0.0}
