{"t": 1784464862.2647777, "x": -1.3905799565673246e-11, "y": -1.361488484860532e-13, "zone": null, "min_dist": 1.640121946694043}
{"t": 1784464862.4248278, "x": -1.3905799565673246e-11, "y": -1.361488484860532e-13, "zone": null, "min_dist": 1.640121946694043}
{"t": 1784464862.6016164, "x": -1.3905799565673246e-11, "y": -1.361488484860532e-13, "zone": null, "min_dist": 1.640121946694043}
{"t": 1784464862.7620642, "x": -1.3905799565673246e-11, "y": -1.361488484860532e-13, "zone": null, "min_dist": 1.640121946694043}
{"t": 1784464862.9145064, "x": -1.3905799565673246e-11, "y": -1.361488484860532e-13, "zone": null, "min_dist": 1.640121946694043}
{"t": 1784464863.08368, "x": -1.3905799565673246e-11, "y": -1.361488484860532e-13, "zone": null, "min_dist": 1.640121946694043}
{"t": 1784464863.2427156, "x": -1.3905799565673246e-11, "y": -1.361488484860532e-13, "zone": null, "min_dist": 1.640121946694043}
{"t": 1784464863.3947432, "x": -1.3905799565673246e-11, "y": -1.361488484860532e-13, "zone": null, "min_dist": 1.640121946694043}
{"t": 1784464863.547251, "x": -1.3905799565673246e-11, "y": -1.361488484860532e-13, "zone": null, "min_dist": 1.640121946694043}
{"t": 1784464863.6993053, "x": -1.3905799565673246e-11, "y": -1.361488484860532e-13, "zone": null, "min_dist": 1.640121946694043}
{"t": 1784464863.859423, "x": -1.3905799565673246e-11, "y": -1.361488484860532e-13, "zone": null, "min_dist": 1.640121946694043}
{"t": 1784464864.0114918, "x": -1.3905799565673246e-11, "y": -1.361488484860532e-13, "zone": null, "min_dist": 1.640121946694043}
{"t": 1784464864.163973, "x": -1.3905799565673246e-11, "y": -1.361488484860532e-13, "zone": null, "min_dist": 1.640121946694043}
{"t": 1784464864.3404365, "x": -1.3905799565673246e-11, "y": -1.361488484860532e-13, "zone": null, "min_dist": 1.640121946694043}
{"t": 1784464864.492512, "x": -1.3905799565673246e-11, "y": -1.361488484860532e-13, "zone": null, "min_dist": 1.640121946694043}
{"t": 1784464864.6692438, "x": -1.3905799565673246e-11, "y": -1.361488484860532e-13, "zone": null, "min_dist": 1.640121946694043}
{"t": 1784464864.8294675, "x": -1.3905799565673246e-11, "y": -1.361488484860532e-13, "zone": null, "min_dist": 1.640121946694043}
{"t": 1784464864.9818082, "x": -1.3905799565673246e-11, "y": -1.361488484860532e-13, "zone": null, "min_dist": 1.640121946694043}
{"t": 1784464865.1339953, "x": -1.3905799565673246e-11, "y": -1.361488484860532e-13, "zone": null, "min_dist": 1.640121946694043}
{"t": 1784464865.2865632, "x": -1.3905799565673246e-11, "y": -1.361488484860532e-13, "zone": null, "min_dist": 1.640121946694043}
{"t": 1784464865.462417, "x": -1.3905799565673246e-11, "y": -1.361488484860532e-13, "zone": null, "min_dist": 1.640121946694043}
{"t": 1784464865.6144583, "x": -1.3905799565673246e-11, "y": -1.361488484860532e-13, "zone": null, "min_dist": 1.640121946694043}
{"t": 1784464865.7668061, "x": -1.3905799565673246e-11, "y": -1.361488484860532e-13, "zone": null, "min_dist": 1.640121946694043}
{"t": 1784464865.9200659, "x": -1.3905799565673246e-11, "y": -1.361488484860532e-13, "zone": null, "min_dist": 1.640121946694043}
{"t": 1784464866.0793781, "x": -1.3905799565673246e-11, "y": -1.361488484860532e-13, "zone": null, "min_dist": 1.640121946694043}
{"t": 1784464866.2315176, "x": -1.3905799565673246e-11, "y": -1.361488484860532e-13, "zone": null, "min_dist": 1.640121946694043}
{"t": 1784464866.384135, "x": 0.0009596891689445508, "y": 3.061705828674437e-11, "zone": null, "min_dist": 1.6395369903072659}
{"t": 1784464866.5361838, "x": 0.01919850442779641, "y": 3.527244935655847e-09, "zone": null, "min_dist": 1.6284875082559997}
{"t": 1784464866.68867, "x": 0.049785409014240854, "y": 1.2739128669609317e-08, "zone": null, "min_dist": 1.6102508300884366}
{"t": 1784464866.8410535, "x": 0.08258026312072929, "y": 2.3312134861454858e-08, "zone": null, "min_dist": 1.5911187614392837}
{"t": 1784464867.001012, "x": 0.11716378122007083, "y": 3.449207430112946e-08, "zone": null, "min_dist": 1.571432371917497}
{"t": 1784464867.1541836, "x": 0.14822077158688823, "y": 4.4047598773971276e-08, "zone": null, "min_dist": 1.5541968148958103}
{"t": 1784464867.3144517, "x": 0.1815714180129643, "y": 5.444282539114261e-08, "zone": null, "min_dist": 1.5361722567023424}
{"t": 1784464867.475182, "x": 0.21575238025741114, "y": 6.535445168826817e-08, "zone": null, "min_dist": 1.5182371880409025}
{"t": 1784464867.6353085, "x": 0.24980880110834908, "y": 7.621455806499351e-08, "zone": null, "min_dist": 1.500928591484834}
{"t": 1784464867.7876368, "x": 0.28222657514699145, "y": 8.660329595584764e-08, "zone": null, "min_dist": 1.4849910653794036}
{"t": 1784464867.9398553, "x": 0.31437301149765445, "y": 9.677379736634577e-08, "zone": null, "min_dist": 1.4697224621509095}
{"t": 1784464868.1160479, "x": 0.3514256432334951, "y": 1.0847259983323639e-07, "zone": null, "min_dist": 1.4528070808701126}
{"t": 1784464868.2765925, "x": 0.38578868033559155, "y": 1.1955995002257536e-07, "zone": null, "min_dist": 1.4377952685789583}
{"t": 1784464868.4286218, "x": 0.4178424851656248, "y": 1.2967100355485114e-07, "zone": null, "min_dist": 1.4243970776906079}
{"t": 1784464868.5805964, "x": 0.4488675074244832, "y": 1.392254710171085e-07, "zone": null, "min_dist": 1.412000942771037}
{"t": 1784464868.7330477, "x": 0.48101394371449785, "y": 1.4938459795923718e-07, "zone": null, "min_dist": 1.3997664584561404}
{"t": 1784464868.8849652, "x": 0.5137768009246703, "y": 1.5993540722530725e-07, "zone": null, "min_dist": 1.3879526589502305}
{"t": 1784464869.0614698, "x": 0.5500884357972627, "y": 1.7118083114086788e-07, "zone": null, "min_dist": 1.3756525617077964}
{"t": 1784464869.213858, "x": 0.583368202062023, "y": -2.2684594590234364e-05, "zone": null, "min_dist": 1.3651091808429416}
{"t": 1784464869.374086, "x": 0.6169964073887589, "y": -0.00017037274130142282, "zone": null, "min_dist": 1.355082584882783}
{"t": 1784464869.5263567, "x": 0.6486760981497444, "y": -0.0003103840906352848, "zone": null, "min_dist": 1.3463363553413834}
{"t": 1784464869.7028205, "x": 0.6861562740359499, "y": -0.0004760309019497606, "zone": null, "min_dist": 1.3368845988294382}
{"t": 1784464869.8786554, "x": 0.7223142058453642, "y": -0.0006358343724587433, "zone": null, "min_dist": 1.3287048713661913}
{"t": 1784464870.0311182, "x": 0.753160310533975, "y": -0.0007721617980867203, "zone": null, "min_dist": 1.3224684524987735}
{"t": 1784464870.183041, "x": 0.7854916941150125, "y": -0.0009150531447685039, "zone": null, "min_dist": 1.316675932961299}
{"t": 1784464870.3355546, "x": 0.8176598008852141, "y": -0.001057222897121792, "zone": null, "min_dist": 1.3116784233953678}
{"t": 1784464870.4877913, "x": 0.8486557988574569, "y": -0.0011942127432359563, "zone": null, "min_dist": 1.307593797871165}
{"t": 1784464870.6480925, "x": 0.8832675843275767, "y": -0.0013471823299203258, "zone": null, "min_dist": 1.3038886446745201}
{"t": 1784464870.8243346, "x": 0.9207475460730185, "y": -0.0015128282303813949, "zone": null, "min_dist": 1.3009034886200097}
{"t": 1784464870.9764755, "x": 0.9521493448859553, "y": -0.0016516114506808875, "zone": null, "min_dist": 1.2992298577401373}
{"t": 1784464871.1287742, "x": 0.9842856319040191, "y": -0.0017936405149879893, "zone": null, "min_dist": 1.2983014646729718}
{"t": 1784464871.281408, "x": 1.0153234649068401, "y": -0.0019308153115865452, "zone": null, "min_dist": 1.2980691846884136}
{"t": 1784464871.4334126, "x": 1.0471531696855714, "y": -0.002071489538080067, "zone": null, "min_dist": 1.29792851046192}
{"t": 1784464871.5941024, "x": 1.0809599662937572, "y": -0.002220901651719223, "zone": null, "min_dist": 1.2977790983482809}
{"t": 1784464871.746081, "x": 1.1125357088704964, "y": -0.002284759795500237, "zone": null, "min_dist": 1.2977152402044998}
{"t": 1784464871.9064357, "x": 1.1465119832262702, "y": -0.0017381684422892577, "zone": null, "min_dist": 1.2982618315577108}
{"t": 1784464872.0587196, "x": 1.1798452481921382, "y": -0.0009149211596674982, "zone": null, "min_dist": 1.2990850788403325}
{"t": 1784464872.2109504, "x": 1.2117041011032785, "y": -0.0001280150243199926, "zone": null, "min_dist": 1.2998719849756801}
{"t": 1784464872.3632526, "x": 1.2430900771303797, "y": 0.0006472109841292557, "zone": null, "min_dist": 1.2993527890158707}
{"t": 1784464872.5236864, "x": 1.2756964637509138, "y": 0.0014525805654069654, "zone": null, "min_dist": 1.2985474194345932}
{"t": 1784464872.6759927, "x": 1.3075199309866896, "y": 0.0022386124775043773, "zone": null, "min_dist": 1.2977613875224956}
{"t": 1784464872.828196, "x": 1.3394648042078128, "y": 0.0030276431788965586, "zone": null, "min_dist": 1.2969723568211036}
{"t": 1784464872.9883895, "x": 1.373973857903961, "y": 0.0038800087760461023, "zone": null, "min_dist": 1.296119991223954}
{"t": 1784464873.140455, "x": 1.405554872997536, "y": 0.00466005210357592, "zone": null, "min_dist": 1.295339947896424}
{"t": 1784464873.3166335, "x": 1.4435508632385632, "y": 0.0055985442324922195, "zone": null, "min_dist": 1.2944014557675079}
{"t": 1784464873.4771047, "x": 1.4784590430606213, "y": 0.0064607683092769794, "zone": null, "min_dist": 1.293539231690723}
{"t": 1784464873.6293635, "x": 1.508740424288647, "y": 0.007208710658211856, "zone": null, "min_dist": 1.292791289341788}
{"t": 1784464873.7897854, "x": 1.5420876373944674, "y": 0.008032378665511994, "zone": null, "min_dist": 1.291967621334488}
{"t": 1784464873.9421225, "x": 1.5746199409120047, "y": 0.00883591888651624, "zone": null, "min_dist": 1.291164081113484}
{"t": 1784464874.102757, "x": 1.6087585813997018, "y": 0.009679135245264934, "zone": null, "min_dist": 1.290320864754735}
{"t": 1784464874.2788088, "x": 1.6456081541321854, "y": 0.010589310834812666, "zone": null, "min_dist": 1.2894106891651873}
{"t": 1784464874.4391036, "x": 1.6797820623566753, "y": 0.011433398287990157, "zone": null, "min_dist": 1.2885666017120099}
{"t": 1784464874.5992196, "x": 1.7124743175829122, "y": 0.012240888815399111, "zone": null, "min_dist": 1.287759111184601}
{"t": 1784464874.759327, "x": 1.7462679521946383, "y": 0.013075583551978147, "zone": null, "min_dist": 1.2869244164480218}
{"t": 1784464874.9195912, "x": 1.7797010616917635, "y": 0.013901373227809337, "zone": null, "min_dist": 1.2860986267721908}
{"t": 1784464875.0719254, "x": 1.810541250199294, "y": 0.014663118094547489, "zone": null, "min_dist": 1.2853368819054525}
{"t": 1784464875.2487178, "x": 1.8469917245510121, "y": 0.015563435904029461, "zone": null, "min_dist": 1.2844365640959705}
{"t": 1784464875.4086728, "x": 1.8814721274803632, "y": 0.016415093815303344, "zone": null, "min_dist": 1.2835849061846967}
{"t": 1784464875.569307, "x": 1.9150904157874988, "y": 0.017245457416903386, "zone": null, "min_dist": 1.2827545425830966}
{"t": 1784464875.7214181, "x": 1.9462911851172828, "y": 0.01801610874201365, "zone": null, "min_dist": 1.2819838912579864}
{"t": 1784464875.8738532, "x": 1.9787056298710213, "y": 0.018816737849127373, "zone": null, "min_dist": 1.2811832621508727}
{"t": 1784464876.0257761, "x": 2.010101438301914, "y": 0.01959220655643558, "zone": null, "min_dist": 1.2804077934435645}
{"t": 1784464876.1782708, "x": 2.0417652241055886, "y": 0.02037429440895811, "zone": null, "min_dist": 1.2796257055910418}
{"t": 1784464876.3302114, "x": 2.0742722722022298, "y": 0.02117721082338022, "zone": null, "min_dist": 1.2788227891766197}
{"t": 1784464876.5070152, "x": 2.1110390740026532, "y": 0.0220853418794889, "zone": null, "min_dist": 1.2779146581205112}
{"t": 1784464876.6591876, "x": 2.1433256478505136, "y": 0.022882812582749563, "zone": null, "min_dist": 1.2771171874172504}
{"t": 1784464876.8355832, "x": 2.181660151000248, "y": 0.02382966604106347, "zone": null, "min_dist": 1.2761703339589365}
{"t": 1784464876.995725, "x": 2.21555624938309, "y": 0.024666891575392327, "zone": null, "min_dist": 1.2753331084246078}
{"t": 1784464877.148016, "x": 2.2468209372318806, "y": 0.025439121661564534, "zone": null, "min_dist": 1.2745608783384355}
{"t": 1784464877.3000906, "x": 2.279634480238337, "y": 0.02624960853913548, "zone": null, "min_dist": 1.2737503914608646}
{"t": 1784464877.4523785, "x": 2.3111835361194277, "y": 0.027028862484815404, "zone": null, "min_dist": 1.2729711375151846}
{"t": 1784464877.613033, "x": 2.344453510097996, "y": 0.027850622748717024, "zone": null, "min_dist": 1.272149377251283}
{"t": 1784464877.7728932, "x": 2.37844223944132, "y": 0.02869013628247076, "zone": null, "min_dist": 1.2713098637175293}
{"t": 1784464877.9333346, "x": 2.412769364057429, "y": 0.029538008186586962, "zone": null, "min_dist": 1.270461991813413}
{"t": 1784464878.109633, "x": 2.44916253087063, "y": 0.030436910474086948, "zone": null, "min_dist": 1.2695630895259131}
{"t": 1784464878.2858357, "x": 2.486475064437659, "y": 0.03135852121706638, "zone": null, "min_dist": 1.2686414787829337}
{"t": 1784464878.438286, "x": 2.51842977018624, "y": 0.032147794715270184, "zone": null, "min_dist": 1.2678522052847299}
{"t": 1784464878.5983768, "x": 2.5514539212933287, "y": 0.032963483145441286, "zone": null, "min_dist": 1.2670365168545588}
{"t": 1784464878.758656, "x": 2.5851901924693332, "y": 0.03379676096042766, "zone": null, "min_dist": 1.2662032390395723}
{"t": 1784464878.9111276, "x": 2.616493397488858, "y": 0.034569942372544425, "zone": null, "min_dist": 1.2654300576274555}
{"t": 1784464879.0711217, "x": 2.649556093697182, "y": 0.03538658281046248, "zone": null, "min_dist": 1.2646134171895376}
{"t": 1784464879.2237692, "x": 2.6821491900992767, "y": 0.036191624677673895, "zone": null, "min_dist": 1.2638083753223261}
{"t": 1784464879.3759475, "x": 2.714008015045964, "y": 0.03697852993589172, "zone": null, "min_dist": 1.2630214700641083}
{"t": 1784464879.5280793, "x": 2.7450235777390155, "y": 0.03774460664431683, "zone": null, "min_dist": 1.2622553933556833}
{"t": 1784464879.6885977, "x": 2.779197485842358, "y": 0.038588694094433905, "zone": null, "min_dist": 1.261411305905566}
{"t": 1784464879.8412519, "x": 2.8098459127676123, "y": 0.03934570249226049, "zone": null, "min_dist": 1.2606542975077395}
{"t": 1784464879.9933748, "x": 2.8369721361389058, "y": 0.04001571243951224, "zone": null, "min_dist": 1.2599842875604879}
{"t": 1784464880.1453402, "x": 2.8672372115010933, "y": 0.040686599495388366, "zone": null, "min_dist": 1.2593134005046116}
{"t": 1784464880.2974682, "x": 2.8996805432881745, "y": 0.041029890686983685, "zone": null, "min_dist": 1.2589701093130163}
{"t": 1784464880.4577618, "x": 2.9341313135933866, "y": 0.041361077439884604, "zone": null, "min_dist": 1.2586389225601153}
{"t": 1784464880.610443, "x": 2.9653532979574386, "y": 0.04166122436322877, "zone": null, "min_dist": 1.2583387756367712}
{"t": 1784464880.7623744, "x": 2.9969392625847067, "y": 0.041964870559589744, "zone": null, "min_dist": 1.2580351294404104}
{"t": 1784464880.9229321, "x": 3.0313006562451195, "y": 0.04229519821929097, "zone": null, "min_dist": 1.257704801780709}
{"t": 1784464881.0755446, "x": 3.063167725419715, "y": 0.04260154683360144, "zone": null, "min_dist": 1.2573984531663986}
{"t": 1784464881.2356732, "x": 3.0964143691569666, "y": 0.04292115773807045, "zone": null, "min_dist": 1.2570788422619297}
{"t": 1784464881.412081, "x": 3.1340243306981006, "y": 0.04328271488890558, "zone": null, "min_dist": 1.2567172851110944}
{"t": 1784464881.5720656, "x": 3.167370158385491, "y": 0.043603279259075714, "zone": null, "min_dist": 1.2563967207409243}
{"t": 1784464881.732617, "x": 3.2011504022686488, "y": 0.04392801991349324, "zone": null, "min_dist": 1.2560719800865068}
{"t": 1784464881.892866, "x": 3.2352339698599533, "y": 0.044255676677264426, "zone": null, "min_dist": 1.2557443233227357}
{"t": 1784464882.045427, "x": 3.2674715481731664, "y": 0.04456558723878289, "zone": null, "min_dist": 1.2554344127612171}
{"t": 1784464882.1973746, "x": 3.2987443264450227, "y": 0.04486622261216864, "zone": null, "min_dist": 1.2551337773878315}
{"t": 1784464882.349683, "x": 3.3315663607064834, "y": 0.04518175193701607, "zone": null, "min_dist": 1.254818248062984}
{"t": 1784464882.525732, "x": 3.368435304085089, "y": 0.04553618520790255, "zone": null, "min_dist": 1.2544638147920975}
{"t": 1784464882.6780849, "x": 3.3994588928071865, "y": 0.04583442499344075, "zone": null, "min_dist": 1.2541655750065592}
{"t": 1784464882.8382382, "x": 3.4289078180748556, "y": 0.04611752613879954, "zone": null, "min_dist": 1.2538824738612004}
{"t": 1784464882.9905756, "x": 3.455578577730642, "y": 0.046366735352561216, "zone": null, "min_dist": 1.2536332646474388}
{"t": 1784464883.1669068, "x": 3.492727330260724, "y": 0.046324736683689985, "zone": null, "min_dist": 1.25367526331631}
{"t": 1784464883.3192647, "x": 3.52524396246962, "y": 0.04617825356233619, "zone": null, "min_dist": 1.2538217464376638}
{"t": 1784464883.4798422, "x": 3.5584090096866823, "y": 0.046028849221080324, "zone": null, "min_dist": 1.2539711507789197}
{"t": 1784464883.6318119, "x": 3.590545284353668, "y": 0.04588407971395321, "zone": null, "min_dist": 1.2541159202860468}
{"t": 1784464883.7842014, "x": 3.6223241504091495, "y": 0.04574092008455595, "zone": null, "min_dist": 1.254259079915444}
{"t": 1784464883.9361567, "x": 3.6539111983724193, "y": 0.04559862456426679, "zone": null, "min_dist": 1.2544013754357333}
{"t": 1784464884.0963073, "x": 3.687964026290336, "y": 0.04544522131749332, "zone": null, "min_dist": 1.2545547786825066}
{"t": 1784464884.248922, "x": 3.720110136418121, "y": 0.04530040745392673, "zone": null, "min_dist": 1.2546995925460733}
{"t": 1784464884.425214, "x": 3.7564851151823753, "y": 0.04517071258866123, "zone": null, "min_dist": 1.2548292874113387}
{"t": 1784464884.6009583, "x": 3.7940859035511605, "y": 0.045702421138968836, "zone": null, "min_dist": 1.254297578861031}
{"t": 1784464884.7535567, "x": 3.826860833443029, "y": 0.04652695903167015, "zone": null, "min_dist": 1.25347304096833}
{"t": 1784464884.9058158, "x": 3.85862668152076, "y": 0.04732656222564954, "zone": null, "min_dist": 1.2526734377743505}
{"t": 1784464885.0583978, "x": 3.890753078272815, "y": 0.04813524113229093, "zone": null, "min_dist": 1.2518647588677092}
{"t": 1784464885.2103672, "x": 3.9231671418429857, "y": 0.048951161103435475, "zone": null, "min_dist": 1.2510488388965646}
{"t": 1784464885.3624306, "x": 3.9542848578269907, "y": 0.04973444928295668, "zone": null, "min_dist": 1.2502655507170433}
{"t": 1784464885.5149405, "x": 3.9867816355470693, "y": 0.05055245137911206, "zone": null, "min_dist": 1.249447548620888}
{"t": 1784464885.667351, "x": 4.0192883013343526, "y": 0.05137070231266628, "zone": null, "min_dist": 1.2486292976873337}
{"t": 1784464885.8194053, "x": 4.050498536172445, "y": 0.05215631935011412, "zone": null, "min_dist": 1.2478436806498858}
{"t": 1784464885.9717438, "x": 4.0830912491850695, "y": 0.0529767363223599, "zone": null, "min_dist": 1.2470232636776402}
{"t": 1784464886.1323013, "x": 4.116801744294672, "y": 0.053825289635850995, "zone": null, "min_dist": 1.246174710364149}
{"t": 1784464886.292563, "x": 4.149854191512237, "y": 0.05465727858239513, "zone": null, "min_dist": 1.245342721417605}
{"t": 1784464886.4686959, "x": 4.187546583049723, "y": 0.05560606352076263, "zone": null, "min_dist": 1.2443939364792374}
{"t": 1784464886.644898, "x": 4.2253889117839645, "y": 0.05655862272309252, "zone": null, "min_dist": 1.2434413772769075}
{"t": 1784464886.7972825, "x": 4.257062157644305, "y": 0.057355894722404106, "zone": null, "min_dist": 1.2426441052775958}
{"t": 1784464886.957325, "x": 4.290947997052466, "y": 0.058208861888483066, "zone": null, "min_dist": 1.241791138111517}
{"t": 1784464887.1090539, "x": 4.323362060621573, "y": 0.05902478183116002, "zone": null, "min_dist": 1.24097521816884}
{"t": 1784464887.2692814, "x": 4.356239163689193, "y": 0.0598523569202004, "zone": null, "min_dist": 1.2401476430797997}
{"t": 1784464887.4219606, "x": 4.387995179221878, "y": 0.06065171248794968, "zone": null, "min_dist": 1.2393482875120503}
{"t": 1784464887.5821571, "x": 4.420964856448177, "y": 0.061481617866118686, "zone": null, "min_dist": 1.2385183821338814}
{"t": 1784464887.7425725, "x": 4.454212340346671, "y": 0.06231851621030998, "zone": null, "min_dist": 1.2376814837896901}
{"t": 1784464887.895105, "x": 4.4865272467046085, "y": 0.06313194020302325, "zone": null, "min_dist": 1.2368680597969768}
{"t": 1784464888.0554907, "x": 4.520419640926416, "y": 0.06398507232124462, "zone": null, "min_dist": 1.2360149276787555}
{"t": 1784464888.215301, "x": 4.553389346172962, "y": 0.06481497839938609, "zone": null, "min_dist": 1.235185021600614}
{"t": 1784464888.3677747, "x": 4.5860746613967684, "y": 0.0656377263651299, "zone": null, "min_dist": 1.23436227363487}
{"t": 1784464888.5444243, "x": 4.62400959235638, "y": 0.0665926165609939, "zone": null, "min_dist": 1.2334073834390062}
{"t": 1784464888.7047558, "x": 4.657442280888256, "y": 0.0674341768967538, "zone": null, "min_dist": 1.2325658231032461}
{"t": 1784464888.8572526, "x": 4.6895686776455285, "y": 0.0682428557269045, "zone": null, "min_dist": 1.2317571442730955}
{"t": 1784464889.033279, "x": 4.726983290362402, "y": 0.06918464840739706, "zone": null, "min_dist": 1.230815351592603}
{"t": 1784464889.1868546, "x": 4.758378729540527, "y": 0.06997492742929495, "zone": null, "min_dist": 1.2300250725707051}
{"t": 1784464889.3458514, "x": 4.791894187836923, "y": 0.07081857134546103, "zone": null, "min_dist": 1.229181428654539}
{"t": 1784464889.4982164, "x": 4.824586058055731, "y": 0.07164148425556777, "zone": null, "min_dist": 1.2283585157444323}
{"t": 1784464889.6502795, "x": 4.8562593038647694, "y": 0.07243875625358319, "zone": null, "min_dist": 1.227561243746417}
{"t": 1784464889.80298, "x": 4.888449649241797, "y": 0.07324904479397751, "zone": null, "min_dist": 1.2267509552060225}
{"t": 1784464889.9549785, "x": 4.920707161902138, "y": 0.0740610240312759, "zone": null, "min_dist": 1.2259389759687243}
{"t": 1784464890.1071036, "x": 4.951917480086285, "y": 0.07484664319164952, "zone": null, "min_dist": 1.2251533568083506}
{"t": 1784464890.2593532, "x": 4.984695341963535, "y": 0.07567172073309525, "zone": null, "min_dist": 1.2243282792669048}
{"t": 1784464890.4195015, "x": 5.01929659200267, "y": 0.07654269624230864, "zone": null, "min_dist": 1.2234573037576915}
{"t": 1784464890.571757, "x": 5.050692031277219, "y": 0.0773329752634165, "zone": null, "min_dist": 1.2226670247365836}
{"t": 1784464890.7241504, "x": 5.083284744397969, "y": 0.07815339223874836, "zone": null, "min_dist": 1.2218466077612518}
{"t": 1784464890.8762665, "x": 5.115143194651597, "y": 0.07895532622678966, "zone": null, "min_dist": 1.2210446737732104}
{"t": 1784464891.028621, "x": 5.14742938871308, "y": 0.07976802743978001, "zone": null, "min_dist": 1.22023197256022}
{"t": 1784464891.1809614, "x": 5.179929499659434, "y": 0.08058611342289598, "zone": null, "min_dist": 1.219413886577104}
{"t": 1784464891.3575783, "x": 5.217062972629018, "y": 0.08152082923871731, "zone": null, "min_dist": 1.2184791707612828}
{"t": 1784464891.509696, "x": 5.248273290830792, "y": 0.0823064483995144, "zone": null, "min_dist": 1.2176935516004856}
{"t": 1784464891.6863432, "x": 5.285959071819515, "y": 0.08325506697624384, "zone": null, "min_dist": 1.2167449330237563}
{"t": 1784464891.8464515, "x": 5.319822812531836, "y": 0.08410747781525575, "zone": null, "min_dist": 1.2158925221847443}
{"t": 1784464892.0072143, "x": 5.353900408091264, "y": 0.08496527182580944, "zone": null, "min_dist": 1.2150347281741907}
{"t": 1784464892.1671886, "x": 5.3875084686737615, "y": 0.0858112467240782, "zone": null, "min_dist": 1.214188753275922}
{"t": 1784464892.3192017, "x": 5.418999877356903, "y": 0.08660394150748484, "zone": null, "min_dist": 1.2133960584925152}
{"t": 1784464892.4795115, "x": 5.452738994974283, "y": 0.08745321529548915, "zone": null, "min_dist": 1.2125467847045108}
{"t": 1784464892.6398773, "x": 5.4869059463162415, "y": 0.08831325862025655, "zone": null, "min_dist": 1.2116867413797434}
{"t": 1784464892.8001733, "x": 5.520689296094631, "y": 0.08915212095019923, "zone": null, "min_dist": 1.2108478790498007}
{"t": 1784464892.952201, "x": 5.552478301919601, "y": 0.08964458937901663, "zone": null, "min_dist": 1.2103554106209835}
{"t": 1784464893.128592, "x": 5.58989534297247, "y": 0.09010320126637344, "zone": null, "min_dist": 1.2098967987336267}
{"t": 1784464893.3050802, "x": 5.627411592967527, "y": 0.09056302927766084, "zone": null, "min_dist": 1.2094369707223391}
{"t": 1784464893.4572089, "x": 5.658258870675107, "y": 0.09094111679854724, "zone": null, "min_dist": 1.2090588832014528}
{"t": 1784464893.609304, "x": 5.690396336006418, "y": 0.09133501831214419, "zone": null, "min_dist": 1.2086649816878559}
{"t": 1784464893.7858896, "x": 5.72834043308291, "y": 0.09180009058379036, "zone": null, "min_dist": 1.2081999094162097}
{"t": 1784464893.9381373, "x": 5.761100829719519, "y": 0.09220162737409354, "zone": null, "min_dist": 1.2077983726259065}
{"t": 1784464894.1142986, "x": 5.797502306448159, "y": 0.09264779162144786, "zone": null, "min_dist": 1.2073522083785522}
{"t": 1784464894.2665384, "x": 5.830751267021829, "y": 0.09305531684580196, "zone": null, "min_dist": 1.2069446831541981}
{"t": 1784464894.4184573, "x": 5.862524790726003, "y": 0.09344475746076886, "zone": null, "min_dist": 1.2065552425392312}
{"t": 1784464894.571067, "x": 5.8949114107222, "y": 0.09384171286495521, "zone": null, "min_dist": 1.206158287135045}
{"t": 1784464894.7311397, "x": 5.929179242489368, "y": 0.09426172593972643, "zone": null, "min_dist": 1.2057382740602736}
{"t": 1784464894.8916864, "x": 5.961786387931343, "y": 0.09466138380432536, "zone": null, "min_dist": 1.2053386161956747}
{"t": 1784464895.0519707, "x": 5.996488623187916, "y": 0.09508672137292079, "zone": null, "min_dist": 1.2049132786270793}
{"t": 1784464895.2121005, "x": 6.030941704169907, "y": 0.0955090050646807, "zone": null, "min_dist": 1.2044909949353193}
{"t": 1784464895.364833, "x": 6.062619324961661, "y": 0.09589727021400796, "zone": null, "min_dist": 1.204102729785992}
{"t": 1784464895.5248613, "x": 6.096580563548163, "y": 0.09631352531670354, "zone": null, "min_dist": 1.2036864746832965}
{"t": 1784464895.6771393, "x": 6.12952293114203, "y": 0.09671729257135687, "zone": null, "min_dist": 1.2032827074286432}
{"t": 1784464895.837347, "x": 6.163334196416345, "y": 0.09713170942346208, "zone": null, "min_dist": 1.202868290576538}
{"t": 1784464895.9894288, "x": 6.194727386955661, "y": 0.09751648834313446, "zone": null, "min_dist": 1.2024835116568655}
{"t": 1784464896.1498072, "x": 6.228139555305232, "y": 0.0979260134373172, "zone": null, "min_dist": 1.2020739865626828}
{"t": 1784464896.3267117, "x": 6.264483651936252, "y": 0.0983714743544139, "zone": null, "min_dist": 1.201628525645586}
{"t": 1784464896.486751, "x": 6.298630139598648, "y": 0.09879000007242315, "zone": null, "min_dist": 1.201209999927577}
{"t": 1784464896.6470068, "x": 6.33268075555163, "y": 0.09920735072296476, "zone": null, "min_dist": 1.2007926492770353}
{"t": 1784464896.8071382, "x": 6.366616611883834, "y": 0.09962329469204804, "zone": null, "min_dist": 1.200376705307952}
{"t": 1784464896.9674456, "x": 6.4000541005677265, "y": 0.10003313015811985, "zone": null, "min_dist": 1.1999668698418802}
{"t": 1784464897.1277668, "x": 6.434321932199633, "y": 0.10045314323109152, "zone": null, "min_dist": 1.1995468567689085}
{"t": 1784464897.2801414, "x": 6.467171675186346, "y": 0.1008557751771961, "zone": null, "min_dist": 1.199144224822804}
{"t": 1784464897.4319315, "x": 6.497919771798561, "y": 0.10123264710719208, "zone": null, "min_dist": 1.198767352892808}
{"t": 1784464897.592398, "x": 6.531731036908875, "y": 0.10164706394589863, "zone": null, "min_dist": 1.1983529360541014}
{"t": 1784464897.7528846, "x": 6.566311959277815, "y": 0.10207091455215679, "zone": null, "min_dist": 1.1979290854478433}
{"t": 1784464897.9130766, "x": 6.599700304287458, "y": 0.10247925472831318, "zone": null, "min_dist": 1.197520745271687}
{"t": 1784464898.0894413, "x": 6.638310541034916, "y": 0.10254697966645779, "zone": null, "min_dist": 1.1974530203335423}
{"t": 1784464898.2418947, "x": 6.671719811717833, "y": 0.10203315833169266, "zone": null, "min_dist": 1.1979668416683074}
{"t": 1784464898.3939922, "x": 6.7037239450849295, "y": 0.10150924783377296, "zone": null, "min_dist": 1.1984907521662271}
{"t": 1784464898.5543246, "x": 6.738206903986866, "y": 0.10094475916788583, "zone": null, "min_dist": 1.1990552408321142}
{"t": 1784464898.706777, "x": 6.77132929285071, "y": 0.100402543354094, "zone": null, "min_dist": 1.199597456645906}
{"t": 1784464898.858842, "x": 6.801801059080033, "y": 0.09990371763577795, "zone": null, "min_dist": 1.200096282364222}
{"t": 1784464899.0350766, "x": 6.838303057102602, "y": 0.09930617679139132, "zone": null, "min_dist": 1.2006938232086086}
{"t": 1784464899.18732, "x": 6.870780389780157, "y": 0.09877452039273517, "zone": null, "min_dist": 1.2012254796072648}
{"t": 1784464899.3398206, "x": 6.902983143146455, "y": 0.09824735876183349, "zone": null, "min_dist": 1.2017526412381665}
{"t": 1784464899.5002124, "x": 6.937031754843419, "y": 0.09768998040410229, "zone": null, "min_dist": 1.2023100195958978}
{"t": 1784464899.676138, "x": 6.974670380386037, "y": 0.09707383323752017, "zone": null, "min_dist": 1.20292616676248}
{"t": 1784464899.828221, "x": 7.006891747571261, "y": 0.09654636694391609, "zone": null, "min_dist": 1.203473366178277}
{"t": 1784464899.9807594, "x": 7.039026072003017, "y": 0.09601164714010277, "zone": null, "min_dist": 1.2046206822557353}
{"t": 1784464900.1570873, "x": 7.075255449426188, "y": 0.09536653310846581, "zone": null, "min_dist": 1.2069818441979376}
{"t": 1784464900.3093042, "x": 7.1071237507734315, "y": 0.09428461295083014, "zone": null, "min_dist": 1.210464824993646}
{"t": 1784464900.4613822, "x": 7.13938442210201, "y": 0.09246885476739387, "zone": null, "min_dist": 1.2155490462467897}
{"t": 1784464900.622023, "x": 7.173934954602065, "y": 0.08973310048122052, "zone": null, "min_dist": 1.2227016547397087}
{"t": 1784464900.7825463, "x": 7.207562280745598, "y": 0.08631702147124151, "zone": null, "min_dist": 1.2313035664525436}
{"t": 1784464900.9343357, "x": 7.2365662302412535, "y": 0.08281231322927937, "zone": null, "min_dist": 1.23996348579981}
{"t": 1784464901.0948598, "x": 7.26250929204881, "y": 0.07916984311858095, "zone": null, "min_dist": 1.2487343193662443}
{"t": 1784464901.2470903, "x": 7.285292894696536, "y": 0.07553574231764149, "zone": null, "min_dist": 1.2572608138751233}
{"t": 1784464901.423099, "x": 7.306037888662008, "y": 0.07213949855600069, "zone": null, "min_dist": 1.2654250670438805}
