{"t": 1784466171.4254158, "x": -1.3905789050686651e-11, "y": -1.3615528404121054e-13, "zone": null, "min_dist": 1.640121946694043}
{"t": 1784466171.577064, "x": -1.3905789050686651e-11, "y": -1.3615528404121054e-13, "zone": null, "min_dist": 1.640121946694043}
{"t": 1784466171.7294436, "x": -1.3905789050686651e-11, "y": -1.3615528404121054e-13, "zone": null, "min_dist": 1.640121946694043}
{"t": 1784466171.8818707, "x": -1.3905789050686651e-11, "y": -1.3615528404121054e-13, "zone": null, "min_dist": 1.640121946694043}
{"t": 1784466172.034209, "x": -1.3905789050686651e-11, "y": -1.3615528404121054e-13, "zone": null, "min_dist": 1.640121946694043}
{"t": 1784466172.1946113, "x": -1.3905789050686651e-11, "y": -1.3615528404121054e-13, "zone": null, "min_dist": 1.640121946694043}
{"t": 1784466172.3473032, "x": -1.3905789050686651e-11, "y": -1.3615528404121054e-13, "zone": null, "min_dist": 1.640121946694043}
{"t": 1784466172.4991395, "x": -1.3905789050686651e-11, "y": -1.3615528404121054e-13, "zone": null, "min_dist": 1.640121946694043}
{"t": 1784466172.6515353, "x": -1.3905789050686651e-11, "y": -1.3615528404121054e-13, "zone": null, "min_dist": 1.640121946694043}
{"t": 1784466172.803727, "x": -1.3905789050686651e-11, "y": -1.3615528404121054e-13, "zone": null, "min_dist": 1.640121946694043}
{"t": 1784466172.9561386, "x": -1.3905789050686651e-11, "y": -1.3615528404121054e-13, "zone": null, "min_dist": 1.640121946694043}
{"t": 1784466173.10831, "x": -1.3905789050686651e-11, "y": -1.3615528404121054e-13, "zone": null, "min_dist": 1.640121946694043}
{"t": 1784466173.2604928, "x": -1.3905789050686651e-11, "y": -1.3615528404121054e-13, "zone": null, "min_dist": 1.640121946694043}
{"t": 1784466173.4371912, "x": -1.3905789050686651e-11, "y": -1.3615528404121054e-13, "zone": null, "min_dist": 1.640121946694043}
{"t": 1784466173.589023, "x": -1.3905789050686651e-11, "y": -1.3615528404121054e-13, "zone": null, "min_dist": 1.640121946694043}
{"t": 1784466173.741003, "x": -1.3905789050686651e-11, "y": -1.3615528404121054e-13, "zone": null, "min_dist": 1.640121946694043}
{"t": 1784466173.8930633, "x": -1.3905789050686651e-11, "y": -1.3615528404121054e-13, "zone": null, "min_dist": 1.640121946694043}
{"t": 1784466174.0455308, "x": -1.3905789050686651e-11, "y": -1.3615528404121054e-13, "zone": null, "min_dist": 1.640121946694043}
{"t": 1784466174.1977353, "x": -1.3905789050686651e-11, "y": -1.3615528404121054e-13, "zone": null, "min_dist": 1.640121946694043}
{"t": 1784466174.3502147, "x": -1.3905789050686651e-11, "y": -1.3615528404121054e-13, "zone": null, "min_dist": 1.640121946694043}
{"t": 1784466174.5099509, "x": -1.3905789050686651e-11, "y": -1.3615528404121054e-13, "zone": null, "min_dist": 1.640121946694043}
{"t": 1784466174.6620429, "x": -1.3905789050686651e-11, "y": -1.3615528404121054e-13, "zone": null, "min_dist": 1.640121946694043}
{"t": 1784466174.8143158, "x": -1.3905789050686651e-11, "y": -1.3615528404121054e-13, "zone": null, "min_dist": 1.640121946694043}
{"t": 1784466174.9667387, "x": -1.3905789050686651e-11, "y": -1.3615528404121054e-13, "zone": null, "min_dist": 1.640121946694043}
{"t": 1784466175.1275573, "x": 0.009790941433451739, "y": 1.2513744830603955e-09, "zone": null, "min_dist": 1.6341707304971766}
{"t": 1784466175.2793741, "x": 0.03913605730683358, "y": 9.689636378261367e-09, "zone": null, "min_dist": 1.6165579145749163}
{"t": 1784466175.4318013, "x": 0.07006570634490175, "y": -6.708690939071821e-06, "zone": null, "min_dist": 1.5983617700521906}
{"t": 1784466175.5922422, "x": 0.10338557258635009, "y": -0.0003232152543041298, "zone": null, "min_dist": 1.5789481233571978}
{"t": 1784466175.7522202, "x": 0.1377518817548851, "y": -0.0007971763374763252, "zone": null, "min_dist": 1.5592946464443198}
{"t": 1784466175.9047704, "x": 0.17078372323090998, "y": -0.001138953771402755, "zone": null, "min_dist": 1.540986583675808}
{"t": 1784466176.0651855, "x": 0.204570997273517, "y": -0.0008751639143807675, "zone": null, "min_dist": 1.5232966349706596}
{"t": 1784466176.2253351, "x": 0.23852103949933143, "y": -0.0003795577820405019, "zone": null, "min_dist": 1.5062747097113407}
{"t": 1784466176.3855205, "x": 0.27205667949535345, "y": 0.00010999843000395894, "zone": null, "min_dist": 1.489837405238899}
{"t": 1784466176.53819, "x": 0.3043496597532098, "y": 0.000581414249884378, "zone": null, "min_dist": 1.4739124997360955}
{"t": 1784466176.7141678, "x": 0.34148440935677404, "y": 0.0011235105879421354, "zone": null, "min_dist": 1.4562702077113259}
{"t": 1784466176.866076, "x": 0.37315558660966186, "y": 0.00154772622689238, "zone": null, "min_dist": 1.441843343038775}
{"t": 1784466177.026692, "x": 0.4073378531059016, "y": 0.001451765447763828, "zone": null, "min_dist": 1.4274018137230495}
{"t": 1784466177.186804, "x": 0.44151197764577765, "y": 0.0009560048292960694, "zone": null, "min_dist": 1.414009961952954}
{"t": 1784466177.363381, "x": 0.47945487911634116, "y": 0.0004018963182626187, "zone": null, "min_dist": 1.3999723047149721}
{"t": 1784466177.5234258, "x": 0.5118757536440665, "y": -7.157043498134967e-05, "zone": null, "min_dist": 1.3885529164824522}
{"t": 1784466177.6759074, "x": 0.5443186998404899, "y": -0.000545358896923599, "zone": null, "min_dist": 1.3770358788351837}
{"t": 1784466177.8281186, "x": 0.5772600292345363, "y": -0.0010264254726652972, "zone": null, "min_dist": 1.3660312698482076}
{"t": 1784466177.9802701, "x": 0.6100193934817364, "y": -0.001504834757325895, "zone": null, "min_dist": 1.3557929663554655}
{"t": 1784466178.132877, "x": 0.641411594722648, "y": -0.0019632786795471023, "zone": null, "min_dist": 1.3466569623685556}
{"t": 1784466178.2926786, "x": 0.675484444225632, "y": -0.0024608699009732913, "zone": null, "min_dist": 1.3375044448814688}
{"t": 1784466178.4452276, "x": 0.7077133976835344, "y": -0.0029315333502118826, "zone": null, "min_dist": 1.3295931953311646}
{"t": 1784466178.597694, "x": 0.7399105065787875, "y": -0.003401731710937097, "zone": null, "min_dist": 1.3224271677178672}
{"t": 1784466178.757757, "x": 0.7729191387283503, "y": -0.0038837816683681917, "zone": null, "min_dist": 1.315858263255646}
{"t": 1784466178.9102619, "x": 0.8044003515888233, "y": -0.004343525534606603, "zone": null, "min_dist": 1.3103377130658602}
{"t": 1784466179.062239, "x": 0.8370925342425408, "y": -0.0048209536769849215, "zone": null, "min_dist": 1.3053840831087655}
{"t": 1784466179.2223897, "x": 0.8717010543005622, "y": -0.005326367482703834, "zone": null, "min_dist": 1.3010151552549718}
{"t": 1784466179.3751578, "x": 0.9026177711764748, "y": -0.005731800784458024, "zone": null, "min_dist": 1.2979266042389606}
{"t": 1784466179.5270755, "x": 0.9355559632067947, "y": -0.005598090688272389, "zone": null, "min_dist": 1.296005145324682}
{"t": 1784466179.679051, "x": 0.9676063390661637, "y": -0.004789195601384309, "zone": null, "min_dist": 1.295615829287218}
{"t": 1784466179.8313065, "x": 0.9998877693903788, "y": -0.003805289876855064, "zone": null, "min_dist": 1.2961947149818709}
{"t": 1784466179.9915054, "x": 1.0339570909606917, "y": -0.0027668912995966947, "zone": null, "min_dist": 1.2972331087004034}
{"t": 1784466180.1686823, "x": 1.0700666385782325, "y": -0.0016663092641826041, "zone": null, "min_dist": 1.2983336907358174}
{"t": 1784466180.344494, "x": 1.1073511292383862, "y": -0.0005299158908046418, "zone": null, "min_dist": 1.2994700841091955}
{"t": 1784466180.5205004, "x": 1.1442874199706317, "y": 0.0005958646679629112, "zone": null, "min_dist": 1.2994041353320371}
{"t": 1784466180.6727238, "x": 1.1762337580873101, "y": 0.001569556479467942, "zone": null, "min_dist": 1.298430443520532}
{"t": 1784466180.8493412, "x": 1.2124391711577611, "y": 0.0026730603256701698, "zone": null, "min_dist": 1.2973269396743299}
{"t": 1784466181.001695, "x": 1.2441971107697638, "y": 0.0036410099360511348, "zone": null, "min_dist": 1.296358990063949}
{"t": 1784466181.1541095, "x": 1.2769701362986174, "y": 0.004639898640377341, "zone": null, "min_dist": 1.2953601013596228}
{"t": 1784466181.330313, "x": 1.3128051952029245, "y": 0.005732114351266217, "zone": null, "min_dist": 1.2942678856487337}
{"t": 1784466181.506697, "x": 1.3497126877645982, "y": 0.0068570170912221, "zone": null, "min_dist": 1.293142982908778}
{"t": 1784466181.6667616, "x": 1.3840597748399301, "y": 0.007903881571766263, "zone": null, "min_dist": 1.2920961184282338}
{"t": 1784466181.8270729, "x": 1.4173916648019425, "y": 0.008919803531458248, "zone": null, "min_dist": 1.2910801964685419}
{"t": 1784466181.9794073, "x": 1.4481277976936733, "y": 0.009856609207600153, "zone": null, "min_dist": 1.2901433907923998}
{"t": 1784466182.1315877, "x": 1.480814844156573, "y": 0.010852877293304336, "zone": null, "min_dist": 1.2891471227066957}
{"t": 1784466182.284217, "x": 1.5129463593546228, "y": 0.01183221318182333, "zone": null, "min_dist": 1.2881677868181767}
{"t": 1784466182.4363766, "x": 1.5442347466594728, "y": 0.012785851203075016, "zone": null, "min_dist": 1.287214148796925}
{"t": 1784466182.5964804, "x": 1.5775699135100072, "y": 0.01380187301601819, "zone": null, "min_dist": 1.286198126983982}
{"t": 1784466182.7566686, "x": 1.6116104368523487, "y": 0.014839393588886932, "zone": null, "min_dist": 1.2851606064111132}
{"t": 1784466182.9092934, "x": 1.6449069744258784, "y": 0.015854238566795853, "zone": null, "min_dist": 1.2841457614332041}
{"t": 1784466183.0855072, "x": 1.683513046480112, "y": 0.01703091283293506, "zone": null, "min_dist": 1.282969087167065}
{"t": 1784466183.2617013, "x": 1.7210905439051538, "y": 0.018176236863435443, "zone": null, "min_dist": 1.2818237631365645}
{"t": 1784466183.4219182, "x": 1.7540488926866282, "y": 0.019180773613374953, "zone": null, "min_dist": 1.2808192263866252}
{"t": 1784466183.574456, "x": 1.7853285931814722, "y": 0.02013414677763187, "zone": null, "min_dist": 1.2798658532223681}
{"t": 1784466183.72666, "x": 1.8172396691221469, "y": 0.02110676384368307, "zone": null, "min_dist": 1.278893236156317}
{"t": 1784466183.8867848, "x": 1.8504756036250383, "y": 0.022119761136013966, "zone": null, "min_dist": 1.277880238863986}
{"t": 1784466184.0472345, "x": 1.8844236283248195, "y": 0.023154462440983712, "zone": null, "min_dist": 1.2768455375590164}
{"t": 1784466184.1997414, "x": 1.9173564554381217, "y": 0.024158221746981727, "zone": null, "min_dist": 1.2758417782530183}
{"t": 1784466184.3599367, "x": 1.9516007637668893, "y": 0.025201953576567782, "zone": null, "min_dist": 1.2747980464234323}
{"t": 1784466184.512189, "x": 1.984737468785231, "y": 0.026211926999151113, "zone": null, "min_dist": 1.2737880730008488}
{"t": 1784466184.6641717, "x": 2.0151098848908955, "y": 0.027137646820125653, "zone": null, "min_dist": 1.2728623531798744}
{"t": 1784466184.8244164, "x": 2.046782007579036, "y": 0.028102980292942586, "zone": null, "min_dist": 1.2718970197070574}
{"t": 1784466184.9772408, "x": 2.077602131877796, "y": 0.029042345907402064, "zone": null, "min_dist": 1.270957654092598}
{"t": 1784466185.1370482, "x": 2.1109340215649577, "y": 0.03005826784605169, "zone": null, "min_dist": 1.2699417321539483}
{"t": 1784466185.2971056, "x": 2.144233957225631, "y": 0.031073215857854972, "zone": null, "min_dist": 1.268926784142145}
{"t": 1784466185.5560904, "x": 2.1788300429171223, "y": 0.03212766959444985, "zone": null, "min_dist": 1.2678723304055501}
{"t": 1784466185.7139435, "x": 2.2349639131701973, "y": 0.033838573501179164, "zone": null, "min_dist": 1.2661614264988208}
{"t": 1784466185.8660886, "x": 2.266255574348653, "y": 0.03479231128645831, "zone": null, "min_dist": 1.2652076887135417}
{"t": 1784466186.0181131, "x": 2.2963536912102507, "y": 0.03570967069737133, "zone": null, "min_dist": 1.2642903293026286}
{"t": 1784466186.1701748, "x": 2.327424646412861, "y": 0.03665668146180499, "zone": null, "min_dist": 1.263343318538195}
{"t": 1784466186.330539, "x": 2.360412721741206, "y": 0.037661279464734285, "zone": null, "min_dist": 1.2623387205352659}
{"t": 1784466186.4831352, "x": 2.393163157970688, "y": 0.038475720335026116, "zone": null, "min_dist": 1.261524279664974}
{"t": 1784466186.6431322, "x": 2.427889736426251, "y": 0.03866090367257689, "zone": null, "min_dist": 1.2613390963274231}
{"t": 1784466186.7955744, "x": 2.4605566384102855, "y": 0.038691485592464776, "zone": null, "min_dist": 1.2613085144075353}
{"t": 1784466186.9477592, "x": 2.493191599341582, "y": 0.038722037949396854, "zone": null, "min_dist": 1.2612779620506032}
{"t": 1784466187.1080165, "x": 2.5283595558782332, "y": 0.038754962102039964, "zone": null, "min_dist": 1.26124503789796}
{"t": 1784466187.2682033, "x": 2.561604173250573, "y": 0.03878608518894391, "zone": null, "min_dist": 1.2612139148110562}
{"t": 1784466187.428442, "x": 2.595625300895392, "y": 0.03881793559762376, "zone": null, "min_dist": 1.2611820644023763}
{"t": 1784466187.588797, "x": 2.629927601581635, "y": 0.03885004939670999, "zone": null, "min_dist": 1.2611499506032902}
{"t": 1784466187.741237, "x": 2.6612051517454156, "y": 0.03887933113494887, "zone": null, "min_dist": 1.2611206688650511}
{"t": 1784466187.9015799, "x": 2.694491784183795, "y": 0.03891049389521738, "zone": null, "min_dist": 1.2610895061047827}
{"t": 1784466188.0539677, "x": 2.7273439521825846, "y": 0.038941250422483885, "zone": null, "min_dist": 1.261058749577516}
{"t": 1784466188.2060566, "x": 2.7601674545119526, "y": 0.038971980176051094, "zone": null, "min_dist": 1.261028019823949}
{"t": 1784466188.3660352, "x": 2.7940320406795522, "y": 0.03900368456346799, "zone": null, "min_dist": 1.260996315436532}
{"t": 1784466188.5437684, "x": 2.8306567180588598, "y": 0.03903797278641801, "zone": null, "min_dist": 1.260962027213582}
{"t": 1784466188.702536, "x": 2.863524041255444, "y": 0.03906874334478913, "zone": null, "min_dist": 1.2609312566552109}
{"t": 1784466188.8552663, "x": 2.895567968608902, "y": 0.03909874343052436, "zone": null, "min_dist": 1.2609012565694757}
{"t": 1784466189.0070777, "x": 2.9270053665149733, "y": 0.039128175495837095, "zone": null, "min_dist": 1.260871824504163}
{"t": 1784466189.167744, "x": 2.960662524915068, "y": 0.03915968598764592, "zone": null, "min_dist": 1.260840314012354}
{"t": 1784466189.3198304, "x": 2.9936040738280494, "y": 0.039190526971165145, "zone": null, "min_dist": 1.2608094730288348}
{"t": 1784466189.479991, "x": 3.0283728106336154, "y": 0.03922307869124579, "zone": null, "min_dist": 1.2607769213087543}
{"t": 1784466189.6322005, "x": 3.0613176381831972, "y": 0.03925392289298316, "zone": null, "min_dist": 1.260746077107017}
{"t": 1784466189.7848866, "x": 3.0940605405213533, "y": 0.039284578128759115, "zone": null, "min_dist": 1.2607154218712409}
{"t": 1784466189.9371002, "x": 3.12580097857434, "y": 0.039314294482925706, "zone": null, "min_dist": 1.2606857055170744}
{"t": 1784466190.0971909, "x": 3.1596081495547486, "y": 0.03934594604125237, "zone": null, "min_dist": 1.2606540539587476}
{"t": 1784466190.257204, "x": 3.193412048433828, "y": 0.039377594661491336, "zone": null, "min_dist": 1.2606224053385087}
{"t": 1784466190.4092624, "x": 3.22484944641427, "y": 0.0394070274793032, "zone": null, "min_dist": 1.2605929725206968}
{"t": 1784466190.5698614, "x": 3.2585066048564335, "y": 0.039438538776723514, "zone": null, "min_dist": 1.2605614612232765}
{"t": 1784466190.7303305, "x": 3.2926843638970746, "y": 0.03947053780482806, "zone": null, "min_dist": 1.260529462195172}
{"t": 1784466190.882485, "x": 3.324706244631289, "y": 0.03950051829758328, "zone": null, "min_dist": 1.2604994817024167}
{"t": 1784466191.042669, "x": 3.3583314310104124, "y": 0.03953199992982657, "zone": null, "min_dist": 1.2604680000701736}
{"t": 1784466191.1952496, "x": 3.3916114193059, "y": 0.03956315891576366, "zone": null, "min_dist": 1.2604368410842364}
{"t": 1784466191.3558438, "x": 3.4267153727321205, "y": 0.039596025727795664, "zone": null, "min_dist": 1.2604039742722044}
{"t": 1784466191.5079408, "x": 3.459215569172835, "y": 0.03962645455198341, "zone": null, "min_dist": 1.2603735454480167}
{"t": 1784466191.660067, "x": 3.4900957358621247, "y": 0.03965536623925858, "zone": null, "min_dist": 1.2603446337607416}
{"t": 1784466191.8121052, "x": 3.5203289272556613, "y": 0.03968367200035722, "zone": null, "min_dist": 1.2603163279996428}
{"t": 1784466191.9725435, "x": 3.5533983553315083, "y": 0.03971463366651042, "zone": null, "min_dist": 1.2602853663334896}
{"t": 1784466192.1248114, "x": 3.585324235935139, "y": 0.039744524925890326, "zone": null, "min_dist": 1.2602554750741097}
{"t": 1784466192.277425, "x": 3.617684552681263, "y": 0.03977482313128227, "zone": null, "min_dist": 1.2602251768687178}
{"t": 1784466192.429341, "x": 3.650932537800833, "y": 0.03980595284281052, "zone": null, "min_dist": 1.2601940471571895}
{"t": 1784466192.581829, "x": 3.6843725229295337, "y": 0.039837262471536766, "zone": null, "min_dist": 1.2601627375284632}
{"t": 1784466192.74205, "x": 3.719476507438024, "y": 0.03987013015395653, "zone": null, "min_dist": 1.2601298698460435}
{"t": 1784466192.902205, "x": 3.7545484920203305, "y": 0.03990296796031124, "zone": null, "min_dist": 1.2600970320396887}
{"t": 1784466193.0786862, "x": 3.793140475079707, "y": 0.03993910164691397, "zone": null, "min_dist": 1.260060898353086}
{"t": 1784466193.230544, "x": 3.8263884605118483, "y": 0.03997023181355836, "zone": null, "min_dist": 1.2600297681864416}
{"t": 1784466193.3827448, "x": 3.859668445918395, "y": 0.04000139203859216, "zone": null, "min_dist": 1.2599986079614078}
{"t": 1784466193.543373, "x": 3.8947084615893246, "y": 0.04003420029586792, "zone": null, "min_dist": 1.259965799704132}
{"t": 1784466193.7035735, "x": 3.9298124772491, "y": 0.040067068594064656, "zone": null, "min_dist": 1.2599329314059353}
{"t": 1784466193.8560443, "x": 3.963220400489152, "y": 0.04009834889849135, "zone": null, "min_dist": 1.2599016511015086}
{"t": 1784466194.0081017, "x": 3.996340479182193, "y": 0.040129359735467676, "zone": null, "min_dist": 1.2598706402645323}
{"t": 1784466194.160089, "x": 4.02691907936166, "y": 0.04015799026031541, "zone": null, "min_dist": 1.2598420097396845}
{"t": 1784466194.3121145, "x": 4.058477653699209, "y": 0.04018753864434185, "zone": null, "min_dist": 1.2598124613556583}
{"t": 1784466194.488682, "x": 4.095284433318025, "y": 0.04022200119048246, "zone": null, "min_dist": 1.2597779988095177}
{"t": 1784466194.6411364, "x": 4.127579635914617, "y": 0.040281581616777466, "zone": null, "min_dist": 1.2597184183832226}
{"t": 1784466194.8175251, "x": 4.166038783738431, "y": 0.04092107911278668, "zone": null, "min_dist": 1.2590789208872133}
{"t": 1784466194.9940734, "x": 4.204612679044134, "y": 0.04210502138414349, "zone": null, "min_dist": 1.2578949786158566}
{"t": 1784466195.1704085, "x": 4.243186323060125, "y": 0.04329516661783727, "zone": null, "min_dist": 1.2567048333821629}
{"t": 1784466195.330295, "x": 4.2758244457281345, "y": 0.04430217739795414, "zone": null, "min_dist": 1.2556978226020459}
{"t": 1784466195.4822752, "x": 4.305826169475065, "y": 0.04522784480675927, "zone": null, "min_dist": 1.2547721551932407}
{"t": 1784466195.642763, "x": 4.338405102721369, "y": 0.04623302920961423, "zone": null, "min_dist": 1.2537669707903858}
{"t": 1784466195.7952745, "x": 4.370411766350966, "y": 0.04722055726488535, "zone": null, "min_dist": 1.2527794427351147}
{"t": 1784466195.9470997, "x": 4.402044651244108, "y": 0.04819655267606778, "zone": null, "min_dist": 1.2518034473239323}
{"t": 1784466196.1075299, "x": 4.436640432699186, "y": 0.04926396522891339, "zone": null, "min_dist": 1.2507360347710867}
{"t": 1784466196.2841108, "x": 4.47530996875612, "y": 0.05045706890043389, "zone": null, "min_dist": 1.2495429310995663}
{"t": 1784466196.4360301, "x": 4.50860612410799, "y": 0.05148438312990889, "zone": null, "min_dist": 1.248515616870091}
{"t": 1784466196.596403, "x": 4.542643100835819, "y": 0.05253455426705541, "zone": null, "min_dist": 1.2474654457329446}
{"t": 1784466196.7565744, "x": 4.57563955089558, "y": 0.053552620804334004, "zone": null, "min_dist": 1.246447379195666}
{"t": 1784466196.9092922, "x": 4.607981151124387, "y": 0.054550483023527364, "zone": null, "min_dist": 1.2454495169764728}
{"t": 1784466197.0695298, "x": 4.642327843898399, "y": 0.05561021017660166, "zone": null, "min_dist": 1.2443897898233984}
{"t": 1784466197.2217567, "x": 4.673676294884061, "y": 0.05657742965338171, "zone": null, "min_dist": 1.2434225703466184}
{"t": 1784466197.3740027, "x": 4.704412074791747, "y": 0.057525745728211446, "zone": null, "min_dist": 1.2424742542717886}
{"t": 1784466197.5263362, "x": 4.736913570863602, "y": 0.05852854139710275, "zone": null, "min_dist": 1.2414714586028972}
{"t": 1784466197.678831, "x": 4.769472302945506, "y": 0.059533103029601395, "zone": null, "min_dist": 1.2404668969703987}
{"t": 1784466197.8310347, "x": 4.800945505951806, "y": 0.06050417167917897, "zone": null, "min_dist": 1.239495828320821}
{"t": 1784466197.9831746, "x": 4.832894754076151, "y": 0.06148992818668704, "zone": null, "min_dist": 1.238510071813313}
{"t": 1784466198.135703, "x": 4.865236416301491, "y": 0.06248779233987099, "zone": null, "min_dist": 1.237512207660129}
{"t": 1784466198.2878458, "x": 4.897638771208904, "y": 0.0634875291443782, "zone": null, "min_dist": 1.2365124708556219}
{"t": 1784466198.4398599, "x": 4.930567943283305, "y": 0.06450352041588364, "zone": null, "min_dist": 1.2354964795841163}
{"t": 1784466198.5919294, "x": 4.961566273088604, "y": 0.06545993721508092, "zone": null, "min_dist": 1.234540062784919}
{"t": 1784466198.7443516, "x": 4.99424630370446, "y": 0.06646824143793362, "zone": null, "min_dist": 1.2335317585620664}
{"t": 1784466198.896716, "x": 5.027082798352007, "y": 0.0674813731986124, "zone": null, "min_dist": 1.2325186268013877}
{"t": 1784466199.049093, "x": 5.058188925204712, "y": 0.06844111600176814, "zone": null, "min_dist": 1.2315588839982319}
{"t": 1784466199.2014112, "x": 5.090636586510051, "y": 0.06944225065146857, "zone": null, "min_dist": 1.2305577493485316}
{"t": 1784466199.3531492, "x": 5.121921067878838, "y": 0.07040749641236181, "zone": null, "min_dist": 1.2295925035876383}
{"t": 1784466199.5055017, "x": 5.1541061110307815, "y": 0.07140052819705343, "zone": null, "min_dist": 1.2285994718029467}
{"t": 1784466199.6655657, "x": 5.188452803716514, "y": 0.0724602553473808, "zone": null, "min_dist": 1.2275397446526193}
{"t": 1784466199.818126, "x": 5.219671542307003, "y": 0.07342347263323191, "zone": null, "min_dist": 1.2265765273667681}
{"t": 1784466199.9946856, "x": 5.256578638897828, "y": 0.07456219775924496, "zone": null, "min_dist": 1.225437802240755}
{"t": 1784466200.1468935, "x": 5.289443903362199, "y": 0.07557621723661836, "zone": null, "min_dist": 1.2244237827633817}
{"t": 1784466200.307259, "x": 5.324039622954859, "y": 0.07664362786174624, "zone": null, "min_dist": 1.2233563721382539}
{"t": 1784466200.5624375, "x": 5.357096672534129, "y": 0.0776635641309413, "zone": null, "min_dist": 1.2223364358690587}
{"t": 1784466200.7159607, "x": 5.409683016968619, "y": 0.0792860542291881, "zone": null, "min_dist": 1.220713945770812}
{"t": 1784466200.8683698, "x": 5.442270546770954, "y": 0.08029150444819662, "zone": null, "min_dist": 1.2197084955518034}
{"t": 1784466201.0284936, "x": 5.477207936338518, "y": 0.0813694569906822, "zone": null, "min_dist": 1.2186305430093178}
{"t": 1784466201.1888216, "x": 5.509990832058273, "y": 0.08238093456110039, "zone": null, "min_dist": 1.2176190654388996}
{"t": 1784466201.3413985, "x": 5.541167485380844, "y": 0.083342853339046, "zone": null, "min_dist": 1.2166571466609541}
{"t": 1784466201.501355, "x": 5.5751150923326405, "y": 0.08439026699822097, "zone": null, "min_dist": 1.215609733001779}
{"t": 1784466201.6538572, "x": 5.606904534369296, "y": 0.08537109284526034, "zone": null, "min_dist": 1.2146289071547396}
{"t": 1784466201.806078, "x": 5.640111468811624, "y": 0.0863956542393503, "zone": null, "min_dist": 1.2136043457606498}
{"t": 1784466201.9580522, "x": 5.672679218954681, "y": 0.08737499082009746, "zone": null, "min_dist": 1.2126250091799027}
{"t": 1784466202.1103284, "x": 5.705345266217887, "y": 0.08791071081439944, "zone": null, "min_dist": 1.2120892891856005}
{"t": 1784466202.270382, "x": 5.740262495250029, "y": 0.08824470403678511, "zone": null, "min_dist": 1.211755295963215}
{"t": 1784466202.4227016, "x": 5.772314833945655, "y": 0.08855129354554402, "zone": null, "min_dist": 1.2114487064544561}
{"t": 1784466202.5753117, "x": 5.803338437068856, "y": 0.0888480427638787, "zone": null, "min_dist": 1.2111519572361213}
{"t": 1784466202.727269, "x": 5.8347423842854305, "y": 0.08914843014076776, "zone": null, "min_dist": 1.2108515698592324}
{"t": 1784466202.8800101, "x": 5.866855351519385, "y": 0.08945559971139024, "zone": null, "min_dist": 1.2105444002886099}
{"t": 1784466203.0319917, "x": 5.898715878689985, "y": 0.08976035460370388, "zone": null, "min_dist": 1.2102396453962962}
{"t": 1784466203.1843226, "x": 5.931566586201815, "y": 0.09007458114386452, "zone": null, "min_dist": 1.2099254188561355}
{"t": 1784466203.3365932, "x": 5.962318953909393, "y": 0.09036873584865493, "zone": null, "min_dist": 1.2096312641513451}
{"t": 1784466203.4890552, "x": 5.995080312381108, "y": 0.09068210768267362, "zone": null, "min_dist": 1.2093178923173264}
{"t": 1784466203.6411788, "x": 6.027902299726013, "y": 0.0909960594691375, "zone": null, "min_dist": 1.2090039405308626}
{"t": 1784466203.8172922, "x": 6.065569629163537, "y": 0.09135635827716646, "zone": null, "min_dist": 1.2086436417228337}
{"t": 1784466203.9695618, "x": 6.097334250829999, "y": 0.09166019581382713, "zone": null, "min_dist": 1.2083398041861728}
{"t": 1784466204.1219866, "x": 6.129022726698378, "y": 0.09196330486951845, "zone": null, "min_dist": 1.2080366951304815}
{"t": 1784466204.2740693, "x": 6.161378299097767, "y": 0.09227279514213037, "zone": null, "min_dist": 1.2077272048578698}
{"t": 1784466204.4260492, "x": 6.193887217588659, "y": 0.0925837522932986, "zone": null, "min_dist": 1.2074162477067014}
{"t": 1784466204.5785234, "x": 6.224735401015187, "y": 0.09287882348255115, "zone": null, "min_dist": 1.207121176517449}
{"t": 1784466204.7312906, "x": 6.256365291851481, "y": 0.09318137225265895, "zone": null, "min_dist": 1.2068186277473412}
{"t": 1784466204.8829591, "x": 6.288973394207173, "y": 0.09349327810226801, "zone": null, "min_dist": 1.2065067218977321}
{"t": 1784466205.035357, "x": 6.321734752751012, "y": 0.0938066499366148, "zone": null, "min_dist": 1.2061933500633852}
{"t": 1784466205.1872487, "x": 6.353036237779298, "y": 0.09410605729616885, "zone": null, "min_dist": 1.205893942703831}
{"t": 1784466205.34799, "x": 6.387008429472911, "y": 0.09443101093246828, "zone": null, "min_dist": 1.2055689890675318}
{"t": 1784466205.5002327, "x": 6.419395969378372, "y": 0.09474080698367673, "zone": null, "min_dist": 1.2052591930163232}
{"t": 1784466205.6774137, "x": 6.45706329881158, "y": 0.09510110579147156, "zone": null, "min_dist": 1.2048988942085286}
{"t": 1784466205.8370416, "x": 6.4912395095152, "y": 0.0954280110564227, "zone": null, "min_dist": 1.2045719889435773}
{"t": 1784466205.997586, "x": 6.523908272236735, "y": 0.09574049665355776, "zone": null, "min_dist": 1.2042595033464423}
{"t": 1784466206.1578088, "x": 6.557931105768019, "y": 0.0960659347321079, "zone": null, "min_dist": 1.2039340652678923}
{"t": 1784466206.3102016, "x": 6.5906252788316335, "y": 0.09637866395579946, "zone": null, "min_dist": 1.2036213360442005}
{"t": 1784466206.462312, "x": 6.623757198262609, "y": 0.09669475087891408, "zone": null, "min_dist": 1.203305249121086}
{"t": 1784466206.6225305, "x": 6.657766850215924, "y": 0.09674349388907454, "zone": null, "min_dist": 1.2032565061109255}
{"t": 1784466206.7832599, "x": 6.691982959429207, "y": 0.09660406788166115, "zone": null, "min_dist": 1.203395932118339}
{"t": 1784466206.9350152, "x": 6.724649545608059, "y": 0.09647095616432126, "zone": null, "min_dist": 1.2035290438356787}
{"t": 1784466207.0872679, "x": 6.756945698588891, "y": 0.09633935388008068, "zone": null, "min_dist": 1.2036606461199193}
{"t": 1784466207.2395601, "x": 6.7892705728351865, "y": 0.09620763462443492, "zone": null, "min_dist": 1.203792365375565}
{"t": 1784466207.3998663, "x": 6.822061851974505, "y": 0.09607401443931367, "zone": null, "min_dist": 1.2039259855606863}
{"t": 1784466207.5522556, "x": 6.853898157185508, "y": 0.09594428583613501, "zone": null, "min_dist": 1.204055714163865}
{"t": 1784466207.7042122, "x": 6.88668618519613, "y": 0.09581067945647503, "zone": null, "min_dist": 1.204189320543525}
{"t": 1784466207.864527, "x": 6.920314447707197, "y": 0.09567364891855469, "zone": null, "min_dist": 1.2043263510814453}
{"t": 1784466208.0173185, "x": 6.952316046150861, "y": 0.09554324692026529, "zone": null, "min_dist": 1.2044567530797348}
{"t": 1784466208.1770046, "x": 6.98640746256856, "y": 0.09540432924058041, "zone": null, "min_dist": 1.2045956707594196}
{"t": 1784466208.3294935, "x": 7.018368370481058, "y": 0.095274092949955, "zone": null, "min_dist": 1.2048659295339392}
{"t": 1784466208.481734, "x": 7.049763658293022, "y": 0.0951461613824419, "zone": null, "min_dist": 1.2058810862262372}
{"t": 1784466208.6342328, "x": 7.081713790538097, "y": 0.09495652689023275, "zone": null, "min_dist": 1.2078107946398535}
{"t": 1784466208.78637, "x": 7.114118725740381, "y": 0.09419939834029124, "zone": null, "min_dist": 1.2111887443860778}
{"t": 1784466208.94654, "x": 7.1482401576636665, "y": 0.09262972402838276, "zone": null, "min_dist": 1.2164366517184229}
{"t": 1784466209.0987904, "x": 7.18043703284144, "y": 0.09039708648738914, "zone": null, "min_dist": 1.222986807450849}
{"t": 1784466209.2513556, "x": 7.212174160022369, "y": 0.08751460025437473, "zone": null, "min_dist": 1.230909711870658}
{"t": 1784466209.403658, "x": 7.241764622299133, "y": 0.08416492730045314, "zone": null, "min_dist": 1.2396390832019435}
{"t": 1784466209.5561414, "x": 7.266864369313615, "y": 0.0809319097230068, "zone": null, "min_dist": 1.2479357356613958}
{"t": 1784466209.716422, "x": 7.289026858287608, "y": 0.07796914837021808, "zone": null, "min_dist": 1.2557451680761567}
