{"t": 1784464216.5605707, "x": -6.826562551925547e-12, "y": -1.6738518101429364e-13, "zone": null, "min_dist": 1.6401219466897021}
{"t": 1784464216.7122736, "x": -6.826562551925547e-12, "y": -1.6738518101429364e-13, "zone": null, "min_dist": 1.6401219466897021}
{"t": 1784464216.8646152, "x": -6.826562551925547e-12, "y": -1.6738518101429364e-13, "zone": null, "min_dist": 1.6401219466897021}
{"t": 1784464217.016978, "x": -6.826562551925547e-12, "y": -1.6738518101429364e-13, "zone": null, "min_dist": 1.6401219466897021}
{"t": 1784464217.1691046, "x": -6.826562551925547e-12, "y": -1.6738518101429364e-13, "zone": null, "min_dist": 1.6401219466897021}
{"t": 1784464217.3296337, "x": -6.826562551925547e-12, "y": -1.6738518101429364e-13, "zone": null, "min_dist": 1.6401219466897021}
{"t": 1784464217.4911983, "x": -6.826562551925547e-12, "y": -1.6738518101429364e-13, "zone": null, "min_dist": 1.6401219466897021}
{"t": 1784464217.651385, "x": -6.826562551925547e-12, "y": -1.6738518101429364e-13, "zone": null, "min_dist": 1.6401219466897021}
{"t": 1784464217.8031802, "x": -6.826562551925547e-12, "y": -1.6738518101429364e-13, "zone": null, "min_dist": 1.6401219466897021}
{"t": 1784464217.9549077, "x": -6.826562551925547e-12, "y": -1.6738518101429364e-13, "zone": null, "min_dist": 1.6401219466897021}
{"t": 1784464218.107421, "x": -6.826562551925547e-12, "y": -1.6738518101429364e-13, "zone": null, "min_dist": 1.6401219466897021}
{"t": 1784464218.2593863, "x": -6.826562551925547e-12, "y": -1.6738518101429364e-13, "zone": null, "min_dist": 1.6401219466897021}
{"t": 1784464218.4200802, "x": -6.826562551925547e-12, "y": -1.6738518101429364e-13, "zone": null, "min_dist": 1.6401219466897021}
{"t": 1784464218.5719783, "x": -6.826562551925547e-12, "y": -1.6738518101429364e-13, "zone": null, "min_dist": 1.6401219466897021}
{"t": 1784464218.7321532, "x": -6.826562551925547e-12, "y": -1.6738518101429364e-13, "zone": null, "min_dist": 1.6401219466897021}
{"t": 1784464218.8924005, "x": 6.393791576166793e-05, "y": -1.2509855812136138e-13, "zone": null, "min_dist": 1.640082963833296}
{"t": 1784464219.0524383, "x": 0.013870901704188778, "y": 2.0237748049498217e-09, "zone": null, "min_dist": 1.6317017476376912}
{"t": 1784464219.228898, "x": 0.044856239947564804, "y": 1.017933036158558e-08, "zone": null, "min_dist": 1.6131644602770188}
{"t": 1784464219.3808682, "x": 0.0768458891017805, "y": 2.0209391504803064e-08, "zone": null, "min_dist": 1.5944320179687388}
{"t": 1784464219.5332634, "x": 0.10728311997824519, "y": 2.9397600628868787e-08, "zone": null, "min_dist": 1.5770045502286973}
{"t": 1784464219.693032, "x": 0.14049686466574182, "y": 3.96832141167027e-08, "zone": null, "min_dist": 1.5584433055049083}
{"t": 1784464219.8534374, "x": 0.17211243798087264, "y": -6.241599217751803e-05, "zone": null, "min_dist": 1.5411799173562017}
{"t": 1784464220.0134454, "x": 0.20418132031904426, "y": -0.0001759681825629185, "zone": null, "min_dist": 1.5240964157884755}
{"t": 1784464220.1657984, "x": 0.23529180301259173, "y": -0.0002861265725512409, "zone": null, "min_dist": 1.507990311414339}
{"t": 1784464220.318319, "x": 0.26618505505753, "y": -0.0003955157996367631, "zone": null, "min_dist": 1.4924664782750106}
{"t": 1784464220.471222, "x": 0.29710371578652994, "y": -0.0005049949604411727, "zone": null, "min_dist": 1.4774134338376197}
{"t": 1784464220.6235442, "x": 0.32870433175822483, "y": -0.000616888667705342, "zone": null, "min_dist": 1.4625437922386344}
{"t": 1784464220.7751892, "x": 0.3594677764412697, "y": -0.0007258183478895808, "zone": null, "min_dist": 1.4485837664853396}
{"t": 1784464220.927418, "x": 0.3909456535754339, "y": -0.0008372774202350039, "zone": null, "min_dist": 1.4348417949863055}
{"t": 1784464221.079999, "x": 0.4223660325074701, "y": -0.0009485329899894544, "zone": null, "min_dist": 1.4216876289614473}
{"t": 1784464221.2330847, "x": 0.4539363297753347, "y": -0.0010603193548928461, "zone": null, "min_dist": 1.4090528116055996}
{"t": 1784464221.4084072, "x": 0.4904498717803638, "y": -0.0011896090894041999, "zone": null, "min_dist": 1.3951880750300236}
{"t": 1784464221.5854735, "x": 0.5263787609715891, "y": -0.0013168288863436644, "zone": null, "min_dist": 1.382351278435633}
{"t": 1784464221.7451115, "x": 0.558809802429903, "y": -0.0014316632424876542, "zone": null, "min_dist": 1.3714694731058046}
{"t": 1784464221.9051504, "x": 0.591811762851587, "y": -0.0015485189770873642, "zone": null, "min_dist": 1.3611002481510774}
{"t": 1784464222.0576754, "x": 0.6238300603961793, "y": -0.0016618915001471715, "zone": null, "min_dist": 1.351734318364566}
{"t": 1784464222.2098303, "x": 0.6543728751030226, "y": -0.0017700400296412836, "zone": null, "min_dist": 1.3434504599832442}
{"t": 1784464222.362325, "x": 0.6865009570942436, "y": -0.0018694361409871045, "zone": null, "min_dist": 1.3354492168284589}
{"t": 1784464222.514437, "x": 0.7173503255084543, "y": -0.00173549650457389, "zone": null, "min_dist": 1.3286766196205915}
{"t": 1784464222.6749148, "x": 0.74966422368224, "y": -0.0014572232978253546, "zone": null, "min_dist": 1.322452775652125}
{"t": 1784464222.8276656, "x": 0.7810129281443192, "y": -0.00118726190041214, "zone": null, "min_dist": 1.3171445882247226}
{"t": 1784464222.9792511, "x": 0.8111238397276045, "y": -0.0009279602418273871, "zone": null, "min_dist": 1.3127308819406602}
{"t": 1784464223.131864, "x": 0.8418157543065888, "y": -0.000663655096388826, "zone": null, "min_dist": 1.3089297890922453}
{"t": 1784464223.392407, "x": 0.8778951685976829, "y": -0.00035295505783311824, "zone": null, "min_dist": 1.3053704574865692}
{"t": 1784464223.5482974, "x": 0.9271531315883688, "y": 7.123288652242083e-05, "zone": null, "min_dist": 1.30196830445543}
{"t": 1784464223.7006, "x": 0.9574492372954511, "y": 0.0003321293591561481, "zone": null, "min_dist": 1.3003642341216726}
{"t": 1784464223.8607407, "x": 0.9906405516823595, "y": 0.0006179585346025254, "zone": null, "min_dist": 1.2994157490794065}
{"t": 1784464224.0384734, "x": 1.0273364540035097, "y": 0.0009339677125366624, "zone": null, "min_dist": 1.2990660322874634}
{"t": 1784464224.1969848, "x": 1.0598454468721583, "y": 0.0012139207480466358, "zone": null, "min_dist": 1.2987860792519534}
{"t": 1784464224.3494306, "x": 1.0911117736253064, "y": 0.001483172684736452, "zone": null, "min_dist": 1.2985168273152636}
{"t": 1784464224.5095005, "x": 1.1240418310919782, "y": 0.001766751880223705, "zone": null, "min_dist": 1.2982332481197763}
{"t": 1784464224.6623654, "x": 1.1557998145355532, "y": 0.0020402378616212594, "zone": null, "min_dist": 1.2979597621383787}
{"t": 1784464224.8385005, "x": 1.1917295165069388, "y": 0.00234964864961082, "zone": null, "min_dist": 1.2976503513503892}
{"t": 1784464224.9910862, "x": 1.2234975116672684, "y": 0.0026232208332980242, "zone": null, "min_dist": 1.297376779166702}
{"t": 1784464225.1430418, "x": 1.2539435687825051, "y": 0.0028854086859802916, "zone": null, "min_dist": 1.2971145913140198}
{"t": 1784464225.2951784, "x": 1.2847096480469944, "y": 0.0031503525343768734, "zone": null, "min_dist": 1.2968496474656233}
{"t": 1784464225.4554935, "x": 1.3174038969042108, "y": 0.0034319009751613786, "zone": null, "min_dist": 1.2965680990248387}
{"t": 1784464225.632618, "x": 1.3533941413378119, "y": 0.0037418331183816014, "zone": null, "min_dist": 1.2962581668816184}
{"t": 1784464225.7843657, "x": 1.3847396231065154, "y": 0.004011766725756865, "zone": null, "min_dist": 1.2959882332742432}
{"t": 1784464225.937085, "x": 1.4157834379972005, "y": 0.0042791023552193105, "zone": null, "min_dist": 1.2957208976447807}
{"t": 1784464226.0970457, "x": 1.4480466875245472, "y": 0.004556939121763215, "zone": null, "min_dist": 1.2954430608782368}
{"t": 1784464226.2730703, "x": 1.4849531425584444, "y": 0.004874761557312782, "zone": null, "min_dist": 1.2951252384426872}
{"t": 1784464226.4254072, "x": 1.5159716609678153, "y": 0.005141879327940544, "zone": null, "min_dist": 1.2948581206720595}
{"t": 1784464226.5776908, "x": 1.546717617248414, "y": 0.005406649909567453, "zone": null, "min_dist": 1.2945933500904325}
{"t": 1784464226.7299652, "x": 1.5788528186833766, "y": 0.005683384441057507, "zone": null, "min_dist": 1.2943166155589425}
{"t": 1784464226.890156, "x": 1.6125019762942556, "y": 0.005973156429946271, "zone": null, "min_dist": 1.2940268435700537}
{"t": 1784464227.050459, "x": 1.6451897553030694, "y": 0.006254649238669316, "zone": null, "min_dist": 1.2937453507613308}
{"t": 1784464227.2267218, "x": 1.6819495964482325, "y": 0.006571209031139268, "zone": null, "min_dist": 1.2934287909688609}
{"t": 1784464227.3793464, "x": 1.7135256609710126, "y": 0.006843128348805099, "zone": null, "min_dist": 1.293156871651195}
{"t": 1784464227.555138, "x": 1.7497364914784361, "y": 0.007154960144243338, "zone": null, "min_dist": 1.2928450398557567}
{"t": 1784464227.7070155, "x": 1.7813008290245809, "y": 0.007426778485284089, "zone": null, "min_dist": 1.2925732215147159}
{"t": 1784464227.8594022, "x": 1.812826337992567, "y": 0.007698262418920339, "zone": null, "min_dist": 1.2923017375810797}
{"t": 1784464228.036098, "x": 1.848442850622931, "y": 0.00800497607538301, "zone": null, "min_dist": 1.291995023924617}
{"t": 1784464228.1879206, "x": 1.8799498928197333, "y": 0.008276300983069066, "zone": null, "min_dist": 1.291723699016931}
{"t": 1784464228.3404129, "x": 1.9114146515774768, "y": 0.008547261697220131, "zone": null, "min_dist": 1.2914527383027798}
{"t": 1784464228.4924235, "x": 1.9429874933174736, "y": 0.008819153299915746, "zone": null, "min_dist": 1.2911808467000843}
{"t": 1784464228.6533697, "x": 1.9766805318788778, "y": 0.009109303214469195, "zone": null, "min_dist": 1.290890696785531}
{"t": 1784464228.813169, "x": 2.00932946094969, "y": 0.009390461408694576, "zone": null, "min_dist": 1.2906095385913054}
{"t": 1784464228.9655068, "x": 2.039950697140043, "y": 0.009654157886313993, "zone": null, "min_dist": 1.290345842113686}
{"t": 1784464229.117932, "x": 2.0705953657725127, "y": 0.009918056117413506, "zone": null, "min_dist": 1.2900819438825866}
{"t": 1784464229.2782145, "x": 2.1029293836270107, "y": 0.010196502341596648, "zone": null, "min_dist": 1.2898034976584034}
{"t": 1784464229.4302955, "x": 2.1342983567489755, "y": 0.010466638226665026, "zone": null, "min_dist": 1.289533361773335}
{"t": 1784464229.5827317, "x": 2.1659737269713015, "y": 0.010739412738303774, "zone": null, "min_dist": 1.2892605872616962}
{"t": 1784464229.735061, "x": 2.196413106284904, "y": 0.011001543101066292, "zone": null, "min_dist": 1.2889984568989337}
{"t": 1784464229.8951514, "x": 2.229685073570258, "y": 0.011288066789772032, "zone": null, "min_dist": 1.288711933210228}
{"t": 1784464230.055558, "x": 2.261926342446937, "y": 0.011565714234936566, "zone": null, "min_dist": 1.2884342857650635}
{"t": 1784464230.2079532, "x": 2.292992262077289, "y": 0.01183324028690459, "zone": null, "min_dist": 1.2881667597130955}
{"t": 1784464230.360059, "x": 2.3250314049639806, "y": 0.012109147556563178, "zone": null, "min_dist": 1.287890852443437}
{"t": 1784464230.5122542, "x": 2.356604039067812, "y": 0.01238103730535581, "zone": null, "min_dist": 1.2876189626946442}
{"t": 1784464230.6888833, "x": 2.392441206095196, "y": 0.012689651226289846, "zone": null, "min_dist": 1.28731034877371}
{"t": 1784464230.8414295, "x": 2.4245224806362025, "y": 0.012965921341589807, "zone": null, "min_dist": 1.2870340786584102}
{"t": 1784464231.0173876, "x": 2.4606019914649657, "y": 0.013276622236204322, "zone": null, "min_dist": 1.2867233777637956}
{"t": 1784464231.1773994, "x": 2.492890534254783, "y": 0.013554676833519417, "zone": null, "min_dist": 1.2864453231664805}
{"t": 1784464231.3298743, "x": 2.5241347904895566, "y": 0.013823738643568922, "zone": null, "min_dist": 1.2861762613564311}
{"t": 1784464231.482744, "x": 2.555190453306217, "y": 0.014091176323394388, "zone": null, "min_dist": 1.2859088236766056}
{"t": 1784464231.658542, "x": 2.5914654054874746, "y": 0.014403560365779054, "zone": null, "min_dist": 1.285596439634221}
{"t": 1784464231.819058, "x": 2.625082685083842, "y": 0.01469305786716578, "zone": null, "min_dist": 1.2853069421328343}
{"t": 1784464231.9710648, "x": 2.655963075657979, "y": 0.01495898608795258, "zone": null, "min_dist": 1.2850410139120474}
{"t": 1784464232.131197, "x": 2.689068464327913, "y": 0.015244075262498236, "zone": null, "min_dist": 1.2847559247375018}
{"t": 1784464232.291671, "x": 2.7212103996486956, "y": 0.015520867269836649, "zone": null, "min_dist": 1.2844791327301635}
{"t": 1784464232.4439075, "x": 2.752084230098544, "y": 0.015786739047294888, "zone": null, "min_dist": 1.284213260952705}
{"t": 1784464232.6043181, "x": 2.786014792143707, "y": 0.016078934505866376, "zone": null, "min_dist": 1.2839210654941338}
{"t": 1784464232.7565205, "x": 2.818156699238364, "y": 0.016355726782742223, "zone": null, "min_dist": 1.2836442732172577}
{"t": 1784464232.9167993, "x": 2.850490568574395, "y": 0.016634171686564475, "zone": null, "min_dist": 1.2833658283134355}
{"t": 1784464233.0770378, "x": 2.8839480062549288, "y": 0.016922292696452786, "zone": null, "min_dist": 1.2830777073035473}
{"t": 1784464233.2532375, "x": 2.9201200767021676, "y": 0.017233790682850157, "zone": null, "min_dist": 1.28276620931715}
{"t": 1784464233.4129963, "x": 2.9524153903280297, "y": 0.017511903600509707, "zone": null, "min_dist": 1.2824880963994902}
{"t": 1784464233.565011, "x": 2.983969498747102, "y": 0.017783633806149522, "zone": null, "min_dist": 1.2822163661938506}
{"t": 1784464233.7417123, "x": 3.0206114805492903, "y": 0.01809917862619578, "zone": null, "min_dist": 1.2819008213738043}
{"t": 1784464233.918536, "x": 3.057167536647515, "y": 0.01841398344764666, "zone": null, "min_dist": 1.2815860165523534}
{"t": 1784464234.0941846, "x": 3.0929760111182953, "y": 0.018722350249062273, "zone": null, "min_dist": 1.2812776497509377}
{"t": 1784464234.246779, "x": 3.1250859782432436, "y": 0.018998867480802425, "zone": null, "min_dist": 1.2810011325191977}
{"t": 1784464234.4071121, "x": 3.158246736146586, "y": 0.019284433437143353, "zone": null, "min_dist": 1.2807155665628567}
{"t": 1784464234.5670414, "x": 3.1910524365403736, "y": 0.01956694176683306, "zone": null, "min_dist": 1.2804330582331669}
{"t": 1784464234.7194846, "x": 3.222995583120462, "y": 0.01984202232314921, "zone": null, "min_dist": 1.2801579776768508}
{"t": 1784464234.8961267, "x": 3.259331019204446, "y": 0.020154927191780418, "zone": null, "min_dist": 1.2798450728082196}
{"t": 1784464235.0481362, "x": 3.290999888409242, "y": 0.020427645785268088, "zone": null, "min_dist": 1.279572354214732}
{"t": 1784464235.208094, "x": 3.324687812398903, "y": 0.02071775164211965, "zone": null, "min_dist": 1.2792822483578803}
{"t": 1784464235.3608131, "x": 3.355073122532053, "y": 0.020979416316170913, "zone": null, "min_dist": 1.279020583683829}
{"t": 1784464235.537076, "x": 3.3915553179813074, "y": 0.021293585141070222, "zone": null, "min_dist": 1.2787064148589298}
{"t": 1784464235.6889987, "x": 3.423562552059528, "y": 0.021569217640088442, "zone": null, "min_dist": 1.2784307823599117}
{"t": 1784464235.8652678, "x": 3.4604923712431033, "y": 0.021887241221762305, "zone": null, "min_dist": 1.2781127587782377}
{"t": 1784464236.0252967, "x": 3.4938318565760196, "y": 0.022174346406728735, "zone": null, "min_dist": 1.2778256535932713}
{"t": 1784464236.1778736, "x": 3.52655822183199, "y": 0.022456171981173827, "zone": null, "min_dist": 1.2775438280188263}
{"t": 1784464236.3543224, "x": 3.56458625746358, "y": 0.02278365332550267, "zone": null, "min_dist": 1.2772163466744975}
{"t": 1784464236.5063665, "x": 3.5971525667733832, "y": 0.023064100494342495, "zone": null, "min_dist": 1.2769358995056574}
{"t": 1784464236.6828547, "x": 3.635465251347158, "y": 0.023394033215732794, "zone": null, "min_dist": 1.2766059667842673}
{"t": 1784464236.8429542, "x": 3.6691904067344465, "y": 0.023684459756058422, "zone": null, "min_dist": 1.2763155402439417}
{"t": 1784464236.9950523, "x": 3.700313429287993, "y": 0.023952477520741006, "zone": null, "min_dist": 1.2760475224792591}
{"t": 1784464237.14736, "x": 3.732142209161216, "y": 0.024226573208095063, "zone": null, "min_dist": 1.275773426791905}
{"t": 1784464237.3013902, "x": 3.763792372971411, "y": 0.02449913065717192, "zone": null, "min_dist": 1.275500869342828}
{"t": 1784464237.4533517, "x": 3.7952792676759204, "y": 0.024770282069073397, "zone": null, "min_dist": 1.2752297179309267}
{"t": 1784464237.6052854, "x": 3.827485141351128, "y": 0.02504762520568214, "zone": null, "min_dist": 1.2749523747943179}
{"t": 1784464237.7579443, "x": 3.8603158617133086, "y": 0.02533034945835748, "zone": null, "min_dist": 1.2746696505416426}
{"t": 1784464237.9175973, "x": 3.8945816905226303, "y": 0.025625432233420814, "zone": null, "min_dist": 1.2743745677665792}
{"t": 1784464238.0699587, "x": 3.9266848592055403, "y": 0.025901890892346274, "zone": null, "min_dist": 1.2740981091076538}
{"t": 1784464238.2304733, "x": 3.960861276093093, "y": 0.026196203611288316, "zone": null, "min_dist": 1.2738037963887117}
{"t": 1784464238.4063413, "x": 3.9978838135929395, "y": 0.026515025704299144, "zone": null, "min_dist": 1.2734849742957008}
{"t": 1784464238.5585737, "x": 4.030175758762398, "y": 0.0267931101291215, "zone": null, "min_dist": 1.2732068898708786}
{"t": 1784464238.710539, "x": 4.062410263058977, "y": 0.027070699826826767, "zone": null, "min_dist": 1.2729293001731732}
{"t": 1784464238.8629382, "x": 4.094980095852955, "y": 0.02735117739046627, "zone": null, "min_dist": 1.2726488226095338}
{"t": 1784464239.0232368, "x": 4.129085685499407, "y": 0.027644880122108115, "zone": null, "min_dist": 1.272355119877892}
{"t": 1784464239.199272, "x": 4.167398432039778, "y": 0.027974813398164586, "zone": null, "min_dist": 1.2720251866018355}
{"t": 1784464239.3597946, "x": 4.201322164935722, "y": 0.028266950011646558, "zone": null, "min_dist": 1.2717330499883535}
{"t": 1784464239.5198076, "x": 4.23518205204142, "y": 0.028558536841413136, "zone": null, "min_dist": 1.2714414631585869}
{"t": 1784464239.6719894, "x": 4.267110041484971, "y": 0.02883348687040112, "zone": null, "min_dist": 1.2711665131295988}
{"t": 1784464239.8239858, "x": 4.298201189406537, "y": 0.02910123017767726, "zone": null, "min_dist": 1.2708987698223229}
{"t": 1784464239.9761248, "x": 4.331048813256001, "y": 0.029384100018820195, "zone": null, "min_dist": 1.2706158999811799}
{"t": 1784464240.1282134, "x": 4.363512361655703, "y": 0.029663662214708744, "zone": null, "min_dist": 1.2703363377852912}
{"t": 1784464240.280861, "x": 4.395698208892892, "y": 0.029940832937458636, "zone": null, "min_dist": 1.2700591670625414}
{"t": 1784464240.4331057, "x": 4.428794993558675, "y": 0.030225848494998472, "zone": null, "min_dist": 1.2697741515050016}
{"t": 1784464240.5935457, "x": 4.463495180457653, "y": 0.03052467186493673, "zone": null, "min_dist": 1.2694753281350633}
{"t": 1784464240.7456532, "x": 4.496403464942206, "y": 0.030808064119083507, "zone": null, "min_dist": 1.2691919358809165}
{"t": 1784464240.8979275, "x": 4.528710536534289, "y": 0.03108627880210329, "zone": null, "min_dist": 1.2689137211978967}
{"t": 1784464241.0593557, "x": 4.563385371381828, "y": 0.03138488381359068, "zone": null, "min_dist": 1.2686151161864094}
{"t": 1784464241.210634, "x": 4.595926601595286, "y": 0.031665115064240044, "zone": null, "min_dist": 1.26833488493576}
{"t": 1784464241.3631418, "x": 4.628681566517681, "y": 0.03194718692742969, "zone": null, "min_dist": 1.2680528130725703}
{"t": 1784464241.523274, "x": 4.662580071365712, "y": 0.03223910629651526, "zone": null, "min_dist": 1.2677608937034848}
{"t": 1784464241.6754587, "x": 4.6950151724525995, "y": 0.032518423566746835, "zone": null, "min_dist": 1.2674815764332532}
{"t": 1784464241.8280706, "x": 4.728108526841068, "y": 0.032803409563236664, "zone": null, "min_dist": 1.2671965904367635}
{"t": 1784464241.980312, "x": 4.760806261776044, "y": 0.03308498857712609, "zone": null, "min_dist": 1.266915011422874}
{"t": 1784464242.1324244, "x": 4.793286741715419, "y": 0.03336469661205253, "zone": null, "min_dist": 1.2666353033879476}
{"t": 1784464242.2921088, "x": 4.826584123583649, "y": 0.03365143921218094, "zone": null, "min_dist": 1.266348560787819}
{"t": 1784464242.4522622, "x": 4.860115421992778, "y": 0.03394019621692365, "zone": null, "min_dist": 1.2660598037830764}
{"t": 1784464242.6049747, "x": 4.8920655472386105, "y": 0.03421533694820611, "zone": null, "min_dist": 1.265784663051794}
{"t": 1784464242.7570093, "x": 4.924577963701684, "y": 0.03449532000298325, "zone": null, "min_dist": 1.2655046799970169}
{"t": 1784464242.93379, "x": 4.961041426132842, "y": 0.03480932742749237, "zone": null, "min_dist": 1.2651906725725077}
{"t": 1784464243.0939326, "x": 4.995414857321432, "y": 0.035105336802914514, "zone": null, "min_dist": 1.2648946631970854}
{"t": 1784464243.245953, "x": 5.028604363214186, "y": 0.03539115089693432, "zone": null, "min_dist": 1.2646088491030658}
{"t": 1784464243.398394, "x": 5.06013332430949, "y": 0.035662664571426805, "zone": null, "min_dist": 1.2643373354285732}
{"t": 1784464243.5748284, "x": 5.096494205765494, "y": 0.03597578862934749, "zone": null, "min_dist": 1.2640242113706526}
{"t": 1784464243.726958, "x": 5.128124163062984, "y": 0.03624817205724459, "zone": null, "min_dist": 1.2637518279427555}
{"t": 1784464243.9032488, "x": 5.164469700738937, "y": 0.03656116391054771, "zone": null, "min_dist": 1.2634388360894524}
{"t": 1784464244.0798588, "x": 5.200808563905522, "y": 0.03687409830178303, "zone": null, "min_dist": 1.263125901698217}
{"t": 1784464244.2321105, "x": 5.233598836825032, "y": 0.037156474211657325, "zone": null, "min_dist": 1.2628435257883428}
{"t": 1784464244.3921812, "x": 5.268669567122553, "y": 0.03745848867411867, "zone": null, "min_dist": 1.2625415113258813}
{"t": 1784464244.5445144, "x": 5.3014784558209955, "y": 0.03774102493038053, "zone": null, "min_dist": 1.2622589750696196}
{"t": 1784464244.7047143, "x": 5.334376753592316, "y": 0.03802433069291001, "zone": null, "min_dist": 1.26197566930709}
{"t": 1784464244.8652039, "x": 5.3674162219353185, "y": 0.03830885211425819, "zone": null, "min_dist": 1.2616911478857418}
{"t": 1784464245.0171835, "x": 5.399209538346795, "y": 0.03858264236817975, "zone": null, "min_dist": 1.2614173576318204}
{"t": 1784464245.1694703, "x": 5.43134485771874, "y": 0.038859377948489225, "zone": null, "min_dist": 1.261140622051511}
{"t": 1784464245.3211904, "x": 5.463362137943138, "y": 0.03913509694717712, "zone": null, "min_dist": 1.260864903052823}
{"t": 1784464245.473499, "x": 5.496081735681098, "y": 0.039416864228594174, "zone": null, "min_dist": 1.260583135771406}
{"t": 1784464245.6257474, "x": 5.529210640206999, "y": 0.03970215644005108, "zone": null, "min_dist": 1.260297843559949}
{"t": 1784464245.7859983, "x": 5.5641920519721335, "y": 0.040003401680725054, "zone": null, "min_dist": 1.259996598319275}
{"t": 1784464245.9383776, "x": 5.596719688085517, "y": 0.0402835158192353, "zone": null, "min_dist": 1.2597164841807647}
{"t": 1784464246.0905375, "x": 5.628353159508361, "y": 0.04055592955782612, "zone": null, "min_dist": 1.2594440704421739}
{"t": 1784464246.2429879, "x": 5.658703192526784, "y": 0.040817290456423905, "zone": null, "min_dist": 1.2591827095435761}
{"t": 1784464246.3952796, "x": 5.68953320742654, "y": 0.04108278488932911, "zone": null, "min_dist": 1.258917215110671}
{"t": 1784464246.5476754, "x": 5.7217475637763044, "y": 0.041360201088619805, "zone": null, "min_dist": 1.2586397989113802}
{"t": 1784464246.7083035, "x": 5.754231322267375, "y": 0.04163993681302176, "zone": null, "min_dist": 1.2583600631869782}
{"t": 1784464246.8601227, "x": 5.786652977569303, "y": 0.04191913829932742, "zone": null, "min_dist": 1.2580808617006727}
{"t": 1784464247.020431, "x": 5.819121547669273, "y": 0.04219874321766258, "zone": null, "min_dist": 1.2578012567823376}
{"t": 1784464247.1807234, "x": 5.851256957249801, "y": 0.042475479102021436, "zone": null, "min_dist": 1.2575245208979786}
{"t": 1784464247.33312, "x": 5.883264163449938, "y": 0.04275111135234099, "zone": null, "min_dist": 1.2572488886476592}
{"t": 1784464247.48533, "x": 5.913934212101529, "y": 0.043015228188487485, "zone": null, "min_dist": 1.2569847718115126}
{"t": 1784464247.6376803, "x": 5.945082503039517, "y": 0.04328346356120123, "zone": null, "min_dist": 1.2567165364387989}
{"t": 1784464247.79064, "x": 5.9774635557740785, "y": 0.04356231532164425, "zone": null, "min_dist": 1.2564376846783558}
{"t": 1784464247.950151, "x": 6.010624341574635, "y": 0.043847881523803395, "zone": null, "min_dist": 1.2561521184761966}
{"t": 1784464248.1021152, "x": 6.042535759189899, "y": 0.044122688928521066, "zone": null, "min_dist": 1.255877311071479}
{"t": 1784464248.2621295, "x": 6.076184978858565, "y": 0.0444124614737328, "zone": null, "min_dist": 1.2555875385262671}
{"t": 1784464248.4386802, "x": 6.111287736601299, "y": 0.04471475071603231, "zone": null, "min_dist": 1.2552852492839677}
{"t": 1784464248.598658, "x": 6.1439635776718715, "y": 0.044996140654221715, "zone": null, "min_dist": 1.2550038593457784}
{"t": 1784464248.7590582, "x": 6.177016608884227, "y": 0.0452807788967308, "zone": null, "min_dist": 1.2547192211032692}
{"t": 1784464248.9116888, "x": 6.207865028481501, "y": 0.0455464317933782, "zone": null, "min_dist": 1.2544535682066218}
{"t": 1784464249.0637255, "x": 6.239961643255505, "y": 0.04582283406616203, "zone": null, "min_dist": 1.254177165933838}
{"t": 1784464249.2241356, "x": 6.272615469521067, "y": 0.046104034387889035, "zone": null, "min_dist": 1.253895965612111}
{"t": 1784464249.376534, "x": 6.303607342411371, "y": 0.04637092278077156, "zone": null, "min_dist": 1.2536290772192284}
{"t": 1784464249.5289474, "x": 6.3362661617957645, "y": 0.046652166603297233, "zone": null, "min_dist": 1.2533478333967027}
{"t": 1784464249.6891296, "x": 6.37014460870021, "y": 0.04694391327686086, "zone": null, "min_dist": 1.2530560867231393}
{"t": 1784464249.865152, "x": 6.406469905598044, "y": 0.04725673081350526, "zone": null, "min_dist": 1.2527432691864948}
{"t": 1784464250.0174174, "x": 6.437896077808759, "y": 0.047527359267374385, "zone": null, "min_dist": 1.2524726407326257}
{"t": 1784464250.169909, "x": 6.469285347458941, "y": 0.04779766996927446, "zone": null, "min_dist": 1.2522023300307257}
{"t": 1784464250.3305466, "x": 6.501673261535554, "y": 0.04807658034116287, "zone": null, "min_dist": 1.2519234196588371}
{"t": 1784464250.4824646, "x": 6.533272931816933, "y": 0.04834870295185813, "zone": null, "min_dist": 1.251651297048142}
{"t": 1784464250.6426113, "x": 6.566098482289722, "y": 0.048631382125009136, "zone": null, "min_dist": 1.251368617874991}
{"t": 1784464250.7948523, "x": 6.597179614985336, "y": 0.04889903921717291, "zone": null, "min_dist": 1.2511009607828272}
{"t": 1784464250.9549787, "x": 6.630298297017335, "y": 0.04918424282720292, "zone": null, "min_dist": 1.2508157571727971}
{"t": 1784464251.1071773, "x": 6.662216243405654, "y": 0.04945910638392579, "zone": null, "min_dist": 1.2505408936160742}
{"t": 1784464251.2595575, "x": 6.693214790855864, "y": 0.04972605223290646, "zone": null, "min_dist": 1.2502739477670937}
{"t": 1784464251.412016, "x": 6.724423559106818, "y": 0.04999480839364903, "zone": null, "min_dist": 1.250005191606351}
{"t": 1784464251.5642488, "x": 6.755885160409132, "y": 0.05026574198697467, "zone": null, "min_dist": 1.2497342580130253}
{"t": 1784464251.7245522, "x": 6.789332489999112, "y": 0.050553775940772684, "zone": null, "min_dist": 1.2494462240592275}
{"t": 1784464251.8767939, "x": 6.820062991381856, "y": 0.05081841334021759, "zone": null, "min_dist": 1.2491815866597824}
{"t": 1784464252.0290546, "x": 6.85062369140525, "y": 0.05108158852050602, "zone": null, "min_dist": 1.248918411479494}
{"t": 1784464252.1815524, "x": 6.882068420069215, "y": 0.05135237679041962, "zone": null, "min_dist": 1.2486476232095804}
{"t": 1784464252.333551, "x": 6.912179303863501, "y": 0.05161167816847505, "zone": null, "min_dist": 1.248388321831525}
{"t": 1784464252.4862678, "x": 6.943452249412733, "y": 0.051880987064421895, "zone": null, "min_dist": 1.2481190129355781}
{"t": 1784464252.6385372, "x": 6.974896953535193, "y": 0.05215177512207996, "zone": null, "min_dist": 1.2478482248779201}
{"t": 1784464252.7983608, "x": 7.007042188489996, "y": 0.05242859552414528, "zone": null, "min_dist": 1.2475912799008277}
{"t": 1784464252.9506443, "x": 7.037744242330322, "y": 0.05269298798481303, "zone": null, "min_dist": 1.2478779628037928}
{"t": 1784464253.1269925, "x": 7.073756445942648, "y": 0.053003109256985086, "zone": null, "min_dist": 1.249176232098913}
{"t": 1784464253.279385, "x": 7.10512529480364, "y": 0.05327324402898772, "zone": null, "min_dist": 1.251151042704899}
{"t": 1784464253.4315941, "x": 7.136784028007092, "y": 0.053545875317200294, "zone": null, "min_dist": 1.2539369024223705}
{"t": 1784464253.5919545, "x": 7.169290961284837, "y": 0.05376286915873906, "zone": null, "min_dist": 1.2576829552236932}
{"t": 1784464253.7442605, "x": 7.200550264079157, "y": 0.053771654779513234, "zone": null, "min_dist": 1.2622620555388697}
{"t": 1784464253.9048269, "x": 7.231714696523171, "y": 0.05355558750329917, "zone": null, "min_dist": 1.26779942184443}
{"t": 1784464254.0653203, "x": 7.262279139445128, "y": 0.05317377629993038, "zone": null, "min_dist": 1.274113801469183}
{"t": 1784464254.2343385, "x": 7.294929929704472, "y": 0.05276495945083068, "zone": null, "min_dist": 1.2816313470765193}
{"t": 1784464254.386152, "x": 7.32446361477085, "y": 0.052395171620129265, "zone": null, "min_dist": 1.289106064335644}
