{"t": 1784544146.9779966, "x": -7.712055938327634e-12, "y": -2.3138655768291867e-13, "zone": null, "min_dist": 1.802775637738283}
{"t": 1784544147.1378465, "x": -7.712055938327634e-12, "y": -2.3138655768291867e-13, "zone": null, "min_dist": 1.802775637738283}
{"t": 1784544147.289993, "x": -7.712055938327634e-12, "y": -2.3138655768291867e-13, "zone": null, "min_dist": 1.802775637738283}
{"t": 1784544147.4504702, "x": -7.712055938327634e-12, "y": -2.3138655768291867e-13, "zone": null, "min_dist": 1.802775637738283}
{"t": 1784544147.6105485, "x": -7.712055938327634e-12, "y": -2.3138655768291867e-13, "zone": null, "min_dist": 1.802775637738283}
{"t": 1784544147.7715225, "x": -7.712055938327634e-12, "y": -2.3138655768291867e-13, "zone": null, "min_dist": 1.802775637738283}
{"t": 1784544147.9313486, "x": -7.712055938327634e-12, "y": -2.3138655768291867e-13, "zone": null, "min_dist": 1.802775637738283}
{"t": 1784544148.091301, "x": -7.712055938327634e-12, "y": -2.3138655768291867e-13, "zone": null, "min_dist": 1.802775637738283}
{"t": 1784544148.2514868, "x": -7.712055938327634e-12, "y": -2.3138655768291867e-13, "zone": null, "min_dist": 1.802775637738283}
{"t": 1784544148.4035716, "x": -7.712055938327634e-12, "y": -2.3138655768291867e-13, "zone": null, "min_dist": 1.802775637738283}
{"t": 1784544148.563346, "x": -7.712055938327634e-12, "y": -2.3138655768291867e-13, "zone": null, "min_dist": 1.802775637738283}
{"t": 1784544148.7156327, "x": -7.712055938327634e-12, "y": -2.3138655768291867e-13, "zone": null, "min_dist": 1.802775637738283}
{"t": 1784544148.868373, "x": -7.712055938327634e-12, "y": -2.3138655768291867e-13, "zone": null, "min_dist": 1.802775637738283}
{"t": 1784544149.0202787, "x": -7.712055938327634e-12, "y": -2.3138655768291867e-13, "zone": null, "min_dist": 1.802775637738283}
{"t": 1784544149.172828, "x": -7.712055938327634e-12, "y": -2.3138655768291867e-13, "zone": null, "min_dist": 1.802775637738283}
{"t": 1784544149.3251095, "x": -7.712055938327634e-12, "y": -2.3138655768291867e-13, "zone": null, "min_dist": 1.802775637738283}
{"t": 1784544149.4776676, "x": -7.712055938327634e-12, "y": -2.3138655768291867e-13, "zone": null, "min_dist": 1.802775637738283}
{"t": 1784544149.6295285, "x": -7.712055938327634e-12, "y": -2.3138655768291867e-13, "zone": null, "min_dist": 1.802775637738283}
{"t": 1784544149.7820058, "x": -7.712055938327634e-12, "y": -2.3138655768291867e-13, "zone": null, "min_dist": 1.802775637738283}
{"t": 1784544149.93421, "x": -7.712055938327634e-12, "y": -2.3138655768291867e-13, "zone": null, "min_dist": 1.802775637738283}
{"t": 1784544150.0943434, "x": -7.712055938327634e-12, "y": -2.3138655768291867e-13, "zone": null, "min_dist": 1.802775637738283}
{"t": 1784544150.246917, "x": 0.004994318637391573, "y": -2.135125731420289e-05, "zone": null, "min_dist": 1.7986103761648116}
{"t": 1784544150.3990245, "x": 0.02502769746820279, "y": -0.00046146817218570177, "zone": null, "min_dist": 1.7817464942702859}
{"t": 1784544150.551337, "x": 0.05616138969035501, "y": -0.0023312694112861336, "zone": null, "min_dist": 1.7549965323656291}
{"t": 1784544150.7036335, "x": 0.08712725212846016, "y": -0.006273843946818786, "zone": null, "min_dist": 1.7273393050881194}
{"t": 1784544150.8554056, "x": 0.1163855577644769, "y": -0.012510164976301254, "zone": null, "min_dist": 1.6998603175078384}
{"t": 1784544151.007781, "x": 0.14629984143108085, "y": -0.022801912297718805, "zone": null, "min_dist": 1.6695568938848753}
{"t": 1784544151.1602757, "x": 0.17559596999125185, "y": -0.03764417322717201, "zone": null, "min_dist": 1.63712393300783}
{"t": 1784544151.3204286, "x": 0.20275126587935, "y": -0.05599412445231583, "zone": null, "min_dist": 1.6043694622019513}
{"t": 1784544151.4729967, "x": 0.227131138919078, "y": -0.07722906065117231, "zone": null, "min_dist": 1.572164541012219}
{"t": 1784544151.6246233, "x": 0.2506070353088348, "y": -0.10104949670267731, "zone": null, "min_dist": 1.5391864044352424}
{"t": 1784544151.7768621, "x": 0.27316952176654724, "y": -0.12560712166975163, "zone": null, "min_dist": 1.5065443664217721}
{"t": 1784544151.9294932, "x": 0.29533588458492727, "y": -0.14934150090943055, "zone": null, "min_dist": 1.474732353019964}
{"t": 1784544152.0816793, "x": 0.31827073711821596, "y": -0.17156672909732626, "zone": null, "min_dist": 1.4431859669112737}
{"t": 1784544152.2340055, "x": 0.3427777509965647, "y": -0.1911713461341695, "zone": null, "min_dist": 1.4118665393382548}
{"t": 1784544152.3861384, "x": 0.37132224199662084, "y": -0.2085242137649366, "zone": null, "min_dist": 1.3785308852571807}
{"t": 1784544152.5383377, "x": 0.4019907699806721, "y": -0.22177079877003616, "zone": null, "min_dist": 1.3458324408538622}
{"t": 1784544152.6905298, "x": 0.43245823026671815, "y": -0.23066181426608107, "zone": null, "min_dist": 1.315874870249305}
{"t": 1784544152.8430016, "x": 0.46351509394047397, "y": -0.23564457885209353, "zone": null, "min_dist": 1.2878432242813633}
{"t": 1784544153.003648, "x": 0.4971588575751615, "y": -0.23740479749223414, "zone": null, "min_dist": 1.2598578490559225}
{"t": 1784544153.1645062, "x": 0.5315601624725828, "y": -0.23544972764447972, "zone": null, "min_dist": 1.2338609475419144}
{"t": 1784544153.3246772, "x": 0.5652672245034448, "y": -0.23074865416525345, "zone": null, "min_dist": 1.2105672202137567}
{"t": 1784544153.484984, "x": 0.5984485877306519, "y": -0.2238744473649834, "zone": null, "min_dist": 1.189607423656168}
{"t": 1784544153.6372626, "x": 0.6283505933991687, "y": -0.21597949732304259, "zone": null, "min_dist": 1.1723740173875443}
{"t": 1784544153.8135483, "x": 0.6632247388663425, "y": -0.20602316771501955, "zone": null, "min_dist": 1.1535129162044926}
{"t": 1784544153.9835026, "x": 0.6981788494039817, "y": -0.19662826868185282, "zone": null, "min_dist": 1.1350433014754282}
{"t": 1784544154.1429305, "x": 0.7298567816930226, "y": -0.18888387573444534, "zone": null, "min_dist": 1.1184944987561645}
{"t": 1784544154.3024027, "x": 0.7632611167478751, "y": -0.1816737652758747, "zone": null, "min_dist": 1.101109444393859}
{"t": 1784544154.4549015, "x": 0.7945803058966263, "y": -0.1759842101907715, "zone": null, "min_dist": 1.0847206860219012}
{"t": 1784544154.607055, "x": 0.8271711549268347, "y": -0.17093089046570054, "zone": null, "min_dist": 1.0677332265816615}
{"t": 1784544154.7593544, "x": 0.857886450707368, "y": -0.16740694450429375, "zone": null, "min_dist": 1.0514375902757411}
{"t": 1784544154.9194915, "x": 0.8903772551021792, "y": -0.16453674648023178, "zone": null, "min_dist": 1.034233406479693}
{"t": 1784544155.0718312, "x": 0.9226385002222418, "y": -0.1623887690350358, "zone": null, "min_dist": 1.017319456053144}
{"t": 1784544155.2318175, "x": 0.9571315863812322, "y": -0.16085172026798306, "zone": null, "min_dist": 0.9994378169161705}
{"t": 1784544155.3845112, "x": 0.9877955901863951, "y": -0.16016077067414403, "zone": null, "min_dist": 0.9837089450376829}
{"t": 1784544155.5362842, "x": 1.020591248549311, "y": -0.16012109635148916, "zone": null, "min_dist": 0.9670725535146435}
{"t": 1784544155.6885073, "x": 1.0534502150687326, "y": -0.1607911115244948, "zone": null, "min_dist": 0.950619939259878}
{"t": 1784544155.8405638, "x": 1.0832380751805037, "y": -0.16179679028678892, "zone": null, "min_dist": 0.9360956803408403}
{"t": 1784544155.9930868, "x": 1.115263200539906, "y": -0.16289253298914744, "zone": null, "min_dist": 0.9212878573953541}
{"t": 1784544156.1453962, "x": 1.1466535979842338, "y": -0.1639665584376861, "zone": null, "min_dist": 0.9076373698939539}
{"t": 1784544156.2976992, "x": 1.1790237086569928, "y": -0.1650741046390308, "zone": null, "min_dist": 0.8944982003048565}
{"t": 1784544156.4574606, "x": 1.2133666046943032, "y": -0.1662491497797444, "zone": null, "min_dist": 0.8816457245104016}
{"t": 1784544156.6097674, "x": 1.24657323346201, "y": -0.16738531736300294, "zone": null, "min_dist": 0.8703288664295861}
{"t": 1784544156.7616682, "x": 1.278403119011289, "y": -0.16847437971981147, "zone": null, "min_dist": 0.8605463583365379}
{"t": 1784544156.9140985, "x": 1.3109011098695016, "y": -0.16958630129961452, "zone": null, "min_dist": 0.8516720620273046}
{"t": 1784544157.0665076, "x": 1.343552274278678, "y": -0.17070346370381134, "zone": null, "min_dist": 0.8439245440181424}
{"t": 1784544157.2182255, "x": 1.375114526926035, "y": -0.17178336902290234, "zone": null, "min_dist": 0.8375793509942577}
{"t": 1784544157.3702357, "x": 1.4060067208231808, "y": -0.17284034836711581, "zone": null, "min_dist": 0.8324829282452859}
{"t": 1784544157.5307698, "x": 1.439861391405236, "y": -0.17399868892003348, "zone": null, "min_dist": 0.8281876708509599}
{"t": 1784544157.691237, "x": 1.4738979093823352, "y": -0.1751632513489027, "zone": null, "min_dist": 0.8252496477187531}
{"t": 1784544157.843558, "x": 1.5066669755824873, "y": -0.1762844477286092, "zone": null, "min_dist": 0.8237155522713908}
{"t": 1784544157.995412, "x": 1.5373133757895276, "y": -0.1773332332147116, "zone": null, "min_dist": 0.8226667667852884}
{"t": 1784544158.1479325, "x": 1.5700793614086177, "y": -0.17871840611075754, "zone": null, "min_dist": 0.8212815938892425}
{"t": 1784544158.3083396, "x": 1.6046284214996334, "y": -0.18093126436133378, "zone": null, "min_dist": 0.8190687356386662}
{"t": 1784544158.460467, "x": 1.6353657045885084, "y": -0.18357218852845603, "zone": null, "min_dist": 0.816427811471544}
{"t": 1784544158.612444, "x": 1.667610644126393, "y": -0.1870471894990851, "zone": null, "min_dist": 0.812952810500915}
{"t": 1784544158.7643962, "x": 1.699036294958719, "y": -0.19111171911844066, "zone": null, "min_dist": 0.8088882808815594}
{"t": 1784544158.916724, "x": 1.7315036178954981, "y": -0.19588879589102734, "zone": null, "min_dist": 0.8041112041089726}
{"t": 1784544159.0689788, "x": 1.7627769764459251, "y": -0.20055329815750822, "zone": null, "min_dist": 0.7994467018424918}
{"t": 1784544159.221531, "x": 1.7955551231405447, "y": -0.20559999473714868, "zone": null, "min_dist": 0.7944000052628513}
{"t": 1784544159.3734245, "x": 1.8277456369259075, "y": -0.21122025441549122, "zone": null, "min_dist": 0.7887797455845088}
{"t": 1784544159.5255725, "x": 1.8605903686987069, "y": -0.21751830197827, "zone": null, "min_dist": 0.78248169802173}
{"t": 1784544159.685999, "x": 1.8951419544642647, "y": -0.22426235772518638, "zone": null, "min_dist": 0.7757376422748137}
{"t": 1784544159.8381772, "x": 1.9267364695738365, "y": -0.23099370688043533, "zone": null, "min_dist": 0.7690062931195647}
{"t": 1784544159.9904773, "x": 1.9574604923974175, "y": -0.2378419341318723, "zone": null, "min_dist": 0.7621580658681277}
{"t": 1784544160.142864, "x": 1.9899237837630892, "y": -0.2450919623896054, "zone": null, "min_dist": 0.7549080376103946}
{"t": 1784544160.3030207, "x": 2.023003832362398, "y": -0.25294844916944814, "zone": null, "min_dist": 0.7470515508305519}
{"t": 1784544160.4556131, "x": 2.054412493960648, "y": -0.26087681495820236, "zone": null, "min_dist": 0.7391231850417976}
{"t": 1784544160.6076148, "x": 2.0867389365061957, "y": -0.2690516232398202, "zone": null, "min_dist": 0.7309483767601799}
{"t": 1784544160.7602818, "x": 2.11730131733411, "y": -0.2770282780371665, "zone": null, "min_dist": 0.7229717219628335}
{"t": 1784544160.9122643, "x": 2.148590401383225, "y": -0.2853973382920819, "zone": null, "min_dist": 0.7146026617079181}
{"t": 1784544161.0647202, "x": 2.1802424607411983, "y": -0.29355921477918406, "zone": null, "min_dist": 0.7064407852208159}
{"t": 1784544161.2169318, "x": 2.210136547645922, "y": -0.30059385192182697, "zone": null, "min_dist": 0.699406148078173}
{"t": 1784544161.3770776, "x": 2.243184673975809, "y": -0.3076127192787777, "zone": null, "min_dist": 0.6923872807212224}
{"t": 1784544161.5371816, "x": 2.2768226553144286, "y": -0.3139524027071027, "zone": null, "min_dist": 0.6860475972928973}
{"t": 1784544161.689483, "x": 2.3070526321463607, "y": -0.3190243729855462, "zone": null, "min_dist": 0.6809756270144538}
{"t": 1784544161.841813, "x": 2.339236299332053, "y": -0.32427795488428185, "zone": null, "min_dist": 0.6757220451157182}
{"t": 1784544161.994257, "x": 2.3715712276748184, "y": -0.3295562284410191, "zone": null, "min_dist": 0.6704437715589808}
{"t": 1784544162.1462197, "x": 2.4034457683823605, "y": -0.3347593496026965, "zone": null, "min_dist": 0.6652406503973035}
{"t": 1784544162.2984073, "x": 2.4345125639606504, "y": -0.3398306165711536, "zone": null, "min_dist": 0.6601693834288465}
{"t": 1784544162.4504216, "x": 2.4646533752080675, "y": -0.34475072835148984, "zone": null, "min_dist": 0.6552492716485101}
{"t": 1784544162.6029396, "x": 2.495911636619182, "y": -0.3499271629818305, "zone": null, "min_dist": 0.6500728370181694}
{"t": 1784544162.7551887, "x": 2.528778353059134, "y": -0.3559747018173556, "zone": null, "min_dist": 0.6440252981826444}
{"t": 1784544162.907268, "x": 2.5604676222508775, "y": -0.36243173856250505, "zone": null, "min_dist": 0.6375682614374949}
{"t": 1784544163.0596797, "x": 2.5921255908735574, "y": -0.36869065026413333, "zone": null, "min_dist": 0.6313093497358666}
{"t": 1784544163.211639, "x": 2.624983189551791, "y": -0.3749044744479333, "zone": null, "min_dist": 0.6250955255520667}
{"t": 1784544163.36414, "x": 2.6578408752737537, "y": -0.38111785397320025, "zone": null, "min_dist": 0.6188821460267997}
{"t": 1784544163.51629, "x": 2.6887772704997968, "y": -0.386967918292085, "zone": null, "min_dist": 0.613032081707915}
{"t": 1784544163.676635, "x": 2.7226328669446827, "y": -0.3933700026108946, "zone": null, "min_dist": 0.6066299973891054}
{"t": 1784544163.8287184, "x": 2.7550231878274993, "y": -0.39935901202665064, "zone": null, "min_dist": 0.6006409879733494}
{"t": 1784544163.981695, "x": 2.787135246174706, "y": -0.40468067647096106, "zone": null, "min_dist": 0.5953193235290389}
{"t": 1784544164.1337593, "x": 2.818503220242057, "y": -0.409693460320108, "zone": null, "min_dist": 0.590306539679892}
{"t": 1784544164.2857237, "x": 2.8497013793290016, "y": -0.41467910693585114, "zone": null, "min_dist": 0.5853208930641489}
{"t": 1784544164.4382088, "x": 2.880608583429086, "y": -0.419618257333695, "zone": null, "min_dist": 0.5803817426663049}
{"t": 1784544164.5982065, "x": 2.9153631588384443, "y": -0.42522051229222374, "zone": null, "min_dist": 0.5747794877077763}
{"t": 1784544164.7504907, "x": 2.9472565779889157, "y": -0.4309066312941623, "zone": null, "min_dist": 0.5690933687058377}
{"t": 1784544164.9104393, "x": 2.9806822774163058, "y": -0.4376184159556167, "zone": null, "min_dist": 0.5623815840443833}
{"t": 1784544165.0627627, "x": 3.011063349745818, "y": -0.44442765534316314, "zone": null, "min_dist": 0.5555723446568368}
{"t": 1784544165.2149208, "x": 3.0425195507747067, "y": -0.45217622581554945, "zone": null, "min_dist": 0.5478237741844505}
{"t": 1784544165.367072, "x": 3.0748705514321197, "y": -0.46065449032113615, "zone": null, "min_dist": 0.5393455096788639}
{"t": 1784544165.5192869, "x": 3.106005110910633, "y": -0.46926700133516264, "zone": null, "min_dist": 0.5307329986648374}
{"t": 1784544165.6719654, "x": 3.138042860743954, "y": -0.4788745026431196, "zone": null, "min_dist": 0.5211254973568804}
{"t": 1784544165.823696, "x": 3.1698016957932293, "y": -0.4890472825251293, "zone": null, "min_dist": 0.5109527174748707}
{"t": 1784544165.9764624, "x": 3.2006199212451043, "y": -0.49902244761333414, "zone": null, "min_dist": 0.5009775523866659}
{"t": 1784544166.136253, "x": 3.234109592524221, "y": -0.5098613608972511, "zone": null, "min_dist": 0.4901386391027489}
{"t": 1784544166.2882922, "x": 3.266009505412074, "y": -0.5198649973421184, "zone": null, "min_dist": 0.48013500265788156}
{"t": 1784544166.4409478, "x": 3.296563794998648, "y": -0.5288753048043094, "zone": null, "min_dist": 0.47112469519569056}
{"t": 1784544166.592833, "x": 3.3261408639058945, "y": -0.5375311639265626, "zone": null, "min_dist": 0.46246883607343736}
{"t": 1784544166.7451382, "x": 3.3568736672684185, "y": -0.5465252537063491, "zone": null, "min_dist": 0.4534747462936509}
{"t": 1784544166.9057093, "x": 3.3897644674286713, "y": -0.5561508906415809, "zone": null, "min_dist": 0.44384910935841915}
{"t": 1784544167.0576441, "x": 3.4217414381290676, "y": -0.5655137306547577, "zone": null, "min_dist": 0.43448626934524226}
{"t": 1784544167.2103071, "x": 3.452758384361332, "y": -0.5749656301450989, "zone": null, "min_dist": 0.42503436985490106}
{"t": 1784544167.3702042, "x": 3.4856149748896303, "y": -0.5855591806921372, "zone": null, "min_dist": 0.4144408193078628}
{"t": 1784544167.530413, "x": 3.516375402864453, "y": -0.5955158615699506, "zone": null, "min_dist": 0.4044841384300494}
{"t": 1784544167.6903358, "x": 3.549775873396184, "y": -0.6066493358241388, "zone": null, "min_dist": 0.3933506641758612}
{"t": 1784544167.8425121, "x": 3.5801948158007244, "y": -0.617522241739111, "zone": null, "min_dist": 0.38247775826088903}
{"t": 1784544167.9949105, "x": 3.6114530918224044, "y": -0.6294191757940213, "zone": null, "min_dist": 0.3705808242059787}
{"t": 1784544168.1472368, "x": 3.642591615276172, "y": -0.6416244567475972, "zone": null, "min_dist": 0.35837554325240284}
{"t": 1784544168.299509, "x": 3.672717494150183, "y": -0.6541094295102586, "zone": null, "min_dist": 0.34589057048974137}
{"t": 1784544168.4517412, "x": 3.7030519004023086, "y": -0.6674558643251588, "zone": null, "min_dist": 0.3325441356748412}
{"t": 1784544168.6039536, "x": 3.7333731961440604, "y": -0.6815748345010936, "zone": null, "min_dist": 0.3184251654989064}
{"t": 1784544168.7563734, "x": 3.761465548472324, "y": -0.6953926872449719, "zone": null, "min_dist": 0.30460731275502806}
{"t": 1784544168.908626, "x": 3.791155530682312, "y": -0.7107950233260525, "zone": null, "min_dist": 0.2892049766739475}
{"t": 1784544169.0604644, "x": 3.8205094160701334, "y": -0.7268286227659742, "zone": null, "min_dist": 0.27317137723402585}
{"t": 1784544169.2126627, "x": 3.8481178830783254, "y": -0.7427209180264115, "zone": null, "min_dist": 0.2572790819735885}
{"t": 1784544169.365069, "x": 3.875118228689488, "y": -0.7598893048376766, "zone": null, "min_dist": 0.24011069516232342}
{"t": 1784544169.5175805, "x": 3.901403182204874, "y": -0.7788867694164875, "zone": null, "min_dist": 0.2211132305835125}
{"t": 1784544169.6698835, "x": 3.9271269441243555, "y": -0.7990124530277547, "zone": null, "min_dist": 0.2009875469722453}
{"t": 1784544169.822037, "x": 3.9494699323707376, "y": -0.8173506551907949, "zone": null, "min_dist": 0.18264934480920514}
{"t": 1784544169.974347, "x": 3.972555316249874, "y": -0.8380979911147514, "zone": null, "min_dist": 0.16190200888524864}
{"t": 1784544170.126196, "x": 3.992748464666697, "y": -0.8586451984801533, "zone": null, "min_dist": 0.1413548015198467}
{"t": 1784544170.27865, "x": 4.013003689395829, "y": -0.8820408650590876, "zone": null, "min_dist": 0.11795913494091237}
{"t": 1784544170.4389606, "x": 4.031261651045055, "y": -0.9060903885163752, "zone": null, "min_dist": 0.09390961148362476}
{"t": 1784544170.5911777, "x": 4.046522547277354, "y": -0.9292160319158198, "zone": null, "min_dist": 0.0707839680841802}
{"t": 1784544170.7432237, "x": 4.062168758719401, "y": -0.9564869545387953, "zone": null, "min_dist": 0.043513045461204714}
{"t": 1784544170.8954124, "x": 4.076968506569501, "y": -0.9864770320317607, "zone": null, "min_dist": 0.013522967968239263}
{"t": 1784544171.0477827, "x": 4.089418754602804, "y": -1.0162805846342595, "zone": "wh_forbidden_zone", "min_dist": 0.0}
{"t": 1784544171.1999557, "x": 4.099993203737465, "y": -1.0467541576479151, "zone": "wh_forbidden_zone", "min_dist": 0.0}
{"t": 1784544171.352338, "x": 4.1089596098350745, "y": -1.0769896853205185, "zone": "wh_forbidden_zone", "min_dist": 0.0}
{"t": 1784544171.5042305, "x": 4.117533320096424, "y": -1.1085491640198473, "zone": "wh_forbidden_zone", "min_dist": 0.0}
{"t": 1784544171.656418, "x": 4.125485082727421, "y": -1.140527682031544, "zone": "wh_forbidden_zone", "min_dist": 0.0}
{"t": 1784544171.8090699, "x": 4.132504460664603, "y": -1.1714262090696725, "zone": "wh_forbidden_zone", "min_dist": 0.0}
{"t": 1784544171.9609642, "x": 4.139656094092501, "y": -1.2037786158818509, "zone": "wh_forbidden_zone", "min_dist": 0.0}
{"t": 1784544172.1135857, "x": 4.1468738992234115, "y": -1.236430367463888, "zone": "wh_forbidden_zone", "min_dist": 0.0}
{"t": 1784544172.2654903, "x": 4.154181924928126, "y": -1.268767733839802, "zone": "wh_forbidden_zone", "min_dist": 0.0}
{"t": 1784544172.4177356, "x": 4.16201857853662, "y": -1.300465561766384, "zone": "wh_forbidden_zone", "min_dist": 0.0}
{"t": 1784544172.5696816, "x": 4.17063006805973, "y": -1.3323822232851712, "zone": "wh_forbidden_zone", "min_dist": 0.0}
{"t": 1784544172.7222319, "x": 4.179816091415896, "y": -1.3637158015054065, "zone": "wh_forbidden_zone", "min_dist": 0.0}
{"t": 1784544172.8743718, "x": 4.1893079305858985, "y": -1.393730846175068, "zone": "wh_forbidden_zone", "min_dist": 0.0}
{"t": 1784544173.0264702, "x": 4.199596397563839, "y": -1.4239452888112332, "zone": "wh_forbidden_zone", "min_dist": 0.0}
{"t": 1784544173.1785612, "x": 4.210647620792058, "y": -1.4542732142675572, "zone": "wh_forbidden_zone", "min_dist": 0.0}
{"t": 1784544173.3305216, "x": 4.222387361917264, "y": -1.4844818385251237, "zone": "wh_forbidden_zone", "min_dist": 0.0}
{"t": 1784544173.4909935, "x": 4.235808351023475, "y": -1.5168716786810241, "zone": "wh_forbidden_zone", "min_dist": 0.0}
{"t": 1784544173.6432962, "x": 4.2488131924645565, "y": -1.5464215967810204, "zone": "wh_forbidden_zone", "min_dist": 0.0}
{"t": 1784544173.7954438, "x": 4.261220668389884, "y": -1.5730548832568885, "zone": "wh_forbidden_zone", "min_dist": 0.0}
{"t": 1784544173.9477985, "x": 4.267995011175315, "y": -1.5869802222451772, "zone": "wh_forbidden_zone", "min_dist": 0.0}
{"t": 1784544174.1240957, "x": 4.267786227074428, "y": -1.5864885711649168, "zone": "wh_forbidden_zone", "min_dist": 0.0}
{"t": 1784544174.276256, "x": 4.268063065538142, "y": -1.587037490384996, "zone": "wh_forbidden_zone", "min_dist": 0.0}
{"t": 1784544174.4285645, "x": 4.267584114358495, "y": -1.5860129376741283, "zone": "wh_forbidden_zone", "min_dist": 0.0}
{"t": 1784544174.58075, "x": 4.267116674039509, "y": -1.5849968226325661, "zone": "wh_forbidden_zone", "min_dist": 0.0}
{"t": 1784544174.7327454, "x": 4.266658391796148, "y": -1.5839879502752134, "zone": "wh_forbidden_zone", "min_dist": 0.0}
{"t": 1784544174.8857381, "x": 4.266208826369323, "y": -1.5829922135184966, "zone": "wh_forbidden_zone", "min_dist": 0.0}
{"t": 1784544175.0371966, "x": 4.265764425458331, "y": -1.5820153055035713, "zone": "wh_forbidden_zone", "min_dist": 0.0}
{"t": 1784544175.1893058, "x": 4.265325730359393, "y": -1.581061774462525, "zone": "wh_forbidden_zone", "min_dist": 0.0}
{"t": 1784544175.3418078, "x": 4.264891463453309, "y": -1.5801349256805302, "zone": "wh_forbidden_zone", "min_dist": 0.0}
{"t": 1784544175.502086, "x": 4.26444067575985, "y": -1.5791873385564899, "zone": "wh_forbidden_zone", "min_dist": 0.0}
{"t": 1784544175.6548612, "x": 4.264019179907408, "y": -1.5783100830430496, "zone": "wh_forbidden_zone", "min_dist": 0.0}
{"t": 1784544175.806738, "x": 4.26360457266035, "y": -1.5774519074826132, "zone": "wh_forbidden_zone", "min_dist": 0.0}
{"t": 1784544175.9592319, "x": 4.263196636745213, "y": -1.5766097668696175, "zone": "wh_forbidden_zone", "min_dist": 0.0}
{"t": 1784544176.1193027, "x": 4.262773767888124, "y": -1.5757375629733574, "zone": "wh_forbidden_zone", "min_dist": 0.0}
{"t": 1784544176.2713556, "x": 4.262377404388598, "y": -1.574919934039087, "zone": "wh_forbidden_zone", "min_dist": 0.0}
{"t": 1784544176.4235392, "x": 4.261985388166405, "y": -1.5741108068696, "zone": "wh_forbidden_zone", "min_dist": 0.0}
{"t": 1784544176.5757532, "x": 4.261596902303185, "y": -1.573308353170428, "zone": "wh_forbidden_zone", "min_dist": 0.0}
{"t": 1784544176.7278664, "x": 4.265339354276841, "y": -1.5781177929498345, "zone": "wh_forbidden_zone", "min_dist": 0.0}
{"t": 1784544176.8803468, "x": 4.2652210975378555, "y": -1.5780046554001947, "zone": "wh_forbidden_zone", "min_dist": 0.0}
{"t": 1784544177.0329623, "x": 4.265214688184838, "y": -1.5779977140150538, "zone": "wh_forbidden_zone", "min_dist": 0.0}
{"t": 1784544177.1847572, "x": 4.265922052299672, "y": -1.5785842008437552, "zone": "wh_forbidden_zone", "min_dist": 0.0}
{"t": 1784544177.3370712, "x": 4.277420440383865, "y": -1.5876940338711725, "zone": "wh_forbidden_zone", "min_dist": 0.0}
{"t": 1784544177.4896924, "x": 4.294223200165776, "y": -1.6010430871803463, "zone": "wh_forbidden_zone", "min_dist": 0.0}
{"t": 1784544177.6414714, "x": 4.298444461137476, "y": -1.6035495040104712, "zone": "wh_forbidden_zone", "min_dist": 0.0}
{"t": 1784544177.7941766, "x": 4.301193814757713, "y": -1.6053431286623798, "zone": "wh_forbidden_zone", "min_dist": 0.0}
{"t": 1784544177.9460452, "x": 4.31537559273574, "y": -1.5984483097154505, "zone": "wh_forbidden_zone", "min_dist": 0.0}
{"t": 1784544178.0985935, "x": 4.306231825035634, "y": -1.5882271055008994, "zone": "wh_forbidden_zone", "min_dist": 0.0}
{"t": 1784544178.2501633, "x": 4.29760659234654, "y": -1.5739890499631948, "zone": "wh_forbidden_zone", "min_dist": 0.0}
{"t": 1784544178.4030077, "x": 4.30263513853386, "y": -1.5943511506788366, "zone": "wh_forbidden_zone", "min_dist": 0.0}
{"t": 1784544178.5633202, "x": 4.305943948251399, "y": -1.6199473443218846, "zone": "wh_forbidden_zone", "min_dist": 0.0}
{"t": 1784544178.7157047, "x": 4.306654149308951, "y": -1.6515430742195225, "zone": "wh_forbidden_zone", "min_dist": 0.0}
{"t": 1784544178.8676138, "x": 4.306641985673375, "y": -1.6526705331795015, "zone": "wh_forbidden_zone", "min_dist": 0.0}
{"t": 1784544179.0196414, "x": 4.30664156948668, "y": -1.6527602768431897, "zone": "wh_forbidden_zone", "min_dist": 0.0}
{"t": 1784544179.172159, "x": 4.306641218740884, "y": -1.6528498855292793, "zone": "wh_forbidden_zone", "min_dist": 0.0}
{"t": 1784544179.3247473, "x": 4.306845137558133, "y": -1.6535138311680866, "zone": "wh_forbidden_zone", "min_dist": 0.0}
{"t": 1784544179.478049, "x": 4.306884978543762, "y": -1.6533924487027682, "zone": "wh_forbidden_zone", "min_dist": 0.0}
{"t": 1784544179.6378207, "x": 4.307012922946272, "y": -1.6538015689812002, "zone": "wh_forbidden_zone", "min_dist": 0.0}
{"t": 1784544179.7903235, "x": 4.307065504201363, "y": -1.6536484317435474, "zone": "wh_forbidden_zone", "min_dist": 0.0}
{"t": 1784544179.9429045, "x": 4.3071217786375415, "y": -1.6535091337428491, "zone": "wh_forbidden_zone", "min_dist": 0.0}
{"t": 1784544180.1192234, "x": 4.307231338991332, "y": -1.6534126492834391, "zone": "wh_forbidden_zone", "min_dist": 0.0}
{"t": 1784544180.2712035, "x": 4.307667640813953, "y": -1.6529362341997245, "zone": "wh_forbidden_zone", "min_dist": 0.0}
{"t": 1784544180.430432, "x": 4.311198170261791, "y": -1.6439030553927108, "zone": "wh_forbidden_zone", "min_dist": 0.0}
{"t": 1784544180.5829024, "x": 4.3132992125917635, "y": -1.6437777815452994, "zone": "wh_forbidden_zone", "min_dist": 0.0}
{"t": 1784544180.7430859, "x": 4.313064116576999, "y": -1.653562714363282, "zone": "wh_forbidden_zone", "min_dist": 0.0}
{"t": 1784544180.895326, "x": 4.315626411811083, "y": -1.6472187100051394, "zone": "wh_forbidden_zone", "min_dist": 0.0}
{"t": 1784544181.0474844, "x": 4.318422441208101, "y": -1.6445904340395145, "zone": "wh_forbidden_zone", "min_dist": 0.0}
{"t": 1784544181.1992092, "x": 4.318186307722464, "y": -1.649709691301835, "zone": "wh_forbidden_zone", "min_dist": 0.0}
{"t": 1784544181.3518028, "x": 4.317835299965181, "y": -1.6534533805933336, "zone": "wh_forbidden_zone", "min_dist": 0.0}
{"t": 1784544181.5041282, "x": 4.318733386487068, "y": -1.6506239005769479, "zone": "wh_forbidden_zone", "min_dist": 0.0}
{"t": 1784544181.6560423, "x": 4.321382168145569, "y": -1.6374774580918388, "zone": "wh_forbidden_zone", "min_dist": 0.0}
{"t": 1784544181.808425, "x": 4.3259736643531195, "y": -1.622340146760145, "zone": "wh_forbidden_zone", "min_dist": 0.0}
{"t": 1784544181.961094, "x": 4.3262458808308475, "y": -1.6379529099489967, "zone": "wh_forbidden_zone", "min_dist": 0.0}
{"t": 1784544182.1128373, "x": 4.326020119983344, "y": -1.6419525873280658, "zone": "wh_forbidden_zone", "min_dist": 0.0}
{"t": 1784544182.2649884, "x": 4.325870731663673, "y": -1.6463613855904184, "zone": "wh_forbidden_zone", "min_dist": 0.0}
{"t": 1784544182.4257078, "x": 4.32576275745553, "y": -1.6529212060111271, "zone": "wh_forbidden_zone", "min_dist": 0.0}
{"t": 1784544182.5863173, "x": 4.3240680209657, "y": -1.6499152770181158, "zone": "wh_forbidden_zone", "min_dist": 0.0}
{"t": 1784544182.738028, "x": 4.321592374387568, "y": -1.6388482878605264, "zone": "wh_forbidden_zone", "min_dist": 0.0}
{"t": 1784544182.8901062, "x": 4.319829339096611, "y": -1.6162339380325874, "zone": "wh_forbidden_zone", "min_dist": 0.0}
{"t": 1784544183.0421157, "x": 4.322235568469167, "y": -1.596240748357302, "zone": "wh_forbidden_zone", "min_dist": 0.0}
{"t": 1784544183.1945584, "x": 4.323272865326807, "y": -1.6213771186580075, "zone": "wh_forbidden_zone", "min_dist": 0.0}
{"t": 1784544183.3469927, "x": 4.3221135770841315, "y": -1.6447370598141222, "zone": "wh_forbidden_zone", "min_dist": 0.0}
{"t": 1784544183.4989889, "x": 4.322609822749563, "y": -1.6452153937615994, "zone": "wh_forbidden_zone", "min_dist": 0.0}
{"t": 1784544183.6510658, "x": 4.326455451762963, "y": -1.6410294216568075, "zone": "wh_forbidden_zone", "min_dist": 0.0}
{"t": 1784544183.802925, "x": 4.3302013996171915, "y": -1.6349605379257839, "zone": "wh_forbidden_zone", "min_dist": 0.0}
{"t": 1784544183.9553263, "x": 4.3317196624943275, "y": -1.6288552192808168, "zone": "wh_forbidden_zone", "min_dist": 0.0}
{"t": 1784544184.1077085, "x": 4.33190008930333, "y": -1.6232274376296787, "zone": "wh_forbidden_zone", "min_dist": 0.0}
{"t": 1784544184.2604394, "x": 4.331528829318763, "y": -1.6180881474851248, "zone": "wh_forbidden_zone", "min_dist": 0.0}
{"t": 1784544184.4124181, "x": 4.331296541784521, "y": -1.616261056085955, "zone": "wh_forbidden_zone", "min_dist": 0.0}
{"t": 1784544184.5655754, "x": 4.330368547998049, "y": -1.6329143971323727, "zone": "wh_forbidden_zone", "min_dist": 0.0}
{"t": 1784544184.7171166, "x": 4.330269539355188, "y": -1.6339885085023003, "zone": "wh_forbidden_zone", "min_dist": 0.0}
{"t": 1784544184.8695254, "x": 4.330227554809944, "y": -1.6344636426616357, "zone": "wh_forbidden_zone", "min_dist": 0.0}
{"t": 1784544185.0218537, "x": 4.330129723883934, "y": -1.6357334780546549, "zone": "wh_forbidden_zone", "min_dist": 0.0}
{"t": 1784544185.174365, "x": 4.330170337464571, "y": -1.6355743262182256, "zone": "wh_forbidden_zone", "min_dist": 0.0}
{"t": 1784544185.3264706, "x": 4.3306567454410745, "y": -1.6344114521031656, "zone": "wh_forbidden_zone", "min_dist": 0.0}
{"t": 1784544185.478872, "x": 4.33077666417211, "y": -1.6347151460539957, "zone": "wh_forbidden_zone", "min_dist": 0.0}
{"t": 1784544185.6311715, "x": 4.331011320858924, "y": -1.6338165887060825, "zone": "wh_forbidden_zone", "min_dist": 0.0}
{"t": 1784544185.78319, "x": 4.331189170973602, "y": -1.6330456988314366, "zone": "wh_forbidden_zone", "min_dist": 0.0}
{"t": 1784544185.9356117, "x": 4.331214794047982, "y": -1.6327752412312468, "zone": "wh_forbidden_zone", "min_dist": 0.0}
{"t": 1784544186.0874114, "x": 4.33111049559386, "y": -1.6338983274893668, "zone": "wh_forbidden_zone", "min_dist": 0.0}
{"t": 1784544186.239635, "x": 4.331036463249661, "y": -1.6348130687461628, "zone": "wh_forbidden_zone", "min_dist": 0.0}
{"t": 1784544186.3918717, "x": 4.330995240644528, "y": -1.6354321970979044, "zone": "wh_forbidden_zone", "min_dist": 0.0}
{"t": 1784544186.5443113, "x": 4.33096170036611, "y": -1.6359513375344517, "zone": "wh_forbidden_zone", "min_dist": 0.0}
{"t": 1784544186.6963644, "x": 4.331054185434274, "y": -1.6361253612559044, "zone": "wh_forbidden_zone", "min_dist": 0.0}
{"t": 1784544186.8482797, "x": 4.331019000618837, "y": -1.6369383001715894, "zone": "wh_forbidden_zone", "min_dist": 0.0}
{"t": 1784544187.000624, "x": 4.33097397090965, "y": -1.637798292752589, "zone": "wh_forbidden_zone", "min_dist": 0.0}
{"t": 1784544187.1765592, "x": 4.331189138811296, "y": -1.6372383723206878, "zone": "wh_forbidden_zone", "min_dist": 0.0}
{"t": 1784544187.329026, "x": 4.331452057812764, "y": -1.6367929671649182, "zone": "wh_forbidden_zone", "min_dist": 0.0}
{"t": 1784544187.489555, "x": 4.331651469419219, "y": -1.6343896063466143, "zone": "wh_forbidden_zone", "min_dist": 0.0}
{"t": 1784544187.642026, "x": 4.331766945237082, "y": -1.6331323152888138, "zone": "wh_forbidden_zone", "min_dist": 0.0}
{"t": 1784544187.8022666, "x": 4.331769055340501, "y": -1.6331098855476964, "zone": "wh_forbidden_zone", "min_dist": 0.0}
{"t": 1784544187.9626284, "x": 4.33172007832845, "y": -1.633634111284798, "zone": "wh_forbidden_zone", "min_dist": 0.0}
{"t": 1784544188.1221633, "x": 4.331680299017963, "y": -1.6340723624465645, "zone": "wh_forbidden_zone", "min_dist": 0.0}
{"t": 1784544188.2749321, "x": 4.331696385454917, "y": -1.6344385915018382, "zone": "wh_forbidden_zone", "min_dist": 0.0}
{"t": 1784544188.436094, "x": 4.331763775881391, "y": -1.6342359863375033, "zone": "wh_forbidden_zone", "min_dist": 0.0}
{"t": 1784544188.5878632, "x": 4.331776667164331, "y": -1.6340921813705969, "zone": "wh_forbidden_zone", "min_dist": 0.0}
{"t": 1784544188.7398837, "x": 4.331831101953713, "y": -1.6334953267854042, "zone": "wh_forbidden_zone", "min_dist": 0.0}
{"t": 1784544188.8920765, "x": 4.331896245289475, "y": -1.632803928739782, "zone": "wh_forbidden_zone", "min_dist": 0.0}
{"t": 1784544189.0439184, "x": 4.332947734875959, "y": -1.630227354896164, "zone": "wh_forbidden_zone", "min_dist": 0.0}
{"t": 1784544189.196171, "x": 4.336111775623747, "y": -1.6274215564388341, "zone": "wh_forbidden_zone", "min_dist": 0.0}
{"t": 1784544189.356008, "x": 4.3421084253028495, "y": -1.625752502230119, "zone": "wh_forbidden_zone", "min_dist": 0.0}
{"t": 1784544189.5085058, "x": 4.350731179437546, "y": -1.6236074556444295, "zone": "wh_forbidden_zone", "min_dist": 0.0}
{"t": 1784544189.6605904, "x": 4.357152807344258, "y": -1.620957047253196, "zone": "wh_forbidden_zone", "min_dist": 0.0}
{"t": 1784544189.8132465, "x": 4.358044531365252, "y": -1.6185091996435748, "zone": "wh_forbidden_zone", "min_dist": 0.0}
{"t": 1784544189.965188, "x": 4.356493826170553, "y": -1.6161586608521805, "zone": "wh_forbidden_zone", "min_dist": 0.0}
{"t": 1784544190.1253328, "x": 4.354103943412492, "y": -1.6137103567644313, "zone": "wh_forbidden_zone", "min_dist": 0.0}
{"t": 1784544190.2779362, "x": 4.3528956993816905, "y": -1.6223020586421848, "zone": "wh_forbidden_zone", "min_dist": 0.0}
{"t": 1784544190.4301963, "x": 4.352221154977502, "y": -1.6256894321215862, "zone": "wh_forbidden_zone", "min_dist": 0.0}
{"t": 1784544190.5902212, "x": 4.352148166320455, "y": -1.6267626952484724, "zone": "wh_forbidden_zone", "min_dist": 0.0}
{"t": 1784544190.751202, "x": 4.352067134693042, "y": -1.6274655199020935, "zone": "wh_forbidden_zone", "min_dist": 0.0}
{"t": 1784544190.9116304, "x": 4.352077946519367, "y": -1.627457846373945, "zone": "wh_forbidden_zone", "min_dist": 0.0}
{"t": 1784544191.062731, "x": 4.3520990495976175, "y": -1.627544526283507, "zone": "wh_forbidden_zone", "min_dist": 0.0}
{"t": 1784544191.2148964, "x": 4.353476705836695, "y": -1.624336918679757, "zone": "wh_forbidden_zone", "min_dist": 0.0}
{"t": 1784544191.3751934, "x": 4.358320758793385, "y": -1.622413667931323, "zone": "wh_forbidden_zone", "min_dist": 0.0}
{"t": 1784544191.5273945, "x": 4.362226364461154, "y": -1.620235774371675, "zone": "wh_forbidden_zone", "min_dist": 0.0}
{"t": 1784544191.6799808, "x": 4.3620075749390175, "y": -1.618216429210897, "zone": "wh_forbidden_zone", "min_dist": 0.0}
{"t": 1784544191.832412, "x": 4.36138495330895, "y": -1.615535781780541, "zone": "wh_forbidden_zone", "min_dist": 0.0}
{"t": 1784544191.9923506, "x": 4.36141891032757, "y": -1.6263169015324683, "zone": "wh_forbidden_zone", "min_dist": 0.0}
{"t": 1784544192.1522975, "x": 4.364337012901799, "y": -1.6237124466784116, "zone": "wh_forbidden_zone", "min_dist": 0.0}
{"t": 1784544192.3127465, "x": 4.364701226798883, "y": -1.6217785560904106, "zone": "wh_forbidden_zone", "min_dist": 0.0}
{"t": 1784544192.4727516, "x": 4.362671469142924, "y": -1.6197188037684627, "zone": "wh_forbidden_zone", "min_dist": 0.0}
{"t": 1784544192.6250982, "x": 4.359869989039504, "y": -1.6177901844538756, "zone": "wh_forbidden_zone", "min_dist": 0.0}
{"t": 1784544192.785462, "x": 4.356917176502436, "y": -1.6163344250705847, "zone": "wh_forbidden_zone", "min_dist": 0.0}
{"t": 1784544192.9380882, "x": 4.354328040605177, "y": -1.6150436071832563, "zone": "wh_forbidden_zone", "min_dist": 0.0}
{"t": 1784544193.097733, "x": 4.351808495010302, "y": -1.613624909307581, "zone": "wh_forbidden_zone", "min_dist": 0.0}
{"t": 1784544193.2505217, "x": 4.350024232535575, "y": -1.6148135719116874, "zone": "wh_forbidden_zone", "min_dist": 0.0}
{"t": 1784544193.4035227, "x": 4.3487426688150075, "y": -1.6270089285673404, "zone": "wh_forbidden_zone", "min_dist": 0.0}
{"t": 1784544193.5634575, "x": 4.349213640438883, "y": -1.6235272343243938, "zone": "wh_forbidden_zone", "min_dist": 0.0}
{"t": 1784544193.715629, "x": 4.34914216094498, "y": -1.6240208148340751, "zone": "wh_forbidden_zone", "min_dist": 0.0}
{"t": 1784544193.8677719, "x": 4.349113681037302, "y": -1.6242202074878784, "zone": "wh_forbidden_zone", "min_dist": 0.0}
{"t": 1784544194.0280473, "x": 4.3490909570385465, "y": -1.6243808443643588, "zone": "wh_forbidden_zone", "min_dist": 0.0}
{"t": 1784544194.1804528, "x": 4.349061760110215, "y": -1.6245890544210557, "zone": "wh_forbidden_zone", "min_dist": 0.0}
{"t": 1784544194.340256, "x": 4.34938671540446, "y": -1.622323757041471, "zone": "wh_forbidden_zone", "min_dist": 0.0}
{"t": 1784544194.500632, "x": 4.35070572297173, "y": -1.614679788597247, "zone": "wh_forbidden_zone", "min_dist": 0.0}
{"t": 1784544194.6532292, "x": 4.352632516292712, "y": -1.6061023070570217, "zone": "wh_forbidden_zone", "min_dist": 0.0}
{"t": 1784544194.8051546, "x": 4.355464567762184, "y": -1.5965348108606048, "zone": "wh_forbidden_zone", "min_dist": 0.0}
{"t": 1784544194.957076, "x": 4.364304150447794, "y": -1.5909584573911897, "zone": "wh_forbidden_zone", "min_dist": 0.0}
{"t": 1784544195.1096773, "x": 4.3646569296534485, "y": -1.593756772695153, "zone": "wh_forbidden_zone", "min_dist": 0.0}
{"t": 1784544195.2620752, "x": 4.370083686536923, "y": -1.582299337825772, "zone": "wh_forbidden_zone", "min_dist": 0.0}
{"t": 1784544195.4142106, "x": 4.369264805588989, "y": -1.583390635346235, "zone": "wh_forbidden_zone", "min_dist": 0.0}
{"t": 1784544195.5662582, "x": 4.368967671662143, "y": -1.5837710397987754, "zone": "wh_forbidden_zone", "min_dist": 0.0}
{"t": 1784544195.7266164, "x": 4.368753104666687, "y": -1.5840370639984922, "zone": "wh_forbidden_zone", "min_dist": 0.0}
{"t": 1784544195.8868864, "x": 4.368532846575938, "y": -1.5843046328442265, "zone": "wh_forbidden_zone", "min_dist": 0.0}
{"t": 1784544196.0391138, "x": 4.368362957071516, "y": -1.5845078327648427, "zone": "wh_forbidden_zone", "min_dist": 0.0}
{"t": 1784544196.1914911, "x": 4.368306547675481, "y": -1.5845746214281284, "zone": "wh_forbidden_zone", "min_dist": 0.0}
{"t": 1784544196.3516896, "x": 4.368331555424789, "y": -1.584544870863033, "zone": "wh_forbidden_zone", "min_dist": 0.0}
{"t": 1784544196.503469, "x": 4.368351639129161, "y": -1.584520952564054, "zone": "wh_forbidden_zone", "min_dist": 0.0}
{"t": 1784544196.6636696, "x": 4.368367631369253, "y": -1.5845018652614444, "zone": "wh_forbidden_zone", "min_dist": 0.0}
{"t": 1784544196.8159049, "x": 4.368003778376182, "y": -1.5849278891724412, "zone": "wh_forbidden_zone", "min_dist": 0.0}
{"t": 1784544196.9682658, "x": 4.367083448511771, "y": -1.5859726669938796, "zone": "wh_forbidden_zone", "min_dist": 0.0}
{"t": 1784544197.1209347, "x": 4.365696266133278, "y": -1.5874776050167885, "zone": "wh_forbidden_zone", "min_dist": 0.0}
{"t": 1784544197.272977, "x": 4.360185389933138, "y": -1.592612893335676, "zone": "wh_forbidden_zone", "min_dist": 0.0}
{"t": 1784544197.4485583, "x": 4.337924573616086, "y": -1.610141730632352, "zone": "wh_forbidden_zone", "min_dist": 0.0}
{"t": 1784544197.6011858, "x": 4.327532377567781, "y": -1.617084586784113, "zone": "wh_forbidden_zone", "min_dist": 0.0}
{"t": 1784544197.753208, "x": 4.346049881112339, "y": -1.6078716303958869, "zone": "wh_forbidden_zone", "min_dist": 0.0}
{"t": 1784544197.905257, "x": 4.351110652851874, "y": -1.6043719822377476, "zone": "wh_forbidden_zone", "min_dist": 0.0}
{"t": 1784544198.057788, "x": 4.356791311985564, "y": -1.6001441581303029, "zone": "wh_forbidden_zone", "min_dist": 0.0}
{"t": 1784544198.209834, "x": 4.359781487821906, "y": -1.5978210386423475, "zone": "wh_forbidden_zone", "min_dist": 0.0}
{"t": 1784544198.370193, "x": 4.362954327353083, "y": -1.5952868012782329, "zone": "wh_forbidden_zone", "min_dist": 0.0}
{"t": 1784544198.5302534, "x": 4.364772197764417, "y": -1.5937909540113582, "zone": "wh_forbidden_zone", "min_dist": 0.0}
{"t": 1784544198.6824384, "x": 4.369394926173597, "y": -1.5898698358804535, "zone": "wh_forbidden_zone", "min_dist": 0.0}
{"t": 1784544198.8428817, "x": 4.365337899936722, "y": -1.593494500056732, "zone": "wh_forbidden_zone", "min_dist": 0.0}
{"t": 1784544198.9951096, "x": 4.366739989403075, "y": -1.5923041527221062, "zone": "wh_forbidden_zone", "min_dist": 0.0}
{"t": 1784544199.147124, "x": 4.374871516947908, "y": -1.584922091907975, "zone": "wh_forbidden_zone", "min_dist": 0.0}
{"t": 1784544199.2986732, "x": 4.378093634809936, "y": -1.5827171436410616, "zone": "wh_forbidden_zone", "min_dist": 0.0}
{"t": 1784544199.4508255, "x": 4.3661731164620585, "y": -1.594052414139305, "zone": "wh_forbidden_zone", "min_dist": 0.0}
{"t": 1784544199.6038477, "x": 4.365662935405894, "y": -1.5945123573434323, "zone": "wh_forbidden_zone", "min_dist": 0.0}
{"t": 1784544199.7558334, "x": 4.363947457728947, "y": -1.5960286061795586, "zone": "wh_forbidden_zone", "min_dist": 0.0}
{"t": 1784544199.915935, "x": 4.345077747178263, "y": -1.6104415277628445, "zone": "wh_forbidden_zone", "min_dist": 0.0}
{"t": 1784544200.0683367, "x": 4.315978759301809, "y": -1.627458604331561, "zone": "wh_forbidden_zone", "min_dist": 0.0}
{"t": 1784544200.2202928, "x": 4.276465749071686, "y": -1.6440580894512973, "zone": "wh_forbidden_zone", "min_dist": 0.0}
{"t": 1784544200.3727746, "x": 4.2240094923295, "y": -1.6632482433912115, "zone": "wh_forbidden_zone", "min_dist": 0.0}
{"t": 1784544200.525091, "x": 4.182530437660817, "y": -1.675700296937492, "zone": "wh_forbidden_zone", "min_dist": 0.0}
{"t": 1784544200.677006, "x": 4.14276568843125, "y": -1.6849303682676862, "zone": "wh_forbidden_zone", "min_dist": 0.0}
{"t": 1784544200.829191, "x": 4.092302038361746, "y": -1.6933744925087535, "zone": "wh_forbidden_zone", "min_dist": 0.0}
{"t": 1784544200.9817455, "x": 4.05435386402844, "y": -1.6978328404757381, "zone": "wh_forbidden_zone", "min_dist": 0.0}
{"t": 1784544201.1341102, "x": 4.022039609708668, "y": -1.7007918507066164, "zone": "wh_forbidden_zone", "min_dist": 0.0}
{"t": 1784544201.2859352, "x": 3.991979275162838, "y": -1.7039955607758008, "zone": "wh_forbidden_zone", "min_dist": 0.0}
{"t": 1784544201.4384155, "x": 3.9590213182016094, "y": -1.7092853807138684, "zone": "wh_forbidden_zone", "min_dist": 0.0}
{"t": 1784544201.5905008, "x": 3.927495479832083, "y": -1.7167107315293852, "zone": "wh_forbidden_zone", "min_dist": 0.0}
{"t": 1784544201.7426238, "x": 3.896853983773166, "y": -1.7270999537403278, "zone": "wh_forbidden_zone", "min_dist": 0.0}
{"t": 1784544201.9028692, "x": 3.8653773360686334, "y": -1.74102789316092, "zone": "wh_forbidden_zone", "min_dist": 0.0}
{"t": 1784544202.055069, "x": 3.836756042204465, "y": -1.7575319092183486, "zone": "wh_forbidden_zone", "min_dist": 0.0}
{"t": 1784544202.2074888, "x": 3.810225728085389, "y": -1.7770428456146667, "zone": "wh_forbidden_zone", "min_dist": 0.0}
{"t": 1784544202.367921, "x": 3.7829121072521703, "y": -1.8011932173635925, "zone": "wh_forbidden_zone", "min_dist": 0.0}
{"t": 1784544202.5200582, "x": 3.7519412643763417, "y": -1.8306803214982001, "zone": "wh_forbidden_zone", "min_dist": 0.0}
{"t": 1784544202.6802254, "x": 3.724197988265087, "y": -1.857633878810388, "zone": "wh_forbidden_zone", "min_dist": 0.0}
{"t": 1784544202.832632, "x": 3.7059771503905514, "y": -1.8763516811909817, "zone": "wh_forbidden_zone", "min_dist": 0.0}
{"t": 1784544202.9924564, "x": 3.6854575828440646, "y": -1.8974567837157696, "zone": "wh_forbidden_zone", "min_dist": 0.0}
{"t": 1784544203.1448026, "x": 3.6658118026863136, "y": -1.9180844616179717, "zone": "wh_forbidden_zone", "min_dist": 0.0}
{"t": 1784544203.297214, "x": 3.6441175340224654, "y": -1.9434756182549795, "zone": "wh_forbidden_zone", "min_dist": 0.0}
{"t": 1784544203.4494727, "x": 3.6240542157793523, "y": -1.9701946757398976, "zone": "wh_forbidden_zone", "min_dist": 0.0}
{"t": 1784544203.6095898, "x": 3.6049361703941596, "y": -1.9987436812800756, "zone": "wh_forbidden_zone", "min_dist": 0.0}
{"t": 1784544203.7618566, "x": 3.5873569762837674, "y": -2.026577409692248, "zone": "wh_forbidden_zone", "min_dist": 0.0}
{"t": 1784544203.9142706, "x": 3.57056623982729, "y": -2.0544744418744725, "zone": "wh_forbidden_zone", "min_dist": 0.0}
{"t": 1784544204.0662074, "x": 3.553821937182375, "y": -2.083416675407981, "zone": "wh_forbidden_zone", "min_dist": 0.0}
{"t": 1784544204.2263381, "x": 3.5362556312346687, "y": -2.113920198048172, "zone": "wh_forbidden_zone", "min_dist": 0.0}
{"t": 1784544204.3783941, "x": 3.5197542073780705, "y": -2.142574574796264, "zone": "wh_forbidden_zone", "min_dist": 0.0}
{"t": 1784544204.5310092, "x": 3.5034041170748127, "y": -2.1709661637138997, "zone": "wh_forbidden_zone", "min_dist": 0.0}
{"t": 1784544204.6829176, "x": 3.4869489202635897, "y": -2.1995402679463294, "zone": "wh_forbidden_zone", "min_dist": 0.0}
{"t": 1784544204.8351514, "x": 3.4706539033793913, "y": -2.2279590926347095, "zone": "wh_forbidden_zone", "min_dist": 0.0}
{"t": 1784544204.9873557, "x": 3.4543398133661674, "y": -2.2571469001093885, "zone": "wh_forbidden_zone", "min_dist": 0.0}
{"t": 1784544205.139824, "x": 3.4380504363200295, "y": -2.286351177087522, "zone": "wh_forbidden_zone", "min_dist": 0.0}
{"t": 1784544205.292063, "x": 3.421761059218688, "y": -2.3155554540524004, "zone": "wh_forbidden_zone", "min_dist": 0.0}
{"t": 1784544205.4441516, "x": 3.405471681773188, "y": -2.344759731599868, "zone": "wh_forbidden_zone", "min_dist": 0.0}
{"t": 1784544205.5965278, "x": 3.389387245473594, "y": -2.374069651918321, "zone": "wh_forbidden_zone", "min_dist": 0.0}
{"t": 1784544205.7487721, "x": 3.3736178129321153, "y": -2.403552644099605, "zone": "wh_forbidden_zone", "min_dist": 0.0}
{"t": 1784544205.901546, "x": 3.358500498904847, "y": -2.4326435470014416, "zone": "wh_forbidden_zone", "min_dist": 0.0}
{"t": 1784544206.061447, "x": 3.343565333183879, "y": -2.4622396144154166, "zone": "wh_forbidden_zone", "min_dist": 0.0}
