{"t": 1784543553.2339928, "x": -7.716458102809656e-12, "y": -2.3197887341596346e-13, "zone": null, "min_dist": 1.8027756377382866}
{"t": 1784543553.385947, "x": -7.716458102809656e-12, "y": -2.3197887341596346e-13, "zone": null, "min_dist": 1.8027756377382866}
{"t": 1784543553.5382178, "x": -7.716458102809656e-12, "y": -2.3197887341596346e-13, "zone": null, "min_dist": 1.8027756377382866}
{"t": 1784543553.6904883, "x": -7.716458102809656e-12, "y": -2.3197887341596346e-13, "zone": null, "min_dist": 1.8027756377382866}
{"t": 1784543553.842687, "x": -7.716458102809656e-12, "y": -2.3197887341596346e-13, "zone": null, "min_dist": 1.8027756377382866}
{"t": 1784543553.994943, "x": -7.716458102809656e-12, "y": -2.3197887341596346e-13, "zone": null, "min_dist": 1.8027756377382866}
{"t": 1784543554.1505675, "x": -7.716458102809656e-12, "y": -2.3197887341596346e-13, "zone": null, "min_dist": 1.8027756377382866}
{"t": 1784543554.3019583, "x": -7.716458102809656e-12, "y": -2.3197887341596346e-13, "zone": null, "min_dist": 1.8027756377382866}
{"t": 1784543554.4538493, "x": -7.716458102809656e-12, "y": -2.3197887341596346e-13, "zone": null, "min_dist": 1.8027756377382866}
{"t": 1784543554.6056356, "x": -7.716458102809656e-12, "y": -2.3197887341596346e-13, "zone": null, "min_dist": 1.8027756377382866}
{"t": 1784543554.7577322, "x": -7.716458102809656e-12, "y": -2.3197887341596346e-13, "zone": null, "min_dist": 1.8027756377382866}
{"t": 1784543554.910146, "x": -7.716458102809656e-12, "y": -2.3197887341596346e-13, "zone": null, "min_dist": 1.8027756377382866}
{"t": 1784543555.0619633, "x": -7.716458102809656e-12, "y": -2.3197887341596346e-13, "zone": null, "min_dist": 1.8027756377382866}
{"t": 1784543555.2138493, "x": -7.716458102809656e-12, "y": -2.3197887341596346e-13, "zone": null, "min_dist": 1.8027756377382866}
{"t": 1784543555.3659508, "x": -7.716458102809656e-12, "y": -2.3197887341596346e-13, "zone": null, "min_dist": 1.8027756377382866}
{"t": 1784543555.518176, "x": -7.716458102809656e-12, "y": -2.3197887341596346e-13, "zone": null, "min_dist": 1.8027756377382866}
{"t": 1784543555.6787887, "x": -7.716458102809656e-12, "y": -2.3197887341596346e-13, "zone": null, "min_dist": 1.8027756377382866}
{"t": 1784543555.8385775, "x": -7.716458102809656e-12, "y": -2.3197887341596346e-13, "zone": null, "min_dist": 1.8027756377382866}
{"t": 1784543555.9904864, "x": -7.716458102809656e-12, "y": -2.3197887341596346e-13, "zone": null, "min_dist": 1.8027756377382866}
{"t": 1784543556.1425765, "x": -7.716458102809656e-12, "y": -2.3197887341596346e-13, "zone": null, "min_dist": 1.8027756377382866}
{"t": 1784543556.2946448, "x": -7.716458102809656e-12, "y": -2.3197887341596346e-13, "zone": null, "min_dist": 1.8027756377382866}
{"t": 1784543556.4468474, "x": -7.716458102809656e-12, "y": -2.3197887341596346e-13, "zone": null, "min_dist": 1.8027756377382866}
{"t": 1784543556.5991828, "x": -7.716458102809656e-12, "y": -2.3197887341596346e-13, "zone": null, "min_dist": 1.8027756377382866}
{"t": 1784543556.7514513, "x": -7.716458102809656e-12, "y": -2.3197887341596346e-13, "zone": null, "min_dist": 1.8027756377382866}
{"t": 1784543556.903172, "x": 0.0067228273449159385, "y": -3.74706531608301e-05, "zone": null, "min_dist": 1.797164926897498}
{"t": 1784543557.0636845, "x": 0.02958681621567725, "y": -0.0005165307460037336, "zone": null, "min_dist": 1.7779432320405377}
{"t": 1784543557.2161148, "x": 0.061352208955363724, "y": -0.0013833120911952298, "zone": null, "min_dist": 1.751268898840941}
{"t": 1784543557.3682334, "x": 0.09292445644170182, "y": -0.002244822960158428, "zone": null, "min_dist": 1.7249281082380465}
{"t": 1784543557.5203786, "x": 0.12493443610518912, "y": -0.0031182780695022975, "zone": null, "min_dist": 1.6984046845579732}
{"t": 1784543557.6725087, "x": 0.1569444020706843, "y": -0.003991732777326403, "zone": null, "min_dist": 1.6720738044432084}
{"t": 1784543557.8249428, "x": 0.18901163780837776, "y": -0.004866750169800289, "zone": null, "min_dist": 1.645898134976611}
{"t": 1784543557.977244, "x": 0.2212606727160507, "y": -0.005746728282496927, "zone": null, "min_dist": 1.6197882069775562}
{"t": 1784543558.1295834, "x": 0.25323528193248784, "y": -0.006619218193866742, "zone": null, "min_dist": 1.5941228434094177}
{"t": 1784543558.2893534, "x": 0.28684469608528246, "y": -0.007536316956748638, "zone": null, "min_dist": 1.5673959147503818}
{"t": 1784543558.4413404, "x": 0.31854489666248964, "y": -0.008401319125869392, "zone": null, "min_dist": 1.5424344735234503}
{"t": 1784543558.5936737, "x": 0.3501171449000197, "y": -0.009262829887172735, "zone": null, "min_dist": 1.5178243378915939}
{"t": 1784543558.746057, "x": 0.38212712483456307, "y": -0.010136284947049263, "zone": null, "min_dist": 1.4931409643463238}
{"t": 1784543558.8982475, "x": 0.4140411405175777, "y": -0.011007121449167627, "zone": null, "min_dist": 1.4688136567695118}
{"t": 1784543559.0504777, "x": 0.44577329815637734, "y": -0.011872995637334597, "zone": null, "min_dist": 1.4449183075976364}
{"t": 1784543559.2104635, "x": 0.48043322501463454, "y": -0.012818759541678906, "zone": null, "min_dist": 1.4191699017971344}
{"t": 1784543559.3629436, "x": 0.5137648182148836, "y": -0.013728277193923465, "zone": null, "min_dist": 1.3947730084130492}
{"t": 1784543559.5153673, "x": 0.5469045295756925, "y": -0.014632558990373204, "zone": null, "min_dist": 1.370890210609585}
{"t": 1784543559.6674302, "x": 0.5779868691344642, "y": -0.015480701697649951, "zone": null, "min_dist": 1.3488463449252548}
{"t": 1784543559.820048, "x": 0.6079243871103506, "y": -0.016297605867598007, "zone": null, "min_dist": 1.3279568138061808}
{"t": 1784543559.972271, "x": 0.6388803985252135, "y": -0.017142301504146935, "zone": null, "min_dist": 1.3067272950147863}
{"t": 1784543560.124733, "x": 0.6707944140451497, "y": -0.018013138001792016, "zone": null, "min_dist": 1.2852548778027704}
{"t": 1784543560.2956674, "x": 0.7060099376405575, "y": -0.018974062630718335, "zone": null, "min_dist": 1.2620745258964818}
{"t": 1784543560.455273, "x": 0.7407304735353283, "y": -0.019921480361581225, "zone": null, "min_dist": 1.239775833961334}
{"t": 1784543560.607129, "x": 0.7738381190683131, "y": -0.02082488720941083, "zone": null, "min_dist": 1.2190549531611397}
{"t": 1784543560.7591636, "x": 0.8065720401748262, "y": -0.021718096305273625, "zone": null, "min_dist": 1.1991154317095085}
{"t": 1784543560.9352481, "x": 0.8423482875785924, "y": -0.02269432152150495, "zone": null, "min_dist": 1.1779779981124952}
{"t": 1784543561.095233, "x": 0.8747421247582231, "y": -0.023578251075408906, "zone": null, "min_dist": 1.159459720009634}
{"t": 1784543561.247392, "x": 0.9062318012155661, "y": -0.024437508738846255, "zone": null, "min_dist": 1.142052033947394}
{"t": 1784543561.3992157, "x": 0.9382350933454483, "y": -0.025310781293436176, "zone": null, "min_dist": 1.1249883925674118}
{"t": 1784543561.5594678, "x": 0.9724320330994487, "y": -0.026243911762771476, "zone": null, "min_dist": 1.10748764285596}
{"t": 1784543561.7113416, "x": 1.0054150794961898, "y": -0.027143918704602414, "zone": null, "min_dist": 1.0913584188996746}
{"t": 1784543561.8637264, "x": 1.0386187669565454, "y": -0.028049946203557868, "zone": null, "min_dist": 1.075899414108775}
{"t": 1784543562.0159035, "x": 1.0707769319219915, "y": -0.028927444747231523, "zone": null, "min_dist": 1.0617035131030885}
{"t": 1784543562.167956, "x": 1.1014046571632454, "y": -0.029763182495213005, "zone": null, "min_dist": 1.0489221750792417}
{"t": 1784543562.3199978, "x": 1.1320930255303268, "y": -0.030600574991416052, "zone": null, "min_dist": 1.0368658481551034}
{"t": 1784543562.4722364, "x": 1.1643487635016962, "y": -0.03148073601024346, "zone": null, "min_dist": 1.025032349383228}
{"t": 1784543562.6243844, "x": 1.1971046642359136, "y": -0.03237454482566808, "zone": null, "min_dist": 1.0139253453430246}
{"t": 1784543562.7846932, "x": 1.2257373276603414, "y": -0.033155843849146355, "zone": null, "min_dist": 1.0049913610185648}
{"t": 1784543562.9369435, "x": 1.2573162646981926, "y": -0.034017537133353384, "zone": null, "min_dist": 0.9960007600127371}
{"t": 1784543563.0888846, "x": 1.2904306753201205, "y": -0.03492112856950328, "zone": null, "min_dist": 0.9875710252575973}
{"t": 1784543563.2489705, "x": 1.3244020305092465, "y": -0.03584810355119449, "zone": null, "min_dist": 0.9800120031484838}
{"t": 1784543563.4092877, "x": 1.3592690521713957, "y": -0.03679951840450644, "zone": null, "min_dist": 0.9734271248647882}
{"t": 1784543563.5613718, "x": 1.3926646216069383, "y": -0.03771078176296636, "zone": null, "min_dist": 0.9682568992731335}
{"t": 1784543563.713494, "x": 1.4219978388788113, "y": -0.03851119644044523, "zone": null, "min_dist": 0.9646476333407759}
{"t": 1784543563.866395, "x": 1.452351037370804, "y": -0.039339443245127045, "zone": null, "min_dist": 0.9618415300579514}
{"t": 1784543564.0188057, "x": 1.4857785944826352, "y": -0.04025157944455042, "zone": null, "min_dist": 0.9598537800798461}
{"t": 1784543564.1783528, "x": 1.520965497069972, "y": -0.041211722822307485, "zone": null, "min_dist": 0.9587882771776925}
{"t": 1784543564.330959, "x": 1.5531558768841665, "y": -0.042179474499356315, "zone": null, "min_dist": 0.9578205255006437}
{"t": 1784543564.4917753, "x": 1.5859470634166764, "y": -0.04379911860140115, "zone": null, "min_dist": 0.9562008813985988}
{"t": 1784543564.6514816, "x": 1.6195572076121567, "y": -0.04621364402177248, "zone": null, "min_dist": 0.9537863559782275}
{"t": 1784543564.8033242, "x": 1.6519332732707337, "y": -0.04924720475367745, "zone": null, "min_dist": 0.9507527952463225}
{"t": 1784543564.955816, "x": 1.6849470262062611, "y": -0.05306095476361079, "zone": null, "min_dist": 0.9469390452363892}
{"t": 1784543565.1321595, "x": 1.7232215879191475, "y": -0.058284709163481586, "zone": null, "min_dist": 0.9417152908365184}
{"t": 1784543565.284569, "x": 1.7539723531316114, "y": -0.06236672800035105, "zone": null, "min_dist": 0.937633271999649}
{"t": 1784543565.436312, "x": 1.7861524704040197, "y": -0.06593883515784887, "zone": null, "min_dist": 0.9340611648421511}
{"t": 1784543565.588629, "x": 1.818482411967287, "y": -0.06909457164298197, "zone": null, "min_dist": 0.9309054283570181}
{"t": 1784543565.740983, "x": 1.8502838330960918, "y": -0.07218518039668784, "zone": null, "min_dist": 0.9278148196033121}
{"t": 1784543565.9015915, "x": 1.8825243139165362, "y": -0.07531845930368733, "zone": null, "min_dist": 0.9246815406963127}
{"t": 1784543566.0617878, "x": 1.9148888417374095, "y": -0.07846379368353498, "zone": null, "min_dist": 0.921536206316465}
{"t": 1784543566.2143905, "x": 1.9471545564215351, "y": -0.08159952469224929, "zone": null, "min_dist": 0.9184004753077507}
{"t": 1784543566.366323, "x": 1.979944912309434, "y": -0.08478624269121675, "zone": null, "min_dist": 0.9152137573087833}
{"t": 1784543566.526893, "x": 2.0119977048923823, "y": -0.08790128125961215, "zone": null, "min_dist": 0.9120987187403878}
{"t": 1784543566.6785853, "x": 2.044575155077829, "y": -0.09106730814354114, "zone": null, "min_dist": 0.9089326918564589}
{"t": 1784543566.838624, "x": 2.0789328634938258, "y": -0.09440634871951564, "zone": null, "min_dist": 0.9055936512804843}
{"t": 1784543566.9912827, "x": 2.109723423372468, "y": -0.09739871761747318, "zone": null, "min_dist": 0.9026012823825268}
{"t": 1784543567.1432831, "x": 2.140762032451139, "y": -0.10041519305989434, "zone": null, "min_dist": 0.8995848069401057}
{"t": 1784543567.295934, "x": 2.1722078958969564, "y": -0.1034712473173925, "zone": null, "min_dist": 0.8965287526826075}
{"t": 1784543567.4559603, "x": 2.2067555870438578, "y": -0.10698320470733973, "zone": null, "min_dist": 0.8930167952926603}
{"t": 1784543567.608323, "x": 2.2395943715485327, "y": -0.1109972921728865, "zone": null, "min_dist": 0.8890027078271135}
{"t": 1784543567.760782, "x": 2.2719048299036557, "y": -0.11547596826152536, "zone": null, "min_dist": 0.8845240317384746}
{"t": 1784543567.9128697, "x": 2.3039664422364248, "y": -0.12031811997114673, "zone": null, "min_dist": 0.8796818800288533}
{"t": 1784543568.0651536, "x": 2.334553144153121, "y": -0.1256160800569031, "zone": null, "min_dist": 0.8743839199430969}
{"t": 1784543568.2172313, "x": 2.3647798091499475, "y": -0.1313198779075848, "zone": null, "min_dist": 0.8686801220924152}
{"t": 1784543568.3693738, "x": 2.3974754285147277, "y": -0.1374165228203207, "zone": null, "min_dist": 0.8625834771796793}
{"t": 1784543568.5219736, "x": 2.430325925309786, "y": -0.14349438026056238, "zone": null, "min_dist": 0.8565056197394376}
{"t": 1784543568.6738894, "x": 2.462114829050565, "y": -0.14937582647550404, "zone": null, "min_dist": 0.8506241735244959}
{"t": 1784543568.826262, "x": 2.494386711080596, "y": -0.15535911539507888, "zone": null, "min_dist": 0.8446408846049211}
{"t": 1784543568.9863474, "x": 2.5279136297045723, "y": -0.16205269845268025, "zone": null, "min_dist": 0.8379473015473198}
{"t": 1784543569.14659, "x": 2.5617948083989717, "y": -0.16960412392024093, "zone": null, "min_dist": 0.8303958760797591}
{"t": 1784543569.2993715, "x": 2.5935366948462337, "y": -0.17703812112267772, "zone": null, "min_dist": 0.8229618788773223}
{"t": 1784543569.459081, "x": 2.62522851689139, "y": -0.1843171339549573, "zone": null, "min_dist": 0.8156828660450427}
{"t": 1784543569.6196098, "x": 2.65790709827243, "y": -0.1918221202184955, "zone": null, "min_dist": 0.8081778797815045}
{"t": 1784543569.7795215, "x": 2.6916442950351147, "y": -0.19957044968310247, "zone": null, "min_dist": 0.8004295503168976}
{"t": 1784543569.932047, "x": 2.7226557803416833, "y": -0.20679023800163995, "zone": null, "min_dist": 0.79320976199836}
{"t": 1784543570.091842, "x": 2.756793602323086, "y": -0.21539821528581593, "zone": null, "min_dist": 0.7846017847141841}
{"t": 1784543570.2444267, "x": 2.789158968030403, "y": -0.22380753818970267, "zone": null, "min_dist": 0.7761924618102973}
{"t": 1784543570.3965173, "x": 2.8206865072272187, "y": -0.2321328413872217, "zone": null, "min_dist": 0.7678671586127783}
{"t": 1784543570.5483449, "x": 2.8520214268648965, "y": -0.24107116363590197, "zone": null, "min_dist": 0.758928836364098}
{"t": 1784543570.7005503, "x": 2.8839836816243576, "y": -0.25092707366916894, "zone": null, "min_dist": 0.7490729263308311}
{"t": 1784543570.852552, "x": 2.9152927520127836, "y": -0.26123774967574737, "zone": null, "min_dist": 0.7387622503242526}
{"t": 1784543571.013164, "x": 2.947513240853681, "y": -0.2725745234671825, "zone": null, "min_dist": 0.7274254765328175}
{"t": 1784543571.1656384, "x": 2.978813946564934, "y": -0.28436401677415196, "zone": null, "min_dist": 0.7156359832258481}
{"t": 1784543571.3173618, "x": 3.0094936125814287, "y": -0.29645387683332586, "zone": null, "min_dist": 0.7035461231666742}
{"t": 1784543571.4700165, "x": 3.0379203177496428, "y": -0.30768542408351884, "zone": null, "min_dist": 0.6923145759164812}
{"t": 1784543571.6302557, "x": 3.069805010177283, "y": -0.3205341684645728, "zone": null, "min_dist": 0.6794658315354272}
{"t": 1784543571.7904513, "x": 3.101752799992594, "y": -0.33410915144120507, "zone": null, "min_dist": 0.6658908485587949}
{"t": 1784543571.9428709, "x": 3.132484606712539, "y": -0.34729827206638814, "zone": null, "min_dist": 0.6527017279336118}
{"t": 1784543572.0949378, "x": 3.1619780635856096, "y": -0.3604765468679798, "zone": null, "min_dist": 0.6395234531320202}
{"t": 1784543572.2472873, "x": 3.1918881963144083, "y": -0.37429034032543274, "zone": null, "min_dist": 0.6257096596745673}
{"t": 1784543572.3994327, "x": 3.221330220707934, "y": -0.387752120967653, "zone": null, "min_dist": 0.612247879032347}
{"t": 1784543572.551878, "x": 3.251983548692749, "y": -0.4011017563261729, "zone": null, "min_dist": 0.598898243673827}
{"t": 1784543572.7124462, "x": 3.283360707373205, "y": -0.4145788375348231, "zone": null, "min_dist": 0.5854211624651768}
{"t": 1784543572.8643498, "x": 3.3140863673273353, "y": -0.4277760876920307, "zone": null, "min_dist": 0.5722239123079693}
{"t": 1784543573.0163465, "x": 3.343761273309672, "y": -0.44052201945217084, "zone": null, "min_dist": 0.5594779805478292}
{"t": 1784543573.169125, "x": 3.3744601100025307, "y": -0.4537915501801737, "zone": null, "min_dist": 0.5462084498198263}
{"t": 1784543573.328894, "x": 3.4065215751319724, "y": -0.4683372065406326, "zone": null, "min_dist": 0.5316627934593674}
{"t": 1784543573.4812784, "x": 3.4368963981880123, "y": -0.4823117927454647, "zone": null, "min_dist": 0.5176882072545352}
{"t": 1784543573.641552, "x": 3.4683456618932054, "y": -0.496384150229987, "zone": null, "min_dist": 0.503615849770013}
{"t": 1784543573.7938323, "x": 3.498343641014707, "y": -0.5099383447533294, "zone": null, "min_dist": 0.49006165524667056}
{"t": 1784543573.9541378, "x": 3.5281386224526607, "y": -0.5240765683517223, "zone": null, "min_dist": 0.47592343164827766}
{"t": 1784543574.106273, "x": 3.5557699369973355, "y": -0.5373830685095462, "zone": null, "min_dist": 0.4626169314904538}
{"t": 1784543574.2664757, "x": 3.5873349614992858, "y": -0.5529735030994817, "zone": null, "min_dist": 0.4470264969005183}
{"t": 1784543574.426698, "x": 3.6188214486251997, "y": -0.5687101203091244, "zone": null, "min_dist": 0.4312898796908756}
{"t": 1784543574.5790734, "x": 3.6479438054720394, "y": -0.5832856725571696, "zone": null, "min_dist": 0.41671432744283043}
{"t": 1784543574.7313066, "x": 3.67665773659927, "y": -0.5981461450533815, "zone": null, "min_dist": 0.4018538549466185}
{"t": 1784543574.8916085, "x": 3.7072770588059236, "y": -0.6142851416890905, "zone": null, "min_dist": 0.38571485831090946}
{"t": 1784543575.0514488, "x": 3.7379915419811183, "y": -0.630859089703222, "zone": null, "min_dist": 0.369140910296778}
{"t": 1784543575.2039616, "x": 3.767076434138944, "y": -0.6473755171908206, "zone": null, "min_dist": 0.35262448280917935}
{"t": 1784543575.3560627, "x": 3.7954822269932085, "y": -0.664315919208786, "zone": null, "min_dist": 0.33568408079121403}
{"t": 1784543575.5085783, "x": 3.823820599693538, "y": -0.6818458778394876, "zone": null, "min_dist": 0.3181541221605124}
{"t": 1784543575.6609144, "x": 3.8520473355443894, "y": -0.6997895380231312, "zone": null, "min_dist": 0.30021046197686885}
{"t": 1784543575.836851, "x": 3.883830908995116, "y": -0.7210398389777011, "zone": null, "min_dist": 0.2789601610222989}
{"t": 1784543575.989142, "x": 3.9105951975322375, "y": -0.7398326085279819, "zone": null, "min_dist": 0.26016739147201806}
{"t": 1784543576.1415243, "x": 3.9363297157889554, "y": -0.7587448630373591, "zone": null, "min_dist": 0.2412551369626409}
{"t": 1784543576.2934403, "x": 3.9627051661173787, "y": -0.7790054693512016, "zone": null, "min_dist": 0.22099453064879837}
{"t": 1784543576.4459903, "x": 3.9874148390541175, "y": -0.7988429134006871, "zone": null, "min_dist": 0.20115708659931286}
{"t": 1784543576.622066, "x": 4.016383752638763, "y": -0.8232278012207626, "zone": null, "min_dist": 0.17677219877923744}
{"t": 1784543576.7743971, "x": 4.040816222283692, "y": -0.8447676978820593, "zone": null, "min_dist": 0.1552323021179407}
{"t": 1784543576.9265516, "x": 4.064674368484292, "y": -0.8667263673258142, "zone": null, "min_dist": 0.1332736326741858}
{"t": 1784543577.0787802, "x": 4.086634440916183, "y": -0.8878176455416786, "zone": null, "min_dist": 0.11218235445832136}
{"t": 1784543577.2393622, "x": 4.107575529560127, "y": -0.9088437015595262, "zone": null, "min_dist": 0.09115629844047379}
{"t": 1784543577.3914485, "x": 4.128219445550919, "y": -0.9305543493615808, "zone": null, "min_dist": 0.06944565063841923}
{"t": 1784543577.5515065, "x": 4.151368792208162, "y": -0.9570751539605801, "zone": null, "min_dist": 0.04292484603941993}
{"t": 1784543577.7037177, "x": 4.170895965046228, "y": -0.9825058216032726, "zone": null, "min_dist": 0.0174941783967274}
{"t": 1784543577.8558896, "x": 4.187036234340889, "y": -1.006038772946987, "zone": "wh_forbidden_zone", "min_dist": 0.0}
{"t": 1784543578.0081732, "x": 4.203344391564821, "y": -1.0326735881244478, "zone": "wh_forbidden_zone", "min_dist": 0.0}
{"t": 1784543578.160296, "x": 4.2159957684256435, "y": -1.05585826843585, "zone": "wh_forbidden_zone", "min_dist": 0.0}
{"t": 1784543578.3125522, "x": 4.228286819689811, "y": -1.0797569543920131, "zone": "wh_forbidden_zone", "min_dist": 0.0}
{"t": 1784543578.4645994, "x": 4.2410378808155365, "y": -1.1058705390521515, "zone": "wh_forbidden_zone", "min_dist": 0.0}
{"t": 1784543578.625121, "x": 4.251708165342573, "y": -1.1290035630618127, "zone": "wh_forbidden_zone", "min_dist": 0.0}
{"t": 1784543578.7776923, "x": 4.260792523342695, "y": -1.1499136861266193, "zone": "wh_forbidden_zone", "min_dist": 0.0}
{"t": 1784543578.937559, "x": 4.270333329629369, "y": -1.1732384260043165, "zone": "wh_forbidden_zone", "min_dist": 0.0}
{"t": 1784543579.089645, "x": 4.278196904827247, "y": -1.1937470956673428, "zone": "wh_forbidden_zone", "min_dist": 0.0}
{"t": 1784543579.250324, "x": 4.2866740334847, "y": -1.2173807299307242, "zone": "wh_forbidden_zone", "min_dist": 0.0}
{"t": 1784543579.4022021, "x": 4.293805854330226, "y": -1.2387419640553416, "zone": "wh_forbidden_zone", "min_dist": 0.0}
{"t": 1784543579.5623684, "x": 4.302075451173064, "y": -1.2654814661748692, "zone": "wh_forbidden_zone", "min_dist": 0.0}
{"t": 1784543579.7148957, "x": 4.309815210399883, "y": -1.2925647912892257, "zone": "wh_forbidden_zone", "min_dist": 0.0}
{"t": 1784543579.8667445, "x": 4.316564341893722, "y": -1.3181903792717211, "zone": "wh_forbidden_zone", "min_dist": 0.0}
{"t": 1784543580.0431175, "x": 4.322716147822749, "y": -1.3425246605720265, "zone": "wh_forbidden_zone", "min_dist": 0.0}
{"t": 1784543580.1954274, "x": 4.327705783310099, "y": -1.3622713197087906, "zone": "wh_forbidden_zone", "min_dist": 0.0}
{"t": 1784543580.3475792, "x": 4.333876530657387, "y": -1.3877605255166017, "zone": "wh_forbidden_zone", "min_dist": 0.0}
{"t": 1784543580.4996045, "x": 4.339105525085553, "y": -1.4115593000245132, "zone": "wh_forbidden_zone", "min_dist": 0.0}
{"t": 1784543580.651963, "x": 4.343360445471272, "y": -1.433101228068961, "zone": "wh_forbidden_zone", "min_dist": 0.0}
{"t": 1784543580.8041418, "x": 4.347033299259092, "y": -1.4538782430161719, "zone": "wh_forbidden_zone", "min_dist": 0.0}
{"t": 1784543580.9645548, "x": 4.349615470130496, "y": -1.4685543540250003, "zone": "wh_forbidden_zone", "min_dist": 0.0}
{"t": 1784543581.1168995, "x": 4.350180482378362, "y": -1.4713369876690963, "zone": "wh_forbidden_zone", "min_dist": 0.0}
{"t": 1784543581.2689874, "x": 4.350178322997945, "y": -1.471329965745047, "zone": "wh_forbidden_zone", "min_dist": 0.0}
{"t": 1784543581.4212496, "x": 4.350175479563032, "y": -1.471323275840505, "zone": "wh_forbidden_zone", "min_dist": 0.0}
{"t": 1784543581.5733643, "x": 4.355529057957377, "y": -1.4807161803683746, "zone": "wh_forbidden_zone", "min_dist": 0.0}
{"t": 1784543581.7496831, "x": 4.374282703818662, "y": -1.5098127840574285, "zone": "wh_forbidden_zone", "min_dist": 0.0}
{"t": 1784543581.9020243, "x": 4.392332601629271, "y": -1.53685599320649, "zone": "wh_forbidden_zone", "min_dist": 0.0}
{"t": 1784543582.0542824, "x": 4.4093056972247675, "y": -1.564052040347065, "zone": "wh_forbidden_zone", "min_dist": 0.0}
{"t": 1784543582.2148035, "x": 4.4212454442903395, "y": -1.5849769135549499, "zone": "wh_forbidden_zone", "min_dist": 0.0}
{"t": 1784543582.3669786, "x": 4.421714447926571, "y": -1.58475964724684, "zone": "wh_forbidden_zone", "min_dist": 0.0}
{"t": 1784543582.5191147, "x": 4.4221757284291625, "y": -1.5846641862146946, "zone": "wh_forbidden_zone", "min_dist": 0.0}
{"t": 1784543582.6712883, "x": 4.422609626104026, "y": -1.5846268562235495, "zone": "wh_forbidden_zone", "min_dist": 0.0}
{"t": 1784543582.8238273, "x": 4.423015044223196, "y": -1.5846249404173043, "zone": "wh_forbidden_zone", "min_dist": 0.0}
{"t": 1784543582.9833713, "x": 4.423414762170248, "y": -1.5846500061059692, "zone": "wh_forbidden_zone", "min_dist": 0.0}
{"t": 1784543583.1358495, "x": 4.427531513345456, "y": -1.5866003610915556, "zone": "wh_forbidden_zone", "min_dist": 0.0}
{"t": 1784543583.2880313, "x": 4.439541994893625, "y": -1.5880416768585421, "zone": "wh_forbidden_zone", "min_dist": 0.0}
{"t": 1784543583.4644372, "x": 4.457827250855522, "y": -1.591755489189543, "zone": "wh_forbidden_zone", "min_dist": 0.0}
{"t": 1784543583.6165817, "x": 4.47460549126574, "y": -1.5942004929598743, "zone": "wh_forbidden_zone", "min_dist": 0.0}
{"t": 1784543583.7688968, "x": 4.491376379263698, "y": -1.5966506952715056, "zone": "wh_forbidden_zone", "min_dist": 0.0}
{"t": 1784543583.9213169, "x": 4.508145097096734, "y": -1.5991103618741902, "zone": null, "min_dist": 0.008145097096734055}
{"t": 1784543584.0732894, "x": 4.521947601775405, "y": -1.5928858688962502, "zone": null, "min_dist": 0.021947601775404557}
{"t": 1784543584.2257283, "x": 4.535639495897398, "y": -1.5864330511715978, "zone": null, "min_dist": 0.035639495897397566}
{"t": 1784543584.3777936, "x": 4.549306094208812, "y": -1.579982583902919, "zone": null, "min_dist": 0.049306094208811935}
{"t": 1784543584.5301864, "x": 4.562943365899427, "y": -1.5735322277016672, "zone": null, "min_dist": 0.06294336589942695}
{"t": 1784543584.682305, "x": 4.576553317919852, "y": -1.5670832654234925, "zone": null, "min_dist": 0.07655331791985187}
{"t": 1784543584.8348248, "x": 4.590141153962739, "y": -1.560636823284404, "zone": null, "min_dist": 0.09014115396273858}
{"t": 1784543584.9868643, "x": 4.603713192972731, "y": -1.5541928830124643, "zone": null, "min_dist": 0.10371319297273107}
{"t": 1784543585.1393862, "x": 4.617260793698301, "y": -1.5477431648255293, "zone": null, "min_dist": 0.11726079369830078}
{"t": 1784543585.291431, "x": 4.628290969670534, "y": -1.5451009672491505, "zone": null, "min_dist": 0.12829096967053388}
{"t": 1784543585.443246, "x": 4.629466318320235, "y": -1.5564802965874234, "zone": null, "min_dist": 0.12946631832023492}
{"t": 1784543585.5956078, "x": 4.630600958462251, "y": -1.5677110925758153, "zone": null, "min_dist": 0.13060095846225117}
{"t": 1784543585.755772, "x": 4.631745900811033, "y": -1.5793730008846167, "zone": null, "min_dist": 0.13174590081103332}
{"t": 1784543585.9081135, "x": 4.63281705602052, "y": -1.5903051659338283, "zone": null, "min_dist": 0.13281705602051996}
{"t": 1784543586.0609934, "x": 4.633721607526918, "y": -1.598388488679193, "zone": null, "min_dist": 0.13372160752691808}
{"t": 1784543586.2214313, "x": 4.636838861047963, "y": -1.6039543432138055, "zone": null, "min_dist": 0.13683886104796272}
{"t": 1784543586.381056, "x": 4.637292712003231, "y": -1.59287693030349, "zone": null, "min_dist": 0.137292712003231}
{"t": 1784543586.557842, "x": 4.637600792643922, "y": -1.5810200515199384, "zone": null, "min_dist": 0.137600792643922}
{"t": 1784543586.7093494, "x": 4.637812955413136, "y": -1.5709234115211628, "zone": null, "min_dist": 0.13781295541313643}
{"t": 1784543586.8620088, "x": 4.6380060974458255, "y": -1.5609175164032956, "zone": null, "min_dist": 0.13800609744582548}
{"t": 1784543587.0220292, "x": 4.638204149893843, "y": -1.550456111151119, "zone": null, "min_dist": 0.1382041498938431}
{"t": 1784543587.1824057, "x": 4.638408110175739, "y": -1.540047895711679, "zone": null, "min_dist": 0.13840811017573884}
{"t": 1784543587.3343644, "x": 4.638616132466103, "y": -1.5301962640864366, "zone": null, "min_dist": 0.13861613246610283}
{"t": 1784543587.4867415, "x": 4.638017028841011, "y": -1.5263444962930433, "zone": null, "min_dist": 0.13801702884101097}
{"t": 1784543587.639043, "x": 4.639962066280602, "y": -1.5314417080886242, "zone": null, "min_dist": 0.13996206628060204}
{"t": 1784543587.7995512, "x": 4.647621589827211, "y": -1.5536437110942298, "zone": null, "min_dist": 0.14762158982721107}
{"t": 1784543587.9512875, "x": 4.650415602294892, "y": -1.5640204772307895, "zone": null, "min_dist": 0.15041560229489193}
{"t": 1784543588.1035676, "x": 4.650545113310409, "y": -1.5645522974658999, "zone": null, "min_dist": 0.1505451133104092}
{"t": 1784543588.255935, "x": 4.649545441595953, "y": -1.5603007263966036, "zone": null, "min_dist": 0.1495454415959534}
{"t": 1784543588.4081035, "x": 4.648509234537739, "y": -1.5559231627606573, "zone": null, "min_dist": 0.14850923453773923}
{"t": 1784543588.5603952, "x": 4.649050558547003, "y": -1.557699759365623, "zone": null, "min_dist": 0.14905055854700322}
{"t": 1784543588.712728, "x": 4.653790077786231, "y": -1.5718970939915191, "zone": null, "min_dist": 0.15379007778623066}
{"t": 1784543588.8654754, "x": 4.660173713190544, "y": -1.5886176415513797, "zone": null, "min_dist": 0.1601737131905443}
{"t": 1784543589.0174954, "x": 4.663078411808485, "y": -1.5959481136747002, "zone": null, "min_dist": 0.1630784118084847}
{"t": 1784543589.1701024, "x": 4.6649163846084765, "y": -1.6016787850702408, "zone": null, "min_dist": 0.16491638460847646}
{"t": 1784543589.321664, "x": 4.664368021484876, "y": -1.5999080741307936, "zone": null, "min_dist": 0.16436802148487573}
{"t": 1784543589.473979, "x": 4.663819288628931, "y": -1.5981775351949112, "zone": null, "min_dist": 0.1638192886289307}
{"t": 1784543589.6263282, "x": 4.66326776061274, "y": -1.596460855653106, "zone": null, "min_dist": 0.16326776061274018}
{"t": 1784543589.7864296, "x": 4.662680905400673, "y": -1.5946549617018617, "zone": null, "min_dist": 0.1626809054006726}
{"t": 1784543589.9465566, "x": 4.662085394162367, "y": -1.59284169443071, "zone": null, "min_dist": 0.162085394162367}
{"t": 1784543590.0990243, "x": 4.661555577445641, "y": -1.5913068877215635, "zone": null, "min_dist": 0.16155557744564142}
{"t": 1784543590.2591126, "x": 4.659486447431249, "y": -1.5864500137987385, "zone": null, "min_dist": 0.15948644743124873}
{"t": 1784543590.411804, "x": 4.657831308006009, "y": -1.582945549675766, "zone": null, "min_dist": 0.15783130800600897}
{"t": 1784543590.56389, "x": 4.65783214903177, "y": -1.5829475053891189, "zone": null, "min_dist": 0.15783214903177}
{"t": 1784543590.7158587, "x": 4.6585779417216235, "y": -1.5838153542402138, "zone": null, "min_dist": 0.15857794172162354}
{"t": 1784543590.8762283, "x": 4.672607768327946, "y": -1.598215156009351, "zone": null, "min_dist": 0.17260776832794633}
{"t": 1784543591.0282815, "x": 4.696901783710088, "y": -1.6210753918116443, "zone": null, "min_dist": 0.19690178371008837}
{"t": 1784543591.1885533, "x": 4.71787943765737, "y": -1.640589869468743, "zone": null, "min_dist": 0.21787943765736983}
{"t": 1784543591.340971, "x": 4.713536596023279, "y": -1.6325151399574669, "zone": null, "min_dist": 0.21353659602327912}
{"t": 1784543591.493023, "x": 4.72840913777054, "y": -1.6591994003201302, "zone": null, "min_dist": 0.22840913777053995}
{"t": 1784543591.6455293, "x": 4.73114986673537, "y": -1.6612331596253542, "zone": null, "min_dist": 0.23114986673536997}
{"t": 1784543591.797934, "x": 4.730845459963779, "y": -1.660860936843369, "zone": null, "min_dist": 0.2308454599637786}
{"t": 1784543591.9503438, "x": 4.730755074198125, "y": -1.6607176121542806, "zone": null, "min_dist": 0.23075507419812524}
{"t": 1784543592.102262, "x": 4.730534044321884, "y": -1.6603238016048307, "zone": null, "min_dist": 0.2305340443218844}
{"t": 1784543592.2545636, "x": 4.730424824787499, "y": -1.6601734608118925, "zone": null, "min_dist": 0.23042482478749893}
{"t": 1784543592.4067416, "x": 4.731116274462876, "y": -1.6610164328947916, "zone": null, "min_dist": 0.23111627446287564}
{"t": 1784543592.5590773, "x": 4.730208421689479, "y": -1.6546314775903401, "zone": null, "min_dist": 0.23020842168947908}
{"t": 1784543592.7112508, "x": 4.728050005616589, "y": -1.6462589161224237, "zone": null, "min_dist": 0.2280500056165886}
{"t": 1784543592.863399, "x": 4.725878811396936, "y": -1.6380457400779918, "zone": null, "min_dist": 0.2258788113969361}
{"t": 1784543593.0157466, "x": 4.723709367754011, "y": -1.6299378218087712, "zone": null, "min_dist": 0.22370936775401074}
{"t": 1784543593.167579, "x": 4.721546555538548, "y": -1.6219114884605332, "zone": null, "min_dist": 0.22154655553854763}
{"t": 1784543593.3196168, "x": 4.7193939113295045, "y": -1.613947624234065, "zone": null, "min_dist": 0.21939391132950448}
{"t": 1784543593.4720092, "x": 4.717253538162051, "y": -1.6060292606125093, "zone": null, "min_dist": 0.21725353816205129}
{"t": 1784543593.6241124, "x": 4.715125734632851, "y": -1.598142890303571, "zone": null, "min_dist": 0.215125734632851}
{"t": 1784543593.776885, "x": 4.713011451084869, "y": -1.5902759051355762, "zone": null, "min_dist": 0.21301145108486885}
{"t": 1784543593.9374602, "x": 4.710545200613005, "y": -1.5819091846231426, "zone": null, "min_dist": 0.21054520061300508}
{"t": 1784543594.0889318, "x": 4.70308973741128, "y": -1.5672453448486505, "zone": null, "min_dist": 0.2030897374112799}
{"t": 1784543594.2493517, "x": 4.6945703582757705, "y": -1.550283142651523, "zone": null, "min_dist": 0.19457035827577052}
{"t": 1784543594.4014075, "x": 4.692911517227444, "y": -1.547033057193324, "zone": null, "min_dist": 0.1929115172274436}
{"t": 1784543594.5539036, "x": 4.6929318013854155, "y": -1.547069984392016, "zone": null, "min_dist": 0.19293180138541555}
{"t": 1784543594.7061741, "x": 4.695466778709418, "y": -1.5519811147675564, "zone": null, "min_dist": 0.19546677870941842}
{"t": 1784543594.8584597, "x": 4.702279735183357, "y": -1.5644675390856455, "zone": null, "min_dist": 0.20227973518335673}
{"t": 1784543595.0106244, "x": 4.711471546622209, "y": -1.579559197939023, "zone": null, "min_dist": 0.21147154662220924}
{"t": 1784543595.1709535, "x": 4.7262182584602215, "y": -1.601830373977858, "zone": null, "min_dist": 0.22621825846022148}
{"t": 1784543595.33116, "x": 4.743445916349594, "y": -1.6282330581078952, "zone": null, "min_dist": 0.2434459163495939}
{"t": 1784543595.4831839, "x": 4.749497836198332, "y": -1.6352667950802209, "zone": null, "min_dist": 0.24949783619833177}
{"t": 1784543595.6358378, "x": 4.761734121373445, "y": -1.6564713971206988, "zone": null, "min_dist": 0.2617341213734452}
{"t": 1784543595.796115, "x": 4.766059504453018, "y": -1.6418592456734056, "zone": null, "min_dist": 0.2660595044530183}
{"t": 1784543595.956755, "x": 4.769992619616483, "y": -1.6273189418585414, "zone": null, "min_dist": 0.2699926196164828}
{"t": 1784543596.1167636, "x": 4.773932592664462, "y": -1.612898349274735, "zone": null, "min_dist": 0.2739325926644618}
{"t": 1784543596.2688713, "x": 4.777677370829609, "y": -1.5992441817114715, "zone": null, "min_dist": 0.2776773708296094}
{"t": 1784543596.4213102, "x": 4.7814238578477335, "y": -1.5856251655103493, "zone": null, "min_dist": 0.2814238578477335}
{"t": 1784543596.5817554, "x": 4.785374271792024, "y": -1.5713242390005489, "zone": null, "min_dist": 0.28537427179202357}
{"t": 1784543596.741658, "x": 4.7888842541594485, "y": -1.5574667423260342, "zone": null, "min_dist": 0.2888842541594485}
{"t": 1784543597.0012538, "x": 4.787036917291138, "y": -1.545362542863193, "zone": null, "min_dist": 0.2870369172911378}
{"t": 1784543597.1585336, "x": 4.784297325505547, "y": -1.5365787319605178, "zone": null, "min_dist": 0.2842973255055474}
{"t": 1784543597.318523, "x": 4.795496225997621, "y": -1.567944579632545, "zone": null, "min_dist": 0.2954962259976206}
{"t": 1784543597.479007, "x": 4.803541422610995, "y": -1.588113875069841, "zone": null, "min_dist": 0.30354142261099515}
{"t": 1784543597.6314058, "x": 4.8066143159762085, "y": -1.5860583161793995, "zone": null, "min_dist": 0.3066143159762085}
{"t": 1784543597.7916024, "x": 4.809778417029119, "y": -1.583131033573145, "zone": null, "min_dist": 0.30977841702911935}
{"t": 1784543597.9438536, "x": 4.812031847742444, "y": -1.576299869163551, "zone": null, "min_dist": 0.3120318477424444}
{"t": 1784543598.1199534, "x": 4.811677161459169, "y": -1.5602855001450633, "zone": null, "min_dist": 0.3116771614591691}
{"t": 1784543598.2722936, "x": 4.809467717978779, "y": -1.5478138110907587, "zone": null, "min_dist": 0.30946771797877926}
{"t": 1784543598.4244647, "x": 4.807224965198794, "y": -1.5354894435335666, "zone": null, "min_dist": 0.3072249651987944}
{"t": 1784543598.5764122, "x": 4.8049276757079085, "y": -1.5232385903373478, "zone": null, "min_dist": 0.30492767570790846}
{"t": 1784543598.7286959, "x": 4.802560287950871, "y": -1.5110556597612568, "zone": null, "min_dist": 0.30256028795087087}
{"t": 1784543598.8811297, "x": 4.79917922428435, "y": -1.4997962930670077, "zone": null, "min_dist": 0.29917922428434984}
{"t": 1784543599.0331233, "x": 4.795797955980475, "y": -1.4885609457193487, "zone": null, "min_dist": 0.29579795598047465}
{"t": 1784543599.185538, "x": 4.792420320376282, "y": -1.4773377772860736, "zone": null, "min_dist": 0.29242032037628185}
{"t": 1784543599.3371263, "x": 4.7890480604656105, "y": -1.466120833618405, "zone": null, "min_dist": 0.2890480604656105}
{"t": 1784543599.4898455, "x": 4.7856818310668165, "y": -1.4549058137162183, "zone": null, "min_dist": 0.28568183106681655}
{"t": 1784543599.642072, "x": 4.782000611511818, "y": -1.4449114674114008, "zone": null, "min_dist": 0.2820006115118181}
{"t": 1784543599.7944632, "x": 4.777977363426425, "y": -1.4362670608382664, "zone": null, "min_dist": 0.2779773634264249}
{"t": 1784543599.954733, "x": 4.77374791327037, "y": -1.4271637707141447, "zone": null, "min_dist": 0.27374791327036974}
{"t": 1784543600.114967, "x": 4.769503847201193, "y": -1.418604545497708, "zone": null, "min_dist": 0.269503847201193}
{"t": 1784543600.2751765, "x": 4.765761828232715, "y": -1.4112917133070741, "zone": null, "min_dist": 0.26576182823271477}
{"t": 1784543600.4274857, "x": 4.762829663052786, "y": -1.4055508869479258, "zone": null, "min_dist": 0.262829663052786}
{"t": 1784543600.5795872, "x": 4.762937894513265, "y": -1.4059073867406928, "zone": null, "min_dist": 0.2629378945132652}
{"t": 1784543600.7315433, "x": 4.763605522904405, "y": -1.4081381374936504, "zone": null, "min_dist": 0.2636055229044052}
{"t": 1784543600.8840182, "x": 4.765685385204991, "y": -1.4184063479084859, "zone": null, "min_dist": 0.26568538520499096}
{"t": 1784543601.0363302, "x": 4.766103324912537, "y": -1.4271626189467712, "zone": null, "min_dist": 0.2661033249125371}
{"t": 1784543601.1883962, "x": 4.7636771259356765, "y": -1.4572343262132639, "zone": null, "min_dist": 0.2636771259356765}
{"t": 1784543601.3402815, "x": 4.7581791386749845, "y": -1.4923867516116387, "zone": null, "min_dist": 0.25817913867498454}
{"t": 1784543601.5002022, "x": 4.752651558046448, "y": -1.5204781535383378, "zone": null, "min_dist": 0.25265155804644834}
{"t": 1784543601.6528597, "x": 4.739947603115485, "y": -1.54695185962408, "zone": null, "min_dist": 0.23994760311548458}
{"t": 1784543601.8130188, "x": 4.7252057818899385, "y": -1.5692044034706445, "zone": null, "min_dist": 0.22520578188993845}
{"t": 1784543601.9655213, "x": 4.714909402623403, "y": -1.5807868588590523, "zone": null, "min_dist": 0.21490940262340263}
{"t": 1784543602.1256938, "x": 4.711554413526843, "y": -1.5837771676541055, "zone": null, "min_dist": 0.21155441352684257}
{"t": 1784543602.2857096, "x": 4.711422418980118, "y": -1.5838718302790624, "zone": null, "min_dist": 0.21142241898011793}
{"t": 1784543602.4380174, "x": 4.711411531855527, "y": -1.5838767912701677, "zone": null, "min_dist": 0.21141153185552675}
{"t": 1784543602.5907094, "x": 4.711402650679169, "y": -1.5838793872497725, "zone": null, "min_dist": 0.21140265067916886}
{"t": 1784543602.7427232, "x": 4.711393955112305, "y": -1.5838806425795404, "zone": null, "min_dist": 0.21139395511230497}
{"t": 1784543603.0033755, "x": 4.711384714469672, "y": -1.5838806377004417, "zone": null, "min_dist": 0.21138471446967166}
{"t": 1784543603.1594772, "x": 4.705173461545019, "y": -1.582272328074919, "zone": null, "min_dist": 0.20517346154501936}
{"t": 1784543603.311681, "x": 4.700900646560209, "y": -1.58066560371844, "zone": null, "min_dist": 0.20090064656020878}
{"t": 1784543603.4719849, "x": 4.693635329466956, "y": -1.5763259398355076, "zone": null, "min_dist": 0.19363532946695639}
{"t": 1784543603.6241906, "x": 4.687178851205953, "y": -1.5712066826330586, "zone": null, "min_dist": 0.18717885120595312}
{"t": 1784543603.776294, "x": 4.679918962561082, "y": -1.5634962913285, "zone": null, "min_dist": 0.1799189625610822}
{"t": 1784543603.9285808, "x": 4.668599683112202, "y": -1.5477772449337013, "zone": null, "min_dist": 0.16859968311220186}
{"t": 1784543604.0809872, "x": 4.658759383036304, "y": -1.5291005967585107, "zone": null, "min_dist": 0.15875938303630388}
{"t": 1784543604.2335577, "x": 4.65056512939779, "y": -1.5061464581538688, "zone": null, "min_dist": 0.15056512939778965}
{"t": 1784543604.3857527, "x": 4.646441254975874, "y": -1.486570677747746, "zone": null, "min_dist": 0.14644125497587357}
{"t": 1784543604.545554, "x": 4.644914222345446, "y": -1.458590340680985, "zone": null, "min_dist": 0.14491422234544604}
{"t": 1784543604.7222672, "x": 4.648450859823958, "y": -1.4200652633494066, "zone": null, "min_dist": 0.14845085982395823}
{"t": 1784543604.8743172, "x": 4.656462928907754, "y": -1.3876180474313458, "zone": null, "min_dist": 0.1564629289077537}
{"t": 1784543605.0265067, "x": 4.668909642817987, "y": -1.3566001317673104, "zone": null, "min_dist": 0.1689096428179866}
{"t": 1784543605.1787312, "x": 4.6855490623284055, "y": -1.3276145107917163, "zone": null, "min_dist": 0.1855490623284055}
{"t": 1784543605.3317323, "x": 4.706057791867244, "y": -1.301224551794318, "zone": null, "min_dist": 0.20605779186724416}
{"t": 1784543605.4916503, "x": 4.731386914685821, "y": -1.2768127862320648, "zone": null, "min_dist": 0.23138691468582095}
{"t": 1784543605.6435, "x": 4.757347827680173, "y": -1.2581063877829417, "zone": null, "min_dist": 0.2573478276801726}
{"t": 1784543605.795679, "x": 4.786178850907478, "y": -1.2429753018337615, "zone": null, "min_dist": 0.2861788509074783}
{"t": 1784543605.9482288, "x": 4.816645597739622, "y": -1.2320348932501155, "zone": null, "min_dist": 0.31664559773962164}
{"t": 1784543606.108414, "x": 4.851111718269459, "y": -1.2249932704427047, "zone": null, "min_dist": 0.3511117182694594}
{"t": 1784543606.268847, "x": 4.885123268800835, "y": -1.2230996525075828, "zone": null, "min_dist": 0.38512326880083503}
{"t": 1784543606.4209015, "x": 4.916109840004995, "y": -1.2258855797418753, "zone": null, "min_dist": 0.41610984000499496}
{"t": 1784543606.581327, "x": 4.949914059029726, "y": -1.2336483063214572, "zone": null, "min_dist": 0.4499140590297257}
{"t": 1784543606.7335486, "x": 4.980142705225977, "y": -1.245008595030577, "zone": null, "min_dist": 0.480142705225977}
{"t": 1784543606.8858101, "x": 5.010143416566282, "y": -1.2597800497512628, "zone": null, "min_dist": 0.5101434165662821}
{"t": 1784543607.0377614, "x": 5.038056667727745, "y": -1.2758246679011809, "zone": null, "min_dist": 0.5380566677277452}
{"t": 1784543607.1902893, "x": 5.066063060678726, "y": -1.2931887548796412, "zone": null, "min_dist": 0.5660630606787258}
{"t": 1784543607.3424592, "x": 5.093690777937401, "y": -1.3111489893313886, "zone": null, "min_dist": 0.5936907779374012}
{"t": 1784543607.5025969, "x": 5.12277987797754, "y": -1.3309836055015773, "zone": null, "min_dist": 0.62277987797754}
{"t": 1784543607.6551032, "x": 5.1489385930794445, "y": -1.349664420745022, "zone": null, "min_dist": 0.6489385930794445}
{"t": 1784543607.807065, "x": 5.174395105308793, "y": -1.3686997560794814, "zone": null, "min_dist": 0.6743951053087933}
{"t": 1784543607.9592164, "x": 5.200378002115373, "y": -1.3889916108647529, "zone": null, "min_dist": 0.7003780021153734}
{"t": 1784543608.1116233, "x": 5.225290976924721, "y": -1.4093245372457346, "zone": null, "min_dist": 0.7252909769247209}
{"t": 1784543608.2641096, "x": 5.2498040801698655, "y": -1.4302260684927035, "zone": null, "min_dist": 0.7498040801698655}
{"t": 1784543608.4154735, "x": 5.274027859461049, "y": -1.451780792421913, "zone": null, "min_dist": 0.7740278594610492}
{"t": 1784543608.5680118, "x": 5.296696726066749, "y": -1.4728520394900688, "zone": null, "min_dist": 0.7966967260667488}
{"t": 1784543608.7201452, "x": 5.319910228081655, "y": -1.4953583158122477, "zone": null, "min_dist": 0.819910228081655}
{"t": 1784543608.8803208, "x": 5.341021248643124, "y": -1.516740535444675, "zone": null, "min_dist": 0.8410212486431243}
{"t": 1784543609.0327957, "x": 5.358087376437207, "y": -1.5348014971272719, "zone": null, "min_dist": 0.858087376437207}
{"t": 1784543609.1849673, "x": 5.371701974054959, "y": -1.549844845366654, "zone": null, "min_dist": 0.8717019740549592}
{"t": 1784543609.3374362, "x": 5.387111048190819, "y": -1.5671186666046755, "zone": null, "min_dist": 0.8871110481908193}
{"t": 1784543609.4974551, "x": 5.39742478636993, "y": -1.578608266309244, "zone": null, "min_dist": 0.8974247863699301}
{"t": 1784543609.6495886, "x": 5.399608948886788, "y": -1.5809306683772233, "zone": null, "min_dist": 0.8996089488867884}
{"t": 1784543609.8101652, "x": 5.399603189468916, "y": -1.5809256089453658, "zone": null, "min_dist": 0.899603189468916}
{"t": 1784543609.9623702, "x": 5.399597095161567, "y": -1.5809214691825415, "zone": null, "min_dist": 0.8995970951615666}
{"t": 1784543610.1231062, "x": 5.39959012736321, "y": -1.5809180676971064, "zone": null, "min_dist": 0.8995901273632096}
{"t": 1784543610.2834368, "x": 5.3995827544244275, "y": -1.5809157283202502, "zone": null, "min_dist": 0.8995827544244275}
{"t": 1784543610.4440186, "x": 5.399575184531458, "y": -1.5809144706456841, "zone": null, "min_dist": 0.8995751845314581}
{"t": 1784543610.604145, "x": 5.399567676491638, "y": -1.5809141180047295, "zone": null, "min_dist": 0.899567676491638}
{"t": 1784543610.7643266, "x": 5.399560175575759, "y": -1.580914591125353, "zone": null, "min_dist": 0.8995601755757594}
{"t": 1784543610.9165485, "x": 5.3995531385453335, "y": -1.5809158002994668, "zone": null, "min_dist": 0.8995531385453335}
{"t": 1784543611.0686154, "x": 5.399546302343165, "y": -1.580917673300762, "zone": null, "min_dist": 0.8995463023431647}
{"t": 1784543611.2288818, "x": 5.399539376590903, "y": -1.5809201140344926, "zone": null, "min_dist": 0.8995393765909032}
{"t": 1784543611.3813813, "x": 5.399532960305587, "y": -1.5809228524222703, "zone": null, "min_dist": 0.8995329603055868}
{"t": 1784543611.5334563, "x": 5.399526728864398, "y": -1.580925988731706, "zone": null, "min_dist": 0.899526728864398}
{"t": 1784543611.6940067, "x": 5.399520396179264, "y": -1.5809297063659846, "zone": null, "min_dist": 0.8995203961792644}
{"t": 1784543611.8461957, "x": 5.399514620409004, "y": -1.5809336189521166, "zone": null, "min_dist": 0.8995146204090041}
{"t": 1784543611.998371, "x": 5.399509102025331, "y": -1.5809378868721669, "zone": null, "min_dist": 0.8995091020253314}
{"t": 1784543612.1506565, "x": 5.399503855110003, "y": -1.5809424906532716, "zone": null, "min_dist": 0.8995038551100034}
{"t": 1784543612.3031094, "x": 5.399498848211675, "y": -1.5809472613311286, "zone": null, "min_dist": 0.8994988482116746}
{"t": 1784543612.4630327, "x": 5.399493709344002, "y": -1.5809523845420415, "zone": null, "min_dist": 0.8994937093440019}
{"t": 1784543612.623316, "x": 5.399488687058909, "y": -1.580957622099133, "zone": null, "min_dist": 0.8994886870589092}
{"t": 1784543612.7758532, "x": 5.3994840262202635, "y": -1.580962701244534, "zone": null, "min_dist": 0.8994840262202635}
{"t": 1784543612.9281375, "x": 5.399479475027651, "y": -1.5809678788677906, "zone": null, "min_dist": 0.8994794750276514}
{"t": 1784543613.0801249, "x": 5.399475035563075, "y": -1.5809731526001949, "zone": null, "min_dist": 0.899475035563075}
{"t": 1784543613.2323334, "x": 5.399470709849583, "y": -1.5809785200382536, "zone": null, "min_dist": 0.8994707098495827}
{"t": 1784543613.3843095, "x": 5.39946649985928, "y": -1.5809839787357327, "zone": null, "min_dist": 0.8994664998592796}
{"t": 1784543613.536672, "x": 5.399462407529736, "y": -1.5809895261811047, "zone": null, "min_dist": 0.8994624075297359}
{"t": 1784543613.6889896, "x": 5.399458434738351, "y": -1.5809951598287237, "zone": null, "min_dist": 0.8994584347383512}
{"t": 1784543613.8413684, "x": 5.399455245878233, "y": -1.5809998723564989, "zone": null, "min_dist": 0.899455245878233}
