{"t": 1784540965.0004928, "x": -4.2697724308215724e-12, "y": -2.539027293464796e-13, "zone": null, "min_dist": 1.8027756377354065}
{"t": 1784540965.1603227, "x": -4.2697724308215724e-12, "y": -2.539027293464796e-13, "zone": null, "min_dist": 1.8027756377354065}
{"t": 1784540965.312638, "x": -4.2697724308215724e-12, "y": -2.539027293464796e-13, "zone": null, "min_dist": 1.8027756377354065}
{"t": 1784540965.4726164, "x": -4.2697724308215724e-12, "y": -2.539027293464796e-13, "zone": null, "min_dist": 1.8027756377354065}
{"t": 1784540965.6252124, "x": -4.2697724308215724e-12, "y": -2.539027293464796e-13, "zone": null, "min_dist": 1.8027756377354065}
{"t": 1784540965.7864015, "x": -4.2697724308215724e-12, "y": -2.539027293464796e-13, "zone": null, "min_dist": 1.8027756377354065}
{"t": 1784540965.946072, "x": -4.2697724308215724e-12, "y": -2.539027293464796e-13, "zone": null, "min_dist": 1.8027756377354065}
{"t": 1784540966.0980897, "x": -4.2697724308215724e-12, "y": -2.539027293464796e-13, "zone": null, "min_dist": 1.8027756377354065}
{"t": 1784540966.2502613, "x": -4.2697724308215724e-12, "y": -2.539027293464796e-13, "zone": null, "min_dist": 1.8027756377354065}
{"t": 1784540966.4025326, "x": -4.2697724308215724e-12, "y": -2.539027293464796e-13, "zone": null, "min_dist": 1.8027756377354065}
{"t": 1784540966.554421, "x": -4.2697724308215724e-12, "y": -2.539027293464796e-13, "zone": null, "min_dist": 1.8027756377354065}
{"t": 1784540966.7063434, "x": -4.2697724308215724e-12, "y": -2.539027293464796e-13, "zone": null, "min_dist": 1.8027756377354065}
{"t": 1784540966.858343, "x": -4.2697724308215724e-12, "y": -2.539027293464796e-13, "zone": null, "min_dist": 1.8027756377354065}
{"t": 1784540967.010593, "x": -4.2697724308215724e-12, "y": -2.539027293464796e-13, "zone": null, "min_dist": 1.8027756377354065}
{"t": 1784540967.1628125, "x": -4.2697724308215724e-12, "y": -2.539027293464796e-13, "zone": null, "min_dist": 1.8027756377354065}
{"t": 1784540967.3150566, "x": -4.2697724308215724e-12, "y": -2.539027293464796e-13, "zone": null, "min_dist": 1.8027756377354065}
{"t": 1784540967.4753087, "x": -4.2697724308215724e-12, "y": -2.539027293464796e-13, "zone": null, "min_dist": 1.8027756377354065}
{"t": 1784540967.6273434, "x": -4.2697724308215724e-12, "y": -2.539027293464796e-13, "zone": null, "min_dist": 1.8027756377354065}
{"t": 1784540967.7796805, "x": -4.2697724308215724e-12, "y": -2.539027293464796e-13, "zone": null, "min_dist": 1.8027756377354065}
{"t": 1784540967.9323459, "x": -4.2697724308215724e-12, "y": -2.539027293464796e-13, "zone": null, "min_dist": 1.8027756377354065}
{"t": 1784540968.0843742, "x": 0.00019187435939840234, "y": -1.6226579912423512e-08, "zone": null, "min_dist": 1.8026159827551778}
{"t": 1784540968.2367852, "x": 0.014784645871188157, "y": -5.953675045515388e-05, "zone": null, "min_dist": 1.7904595997072055}
{"t": 1784540968.3884804, "x": 0.04506296165914145, "y": -0.00019558022274586875, "zone": null, "min_dist": 1.7653471792659372}
{"t": 1784540968.5413568, "x": 0.07739437834646863, "y": -0.0003408480970018513, "zone": null, "min_dist": 1.738713655189851}
{"t": 1784540968.6933117, "x": 0.10987905764426698, "y": -0.000486804559690563, "zone": null, "min_dist": 1.7121515301617698}
{"t": 1784540968.8457677, "x": 0.14173735236612867, "y": -0.0006299466706091428, "zone": null, "min_dist": 1.686303034288014}
{"t": 1784540968.9978454, "x": 0.17434661729124262, "y": -0.0007764628879006812, "zone": null, "min_dist": 1.6600616157859882}
{"t": 1784540969.1500065, "x": 0.20602629768376118, "y": -0.0009188025188862492, "zone": null, "min_dist": 1.63478780930318}
{"t": 1784540969.3024752, "x": 0.2382551149390555, "y": -0.0010636093537906087, "zone": null, "min_dist": 1.6093085681542656}
{"t": 1784540969.454409, "x": 0.27077179425827846, "y": -0.001209709575624022, "zone": null, "min_dist": 1.5838510113129396}
{"t": 1784540969.606649, "x": 0.30152184496034773, "y": -0.0013478724267477892, "zone": null, "min_dist": 1.5600179357987625}
{"t": 1784540969.7592883, "x": 0.33366800165268434, "y": -0.0014923079198402235, "zone": null, "min_dist": 1.5353657354233519}
{"t": 1784540969.9114563, "x": 0.3663345741102169, "y": -0.0016390816026060609, "zone": null, "min_dist": 1.5106031316137112}
{"t": 1784540970.0634265, "x": 0.3987232998205349, "y": -0.001784606927520762, "zone": null, "min_dist": 1.4863526974863723}
{"t": 1784540970.2157023, "x": 0.4311407018445298, "y": -0.0019302610776730416, "zone": null, "min_dist": 1.4623964589008982}
{"t": 1784540970.3680055, "x": 0.4631942280392316, "y": -0.0020742803816088578, "zone": null, "min_dist": 1.4390350762393003}
{"t": 1784540970.5281851, "x": 0.4973901523364693, "y": -0.002227925564208169, "zone": null, "min_dist": 1.414487758574033}
{"t": 1784540970.6803854, "x": 0.5306445255064797, "y": -0.0023773401872136846, "zone": null, "min_dist": 1.3910071916789275}
{"t": 1784540970.8412488, "x": 0.5653203549223947, "y": -0.0025331415816261795, "zone": null, "min_dist": 1.366955073352968}
{"t": 1784540971.0017552, "x": 0.5981975870942847, "y": -0.0026808619606838563, "zone": null, "min_dist": 1.3445791367643836}
{"t": 1784540971.161774, "x": 0.6308708965815967, "y": -0.002827666176408117, "zone": null, "min_dist": 1.3227766484754961}
{"t": 1784540971.3217354, "x": 0.6649336654470298, "y": -0.0029807131408385434, "zone": null, "min_dist": 1.3005319071337251}
{"t": 1784540971.4744136, "x": 0.6967346216011336, "y": -0.0031235976564499865, "zone": null, "min_dist": 1.2802335059213588}
{"t": 1784540971.6265116, "x": 0.7299250248192427, "y": -0.0032727248576938507, "zone": null, "min_dist": 1.2595557662970904}
{"t": 1784540971.7867613, "x": 0.7634893021841063, "y": -0.0034235321197659293, "zone": null, "min_dist": 1.2391983958712576}
{"t": 1784540971.9469059, "x": 0.7978451659112784, "y": -0.0035778959193509775, "zone": null, "min_dist": 1.2189661277224515}
{"t": 1784540972.099408, "x": 0.8310036129119297, "y": -0.0037268795287099016, "zone": null, "min_dist": 1.2000484559010494}
{"t": 1784540972.2514796, "x": 0.8626478802706592, "y": -0.003869060064451333, "zone": null, "min_dist": 1.1825796269259687}
{"t": 1784540972.4115186, "x": 0.8952472203982197, "y": -0.004015531892299755, "zone": null, "min_dist": 1.1652085586485614}
{"t": 1784540972.563737, "x": 0.9271794394885482, "y": -0.004159006184879701, "zone": null, "min_dist": 1.1488353578765498}
{"t": 1784540972.716399, "x": 0.9600279498627691, "y": -0.004306597288265359, "zone": null, "min_dist": 1.1326849372765035}
{"t": 1784540972.8684754, "x": 0.9927518750507879, "y": -0.004453628625055689, "zone": null, "min_dist": 1.1173241417880087}
{"t": 1784540973.0286772, "x": 1.027673598277296, "y": -0.00461053480192165, "zone": null, "min_dist": 1.1017678599376701}
{"t": 1784540973.1808982, "x": 1.058462352831114, "y": -0.004748871557683368, "zone": null, "min_dist": 1.0887976407639486}
{"t": 1784540973.3332994, "x": 1.0908662532663789, "y": -0.004894465056324479, "zone": null, "min_dist": 1.0759300387998418}
{"t": 1784540973.4855042, "x": 1.1235008571855158, "y": -0.005041095098865508, "zone": null, "min_dist": 1.0638114621407808}
{"t": 1784540973.6375277, "x": 1.1548353229356412, "y": -0.005181883693741988, "zone": null, "min_dist": 1.0529965521425388}
{"t": 1784540973.7894144, "x": 1.1859272336155549, "y": -0.0053215825120981755, "zone": null, "min_dist": 1.0430852586440933}
{"t": 1784540973.942016, "x": 1.2177668221499447, "y": -0.005464640625846816, "zone": null, "min_dist": 1.033806629754722}
{"t": 1784540974.0942008, "x": 1.2504940706120424, "y": -0.005611686908858174, "zone": null, "min_dist": 1.0252128198632688}
{"t": 1784540974.2544482, "x": 1.2851026083004926, "y": -0.005767185942056295, "zone": null, "min_dist": 1.0171921045254084}
{"t": 1784540974.40667, "x": 1.3181110721948632, "y": -0.005915495719181295, "zone": null, "min_dist": 1.0105877417173352}
{"t": 1784540974.558844, "x": 1.3490430608351764, "y": -0.006054475989317234, "zone": null, "min_dist": 1.0053435741988324}
{"t": 1784540974.711199, "x": 1.38143174137174, "y": -0.006200001124612642, "zone": null, "min_dist": 1.0008480752436195}
{"t": 1784540974.863321, "x": 1.413977051989262, "y": -0.0063462299889952755, "zone": null, "min_dist": 0.9973704237852358}
{"t": 1784540975.016012, "x": 1.4453721937019686, "y": -0.006487291178994171, "zone": null, "min_dist": 0.9950134168993844}
{"t": 1784540975.1763206, "x": 1.4782307644673118, "y": -0.006634927762899691, "zone": null, "min_dist": 0.9936035760585291}
{"t": 1784540975.3284638, "x": 1.5105908137010646, "y": -0.006780324260688886, "zone": null, "min_dist": 0.9932196757393111}
{"t": 1784540975.4807756, "x": 1.5428869226955602, "y": -0.006925433460966518, "zone": null, "min_dist": 0.9930745665390335}
{"t": 1784540975.6331668, "x": 1.5756748332478523, "y": -0.007072752282747126, "zone": null, "min_dist": 0.9929272477172528}
{"t": 1784540975.7854106, "x": 1.6062462973354208, "y": -0.007210112774314386, "zone": null, "min_dist": 0.9927898872256856}
{"t": 1784540975.9458456, "x": 1.6414485926340812, "y": -0.007404257364106793, "zone": null, "min_dist": 0.9925957426358932}
{"t": 1784540976.097755, "x": 1.674607446489893, "y": -0.008107027720653835, "zone": null, "min_dist": 0.9918929722793461}
{"t": 1784540976.2504828, "x": 1.705781627812574, "y": -0.009435708695371428, "zone": null, "min_dist": 0.9905642913046285}
{"t": 1784540976.402338, "x": 1.7385741726090398, "y": -0.011536171140590452, "zone": null, "min_dist": 0.9884638288594095}
{"t": 1784540976.5546877, "x": 1.7708885296773644, "y": -0.013978511232659325, "zone": null, "min_dist": 0.9860214887673406}
{"t": 1784540976.7064242, "x": 1.8030255385649645, "y": -0.016412540286425865, "zone": null, "min_dist": 0.9835874597135741}
{"t": 1784540976.8586001, "x": 1.8354430521487082, "y": -0.018867814360326987, "zone": null, "min_dist": 0.981132185639673}
{"t": 1784540977.0193915, "x": 1.8699564126839647, "y": -0.02148182595052516, "zone": null, "min_dist": 0.9785181740494748}
{"t": 1784540977.1713183, "x": 1.900529944821112, "y": -0.023797438705163796, "zone": null, "min_dist": 0.9762025612948362}
{"t": 1784540977.3235292, "x": 1.9329188341683177, "y": -0.026250544761764256, "zone": null, "min_dist": 0.9737494552382358}
{"t": 1784540977.484026, "x": 1.9673397982188323, "y": -0.028857558315733334, "zone": null, "min_dist": 0.9711424416842667}
{"t": 1784540977.636316, "x": 1.9982827967921604, "y": -0.03120115406888264, "zone": null, "min_dist": 0.9687988459311173}
{"t": 1784540977.7886965, "x": 2.029566640783213, "y": -0.03357056512750572, "zone": null, "min_dist": 0.9664294348724943}
{"t": 1784540977.9649408, "x": 2.0672215669141143, "y": -0.036503483584277074, "zone": null, "min_dist": 0.963496516415723}
{"t": 1784540978.1172504, "x": 2.0996378972929435, "y": -0.03961426387658948, "zone": null, "min_dist": 0.9603857361234105}
{"t": 1784540978.2691638, "x": 2.1316685392479413, "y": -0.04339511464136292, "zone": null, "min_dist": 0.9566048853586371}
{"t": 1784540978.42151, "x": 2.163848538932647, "y": -0.047890915697685076, "zone": null, "min_dist": 0.9521090843023149}
{"t": 1784540978.5813062, "x": 2.1981144287266186, "y": -0.053442277051666064, "zone": null, "min_dist": 0.946557722948334}
{"t": 1784540978.7337341, "x": 2.23100555029755, "y": -0.059517531833376595, "zone": null, "min_dist": 0.9404824681666234}
{"t": 1784540978.8861802, "x": 2.262823865125513, "y": -0.06610231877863447, "zone": null, "min_dist": 0.9338976812213655}
{"t": 1784540979.0385, "x": 2.2946177481332946, "y": -0.07374976854272697, "zone": null, "min_dist": 0.926250231457273}
{"t": 1784540979.1985824, "x": 2.3268739094184845, "y": -0.08348803656188523, "zone": null, "min_dist": 0.9165119634381148}
{"t": 1784540979.3508725, "x": 2.3582709629486707, "y": -0.09417534841007347, "zone": null, "min_dist": 0.9058246515899265}
{"t": 1784540979.503201, "x": 2.3880879327128777, "y": -0.10586115210866485, "zone": null, "min_dist": 0.8941388478913351}
{"t": 1784540979.655585, "x": 2.417787867409399, "y": -0.11967713192423898, "zone": null, "min_dist": 0.880322868075761}
{"t": 1784540979.8073888, "x": 2.4464253243796525, "y": -0.13487993357359343, "zone": null, "min_dist": 0.8651200664264066}
{"t": 1784540979.9599757, "x": 2.474927306522527, "y": -0.15086799830966874, "zone": null, "min_dist": 0.8491320016903312}
{"t": 1784540980.1201434, "x": 2.5031519207736292, "y": -0.16720500607405023, "zone": null, "min_dist": 0.8327949939259498}
{"t": 1784540980.2800648, "x": 2.5324105147058416, "y": -0.18460918782444227, "zone": null, "min_dist": 0.8153908121755578}
{"t": 1784540980.4325793, "x": 2.560584047419365, "y": -0.20257298493878528, "zone": null, "min_dist": 0.7974270150612147}
{"t": 1784540980.5927236, "x": 2.5891415460581078, "y": -0.22315755088854825, "zone": null, "min_dist": 0.7768424491114517}
{"t": 1784540980.7445753, "x": 2.614456394478161, "y": -0.2432030015030237, "zone": null, "min_dist": 0.7567969984969762}
{"t": 1784540980.9048944, "x": 2.6403281481254086, "y": -0.26478248066223725, "zone": null, "min_dist": 0.7352175193377628}
{"t": 1784540981.0573936, "x": 2.6659483690078476, "y": -0.2862728941050752, "zone": null, "min_dist": 0.7137271058949248}
{"t": 1784540981.2095866, "x": 2.6915685901260127, "y": -0.3077633074056546, "zone": null, "min_dist": 0.6922366925943454}
{"t": 1784540981.362314, "x": 2.7163823833932725, "y": -0.32858620846881964, "zone": null, "min_dist": 0.6714137915311804}
{"t": 1784540981.5143654, "x": 2.7413608296005294, "y": -0.35002958534756656, "zone": null, "min_dist": 0.6499704146524334}
{"t": 1784540981.674835, "x": 2.766264364305029, "y": -0.3723574467695213, "zone": null, "min_dist": 0.6276425532304787}
{"t": 1784540981.8265855, "x": 2.7909970823848296, "y": -0.3948090001549699, "zone": null, "min_dist": 0.6051909998450301}
{"t": 1784540981.9788651, "x": 2.81546565998436, "y": -0.4162057385028719, "zone": null, "min_dist": 0.5837942614971281}
{"t": 1784540982.131364, "x": 2.840996048686337, "y": -0.43759117085214094, "zone": null, "min_dist": 0.5624088291478591}
{"t": 1784540982.28336, "x": 2.8662800119404235, "y": -0.45797022716663904, "zone": null, "min_dist": 0.542029772833361}
{"t": 1784540982.4433708, "x": 2.893765167306611, "y": -0.47995793896115196, "zone": null, "min_dist": 0.5200420610388481}
{"t": 1784540982.5953975, "x": 2.9194957446205003, "y": -0.5003835338745342, "zone": null, "min_dist": 0.49961646612546584}
{"t": 1784540982.7475321, "x": 2.94568725979893, "y": -0.5211738711979248, "zone": null, "min_dist": 0.4788261288020752}
{"t": 1784540982.9000857, "x": 2.9719727762291486, "y": -0.5418353408004568, "zone": null, "min_dist": 0.4581646591995432}
{"t": 1784540983.0525775, "x": 2.9982318868389655, "y": -0.5616915124922104, "zone": null, "min_dist": 0.4383084875077896}
{"t": 1784540983.2125366, "x": 3.0266353037960476, "y": -0.5824729559417688, "zone": null, "min_dist": 0.41752704405823116}
{"t": 1784540983.3646276, "x": 3.0537204584016955, "y": -0.6020827840143869, "zone": null, "min_dist": 0.39791721598561314}
{"t": 1784540983.5168476, "x": 3.0805124585186667, "y": -0.621057322032553, "zone": null, "min_dist": 0.37894267796744696}
{"t": 1784540983.6772006, "x": 3.1083355655237774, "y": -0.6405858262578544, "zone": null, "min_dist": 0.35941417374214557}
{"t": 1784540983.829587, "x": 3.134869368780354, "y": -0.6590983273540304, "zone": null, "min_dist": 0.3409016726459696}
{"t": 1784540983.9819872, "x": 3.1626091518528576, "y": -0.6777002493264644, "zone": null, "min_dist": 0.32229975067353556}
{"t": 1784540984.1340342, "x": 3.1891120821547503, "y": -0.694670441647052, "zone": null, "min_dist": 0.30532955835294795}
{"t": 1784540984.286378, "x": 3.216983251108231, "y": -0.7116830269474932, "zone": null, "min_dist": 0.2883169730525068}
{"t": 1784540984.438671, "x": 3.245378091889126, "y": -0.7281853302048878, "zone": null, "min_dist": 0.27181466979511215}
{"t": 1784540984.5990424, "x": 3.275348788948149, "y": -0.7447301401147762, "zone": null, "min_dist": 0.25526985988522377}
{"t": 1784540984.751069, "x": 3.304712065672781, "y": -0.7601170653746315, "zone": null, "min_dist": 0.23988293462536847}
{"t": 1784540984.9033005, "x": 3.3339614610962784, "y": -0.7746477314432658, "zone": null, "min_dist": 0.22535226855673418}
{"t": 1784540985.0554776, "x": 3.363811813431652, "y": -0.7888645241105783, "zone": null, "min_dist": 0.21113547588942172}
{"t": 1784540985.207813, "x": 3.3933298694553544, "y": -0.8028656299713076, "zone": null, "min_dist": 0.19713437002869239}
{"t": 1784540985.3601577, "x": 3.4235445487880534, "y": -0.8171922341780248, "zone": null, "min_dist": 0.18280776582197522}
{"t": 1784540985.5202625, "x": 3.455487828811983, "y": -0.8319665546679027, "zone": null, "min_dist": 0.1680334453320973}
{"t": 1784540985.6723282, "x": 3.4843787341299834, "y": -0.845188344428302, "zone": null, "min_dist": 0.15481165557169796}
{"t": 1784540985.8246155, "x": 3.5142773777124106, "y": -0.8588713208382012, "zone": null, "min_dist": 0.14112867916179883}
{"t": 1784540985.9768076, "x": 3.5437348803593007, "y": -0.8723524112875353, "zone": null, "min_dist": 0.12764758871246473}
{"t": 1784540986.136955, "x": 3.574702438930981, "y": -0.8865245718859027, "zone": null, "min_dist": 0.11347542811409728}
{"t": 1784540986.2893558, "x": 3.605080387016389, "y": -0.9004268997795695, "zone": null, "min_dist": 0.09957310022043053}
{"t": 1784540986.4416916, "x": 3.6350371850699794, "y": -0.9141364903861554, "zone": null, "min_dist": 0.08586350961384459}
{"t": 1784540986.5932946, "x": 3.664767368644153, "y": -0.9277423719482396, "zone": null, "min_dist": 0.07225762805176039}
{"t": 1784540986.7453709, "x": 3.694895648665028, "y": -0.9415304404718063, "zone": null, "min_dist": 0.05846955952819366}
{"t": 1784540986.8978486, "x": 3.7241232208978996, "y": -0.9549070063375418, "zone": null, "min_dist": 0.045092993662458225}
{"t": 1784540987.0502722, "x": 3.754078280025477, "y": -0.9686203956887327, "zone": null, "min_dist": 0.031379604311267295}
{"t": 1784540987.2026188, "x": 3.782038009873209, "y": -0.9814203260894064, "zone": null, "min_dist": 0.018579673910593564}
{"t": 1784540987.362894, "x": 3.8104109174510534, "y": -0.9944203132647088, "zone": null, "min_dist": 0.005579686735291189}
{"t": 1784540987.5152273, "x": 3.840198621923232, "y": -1.0085107543096015, "zone": "wh_forbidden_zone", "min_dist": 0.0}
{"t": 1784540987.6674955, "x": 3.87012306294589, "y": -1.0234525832909063, "zone": "wh_forbidden_zone", "min_dist": 0.0}
{"t": 1784540987.819884, "x": 3.899281508581912, "y": -1.038803164736104, "zone": "wh_forbidden_zone", "min_dist": 0.0}
{"t": 1784540987.9721644, "x": 3.9281448067103026, "y": -1.0545580757766047, "zone": "wh_forbidden_zone", "min_dist": 0.0}
{"t": 1784540988.1247308, "x": 3.9569360825262283, "y": -1.0703951261855635, "zone": "wh_forbidden_zone", "min_dist": 0.0}
{"t": 1784540988.2764192, "x": 3.985522994925844, "y": -1.086785501885489, "zone": "wh_forbidden_zone", "min_dist": 0.0}
{"t": 1784540988.4282432, "x": 4.014148060990654, "y": -1.1040249636475088, "zone": "wh_forbidden_zone", "min_dist": 0.0}
{"t": 1784540988.580729, "x": 4.041950840161036, "y": -1.1215934704224702, "zone": "wh_forbidden_zone", "min_dist": 0.0}
{"t": 1784540988.733033, "x": 4.068886060049406, "y": -1.1394272071128668, "zone": "wh_forbidden_zone", "min_dist": 0.0}
{"t": 1784540988.88549, "x": 4.0955101550590385, "y": -1.1578851532652774, "zone": "wh_forbidden_zone", "min_dist": 0.0}
{"t": 1784540989.037574, "x": 4.122181300443634, "y": -1.177237262604663, "zone": "wh_forbidden_zone", "min_dist": 0.0}
{"t": 1784540989.1893492, "x": 4.146243806791623, "y": -1.1954850998571533, "zone": "wh_forbidden_zone", "min_dist": 0.0}
{"t": 1784540989.3419256, "x": 4.171057970323072, "y": -1.2151723831816759, "zone": "wh_forbidden_zone", "min_dist": 0.0}
{"t": 1784540989.4938726, "x": 4.194246580364433, "y": -1.2343736082799879, "zone": "wh_forbidden_zone", "min_dist": 0.0}
{"t": 1784540989.6465428, "x": 4.215399812395859, "y": -1.252673201436221, "zone": "wh_forbidden_zone", "min_dist": 0.0}
{"t": 1784540989.798993, "x": 4.237470553288392, "y": -1.272598320945598, "zone": "wh_forbidden_zone", "min_dist": 0.0}
{"t": 1784540989.9509592, "x": 4.257816844797301, "y": -1.291784101124288, "zone": "wh_forbidden_zone", "min_dist": 0.0}
{"t": 1784540990.1034925, "x": 4.277001769380121, "y": -1.31111610170873, "zone": "wh_forbidden_zone", "min_dist": 0.0}
{"t": 1784540990.2559025, "x": 4.295789718884917, "y": -1.3324733008457268, "zone": "wh_forbidden_zone", "min_dist": 0.0}
{"t": 1784540990.4078395, "x": 4.312911277448541, "y": -1.3546055061758269, "zone": "wh_forbidden_zone", "min_dist": 0.0}
{"t": 1784540990.5598097, "x": 4.329190896170963, "y": -1.3785981961762677, "zone": "wh_forbidden_zone", "min_dist": 0.0}
{"t": 1784540990.7123168, "x": 4.34315461965158, "y": -1.402311061467299, "zone": "wh_forbidden_zone", "min_dist": 0.0}
{"t": 1784540990.864355, "x": 4.35810909118461, "y": -1.4317810995748994, "zone": "wh_forbidden_zone", "min_dist": 0.0}
{"t": 1784540991.0166876, "x": 4.370050438550016, "y": -1.459388894170552, "zone": "wh_forbidden_zone", "min_dist": 0.0}
{"t": 1784540991.1687114, "x": 4.378471980343208, "y": -1.4818226763003524, "zone": "wh_forbidden_zone", "min_dist": 0.0}
{"t": 1784540991.3212225, "x": 4.385820937424149, "y": -1.503016143368119, "zone": "wh_forbidden_zone", "min_dist": 0.0}
{"t": 1784540991.4735532, "x": 4.3930551834154725, "y": -1.5253762335787562, "zone": "wh_forbidden_zone", "min_dist": 0.0}
{"t": 1784540991.625685, "x": 4.3994454253803745, "y": -1.5467145245675469, "zone": "wh_forbidden_zone", "min_dist": 0.0}
{"t": 1784540991.778124, "x": 4.405865180531523, "y": -1.569902344636772, "zone": "wh_forbidden_zone", "min_dist": 0.0}
{"t": 1784540991.930294, "x": 4.412190819714555, "y": -1.5948103245037686, "zone": "wh_forbidden_zone", "min_dist": 0.0}
{"t": 1784540992.0905275, "x": 4.4165881740617134, "y": -1.6143941736349938, "zone": "wh_forbidden_zone", "min_dist": 0.0}
{"t": 1784540992.2502258, "x": 4.418851713285895, "y": -1.6276772988771453, "zone": "wh_forbidden_zone", "min_dist": 0.0}
{"t": 1784540992.4024808, "x": 4.419733823594464, "y": -1.6397805011183602, "zone": "wh_forbidden_zone", "min_dist": 0.0}
{"t": 1784540992.5629053, "x": 4.4196100406631755, "y": -1.652282657505442, "zone": "wh_forbidden_zone", "min_dist": 0.0}
{"t": 1784540992.7159367, "x": 4.419525702240989, "y": -1.648705411853983, "zone": "wh_forbidden_zone", "min_dist": 0.0}
{"t": 1784540992.8760726, "x": 4.419148707075586, "y": -1.6528719355753567, "zone": "wh_forbidden_zone", "min_dist": 0.0}
{"t": 1784540993.0274172, "x": 4.419168164319979, "y": -1.650510290070072, "zone": "wh_forbidden_zone", "min_dist": 0.0}
{"t": 1784540993.180042, "x": 4.419208925885715, "y": -1.6480897301671609, "zone": "wh_forbidden_zone", "min_dist": 0.0}
{"t": 1784540993.332006, "x": 4.419257230782369, "y": -1.6457538019038929, "zone": "wh_forbidden_zone", "min_dist": 0.0}
{"t": 1784540993.4842997, "x": 4.419307625205727, "y": -1.6434880275054893, "zone": "wh_forbidden_zone", "min_dist": 0.0}
{"t": 1784540993.6365848, "x": 4.419352860738826, "y": -1.6414107099278437, "zone": "wh_forbidden_zone", "min_dist": 0.0}
{"t": 1784540993.7891471, "x": 4.419016893306282, "y": -1.6454484970226084, "zone": "wh_forbidden_zone", "min_dist": 0.0}
{"t": 1784540993.941659, "x": 4.418744620858533, "y": -1.649956673315567, "zone": "wh_forbidden_zone", "min_dist": 0.0}
{"t": 1784540994.1014557, "x": 4.41852047342249, "y": -1.653019638468811, "zone": "wh_forbidden_zone", "min_dist": 0.0}
{"t": 1784540994.2536356, "x": 4.41873461624376, "y": -1.6523084314763585, "zone": "wh_forbidden_zone", "min_dist": 0.0}
{"t": 1784540994.40593, "x": 4.4189616755772585, "y": -1.6516462953567137, "zone": "wh_forbidden_zone", "min_dist": 0.0}
{"t": 1784540994.558429, "x": 4.4191903482377475, "y": -1.6510212557484678, "zone": "wh_forbidden_zone", "min_dist": 0.0}
{"t": 1784540994.71043, "x": 4.419419605504901, "y": -1.6504263166592603, "zone": "wh_forbidden_zone", "min_dist": 0.0}
{"t": 1784540994.86252, "x": 4.41964831933591, "y": -1.6498562596773125, "zone": "wh_forbidden_zone", "min_dist": 0.0}
{"t": 1784540995.0143628, "x": 4.419875656494285, "y": -1.649306872894384, "zone": "wh_forbidden_zone", "min_dist": 0.0}
{"t": 1784540995.1665406, "x": 4.420071832271214, "y": -1.6480207407924354, "zone": "wh_forbidden_zone", "min_dist": 0.0}
{"t": 1784540995.3188324, "x": 4.420176270838091, "y": -1.6429373099356335, "zone": "wh_forbidden_zone", "min_dist": 0.0}
{"t": 1784540995.47092, "x": 4.420277819238287, "y": -1.6378733347080632, "zone": "wh_forbidden_zone", "min_dist": 0.0}
{"t": 1784540995.6474988, "x": 4.4203914902815455, "y": -1.6320268938195892, "zone": "wh_forbidden_zone", "min_dist": 0.0}
{"t": 1784540995.799664, "x": 4.420485935614908, "y": -1.6269893345646012, "zone": "wh_forbidden_zone", "min_dist": 0.0}
{"t": 1784540995.9520915, "x": 4.420576741527636, "y": -1.6219607186596472, "zone": "wh_forbidden_zone", "min_dist": 0.0}
{"t": 1784540996.1120925, "x": 4.4206682957527486, "y": -1.61667573451342, "zone": "wh_forbidden_zone", "min_dist": 0.0}
{"t": 1784540996.2643588, "x": 4.420751172611141, "y": -1.6116625862224412, "zone": "wh_forbidden_zone", "min_dist": 0.0}
{"t": 1784540996.416608, "x": 4.420738551254889, "y": -1.607421692264574, "zone": "wh_forbidden_zone", "min_dist": 0.0}
{"t": 1784540996.5687594, "x": 4.420693061755712, "y": -1.605219423328846, "zone": "wh_forbidden_zone", "min_dist": 0.0}
{"t": 1784540996.7216058, "x": 4.421035286024401, "y": -1.609920217752533, "zone": "wh_forbidden_zone", "min_dist": 0.0}
{"t": 1784540996.8984253, "x": 4.422294678667167, "y": -1.619609643091806, "zone": "wh_forbidden_zone", "min_dist": 0.0}
{"t": 1784540997.0495262, "x": 4.421299500644095, "y": -1.6142563814107531, "zone": "wh_forbidden_zone", "min_dist": 0.0}
{"t": 1784540997.2018287, "x": 4.420180161019429, "y": -1.6091507161745666, "zone": "wh_forbidden_zone", "min_dist": 0.0}
{"t": 1784540997.3623767, "x": 4.418746943157818, "y": -1.6035822861566, "zone": "wh_forbidden_zone", "min_dist": 0.0}
{"t": 1784540997.51428, "x": 4.416884005602264, "y": -1.5968654915879354, "zone": "wh_forbidden_zone", "min_dist": 0.0}
{"t": 1784540997.666514, "x": 4.414954435499324, "y": -1.590106068024073, "zone": "wh_forbidden_zone", "min_dist": 0.0}
{"t": 1784540997.8191047, "x": 4.413812064207881, "y": -1.5862934906197383, "zone": "wh_forbidden_zone", "min_dist": 0.0}
{"t": 1784540997.9715862, "x": 4.412836720951308, "y": -1.5843743364408065, "zone": "wh_forbidden_zone", "min_dist": 0.0}
{"t": 1784540998.1238842, "x": 4.411685536616295, "y": -1.5823381642355672, "zone": "wh_forbidden_zone", "min_dist": 0.0}
{"t": 1784540998.2757955, "x": 4.412298910474488, "y": -1.5823451139525628, "zone": "wh_forbidden_zone", "min_dist": 0.0}
{"t": 1784540998.428458, "x": 4.415412514982284, "y": -1.5854862875553393, "zone": "wh_forbidden_zone", "min_dist": 0.0}
{"t": 1784540998.5886908, "x": 4.418106237073594, "y": -1.5944296279431938, "zone": "wh_forbidden_zone", "min_dist": 0.0}
{"t": 1784540998.7404544, "x": 4.421476947854777, "y": -1.6054928433565825, "zone": "wh_forbidden_zone", "min_dist": 0.0}
{"t": 1784540998.892916, "x": 4.425222950119161, "y": -1.6246440303529284, "zone": "wh_forbidden_zone", "min_dist": 0.0}
{"t": 1784540999.0451136, "x": 4.42695823158193, "y": -1.6467831787248335, "zone": "wh_forbidden_zone", "min_dist": 0.0}
{"t": 1784540999.197887, "x": 4.432908729920466, "y": -1.6440184379467147, "zone": "wh_forbidden_zone", "min_dist": 0.0}
{"t": 1784540999.3495517, "x": 4.43887086996236, "y": -1.6412472290578441, "zone": "wh_forbidden_zone", "min_dist": 0.0}
{"t": 1784540999.5020633, "x": 4.444864124606709, "y": -1.6384592188434175, "zone": "wh_forbidden_zone", "min_dist": 0.0}
{"t": 1784540999.6542025, "x": 4.450870996536223, "y": -1.6356664596106498, "zone": "wh_forbidden_zone", "min_dist": 0.0}
{"t": 1784540999.8065608, "x": 4.456886266590857, "y": -1.6328736179018066, "zone": "wh_forbidden_zone", "min_dist": 0.0}
{"t": 1784540999.982797, "x": 4.461752689238508, "y": -1.6290832901212327, "zone": "wh_forbidden_zone", "min_dist": 0.0}
{"t": 1784541000.1352317, "x": 4.4624290030629385, "y": -1.624817721081532, "zone": "wh_forbidden_zone", "min_dist": 0.0}
{"t": 1784541000.2877188, "x": 4.4631896010402325, "y": -1.6205689432038395, "zone": "wh_forbidden_zone", "min_dist": 0.0}
{"t": 1784541000.4400835, "x": 4.464285957874088, "y": -1.6151529628084924, "zone": "wh_forbidden_zone", "min_dist": 0.0}
{"t": 1784541000.5916927, "x": 4.464239911444008, "y": -1.6160331707736255, "zone": "wh_forbidden_zone", "min_dist": 0.0}
{"t": 1784541000.7438715, "x": 4.464784628607319, "y": -1.6135904273466815, "zone": "wh_forbidden_zone", "min_dist": 0.0}
{"t": 1784541000.8962522, "x": 4.465421231128912, "y": -1.6109377939555587, "zone": "wh_forbidden_zone", "min_dist": 0.0}
{"t": 1784541001.0485003, "x": 4.466086302766626, "y": -1.60832849417054, "zone": "wh_forbidden_zone", "min_dist": 0.0}
{"t": 1784541001.200439, "x": 4.4667740394949345, "y": -1.6057549737114858, "zone": "wh_forbidden_zone", "min_dist": 0.0}
{"t": 1784541001.3526409, "x": 4.467479957559174, "y": -1.6032106049532724, "zone": "wh_forbidden_zone", "min_dist": 0.0}
{"t": 1784541001.5049126, "x": 4.4682005164356955, "y": -1.600689766711906, "zone": "wh_forbidden_zone", "min_dist": 0.0}
{"t": 1784541001.6574197, "x": 4.468932913992231, "y": -1.5981877839965681, "zone": "wh_forbidden_zone", "min_dist": 0.0}
{"t": 1784541001.817627, "x": 4.469714224822324, "y": -1.5955702785212917, "zone": "wh_forbidden_zone", "min_dist": 0.0}
{"t": 1784541001.9697497, "x": 4.47061757150114, "y": -1.5918035584949457, "zone": "wh_forbidden_zone", "min_dist": 0.0}
{"t": 1784541002.122168, "x": 4.472097931493812, "y": -1.5858860235557157, "zone": "wh_forbidden_zone", "min_dist": 0.0}
{"t": 1784541002.2745953, "x": 4.473258602963174, "y": -1.581451662245248, "zone": "wh_forbidden_zone", "min_dist": 0.0}
{"t": 1784541002.4265826, "x": 4.473598281923817, "y": -1.580141564970119, "zone": "wh_forbidden_zone", "min_dist": 0.0}
{"t": 1784541002.5787778, "x": 4.473610370369951, "y": -1.5801095866869532, "zone": "wh_forbidden_zone", "min_dist": 0.0}
{"t": 1784541002.738987, "x": 4.47348993820347, "y": -1.5807254120387304, "zone": "wh_forbidden_zone", "min_dist": 0.0}
{"t": 1784541002.891257, "x": 4.473262119180781, "y": -1.5820904417541082, "zone": "wh_forbidden_zone", "min_dist": 0.0}
{"t": 1784541003.043449, "x": 4.472899326980127, "y": -1.5849552902071844, "zone": "wh_forbidden_zone", "min_dist": 0.0}
{"t": 1784541003.2037544, "x": 4.472899157951131, "y": -1.5849576289010758, "zone": "wh_forbidden_zone", "min_dist": 0.0}
{"t": 1784541003.3561332, "x": 4.472899154441161, "y": -1.5849640663459337, "zone": "wh_forbidden_zone", "min_dist": 0.0}
{"t": 1784541003.5084016, "x": 4.47289955149724, "y": -1.5849707718409538, "zone": "wh_forbidden_zone", "min_dist": 0.0}
{"t": 1784541003.660377, "x": 4.472903252804702, "y": -1.5849973194737133, "zone": "wh_forbidden_zone", "min_dist": 0.0}
{"t": 1784541003.81239, "x": 4.472897345379076, "y": -1.5849701353170644, "zone": "wh_forbidden_zone", "min_dist": 0.0}
{"t": 1784541003.9653008, "x": 4.4743866525546485, "y": -1.5914350283465923, "zone": "wh_forbidden_zone", "min_dist": 0.0}
{"t": 1784541004.1251748, "x": 4.478225551160689, "y": -1.609066042719467, "zone": "wh_forbidden_zone", "min_dist": 0.0}
{"t": 1784541004.2777407, "x": 4.481129226373166, "y": -1.62591365384697, "zone": "wh_forbidden_zone", "min_dist": 0.0}
{"t": 1784541004.4381654, "x": 4.480978822333792, "y": -1.6248130838868962, "zone": "wh_forbidden_zone", "min_dist": 0.0}
{"t": 1784541004.5984564, "x": 4.48094552523964, "y": -1.624575146288458, "zone": "wh_forbidden_zone", "min_dist": 0.0}
{"t": 1784541004.7581787, "x": 4.480898254833534, "y": -1.6242393598264144, "zone": "wh_forbidden_zone", "min_dist": 0.0}
{"t": 1784541004.9185143, "x": 4.482245949087728, "y": -1.6358209628227782, "zone": "wh_forbidden_zone", "min_dist": 0.0}
{"t": 1784541005.0787132, "x": 4.4831957643687295, "y": -1.6535270483495976, "zone": "wh_forbidden_zone", "min_dist": 0.0}
{"t": 1784541005.2306569, "x": 4.483097415908273, "y": -1.6533960048387888, "zone": "wh_forbidden_zone", "min_dist": 0.0}
{"t": 1784541005.3826666, "x": 4.483047436910875, "y": -1.6528131817651783, "zone": "wh_forbidden_zone", "min_dist": 0.0}
{"t": 1784541005.542984, "x": 4.483096434020414, "y": -1.6497948874955368, "zone": "wh_forbidden_zone", "min_dist": 0.0}
{"t": 1784541005.6952066, "x": 4.483190909330769, "y": -1.6473010623919904, "zone": "wh_forbidden_zone", "min_dist": 0.0}
{"t": 1784541005.847487, "x": 4.483306583190518, "y": -1.6452121572808132, "zone": "wh_forbidden_zone", "min_dist": 0.0}
{"t": 1784541006.0000215, "x": 4.483296147683197, "y": -1.6449031239527927, "zone": "wh_forbidden_zone", "min_dist": 0.0}
{"t": 1784541006.1519513, "x": 4.483354547602148, "y": -1.644116701797542, "zone": "wh_forbidden_zone", "min_dist": 0.0}
{"t": 1784541006.3044055, "x": 4.4834156088498975, "y": -1.6433403183159296, "zone": "wh_forbidden_zone", "min_dist": 0.0}
{"t": 1784541006.4563944, "x": 4.483478055552401, "y": -1.6425872759926898, "zone": "wh_forbidden_zone", "min_dist": 0.0}
{"t": 1784541006.6091907, "x": 4.483540493100585, "y": -1.6418703770579373, "zone": "wh_forbidden_zone", "min_dist": 0.0}
{"t": 1784541006.7612834, "x": 4.483567009510021, "y": -1.641575461117601, "zone": "wh_forbidden_zone", "min_dist": 0.0}
{"t": 1784541006.9136503, "x": 4.483481174320239, "y": -1.6416404467432064, "zone": "wh_forbidden_zone", "min_dist": 0.0}
{"t": 1784541007.065527, "x": 4.483689750083249, "y": -1.639662856731255, "zone": "wh_forbidden_zone", "min_dist": 0.0}
{"t": 1784541007.217423, "x": 4.483988361202475, "y": -1.6377300189828943, "zone": "wh_forbidden_zone", "min_dist": 0.0}
{"t": 1784541007.3774376, "x": 4.484391131307835, "y": -1.6357362862502518, "zone": "wh_forbidden_zone", "min_dist": 0.0}
{"t": 1784541007.52985, "x": 4.484848105018063, "y": -1.6338766683837733, "zone": "wh_forbidden_zone", "min_dist": 0.0}
{"t": 1784541007.6902642, "x": 4.485398324449637, "y": -1.6319550989370601, "zone": "wh_forbidden_zone", "min_dist": 0.0}
{"t": 1784541007.8426604, "x": 4.4857045628201195, "y": -1.6305844089539074, "zone": "wh_forbidden_zone", "min_dist": 0.0}
{"t": 1784541008.0030415, "x": 4.4852742835662855, "y": -1.6326484424279972, "zone": "wh_forbidden_zone", "min_dist": 0.0}
{"t": 1784541008.163296, "x": 4.484832199343437, "y": -1.6344748161033034, "zone": "wh_forbidden_zone", "min_dist": 0.0}
{"t": 1784541008.3152542, "x": 4.484479407386482, "y": -1.6360475202411344, "zone": "wh_forbidden_zone", "min_dist": 0.0}
{"t": 1784541008.4675503, "x": 4.48403317645433, "y": -1.6382716678071263, "zone": "wh_forbidden_zone", "min_dist": 0.0}
{"t": 1784541008.6195223, "x": 4.483579985736404, "y": -1.6413135032733859, "zone": "wh_forbidden_zone", "min_dist": 0.0}
{"t": 1784541008.7718697, "x": 4.483257516872839, "y": -1.645498303946685, "zone": "wh_forbidden_zone", "min_dist": 0.0}
{"t": 1784541008.9244704, "x": 4.4830674098242955, "y": -1.6495407061925678, "zone": "wh_forbidden_zone", "min_dist": 0.0}
{"t": 1784541009.0846646, "x": 4.482958647728823, "y": -1.653339388370516, "zone": "wh_forbidden_zone", "min_dist": 0.0}
{"t": 1784541009.2369301, "x": 4.483322780587368, "y": -1.6520224742232827, "zone": "wh_forbidden_zone", "min_dist": 0.0}
{"t": 1784541009.3892853, "x": 4.483338960531613, "y": -1.6505654728879102, "zone": "wh_forbidden_zone", "min_dist": 0.0}
{"t": 1784541009.5413282, "x": 4.483326333189986, "y": -1.6488982901108356, "zone": "wh_forbidden_zone", "min_dist": 0.0}
{"t": 1784541009.6934228, "x": 4.483324628212767, "y": -1.647240651980128, "zone": "wh_forbidden_zone", "min_dist": 0.0}
{"t": 1784541009.8455145, "x": 4.483331648503214, "y": -1.6455899537868723, "zone": "wh_forbidden_zone", "min_dist": 0.0}
{"t": 1784541009.9982905, "x": 4.483130352960723, "y": -1.6439036643253637, "zone": "wh_forbidden_zone", "min_dist": 0.0}
{"t": 1784541010.1582744, "x": 4.4828644399148505, "y": -1.6421272279247443, "zone": "wh_forbidden_zone", "min_dist": 0.0}
{"t": 1784541010.3343625, "x": 4.4825780084330455, "y": -1.6401809682801756, "zone": "wh_forbidden_zone", "min_dist": 0.0}
{"t": 1784541010.4951193, "x": 4.48259689856144, "y": -1.646309661425508, "zone": "wh_forbidden_zone", "min_dist": 0.0}
{"t": 1784541010.6553574, "x": 4.482760542432975, "y": -1.6511540225857835, "zone": "wh_forbidden_zone", "min_dist": 0.0}
{"t": 1784541010.8155384, "x": 4.48275666954298, "y": -1.6513734563153237, "zone": "wh_forbidden_zone", "min_dist": 0.0}
{"t": 1784541010.9675746, "x": 4.482766794719504, "y": -1.6508070413617641, "zone": "wh_forbidden_zone", "min_dist": 0.0}
{"t": 1784541011.1279542, "x": 4.4865094620384856, "y": -1.6202967659642273, "zone": "wh_forbidden_zone", "min_dist": 0.0}
{"t": 1784541011.2880805, "x": 4.496995243399107, "y": -1.5839449202947409, "zone": "wh_forbidden_zone", "min_dist": 0.0}
{"t": 1784541011.4403272, "x": 4.502716166366064, "y": -1.5694669999191153, "zone": null, "min_dist": 0.002716166366064421}
{"t": 1784541011.5924368, "x": 4.505397587915704, "y": -1.563062226203111, "zone": null, "min_dist": 0.005397587915703994}
{"t": 1784541011.744825, "x": 4.507859955733051, "y": -1.5568890494344203, "zone": null, "min_dist": 0.00785995573305076}
{"t": 1784541011.8971941, "x": 4.509531099369176, "y": -1.5514280027547158, "zone": null, "min_dist": 0.009531099369175955}
{"t": 1784541012.0573838, "x": 4.500813538198939, "y": -1.576437601356112, "zone": null, "min_dist": 0.0008135381989387014}
{"t": 1784541012.2096622, "x": 4.4962690810729224, "y": -1.5864036399640902, "zone": "wh_forbidden_zone", "min_dist": 0.0}
{"t": 1784541012.361862, "x": 4.496432359965128, "y": -1.5859455840689587, "zone": "wh_forbidden_zone", "min_dist": 0.0}
{"t": 1784541012.514155, "x": 4.496590721132556, "y": -1.585529533754348, "zone": "wh_forbidden_zone", "min_dist": 0.0}
{"t": 1784541012.6745174, "x": 4.496745319721254, "y": -1.5851317775696405, "zone": "wh_forbidden_zone", "min_dist": 0.0}
{"t": 1784541012.8263457, "x": 4.497031210154923, "y": -1.5845339037958948, "zone": "wh_forbidden_zone", "min_dist": 0.0}
{"t": 1784541012.9786394, "x": 4.49700311574273, "y": -1.5845849441530202, "zone": "wh_forbidden_zone", "min_dist": 0.0}
{"t": 1784541013.1305783, "x": 4.498509242722967, "y": -1.5819905101752334, "zone": "wh_forbidden_zone", "min_dist": 0.0}
{"t": 1784541013.2911897, "x": 4.495828706287549, "y": -1.5853380920462576, "zone": "wh_forbidden_zone", "min_dist": 0.0}
{"t": 1784541013.4435303, "x": 4.490547599691521, "y": -1.590551950007644, "zone": "wh_forbidden_zone", "min_dist": 0.0}
{"t": 1784541013.6194916, "x": 4.483570881415799, "y": -1.5956142670417515, "zone": "wh_forbidden_zone", "min_dist": 0.0}
{"t": 1784541013.7716434, "x": 4.476934069797098, "y": -1.5990461821303024, "zone": "wh_forbidden_zone", "min_dist": 0.0}
{"t": 1784541013.9479904, "x": 4.46876526026413, "y": -1.6017978478889556, "zone": "wh_forbidden_zone", "min_dist": 0.0}
{"t": 1784541014.1004267, "x": 4.46130905044946, "y": -1.6031558171800635, "zone": "wh_forbidden_zone", "min_dist": 0.0}
{"t": 1784541014.2524736, "x": 4.453887142344593, "y": -1.6034415525912524, "zone": "wh_forbidden_zone", "min_dist": 0.0}
{"t": 1784541014.4042492, "x": 4.446486321189544, "y": -1.6026903341511505, "zone": "wh_forbidden_zone", "min_dist": 0.0}
{"t": 1784541014.556479, "x": 4.439258541358126, "y": -1.600915261224741, "zone": "wh_forbidden_zone", "min_dist": 0.0}
{"t": 1784541014.708695, "x": 4.432376498849265, "y": -1.5981633552624093, "zone": "wh_forbidden_zone", "min_dist": 0.0}
{"t": 1784541014.8614106, "x": 4.425985362190021, "y": -1.5945067416468266, "zone": "wh_forbidden_zone", "min_dist": 0.0}
{"t": 1784541015.0141578, "x": 4.418737044274685, "y": -1.5888153513580674, "zone": "wh_forbidden_zone", "min_dist": 0.0}
{"t": 1784541015.1658545, "x": 4.408869624291301, "y": -1.5793246174093256, "zone": "wh_forbidden_zone", "min_dist": 0.0}
{"t": 1784541015.318135, "x": 4.402918691237608, "y": -1.571895546457421, "zone": "wh_forbidden_zone", "min_dist": 0.0}
{"t": 1784541015.4702103, "x": 4.39914066277283, "y": -1.5654932670807695, "zone": "wh_forbidden_zone", "min_dist": 0.0}
{"t": 1784541015.6227453, "x": 4.396286793519528, "y": -1.5586122855862565, "zone": "wh_forbidden_zone", "min_dist": 0.0}
{"t": 1784541015.7747374, "x": 4.394361602048537, "y": -1.5512046396103203, "zone": "wh_forbidden_zone", "min_dist": 0.0}
{"t": 1784541015.9272678, "x": 4.393528272164242, "y": -1.5438597930421047, "zone": "wh_forbidden_zone", "min_dist": 0.0}
{"t": 1784541016.0794706, "x": 4.393724438513546, "y": -1.5364931662886174, "zone": "wh_forbidden_zone", "min_dist": 0.0}
{"t": 1784541016.23151, "x": 4.39494143316875, "y": -1.5292232465251168, "zone": "wh_forbidden_zone", "min_dist": 0.0}
{"t": 1784541016.38381, "x": 4.397128678755025, "y": -1.5222841475894302, "zone": "wh_forbidden_zone", "min_dist": 0.0}
{"t": 1784541016.5362806, "x": 4.4002679432314835, "y": -1.5156852271978278, "zone": "wh_forbidden_zone", "min_dist": 0.0}
{"t": 1784541016.7127662, "x": 4.405066589482182, "y": -1.5085845332691237, "zone": "wh_forbidden_zone", "min_dist": 0.0}
{"t": 1784541016.8646185, "x": 4.410085082016978, "y": -1.5031414517500463, "zone": "wh_forbidden_zone", "min_dist": 0.0}
{"t": 1784541017.017504, "x": 4.41581178119912, "y": -1.4984491686360109, "zone": "wh_forbidden_zone", "min_dist": 0.0}
{"t": 1784541017.1692486, "x": 4.422135388148918, "y": -1.4945988816641949, "zone": "wh_forbidden_zone", "min_dist": 0.0}
{"t": 1784541017.3214827, "x": 4.428933005331368, "y": -1.4916654216466403, "zone": "wh_forbidden_zone", "min_dist": 0.0}
{"t": 1784541017.4736373, "x": 4.4360725239009815, "y": -1.4897058001579293, "zone": "wh_forbidden_zone", "min_dist": 0.0}
{"t": 1784541017.6257055, "x": 4.44341519058743, "y": -1.4887581022755703, "zone": "wh_forbidden_zone", "min_dist": 0.0}
{"t": 1784541017.7782044, "x": 4.450818304087969, "y": -1.4888407466241231, "zone": "wh_forbidden_zone", "min_dist": 0.0}
{"t": 1784541017.9302855, "x": 4.458137988612866, "y": -1.4899521275072567, "zone": "wh_forbidden_zone", "min_dist": 0.0}
{"t": 1784541018.0825367, "x": 4.465231989625421, "y": -1.4920706461458408, "zone": "wh_forbidden_zone", "min_dist": 0.0}
{"t": 1784541018.2343566, "x": 4.471962438835086, "y": -1.4951551305142063, "zone": "wh_forbidden_zone", "min_dist": 0.0}
{"t": 1784541018.386751, "x": 4.478198533420049, "y": -1.4991456355064847, "zone": "wh_forbidden_zone", "min_dist": 0.0}
{"t": 1784541018.5467362, "x": 4.484095714970124, "y": -1.5042394798333898, "zone": "wh_forbidden_zone", "min_dist": 0.0}
{"t": 1784541018.699052, "x": 4.488950563371299, "y": -1.5098290662499472, "zone": "wh_forbidden_zone", "min_dist": 0.0}
{"t": 1784541018.8516133, "x": 4.492980901856252, "y": -1.5160394937052775, "zone": "wh_forbidden_zone", "min_dist": 0.0}
{"t": 1784541019.0037484, "x": 4.496108402956888, "y": -1.5227500660623607, "zone": "wh_forbidden_zone", "min_dist": 0.0}
{"t": 1784541019.1560574, "x": 4.498272285352506, "y": -1.5298303671137403, "zone": "wh_forbidden_zone", "min_dist": 0.0}
{"t": 1784541019.3081648, "x": 4.499430495137316, "y": -1.5371427952195094, "zone": "wh_forbidden_zone", "min_dist": 0.0}
{"t": 1784541019.460798, "x": 4.49956052310124, "y": -1.5445452374811182, "zone": "wh_forbidden_zone", "min_dist": 0.0}
{"t": 1784541019.612638, "x": 4.498659842176707, "y": -1.5518938316050832, "zone": "wh_forbidden_zone", "min_dist": 0.0}
{"t": 1784541019.7729373, "x": 4.496617777344687, "y": -1.5594140724031678, "zone": "wh_forbidden_zone", "min_dist": 0.0}
{"t": 1784541019.9255552, "x": 4.493677907478331, "y": -1.5662089403771473, "zone": "wh_forbidden_zone", "min_dist": 0.0}
{"t": 1784541020.0774026, "x": 4.489821653915226, "y": -1.5725289384708507, "zone": "wh_forbidden_zone", "min_dist": 0.0}
{"t": 1784541020.229433, "x": 4.485123960738144, "y": -1.5782512410999208, "zone": "wh_forbidden_zone", "min_dist": 0.0}
{"t": 1784541020.3816502, "x": 4.47967612491881, "y": -1.5832646385749647, "zone": "wh_forbidden_zone", "min_dist": 0.0}
{"t": 1784541020.533458, "x": 4.473584021979133, "y": -1.5874716984136545, "zone": "wh_forbidden_zone", "min_dist": 0.0}
{"t": 1784541020.6854815, "x": 4.466966048450337, "y": -1.5907906587937302, "zone": "wh_forbidden_zone", "min_dist": 0.0}
{"t": 1784541020.8377361, "x": 4.4599508208676095, "y": -1.593157017609206, "zone": "wh_forbidden_zone", "min_dist": 0.0}
{"t": 1784541020.990374, "x": 4.452674676158159, "y": -1.594524786029301, "zone": "wh_forbidden_zone", "min_dist": 0.0}
{"t": 1784541021.1503441, "x": 4.444889187907601, "y": -1.5948567991863654, "zone": "wh_forbidden_zone", "min_dist": 0.0}
{"t": 1784541021.3026354, "x": 4.437523014438064, "y": -1.5941134543235347, "zone": "wh_forbidden_zone", "min_dist": 0.0}
{"t": 1784541021.4551258, "x": 4.430331795341204, "y": -1.5923529312519642, "zone": "wh_forbidden_zone", "min_dist": 0.0}
{"t": 1784541021.6073222, "x": 4.423455287872804, "y": -1.5896094447429368, "zone": "wh_forbidden_zone", "min_dist": 0.0}
{"t": 1784541021.7594433, "x": 4.417027132932693, "y": -1.5859363128496318, "zone": "wh_forbidden_zone", "min_dist": 0.0}
{"t": 1784541021.9124386, "x": 4.4111722580636945, "y": -1.5814049208024163, "zone": "wh_forbidden_zone", "min_dist": 0.0}
{"t": 1784541022.063524, "x": 4.406004449352672, "y": -1.5761033335648436, "zone": "wh_forbidden_zone", "min_dist": 0.0}
{"t": 1784541022.215689, "x": 4.401624140203817, "y": -1.5701345844420038, "zone": "wh_forbidden_zone", "min_dist": 0.0}
{"t": 1784541022.3682745, "x": 4.3981164594406055, "y": -1.5636146726990834, "zone": "wh_forbidden_zone", "min_dist": 0.0}
{"t": 1784541022.520693, "x": 4.395549576773724, "y": -1.5566703089878284, "zone": "wh_forbidden_zone", "min_dist": 0.0}
{"t": 1784541022.6726446, "x": 4.393988331520783, "y": -1.5495312785597068, "zone": "wh_forbidden_zone", "min_dist": 0.0}
{"t": 1784541022.8261325, "x": 4.39343531444011, "y": -1.542244592739713, "zone": "wh_forbidden_zone", "min_dist": 0.0}
{"t": 1784541022.9851258, "x": 4.393942544956863, "y": -1.5346607062657533, "zone": "wh_forbidden_zone", "min_dist": 0.0}
{"t": 1784541023.1376786, "x": 4.3954753676992295, "y": -1.5274502312462983, "zone": "wh_forbidden_zone", "min_dist": 0.0}
{"t": 1784541023.2896013, "x": 4.397963544817061, "y": -1.5206131247450463, "zone": "wh_forbidden_zone", "min_dist": 0.0}
{"t": 1784541023.4420485, "x": 4.401387963499897, "y": -1.514157500905791, "zone": "wh_forbidden_zone", "min_dist": 0.0}
{"t": 1784541023.5942786, "x": 4.4054533509174085, "y": -1.5085522822165953, "zone": "wh_forbidden_zone", "min_dist": 0.0}
{"t": 1784541023.7464566, "x": 4.410306879746994, "y": -1.5034806717698193, "zone": "wh_forbidden_zone", "min_dist": 0.0}
{"t": 1784541023.8985686, "x": 4.415729444365836, "y": -1.4991748101429343, "zone": "wh_forbidden_zone", "min_dist": 0.0}
{"t": 1784541024.0507333, "x": 4.4219988072674505, "y": -1.4954826347477463, "zone": "wh_forbidden_zone", "min_dist": 0.0}
{"t": 1784541024.2032971, "x": 4.428426866273675, "y": -1.4928237928597818, "zone": "wh_forbidden_zone", "min_dist": 0.0}
{"t": 1784541024.3554163, "x": 4.435186581309531, "y": -1.4910523131533953, "zone": "wh_forbidden_zone", "min_dist": 0.0}
{"t": 1784541024.5076835, "x": 4.4422521298256905, "y": -1.4902077223213894, "zone": "wh_forbidden_zone", "min_dist": 0.0}
{"t": 1784541024.6597486, "x": 4.449462797719074, "y": -1.4903459145789117, "zone": "wh_forbidden_zone", "min_dist": 0.0}
{"t": 1784541024.8122182, "x": 4.456552308418737, "y": -1.4914810613455871, "zone": "wh_forbidden_zone", "min_dist": 0.0}
{"t": 1784541024.964567, "x": 4.463327719480468, "y": -1.493549461758341, "zone": "wh_forbidden_zone", "min_dist": 0.0}
{"t": 1784541025.1165264, "x": 4.4698413568557465, "y": -1.496569299729482, "zone": "wh_forbidden_zone", "min_dist": 0.0}
{"t": 1784541025.2690957, "x": 4.475825050868094, "y": -1.5004211034803765, "zone": "wh_forbidden_zone", "min_dist": 0.0}
{"t": 1784541025.4293492, "x": 4.481611508358151, "y": -1.5054472225752076, "zone": "wh_forbidden_zone", "min_dist": 0.0}
{"t": 1784541025.5818245, "x": 4.486285125703468, "y": -1.510855534081172, "zone": "wh_forbidden_zone", "min_dist": 0.0}
{"t": 1784541025.7338943, "x": 4.490190460087116, "y": -1.5168802092954716, "zone": "wh_forbidden_zone", "min_dist": 0.0}
{"t": 1784541025.8856103, "x": 4.49321929230546, "y": -1.5233547273966295, "zone": "wh_forbidden_zone", "min_dist": 0.0}
{"t": 1784541026.0378547, "x": 4.495329424604494, "y": -1.5302173546537745, "zone": "wh_forbidden_zone", "min_dist": 0.0}
{"t": 1784541026.1901965, "x": 4.496421338573965, "y": -1.5369254906014886, "zone": "wh_forbidden_zone", "min_dist": 0.0}
{"t": 1784541026.3424084, "x": 4.496586918454508, "y": -1.544103298018584, "zone": "wh_forbidden_zone", "min_dist": 0.0}
{"t": 1784541026.5025008, "x": 4.4956581053838605, "y": -1.551840310806237, "zone": "wh_forbidden_zone", "min_dist": 0.0}
{"t": 1784541026.6544247, "x": 4.493735702740983, "y": -1.5589899571466073, "zone": "wh_forbidden_zone", "min_dist": 0.0}
{"t": 1784541026.8070002, "x": 4.490837691134345, "y": -1.5658027835582926, "zone": "wh_forbidden_zone", "min_dist": 0.0}
{"t": 1784541026.9591846, "x": 4.487020391768748, "y": -1.5721463866242713, "zone": "wh_forbidden_zone", "min_dist": 0.0}
{"t": 1784541027.111468, "x": 4.4823579916113765, "y": -1.5778974821448228, "zone": "wh_forbidden_zone", "min_dist": 0.0}
{"t": 1784541027.2638314, "x": 4.47694110174272, "y": -1.5829443008574888, "zone": "wh_forbidden_zone", "min_dist": 0.0}
{"t": 1784541027.41536, "x": 4.470874996311253, "y": -1.587188760735614, "zone": "wh_forbidden_zone", "min_dist": 0.0}
{"t": 1784541027.5675588, "x": 4.4642775665661025, "y": -1.590548373157762, "zone": "wh_forbidden_zone", "min_dist": 0.0}
{"t": 1784541027.7197125, "x": 4.457490847155555, "y": -1.5928912639661927, "zone": "wh_forbidden_zone", "min_dist": 0.0}
{"t": 1784541027.8723674, "x": 4.454221242254985, "y": -1.5936453824150039, "zone": "wh_forbidden_zone", "min_dist": 0.0}
{"t": 1784541028.0242915, "x": 4.454211720534928, "y": -1.5936459727007457, "zone": "wh_forbidden_zone", "min_dist": 0.0}
{"t": 1784541028.1769059, "x": 4.454202203806774, "y": -1.5936452891961488, "zone": "wh_forbidden_zone", "min_dist": 0.0}
{"t": 1784541028.3288875, "x": 4.454192882505818, "y": -1.5936433490901998, "zone": "wh_forbidden_zone", "min_dist": 0.0}
{"t": 1784541028.4815636, "x": 4.4541838931023, "y": -1.5936401751109626, "zone": "wh_forbidden_zone", "min_dist": 0.0}
{"t": 1784541028.6337943, "x": 4.4541754029997795, "y": -1.5936358372315134, "zone": "wh_forbidden_zone", "min_dist": 0.0}
{"t": 1784541028.786142, "x": 4.454167543478896, "y": -1.5936305532026904, "zone": "wh_forbidden_zone", "min_dist": 0.0}
{"t": 1784541028.9395835, "x": 4.448936072899394, "y": -1.5892905958286656, "zone": "wh_forbidden_zone", "min_dist": 0.0}
{"t": 1784541029.090776, "x": 4.443797281820132, "y": -1.5846192792919558, "zone": "wh_forbidden_zone", "min_dist": 0.0}
{"t": 1784541029.2432482, "x": 4.440189565793527, "y": -1.5810263023755196, "zone": "wh_forbidden_zone", "min_dist": 0.0}
{"t": 1784541029.395316, "x": 4.438124871928136, "y": -1.5787958432549467, "zone": "wh_forbidden_zone", "min_dist": 0.0}
{"t": 1784541029.547535, "x": 4.4370656489699645, "y": -1.577586307907391, "zone": "wh_forbidden_zone", "min_dist": 0.0}
{"t": 1784541029.6993673, "x": 4.436474730010007, "y": -1.5770909937015785, "zone": "wh_forbidden_zone", "min_dist": 0.0}
{"t": 1784541029.8515563, "x": 4.436111812282466, "y": -1.576663577135239, "zone": "wh_forbidden_zone", "min_dist": 0.0}
{"t": 1784541030.0118105, "x": 4.433996331910025, "y": -1.5742383193925222, "zone": "wh_forbidden_zone", "min_dist": 0.0}
{"t": 1784541030.1642559, "x": 4.43002910744724, "y": -1.5698924082232433, "zone": "wh_forbidden_zone", "min_dist": 0.0}
{"t": 1784541030.3165042, "x": 4.425968572448804, "y": -1.5655331362149258, "zone": "wh_forbidden_zone", "min_dist": 0.0}
{"t": 1784541030.4683337, "x": 4.423499588046704, "y": -1.562896728333425, "zone": "wh_forbidden_zone", "min_dist": 0.0}
{"t": 1784541030.6203723, "x": 4.424354167597631, "y": -1.5634805298058052, "zone": "wh_forbidden_zone", "min_dist": 0.0}
{"t": 1784541030.7726016, "x": 4.425172745756593, "y": -1.5638984932575712, "zone": "wh_forbidden_zone", "min_dist": 0.0}
{"t": 1784541030.9250226, "x": 4.42654805153452, "y": -1.5643270401559153, "zone": "wh_forbidden_zone", "min_dist": 0.0}
{"t": 1784541031.1777506, "x": 4.427999674014839, "y": -1.564536221543669, "zone": "wh_forbidden_zone", "min_dist": 0.0}
{"t": 1784541031.333806, "x": 4.388109005724801, "y": -1.564269545797165, "zone": "wh_forbidden_zone", "min_dist": 0.0}
{"t": 1784541031.4862885, "x": 4.357489011340052, "y": -1.564216486368763, "zone": "wh_forbidden_zone", "min_dist": 0.0}
{"t": 1784541031.6466203, "x": 4.325243975872301, "y": -1.5641603176213026, "zone": "wh_forbidden_zone", "min_dist": 0.0}
{"t": 1784541031.7984595, "x": 4.294620381752171, "y": -1.5641068401765552, "zone": "wh_forbidden_zone", "min_dist": 0.0}
{"t": 1784541031.9585216, "x": 4.266224092014207, "y": -1.564080035237363, "zone": "wh_forbidden_zone", "min_dist": 0.0}
{"t": 1784541032.111222, "x": 4.267186473482042, "y": -1.5639517269038932, "zone": "wh_forbidden_zone", "min_dist": 0.0}
{"t": 1784541032.2711725, "x": 4.267935159466602, "y": -1.5638129221193946, "zone": "wh_forbidden_zone", "min_dist": 0.0}
{"t": 1784541032.4232361, "x": 4.267233001144587, "y": -1.5641148937589027, "zone": "wh_forbidden_zone", "min_dist": 0.0}
{"t": 1784541032.5756495, "x": 4.265142802863233, "y": -1.5654374613658444, "zone": "wh_forbidden_zone", "min_dist": 0.0}
{"t": 1784541032.7281353, "x": 4.258834818052568, "y": -1.570707412853874, "zone": "wh_forbidden_zone", "min_dist": 0.0}
{"t": 1784541032.8805013, "x": 4.247878851040116, "y": -1.5817806790493343, "zone": "wh_forbidden_zone", "min_dist": 0.0}
{"t": 1784541033.032855, "x": 4.246919326999704, "y": -1.5824782229325813, "zone": "wh_forbidden_zone", "min_dist": 0.0}
{"t": 1784541033.1849403, "x": 4.248997537819999, "y": -1.5793087668452883, "zone": "wh_forbidden_zone", "min_dist": 0.0}
{"t": 1784541033.3374321, "x": 4.250549231506344, "y": -1.5760749961469611, "zone": "wh_forbidden_zone", "min_dist": 0.0}
{"t": 1784541033.4896083, "x": 4.250891815357337, "y": -1.575273424005521, "zone": "wh_forbidden_zone", "min_dist": 0.0}
{"t": 1784541033.6417904, "x": 4.2508235483766725, "y": -1.5755859161153374, "zone": "wh_forbidden_zone", "min_dist": 0.0}
{"t": 1784541033.7938068, "x": 4.250556825255626, "y": -1.5849842451077254, "zone": "wh_forbidden_zone", "min_dist": 0.0}
{"t": 1784541033.9463801, "x": 4.251194836934374, "y": -1.6044063096470784, "zone": "wh_forbidden_zone", "min_dist": 0.0}
{"t": 1784541034.0982137, "x": 4.2530163120561575, "y": -1.627991747532299, "zone": "wh_forbidden_zone", "min_dist": 0.0}
{"t": 1784541034.2506323, "x": 4.252179275095956, "y": -1.622495786887328, "zone": "wh_forbidden_zone", "min_dist": 0.0}
{"t": 1784541034.402568, "x": 4.24948572533468, "y": -1.6085587127393846, "zone": "wh_forbidden_zone", "min_dist": 0.0}
{"t": 1784541034.5547662, "x": 4.245977708038018, "y": -1.5957930897478534, "zone": "wh_forbidden_zone", "min_dist": 0.0}
{"t": 1784541034.7073247, "x": 4.241812631622562, "y": -1.583969835191635, "zone": "wh_forbidden_zone", "min_dist": 0.0}
{"t": 1784541034.859121, "x": 4.237333625644228, "y": -1.5734312150831273, "zone": "wh_forbidden_zone", "min_dist": 0.0}
{"t": 1784541035.0111578, "x": 4.231208387073151, "y": -1.5604355714282538, "zone": "wh_forbidden_zone", "min_dist": 0.0}
{"t": 1784541035.1716695, "x": 4.224542526773629, "y": -1.5464245863048922, "zone": "wh_forbidden_zone", "min_dist": 0.0}
{"t": 1784541035.3241844, "x": 4.2194960931164935, "y": -1.5358177064890128, "zone": "wh_forbidden_zone", "min_dist": 0.0}
{"t": 1784541035.4763198, "x": 4.219490096024056, "y": -1.5358246243022518, "zone": "wh_forbidden_zone", "min_dist": 0.0}
{"t": 1784541035.6285636, "x": 4.2194865406220385, "y": -1.5358314379936706, "zone": "wh_forbidden_zone", "min_dist": 0.0}
{"t": 1784541035.780687, "x": 4.219484818315313, "y": -1.5358378044749175, "zone": "wh_forbidden_zone", "min_dist": 0.0}
{"t": 1784541035.9330742, "x": 4.219484525783458, "y": -1.5358435780844637, "zone": "wh_forbidden_zone", "min_dist": 0.0}
{"t": 1784541036.0933177, "x": 4.219470937082182, "y": -1.5358401455234283, "zone": "wh_forbidden_zone", "min_dist": 0.0}
{"t": 1784541036.2455418, "x": 4.2194723222882, "y": -1.5358443250387905, "zone": "wh_forbidden_zone", "min_dist": 0.0}
{"t": 1784541036.397328, "x": 4.224434695623046, "y": -1.5374902203866359, "zone": "wh_forbidden_zone", "min_dist": 0.0}
{"t": 1784541036.5499945, "x": 4.229271910866027, "y": -1.53877021148048, "zone": "wh_forbidden_zone", "min_dist": 0.0}
{"t": 1784541036.701947, "x": 4.230129276173106, "y": -1.5389355132372748, "zone": "wh_forbidden_zone", "min_dist": 0.0}
{"t": 1784541036.8544192, "x": 4.230772995081719, "y": -1.5390577940931334, "zone": "wh_forbidden_zone", "min_dist": 0.0}
{"t": 1784541037.0064793, "x": 4.2312073706992805, "y": -1.5391412855692006, "zone": "wh_forbidden_zone", "min_dist": 0.0}
{"t": 1784541037.1667325, "x": 4.231340566303084, "y": -1.5391809774873202, "zone": "wh_forbidden_zone", "min_dist": 0.0}
{"t": 1784541037.3190067, "x": 4.231334159454557, "y": -1.539181124058339, "zone": "wh_forbidden_zone", "min_dist": 0.0}
{"t": 1784541037.4714441, "x": 4.2313289773762, "y": -1.5391838329707377, "zone": "wh_forbidden_zone", "min_dist": 0.0}
{"t": 1784541037.6238217, "x": 4.231321183074815, "y": -1.5391885063679218, "zone": "wh_forbidden_zone", "min_dist": 0.0}
{"t": 1784541037.7837102, "x": 4.231312989550837, "y": -1.539194564350405, "zone": "wh_forbidden_zone", "min_dist": 0.0}
{"t": 1784541037.9360304, "x": 4.23130595448182, "y": -1.539200971231403, "zone": "wh_forbidden_zone", "min_dist": 0.0}
{"t": 1784541038.0882843, "x": 4.23129981861571, "y": -1.5392078125263917, "zone": "wh_forbidden_zone", "min_dist": 0.0}
{"t": 1784541038.2484775, "x": 4.231294351029034, "y": -1.5392153630814394, "zone": "wh_forbidden_zone", "min_dist": 0.0}
{"t": 1784541038.4008183, "x": 4.231290081454291, "y": -1.5392227883646874, "zone": "wh_forbidden_zone", "min_dist": 0.0}
{"t": 1784541038.5533144, "x": 4.23128669149765, "y": -1.53923039437745, "zone": "wh_forbidden_zone", "min_dist": 0.0}
{"t": 1784541038.7054467, "x": 4.231284162306735, "y": -1.5392381207236396, "zone": "wh_forbidden_zone", "min_dist": 0.0}
{"t": 1784541038.8577344, "x": 4.231282477220557, "y": -1.5392459072257312, "zone": "wh_forbidden_zone", "min_dist": 0.0}
{"t": 1784541039.0174274, "x": 4.231281597934966, "y": -1.539254101089198, "zone": "wh_forbidden_zone", "min_dist": 0.0}
{"t": 1784541039.1703002, "x": 4.231281594937035, "y": -1.5392618174095, "zone": "wh_forbidden_zone", "min_dist": 0.0}
{"t": 1784541039.3226025, "x": 4.231282383588452, "y": -1.5392694025152034, "zone": "wh_forbidden_zone", "min_dist": 0.0}
{"t": 1784541039.474316, "x": 4.231283941389286, "y": -1.539276791649164, "zone": "wh_forbidden_zone", "min_dist": 0.0}
{"t": 1784541039.6262774, "x": 4.2312862414924055, "y": -1.5392839199949335, "zone": "wh_forbidden_zone", "min_dist": 0.0}
{"t": 1784541039.7864065, "x": 4.231289429467346, "y": -1.5392910712195265, "zone": "wh_forbidden_zone", "min_dist": 0.0}
{"t": 1784541039.9384015, "x": 4.231293147419131, "y": -1.539297464824196, "zone": "wh_forbidden_zone", "min_dist": 0.0}
{"t": 1784541040.0911198, "x": 4.231297493121409, "y": -1.5393034073301883, "zone": "wh_forbidden_zone", "min_dist": 0.0}
{"t": 1784541040.2432125, "x": 4.23130241775972, "y": -1.5393088419420808, "zone": "wh_forbidden_zone", "min_dist": 0.0}
{"t": 1784541040.404006, "x": 4.231308167155449, "y": -1.5393139558847255, "zone": "wh_forbidden_zone", "min_dist": 0.0}
{"t": 1784541040.5638766, "x": 4.2313144280961685, "y": -1.5393183928651917, "zone": "wh_forbidden_zone", "min_dist": 0.0}
{"t": 1784541040.740761, "x": 4.23132181585416, "y": -1.5393224336616196, "zone": "wh_forbidden_zone", "min_dist": 0.0}
{"t": 1784541040.9007463, "x": 4.231328899629816, "y": -1.5393252994589182, "zone": "wh_forbidden_zone", "min_dist": 0.0}
{"t": 1784541041.0527756, "x": 4.231335873506946, "y": -1.5393272792677903, "zone": "wh_forbidden_zone", "min_dist": 0.0}
{"t": 1784541041.205172, "x": 4.231343008392857, "y": -1.539328515277813, "zone": "wh_forbidden_zone", "min_dist": 0.0}
{"t": 1784541041.357444, "x": 4.231350226738006, "y": -1.539328995505413, "zone": "wh_forbidden_zone", "min_dist": 0.0}
{"t": 1784541041.5093882, "x": 4.231357449969943, "y": -1.5393287159072928, "zone": "wh_forbidden_zone", "min_dist": 0.0}
{"t": 1784541041.6701767, "x": 4.231364972100836, "y": -1.5393276052680103, "zone": "wh_forbidden_zone", "min_dist": 0.0}
