{"t": 1784544415.7553523, "x": -4.269779029975775e-12, "y": -2.53904971840217e-13, "zone": null, "min_dist": 1.8027756377354065}
{"t": 1784544415.915384, "x": -4.269779029975775e-12, "y": -2.53904971840217e-13, "zone": null, "min_dist": 1.8027756377354065}
{"t": 1784544416.0678873, "x": -4.269779029975775e-12, "y": -2.53904971840217e-13, "zone": null, "min_dist": 1.8027756377354065}
{"t": 1784544416.2282915, "x": -4.269779029975775e-12, "y": -2.53904971840217e-13, "zone": null, "min_dist": 1.8027756377354065}
{"t": 1784544416.3803334, "x": -4.269779029975775e-12, "y": -2.53904971840217e-13, "zone": null, "min_dist": 1.8027756377354065}
{"t": 1784544416.5330403, "x": -4.269779029975775e-12, "y": -2.53904971840217e-13, "zone": null, "min_dist": 1.8027756377354065}
{"t": 1784544416.692828, "x": -4.269779029975775e-12, "y": -2.53904971840217e-13, "zone": null, "min_dist": 1.8027756377354065}
{"t": 1784544416.8449054, "x": -4.269779029975775e-12, "y": -2.53904971840217e-13, "zone": null, "min_dist": 1.8027756377354065}
{"t": 1784544416.9971344, "x": -4.269779029975775e-12, "y": -2.53904971840217e-13, "zone": null, "min_dist": 1.8027756377354065}
{"t": 1784544417.149299, "x": -4.269779029975775e-12, "y": -2.53904971840217e-13, "zone": null, "min_dist": 1.8027756377354065}
{"t": 1784544417.301392, "x": -4.269779029975775e-12, "y": -2.53904971840217e-13, "zone": null, "min_dist": 1.8027756377354065}
{"t": 1784544417.4537036, "x": -4.269779029975775e-12, "y": -2.53904971840217e-13, "zone": null, "min_dist": 1.8027756377354065}
{"t": 1784544417.6064744, "x": -4.269779029975775e-12, "y": -2.53904971840217e-13, "zone": null, "min_dist": 1.8027756377354065}
{"t": 1784544417.7581856, "x": -4.269779029975775e-12, "y": -2.53904971840217e-13, "zone": null, "min_dist": 1.8027756377354065}
{"t": 1784544417.9103107, "x": -4.269779029975775e-12, "y": -2.53904971840217e-13, "zone": null, "min_dist": 1.8027756377354065}
{"t": 1784544418.062677, "x": -4.269779029975775e-12, "y": -2.53904971840217e-13, "zone": null, "min_dist": 1.8027756377354065}
{"t": 1784544418.2147174, "x": -4.269779029975775e-12, "y": -2.53904971840217e-13, "zone": null, "min_dist": 1.8027756377354065}
{"t": 1784544418.375138, "x": -4.269779029975775e-12, "y": -2.53904971840217e-13, "zone": null, "min_dist": 1.8027756377354065}
{"t": 1784544418.5271115, "x": -4.269779029975775e-12, "y": -2.53904971840217e-13, "zone": null, "min_dist": 1.8027756377354065}
{"t": 1784544418.67941, "x": -4.269779029975775e-12, "y": -2.53904971840217e-13, "zone": null, "min_dist": 1.8027756377354065}
{"t": 1784544418.8397875, "x": -4.269779029975775e-12, "y": -2.53904971840217e-13, "zone": null, "min_dist": 1.8027756377354065}
{"t": 1784544419.0000162, "x": -4.269779029975775e-12, "y": -2.53904971840217e-13, "zone": null, "min_dist": 1.8027756377354065}
{"t": 1784544419.1522005, "x": -4.269779029975775e-12, "y": -2.53904971840217e-13, "zone": null, "min_dist": 1.8027756377354065}
{"t": 1784544419.3044915, "x": -4.269779029975775e-12, "y": -2.53904971840217e-13, "zone": null, "min_dist": 1.8027756377354065}
{"t": 1784544419.4563022, "x": -4.269779029975775e-12, "y": -2.53904971840217e-13, "zone": null, "min_dist": 1.8027756377354065}
{"t": 1784544419.6165066, "x": 0.0009603902087081076, "y": -6.882503190213359e-07, "zone": null, "min_dist": 1.801976241581188}
{"t": 1784544419.7690752, "x": 0.01764495629152157, "y": -0.00020472242606061472, "zone": null, "min_dist": 1.7880064520764782}
{"t": 1784544419.9291525, "x": 0.05005532078857283, "y": -0.0008677033356134127, "zone": null, "min_dist": 1.7608534632420099}
{"t": 1784544420.0816882, "x": 0.08224895801310456, "y": -0.0015286602110823123, "zone": null, "min_dist": 1.734059697194651}
{"t": 1784544420.2338004, "x": 0.11469180349730539, "y": -0.002194733391453171, "zone": null, "min_dist": 1.7072475360560055}
{"t": 1784544420.3862965, "x": 0.14722270945617624, "y": -0.002823977252164212, "zone": null, "min_dist": 1.6805851415963076}
{"t": 1784544420.5384755, "x": 0.17775552712066156, "y": -0.002972690490076978, "zone": null, "min_dist": 1.6560174823861478}
{"t": 1784544420.6907005, "x": 0.21044776132642254, "y": -0.002431287842619054, "zone": null, "min_dist": 1.6303644720562855}
{"t": 1784544420.8430293, "x": 0.24322392535098294, "y": -0.0013221772319798658, "zone": null, "min_dist": 1.6052549627703585}
{"t": 1784544420.9950404, "x": 0.27324016216777525, "y": -0.0004796971686818049, "zone": null, "min_dist": 1.5823970852760556}
{"t": 1784544421.1479714, "x": 0.30449565879671214, "y": -0.0002599200901138369, "zone": null, "min_dist": 1.5584321792154232}
{"t": 1784544421.2993739, "x": 0.33672144912948626, "y": -0.0006760021497065412, "zone": null, "min_dist": 1.5335792902862557}
{"t": 1784544421.4518142, "x": 0.36931605422808983, "y": -0.0011673507595085606, "zone": null, "min_dist": 1.5086791727915894}
{"t": 1784544421.6044617, "x": 0.4019846758257521, "y": -0.0010266489198049794, "zone": null, "min_dist": 1.484447846268057}
{"t": 1784544421.7642357, "x": 0.4359498181028647, "y": -0.00031300453713577913, "zone": null, "min_dist": 1.4599920816541765}
{"t": 1784544421.9245322, "x": 0.46982085282193436, "y": 0.0003717714050202064, "zone": null, "min_dist": 1.4359710151338516}
{"t": 1784544422.0765855, "x": 0.5025844870326431, "y": 0.0004655492721827617, "zone": null, "min_dist": 1.4127168933613083}
{"t": 1784544422.2291017, "x": 0.5357462047716874, "y": 5.3941930529021686e-05, "zone": null, "min_dist": 1.3892059848643736}
{"t": 1784544422.381174, "x": 0.5685955095319676, "y": -0.00038299345901941973, "zone": null, "min_dist": 1.366290044108485}
{"t": 1784544422.533612, "x": 0.6001447624449, "y": -0.0008026366923738168, "zone": null, "min_dist": 1.344669037122614}
{"t": 1784544422.6857705, "x": 0.6324517559044921, "y": -0.0012323586660313035, "zone": null, "min_dist": 1.3229424617907681}
{"t": 1784544422.8470452, "x": 0.6663166382882443, "y": -0.0016700800527208993, "zone": null, "min_dist": 1.3006500592615045}
{"t": 1784544422.99916, "x": 0.6981669915595855, "y": -0.0017702216081720797, "zone": null, "min_dist": 1.2803901217569604}
{"t": 1784544423.1511395, "x": 0.7296560764595408, "y": -0.0012320101469195659, "zone": null, "min_dist": 1.2613355057600146}
{"t": 1784544423.3034291, "x": 0.7608364005410095, "y": -0.0005186241901344021, "zone": null, "min_dist": 1.2431113575846504}
{"t": 1784544423.455712, "x": 0.7937826803203474, "y": -9.502615215573328e-05, "zone": null, "min_dist": 1.2241539361294276}
{"t": 1784544423.6076171, "x": 0.8267050729673837, "y": -0.0003705004541164809, "zone": null, "min_dist": 1.2052324236968608}
{"t": 1784544423.7597773, "x": 0.8578203362711087, "y": -0.0011161605067698727, "zone": null, "min_dist": 1.1875031138096814}
{"t": 1784544423.9201825, "x": 0.8914026931719108, "y": -0.0018898070838774292, "zone": null, "min_dist": 1.16902294206806}
{"t": 1784544424.072384, "x": 0.9217234016493919, "y": -0.0020377371726763628, "zone": null, "min_dist": 1.1534004084563967}
{"t": 1784544424.2325392, "x": 0.9546526888428104, "y": -0.001505885225361051, "zone": null, "min_dist": 1.137714457597321}
{"t": 1784544424.384306, "x": 0.9861188150646535, "y": -0.0007098460214341245, "zone": null, "min_dist": 1.123679084111234}
{"t": 1784544424.5443974, "x": 1.0191203945465848, "y": 0.0001254957764590641, "zone": null, "min_dist": 1.1097279856988111}
{"t": 1784544424.7045627, "x": 1.0531625432929197, "y": 0.0009871767351057204, "zone": null, "min_dist": 1.096192976033221}
{"t": 1784544424.8648977, "x": 1.0874219306736606, "y": 0.0018543564871531914, "zone": null, "min_dist": 1.0834818018321015}
{"t": 1784544425.0172257, "x": 1.1186455690754011, "y": 0.00264469457418897, "zone": null, "min_dist": 1.0727197143446154}
{"t": 1784544425.169334, "x": 1.1504906169218017, "y": 0.003450762020868042, "zone": null, "min_dist": 1.0625771692728787}
{"t": 1784544425.321637, "x": 1.1830898143976227, "y": 0.0042759187068898774, "zone": null, "min_dist": 1.0530917275494576}
{"t": 1784544425.4739974, "x": 1.2154684960424762, "y": 0.005095493632827015, "zone": null, "min_dist": 1.0445932835631992}
{"t": 1784544425.626637, "x": 1.2466720203986659, "y": 0.005885322601781541, "zone": null, "min_dist": 1.0372947254635898}
{"t": 1784544425.7788215, "x": 1.27881153066306, "y": 0.00669884351833621, "zone": null, "min_dist": 1.0307118416457501}
{"t": 1784544425.9387312, "x": 1.3129176589531797, "y": 0.007562143883059488, "zone": null, "min_dist": 1.024783526466827}
{"t": 1784544426.0907056, "x": 1.3450438660591355, "y": 0.008375328113498276, "zone": null, "min_dist": 1.0202118435863723}
{"t": 1784544426.2431238, "x": 1.3766092585638603, "y": 0.009174316774478022, "zone": null, "min_dist": 1.016689764239512}
{"t": 1784544426.4033935, "x": 1.4106595354113751, "y": 0.009904078624772526, "zone": null, "min_dist": 1.0138480984032383}
{"t": 1784544426.555475, "x": 1.4432700191311618, "y": 0.009966815961353374, "zone": null, "min_dist": 1.011558826797776}
{"t": 1784544426.7078822, "x": 1.4764969813584616, "y": 0.009313382040402905, "zone": null, "min_dist": 1.0095869923147291}
{"t": 1784544426.8601398, "x": 1.5089883039952448, "y": 0.007996166594021496, "zone": null, "min_dist": 1.0079961665940216}
{"t": 1784544427.0122635, "x": 1.5421260181955871, "y": 0.005940389255138898, "zone": null, "min_dist": 1.0059403892551388}
{"t": 1784544427.164514, "x": 1.5754256565951146, "y": 0.0031602729750167934, "zone": null, "min_dist": 1.0031602729750169}
{"t": 1784544427.3245053, "x": 1.609746287776136, "y": -0.0004589841144653538, "zone": null, "min_dist": 0.9995410158855347}
{"t": 1784544427.4763956, "x": 1.640003854932917, "y": -0.004325031760409606, "zone": null, "min_dist": 0.9956749682395903}
{"t": 1784544427.6285698, "x": 1.6716755592421488, "y": -0.008864807875717234, "zone": null, "min_dist": 0.9911351921242828}
{"t": 1784544427.781452, "x": 1.702904440741151, "y": -0.013368981837681038, "zone": null, "min_dist": 0.986631018162319}
{"t": 1784544427.941338, "x": 1.7361530257937479, "y": -0.0181687638921013, "zone": null, "min_dist": 0.9818312361078987}
{"t": 1784544428.0934706, "x": 1.7678746726748522, "y": -0.02274811642188804, "zone": null, "min_dist": 0.977251883578112}
{"t": 1784544428.2459507, "x": 1.8007498800130326, "y": -0.027493997271593074, "zone": null, "min_dist": 0.9725060027284069}
{"t": 1784544428.398345, "x": 1.833846789219133, "y": -0.03227188306078055, "zone": null, "min_dist": 0.9677281169392195}
{"t": 1784544428.55045, "x": 1.8668486834754083, "y": -0.037036052456601055, "zone": null, "min_dist": 0.962963947543399}
{"t": 1784544428.7026324, "x": 1.899660593816322, "y": -0.041772795695829014, "zone": null, "min_dist": 0.958227204304171}
{"t": 1784544428.85561, "x": 1.932017339820249, "y": -0.04644383129158517, "zone": null, "min_dist": 0.9535561687084149}
{"t": 1784544429.0155075, "x": 1.9643742212966782, "y": -0.05111488666331039, "zone": null, "min_dist": 0.9488851133366896}
{"t": 1784544429.1674097, "x": 1.9945982551669745, "y": -0.05542161123173419, "zone": null, "min_dist": 0.9445783887682658}
{"t": 1784544429.319821, "x": 2.0247847712712477, "y": -0.0592047164826655, "zone": null, "min_dist": 0.9407952835173345}
{"t": 1784544429.471753, "x": 2.057786176471751, "y": -0.06303240520044778, "zone": null, "min_dist": 0.9369675947995522}
{"t": 1784544429.6245356, "x": 2.089988174942373, "y": -0.06676609811968857, "zone": null, "min_dist": 0.9332339018803114}
{"t": 1784544429.7764645, "x": 2.1219809586577494, "y": -0.0704755335507078, "zone": null, "min_dist": 0.9295244664492922}
{"t": 1784544429.9370918, "x": 2.156913690792561, "y": -0.07453661616889856, "zone": null, "min_dist": 0.9254633838311015}
{"t": 1784544430.0972078, "x": 2.1917502423329265, "y": -0.07859369126732672, "zone": null, "min_dist": 0.9214063087326733}
{"t": 1784544430.2494056, "x": 2.224870394474714, "y": -0.08245087398239377, "zone": null, "min_dist": 0.9175491260176062}
{"t": 1784544430.401434, "x": 2.257221291500051, "y": -0.08625605175752711, "zone": null, "min_dist": 0.9137439482424728}
{"t": 1784544430.5616171, "x": 2.291049066220016, "y": -0.09079792757058701, "zone": null, "min_dist": 0.909202072429413}
{"t": 1784544430.713933, "x": 2.3239990129704284, "y": -0.09595739378302966, "zone": null, "min_dist": 0.9040426062169703}
{"t": 1784544430.8744507, "x": 2.3575598253038077, "y": -0.10177031390718669, "zone": null, "min_dist": 0.8982296860928133}
{"t": 1784544431.0267475, "x": 2.390438192097247, "y": -0.10791386868351194, "zone": null, "min_dist": 0.8920861313164881}
{"t": 1784544431.187059, "x": 2.424893255880064, "y": -0.11515429086552831, "zone": null, "min_dist": 0.8848457091344717}
{"t": 1784544431.3629503, "x": 2.462021407804844, "y": -0.12434037605601793, "zone": null, "min_dist": 0.8756596239439821}
{"t": 1784544431.5150678, "x": 2.4925520153013263, "y": -0.13317862599865782, "zone": null, "min_dist": 0.8668213740013422}
{"t": 1784544431.6675794, "x": 2.5240856984718825, "y": -0.1443170933085174, "zone": null, "min_dist": 0.8556829066914826}
{"t": 1784544432.9826298, "x": 2.555532006826054, "y": -0.15739751841628588, "zone": null, "min_dist": 0.8426024815837141}
{"t": 1784544433.1413095, "x": 2.804783243243496, "y": -0.28263086145752914, "zone": null, "min_dist": 0.7173691385424709}
{"t": 1784544433.294003, "x": 2.8326168788315824, "y": -0.2938175761868728, "zone": null, "min_dist": 0.7061824238131271}
{"t": 1784544433.4458125, "x": 2.8626662907138862, "y": -0.30566267272653336, "zone": null, "min_dist": 0.6943373272734666}
{"t": 1784544433.598153, "x": 2.892888058644952, "y": -0.31757571000142165, "zone": null, "min_dist": 0.6824242899985784}
{"t": 1784544433.7585115, "x": 2.923992100745012, "y": -0.3298365287383016, "zone": null, "min_dist": 0.6701634712616984}
{"t": 1784544433.9185476, "x": 2.9555519346810075, "y": -0.3422770148516591, "zone": null, "min_dist": 0.6577229851483408}
{"t": 1784544434.0709198, "x": 2.9859180275940913, "y": -0.35422917135142096, "zone": null, "min_dist": 0.645770828648579}
{"t": 1784544434.2311935, "x": 3.017017225671159, "y": -0.36601959767320236, "zone": null, "min_dist": 0.6339804023267976}
{"t": 1784544434.3835385, "x": 3.0484429466662797, "y": -0.3771413860571749, "zone": null, "min_dist": 0.6228586139428252}
{"t": 1784544434.535605, "x": 3.078122359328527, "y": -0.387045695143624, "zone": null, "min_dist": 0.6129543048563759}
{"t": 1784544434.6880858, "x": 3.1092026520176206, "y": -0.39730870645061556, "zone": null, "min_dist": 0.6026912935493844}
{"t": 1784544434.8403409, "x": 3.1404892216124787, "y": -0.40763983250170577, "zone": null, "min_dist": 0.5923601674982942}
{"t": 1784544434.9927337, "x": 3.1717726355146545, "y": -0.4179699165687907, "zone": null, "min_dist": 0.5820300834312093}
{"t": 1784544435.14452, "x": 3.2034357611895117, "y": -0.4284232911139502, "zone": null, "min_dist": 0.5715767088860497}
{"t": 1784544435.3209944, "x": 3.2399184447850575, "y": -0.4401277130638412, "zone": null, "min_dist": 0.5598722869361588}
{"t": 1784544435.472969, "x": 3.2708116013833908, "y": -0.4498572358984495, "zone": null, "min_dist": 0.5501427641015505}
{"t": 1784544435.6489718, "x": 3.3072707068823166, "y": -0.46134064026833765, "zone": null, "min_dist": 0.5386593597316623}
{"t": 1784544435.8093095, "x": 3.3407674098171736, "y": -0.47217653306350843, "zone": null, "min_dist": 0.5278234669364916}
{"t": 1784544435.9695199, "x": 3.3732052711275657, "y": -0.4828509397912939, "zone": null, "min_dist": 0.5171490602087061}
{"t": 1784544436.1217313, "x": 3.4044411202064673, "y": -0.4932290426468801, "zone": null, "min_dist": 0.5067709573531198}
{"t": 1784544436.281816, "x": 3.4368514572589577, "y": -0.5040560320237631, "zone": null, "min_dist": 0.49594396797623685}
{"t": 1784544436.4346204, "x": 3.468098875615428, "y": -0.514494536940879, "zone": null, "min_dist": 0.485505463059121}
{"t": 1784544436.5948675, "x": 3.5013898605248075, "y": -0.5256300647365081, "zone": null, "min_dist": 0.4743699352634919}
{"t": 1784544436.746624, "x": 3.5328980702037964, "y": -0.5364646858552128, "zone": null, "min_dist": 0.4635353141447872}
{"t": 1784544436.8993893, "x": 3.5642098710957106, "y": -0.5479452418228691, "zone": null, "min_dist": 0.4520547581771309}
{"t": 1784544437.0511923, "x": 3.5949380765939254, "y": -0.5594833131565966, "zone": null, "min_dist": 0.4405166868434034}
{"t": 1784544437.2033868, "x": 3.6260623975530857, "y": -0.5717310037763456, "zone": null, "min_dist": 0.42826899622365444}
{"t": 1784544437.3639503, "x": 3.6573952171834607, "y": -0.5848500774973656, "zone": null, "min_dist": 0.4151499225026344}
{"t": 1784544437.5159457, "x": 3.6872990955808396, "y": -0.598024211350217, "zone": null, "min_dist": 0.401975788649783}
{"t": 1784544437.6762018, "x": 3.7192367148005876, "y": -0.6128423274738865, "zone": null, "min_dist": 0.38715767252611355}
{"t": 1784544437.8282614, "x": 3.7492612980856435, "y": -0.627582011584929, "zone": null, "min_dist": 0.372417988415071}
{"t": 1784544437.9805765, "x": 3.7774525585225334, "y": -0.6421765144896125, "zone": null, "min_dist": 0.35782348551038745}
{"t": 1784544438.1325436, "x": 3.805707736728073, "y": -0.6575898705131233, "zone": null, "min_dist": 0.34241012948687666}
{"t": 1784544438.284888, "x": 3.83399357965083, "y": -0.6738044608877556, "zone": null, "min_dist": 0.3261955391122444}
{"t": 1784544438.4375277, "x": 3.8626491722690877, "y": -0.6910553140190511, "zone": null, "min_dist": 0.30894468598094893}
{"t": 1784544438.5893202, "x": 3.890848787600368, "y": -0.708862963581335, "zone": null, "min_dist": 0.29113703641866495}
{"t": 1784544438.7413945, "x": 3.9172728609810403, "y": -0.7263578983026592, "zone": null, "min_dist": 0.2736421016973408}
{"t": 1784544438.8933573, "x": 3.9447635927375426, "y": -0.7454103165094005, "zone": null, "min_dist": 0.2545896834905995}
{"t": 1784544439.053619, "x": 3.973254066148505, "y": -0.7660956541074408, "zone": null, "min_dist": 0.23390434589255915}
{"t": 1784544439.205868, "x": 3.9990457218396456, "y": -0.7856999208717745, "zone": null, "min_dist": 0.21430007912822546}
{"t": 1784544439.3585608, "x": 4.024773462815654, "y": -0.8061411548547637, "zone": null, "min_dist": 0.19385884514523632}
{"t": 1784544439.5105388, "x": 4.049444521740681, "y": -0.826612322175651, "zone": null, "min_dist": 0.17338767782434905}
{"t": 1784544439.6625946, "x": 4.074135638698444, "y": -0.8480174072787435, "zone": null, "min_dist": 0.15198259272125647}
{"t": 1784544439.8146493, "x": 4.097493470815678, "y": -0.8691456649702128, "zone": null, "min_dist": 0.13085433502978716}
{"t": 1784544439.9752533, "x": 4.121973298531142, "y": -0.8923067838948281, "zone": null, "min_dist": 0.10769321610517191}
{"t": 1784544440.1354957, "x": 4.145269066134927, "y": -0.9153414449838385, "zone": null, "min_dist": 0.08465855501616149}
{"t": 1784544440.2957504, "x": 4.166107502485338, "y": -0.9368934809465093, "zone": null, "min_dist": 0.06310651905349074}
{"t": 1784544440.4721131, "x": 4.182715188720434, "y": -0.9548867460749583, "zone": null, "min_dist": 0.04511325392504173}
{"t": 1784544440.6243775, "x": 4.195286144978868, "y": -0.969187558532551, "zone": null, "min_dist": 0.030812441467448992}
{"t": 1784544440.7767065, "x": 4.211578783572707, "y": -0.988513970532212, "zone": null, "min_dist": 0.011486029467787984}
{"t": 1784544440.9287674, "x": 4.2279639713828505, "y": -1.0088565168565182, "zone": "wh_forbidden_zone", "min_dist": 0.0}
{"t": 1784544441.0813227, "x": 4.245879692118149, "y": -1.032825817090482, "zone": "wh_forbidden_zone", "min_dist": 0.0}
{"t": 1784544441.2334588, "x": 4.261853943607556, "y": -1.0570634604353804, "zone": "wh_forbidden_zone", "min_dist": 0.0}
{"t": 1784544441.3853276, "x": 4.274168573679381, "y": -1.0786203737218754, "zone": "wh_forbidden_zone", "min_dist": 0.0}
{"t": 1784544441.5375032, "x": 4.285316341801491, "y": -1.1012797671258174, "zone": "wh_forbidden_zone", "min_dist": 0.0}
{"t": 1784544441.690145, "x": 4.292331803171278, "y": -1.117960152727661, "zone": "wh_forbidden_zone", "min_dist": 0.0}
{"t": 1784544441.8422594, "x": 4.2985296692571735, "y": -1.1344415584592131, "zone": "wh_forbidden_zone", "min_dist": 0.0}
{"t": 1784544442.0027213, "x": 4.304329964059145, "y": -1.1509727572767963, "zone": "wh_forbidden_zone", "min_dist": 0.0}
{"t": 1784544442.154277, "x": 4.310329965156307, "y": -1.1693544728466705, "zone": "wh_forbidden_zone", "min_dist": 0.0}
{"t": 1784544442.306966, "x": 4.315702026033135, "y": -1.187096609100754, "zone": "wh_forbidden_zone", "min_dist": 0.0}
{"t": 1784544442.4589958, "x": 4.321147207439757, "y": -1.206547317440953, "zone": "wh_forbidden_zone", "min_dist": 0.0}
{"t": 1784544442.6191776, "x": 4.3259965647354806, "y": -1.2254933788345355, "zone": "wh_forbidden_zone", "min_dist": 0.0}
{"t": 1784544442.7718506, "x": 4.330789331422584, "y": -1.2460705301701702, "zone": "wh_forbidden_zone", "min_dist": 0.0}
{"t": 1784544442.9240527, "x": 4.334668295442446, "y": -1.264451304072473, "zone": "wh_forbidden_zone", "min_dist": 0.0}
{"t": 1784544443.0762563, "x": 4.336581059807235, "y": -1.2738875779542924, "zone": "wh_forbidden_zone", "min_dist": 0.0}
{"t": 1784544443.228353, "x": 4.337100603071936, "y": -1.276065117646997, "zone": "wh_forbidden_zone", "min_dist": 0.0}
{"t": 1784544443.3802617, "x": 4.342052889481794, "y": -1.2946742009323056, "zone": "wh_forbidden_zone", "min_dist": 0.0}
{"t": 1784544443.540572, "x": 4.348476852698999, "y": -1.3191368835987791, "zone": "wh_forbidden_zone", "min_dist": 0.0}
{"t": 1784544443.6929843, "x": 4.35298861714223, "y": -1.3376393052247129, "zone": "wh_forbidden_zone", "min_dist": 0.0}
{"t": 1784544443.8451533, "x": 4.354838101159787, "y": -1.3450862433249777, "zone": "wh_forbidden_zone", "min_dist": 0.0}
{"t": 1784544444.0055954, "x": 4.354876854978702, "y": -1.3452299187444032, "zone": "wh_forbidden_zone", "min_dist": 0.0}
{"t": 1784544444.1575563, "x": 4.354874136856379, "y": -1.345222900646602, "zone": "wh_forbidden_zone", "min_dist": 0.0}
{"t": 1784544444.309685, "x": 4.355163453222088, "y": -1.345741880944715, "zone": "wh_forbidden_zone", "min_dist": 0.0}
{"t": 1784544444.4704196, "x": 4.364322547866014, "y": -1.3597249354335996, "zone": "wh_forbidden_zone", "min_dist": 0.0}
{"t": 1784544444.630333, "x": 4.3839331931236, "y": -1.3862757290546257, "zone": "wh_forbidden_zone", "min_dist": 0.0}
{"t": 1784544444.782356, "x": 4.403709978306903, "y": -1.411761137040589, "zone": "wh_forbidden_zone", "min_dist": 0.0}
{"t": 1784544444.9344587, "x": 4.4216828695140995, "y": -1.435484924629183, "zone": "wh_forbidden_zone", "min_dist": 0.0}
{"t": 1784544445.094553, "x": 4.439727864860566, "y": -1.4617447880798204, "zone": "wh_forbidden_zone", "min_dist": 0.0}
{"t": 1784544445.2469606, "x": 4.454892589754302, "y": -1.487225612146126, "zone": "wh_forbidden_zone", "min_dist": 0.0}
{"t": 1784544445.3991084, "x": 4.470035288517382, "y": -1.5166997238096196, "zone": "wh_forbidden_zone", "min_dist": 0.0}
{"t": 1784544445.5595024, "x": 4.48369451502711, "y": -1.5480637887223683, "zone": "wh_forbidden_zone", "min_dist": 0.0}
{"t": 1784544445.719551, "x": 4.49545465668663, "y": -1.580306062561199, "zone": "wh_forbidden_zone", "min_dist": 0.0}
{"t": 1784544445.896279, "x": 4.501910515129314, "y": -1.5998068462083082, "zone": null, "min_dist": 0.00191051512931395}
{"t": 1784544446.04846, "x": 4.502877392538527, "y": -1.6027682162613466, "zone": null, "min_dist": 0.002877392538526813}
{"t": 1784544446.2004442, "x": 4.503861674590997, "y": -1.605757557836982, "zone": null, "min_dist": 0.003861674590996955}
{"t": 1784544446.3609383, "x": 4.506817830166984, "y": -1.6194839275076125, "zone": null, "min_dist": 0.006817830166983896}
{"t": 1784544446.5135264, "x": 4.510548758066528, "y": -1.6290622561112158, "zone": null, "min_dist": 0.010548758066527775}
{"t": 1784544446.6657002, "x": 4.512901753021698, "y": -1.6198590586403623, "zone": null, "min_dist": 0.012901753021697715}
{"t": 1784544446.825618, "x": 4.515504260320132, "y": -1.6157461777792528, "zone": null, "min_dist": 0.015504260320131635}
{"t": 1784544446.9780264, "x": 4.508090975280829, "y": -1.5997672962998286, "zone": null, "min_dist": 0.008090975280828694}
{"t": 1784544447.1302717, "x": 4.500292622787379, "y": -1.5843180075139875, "zone": null, "min_dist": 0.00029262278737895997}
{"t": 1784544447.282579, "x": 4.492452875884386, "y": -1.5691512698812857, "zone": "wh_forbidden_zone", "min_dist": 0.0}
{"t": 1784544447.434333, "x": 4.4846491738187195, "y": -1.5541709227163427, "zone": "wh_forbidden_zone", "min_dist": 0.0}
{"t": 1784544447.5866308, "x": 4.484397182152664, "y": -1.5566069500715976, "zone": "wh_forbidden_zone", "min_dist": 0.0}
{"t": 1784544447.7469876, "x": 4.4922831373766785, "y": -1.582256836414734, "zone": "wh_forbidden_zone", "min_dist": 0.0}
{"t": 1784544447.8990781, "x": 4.499171398341201, "y": -1.6071751763195614, "zone": "wh_forbidden_zone", "min_dist": 0.0}
{"t": 1784544448.0520363, "x": 4.503779053027622, "y": -1.6103443916129294, "zone": null, "min_dist": 0.003779053027622048}
{"t": 1784544448.2036765, "x": 4.505783533774786, "y": -1.6027710181740609, "zone": null, "min_dist": 0.0057835337747862425}
{"t": 1784544448.356148, "x": 4.507716482409928, "y": -1.5954014778647803, "zone": null, "min_dist": 0.0077164824099282825}
{"t": 1784544448.508244, "x": 4.509647980594673, "y": -1.5880851661567934, "zone": null, "min_dist": 0.0096479805946732}
{"t": 1784544448.6684456, "x": 4.511691834123119, "y": -1.5804241298769812, "zone": null, "min_dist": 0.011691834123118916}
{"t": 1784544448.927778, "x": 4.513755381696676, "y": -1.572797553287604, "zone": null, "min_dist": 0.013755381696675784}
{"t": 1784544449.084694, "x": 4.517645907514863, "y": -1.5778437679935085, "zone": null, "min_dist": 0.01764590751486317}
{"t": 1784544449.237114, "x": 4.524705970082445, "y": -1.5989897121496108, "zone": null, "min_dist": 0.024705970082444573}
{"t": 1784544449.3893354, "x": 4.526483450419676, "y": -1.6045234616480524, "zone": null, "min_dist": 0.02648345041967559}
{"t": 1784544449.5415611, "x": 4.52752437681646, "y": -1.6084404746196301, "zone": null, "min_dist": 0.02752437681646036}
{"t": 1784544449.7018986, "x": 4.523110607536829, "y": -1.5952205241460984, "zone": null, "min_dist": 0.02311060753682881}
{"t": 1784544449.8540416, "x": 4.525355478466438, "y": -1.6007293701954821, "zone": null, "min_dist": 0.025355478466438264}
{"t": 1784544450.014453, "x": 4.526659035065412, "y": -1.6055980772969516, "zone": null, "min_dist": 0.02665903506541234}
{"t": 1784544450.1668403, "x": 4.527286554318779, "y": -1.6086129509436535, "zone": null, "min_dist": 0.027286554318778578}
{"t": 1784544450.3266277, "x": 4.52715786618173, "y": -1.6073520555615883, "zone": null, "min_dist": 0.027157866181729773}
{"t": 1784544450.4787848, "x": 4.526879050191242, "y": -1.605940647690654, "zone": null, "min_dist": 0.02687905019124237}
{"t": 1784544450.6388679, "x": 4.526331052947701, "y": -1.603826513408621, "zone": null, "min_dist": 0.026331052947701217}
{"t": 1784544450.7919767, "x": 4.532745373306249, "y": -1.6062411289953926, "zone": null, "min_dist": 0.03274537330624927}
{"t": 1784544450.9437702, "x": 4.536545444142238, "y": -1.6110566937843944, "zone": null, "min_dist": 0.036545444142237926}
{"t": 1784544451.1047084, "x": 4.537926874508184, "y": -1.617894618287943, "zone": null, "min_dist": 0.03792687450818377}
{"t": 1784544451.2642088, "x": 4.5385692045797095, "y": -1.608686505810983, "zone": null, "min_dist": 0.03856920457970947}
{"t": 1784544451.4164526, "x": 4.538512216596585, "y": -1.593091882807134, "zone": null, "min_dist": 0.03851221659658499}
{"t": 1784544451.5689664, "x": 4.538223209122713, "y": -1.5778443342631148, "zone": null, "min_dist": 0.038223209122713264}
{"t": 1784544451.7208505, "x": 4.538033700005419, "y": -1.562743297266046, "zone": null, "min_dist": 0.03803370000541939}
{"t": 1784544451.8807175, "x": 4.537882532195018, "y": -1.5538644145120926, "zone": null, "min_dist": 0.03788253219501758}
{"t": 1784544452.0411098, "x": 4.537882951286532, "y": -1.5538674178001677, "zone": null, "min_dist": 0.03788295128653196}
{"t": 1784544452.2012215, "x": 4.537870509811829, "y": -1.5538541862030502, "zone": null, "min_dist": 0.037870509811829045}
{"t": 1784544452.3534122, "x": 4.537854049030445, "y": -1.5538390955565051, "zone": null, "min_dist": 0.03785404903044487}
{"t": 1784544452.5060172, "x": 4.538197597384623, "y": -1.5541083890906524, "zone": null, "min_dist": 0.03819759738462292}
{"t": 1784544452.666357, "x": 4.541100370933069, "y": -1.5560131874897987, "zone": null, "min_dist": 0.041100370933069286}
{"t": 1784544452.8267558, "x": 4.559983879357655, "y": -1.5670598771577287, "zone": null, "min_dist": 0.059983879357655034}
{"t": 1784544452.9870584, "x": 4.589817227736171, "y": -1.582665999903936, "zone": null, "min_dist": 0.08981722773617129}
{"t": 1784544453.1471891, "x": 4.61999434308668, "y": -1.5980504266718556, "zone": null, "min_dist": 0.11999434308668011}
{"t": 1784544453.307276, "x": 4.648736595672604, "y": -1.6136729236117129, "zone": null, "min_dist": 0.1487365956726041}
{"t": 1784544453.4597597, "x": 4.674645871847295, "y": -1.6298815875754653, "zone": null, "min_dist": 0.17464587184729474}
{"t": 1784544453.6118782, "x": 4.6973942680013465, "y": -1.6469554719131478, "zone": null, "min_dist": 0.19739426800134652}
{"t": 1784544453.7638977, "x": 4.702507526003658, "y": -1.6506682796690981, "zone": null, "min_dist": 0.20250752600365818}
{"t": 1784544453.9161594, "x": 4.712295569288964, "y": -1.6519539837039743, "zone": null, "min_dist": 0.21229556928896365}
{"t": 1784544454.0684674, "x": 4.7275499045551514, "y": -1.671090848589223, "zone": null, "min_dist": 0.22754990455515145}
{"t": 1784544454.2204561, "x": 4.732136787825176, "y": -1.6790574840504484, "zone": null, "min_dist": 0.23213678782517633}
{"t": 1784544454.3729756, "x": 4.739967740260216, "y": -1.6947876363936174, "zone": null, "min_dist": 0.23996774026021583}
{"t": 1784544454.5248682, "x": 4.7422526036467065, "y": -1.6970602419403953, "zone": null, "min_dist": 0.24225260364670653}
{"t": 1784544454.6773632, "x": 4.748211048457163, "y": -1.7047276139628555, "zone": null, "min_dist": 0.24821104845716313}
{"t": 1784544454.930876, "x": 4.754596004325478, "y": -1.7123344557570204, "zone": null, "min_dist": 0.254596004325478}
{"t": 1784544455.0864956, "x": 4.775562684498077, "y": -1.7242768421132408, "zone": null, "min_dist": 0.27556268449807675}
{"t": 1784544455.2383847, "x": 4.776894794103596, "y": -1.7233121297003002, "zone": null, "min_dist": 0.27689479410359574}
{"t": 1784544455.3909864, "x": 4.778430305947756, "y": -1.723107276550591, "zone": null, "min_dist": 0.2784303059477562}
{"t": 1784544455.543155, "x": 4.780682180228675, "y": -1.7228638175955922, "zone": null, "min_dist": 0.2806821802286752}
{"t": 1784544455.6951544, "x": 4.78274495052409, "y": -1.722980211968525, "zone": null, "min_dist": 0.28274495052408977}
{"t": 1784544455.8551774, "x": 4.783868475677743, "y": -1.7224478066977538, "zone": null, "min_dist": 0.2838684756777434}
{"t": 1784544456.0076776, "x": 4.783915733744369, "y": -1.7223787751371065, "zone": null, "min_dist": 0.28391573374436874}
{"t": 1784544456.1597888, "x": 4.784127718330215, "y": -1.7222395458305646, "zone": null, "min_dist": 0.28412771833021466}
{"t": 1784544456.3122094, "x": 4.784139811268724, "y": -1.7222094614622683, "zone": null, "min_dist": 0.2841398112687239}
{"t": 1784544456.4723942, "x": 4.784148982489146, "y": -1.7221844371575414, "zone": null, "min_dist": 0.2841489824891461}
{"t": 1784544456.6248128, "x": 4.784524281081929, "y": -1.7227786502631857, "zone": null, "min_dist": 0.2845242810819286}
{"t": 1784544456.776866, "x": 4.78454775468353, "y": -1.722646914597207, "zone": null, "min_dist": 0.2845477546835298}
{"t": 1784544456.93717, "x": 4.784567978048247, "y": -1.722532877427881, "zone": null, "min_dist": 0.28456797804824685}
{"t": 1784544457.0892057, "x": 4.784581379021559, "y": -1.7224435441008439, "zone": null, "min_dist": 0.2845813790215592}
{"t": 1784544457.2414656, "x": 4.784581596560621, "y": -1.7223902896357364, "zone": null, "min_dist": 0.28458159656062065}
{"t": 1784544457.4015143, "x": 4.7845936534088835, "y": -1.722323236255035, "zone": null, "min_dist": 0.28459365340888354}
{"t": 1784544457.5535133, "x": 4.78459958333858, "y": -1.7222716907021394, "zone": null, "min_dist": 0.28459958333858015}
{"t": 1784544457.7053106, "x": 4.78460391325602, "y": -1.722229332625307, "zone": null, "min_dist": 0.28460391325601986}
{"t": 1784544457.866039, "x": 4.784607589117704, "y": -1.7221927518449827, "zone": null, "min_dist": 0.28460758911770423}
{"t": 1784544458.0259495, "x": 4.784834938946473, "y": -1.7219912476865837, "zone": null, "min_dist": 0.2848349389464726}
{"t": 1784544458.178606, "x": 4.784835240241542, "y": -1.721995305555345, "zone": null, "min_dist": 0.2848352402415424}
{"t": 1784544458.3303638, "x": 4.7848357271240225, "y": -1.7219990560322915, "zone": null, "min_dist": 0.2848357271240225}
{"t": 1784544458.4823647, "x": 4.78483630070909, "y": -1.7220018667247432, "zone": null, "min_dist": 0.28483630070908994}
{"t": 1784544458.6347122, "x": 4.78483705984633, "y": -1.7220044748026133, "zone": null, "min_dist": 0.2848370598463301}
{"t": 1784544458.7871532, "x": 4.784837819456082, "y": -1.7220065322005573, "zone": null, "min_dist": 0.2848378194560821}
{"t": 1784544458.939386, "x": 4.7848386428752105, "y": -1.7220081770091131, "zone": null, "min_dist": 0.28483864287521055}
{"t": 1784544459.115512, "x": 4.78483963497048, "y": -1.72200977811719, "zone": null, "min_dist": 0.2848396349704796}
{"t": 1784544459.268123, "x": 4.784840492438305, "y": -1.722010923363108, "zone": null, "min_dist": 0.2848404924383052}
{"t": 1784544459.4199917, "x": 4.784841576247258, "y": -1.722012007426921, "zone": null, "min_dist": 0.28484157624725803}
{"t": 1784544459.5727258, "x": 4.784842592316903, "y": -1.7220128365194312, "zone": null, "min_dist": 0.28484259231690334}
{"t": 1784544459.7245655, "x": 4.784843567179657, "y": -1.7220135476497127, "zone": null, "min_dist": 0.2848435671796574}
{"t": 1784544459.876948, "x": 4.784844661816236, "y": -1.722014220438089, "zone": null, "min_dist": 0.28484466181623613}
{"t": 1784544460.0292008, "x": 4.784845831924194, "y": -1.7220148053616406, "zone": null, "min_dist": 0.2848458319241942}
{"t": 1784544460.1815212, "x": 4.784847063456809, "y": -1.7220153290142475, "zone": null, "min_dist": 0.28484706345680877}
{"t": 1784544460.3333833, "x": 4.784848001328652, "y": -1.7220156779865607, "zone": null, "min_dist": 0.28484800132865207}
{"t": 1784544460.4858012, "x": 4.784849289620913, "y": -1.7220160866135499, "zone": null, "min_dist": 0.2848492896209134}
{"t": 1784544460.6460512, "x": 4.784850546616016, "y": -1.7220164476033482, "zone": null, "min_dist": 0.28485054661601605}
{"t": 1784544460.798486, "x": 4.784851013372938, "y": -1.7220165816407342, "zone": null, "min_dist": 0.28485101337293806}
{"t": 1784544460.9585388, "x": 4.784851247020448, "y": -1.7220167414411918, "zone": null, "min_dist": 0.2848512470204483}
{"t": 1784544461.1191735, "x": 4.784851113830658, "y": -1.7220169248208232, "zone": null, "min_dist": 0.2848511138306584}
{"t": 1784544461.2711298, "x": 4.784851113830658, "y": -1.7220169248208232, "zone": null, "min_dist": 0.2848511138306584}
{"t": 1784544461.4234161, "x": 4.784850907748904, "y": -1.7220170874305794, "zone": null, "min_dist": 0.2848509077489041}
{"t": 1784544461.5761409, "x": 4.784850907748904, "y": -1.7220170874305794, "zone": null, "min_dist": 0.2848509077489041}
{"t": 1784544461.7279587, "x": 4.784850696028266, "y": -1.7220172287396416, "zone": null, "min_dist": 0.28485069602826574}
{"t": 1784544461.88041, "x": 4.784850696028266, "y": -1.7220172287396416, "zone": null, "min_dist": 0.28485069602826574}
{"t": 1784544462.0327811, "x": 4.785212216993811, "y": -1.7226323721295433, "zone": null, "min_dist": 0.28521221699381094}
{"t": 1784544462.1845913, "x": 4.7852151921404635, "y": -1.7225228914645914, "zone": null, "min_dist": 0.28521519214046354}
{"t": 1784544462.3448687, "x": 4.785216790082898, "y": -1.7224280255164435, "zone": null, "min_dist": 0.2852167900828979}
{"t": 1784544462.5055172, "x": 4.78521786143016, "y": -1.722350410960941, "zone": null, "min_dist": 0.28521786143016037}
{"t": 1784544462.6652012, "x": 4.785218974794765, "y": -1.722286955379835, "zone": null, "min_dist": 0.2852189747947653}
{"t": 1784544462.8177905, "x": 4.785220074549422, "y": -1.7222374391879538, "zone": null, "min_dist": 0.28522007454942244}
{"t": 1784544462.9700918, "x": 4.785221201719609, "y": -1.7221965523378866, "zone": null, "min_dist": 0.28522120171960896}
{"t": 1784544463.1221883, "x": 4.785222312865836, "y": -1.7221627943688826, "zone": null, "min_dist": 0.28522231286583644}
{"t": 1784544463.275366, "x": 4.785223467352568, "y": -1.7221349306041638, "zone": null, "min_dist": 0.2852234673525684}
{"t": 1784544463.4344347, "x": 4.785224642733152, "y": -1.722110838175699, "zone": null, "min_dist": 0.2852246427331524}
{"t": 1784544463.59463, "x": 4.7852258322552705, "y": -1.7220911598346542, "zone": null, "min_dist": 0.28522583225527054}
{"t": 1784544463.7555552, "x": 4.785227081067482, "y": -1.7220750963095224, "zone": null, "min_dist": 0.2852270810674824}
{"t": 1784544463.916384, "x": 4.7852282976161975, "y": -1.7220619812578746, "zone": null, "min_dist": 0.2852282976161975}
{"t": 1784544464.0766213, "x": 4.785229501028978, "y": -1.7220517685863361, "zone": null, "min_dist": 0.2852295010289776}
{"t": 1784544464.2364757, "x": 4.785230766780646, "y": -1.722042553056637, "zone": null, "min_dist": 0.2852307667806464}
{"t": 1784544464.3884113, "x": 4.785231898837727, "y": -1.7220360925438767, "zone": null, "min_dist": 0.28523189883772737}
{"t": 1784544464.540729, "x": 4.785233030825033, "y": -1.7220301709265184, "zone": null, "min_dist": 0.28523303082503304}
{"t": 1784544464.692828, "x": 4.785233998891067, "y": -1.7220262443537566, "zone": null, "min_dist": 0.2852339988910666}
{"t": 1784544464.84503, "x": 4.7852351999808755, "y": -1.7220221670174887, "zone": null, "min_dist": 0.28523519998087554}
{"t": 1784544465.0053308, "x": 4.785236402621203, "y": -1.722018859899068, "zone": null, "min_dist": 0.2852364026212033}
{"t": 1784544465.1576297, "x": 4.785237661110093, "y": -1.7220161814431543, "zone": null, "min_dist": 0.2852376611100933}
{"t": 1784544465.3104835, "x": 4.78523893144968, "y": -1.7220140241003377, "zone": null, "min_dist": 0.2852389314496797}
{"t": 1784544465.4620256, "x": 4.785239885474868, "y": -1.7220125958843817, "zone": null, "min_dist": 0.28523988547486834}
{"t": 1784544465.6224344, "x": 4.785241068642193, "y": -1.7220111266112388, "zone": null, "min_dist": 0.28524106864219334}
{"t": 1784544465.7744558, "x": 4.7852422878039995, "y": -1.7220098936025585, "zone": null, "min_dist": 0.2852422878039995}
{"t": 1784544465.9268436, "x": 4.785243549499256, "y": -1.7220089774231442, "zone": null, "min_dist": 0.28524354949925623}
{"t": 1784544466.0792801, "x": 4.785244554591771, "y": -1.7220083821332952, "zone": null, "min_dist": 0.2852445545917712}
{"t": 1784544466.2313929, "x": 4.785245786694249, "y": -1.7220077822632425, "zone": null, "min_dist": 0.28524578669424905}
{"t": 1784544466.3838508, "x": 4.78524701841746, "y": -1.7220073219122531, "zone": null, "min_dist": 0.2852470184174596}
{"t": 1784544466.5355875, "x": 4.78524824588349, "y": -1.7220069675405383, "zone": null, "min_dist": 0.28524824588348974}
{"t": 1784544466.6960437, "x": 4.785249421239137, "y": -1.722006697743267, "zone": null, "min_dist": 0.2852494212391372}
{"t": 1784544466.8484375, "x": 4.785250328225564, "y": -1.7220065323288227, "zone": null, "min_dist": 0.2852503282255636}
{"t": 1784544467.0090408, "x": 4.785251586362588, "y": -1.7220063949597209, "zone": null, "min_dist": 0.2852515863625884}
{"t": 1784544467.1606674, "x": 4.785252831599539, "y": -1.7220063075411651, "zone": null, "min_dist": 0.2852528315995393}
{"t": 1784544467.3132424, "x": 4.785254077207926, "y": -1.7220062643756442, "zone": null, "min_dist": 0.2852540772079264}
{"t": 1784544467.4652984, "x": 4.785255273492107, "y": -1.7220062505897373, "zone": null, "min_dist": 0.28525527349210744}
{"t": 1784544467.6256793, "x": 4.785256483168349, "y": -1.7220062629698398, "zone": null, "min_dist": 0.2852564831683493}
{"t": 1784544467.777932, "x": 4.785257474592693, "y": -1.7220062949533919, "zone": null, "min_dist": 0.2852574745926928}
{"t": 1784544467.9301531, "x": 4.785258693551359, "y": -1.7220063462582045, "zone": null, "min_dist": 0.28525869355135924}
{"t": 1784544468.0825582, "x": 4.7852599241299645, "y": -1.7220064163909143, "zone": null, "min_dist": 0.2852599241299645}
{"t": 1784544468.2344193, "x": 4.785260927488849, "y": -1.7220064838479834, "zone": null, "min_dist": 0.28526092748884935}
{"t": 1784544468.3870618, "x": 4.785262152490184, "y": -1.7220065760048588, "zone": null, "min_dist": 0.2852621524901844}
{"t": 1784544468.5389724, "x": 4.785263374829841, "y": -1.7220066785511208, "zone": null, "min_dist": 0.28526337482984143}
{"t": 1784544468.699279, "x": 4.785264610207285, "y": -1.7220067886444816, "zone": null, "min_dist": 0.28526461020728533}
{"t": 1784544468.8514786, "x": 4.7852658553445275, "y": -1.722006905154928, "zone": null, "min_dist": 0.28526585534452753}
{"t": 1784544469.0041454, "x": 4.785266871614986, "y": -1.7220070009980648, "zone": null, "min_dist": 0.28526687161498643}
{"t": 1784544469.1641424, "x": 4.785268147915169, "y": -1.7220071333235993, "zone": null, "min_dist": 0.2852681479151693}
{"t": 1784544469.3166466, "x": 4.785269379637357, "y": -1.72200726044139, "zone": null, "min_dist": 0.28526937963735666}
{"t": 1784544469.4763844, "x": 4.785270545024118, "y": -1.7220073828729092, "zone": null, "min_dist": 0.28527054502411797}
{"t": 1784544469.6365972, "x": 4.785271770891801, "y": -1.7220075172699907, "zone": null, "min_dist": 0.2852717708918009}
{"t": 1784544469.7892556, "x": 4.785273028644097, "y": -1.722007652945909, "zone": null, "min_dist": 0.285273028644097}
{"t": 1784544469.9410963, "x": 4.785273985280806, "y": -1.7220077553759912, "zone": null, "min_dist": 0.2852739852808064}
{"t": 1784544470.0938094, "x": 4.785275248975851, "y": -1.72200789718951, "zone": null, "min_dist": 0.285275248975851}
{"t": 1784544470.2455285, "x": 4.78527644167136, "y": -1.7220080326214005, "zone": null, "min_dist": 0.28527644167135957}
{"t": 1784544470.3978684, "x": 4.785277157932121, "y": -1.7220081143439794, "zone": null, "min_dist": 0.2852771579321214}
{"t": 1784544470.5742087, "x": 4.785277157932121, "y": -1.7220081143439794, "zone": null, "min_dist": 0.2852771579321214}
{"t": 1784544470.7263854, "x": 4.785277157932121, "y": -1.7220081143439794, "zone": null, "min_dist": 0.2852771579321214}
{"t": 1784544470.8783925, "x": 4.785657292905457, "y": -1.7226611500434528, "zone": null, "min_dist": 0.2856572929054568}
{"t": 1784544471.0303407, "x": 4.785653953107194, "y": -1.7225449243406274, "zone": null, "min_dist": 0.285653953107194}
{"t": 1784544471.1826398, "x": 4.785651444826983, "y": -1.7224489268935423, "zone": null, "min_dist": 0.2856514448269829}
{"t": 1784544471.3350055, "x": 4.78564958362646, "y": -1.7223696414875407, "zone": null, "min_dist": 0.2856495836264603}
{"t": 1784544471.4875927, "x": 4.785648224332795, "y": -1.722304156603308, "zone": null, "min_dist": 0.28564822433279513}
{"t": 1784544471.6401656, "x": 4.785647298637971, "y": -1.7222500781176848, "zone": null, "min_dist": 0.2856472986379712}
{"t": 1784544471.7920609, "x": 4.78564674962182, "y": -1.7222054211024054, "zone": null, "min_dist": 0.2856467496218196}
{"t": 1784544471.9519732, "x": 4.785646510265598, "y": -1.722166802351474, "zone": null, "min_dist": 0.2856465102655976}
{"t": 1784544472.1043823, "x": 4.785646452405971, "y": -1.7221366634919884, "zone": null, "min_dist": 0.2856464524059712}
{"t": 1784544472.2566094, "x": 4.78564669725112, "y": -1.7221117984073793, "zone": null, "min_dist": 0.2856466972511198}
{"t": 1784544472.4167378, "x": 4.785647101012974, "y": -1.7220912804184445, "zone": null, "min_dist": 0.28564710101297397}
{"t": 1784544472.5769784, "x": 4.785647635164728, "y": -1.722073542110529, "zone": null, "min_dist": 0.2856476351647279}
{"t": 1784544472.7294674, "x": 4.785648368461815, "y": -1.7220590695469349, "zone": null, "min_dist": 0.28564836846181496}
{"t": 1784544472.881749, "x": 4.785649088263746, "y": -1.7220483286987494, "zone": null, "min_dist": 0.2856490882637459}
{"t": 1784544473.0339725, "x": 4.785649911847931, "y": -1.722038487742859, "zone": null, "min_dist": 0.28564991184793076}
{"t": 1784544473.186113, "x": 4.785650683073103, "y": -1.7220311910086108, "zone": null, "min_dist": 0.2856506830731034}
{"t": 1784544473.3382504, "x": 4.78565150935566, "y": -1.7220254379739106, "zone": null, "min_dist": 0.2856515093556604}
{"t": 1784544473.4908073, "x": 4.785652551937324, "y": -1.7220198427989444, "zone": null, "min_dist": 0.2856525519373241}
{"t": 1784544473.6426132, "x": 4.785653614596935, "y": -1.7220150794110243, "zone": null, "min_dist": 0.28565361459693506}
{"t": 1784544473.7956939, "x": 4.785654476346882, "y": -1.722012089191537, "zone": null, "min_dist": 0.285654476346882}
{"t": 1784544473.9468877, "x": 4.785655583632742, "y": -1.7220088476253816, "zone": null, "min_dist": 0.28565558363274235}
{"t": 1784544474.1071308, "x": 4.785656529275096, "y": -1.7220065856450597, "zone": null, "min_dist": 0.2856565292750961}
{"t": 1784544474.2594564, "x": 4.785657680314586, "y": -1.7220044430749808, "zone": null, "min_dist": 0.2856576803145856}
{"t": 1784544474.4116735, "x": 4.785658846464275, "y": -1.7220028152588613, "zone": null, "min_dist": 0.2856588464642753}
{"t": 1784544474.5641718, "x": 4.785659802782486, "y": -1.7220017504511018, "zone": null, "min_dist": 0.2856598027824857}
{"t": 1784544474.7161942, "x": 4.7856609530300585, "y": -1.7220006533339747, "zone": null, "min_dist": 0.28566095303005845}
{"t": 1784544474.8687298, "x": 4.785662142471673, "y": -1.72199974027345, "zone": null, "min_dist": 0.285662142471673}
{"t": 1784544475.028363, "x": 4.785663331124522, "y": -1.7219990651752572, "zone": null, "min_dist": 0.285663331124522}
{"t": 1784544475.1807816, "x": 4.785664269707173, "y": -1.7219986320538136, "zone": null, "min_dist": 0.28566426970717274}
{"t": 1784544475.3410988, "x": 4.785665410306073, "y": -1.7219981969638383, "zone": null, "min_dist": 0.2856654103060734}
{"t": 1784544475.4935005, "x": 4.785666587686623, "y": -1.7219978720915043, "zone": null, "min_dist": 0.2856665876866229}
{"t": 1784544475.6453419, "x": 4.785667785647272, "y": -1.7219976320033175, "zone": null, "min_dist": 0.2856677856472718}
{"t": 1784544475.806043, "x": 4.785669010909216, "y": -1.721997459304433, "zone": null, "min_dist": 0.28566901090921615}
{"t": 1784544475.9661984, "x": 4.785670281462872, "y": -1.7219973572306813, "zone": null, "min_dist": 0.2856702814628722}
{"t": 1784544476.126435, "x": 4.785671495545088, "y": -1.7219972906086551, "zone": null, "min_dist": 0.2856714955450883}
{"t": 1784544476.27869, "x": 4.785672709343, "y": -1.7219972625390256, "zone": null, "min_dist": 0.28567270934300026}
{"t": 1784544476.4312482, "x": 4.78567368011841, "y": -1.721997262264204, "zone": null, "min_dist": 0.28567368011840966}
{"t": 1784544476.5833344, "x": 4.785674936374985, "y": -1.7219972921998732, "zone": null, "min_dist": 0.28567493637498487}
{"t": 1784544476.7434974, "x": 4.785676175077023, "y": -1.7219973354629126, "zone": null, "min_dist": 0.2856761750770227}
{"t": 1784544476.8955212, "x": 4.785677437590601, "y": -1.7219974010793608, "zone": null, "min_dist": 0.2856774375906008}
{"t": 1784544477.0559063, "x": 4.785678652154143, "y": -1.7219974803819955, "zone": null, "min_dist": 0.285678652154143}
{"t": 1784544477.2080667, "x": 4.785679630100056, "y": -1.7219975505049996, "zone": null, "min_dist": 0.2856796301000557}
{"t": 1784544477.3602972, "x": 4.785680835767744, "y": -1.7219976475586547, "zone": null, "min_dist": 0.28568083576774406}
{"t": 1784544477.512721, "x": 4.785682057973993, "y": -1.721997750657956, "zone": null, "min_dist": 0.28568205797399315}
{"t": 1784544477.6727667, "x": 4.785683342416431, "y": -1.7219978699140186, "zone": null, "min_dist": 0.2856833424164309}
{"t": 1784544477.82622, "x": 4.785684335228864, "y": -1.7219979644135532, "zone": null, "min_dist": 0.28568433522886405}
{"t": 1784544477.9781938, "x": 4.785685577362072, "y": -1.7219980898733869, "zone": null, "min_dist": 0.2856855773620719}
{"t": 1784544478.1296732, "x": 4.785686831959138, "y": -1.72199822036862, "zone": null, "min_dist": 0.28568683195913813}
{"t": 1784544478.2819874, "x": 4.785688082079157, "y": -1.721998352173577, "zone": null, "min_dist": 0.2856880820791572}
{"t": 1784544478.4340448, "x": 4.785689057727824, "y": -1.721998456561033, "zone": null, "min_dist": 0.28568905772782394}
{"t": 1784544478.5943806, "x": 4.785690311518695, "y": -1.721998591211358, "zone": null, "min_dist": 0.28569031151869506}
{"t": 1784544478.754425, "x": 4.785691565344949, "y": -1.721998728548258, "zone": null, "min_dist": 0.28569156534494944}
{"t": 1784544478.9069197, "x": 4.785692782528863, "y": -1.721998864101494, "zone": null, "min_dist": 0.2856927825288631}
{"t": 1784544479.0589228, "x": 4.78569401253428, "y": -1.7219990031008725, "zone": null, "min_dist": 0.28569401253427973}
{"t": 1784544479.2111328, "x": 4.7856949961038975, "y": -1.721999115421147, "zone": null, "min_dist": 0.2856949961038975}
{"t": 1784544479.3634982, "x": 4.785696192164904, "y": -1.7219992501217185, "zone": null, "min_dist": 0.28569619216490416}
{"t": 1784544479.5156696, "x": 4.785697422752052, "y": -1.721999390282269, "zone": null, "min_dist": 0.2856974227520519}
{"t": 1784544479.6674473, "x": 4.7856984169873495, "y": -1.72199950181782, "zone": null, "min_dist": 0.28569841698734955}
{"t": 1784544479.8201025, "x": 4.785699639661885, "y": -1.7219996425749458, "zone": null, "min_dist": 0.2856996396618854}
{"t": 1784544479.9722912, "x": 4.785700828049941, "y": -1.7219997792634294, "zone": null, "min_dist": 0.2857008280499409}
{"t": 1784544480.124428, "x": 4.785702066929547, "y": -1.7219999236276986, "zone": null, "min_dist": 0.2857020669295469}
{"t": 1784544480.2847843, "x": 4.785703294786844, "y": -1.7220000652792542, "zone": null, "min_dist": 0.28570329478684364}
{"t": 1784544480.4370668, "x": 4.78570429033933, "y": -1.7220001804177065, "zone": null, "min_dist": 0.2857042903393303}
{"t": 1784544480.5892322, "x": 4.785705524606078, "y": -1.7220003230999996, "zone": null, "min_dist": 0.2857055246060778}
{"t": 1784544480.7416806, "x": 4.785706738227225, "y": -1.7220004606591286, "zone": null, "min_dist": 0.28570673822722537}
{"t": 1784544480.893454, "x": 4.785707450797369, "y": -1.7220005472690467, "zone": null, "min_dist": 0.2857074507973687}
{"t": 1784544481.0535765, "x": 4.785707450797369, "y": -1.7220005472690467, "zone": null, "min_dist": 0.2857074507973687}
{"t": 1784544481.2060735, "x": 4.785707450797369, "y": -1.7220005472690467, "zone": null, "min_dist": 0.2857074507973687}
{"t": 1784544481.3580832, "x": 4.785707450797369, "y": -1.7220005472690467, "zone": null, "min_dist": 0.2857074507973687}
{"t": 1784544481.5107908, "x": 4.7860646559106605, "y": -1.7225988935141026, "zone": null, "min_dist": 0.28606465591066055}
{"t": 1784544481.6627264, "x": 4.786065920448686, "y": -1.7224924046652335, "zone": null, "min_dist": 0.28606592044868595}
{"t": 1784544481.8151152, "x": 4.786066892249153, "y": -1.7224044198161375, "zone": null, "min_dist": 0.2860668922491527}
{"t": 1784544481.9675488, "x": 4.786067770956449, "y": -1.722331738184862, "zone": null, "min_dist": 0.286067770956449}
{"t": 1784544482.1273959, "x": 4.786068662670409, "y": -1.7222688474418848, "zone": null, "min_dist": 0.2860686626704094}
{"t": 1784544482.2793663, "x": 4.786069518065105, "y": -1.7222197630579672, "zone": null, "min_dist": 0.28606951806510494}
{"t": 1784544482.4319947, "x": 4.786070304448426, "y": -1.7221792188075775, "zone": null, "min_dist": 0.28607030444842607}
{"t": 1784544482.5843441, "x": 4.7860710806683615, "y": -1.7221457354228973, "zone": null, "min_dist": 0.2860710806683615}
{"t": 1784544482.7362504, "x": 4.786072173717558, "y": -1.7221181220548323, "zone": null, "min_dist": 0.28607217371755844}
{"t": 1784544482.8965254, "x": 4.786073666688527, "y": -1.722094293283168, "zone": null, "min_dist": 0.28607366668852663}
{"t": 1784544483.0489013, "x": 4.786075075152116, "y": -1.7220757145931989, "zone": null, "min_dist": 0.28607507515211594}
{"t": 1784544483.2010899, "x": 4.786076444138047, "y": -1.7220611317294727, "zone": null, "min_dist": 0.2860764441380468}
{"t": 1784544483.3534446, "x": 4.786077836742094, "y": -1.7220477595315535, "zone": null, "min_dist": 0.28607783674209397}
{"t": 1784544483.513901, "x": 4.786079121075763, "y": -1.7220378462972419, "zone": null, "min_dist": 0.2860791210757627}
{"t": 1784544483.6657257, "x": 4.786080568423124, "y": -1.7220283584488882, "zone": null, "min_dist": 0.2860805684231238}
{"t": 1784544483.818058, "x": 4.786081736939441, "y": -1.7220216930419527, "zone": null, "min_dist": 0.2860817369394413}
{"t": 1784544483.9704115, "x": 4.78608299740339, "y": -1.7220161663300098, "zone": null, "min_dist": 0.2860829974033896}
{"t": 1784544484.1227663, "x": 4.78608438740681, "y": -1.7220108852086766, "zone": null, "min_dist": 0.2860843874068104}
{"t": 1784544484.274556, "x": 4.786085419684873, "y": -1.7220075637045813, "zone": null, "min_dist": 0.28608541968487344}
{"t": 1784544484.4269416, "x": 4.786086660625009, "y": -1.7220041170465266, "zone": null, "min_dist": 0.286086660625009}
{"t": 1784544484.5801113, "x": 4.786087898470363, "y": -1.7220013229920688, "zone": null, "min_dist": 0.2860878984703632}
{"t": 1784544484.7396293, "x": 4.785746618091579, "y": -1.722645057047365, "zone": null, "min_dist": 0.2857466180915793}
{"t": 1784544484.8920574, "x": 4.785115588144926, "y": -1.7215619936935813, "zone": null, "min_dist": 0.2851155881449259}
{"t": 1784544485.0522895, "x": 4.782742405800997, "y": -1.7189687234530944, "zone": null, "min_dist": 0.2827424058009971}
{"t": 1784544485.2044861, "x": 4.7797284721359174, "y": -1.713369014473018, "zone": null, "min_dist": 0.27972847213591745}
{"t": 1784544485.3566196, "x": 4.776119936973291, "y": -1.704792487074283, "zone": null, "min_dist": 0.2761199369732914}
{"t": 1784544485.5089517, "x": 4.772981522414779, "y": -1.696589574940401, "zone": null, "min_dist": 0.2729815224147787}
{"t": 1784544485.6615176, "x": 4.770064665892422, "y": -1.6876746044039175, "zone": null, "min_dist": 0.27006466589242173}
{"t": 1784544485.8142164, "x": 4.766740068038215, "y": -1.6786676686153013, "zone": null, "min_dist": 0.2667400680382146}
{"t": 1784544485.9653587, "x": 4.76297746274747, "y": -1.66978205679023, "zone": null, "min_dist": 0.2629774627474699}
{"t": 1784544486.117338, "x": 4.761173721203911, "y": -1.6610803622058836, "zone": null, "min_dist": 0.26117372120391114}
{"t": 1784544486.269625, "x": 4.754725580137635, "y": -1.6484079300756205, "zone": null, "min_dist": 0.25472558013763535}
{"t": 1784544486.4219687, "x": 4.753842170763304, "y": -1.6467494421560491, "zone": null, "min_dist": 0.2538421707633036}
{"t": 1784544486.5740461, "x": 4.755358979331875, "y": -1.6491507274497745, "zone": null, "min_dist": 0.25535897933187535}
{"t": 1784544486.726568, "x": 4.756914977213713, "y": -1.6518293962948556, "zone": null, "min_dist": 0.2569149772137127}
{"t": 1784544486.878621, "x": 4.758015472163847, "y": -1.6533956500413483, "zone": null, "min_dist": 0.258015472163847}
{"t": 1784544487.0308242, "x": 4.758239210311345, "y": -1.6537991965471364, "zone": null, "min_dist": 0.2582392103113449}
{"t": 1784544487.1836424, "x": 4.758487428724183, "y": -1.6545441310316868, "zone": null, "min_dist": 0.25848742872418295}
{"t": 1784544487.3354049, "x": 4.760395775631165, "y": -1.6589128674789764, "zone": null, "min_dist": 0.26039577563116456}
{"t": 1784544487.4877346, "x": 4.7603739842507915, "y": -1.6588608497357191, "zone": null, "min_dist": 0.2603739842507915}
{"t": 1784544487.6398485, "x": 4.760236414049862, "y": -1.6585482225026376, "zone": null, "min_dist": 0.26023641404986186}
{"t": 1784544487.7921782, "x": 4.7600993712101305, "y": -1.6582312385052063, "zone": null, "min_dist": 0.2600993712101305}
{"t": 1784544487.9443486, "x": 4.759986663783822, "y": -1.6579692295279411, "zone": null, "min_dist": 0.2599866637838222}
{"t": 1784544488.1046436, "x": 4.759855262568875, "y": -1.6576640288899402, "zone": null, "min_dist": 0.25985526256887503}
{"t": 1784544488.2568192, "x": 4.759766994197354, "y": -1.6574577146977287, "zone": null, "min_dist": 0.2597669941973537}
{"t": 1784544488.409136, "x": 4.759696076437458, "y": -1.6572929653085915, "zone": null, "min_dist": 0.25969607643745807}
{"t": 1784544488.5614758, "x": 4.759629117009561, "y": -1.6571377489503, "zone": null, "min_dist": 0.2596291170095606}
{"t": 1784544488.7133183, "x": 4.759569045185239, "y": -1.6569970532655312, "zone": null, "min_dist": 0.2595690451852386}
{"t": 1784544488.8736343, "x": 4.759518192269741, "y": -1.656876930752661, "zone": null, "min_dist": 0.2595181922697414}
{"t": 1784544489.0261123, "x": 4.759495274882679, "y": -1.6568235744877595, "zone": null, "min_dist": 0.25949527488267865}
{"t": 1784544489.1782186, "x": 4.759454479882464, "y": -1.6567257085973122, "zone": null, "min_dist": 0.2594544798824643}
{"t": 1784544489.330355, "x": 4.7594350999517925, "y": -1.656680658677338, "zone": null, "min_dist": 0.2594350999517925}
{"t": 1784544489.482317, "x": 4.759425594865736, "y": -1.6566585902738888, "zone": null, "min_dist": 0.2594255948657356}
{"t": 1784544489.6347396, "x": 4.75942018974881, "y": -1.6566460587317913, "zone": null, "min_dist": 0.25942018974881}
{"t": 1784544489.7870557, "x": 4.759378419605132, "y": -1.6565464500976612, "zone": null, "min_dist": 0.25937841960513186}
{"t": 1784544489.9391806, "x": 4.75936999641494, "y": -1.6565269129867775, "zone": null, "min_dist": 0.2593699964149403}
{"t": 1784544490.0916247, "x": 4.759365739836399, "y": -1.6565170499505009, "zone": null, "min_dist": 0.2593657398363991}
{"t": 1784544490.2438817, "x": 4.759362822312638, "y": -1.6565102945896137, "zone": null, "min_dist": 0.25936282231263785}
{"t": 1784544490.4204626, "x": 4.759359926596366, "y": -1.6565035938214827, "zone": null, "min_dist": 0.25935992659636575}
{"t": 1784544490.5725834, "x": 4.75935771754776, "y": -1.656498485359122, "zone": null, "min_dist": 0.2593577175477604}
{"t": 1784544490.732782, "x": 4.759355992822521, "y": -1.6564944993719612, "zone": null, "min_dist": 0.2593559928225213}
{"t": 1784544490.8850713, "x": 4.759354394976438, "y": -1.6564908087925614, "zone": null, "min_dist": 0.2593543949764383}
{"t": 1784544491.037372, "x": 4.75935292024961, "y": -1.6564874047123557, "zone": null, "min_dist": 0.25935292024960965}
{"t": 1784544491.189489, "x": 4.759351742970943, "y": -1.6564846889411906, "zone": null, "min_dist": 0.2593517429709431}
{"t": 1784544491.3416786, "x": 4.759350795568155, "y": -1.6564825046565343, "zone": null, "min_dist": 0.2593507955681549}
{"t": 1784544491.4938433, "x": 4.75934977377064, "y": -1.6564801501337603, "zone": null, "min_dist": 0.25934977377063984}
{"t": 1784544491.6464245, "x": 4.759348661194232, "y": -1.6564775882638223, "zone": null, "min_dist": 0.25934866119423194}
{"t": 1784544491.7983587, "x": 4.759347827742012, "y": -1.6564756705244887, "zone": null, "min_dist": 0.2593478277420118}
{"t": 1784544491.9583998, "x": 4.7593473954276915, "y": -1.6564746758656455, "zone": null, "min_dist": 0.2593473954276915}
{"t": 1784544492.110825, "x": 4.759346535124099, "y": -1.6564726965785859, "zone": null, "min_dist": 0.25934653512409866}
{"t": 1784544492.263082, "x": 4.759346086872717, "y": -1.6564716654253608, "zone": null, "min_dist": 0.2593460868727169}
{"t": 1784544492.4152465, "x": 4.759345631074457, "y": -1.656470617023295, "zone": null, "min_dist": 0.2593456310744573}
{"t": 1784544492.5673113, "x": 4.759345176055325, "y": -1.6564695705051604, "zone": null, "min_dist": 0.2593451760553247}
{"t": 1784544492.7195191, "x": 4.759344722860545, "y": -1.6564685283235618, "zone": null, "min_dist": 0.2593447228605452}
{"t": 1784544492.871961, "x": 4.759344286515327, "y": -1.656467525147447, "zone": null, "min_dist": 0.2593442865153266}
{"t": 1784544493.0244424, "x": 4.759343848356609, "y": -1.656466517340558, "zone": null, "min_dist": 0.2593438483566093}
{"t": 1784544493.1769912, "x": 4.759343848356609, "y": -1.656466517340558, "zone": null, "min_dist": 0.2593438483566093}
{"t": 1784544493.328649, "x": 4.75907946218141, "y": -1.655927368668946, "zone": null, "min_dist": 0.2590794621814103}
{"t": 1784544493.4809244, "x": 4.757430498173081, "y": -1.652375860742599, "zone": null, "min_dist": 0.25743049817308084}
{"t": 1784544493.633396, "x": 4.753844902891377, "y": -1.6452113799474273, "zone": null, "min_dist": 0.25384490289137673}
{"t": 1784544493.7854826, "x": 4.7501282533400175, "y": -1.6380614647766936, "zone": null, "min_dist": 0.25012825334001754}
{"t": 1784544493.9375196, "x": 4.745812681504098, "y": -1.6311823855915266, "zone": null, "min_dist": 0.2458126815040984}
{"t": 1784544494.0898883, "x": 4.741331938527024, "y": -1.6243608553405782, "zone": null, "min_dist": 0.24133193852702384}
{"t": 1784544494.2421339, "x": 4.741009559052631, "y": -1.623871487630907, "zone": null, "min_dist": 0.24100955905263088}
{"t": 1784544494.3945673, "x": 4.739535176727648, "y": -1.6220545891880556, "zone": null, "min_dist": 0.23953517672764768}
{"t": 1784544494.5462303, "x": 4.735324768485569, "y": -1.6174157549076495, "zone": null, "min_dist": 0.23532476848556882}
{"t": 1784544494.6986015, "x": 4.7294176221065065, "y": -1.6114139134453576, "zone": null, "min_dist": 0.2294176221065065}
{"t": 1784544494.850871, "x": 4.7232990628441, "y": -1.605653920459571, "zone": null, "min_dist": 0.22329906284409962}
{"t": 1784544495.0031235, "x": 4.7169946964079, "y": -1.6000438357086335, "zone": null, "min_dist": 0.21699469640789992}
{"t": 1784544495.1553454, "x": 4.710644441250254, "y": -1.594411723670851, "zone": null, "min_dist": 0.2106444412502544}
{"t": 1784544495.3075967, "x": 4.704261054216389, "y": -1.5887772812118017, "zone": null, "min_dist": 0.2042610542163894}
{"t": 1784544495.467922, "x": 4.699942728685954, "y": -1.585154634446085, "zone": null, "min_dist": 0.1999427286859543}
{"t": 1784544495.6201372, "x": 4.698608629929618, "y": -1.5842371064041818, "zone": null, "min_dist": 0.19860862992961792}
{"t": 1784544495.7728615, "x": 4.697278026185884, "y": -1.5833294494372931, "zone": null, "min_dist": 0.19727802618588441}
{"t": 1784544495.9251509, "x": 4.695951029807869, "y": -1.5824317921224327, "zone": null, "min_dist": 0.19595102980786905}
{"t": 1784544496.0776403, "x": 4.694627348752536, "y": -1.5815429381373733, "zone": null, "min_dist": 0.19462734875253584}
{"t": 1784544496.2292075, "x": 4.693306564388138, "y": -1.5806614713997988, "zone": null, "min_dist": 0.19330656438813776}
{"t": 1784544496.3819873, "x": 4.692547759652765, "y": -1.580094300966204, "zone": null, "min_dist": 0.19254775965276494}
{"t": 1784544496.5574052, "x": 4.692547752405282, "y": -1.580094295512582, "zone": null, "min_dist": 0.19254775240528232}
{"t": 1784544496.7099204, "x": 4.6925477522268935, "y": -1.5800942953780304, "zone": null, "min_dist": 0.19254775222689346}
{"t": 1784544496.8615165, "x": 4.692547752163363, "y": -1.5800942953301025, "zone": null, "min_dist": 0.19254775216336295}
{"t": 1784544497.014016, "x": 4.692547752153659, "y": -1.580094295322778, "zone": null, "min_dist": 0.1925477521536587}
{"t": 1784544497.1666212, "x": 4.69254775215209, "y": -1.5800942953215822, "zone": null, "min_dist": 0.1925477521520902}
{"t": 1784544497.3185225, "x": 4.692547752155326, "y": -1.580094295324017, "zone": null, "min_dist": 0.19254775215532582}
{"t": 1784544497.4709582, "x": 4.692547752155326, "y": -1.580094295324017, "zone": null, "min_dist": 0.19254775215532582}
{"t": 1784544497.6231244, "x": 4.692547752159399, "y": -1.580094295327082, "zone": null, "min_dist": 0.192547752159399}
{"t": 1784544497.7753034, "x": 4.692547752163821, "y": -1.5800942953304122, "zone": null, "min_dist": 0.19254775216382125}
{"t": 1784544497.927365, "x": 4.692547752163821, "y": -1.5800942953304122, "zone": null, "min_dist": 0.19254775216382125}
{"t": 1784544498.0793338, "x": 4.6925477521682515, "y": -1.5800942953337493, "zone": null, "min_dist": 0.19254775216825148}
{"t": 1784544498.2314327, "x": 4.6925477521682515, "y": -1.5800942953337493, "zone": null, "min_dist": 0.19254775216825148}
{"t": 1784544498.3838036, "x": 4.6925477521682515, "y": -1.5800942953337493, "zone": null, "min_dist": 0.19254775216825148}
{"t": 1784544498.536625, "x": 4.6925477521682515, "y": -1.5800942953337493, "zone": null, "min_dist": 0.19254775216825148}
{"t": 1784544498.6886625, "x": 4.692547752172706, "y": -1.5800942953371049, "zone": null, "min_dist": 0.1925477521727057}
{"t": 1784544498.8410604, "x": 4.692547752172706, "y": -1.5800942953371049, "zone": null, "min_dist": 0.1925477521727057}
{"t": 1784544498.9932377, "x": 4.692547752172706, "y": -1.5800942953371049, "zone": null, "min_dist": 0.1925477521727057}
{"t": 1784544499.1455624, "x": 4.692547752172706, "y": -1.5800942953371049, "zone": null, "min_dist": 0.1925477521727057}
{"t": 1784544499.2979941, "x": 4.692547752172706, "y": -1.5800942953371049, "zone": null, "min_dist": 0.1925477521727057}
{"t": 1784544499.450481, "x": 4.692547752172706, "y": -1.5800942953371049, "zone": null, "min_dist": 0.1925477521727057}
{"t": 1784544499.6029577, "x": 4.692547752172706, "y": -1.5800942953371049, "zone": null, "min_dist": 0.1925477521727057}
{"t": 1784544499.754732, "x": 4.692547752172706, "y": -1.5800942953371049, "zone": null, "min_dist": 0.1925477521727057}
{"t": 1784544499.9071667, "x": 4.692547752172706, "y": -1.5800942953371049, "zone": null, "min_dist": 0.1925477521727057}
{"t": 1784544500.0591972, "x": 4.692547752172706, "y": -1.5800942953371049, "zone": null, "min_dist": 0.1925477521727057}
{"t": 1784544500.2114894, "x": 4.692547752172706, "y": -1.5800942953371049, "zone": null, "min_dist": 0.1925477521727057}
{"t": 1784544500.3637612, "x": 4.692547752172706, "y": -1.5800942953371049, "zone": null, "min_dist": 0.1925477521727057}
{"t": 1784544500.516141, "x": 4.692547752172706, "y": -1.5800942953371049, "zone": null, "min_dist": 0.1925477521727057}
{"t": 1784544500.6761103, "x": 4.692547752172706, "y": -1.5800942953371049, "zone": null, "min_dist": 0.1925477521727057}
{"t": 1784544500.8284762, "x": 4.692547752172706, "y": -1.5800942953371049, "zone": null, "min_dist": 0.1925477521727057}
{"t": 1784544500.988427, "x": 4.692547752172706, "y": -1.5800942953371049, "zone": null, "min_dist": 0.1925477521727057}
{"t": 1784544501.1409502, "x": 4.692547752172706, "y": -1.5800942953371049, "zone": null, "min_dist": 0.1925477521727057}
{"t": 1784544501.2933207, "x": 4.692547529216229, "y": -1.580094128000804, "zone": null, "min_dist": 0.1925475292162293}
{"t": 1784544501.4534752, "x": 4.692542741465833, "y": -1.580090634655124, "zone": null, "min_dist": 0.19254274146583317}
{"t": 1784544501.6057224, "x": 4.692537091638522, "y": -1.5800869729850213, "zone": null, "min_dist": 0.19253709163852228}
{"t": 1784544501.7574594, "x": 4.692530585349041, "y": -1.580083556621055, "zone": null, "min_dist": 0.19253058534904088}
{"t": 1784544501.9096763, "x": 4.692524089992443, "y": -1.580080816332237, "zone": null, "min_dist": 0.19252408999244341}
{"t": 1784544502.0623195, "x": 4.692518988175376, "y": -1.5800789071453845, "zone": null, "min_dist": 0.19251898817537594}
{"t": 1784544502.2144043, "x": 4.692518988175376, "y": -1.5800789071453845, "zone": null, "min_dist": 0.19251898817537594}
{"t": 1784544502.366567, "x": 4.692518988175376, "y": -1.5800789071453845, "zone": null, "min_dist": 0.19251898817537594}
{"t": 1784544502.5190206, "x": 4.692518988175376, "y": -1.5800789071453845, "zone": null, "min_dist": 0.19251898817537594}
{"t": 1784544502.67113, "x": 4.692518988175376, "y": -1.5800789071453845, "zone": null, "min_dist": 0.19251898817537594}
{"t": 1784544502.823381, "x": 4.692518988175376, "y": -1.5800789071453845, "zone": null, "min_dist": 0.19251898817537594}
{"t": 1784544502.9754705, "x": 4.692518988175376, "y": -1.5800789071453845, "zone": null, "min_dist": 0.19251898817537594}
{"t": 1784544503.1278327, "x": 4.692518988175376, "y": -1.5800789071453845, "zone": null, "min_dist": 0.19251898817537594}
{"t": 1784544503.2796977, "x": 4.692518988175376, "y": -1.5800789071453845, "zone": null, "min_dist": 0.19251898817537594}
{"t": 1784544503.431881, "x": 4.692518988175376, "y": -1.5800789071453845, "zone": null, "min_dist": 0.19251898817537594}
{"t": 1784544503.5844772, "x": 4.692518988175376, "y": -1.5800789071453845, "zone": null, "min_dist": 0.19251898817537594}
{"t": 1784544503.7363546, "x": 4.692518988175376, "y": -1.5800789071453845, "zone": null, "min_dist": 0.19251898817537594}
{"t": 1784544503.8963897, "x": 4.692518988175376, "y": -1.5800789071453845, "zone": null, "min_dist": 0.19251898817537594}
{"t": 1784544504.0487647, "x": 4.692518988175376, "y": -1.5800789071453845, "zone": null, "min_dist": 0.19251898817537594}
{"t": 1784544504.2009335, "x": 4.692518988175376, "y": -1.5800789071453845, "zone": null, "min_dist": 0.19251898817537594}
{"t": 1784544504.353537, "x": 4.692518988175376, "y": -1.5800789071453845, "zone": null, "min_dist": 0.19251898817537594}
{"t": 1784544504.5054038, "x": 4.692518988175376, "y": -1.5800789071453845, "zone": null, "min_dist": 0.19251898817537594}
{"t": 1784544504.6654913, "x": 4.692518988175376, "y": -1.5800789071453845, "zone": null, "min_dist": 0.19251898817537594}
{"t": 1784544504.8182735, "x": 4.692518988175376, "y": -1.5800789071453845, "zone": null, "min_dist": 0.19251898817537594}
{"t": 1784544504.9701962, "x": 4.692518988175376, "y": -1.5800789071453845, "zone": null, "min_dist": 0.19251898817537594}
{"t": 1784544505.122335, "x": 4.692518988175376, "y": -1.5800789071453845, "zone": null, "min_dist": 0.19251898817537594}
{"t": 1784544505.2746162, "x": 4.692518988175376, "y": -1.5800789071453845, "zone": null, "min_dist": 0.19251898817537594}
{"t": 1784544505.4270604, "x": 4.692518988175376, "y": -1.5800789071453845, "zone": null, "min_dist": 0.19251898817537594}
{"t": 1784544505.5792413, "x": 4.692518988175376, "y": -1.5800789071453845, "zone": null, "min_dist": 0.19251898817537594}
{"t": 1784544505.7315226, "x": 4.692518988175376, "y": -1.5800789071453845, "zone": null, "min_dist": 0.19251898817537594}
{"t": 1784544505.883678, "x": 4.692518988175376, "y": -1.5800789071453845, "zone": null, "min_dist": 0.19251898817537594}
{"t": 1784544506.0363066, "x": 4.692518988175376, "y": -1.5800789071453845, "zone": null, "min_dist": 0.19251898817537594}
{"t": 1784544506.1884925, "x": 4.692518988175376, "y": -1.5800789071453845, "zone": null, "min_dist": 0.19251898817537594}
{"t": 1784544506.340639, "x": 4.692518988175376, "y": -1.5800789071453845, "zone": null, "min_dist": 0.19251898817537594}
{"t": 1784544506.4927301, "x": 4.692518988175376, "y": -1.5800789071453845, "zone": null, "min_dist": 0.19251898817537594}
{"t": 1784544506.6448803, "x": 4.692518988175376, "y": -1.5800789071453845, "zone": null, "min_dist": 0.19251898817537594}
{"t": 1784544506.7975748, "x": 4.692518988175376, "y": -1.5800789071453845, "zone": null, "min_dist": 0.19251898817537594}
{"t": 1784544506.9735944, "x": 4.692518988175376, "y": -1.5800789071453845, "zone": null, "min_dist": 0.19251898817537594}
{"t": 1784544507.1336102, "x": 4.692518988175376, "y": -1.5800789071453845, "zone": null, "min_dist": 0.19251898817537594}
{"t": 1784544507.2942793, "x": 4.692518988175376, "y": -1.5800789071453845, "zone": null, "min_dist": 0.19251898817537594}
