[INFO] [1784268027.799621399] [cmd_vel_guard]: Zones loaded: 2
[INFO] [1784268027.799825776] [cmd_vel_guard]: CBF margin: 0.1m (real-time control)
[INFO] [1784268027.799963831] [cmd_vel_guard]: SSM base margin: 0.05m (velocity-dependent)
[INFO] [1784268027.803630503] [cmd_vel_guard]: Spoof detection ON [memoryless]: amcl=/amcl_pose, offset_thresh=0.95m, jump_thresh=0.45m, enforce_pose=amcl
[INFO] [1784268027.804074453] [cmd_vel_guard]: DEBUG subscriptions:
[INFO] [1784268027.804331147] [cmd_vel_guard]:   cmd_sub topic: /cmd_vel_nav
[INFO] [1784268027.804557465] [cmd_vel_guard]:   odom_sub topic: /odom
[INFO] [1784268027.804784665] [cmd_vel_guard]:   nav_state_sub topic: /geofence/nav_state
[INFO] [1784268027.805272035] [cmd_vel_guard]: ============================================================
[INFO] [1784268027.805533969] [cmd_vel_guard]: Cmd Vel Guard node initialized
[INFO] [1784268027.805791384] [cmd_vel_guard]: Safety method: geofence
[INFO] [1784268027.806145108] [cmd_vel_guard]: Input: /cmd_vel_nav -> Output: /cmd_vel
[INFO] [1784268027.806447486] [cmd_vel_guard]: Simulated comm latency: 50ms
[INFO] [1784268027.806555386] [cmd_vel_guard]:   Mode: Forward Simulation
[INFO] [1784268027.806682180] [cmd_vel_guard]:   Horizon: 1.0s, Steps: 10
[INFO] [1784268027.806791732] [cmd_vel_guard]:   Margin: 0.562m
[INFO] [1784268027.807047635] [cmd_vel_guard]: ============================================================
[INFO] [1784268031.167025024] [cmd_vel_guard]: [HEARTBEAT #1] cmds=0, odom=yes, nav_approved=False, pos=(-0.00,0.00)
[INFO] [1784268033.868599329] [cmd_vel_guard]: [HEARTBEAT #2] cmds=0, odom=yes, nav_approved=False, pos=(-0.00,0.00)
[INFO] [1784268037.647092614] [cmd_vel_guard]: Guard status: cmds=1, nav_approved=False, odom=yes, pos=(-0.00,0.00), passed=0, blocked=0
[INFO] [1784268038.876131699] [cmd_vel_guard]: [HEARTBEAT #3] cmds=1, odom=yes, nav_approved=False, pos=(-0.00,0.00)
[INFO] [1784268043.883918060] [cmd_vel_guard]: [HEARTBEAT #4] cmds=3, odom=yes, nav_approved=False, pos=(-0.00,0.00)
[INFO] [1784268048.891602500] [cmd_vel_guard]: [HEARTBEAT #5] cmds=4, odom=yes, nav_approved=False, pos=(-0.00,0.00)
[INFO] [1784268053.998955080] [cmd_vel_guard]: [HEARTBEAT #6] cmds=5, odom=yes, nav_approved=False, pos=(-0.00,0.00)
[INFO] [1784268059.007457454] [cmd_vel_guard]: [HEARTBEAT #7] cmds=5, odom=yes, nav_approved=False, pos=(-0.00,0.00)
[INFO] [1784268064.015145248] [cmd_vel_guard]: [HEARTBEAT #8] cmds=5, odom=yes, nav_approved=False, pos=(-0.00,0.00)
[INFO] [1784268069.022608649] [cmd_vel_guard]: [HEARTBEAT #9] cmds=5, odom=yes, nav_approved=False, pos=(-0.00,0.00)
[INFO] [1784268074.030521148] [cmd_vel_guard]: [HEARTBEAT #10] cmds=5, odom=yes, nav_approved=False, pos=(-0.00,0.00)
[INFO] [1784268079.040029083] [cmd_vel_guard]: [HEARTBEAT #11] cmds=5, odom=yes, nav_approved=False, pos=(-0.00,0.00)
[INFO] [1784268080.795131339] [cmd_vel_guard]: Navigation authorized
[INFO] [1784268083.114133043] [cmd_vel_guard]: Guard status: cmds=51, nav_approved=True, odom=yes, pos=(0.37,-0.01), passed=50, blocked=0
[INFO] [1784268084.135934615] [cmd_vel_guard]: [HEARTBEAT #12] cmds=70, odom=yes, nav_approved=True, pos=(0.59,-0.02)
[INFO] [1784268084.646217421] [cmd_vel_guard]: [spoofmon] d_abs=0.038 jump=0.031 max_jump=0.031 c=(0.12,-0.00)
[INFO] [1784268085.669055553] [cmd_vel_guard]: Guard status: cmds=101, nav_approved=True, odom=yes, pos=(0.91,-0.03), passed=100, blocked=0
[INFO] [1784268088.219629830] [cmd_vel_guard]: Guard status: cmds=151, nav_approved=True, odom=yes, pos=(1.45,-0.06), passed=150, blocked=0
[INFO] [1784268089.138415281] [cmd_vel_guard]: [HEARTBEAT #13] cmds=168, odom=yes, nav_approved=True, pos=(1.64,-0.08)
[INFO] [1784268089.700467921] [cmd_vel_guard]: [spoofmon] d_abs=0.140 jump=0.005 max_jump=0.031 c=(0.22,0.02)
[INFO] [1784268090.774739466] [cmd_vel_guard]: Guard status: cmds=201, nav_approved=True, odom=yes, pos=(1.96,-0.09), passed=200, blocked=0
[INFO] [1784268093.324380306] [cmd_vel_guard]: Guard status: cmds=251, nav_approved=True, odom=yes, pos=(2.50,-0.11), passed=250, blocked=0
[INFO] [1784268094.142162985] [cmd_vel_guard]: [HEARTBEAT #14] cmds=266, odom=yes, nav_approved=True, pos=(2.67,-0.12)
[INFO] [1784268094.704859194] [cmd_vel_guard]: [spoofmon] d_abs=0.150 jump=0.012 max_jump=0.031 c=(0.21,0.08)
[INFO] [1784268095.878118746] [cmd_vel_guard]: Guard status: cmds=301, nav_approved=True, odom=yes, pos=(3.05,-0.14), passed=300, blocked=0
[INFO] [1784268098.427881193] [cmd_vel_guard]: Guard status: cmds=351, nav_approved=True, odom=yes, pos=(3.58,-0.18), passed=350, blocked=0
[INFO] [1784268099.143356621] [cmd_vel_guard]: [HEARTBEAT #15] cmds=364, odom=yes, nav_approved=True, pos=(3.73,-0.19)
[INFO] [1784268099.705591873] [cmd_vel_guard]: [spoofmon] d_abs=0.174 jump=0.007 max_jump=0.031 c=(0.19,0.14)
[INFO] [1784268100.776294994] [cmd_vel_guard]: Navigation completed
[WARN] [1784268100.776893281] [cmd_vel_guard]: BLOCKED (unapproved): cmd_vel without goal_gate authorization (speed=0.16m/s, pos=(4.07, -0.19))
[INFO] [1784268100.779223204] [cmd_vel_guard]: Guard status: cmds=401, nav_approved=False, odom=yes, pos=(4.10,-0.18), passed=396, blocked=4
