[INFO] [1784261254.064280912] [cmd_vel_guard]: Zones loaded: 2
[INFO] [1784261254.064481774] [cmd_vel_guard]: CBF margin: 0.1m (real-time control)
[INFO] [1784261254.064618020] [cmd_vel_guard]: SSM base margin: 0.05m (velocity-dependent)
[INFO] [1784261254.068295671] [cmd_vel_guard]: Spoof detection ON [cusum]: amcl=/amcl_pose, offset_thresh=0.95m, jump_thresh=0.45m, enforce_pose=amcl
[INFO] [1784261254.068712424] [cmd_vel_guard]: DEBUG subscriptions:
[INFO] [1784261254.068941531] [cmd_vel_guard]:   cmd_sub topic: /cmd_vel_nav
[INFO] [1784261254.069156640] [cmd_vel_guard]:   odom_sub topic: /odom
[INFO] [1784261254.069373293] [cmd_vel_guard]:   nav_state_sub topic: /geofence/nav_state
[INFO] [1784261254.069930439] [cmd_vel_guard]: ============================================================
[INFO] [1784261254.070176920] [cmd_vel_guard]: Cmd Vel Guard node initialized
[INFO] [1784261254.070411226] [cmd_vel_guard]: Safety method: geofence
[INFO] [1784261254.070679850] [cmd_vel_guard]: Input: /cmd_vel_nav -> Output: /cmd_vel
[INFO] [1784261254.070928976] [cmd_vel_guard]: Simulated comm latency: 50ms
[INFO] [1784261254.071019222] [cmd_vel_guard]:   Mode: Forward Simulation
[INFO] [1784261254.071113065] [cmd_vel_guard]:   Horizon: 1.0s, Steps: 10
[INFO] [1784261254.071215705] [cmd_vel_guard]:   Margin: 0.562m
[INFO] [1784261254.071458519] [cmd_vel_guard]: ============================================================
[INFO] [1784261257.140773010] [cmd_vel_guard]: [HEARTBEAT #1] cmds=0, odom=yes, nav_approved=False, pos=(-0.00,0.00)
[INFO] [1784261260.176871049] [cmd_vel_guard]: [HEARTBEAT #2] cmds=0, odom=yes, nav_approved=False, pos=(-0.00,0.00)
[INFO] [1784261265.184560243] [cmd_vel_guard]: [HEARTBEAT #3] cmds=0, odom=yes, nav_approved=False, pos=(-0.00,0.00)
[INFO] [1784261270.286483250] [cmd_vel_guard]: [HEARTBEAT #4] cmds=0, odom=yes, nav_approved=False, pos=(-0.00,0.00)
[INFO] [1784261275.293782073] [cmd_vel_guard]: [HEARTBEAT #5] cmds=0, odom=yes, nav_approved=False, pos=(-0.00,0.00)
[INFO] [1784261280.300799907] [cmd_vel_guard]: [HEARTBEAT #6] cmds=0, odom=yes, nav_approved=False, pos=(-0.00,0.00)
[INFO] [1784261285.308270739] [cmd_vel_guard]: [HEARTBEAT #7] cmds=0, odom=yes, nav_approved=False, pos=(-0.00,0.00)
[INFO] [1784261290.315059790] [cmd_vel_guard]: [HEARTBEAT #8] cmds=0, odom=yes, nav_approved=False, pos=(-0.00,0.00)
[INFO] [1784261295.322599867] [cmd_vel_guard]: [HEARTBEAT #9] cmds=0, odom=yes, nav_approved=False, pos=(-0.00,0.00)
[INFO] [1784261298.188734291] [cmd_vel_guard]: Navigation authorized
[INFO] [1784261298.212989342] [cmd_vel_guard]: Guard status: cmds=1, nav_approved=True, odom=yes, pos=(-0.00,0.00), passed=0, blocked=0
[INFO] [1784261300.409244710] [cmd_vel_guard]: [HEARTBEAT #10] cmds=43, odom=yes, nav_approved=True, pos=(0.34,-0.01)
[INFO] [1784261300.767337353] [cmd_vel_guard]: Guard status: cmds=51, nav_approved=True, odom=yes, pos=(0.42,-0.01), passed=50, blocked=0
[INFO] [1784261302.555977687] [cmd_vel_guard]: [spoofmon] d_abs=0.046 jump=0.021 max_jump=0.025 c=(0.13,0.01)
[INFO] [1784261303.319008007] [cmd_vel_guard]: Guard status: cmds=101, nav_approved=True, odom=yes, pos=(0.96,-0.03), passed=100, blocked=0
[INFO] [1784261305.414489282] [cmd_vel_guard]: [HEARTBEAT #11] cmds=141, odom=yes, nav_approved=True, pos=(1.40,-0.04)
[INFO] [1784261305.874038324] [cmd_vel_guard]: Guard status: cmds=151, nav_approved=True, odom=yes, pos=(1.49,-0.04), passed=150, blocked=0
[INFO] [1784261307.561207266] [cmd_vel_guard]: [spoofmon] d_abs=0.179 jump=0.005 max_jump=0.033 c=(0.26,0.02)
[INFO] [1784261308.430624297] [cmd_vel_guard]: Guard status: cmds=201, nav_approved=True, odom=yes, pos=(2.03,-0.07), passed=200, blocked=0
[INFO] [1784261310.424305670] [cmd_vel_guard]: [HEARTBEAT #12] cmds=239, odom=yes, nav_approved=True, pos=(2.44,-0.10)
[INFO] [1784261310.986854939] [cmd_vel_guard]: Guard status: cmds=251, nav_approved=True, odom=yes, pos=(2.56,-0.10), passed=250, blocked=0
[INFO] [1784261312.568800093] [cmd_vel_guard]: [spoofmon] d_abs=0.139 jump=0.013 max_jump=0.033 c=(0.21,0.07)
[INFO] [1784261313.537336798] [cmd_vel_guard]: Guard status: cmds=301, nav_approved=True, odom=yes, pos=(3.10,-0.11), passed=300, blocked=0
[INFO] [1784261315.428177923] [cmd_vel_guard]: [HEARTBEAT #13] cmds=337, odom=yes, nav_approved=True, pos=(3.49,-0.12)
[INFO] [1784261316.092567133] [cmd_vel_guard]: Guard status: cmds=351, nav_approved=True, odom=yes, pos=(3.64,-0.13), passed=350, blocked=0
[INFO] [1784261317.574504638] [cmd_vel_guard]: [spoofmon] d_abs=0.159 jump=0.008 max_jump=0.033 c=(0.18,0.13)
[INFO] [1784261318.239553447] [cmd_vel_guard]: Navigation completed
[WARN] [1784261318.240301670] [cmd_vel_guard]: BLOCKED (unapproved): cmd_vel without goal_gate authorization (speed=0.13m/s, pos=(4.09, -0.16))
[INFO] [1784261318.345166526] [cmd_vel_guard]: Guard status: cmds=401, nav_approved=False, odom=yes, pos=(4.15,-0.16), passed=394, blocked=6
