[INFO] [1784263616.844830407] [cmd_vel_guard]: Zones loaded: 2
[INFO] [1784263616.845033811] [cmd_vel_guard]: CBF margin: 0.1m (real-time control)
[INFO] [1784263616.845168542] [cmd_vel_guard]: SSM base margin: 0.05m (velocity-dependent)
[INFO] [1784263616.849168099] [cmd_vel_guard]: Spoof detection ON [cusum]: amcl=/amcl_pose, offset_thresh=0.95m, jump_thresh=0.45m, enforce_pose=amcl
[INFO] [1784263616.849606228] [cmd_vel_guard]: DEBUG subscriptions:
[INFO] [1784263616.849854459] [cmd_vel_guard]:   cmd_sub topic: /cmd_vel_nav
[INFO] [1784263616.850080927] [cmd_vel_guard]:   odom_sub topic: /odom
[INFO] [1784263616.850307937] [cmd_vel_guard]:   nav_state_sub topic: /geofence/nav_state
[INFO] [1784263616.850842051] [cmd_vel_guard]: ============================================================
[INFO] [1784263616.851095042] [cmd_vel_guard]: Cmd Vel Guard node initialized
[INFO] [1784263616.851341309] [cmd_vel_guard]: Safety method: geofence
[INFO] [1784263616.851626852] [cmd_vel_guard]: Input: /cmd_vel_nav -> Output: /cmd_vel
[INFO] [1784263616.851892186] [cmd_vel_guard]: Simulated comm latency: 100ms
[INFO] [1784263616.851987931] [cmd_vel_guard]:   Mode: Forward Simulation
[INFO] [1784263616.852086823] [cmd_vel_guard]:   Horizon: 1.0s, Steps: 10
[INFO] [1784263616.852194251] [cmd_vel_guard]:   Margin: 0.562m
[INFO] [1784263616.852450387] [cmd_vel_guard]: ============================================================
[INFO] [1784263617.786064452] [cmd_vel_guard]: [HEARTBEAT #1] cmds=0, odom=no, nav_approved=False, pos=(0.00,0.00)
[INFO] [1784263620.621387856] [cmd_vel_guard]: [HEARTBEAT #2] cmds=0, odom=yes, nav_approved=False, pos=(-0.00,0.00)
[INFO] [1784263625.629857458] [cmd_vel_guard]: [HEARTBEAT #3] cmds=0, odom=yes, nav_approved=False, pos=(-0.00,0.00)
[INFO] [1784263626.045995271] [cmd_vel_guard]: Guard status: cmds=1, nav_approved=False, odom=yes, pos=(-0.00,0.00), passed=0, blocked=0
[INFO] [1784263630.638724823] [cmd_vel_guard]: [HEARTBEAT #4] cmds=31, odom=yes, nav_approved=False, pos=(-0.00,0.00)
[INFO] [1784263635.657424341] [cmd_vel_guard]: [HEARTBEAT #5] cmds=33, odom=yes, nav_approved=False, pos=(-0.00,0.00)
[INFO] [1784263640.753583791] [cmd_vel_guard]: [HEARTBEAT #6] cmds=34, odom=yes, nav_approved=False, pos=(-0.00,0.00)
[INFO] [1784263645.761413663] [cmd_vel_guard]: [HEARTBEAT #7] cmds=34, odom=yes, nav_approved=False, pos=(-0.00,0.00)
[INFO] [1784263650.768535853] [cmd_vel_guard]: [HEARTBEAT #8] cmds=34, odom=yes, nav_approved=False, pos=(-0.00,0.00)
[INFO] [1784263655.775908030] [cmd_vel_guard]: [HEARTBEAT #9] cmds=34, odom=yes, nav_approved=False, pos=(-0.00,0.00)
[INFO] [1784263660.782561885] [cmd_vel_guard]: [HEARTBEAT #10] cmds=34, odom=yes, nav_approved=False, pos=(-0.00,0.00)
[INFO] [1784263665.789644351] [cmd_vel_guard]: [HEARTBEAT #11] cmds=34, odom=yes, nav_approved=False, pos=(-0.00,0.00)
[INFO] [1784263669.849806357] [cmd_vel_guard]: Navigation authorized
[INFO] [1784263670.986576858] [cmd_vel_guard]: [HEARTBEAT #12] cmds=45, odom=yes, nav_approved=True, pos=(0.10,-0.00)
[INFO] [1784263671.492507630] [cmd_vel_guard]: Guard status: cmds=51, nav_approved=True, odom=yes, pos=(0.21,-0.01), passed=50, blocked=0
[INFO] [1784263674.425244388] [cmd_vel_guard]: [spoofmon] d_abs=0.022 jump=0.016 max_jump=0.016 c=(0.11,0.01)
[INFO] [1784263675.942176273] [cmd_vel_guard]: [HEARTBEAT #13] cmds=94, odom=yes, nav_approved=True, pos=(1.15,-0.03)
[INFO] [1784263676.548351820] [cmd_vel_guard]: Guard status: cmds=101, nav_approved=True, odom=yes, pos=(1.26,-0.04), passed=100, blocked=0
[INFO] [1784263679.479638794] [cmd_vel_guard]: [spoofmon] d_abs=0.173 jump=0.005 max_jump=0.043 c=(0.26,0.03)
[INFO] [1784263680.997875644] [cmd_vel_guard]: [HEARTBEAT #14] cmds=144, odom=yes, nav_approved=True, pos=(2.19,-0.02)
[INFO] [1784263681.605233707] [cmd_vel_guard]: Guard status: cmds=151, nav_approved=True, odom=yes, pos=(2.32,-0.03), passed=150, blocked=0
[INFO] [1784263684.639356140] [cmd_vel_guard]: [spoofmon] d_abs=0.128 jump=0.012 max_jump=0.043 c=(0.18,0.10)
[INFO] [1784263685.954580134] [cmd_vel_guard]: [HEARTBEAT #15] cmds=193, odom=yes, nav_approved=True, pos=(3.23,-0.14)
[INFO] [1784263686.662954980] [cmd_vel_guard]: Guard status: cmds=201, nav_approved=True, odom=yes, pos=(3.37,-0.15), passed=200, blocked=0
[INFO] [1784263689.595602594] [cmd_vel_guard]: [spoofmon] d_abs=0.177 jump=0.013 max_jump=0.043 c=(0.19,0.16)
[INFO] [1784263690.000186578] [cmd_vel_guard]: Navigation completed
[WARN] [1784263690.001036671] [cmd_vel_guard]: BLOCKED (unapproved): cmd_vel without goal_gate authorization (speed=0.12m/s, pos=(4.07, -0.19))
