[INFO] [1784275649.321044491] [cmd_vel_guard]: Zones loaded: 2
[INFO] [1784275649.321246654] [cmd_vel_guard]: CBF margin: 0.1m (real-time control)
[INFO] [1784275649.321383829] [cmd_vel_guard]: SSM base margin: 0.05m (velocity-dependent)
[INFO] [1784275649.325508485] [cmd_vel_guard]: Spoof detection ON [cusum]: amcl=/amcl_pose, offset_thresh=0.95m, jump_thresh=0.45m, enforce_pose=amcl
[INFO] [1784275649.326024159] [cmd_vel_guard]: DEBUG subscriptions:
[INFO] [1784275649.326261425] [cmd_vel_guard]:   cmd_sub topic: /cmd_vel_nav
[INFO] [1784275649.326485527] [cmd_vel_guard]:   odom_sub topic: /odom
[INFO] [1784275649.326712303] [cmd_vel_guard]:   nav_state_sub topic: /geofence/nav_state
[INFO] [1784275649.327359724] [cmd_vel_guard]: ============================================================
[INFO] [1784275649.327607077] [cmd_vel_guard]: Cmd Vel Guard node initialized
[INFO] [1784275649.327854992] [cmd_vel_guard]: Safety method: geofence
[INFO] [1784275649.328099050] [cmd_vel_guard]: Input: /cmd_vel_nav -> Output: /cmd_vel
[INFO] [1784275649.328190974] [cmd_vel_guard]:   Mode: Forward Simulation
[INFO] [1784275649.328286636] [cmd_vel_guard]:   Horizon: 1.0s, Steps: 10
[INFO] [1784275649.328393387] [cmd_vel_guard]:   Margin: 0.562m
[INFO] [1784275649.328646351] [cmd_vel_guard]: ============================================================
[INFO] [1784275650.130340214] [cmd_vel_guard]: [HEARTBEAT #1] cmds=0, odom=no, nav_approved=False, pos=(0.00,0.00)
[INFO] [1784275650.130743246] [cmd_vel_guard]: [HEARTBEAT #2] cmds=0, odom=no, nav_approved=False, pos=(0.00,0.00)
[INFO] [1784275654.702458651] [cmd_vel_guard]: [HEARTBEAT #3] cmds=0, odom=yes, nav_approved=False, pos=(-0.00,0.00)
[INFO] [1784275658.404627550] [cmd_vel_guard]: Guard status: cmds=1, nav_approved=False, odom=yes, pos=(-0.00,0.00), passed=0, blocked=0
[INFO] [1784275659.709464565] [cmd_vel_guard]: [HEARTBEAT #4] cmds=27, odom=yes, nav_approved=False, pos=(-0.00,0.00)
[INFO] [1784275664.717344731] [cmd_vel_guard]: [HEARTBEAT #5] cmds=41, odom=yes, nav_approved=False, pos=(-0.00,0.00)
[INFO] [1784275669.725929816] [cmd_vel_guard]: [HEARTBEAT #6] cmds=41, odom=yes, nav_approved=False, pos=(-0.00,0.00)
[INFO] [1784275674.831526623] [cmd_vel_guard]: [HEARTBEAT #7] cmds=42, odom=yes, nav_approved=False, pos=(-0.00,0.00)
[INFO] [1784275679.839565526] [cmd_vel_guard]: [HEARTBEAT #8] cmds=42, odom=yes, nav_approved=False, pos=(-0.00,0.00)
[INFO] [1784275684.847128396] [cmd_vel_guard]: [HEARTBEAT #9] cmds=42, odom=yes, nav_approved=False, pos=(-0.00,0.00)
[INFO] [1784275689.854100491] [cmd_vel_guard]: [HEARTBEAT #10] cmds=42, odom=yes, nav_approved=False, pos=(-0.00,0.00)
[INFO] [1784275694.861426371] [cmd_vel_guard]: [HEARTBEAT #11] cmds=42, odom=yes, nav_approved=False, pos=(-0.00,0.00)
[INFO] [1784275696.230054391] [cmd_vel_guard]: Navigation authorized
[INFO] [1784275696.464477637] [cmd_vel_guard]: Guard status: cmds=51, nav_approved=True, odom=yes, pos=(0.02,-0.00), passed=50, blocked=0
[INFO] [1784275697.724502608] [cmd_vel_guard]: Guard status: cmds=101, nav_approved=True, odom=yes, pos=(0.26,-0.06), passed=100, blocked=0
[INFO] [1784275698.964410429] [cmd_vel_guard]: Guard status: cmds=151, nav_approved=True, odom=yes, pos=(0.44,-0.24), passed=150, blocked=0
[INFO] [1784275699.414195938] [cmd_vel_guard]: [spoofmon] d_abs=0.160 jump=0.038 max_jump=0.122 c=(0.13,0.06)
[INFO] [1784275699.869783335] [cmd_vel_guard]: [HEARTBEAT #12] cmds=187, odom=yes, nav_approved=True, pos=(0.50,-0.41)
[INFO] [1784275700.234650344] [cmd_vel_guard]: Guard status: cmds=201, nav_approved=True, odom=yes, pos=(0.50,-0.49), passed=200, blocked=0
[INFO] [1784275701.464349804] [cmd_vel_guard]: Guard status: cmds=251, nav_approved=True, odom=yes, pos=(0.42,-0.72), passed=250, blocked=0
[INFO] [1784275702.589165768] [cmd_vel_guard]: [spoofmon] d_abs=0.317 jump=0.064 max_jump=0.122 c=(0.28,0.13)
[INFO] [1784275702.734530439] [cmd_vel_guard]: Guard status: cmds=301, nav_approved=True, odom=yes, pos=(0.21,-0.86), passed=300, blocked=0
[INFO] [1784275703.964357967] [cmd_vel_guard]: Guard status: cmds=351, nav_approved=True, odom=yes, pos=(0.11,-0.88), passed=350, blocked=0
[INFO] [1784275704.876450450] [cmd_vel_guard]: [HEARTBEAT #13] cmds=387, odom=yes, nav_approved=True, pos=(0.07,-0.84)
[INFO] [1784275705.120427638] [cmd_vel_guard]: [spoofmon] d_abs=0.531 jump=0.072 max_jump=0.122 c=(0.16,0.57)
[INFO] [1784275705.244580011] [cmd_vel_guard]: Guard status: cmds=401, nav_approved=True, odom=yes, pos=(0.03,-0.78), passed=400, blocked=0
[ERROR] [1784275706.319347649] [cmd_vel_guard]: LOCALIZATION SPOOF DETECTED [cusum]: d_abs=1.006m (d_abs=1.006, jump=0.094, offset c=(0.07,1.07)) — fail-stopping
[WARN] [1784275706.344483334] [cmd_vel_guard]: BLOCKED (spoof fail-stop): localization spoof detected, halting robot
[INFO] [1784275706.474944743] [cmd_vel_guard]: Guard status: cmds=451, nav_approved=True, odom=yes, pos=(0.10,-0.55), passed=444, blocked=6
[INFO] [1784275707.744520950] [cmd_vel_guard]: Guard status: cmds=501, nav_approved=True, odom=yes, pos=(0.12,-0.53), passed=444, blocked=56
[WARN] [1784275708.344504706] [cmd_vel_guard]: BLOCKED (spoof fail-stop): localization spoof detected, halting robot
[INFO] [1784275708.975189342] [cmd_vel_guard]: Guard status: cmds=551, nav_approved=True, odom=yes, pos=(0.12,-0.53), passed=444, blocked=106
[INFO] [1784275709.884697560] [cmd_vel_guard]: [HEARTBEAT #14] cmds=586, odom=yes, nav_approved=True, pos=(0.12,-0.53)
[INFO] [1784275710.214371148] [cmd_vel_guard]: Guard status: cmds=601, nav_approved=True, odom=yes, pos=(0.12,-0.53), passed=444, blocked=156
[WARN] [1784275710.344588180] [cmd_vel_guard]: BLOCKED (spoof fail-stop): localization spoof detected, halting robot
[INFO] [1784275711.484476292] [cmd_vel_guard]: Guard status: cmds=651, nav_approved=True, odom=yes, pos=(0.12,-0.53), passed=444, blocked=206
[WARN] [1784275712.373178162] [cmd_vel_guard]: BLOCKED (spoof fail-stop): localization spoof detected, halting robot
[INFO] [1784275712.784575036] [cmd_vel_guard]: Guard status: cmds=701, nav_approved=True, odom=yes, pos=(0.12,-0.53), passed=444, blocked=256
[INFO] [1784275714.014345493] [cmd_vel_guard]: Guard status: cmds=751, nav_approved=True, odom=yes, pos=(0.12,-0.53), passed=444, blocked=306
[WARN] [1784275714.384587982] [cmd_vel_guard]: BLOCKED (spoof fail-stop): localization spoof detected, halting robot
[INFO] [1784275714.892917597] [cmd_vel_guard]: [HEARTBEAT #15] cmds=786, odom=yes, nav_approved=True, pos=(0.12,-0.53)
[INFO] [1784275715.254363047] [cmd_vel_guard]: Guard status: cmds=801, nav_approved=True, odom=yes, pos=(0.12,-0.53), passed=444, blocked=356
[WARN] [1784275716.384648024] [cmd_vel_guard]: BLOCKED (spoof fail-stop): localization spoof detected, halting robot
[INFO] [1784275716.524521165] [cmd_vel_guard]: Guard status: cmds=851, nav_approved=True, odom=yes, pos=(0.12,-0.53), passed=444, blocked=406
[INFO] [1784275717.754318024] [cmd_vel_guard]: Guard status: cmds=901, nav_approved=True, odom=yes, pos=(0.12,-0.53), passed=444, blocked=456
[WARN] [1784275718.387014627] [cmd_vel_guard]: BLOCKED (spoof fail-stop): localization spoof detected, halting robot
[INFO] [1784275719.024505726] [cmd_vel_guard]: Guard status: cmds=951, nav_approved=True, odom=yes, pos=(0.12,-0.53), passed=444, blocked=506
[INFO] [1784275719.900812625] [cmd_vel_guard]: [HEARTBEAT #16] cmds=986, odom=yes, nav_approved=True, pos=(0.12,-0.53)
[INFO] [1784275720.264349369] [cmd_vel_guard]: Guard status: cmds=1001, nav_approved=True, odom=yes, pos=(0.12,-0.53), passed=444, blocked=556
[WARN] [1784275720.387169829] [cmd_vel_guard]: BLOCKED (spoof fail-stop): localization spoof detected, halting robot
[INFO] [1784275721.504293880] [cmd_vel_guard]: Guard status: cmds=1051, nav_approved=True, odom=yes, pos=(0.12,-0.53), passed=444, blocked=606
[WARN] [1784275722.414096439] [cmd_vel_guard]: BLOCKED (spoof fail-stop): localization spoof detected, halting robot
[INFO] [1784275722.913538617] [cmd_vel_guard]: Guard status: cmds=1101, nav_approved=True, odom=yes, pos=(0.12,-0.53), passed=444, blocked=656
[INFO] [1784275724.164227288] [cmd_vel_guard]: Guard status: cmds=1151, nav_approved=True, odom=yes, pos=(0.12,-0.53), passed=444, blocked=706
[WARN] [1784275724.415028972] [cmd_vel_guard]: BLOCKED (spoof fail-stop): localization spoof detected, halting robot
[INFO] [1784275724.908437072] [cmd_vel_guard]: [HEARTBEAT #17] cmds=1180, odom=yes, nav_approved=True, pos=(0.12,-0.53)
[INFO] [1784275725.413884025] [cmd_vel_guard]: Guard status: cmds=1201, nav_approved=True, odom=yes, pos=(0.12,-0.53), passed=444, blocked=756
[WARN] [1784275726.464211686] [cmd_vel_guard]: BLOCKED (spoof fail-stop): localization spoof detected, halting robot
[INFO] [1784275726.674437979] [cmd_vel_guard]: Guard status: cmds=1251, nav_approved=True, odom=yes, pos=(0.12,-0.53), passed=444, blocked=806
[INFO] [1784275727.914545692] [cmd_vel_guard]: Guard status: cmds=1301, nav_approved=True, odom=yes, pos=(0.12,-0.53), passed=444, blocked=856
[WARN] [1784275728.484470452] [cmd_vel_guard]: BLOCKED (spoof fail-stop): localization spoof detected, halting robot
[INFO] [1784275729.174510863] [cmd_vel_guard]: Guard status: cmds=1351, nav_approved=True, odom=yes, pos=(0.12,-0.53), passed=444, blocked=906
[INFO] [1784275729.916932630] [cmd_vel_guard]: [HEARTBEAT #18] cmds=1381, odom=yes, nav_approved=True, pos=(0.12,-0.53)
[INFO] [1784275730.414511455] [cmd_vel_guard]: Guard status: cmds=1401, nav_approved=True, odom=yes, pos=(0.12,-0.53), passed=444, blocked=956
[WARN] [1784275730.484644621] [cmd_vel_guard]: BLOCKED (spoof fail-stop): localization spoof detected, halting robot
[INFO] [1784275731.684468313] [cmd_vel_guard]: Guard status: cmds=1451, nav_approved=True, odom=yes, pos=(0.12,-0.53), passed=444, blocked=1006
[WARN] [1784275732.493840695] [cmd_vel_guard]: BLOCKED (spoof fail-stop): localization spoof detected, halting robot
[INFO] [1784275732.973610468] [cmd_vel_guard]: Guard status: cmds=1501, nav_approved=True, odom=yes, pos=(0.12,-0.53), passed=444, blocked=1056
[INFO] [1784275734.214282209] [cmd_vel_guard]: Guard status: cmds=1551, nav_approved=True, odom=yes, pos=(0.12,-0.53), passed=444, blocked=1106
[WARN] [1784275734.524372164] [cmd_vel_guard]: BLOCKED (spoof fail-stop): localization spoof detected, halting robot
[INFO] [1784275734.926010461] [cmd_vel_guard]: [HEARTBEAT #19] cmds=1579, odom=yes, nav_approved=True, pos=(0.12,-0.53)
[INFO] [1784275735.487645500] [cmd_vel_guard]: Guard status: cmds=1601, nav_approved=True, odom=yes, pos=(0.12,-0.53), passed=444, blocked=1156
[WARN] [1784275736.524913019] [cmd_vel_guard]: BLOCKED (spoof fail-stop): localization spoof detected, halting robot
[INFO] [1784275736.724818994] [cmd_vel_guard]: Guard status: cmds=1651, nav_approved=True, odom=yes, pos=(0.12,-0.53), passed=444, blocked=1206
[INFO] [1784275737.987567308] [cmd_vel_guard]: Guard status: cmds=1701, nav_approved=True, odom=yes, pos=(0.12,-0.53), passed=444, blocked=1256
[WARN] [1784275738.524943819] [cmd_vel_guard]: BLOCKED (spoof fail-stop): localization spoof detected, halting robot
[INFO] [1784275739.224855942] [cmd_vel_guard]: Guard status: cmds=1751, nav_approved=True, odom=yes, pos=(0.12,-0.53), passed=444, blocked=1306
[INFO] [1784275739.933791562] [cmd_vel_guard]: [HEARTBEAT #20] cmds=1778, odom=yes, nav_approved=True, pos=(0.12,-0.53)
[INFO] [1784275740.454470096] [cmd_vel_guard]: Guard status: cmds=1801, nav_approved=True, odom=yes, pos=(0.12,-0.53), passed=444, blocked=1356
[WARN] [1784275740.534508902] [cmd_vel_guard]: BLOCKED (spoof fail-stop): localization spoof detected, halting robot
[INFO] [1784275741.734649824] [cmd_vel_guard]: Guard status: cmds=1851, nav_approved=True, odom=yes, pos=(0.12,-0.53), passed=444, blocked=1406
[WARN] [1784275742.550813169] [cmd_vel_guard]: BLOCKED (spoof fail-stop): localization spoof detected, halting robot
[INFO] [1784275743.134556975] [cmd_vel_guard]: Guard status: cmds=1901, nav_approved=True, odom=yes, pos=(0.12,-0.53), passed=444, blocked=1456
[WARN] [1784275744.550914796] [cmd_vel_guard]: BLOCKED (spoof fail-stop): localization spoof detected, halting robot
[INFO] [1784275744.774404534] [cmd_vel_guard]: Guard status: cmds=1951, nav_approved=True, odom=yes, pos=(0.12,-0.53), passed=444, blocked=1506
[INFO] [1784275744.940861130] [cmd_vel_guard]: [HEARTBEAT #21] cmds=1955, odom=yes, nav_approved=True, pos=(0.12,-0.53)
[INFO] [1784275746.450827388] [cmd_vel_guard]: Guard status: cmds=2001, nav_approved=True, odom=yes, pos=(0.12,-0.53), passed=444, blocked=1556
[WARN] [1784275746.574599284] [cmd_vel_guard]: BLOCKED (spoof fail-stop): localization spoof detected, halting robot
[INFO] [1784275748.114599762] [cmd_vel_guard]: Guard status: cmds=2051, nav_approved=True, odom=yes, pos=(0.12,-0.53), passed=444, blocked=1606
[WARN] [1784275748.604444457] [cmd_vel_guard]: BLOCKED (spoof fail-stop): localization spoof detected, halting robot
[INFO] [1784275749.774317492] [cmd_vel_guard]: Guard status: cmds=2101, nav_approved=True, odom=yes, pos=(0.12,-0.53), passed=444, blocked=1656
[INFO] [1784275749.949070967] [cmd_vel_guard]: [HEARTBEAT #22] cmds=2105, odom=yes, nav_approved=True, pos=(0.12,-0.53)
[WARN] [1784275750.614465914] [cmd_vel_guard]: BLOCKED (spoof fail-stop): localization spoof detected, halting robot
[INFO] [1784275751.450850497] [cmd_vel_guard]: Guard status: cmds=2151, nav_approved=True, odom=yes, pos=(0.12,-0.53), passed=444, blocked=1706
[WARN] [1784275752.674441513] [cmd_vel_guard]: BLOCKED (spoof fail-stop): localization spoof detected, halting robot
[INFO] [1784275753.354365918] [cmd_vel_guard]: Guard status: cmds=2201, nav_approved=True, odom=yes, pos=(0.12,-0.53), passed=444, blocked=1756
[WARN] [1784275754.684631238] [cmd_vel_guard]: BLOCKED (spoof fail-stop): localization spoof detected, halting robot
[INFO] [1784275754.956696506] [cmd_vel_guard]: [HEARTBEAT #23] cmds=2233, odom=yes, nav_approved=True, pos=(0.12,-0.53)
[INFO] [1784275755.854185414] [cmd_vel_guard]: Guard status: cmds=2251, nav_approved=True, odom=yes, pos=(0.12,-0.53), passed=444, blocked=1806
[WARN] [1784275756.724629773] [cmd_vel_guard]: BLOCKED (spoof fail-stop): localization spoof detected, halting robot
[INFO] [1784275758.024357186] [cmd_vel_guard]: Guard status: cmds=2301, nav_approved=True, odom=yes, pos=(0.12,-0.53), passed=444, blocked=1856
[WARN] [1784275758.724646102] [cmd_vel_guard]: BLOCKED (spoof fail-stop): localization spoof detected, halting robot
[INFO] [1784275759.264152136] [cmd_vel_guard]: Guard status: cmds=2351, nav_approved=True, odom=yes, pos=(0.12,-0.53), passed=444, blocked=1906
[INFO] [1784275759.965416090] [cmd_vel_guard]: [HEARTBEAT #24] cmds=2379, odom=yes, nav_approved=True, pos=(0.12,-0.53)
[INFO] [1784275760.534568704] [cmd_vel_guard]: Guard status: cmds=2401, nav_approved=True, odom=yes, pos=(0.12,-0.53), passed=444, blocked=1956
[WARN] [1784275760.734515444] [cmd_vel_guard]: BLOCKED (spoof fail-stop): localization spoof detected, halting robot
[INFO] [1784275761.764326663] [cmd_vel_guard]: Guard status: cmds=2451, nav_approved=True, odom=yes, pos=(0.12,-0.53), passed=444, blocked=2006
[WARN] [1784275762.734554683] [cmd_vel_guard]: BLOCKED (spoof fail-stop): localization spoof detected, halting robot
[INFO] [1784275763.034434934] [cmd_vel_guard]: Guard status: cmds=2501, nav_approved=True, odom=yes, pos=(0.12,-0.53), passed=444, blocked=2056
[INFO] [1784275764.264275629] [cmd_vel_guard]: Guard status: cmds=2551, nav_approved=True, odom=yes, pos=(0.12,-0.53), passed=444, blocked=2106
[WARN] [1784275764.763935978] [cmd_vel_guard]: BLOCKED (spoof fail-stop): localization spoof detected, halting robot
[INFO] [1784275764.973079838] [cmd_vel_guard]: [HEARTBEAT #25] cmds=2578, odom=yes, nav_approved=True, pos=(0.12,-0.53)
[INFO] [1784275765.534527720] [cmd_vel_guard]: Guard status: cmds=2601, nav_approved=True, odom=yes, pos=(0.12,-0.53), passed=444, blocked=2156
[INFO] [1784275766.774869034] [cmd_vel_guard]: Guard status: cmds=2651, nav_approved=True, odom=yes, pos=(0.12,-0.53), passed=444, blocked=2206
[WARN] [1784275766.775177964] [cmd_vel_guard]: BLOCKED (spoof fail-stop): localization spoof detected, halting robot
[INFO] [1784275768.093904747] [cmd_vel_guard]: Guard status: cmds=2701, nav_approved=True, odom=yes, pos=(0.12,-0.53), passed=444, blocked=2256
[WARN] [1784275768.787672947] [cmd_vel_guard]: BLOCKED (spoof fail-stop): localization spoof detected, halting robot
[INFO] [1784275769.374806712] [cmd_vel_guard]: Guard status: cmds=2751, nav_approved=True, odom=yes, pos=(0.12,-0.53), passed=444, blocked=2306
[INFO] [1784275769.981248774] [cmd_vel_guard]: [HEARTBEAT #26] cmds=2775, odom=yes, nav_approved=True, pos=(0.12,-0.53)
[INFO] [1784275770.637807745] [cmd_vel_guard]: Guard status: cmds=2801, nav_approved=True, odom=yes, pos=(0.12,-0.53), passed=444, blocked=2356
[WARN] [1784275770.787857731] [cmd_vel_guard]: BLOCKED (spoof fail-stop): localization spoof detected, halting robot
[INFO] [1784275771.874869184] [cmd_vel_guard]: Guard status: cmds=2851, nav_approved=True, odom=yes, pos=(0.12,-0.53), passed=444, blocked=2406
[WARN] [1784275772.788217629] [cmd_vel_guard]: BLOCKED (spoof fail-stop): localization spoof detected, halting robot
[INFO] [1784275773.114360597] [cmd_vel_guard]: Guard status: cmds=2901, nav_approved=True, odom=yes, pos=(0.12,-0.53), passed=444, blocked=2456
[INFO] [1784275774.384618567] [cmd_vel_guard]: Guard status: cmds=2951, nav_approved=True, odom=yes, pos=(0.12,-0.53), passed=444, blocked=2506
[WARN] [1784275774.814327650] [cmd_vel_guard]: BLOCKED (spoof fail-stop): localization spoof detected, halting robot
[INFO] [1784275774.988689395] [cmd_vel_guard]: [HEARTBEAT #27] cmds=2976, odom=yes, nav_approved=True, pos=(0.12,-0.53)
[INFO] [1784275775.614323199] [cmd_vel_guard]: Guard status: cmds=3001, nav_approved=True, odom=yes, pos=(0.12,-0.53), passed=444, blocked=2556
[WARN] [1784275776.824622988] [cmd_vel_guard]: BLOCKED (spoof fail-stop): localization spoof detected, halting robot
[INFO] [1784275776.884473957] [cmd_vel_guard]: Guard status: cmds=3051, nav_approved=True, odom=yes, pos=(0.12,-0.53), passed=444, blocked=2606
[INFO] [1784275778.114297712] [cmd_vel_guard]: Guard status: cmds=3101, nav_approved=True, odom=yes, pos=(0.12,-0.53), passed=444, blocked=2656
[WARN] [1784275778.850961098] [cmd_vel_guard]: BLOCKED (spoof fail-stop): localization spoof detected, halting robot
[INFO] [1784275779.764554505] [cmd_vel_guard]: Guard status: cmds=3151, nav_approved=True, odom=yes, pos=(0.12,-0.53), passed=444, blocked=2706
[INFO] [1784275779.996750380] [cmd_vel_guard]: [HEARTBEAT #28] cmds=3157, odom=yes, nav_approved=True, pos=(0.12,-0.53)
[WARN] [1784275780.850979936] [cmd_vel_guard]: BLOCKED (spoof fail-stop): localization spoof detected, halting robot
[INFO] [1784275781.450929016] [cmd_vel_guard]: Guard status: cmds=3201, nav_approved=True, odom=yes, pos=(0.12,-0.53), passed=444, blocked=2756
[WARN] [1784275782.864413998] [cmd_vel_guard]: BLOCKED (spoof fail-stop): localization spoof detected, halting robot
[INFO] [1784275783.124399089] [cmd_vel_guard]: Guard status: cmds=3251, nav_approved=True, odom=yes, pos=(0.12,-0.53), passed=444, blocked=2806
[INFO] [1784275784.764415934] [cmd_vel_guard]: Guard status: cmds=3301, nav_approved=True, odom=yes, pos=(0.12,-0.53), passed=444, blocked=2856
[WARN] [1784275784.924646352] [cmd_vel_guard]: BLOCKED (spoof fail-stop): localization spoof detected, halting robot
[INFO] [1784275785.004417487] [cmd_vel_guard]: [HEARTBEAT #29] cmds=3307, odom=yes, nav_approved=True, pos=(0.12,-0.53)
[INFO] [1784275786.450725792] [cmd_vel_guard]: Guard status: cmds=3351, nav_approved=True, odom=yes, pos=(0.12,-0.53), passed=444, blocked=2906
[WARN] [1784275786.950803826] [cmd_vel_guard]: BLOCKED (spoof fail-stop): localization spoof detected, halting robot
[INFO] [1784275788.104390877] [cmd_vel_guard]: Guard status: cmds=3401, nav_approved=True, odom=yes, pos=(0.12,-0.53), passed=444, blocked=2956
[WARN] [1784275788.964030361] [cmd_vel_guard]: BLOCKED (spoof fail-stop): localization spoof detected, halting robot
[INFO] [1784275789.374462693] [cmd_vel_guard]: Guard status: cmds=3451, nav_approved=True, odom=yes, pos=(0.12,-0.53), passed=444, blocked=3006
[INFO] [1784275790.011406284] [cmd_vel_guard]: [HEARTBEAT #30] cmds=3476, odom=yes, nav_approved=True, pos=(0.12,-0.53)
[INFO] [1784275790.614360384] [cmd_vel_guard]: Guard status: cmds=3501, nav_approved=True, odom=yes, pos=(0.12,-0.53), passed=444, blocked=3056
[WARN] [1784275790.974376169] [cmd_vel_guard]: BLOCKED (spoof fail-stop): localization spoof detected, halting robot
[INFO] [1784275791.874438479] [cmd_vel_guard]: Guard status: cmds=3551, nav_approved=True, odom=yes, pos=(0.12,-0.53), passed=444, blocked=3106
[WARN] [1784275792.984681072] [cmd_vel_guard]: BLOCKED (spoof fail-stop): localization spoof detected, halting robot
[INFO] [1784275793.114337930] [cmd_vel_guard]: Guard status: cmds=3601, nav_approved=True, odom=yes, pos=(0.12,-0.53), passed=444, blocked=3156
[INFO] [1784275794.384611152] [cmd_vel_guard]: Guard status: cmds=3651, nav_approved=True, odom=yes, pos=(0.12,-0.53), passed=444, blocked=3206
[WARN] [1784275795.014206368] [cmd_vel_guard]: BLOCKED (spoof fail-stop): localization spoof detected, halting robot
[INFO] [1784275795.020278596] [cmd_vel_guard]: [HEARTBEAT #31] cmds=3677, odom=yes, nav_approved=True, pos=(0.12,-0.53)
[INFO] [1784275795.614450401] [cmd_vel_guard]: Guard status: cmds=3701, nav_approved=True, odom=yes, pos=(0.12,-0.53), passed=444, blocked=3256
[INFO] [1784275796.884480680] [cmd_vel_guard]: Guard status: cmds=3751, nav_approved=True, odom=yes, pos=(0.12,-0.53), passed=444, blocked=3306
[WARN] [1784275797.024572210] [cmd_vel_guard]: BLOCKED (spoof fail-stop): localization spoof detected, halting robot
[INFO] [1784275798.114393274] [cmd_vel_guard]: Guard status: cmds=3801, nav_approved=True, odom=yes, pos=(0.12,-0.53), passed=444, blocked=3356
[WARN] [1784275799.025071219] [cmd_vel_guard]: BLOCKED (spoof fail-stop): localization spoof detected, halting robot
[INFO] [1784275799.424933959] [cmd_vel_guard]: Guard status: cmds=3851, nav_approved=True, odom=yes, pos=(0.12,-0.53), passed=444, blocked=3406
[INFO] [1784275800.027967713] [cmd_vel_guard]: [HEARTBEAT #32] cmds=3875, odom=yes, nav_approved=True, pos=(0.12,-0.53)
[INFO] [1784275800.684685279] [cmd_vel_guard]: Guard status: cmds=3901, nav_approved=True, odom=yes, pos=(0.12,-0.53), passed=444, blocked=3456
[WARN] [1784275801.037175821] [cmd_vel_guard]: BLOCKED (spoof fail-stop): localization spoof detected, halting robot
[INFO] [1784275801.924938228] [cmd_vel_guard]: Guard status: cmds=3951, nav_approved=True, odom=yes, pos=(0.12,-0.53), passed=444, blocked=3506
[WARN] [1784275803.037268694] [cmd_vel_guard]: BLOCKED (spoof fail-stop): localization spoof detected, halting robot
[INFO] [1784275803.154267549] [cmd_vel_guard]: Guard status: cmds=4001, nav_approved=True, odom=yes, pos=(0.12,-0.53), passed=444, blocked=3556
[INFO] [1784275804.434500417] [cmd_vel_guard]: Guard status: cmds=4051, nav_approved=True, odom=yes, pos=(0.12,-0.53), passed=444, blocked=3606
[INFO] [1784275805.035935666] [cmd_vel_guard]: [HEARTBEAT #33] cmds=4075, odom=yes, nav_approved=True, pos=(0.12,-0.53)
[WARN] [1784275805.037400708] [cmd_vel_guard]: BLOCKED (spoof fail-stop): localization spoof detected, halting robot
[INFO] [1784275805.664333414] [cmd_vel_guard]: Guard status: cmds=4101, nav_approved=True, odom=yes, pos=(0.12,-0.53), passed=444, blocked=3656
[INFO] [1784275806.934451211] [cmd_vel_guard]: Guard status: cmds=4151, nav_approved=True, odom=yes, pos=(0.12,-0.53), passed=444, blocked=3706
[WARN] [1784275807.064328680] [cmd_vel_guard]: BLOCKED (spoof fail-stop): localization spoof detected, halting robot
[INFO] [1784275808.164342553] [cmd_vel_guard]: Guard status: cmds=4201, nav_approved=True, odom=yes, pos=(0.12,-0.53), passed=444, blocked=3756
[WARN] [1784275809.074356097] [cmd_vel_guard]: BLOCKED (spoof fail-stop): localization spoof detected, halting robot
[INFO] [1784275809.734471997] [cmd_vel_guard]: Guard status: cmds=4251, nav_approved=True, odom=yes, pos=(0.12,-0.53), passed=444, blocked=3806
[INFO] [1784275810.043271755] [cmd_vel_guard]: [HEARTBEAT #34] cmds=4260, odom=yes, nav_approved=True, pos=(0.12,-0.53)
[WARN] [1784275811.074405720] [cmd_vel_guard]: BLOCKED (spoof fail-stop): localization spoof detected, halting robot
[INFO] [1784275811.374466995] [cmd_vel_guard]: Guard status: cmds=4301, nav_approved=True, odom=yes, pos=(0.12,-0.53), passed=444, blocked=3856
[INFO] [1784275813.050547077] [cmd_vel_guard]: Guard status: cmds=4351, nav_approved=True, odom=yes, pos=(0.12,-0.53), passed=444, blocked=3906
[WARN] [1784275813.074519202] [cmd_vel_guard]: BLOCKED (spoof fail-stop): localization spoof detected, halting robot
[INFO] [1784275814.714387984] [cmd_vel_guard]: Guard status: cmds=4401, nav_approved=True, odom=yes, pos=(0.12,-0.53), passed=444, blocked=3956
[INFO] [1784275815.051204592] [cmd_vel_guard]: [HEARTBEAT #35] cmds=4411, odom=yes, nav_approved=True, pos=(0.12,-0.53)
[WARN] [1784275815.084501023] [cmd_vel_guard]: BLOCKED (spoof fail-stop): localization spoof detected, halting robot
[INFO] [1784275816.374486221] [cmd_vel_guard]: Guard status: cmds=4451, nav_approved=True, odom=yes, pos=(0.12,-0.53), passed=444, blocked=4006
[WARN] [1784275817.114349316] [cmd_vel_guard]: BLOCKED (spoof fail-stop): localization spoof detected, halting robot
[INFO] [1784275818.050589251] [cmd_vel_guard]: Guard status: cmds=4501, nav_approved=True, odom=yes, pos=(0.12,-0.53), passed=444, blocked=4056
[WARN] [1784275819.114350409] [cmd_vel_guard]: BLOCKED (spoof fail-stop): localization spoof detected, halting robot
[INFO] [1784275820.059814172] [cmd_vel_guard]: [HEARTBEAT #36] cmds=4547, odom=yes, nav_approved=True, pos=(0.12,-0.53)
[INFO] [1784275820.254212459] [cmd_vel_guard]: Guard status: cmds=4551, nav_approved=True, odom=yes, pos=(0.12,-0.53), passed=444, blocked=4106
[WARN] [1784275821.124453857] [cmd_vel_guard]: BLOCKED (spoof fail-stop): localization spoof detected, halting robot
[INFO] [1784275822.754237104] [cmd_vel_guard]: Guard status: cmds=4601, nav_approved=True, odom=yes, pos=(0.12,-0.53), passed=444, blocked=4156
[WARN] [1784275823.154482574] [cmd_vel_guard]: BLOCKED (spoof fail-stop): localization spoof detected, halting robot
[INFO] [1784275824.464426165] [cmd_vel_guard]: Guard status: cmds=4651, nav_approved=True, odom=yes, pos=(0.12,-0.53), passed=444, blocked=4206
[INFO] [1784275825.067295316] [cmd_vel_guard]: [HEARTBEAT #37] cmds=4675, odom=yes, nav_approved=True, pos=(0.12,-0.53)
[WARN] [1784275825.163901854] [cmd_vel_guard]: BLOCKED (spoof fail-stop): localization spoof detected, halting robot
[INFO] [1784275825.724542653] [cmd_vel_guard]: Guard status: cmds=4701, nav_approved=True, odom=yes, pos=(0.12,-0.53), passed=444, blocked=4256
[INFO] [1784275826.964560863] [cmd_vel_guard]: Guard status: cmds=4751, nav_approved=True, odom=yes, pos=(0.12,-0.53), passed=444, blocked=4306
[WARN] [1784275827.163952712] [cmd_vel_guard]: BLOCKED (spoof fail-stop): localization spoof detected, halting robot
[INFO] [1784275828.234435876] [cmd_vel_guard]: Guard status: cmds=4801, nav_approved=True, odom=yes, pos=(0.12,-0.53), passed=444, blocked=4356
[WARN] [1784275829.163977809] [cmd_vel_guard]: BLOCKED (spoof fail-stop): localization spoof detected, halting robot
[INFO] [1784275829.474359760] [cmd_vel_guard]: Guard status: cmds=4851, nav_approved=True, odom=yes, pos=(0.12,-0.53), passed=444, blocked=4406
[INFO] [1784275830.075579618] [cmd_vel_guard]: [HEARTBEAT #38] cmds=4875, odom=yes, nav_approved=True, pos=(0.12,-0.53)
[INFO] [1784275830.734613691] [cmd_vel_guard]: Guard status: cmds=4901, nav_approved=True, odom=yes, pos=(0.12,-0.53), passed=444, blocked=4456
[WARN] [1784275831.174397036] [cmd_vel_guard]: BLOCKED (spoof fail-stop): localization spoof detected, halting robot
[INFO] [1784275831.975040413] [cmd_vel_guard]: Guard status: cmds=4951, nav_approved=True, odom=yes, pos=(0.12,-0.53), passed=444, blocked=4506
[WARN] [1784275833.174876419] [cmd_vel_guard]: BLOCKED (spoof fail-stop): localization spoof detected, halting robot
[INFO] [1784275833.244412176] [cmd_vel_guard]: Guard status: cmds=5001, nav_approved=True, odom=yes, pos=(0.12,-0.53), passed=444, blocked=4556
[INFO] [1784275834.573460246] [cmd_vel_guard]: Guard status: cmds=5051, nav_approved=True, odom=yes, pos=(0.12,-0.53), passed=444, blocked=4606
[INFO] [1784275835.083844079] [cmd_vel_guard]: [HEARTBEAT #39] cmds=5070, odom=yes, nav_approved=True, pos=(0.12,-0.53)
[WARN] [1784275835.175325045] [cmd_vel_guard]: BLOCKED (spoof fail-stop): localization spoof detected, halting robot
[INFO] [1784275835.814239382] [cmd_vel_guard]: Guard status: cmds=5101, nav_approved=True, odom=yes, pos=(0.12,-0.53), passed=444, blocked=4656
[INFO] [1784275837.084533249] [cmd_vel_guard]: Guard status: cmds=5151, nav_approved=True, odom=yes, pos=(0.12,-0.53), passed=444, blocked=4706
[WARN] [1784275837.184500156] [cmd_vel_guard]: BLOCKED (spoof fail-stop): localization spoof detected, halting robot
[INFO] [1784275838.314333843] [cmd_vel_guard]: Guard status: cmds=5201, nav_approved=True, odom=yes, pos=(0.12,-0.53), passed=444, blocked=4756
[WARN] [1784275839.184680520] [cmd_vel_guard]: BLOCKED (spoof fail-stop): localization spoof detected, halting robot
[INFO] [1784275839.584517757] [cmd_vel_guard]: Guard status: cmds=5251, nav_approved=True, odom=yes, pos=(0.12,-0.53), passed=444, blocked=4806
[INFO] [1784275840.091706843] [cmd_vel_guard]: [HEARTBEAT #40] cmds=5272, odom=yes, nav_approved=True, pos=(0.12,-0.53)
[INFO] [1784275840.814262332] [cmd_vel_guard]: Guard status: cmds=5301, nav_approved=True, odom=yes, pos=(0.12,-0.53), passed=444, blocked=4856
[WARN] [1784275841.184745186] [cmd_vel_guard]: BLOCKED (spoof fail-stop): localization spoof detected, halting robot
[INFO] [1784275842.064336051] [cmd_vel_guard]: Guard status: cmds=5351, nav_approved=True, odom=yes, pos=(0.12,-0.53), passed=444, blocked=4906
[WARN] [1784275843.187176307] [cmd_vel_guard]: BLOCKED (spoof fail-stop): localization spoof detected, halting robot
[INFO] [1784275843.324583393] [cmd_vel_guard]: Guard status: cmds=5401, nav_approved=True, odom=yes, pos=(0.12,-0.53), passed=444, blocked=4956
[INFO] [1784275844.724371746] [cmd_vel_guard]: Guard status: cmds=5451, nav_approved=True, odom=yes, pos=(0.12,-0.53), passed=444, blocked=5006
[INFO] [1784275845.099531679] [cmd_vel_guard]: [HEARTBEAT #41] cmds=5462, odom=yes, nav_approved=True, pos=(0.12,-0.53)
[WARN] [1784275845.224440047] [cmd_vel_guard]: BLOCKED (spoof fail-stop): localization spoof detected, halting robot
[INFO] [1784275846.364413203] [cmd_vel_guard]: Guard status: cmds=5501, nav_approved=True, odom=yes, pos=(0.12,-0.53), passed=444, blocked=5056
[WARN] [1784275847.250552937] [cmd_vel_guard]: BLOCKED (spoof fail-stop): localization spoof detected, halting robot
[INFO] [1784275848.050570691] [cmd_vel_guard]: Guard status: cmds=5551, nav_approved=True, odom=yes, pos=(0.12,-0.53), passed=444, blocked=5106
[WARN] [1784275849.250712758] [cmd_vel_guard]: BLOCKED (spoof fail-stop): localization spoof detected, halting robot
[INFO] [1784275849.704400092] [cmd_vel_guard]: Guard status: cmds=5601, nav_approved=True, odom=yes, pos=(0.12,-0.53), passed=444, blocked=5156
[INFO] [1784275850.107201785] [cmd_vel_guard]: [HEARTBEAT #42] cmds=5613, odom=yes, nav_approved=True, pos=(0.12,-0.53)
[WARN] [1784275851.274619425] [cmd_vel_guard]: BLOCKED (spoof fail-stop): localization spoof detected, halting robot
[INFO] [1784275851.374315934] [cmd_vel_guard]: Guard status: cmds=5651, nav_approved=True, odom=yes, pos=(0.12,-0.53), passed=444, blocked=5206
[INFO] [1784275853.050606140] [cmd_vel_guard]: Guard status: cmds=5701, nav_approved=True, odom=yes, pos=(0.12,-0.53), passed=444, blocked=5256
[WARN] [1784275853.304300555] [cmd_vel_guard]: BLOCKED (spoof fail-stop): localization spoof detected, halting robot
[INFO] [1784275854.574351450] [cmd_vel_guard]: Guard status: cmds=5751, nav_approved=True, odom=yes, pos=(0.12,-0.53), passed=444, blocked=5306
[INFO] [1784275855.115398723] [cmd_vel_guard]: [HEARTBEAT #43] cmds=5773, odom=yes, nav_approved=True, pos=(0.12,-0.53)
[WARN] [1784275855.313839863] [cmd_vel_guard]: BLOCKED (spoof fail-stop): localization spoof detected, halting robot
[INFO] [1784275855.813925347] [cmd_vel_guard]: Guard status: cmds=5801, nav_approved=True, odom=yes, pos=(0.12,-0.53), passed=444, blocked=5356
[INFO] [1784275857.084530626] [cmd_vel_guard]: Guard status: cmds=5851, nav_approved=True, odom=yes, pos=(0.12,-0.53), passed=444, blocked=5406
[WARN] [1784275857.314556510] [cmd_vel_guard]: BLOCKED (spoof fail-stop): localization spoof detected, halting robot
[INFO] [1784275858.314585529] [cmd_vel_guard]: Guard status: cmds=5901, nav_approved=True, odom=yes, pos=(0.12,-0.53), passed=444, blocked=5456
[WARN] [1784275859.364027400] [cmd_vel_guard]: BLOCKED (spoof fail-stop): localization spoof detected, halting robot
[INFO] [1784275859.584397443] [cmd_vel_guard]: Guard status: cmds=5951, nav_approved=True, odom=yes, pos=(0.12,-0.53), passed=444, blocked=5506
[INFO] [1784275860.123119443] [cmd_vel_guard]: [HEARTBEAT #44] cmds=5972, odom=yes, nav_approved=True, pos=(0.12,-0.53)
[INFO] [1784275860.814423092] [cmd_vel_guard]: Guard status: cmds=6001, nav_approved=True, odom=yes, pos=(0.12,-0.53), passed=444, blocked=5556
[WARN] [1784275861.384578570] [cmd_vel_guard]: BLOCKED (spoof fail-stop): localization spoof detected, halting robot
[INFO] [1784275862.094467075] [cmd_vel_guard]: Guard status: cmds=6051, nav_approved=True, odom=yes, pos=(0.12,-0.53), passed=444, blocked=5606
[INFO] [1784275863.324801934] [cmd_vel_guard]: Guard status: cmds=6101, nav_approved=True, odom=yes, pos=(0.12,-0.53), passed=444, blocked=5656
[WARN] [1784275863.413911568] [cmd_vel_guard]: BLOCKED (spoof fail-stop): localization spoof detected, halting robot
[INFO] [1784275864.599848367] [cmd_vel_guard]: Guard status: cmds=6151, nav_approved=True, odom=yes, pos=(0.12,-0.53), passed=444, blocked=5706
[INFO] [1784275865.130764957] [cmd_vel_guard]: [HEARTBEAT #45] cmds=6171, odom=yes, nav_approved=True, pos=(0.12,-0.53)
[WARN] [1784275865.425091900] [cmd_vel_guard]: BLOCKED (spoof fail-stop): localization spoof detected, halting robot
[INFO] [1784275865.887833100] [cmd_vel_guard]: Guard status: cmds=6201, nav_approved=True, odom=yes, pos=(0.12,-0.53), passed=444, blocked=5756
[INFO] [1784275867.134517203] [cmd_vel_guard]: Guard status: cmds=6251, nav_approved=True, odom=yes, pos=(0.12,-0.53), passed=444, blocked=5806
[WARN] [1784275867.437239501] [cmd_vel_guard]: BLOCKED (spoof fail-stop): localization spoof detected, halting robot
[INFO] [1784275868.386960091] [cmd_vel_guard]: Guard status: cmds=6301, nav_approved=True, odom=yes, pos=(0.12,-0.53), passed=444, blocked=5856
[WARN] [1784275869.464690893] [cmd_vel_guard]: BLOCKED (spoof fail-stop): localization spoof detected, halting robot
[INFO] [1784275869.634578830] [cmd_vel_guard]: Guard status: cmds=6351, nav_approved=True, odom=yes, pos=(0.12,-0.53), passed=444, blocked=5906
[INFO] [1784275870.138412044] [cmd_vel_guard]: [HEARTBEAT #46] cmds=6372, odom=yes, nav_approved=True, pos=(0.12,-0.53)
[INFO] [1784275870.864541212] [cmd_vel_guard]: Guard status: cmds=6401, nav_approved=True, odom=yes, pos=(0.12,-0.53), passed=444, blocked=5956
[WARN] [1784275871.487217952] [cmd_vel_guard]: BLOCKED (spoof fail-stop): localization spoof detected, halting robot
[INFO] [1784275872.134475414] [cmd_vel_guard]: Guard status: cmds=6451, nav_approved=True, odom=yes, pos=(0.12,-0.53), passed=444, blocked=6006
[INFO] [1784275873.374478508] [cmd_vel_guard]: Guard status: cmds=6501, nav_approved=True, odom=yes, pos=(0.12,-0.53), passed=444, blocked=6056
[WARN] [1784275873.504367254] [cmd_vel_guard]: BLOCKED (spoof fail-stop): localization spoof detected, halting robot
[INFO] [1784275874.650860491] [cmd_vel_guard]: Guard status: cmds=6551, nav_approved=True, odom=yes, pos=(0.12,-0.53), passed=444, blocked=6106
[INFO] [1784275875.145832881] [cmd_vel_guard]: [HEARTBEAT #47] cmds=6566, odom=yes, nav_approved=True, pos=(0.12,-0.53)
[WARN] [1784275875.544226911] [cmd_vel_guard]: BLOCKED (spoof fail-stop): localization spoof detected, halting robot
[INFO] [1784275876.294143084] [cmd_vel_guard]: Guard status: cmds=6601, nav_approved=True, odom=yes, pos=(0.12,-0.53), passed=444, blocked=6156
[WARN] [1784275877.550799376] [cmd_vel_guard]: BLOCKED (spoof fail-stop): localization spoof detected, halting robot
[INFO] [1784275878.450626050] [cmd_vel_guard]: Guard status: cmds=6651, nav_approved=True, odom=yes, pos=(0.12,-0.53), passed=444, blocked=6206
[WARN] [1784275879.584389847] [cmd_vel_guard]: BLOCKED (spoof fail-stop): localization spoof detected, halting robot
[INFO] [1784275880.114359296] [cmd_vel_guard]: Guard status: cmds=6701, nav_approved=True, odom=yes, pos=(0.12,-0.53), passed=444, blocked=6256
[INFO] [1784275880.152862437] [cmd_vel_guard]: [HEARTBEAT #48] cmds=6702, odom=yes, nav_approved=True, pos=(0.12,-0.53)
