[INFO] [1784267800.508713019] [cmd_vel_guard]: Zones loaded: 2
[INFO] [1784267800.508960652] [cmd_vel_guard]: CBF margin: 0.1m (real-time control)
[INFO] [1784267800.509104075] [cmd_vel_guard]: SSM base margin: 0.05m (velocity-dependent)
[INFO] [1784267800.514523562] [cmd_vel_guard]: Spoof detection ON [memoryless]: amcl=/amcl_pose, offset_thresh=0.95m, jump_thresh=0.45m, enforce_pose=amcl
[INFO] [1784267800.515085310] [cmd_vel_guard]: DEBUG subscriptions:
[INFO] [1784267800.515327193] [cmd_vel_guard]:   cmd_sub topic: /cmd_vel_nav
[INFO] [1784267800.515552395] [cmd_vel_guard]:   odom_sub topic: /odom
[INFO] [1784267800.515786944] [cmd_vel_guard]:   nav_state_sub topic: /geofence/nav_state
[INFO] [1784267800.516591056] [cmd_vel_guard]: ============================================================
[INFO] [1784267800.516946787] [cmd_vel_guard]: Cmd Vel Guard node initialized
[INFO] [1784267800.517244692] [cmd_vel_guard]: Safety method: geofence
[INFO] [1784267800.517498086] [cmd_vel_guard]: Input: /cmd_vel_nav -> Output: /cmd_vel
[INFO] [1784267800.517593961] [cmd_vel_guard]:   Mode: Forward Simulation
[INFO] [1784267800.517793887] [cmd_vel_guard]:   Horizon: 1.0s, Steps: 10
[INFO] [1784267800.517954030] [cmd_vel_guard]:   Margin: 0.562m
[INFO] [1784267800.518210048] [cmd_vel_guard]: ============================================================
[INFO] [1784267801.431878701] [cmd_vel_guard]: [HEARTBEAT #1] cmds=0, odom=no, nav_approved=False, pos=(0.00,0.00)
[INFO] [1784267801.911275250] [cmd_vel_guard]: [HEARTBEAT #2] cmds=0, odom=no, nav_approved=False, pos=(0.00,0.00)
[INFO] [1784267806.608669683] [cmd_vel_guard]: [HEARTBEAT #3] cmds=0, odom=yes, nav_approved=False, pos=(-0.00,0.00)
[INFO] [1784267810.550126608] [cmd_vel_guard]: Guard status: cmds=1, nav_approved=False, odom=yes, pos=(-0.00,0.00), passed=0, blocked=0
[INFO] [1784267811.616973518] [cmd_vel_guard]: [HEARTBEAT #4] cmds=22, odom=yes, nav_approved=False, pos=(-0.00,0.00)
[INFO] [1784267816.624983285] [cmd_vel_guard]: [HEARTBEAT #5] cmds=41, odom=yes, nav_approved=False, pos=(-0.00,0.00)
[INFO] [1784267821.632535301] [cmd_vel_guard]: [HEARTBEAT #6] cmds=43, odom=yes, nav_approved=False, pos=(-0.00,0.00)
[INFO] [1784267826.735459184] [cmd_vel_guard]: [HEARTBEAT #7] cmds=44, odom=yes, nav_approved=False, pos=(-0.00,0.00)
[INFO] [1784267831.755580507] [cmd_vel_guard]: [HEARTBEAT #8] cmds=44, odom=yes, nav_approved=False, pos=(-0.00,0.00)
[INFO] [1784267836.763306690] [cmd_vel_guard]: [HEARTBEAT #9] cmds=44, odom=yes, nav_approved=False, pos=(-0.00,0.00)
[INFO] [1784267841.770622990] [cmd_vel_guard]: [HEARTBEAT #10] cmds=44, odom=yes, nav_approved=False, pos=(-0.00,0.00)
[INFO] [1784267846.778919349] [cmd_vel_guard]: [HEARTBEAT #11] cmds=44, odom=yes, nav_approved=False, pos=(-0.00,0.00)
[INFO] [1784267851.787622202] [cmd_vel_guard]: [HEARTBEAT #12] cmds=44, odom=yes, nav_approved=False, pos=(-0.00,0.00)
[INFO] [1784267852.083357405] [cmd_vel_guard]: Navigation authorized
[INFO] [1784267852.257328583] [cmd_vel_guard]: Guard status: cmds=51, nav_approved=True, odom=yes, pos=(0.01,-0.00), passed=50, blocked=0
[INFO] [1784267853.507185950] [cmd_vel_guard]: Guard status: cmds=101, nav_approved=True, odom=yes, pos=(0.26,-0.00), passed=100, blocked=0
[INFO] [1784267854.757075392] [cmd_vel_guard]: Guard status: cmds=151, nav_approved=True, odom=yes, pos=(0.53,-0.00), passed=150, blocked=0
[INFO] [1784267855.839013632] [cmd_vel_guard]: [spoofmon] d_abs=0.022 jump=0.003 max_jump=0.021 c=(0.05,0.01)
[INFO] [1784267856.007189892] [cmd_vel_guard]: Guard status: cmds=201, nav_approved=True, odom=yes, pos=(0.79,-0.00), passed=200, blocked=0
[INFO] [1784267856.796474307] [cmd_vel_guard]: [HEARTBEAT #13] cmds=232, odom=yes, nav_approved=True, pos=(0.95,-0.01)
[INFO] [1784267857.257274292] [cmd_vel_guard]: Guard status: cmds=251, nav_approved=True, odom=yes, pos=(1.06,-0.01), passed=250, blocked=0
[INFO] [1784267858.507378664] [cmd_vel_guard]: Guard status: cmds=301, nav_approved=True, odom=yes, pos=(1.32,-0.01), passed=300, blocked=0
[INFO] [1784267859.757532982] [cmd_vel_guard]: Guard status: cmds=351, nav_approved=True, odom=yes, pos=(1.58,-0.01), passed=350, blocked=0
[INFO] [1784267860.849682641] [cmd_vel_guard]: [spoofmon] d_abs=0.148 jump=0.002 max_jump=0.024 c=(0.17,0.03)
[INFO] [1784267861.007585157] [cmd_vel_guard]: Guard status: cmds=401, nav_approved=True, odom=yes, pos=(1.85,-0.01), passed=400, blocked=0
[INFO] [1784267861.804901410] [cmd_vel_guard]: [HEARTBEAT #14] cmds=432, odom=yes, nav_approved=True, pos=(2.01,-0.01)
[INFO] [1784267862.256909971] [cmd_vel_guard]: Guard status: cmds=451, nav_approved=True, odom=yes, pos=(2.11,-0.01), passed=450, blocked=0
[INFO] [1784267863.509849983] [cmd_vel_guard]: Guard status: cmds=501, nav_approved=True, odom=yes, pos=(2.37,-0.01), passed=500, blocked=0
[INFO] [1784267864.757392894] [cmd_vel_guard]: Guard status: cmds=551, nav_approved=True, odom=yes, pos=(2.63,-0.02), passed=550, blocked=0
[INFO] [1784267865.862254367] [cmd_vel_guard]: [spoofmon] d_abs=0.139 jump=0.019 max_jump=0.024 c=(0.13,0.09)
[INFO] [1784267866.009897144] [cmd_vel_guard]: Guard status: cmds=601, nav_approved=True, odom=yes, pos=(2.89,-0.03), passed=600, blocked=0
[INFO] [1784267866.814132946] [cmd_vel_guard]: [HEARTBEAT #15] cmds=633, odom=yes, nav_approved=True, pos=(3.06,-0.05)
[INFO] [1784267867.257092371] [cmd_vel_guard]: Guard status: cmds=651, nav_approved=True, odom=yes, pos=(3.16,-0.05), passed=650, blocked=0
[INFO] [1784267868.519991931] [cmd_vel_guard]: Guard status: cmds=701, nav_approved=True, odom=yes, pos=(3.42,-0.08), passed=700, blocked=0
[INFO] [1784267869.757152019] [cmd_vel_guard]: Guard status: cmds=751, nav_approved=True, odom=yes, pos=(3.68,-0.11), passed=750, blocked=0
[INFO] [1784267870.868564500] [cmd_vel_guard]: [spoofmon] d_abs=0.182 jump=0.007 max_jump=0.024 c=(0.12,0.16)
[INFO] [1784267871.006823368] [cmd_vel_guard]: Guard status: cmds=801, nav_approved=True, odom=yes, pos=(3.94,-0.13), passed=800, blocked=0
[INFO] [1784267871.822387557] [cmd_vel_guard]: [HEARTBEAT #16] cmds=833, odom=yes, nav_approved=True, pos=(4.10,-0.15)
[INFO] [1784267871.983612174] [cmd_vel_guard]: Navigation completed
[WARN] [1784267871.990044184] [cmd_vel_guard]: BLOCKED (unapproved): cmd_vel without goal_gate authorization (speed=0.15m/s, pos=(4.13, -0.15))
