[INFO] [1784265414.075296694] [cmd_vel_guard]: Zones loaded: 2
[INFO] [1784265414.075521924] [cmd_vel_guard]: CBF margin: 0.1m (real-time control)
[INFO] [1784265414.075659981] [cmd_vel_guard]: SSM base margin: 0.05m (velocity-dependent)
[INFO] [1784265414.079967229] [cmd_vel_guard]: Spoof detection ON [cusum]: amcl=/amcl_pose, offset_thresh=0.95m, jump_thresh=0.45m, enforce_pose=amcl
[INFO] [1784265414.080414352] [cmd_vel_guard]: DEBUG subscriptions:
[INFO] [1784265414.080655701] [cmd_vel_guard]:   cmd_sub topic: /cmd_vel_nav
[INFO] [1784265414.080888214] [cmd_vel_guard]:   odom_sub topic: /odom
[INFO] [1784265414.081113633] [cmd_vel_guard]:   nav_state_sub topic: /geofence/nav_state
[INFO] [1784265414.081696959] [cmd_vel_guard]: ============================================================
[INFO] [1784265414.081945612] [cmd_vel_guard]: Cmd Vel Guard node initialized
[INFO] [1784265414.082189156] [cmd_vel_guard]: Safety method: geofence
[INFO] [1784265414.082445703] [cmd_vel_guard]: Input: /cmd_vel_nav -> Output: /cmd_vel
[INFO] [1784265414.082703904] [cmd_vel_guard]: Simulated comm latency: 50ms
[INFO] [1784265414.082796707] [cmd_vel_guard]:   Mode: Forward Simulation
[INFO] [1784265414.082904918] [cmd_vel_guard]:   Horizon: 1.0s, Steps: 10
[INFO] [1784265414.083018480] [cmd_vel_guard]:   Margin: 0.562m
[INFO] [1784265414.083278954] [cmd_vel_guard]: ============================================================
[INFO] [1784265414.813954804] [cmd_vel_guard]: [HEARTBEAT #1] cmds=0, odom=no, nav_approved=False, pos=(0.00,0.00)
[INFO] [1784265417.841580393] [cmd_vel_guard]: [HEARTBEAT #2] cmds=0, odom=yes, nav_approved=False, pos=(-0.00,0.00)
[INFO] [1784265422.776728929] [cmd_vel_guard]: Guard status: cmds=1, nav_approved=False, odom=yes, pos=(-0.00,0.00), passed=0, blocked=0
[INFO] [1784265422.850154802] [cmd_vel_guard]: [HEARTBEAT #3] cmds=1, odom=yes, nav_approved=False, pos=(-0.00,0.00)
[INFO] [1784265427.955504283] [cmd_vel_guard]: [HEARTBEAT #4] cmds=32, odom=yes, nav_approved=False, pos=(-0.00,0.00)
[INFO] [1784265432.865843197] [cmd_vel_guard]: [HEARTBEAT #5] cmds=43, odom=yes, nav_approved=False, pos=(-0.00,0.00)
[INFO] [1784265437.966709157] [cmd_vel_guard]: [HEARTBEAT #6] cmds=43, odom=yes, nav_approved=False, pos=(-0.00,0.00)
[INFO] [1784265442.973546024] [cmd_vel_guard]: [HEARTBEAT #7] cmds=43, odom=yes, nav_approved=False, pos=(-0.00,0.00)
[INFO] [1784265447.984411954] [cmd_vel_guard]: [HEARTBEAT #8] cmds=43, odom=yes, nav_approved=False, pos=(-0.00,0.00)
[INFO] [1784265452.992346488] [cmd_vel_guard]: [HEARTBEAT #9] cmds=43, odom=yes, nav_approved=False, pos=(-0.00,0.00)
[INFO] [1784265457.999532029] [cmd_vel_guard]: [HEARTBEAT #10] cmds=43, odom=yes, nav_approved=False, pos=(-0.00,0.00)
[INFO] [1784265463.006600349] [cmd_vel_guard]: [HEARTBEAT #11] cmds=43, odom=yes, nav_approved=False, pos=(-0.00,0.00)
[INFO] [1784265466.905723262] [cmd_vel_guard]: Navigation authorized
[INFO] [1784265467.287651381] [cmd_vel_guard]: Guard status: cmds=51, nav_approved=True, odom=yes, pos=(0.01,-0.00), passed=50, blocked=0
[INFO] [1784265468.101502920] [cmd_vel_guard]: [HEARTBEAT #12] cmds=66, odom=yes, nav_approved=True, pos=(0.14,-0.02)
[INFO] [1784265469.520760594] [cmd_vel_guard]: [spoofmon] d_abs=0.092 jump=0.038 max_jump=0.055 c=(0.05,0.03)
[INFO] [1784265469.826779572] [cmd_vel_guard]: Guard status: cmds=101, nav_approved=True, odom=yes, pos=(0.43,-0.22), passed=100, blocked=0
[INFO] [1784265472.381273771] [cmd_vel_guard]: Guard status: cmds=151, nav_approved=True, odom=yes, pos=(0.95,-0.19), passed=150, blocked=0
[INFO] [1784265473.091262376] [cmd_vel_guard]: [HEARTBEAT #13] cmds=164, odom=yes, nav_approved=True, pos=(1.10,-0.18)
[INFO] [1784265474.315448848] [cmd_vel_guard]: [spoofmon] d_abs=0.327 jump=0.015 max_jump=0.055 c=(0.28,0.05)
[INFO] [1784265474.928893543] [cmd_vel_guard]: Guard status: cmds=201, nav_approved=True, odom=yes, pos=(1.48,-0.18), passed=200, blocked=0
[INFO] [1784265477.484664182] [cmd_vel_guard]: Guard status: cmds=251, nav_approved=True, odom=yes, pos=(2.02,-0.19), passed=250, blocked=0
[INFO] [1784265478.097437550] [cmd_vel_guard]: [HEARTBEAT #14] cmds=262, odom=yes, nav_approved=True, pos=(2.15,-0.19)
[INFO] [1784265479.322430474] [cmd_vel_guard]: [spoofmon] d_abs=0.297 jump=0.008 max_jump=0.055 c=(0.25,0.07)
[INFO] [1784265480.036878594] [cmd_vel_guard]: Guard status: cmds=301, nav_approved=True, odom=yes, pos=(2.56,-0.21), passed=300, blocked=0
[INFO] [1784265482.580292835] [cmd_vel_guard]: Guard status: cmds=351, nav_approved=True, odom=yes, pos=(3.09,-0.22), passed=350, blocked=0
[INFO] [1784265483.091454974] [cmd_vel_guard]: [HEARTBEAT #15] cmds=360, odom=yes, nav_approved=True, pos=(3.20,-0.22)
[INFO] [1784265484.317877318] [cmd_vel_guard]: [spoofmon] d_abs=0.284 jump=0.004 max_jump=0.055 c=(0.23,0.14)
[INFO] [1784265485.135563995] [cmd_vel_guard]: Guard status: cmds=401, nav_approved=True, odom=yes, pos=(3.63,-0.25), passed=400, blocked=0
[INFO] [1784265487.179258410] [cmd_vel_guard]: Navigation completed
[WARN] [1784265487.180089951] [cmd_vel_guard]: BLOCKED (unapproved): cmd_vel without goal_gate authorization (speed=0.16m/s, pos=(4.06, -0.24))
[INFO] [1784265487.336862147] [cmd_vel_guard]: Guard status: cmds=451, nav_approved=False, odom=yes, pos=(4.14,-0.23), passed=443, blocked=7
