[INFO] [1784286530.405927366] [cmd_vel_guard]: Zones loaded: 2
[INFO] [1784286530.406152777] [cmd_vel_guard]: CBF margin: 0.1m (real-time control)
[INFO] [1784286530.406294568] [cmd_vel_guard]: SSM base margin: 0.05m (velocity-dependent)
[INFO] [1784286530.410408230] [cmd_vel_guard]: Spoof detection ON [memoryless]: amcl=/amcl_pose, offset_thresh=0.95m, jump_thresh=0.45m, enforce_pose=amcl
[INFO] [1784286530.410869832] [cmd_vel_guard]: DEBUG subscriptions:
[INFO] [1784286530.411139728] [cmd_vel_guard]:   cmd_sub topic: /cmd_vel_nav
[INFO] [1784286530.411363315] [cmd_vel_guard]:   odom_sub topic: /odom
[INFO] [1784286530.411591321] [cmd_vel_guard]:   nav_state_sub topic: /geofence/nav_state
[INFO] [1784286530.412140300] [cmd_vel_guard]: ============================================================
[INFO] [1784286530.412383936] [cmd_vel_guard]: Cmd Vel Guard node initialized
[INFO] [1784286530.412621340] [cmd_vel_guard]: Safety method: geofence
[INFO] [1784286530.412867450] [cmd_vel_guard]: Input: /cmd_vel_nav -> Output: /cmd_vel
[INFO] [1784286530.412958324] [cmd_vel_guard]:   Mode: Forward Simulation
[INFO] [1784286530.413051923] [cmd_vel_guard]:   Horizon: 1.0s, Steps: 10
[INFO] [1784286530.413156252] [cmd_vel_guard]:   Margin: 0.562m
[INFO] [1784286530.413403525] [cmd_vel_guard]: ============================================================
[INFO] [1784286532.151164559] [cmd_vel_guard]: [HEARTBEAT #1] cmds=0, odom=no, nav_approved=False, pos=(0.00,0.00)
[INFO] [1784286536.492730277] [cmd_vel_guard]: [HEARTBEAT #2] cmds=0, odom=yes, nav_approved=False, pos=(-0.00,0.00)
[INFO] [1784286540.050028915] [cmd_vel_guard]: Guard status: cmds=1, nav_approved=False, odom=yes, pos=(-0.00,0.00), passed=0, blocked=0
[INFO] [1784286541.500333670] [cmd_vel_guard]: [HEARTBEAT #3] cmds=1, odom=yes, nav_approved=False, pos=(-0.00,0.00)
[INFO] [1784286546.508664817] [cmd_vel_guard]: [HEARTBEAT #4] cmds=3, odom=yes, nav_approved=False, pos=(-0.00,0.00)
[INFO] [1784286551.519247540] [cmd_vel_guard]: [HEARTBEAT #5] cmds=4, odom=yes, nav_approved=False, pos=(-0.00,0.00)
[INFO] [1784286556.619649828] [cmd_vel_guard]: [HEARTBEAT #6] cmds=5, odom=yes, nav_approved=False, pos=(-0.00,0.00)
[INFO] [1784286561.627792274] [cmd_vel_guard]: [HEARTBEAT #7] cmds=5, odom=yes, nav_approved=False, pos=(-0.00,0.00)
[INFO] [1784286566.635348134] [cmd_vel_guard]: [HEARTBEAT #8] cmds=5, odom=yes, nav_approved=False, pos=(-0.00,0.00)
[INFO] [1784286571.642902548] [cmd_vel_guard]: [HEARTBEAT #9] cmds=5, odom=yes, nav_approved=False, pos=(-0.00,0.00)
[INFO] [1784286574.311348862] [cmd_vel_guard]: Navigation authorized
[INFO] [1784286575.475483182] [cmd_vel_guard]: Guard status: cmds=51, nav_approved=True, odom=yes, pos=(0.20,-0.06), passed=50, blocked=0
[INFO] [1784286576.651189697] [cmd_vel_guard]: [HEARTBEAT #10] cmds=98, odom=yes, nav_approved=True, pos=(0.40,-0.21)
[INFO] [1784286576.735167735] [cmd_vel_guard]: Guard status: cmds=101, nav_approved=True, odom=yes, pos=(0.42,-0.22), passed=100, blocked=0
[INFO] [1784286577.203781817] [cmd_vel_guard]: [spoofmon] d_abs=0.095 jump=0.046 max_jump=0.049 c=(0.10,0.04)
[INFO] [1784286577.985133463] [cmd_vel_guard]: Guard status: cmds=151, nav_approved=True, odom=yes, pos=(0.69,-0.24), passed=150, blocked=0
[INFO] [1784286579.225463744] [cmd_vel_guard]: Guard status: cmds=201, nav_approved=True, odom=yes, pos=(0.95,-0.23), passed=200, blocked=0
[INFO] [1784286580.485756717] [cmd_vel_guard]: Guard status: cmds=251, nav_approved=True, odom=yes, pos=(1.21,-0.22), passed=250, blocked=0
[INFO] [1784286581.660263647] [cmd_vel_guard]: [HEARTBEAT #11] cmds=298, odom=yes, nav_approved=True, pos=(1.46,-0.21)
[INFO] [1784286581.725373442] [cmd_vel_guard]: Guard status: cmds=301, nav_approved=True, odom=yes, pos=(1.47,-0.21), passed=300, blocked=0
[INFO] [1784286582.001111068] [cmd_vel_guard]: [spoofmon] d_abs=0.199 jump=0.015 max_jump=0.049 c=(0.20,0.05)
[INFO] [1784286582.985162477] [cmd_vel_guard]: Guard status: cmds=351, nav_approved=True, odom=yes, pos=(1.74,-0.21), passed=350, blocked=0
[INFO] [1784286584.225476398] [cmd_vel_guard]: Guard status: cmds=401, nav_approved=True, odom=yes, pos=(1.97,-0.21), passed=400, blocked=0
[INFO] [1784286585.465353183] [cmd_vel_guard]: Guard status: cmds=451, nav_approved=True, odom=yes, pos=(1.98,-0.21), passed=450, blocked=0
[INFO] [1784286586.668701895] [cmd_vel_guard]: [HEARTBEAT #12] cmds=485, odom=yes, nav_approved=True, pos=(1.99,-0.21)
[INFO] [1784286587.202560456] [cmd_vel_guard]: [spoofmon] d_abs=0.282 jump=0.012 max_jump=0.049 c=(0.27,0.15)
[INFO] [1784286587.435189125] [cmd_vel_guard]: Guard status: cmds=501, nav_approved=True, odom=yes, pos=(2.06,-0.29), passed=500, blocked=0
[INFO] [1784286589.935525287] [cmd_vel_guard]: Guard status: cmds=551, nav_approved=True, odom=yes, pos=(2.51,-0.52), passed=550, blocked=0
[INFO] [1784286591.375472932] [cmd_vel_guard]: Guard status: cmds=601, nav_approved=True, odom=yes, pos=(2.81,-0.53), passed=600, blocked=0
[INFO] [1784286591.624378115] [cmd_vel_guard]: [spoofmon] d_abs=0.492 jump=0.078 max_jump=0.078 c=(0.34,0.42)
[INFO] [1784286591.677244595] [cmd_vel_guard]: [HEARTBEAT #13] cmds=613, odom=yes, nav_approved=True, pos=(2.87,-0.53)
[INFO] [1784286592.615568224] [cmd_vel_guard]: Guard status: cmds=651, nav_approved=True, odom=yes, pos=(3.08,-0.55), passed=650, blocked=0
[INFO] [1784286593.875483615] [cmd_vel_guard]: Guard status: cmds=701, nav_approved=True, odom=yes, pos=(3.30,-0.69), passed=700, blocked=0
[INFO] [1784286594.628697274] [cmd_vel_guard]: [spoofmon] d_abs=1.798 jump=0.076 max_jump=0.214 c=(0.52,1.78)
[INFO] [1784286595.134950974] [cmd_vel_guard]: Guard status: cmds=751, nav_approved=True, odom=yes, pos=(3.38,-0.94), passed=750, blocked=0
[INFO] [1784286596.384937206] [cmd_vel_guard]: Guard status: cmds=801, nav_approved=True, odom=yes, pos=(3.37,-1.21), passed=800, blocked=0
[INFO] [1784286596.686224464] [cmd_vel_guard]: [HEARTBEAT #14] cmds=814, odom=yes, nav_approved=True, pos=(3.37,-1.27)
[INFO] [1784286597.615366894] [cmd_vel_guard]: Guard status: cmds=851, nav_approved=True, odom=yes, pos=(3.36,-1.47), passed=850, blocked=0
[INFO] [1784286598.884964553] [cmd_vel_guard]: Guard status: cmds=901, nav_approved=True, odom=yes, pos=(3.36,-1.74), passed=900, blocked=0
[INFO] [1784286599.236274189] [cmd_vel_guard]: [spoofmon] d_abs=2.529 jump=0.082 max_jump=0.214 c=(0.71,2.49)
[INFO] [1784286600.135097879] [cmd_vel_guard]: Guard status: cmds=951, nav_approved=True, odom=yes, pos=(3.36,-2.01), passed=950, blocked=0
[INFO] [1784286601.384712030] [cmd_vel_guard]: Guard status: cmds=1001, nav_approved=True, odom=yes, pos=(3.36,-2.27), passed=1000, blocked=0
[INFO] [1784286601.693965786] [cmd_vel_guard]: [HEARTBEAT #15] cmds=1013, odom=yes, nav_approved=True, pos=(3.36,-2.33)
[INFO] [1784286602.625646412] [cmd_vel_guard]: Guard status: cmds=1051, nav_approved=True, odom=yes, pos=(3.36,-2.54), passed=1050, blocked=0
[INFO] [1784286603.884889864] [cmd_vel_guard]: Guard status: cmds=1101, nav_approved=True, odom=yes, pos=(3.37,-2.80), passed=1100, blocked=0
[INFO] [1784286604.245444234] [cmd_vel_guard]: [spoofmon] d_abs=3.576 jump=0.102 max_jump=0.214 c=(0.62,3.58)
[INFO] [1784286605.125431354] [cmd_vel_guard]: Guard status: cmds=1151, nav_approved=True, odom=yes, pos=(3.41,-3.07), passed=1150, blocked=0
[INFO] [1784286606.384833506] [cmd_vel_guard]: Guard status: cmds=1201, nav_approved=True, odom=yes, pos=(3.50,-3.33), passed=1200, blocked=0
[INFO] [1784286606.702057535] [cmd_vel_guard]: [HEARTBEAT #16] cmds=1214, odom=yes, nav_approved=True, pos=(3.52,-3.38)
[INFO] [1784286607.635097399] [cmd_vel_guard]: Guard status: cmds=1251, nav_approved=True, odom=yes, pos=(3.61,-3.57), passed=1250, blocked=0
[INFO] [1784286608.865577537] [cmd_vel_guard]: Guard status: cmds=1301, nav_approved=True, odom=yes, pos=(3.73,-3.80), passed=1300, blocked=0
[INFO] [1784286610.135099810] [cmd_vel_guard]: Guard status: cmds=1351, nav_approved=True, odom=yes, pos=(3.88,-4.03), passed=1350, blocked=0
[INFO] [1784286610.150947106] [cmd_vel_guard]: [spoofmon] d_abs=4.431 jump=0.068 max_jump=0.214 c=(0.20,4.49)
[INFO] [1784286611.375461358] [cmd_vel_guard]: Guard status: cmds=1401, nav_approved=True, odom=yes, pos=(4.04,-4.24), passed=1400, blocked=0
[INFO] [1784286611.709970572] [cmd_vel_guard]: [HEARTBEAT #17] cmds=1414, odom=yes, nav_approved=True, pos=(4.08,-4.29)
[INFO] [1784286612.635021716] [cmd_vel_guard]: Guard status: cmds=1451, nav_approved=True, odom=yes, pos=(4.18,-4.41), passed=1450, blocked=0
[INFO] [1784286613.875744298] [cmd_vel_guard]: Guard status: cmds=1501, nav_approved=True, odom=yes, pos=(4.20,-4.43), passed=1500, blocked=0
[INFO] [1784286615.115477702] [cmd_vel_guard]: Guard status: cmds=1551, nav_approved=True, odom=yes, pos=(4.20,-4.43), passed=1550, blocked=0
[INFO] [1784286615.571697709] [cmd_vel_guard]: Navigation completed
[INFO] [1784286616.718514873] [cmd_vel_guard]: [HEARTBEAT #18] cmds=1595, odom=yes, nav_approved=False, pos=(4.20,-4.43)
[INFO] [1784286617.005209846] [cmd_vel_guard]: Guard status: cmds=1601, nav_approved=False, odom=yes, pos=(4.20,-4.43), passed=1600, blocked=0
