[INFO] [1784262941.981759726] [cmd_vel_guard]: Zones loaded: 2
[INFO] [1784262941.982003947] [cmd_vel_guard]: CBF margin: 0.1m (real-time control)
[INFO] [1784262941.982146166] [cmd_vel_guard]: SSM base margin: 0.05m (velocity-dependent)
[INFO] [1784262941.986866953] [cmd_vel_guard]: Spoof detection ON [cusum]: amcl=/amcl_pose, offset_thresh=0.95m, jump_thresh=0.45m, enforce_pose=amcl
[INFO] [1784262941.987361246] [cmd_vel_guard]: DEBUG subscriptions:
[INFO] [1784262941.987590219] [cmd_vel_guard]:   cmd_sub topic: /cmd_vel_nav
[INFO] [1784262941.987829901] [cmd_vel_guard]:   odom_sub topic: /odom
[INFO] [1784262941.988057962] [cmd_vel_guard]:   nav_state_sub topic: /geofence/nav_state
[INFO] [1784262941.988754758] [cmd_vel_guard]: ============================================================
[INFO] [1784262941.989012185] [cmd_vel_guard]: Cmd Vel Guard node initialized
[INFO] [1784262941.989258530] [cmd_vel_guard]: Safety method: geofence
[INFO] [1784262941.989508081] [cmd_vel_guard]: Input: /cmd_vel_nav -> Output: /cmd_vel
[INFO] [1784262941.989771789] [cmd_vel_guard]: Simulated comm latency: 100ms
[INFO] [1784262941.989862731] [cmd_vel_guard]:   Mode: Forward Simulation
[INFO] [1784262941.989959364] [cmd_vel_guard]:   Horizon: 1.0s, Steps: 10
[INFO] [1784262941.990115238] [cmd_vel_guard]:   Margin: 0.562m
[INFO] [1784262941.990543577] [cmd_vel_guard]: ============================================================
[INFO] [1784262944.843050812] [cmd_vel_guard]: [HEARTBEAT #1] cmds=0, odom=yes, nav_approved=False, pos=(-0.00,0.00)
[INFO] [1784262948.071771781] [cmd_vel_guard]: [HEARTBEAT #2] cmds=0, odom=yes, nav_approved=False, pos=(-0.00,0.00)
[INFO] [1784262951.951290658] [cmd_vel_guard]: Guard status: cmds=1, nav_approved=False, odom=yes, pos=(-0.00,0.00), passed=0, blocked=0
[INFO] [1784262953.078753441] [cmd_vel_guard]: [HEARTBEAT #3] cmds=1, odom=yes, nav_approved=False, pos=(-0.00,0.00)
[INFO] [1784262958.129931153] [cmd_vel_guard]: [HEARTBEAT #4] cmds=3, odom=yes, nav_approved=False, pos=(-0.00,0.00)
[INFO] [1784262963.094562441] [cmd_vel_guard]: [HEARTBEAT #5] cmds=4, odom=yes, nav_approved=False, pos=(-0.00,0.00)
[INFO] [1784262968.208440038] [cmd_vel_guard]: [HEARTBEAT #6] cmds=35, odom=yes, nav_approved=False, pos=(-0.00,0.00)
[INFO] [1784262973.211121240] [cmd_vel_guard]: [HEARTBEAT #7] cmds=35, odom=yes, nav_approved=False, pos=(-0.00,0.00)
[INFO] [1784262978.218333001] [cmd_vel_guard]: [HEARTBEAT #8] cmds=35, odom=yes, nav_approved=False, pos=(-0.00,0.00)
[INFO] [1784262983.225677154] [cmd_vel_guard]: [HEARTBEAT #9] cmds=35, odom=yes, nav_approved=False, pos=(-0.00,0.00)
[INFO] [1784262988.234498892] [cmd_vel_guard]: [HEARTBEAT #10] cmds=35, odom=yes, nav_approved=False, pos=(-0.00,0.00)
[INFO] [1784262991.211384178] [cmd_vel_guard]: Navigation authorized
[INFO] [1784262992.752021971] [cmd_vel_guard]: Guard status: cmds=51, nav_approved=True, odom=yes, pos=(0.19,-0.01), passed=50, blocked=0
[INFO] [1784262993.359084583] [cmd_vel_guard]: [HEARTBEAT #11] cmds=56, odom=yes, nav_approved=True, pos=(0.31,-0.02)
[INFO] [1784262995.380606453] [cmd_vel_guard]: [spoofmon] d_abs=0.031 jump=0.010 max_jump=0.023 c=(0.12,0.00)
[INFO] [1784262997.805750268] [cmd_vel_guard]: Guard status: cmds=101, nav_approved=True, odom=yes, pos=(1.23,-0.06), passed=100, blocked=0
[INFO] [1784262998.412966728] [cmd_vel_guard]: [HEARTBEAT #12] cmds=106, odom=yes, nav_approved=True, pos=(1.37,-0.05)
[INFO] [1784263000.435196002] [cmd_vel_guard]: [spoofmon] d_abs=0.157 jump=0.001 max_jump=0.032 c=(0.24,0.01)
[INFO] [1784263002.861198779] [cmd_vel_guard]: Guard status: cmds=151, nav_approved=True, odom=yes, pos=(2.30,-0.09), passed=150, blocked=0
[INFO] [1784263003.366928104] [cmd_vel_guard]: [HEARTBEAT #13] cmds=155, odom=yes, nav_approved=True, pos=(2.40,-0.09)
[INFO] [1784263005.389045136] [cmd_vel_guard]: [spoofmon] d_abs=0.144 jump=0.022 max_jump=0.032 c=(0.21,0.08)
[INFO] [1784263007.916814922] [cmd_vel_guard]: Guard status: cmds=201, nav_approved=True, odom=yes, pos=(3.35,-0.17), passed=200, blocked=0
[INFO] [1784263008.422867057] [cmd_vel_guard]: [HEARTBEAT #14] cmds=205, odom=yes, nav_approved=True, pos=(3.45,-0.17)
[INFO] [1784263010.543909077] [cmd_vel_guard]: [spoofmon] d_abs=0.169 jump=0.006 max_jump=0.032 c=(0.18,0.14)
[INFO] [1784263011.453752135] [cmd_vel_guard]: Navigation completed
[WARN] [1784263011.454600928] [cmd_vel_guard]: BLOCKED (unapproved): cmd_vel without goal_gate authorization (speed=0.16m/s, pos=(4.08, -0.19))
