[INFO] [1784277020.380971662] [cmd_vel_guard]: Zones loaded: 2
[INFO] [1784277020.381229266] [cmd_vel_guard]: CBF margin: 0.1m (real-time control)
[INFO] [1784277020.381380150] [cmd_vel_guard]: SSM base margin: 0.05m (velocity-dependent)
[INFO] [1784277020.385169573] [cmd_vel_guard]: Spoof detection ON [cusum]: amcl=/amcl_pose, offset_thresh=0.95m, jump_thresh=0.45m, enforce_pose=amcl
[INFO] [1784277020.385603198] [cmd_vel_guard]: DEBUG subscriptions:
[INFO] [1784277020.385845945] [cmd_vel_guard]:   cmd_sub topic: /cmd_vel_nav
[INFO] [1784277020.386081057] [cmd_vel_guard]:   odom_sub topic: /odom
[INFO] [1784277020.386340114] [cmd_vel_guard]:   nav_state_sub topic: /geofence/nav_state
[INFO] [1784277020.386902882] [cmd_vel_guard]: ============================================================
[INFO] [1784277020.387153663] [cmd_vel_guard]: Cmd Vel Guard node initialized
[INFO] [1784277020.387404775] [cmd_vel_guard]: Safety method: geofence
[INFO] [1784277020.387649054] [cmd_vel_guard]: Input: /cmd_vel_nav -> Output: /cmd_vel
[INFO] [1784277020.387911378] [cmd_vel_guard]: Simulated comm latency: 50ms
[INFO] [1784277020.388004893] [cmd_vel_guard]:   Mode: Forward Simulation
[INFO] [1784277020.388099251] [cmd_vel_guard]:   Horizon: 1.0s, Steps: 10
[INFO] [1784277020.388207895] [cmd_vel_guard]:   Margin: 0.562m
[INFO] [1784277020.388462083] [cmd_vel_guard]: ============================================================
[INFO] [1784277020.550425558] [cmd_vel_guard]: [HEARTBEAT #1] cmds=0, odom=no, nav_approved=False, pos=(0.00,0.00)
[INFO] [1784277021.456067430] [cmd_vel_guard]: [HEARTBEAT #2] cmds=0, odom=no, nav_approved=False, pos=(0.00,0.00)
[INFO] [1784277026.464020980] [cmd_vel_guard]: [HEARTBEAT #3] cmds=0, odom=yes, nav_approved=False, pos=(-0.00,0.00)
[INFO] [1784277029.262112819] [cmd_vel_guard]: Guard status: cmds=1, nav_approved=False, odom=yes, pos=(-0.00,0.00), passed=0, blocked=0
[INFO] [1784277031.471020005] [cmd_vel_guard]: [HEARTBEAT #4] cmds=1, odom=yes, nav_approved=False, pos=(-0.00,0.00)
[INFO] [1784277036.479173767] [cmd_vel_guard]: [HEARTBEAT #5] cmds=3, odom=yes, nav_approved=False, pos=(-0.00,0.00)
[INFO] [1784277041.585651178] [cmd_vel_guard]: [HEARTBEAT #6] cmds=3, odom=yes, nav_approved=False, pos=(-0.00,0.00)
[INFO] [1784277046.593608923] [cmd_vel_guard]: [HEARTBEAT #7] cmds=3, odom=yes, nav_approved=False, pos=(-0.00,0.00)
[INFO] [1784277051.600988188] [cmd_vel_guard]: [HEARTBEAT #8] cmds=3, odom=yes, nav_approved=False, pos=(-0.00,0.00)
[INFO] [1784277056.608348002] [cmd_vel_guard]: [HEARTBEAT #9] cmds=3, odom=yes, nav_approved=False, pos=(-0.00,0.00)
[INFO] [1784277061.616132306] [cmd_vel_guard]: [HEARTBEAT #10] cmds=3, odom=yes, nav_approved=False, pos=(-0.00,0.00)
[INFO] [1784277066.624037266] [cmd_vel_guard]: [HEARTBEAT #11] cmds=3, odom=yes, nav_approved=False, pos=(-0.00,0.00)
[INFO] [1784277070.253088136] [cmd_vel_guard]: Navigation authorized
[INFO] [1784277071.709031840] [cmd_vel_guard]: [HEARTBEAT #12] cmds=31, odom=yes, nav_approved=True, pos=(0.19,-0.04)
[INFO] [1784277072.682958825] [cmd_vel_guard]: Guard status: cmds=51, nav_approved=True, odom=yes, pos=(0.33,-0.18), passed=50, blocked=0
[INFO] [1784277072.784866083] [cmd_vel_guard]: [spoofmon] d_abs=0.102 jump=0.047 max_jump=0.056 c=(0.07,0.02)
[INFO] [1784277075.235509005] [cmd_vel_guard]: Guard status: cmds=101, nav_approved=True, odom=yes, pos=(0.85,-0.26), passed=100, blocked=0
[INFO] [1784277076.712605690] [cmd_vel_guard]: [HEARTBEAT #13] cmds=129, odom=yes, nav_approved=True, pos=(1.16,-0.25)
[INFO] [1784277076.763722819] [cmd_vel_guard]: [spoofmon] d_abs=0.335 jump=0.031 max_jump=0.084 c=(0.26,0.16)
[INFO] [1784277077.786729597] [cmd_vel_guard]: Guard status: cmds=151, nav_approved=True, odom=yes, pos=(1.39,-0.25), passed=150, blocked=0
[INFO] [1784277080.340243917] [cmd_vel_guard]: Guard status: cmds=201, nav_approved=True, odom=yes, pos=(1.92,-0.39), passed=200, blocked=0
[INFO] [1784277081.717332860] [cmd_vel_guard]: [HEARTBEAT #14] cmds=227, odom=yes, nav_approved=True, pos=(2.16,-0.43)
[INFO] [1784277081.971971448] [cmd_vel_guard]: [spoofmon] d_abs=0.661 jump=0.057 max_jump=0.088 c=(0.29,0.56)
[INFO] [1784277082.891626899] [cmd_vel_guard]: Guard status: cmds=251, nav_approved=True, odom=yes, pos=(2.22,-0.45), passed=250, blocked=0
[INFO] [1784277085.444390673] [cmd_vel_guard]: Guard status: cmds=301, nav_approved=True, odom=yes, pos=(2.22,-0.45), passed=300, blocked=0
[INFO] [1784277086.722493763] [cmd_vel_guard]: [HEARTBEAT #15] cmds=325, odom=yes, nav_approved=True, pos=(2.33,-0.45)
[INFO] [1784277087.590623488] [cmd_vel_guard]: [spoofmon] d_abs=0.963 jump=0.098 max_jump=0.098 c=(0.39,0.85)
[ERROR] [1784277087.590853251] [cmd_vel_guard]: LOCALIZATION SPOOF DETECTED [cusum]: d_abs=0.963m (d_abs=0.963, jump=0.098, offset c=(0.39,0.85)) — fail-stopping
[WARN] [1784277087.591417612] [cmd_vel_guard]: BLOCKED (spoof fail-stop): localization spoof detected, halting robot
[INFO] [1784277087.594748156] [cmd_vel_guard]: Guard status: cmds=351, nav_approved=True, odom=yes, pos=(2.56,-0.48), passed=342, blocked=8
[INFO] [1784277088.806055112] [cmd_vel_guard]: Guard status: cmds=401, nav_approved=True, odom=yes, pos=(2.62,-0.49), passed=342, blocked=58
[WARN] [1784277089.605856692] [cmd_vel_guard]: BLOCKED (spoof fail-stop): localization spoof detected, halting robot
[INFO] [1784277090.036487483] [cmd_vel_guard]: Guard status: cmds=451, nav_approved=True, odom=yes, pos=(2.62,-0.49), passed=342, blocked=108
[INFO] [1784277091.277292591] [cmd_vel_guard]: Guard status: cmds=501, nav_approved=True, odom=yes, pos=(2.62,-0.49), passed=342, blocked=158
[WARN] [1784277091.627485820] [cmd_vel_guard]: BLOCKED (spoof fail-stop): localization spoof detected, halting robot
[INFO] [1784277091.667498373] [cmd_vel_guard]: [HEARTBEAT #16] cmds=515, odom=yes, nav_approved=True, pos=(2.62,-0.49)
[INFO] [1784277092.535717223] [cmd_vel_guard]: Guard status: cmds=551, nav_approved=True, odom=yes, pos=(2.62,-0.49), passed=342, blocked=208
[WARN] [1784277093.645944890] [cmd_vel_guard]: BLOCKED (spoof fail-stop): localization spoof detected, halting robot
[INFO] [1784277093.777013187] [cmd_vel_guard]: Guard status: cmds=601, nav_approved=True, odom=yes, pos=(2.62,-0.49), passed=342, blocked=258
[INFO] [1784277095.045936688] [cmd_vel_guard]: Guard status: cmds=651, nav_approved=True, odom=yes, pos=(2.62,-0.49), passed=342, blocked=308
[WARN] [1784277095.675768128] [cmd_vel_guard]: BLOCKED (spoof fail-stop): localization spoof detected, halting robot
[INFO] [1784277096.277817699] [cmd_vel_guard]: Guard status: cmds=701, nav_approved=True, odom=yes, pos=(2.62,-0.49), passed=342, blocked=358
[INFO] [1784277096.676260333] [cmd_vel_guard]: [HEARTBEAT #17] cmds=715, odom=yes, nav_approved=True, pos=(2.62,-0.49)
[INFO] [1784277097.585876080] [cmd_vel_guard]: Guard status: cmds=751, nav_approved=True, odom=yes, pos=(2.62,-0.49), passed=342, blocked=408
[WARN] [1784277097.686000533] [cmd_vel_guard]: BLOCKED (spoof fail-stop): localization spoof detected, halting robot
[INFO] [1784277098.850322803] [cmd_vel_guard]: Guard status: cmds=801, nav_approved=True, odom=yes, pos=(2.62,-0.49), passed=342, blocked=458
[WARN] [1784277099.700315300] [cmd_vel_guard]: BLOCKED (spoof fail-stop): localization spoof detected, halting robot
[INFO] [1784277100.100062332] [cmd_vel_guard]: Guard status: cmds=851, nav_approved=True, odom=yes, pos=(2.62,-0.49), passed=342, blocked=508
[INFO] [1784277101.350036720] [cmd_vel_guard]: Guard status: cmds=901, nav_approved=True, odom=yes, pos=(2.62,-0.49), passed=342, blocked=558
[INFO] [1784277101.685801309] [cmd_vel_guard]: [HEARTBEAT #18] cmds=913, odom=yes, nav_approved=True, pos=(2.62,-0.49)
[WARN] [1784277101.725902853] [cmd_vel_guard]: BLOCKED (spoof fail-stop): localization spoof detected, halting robot
[INFO] [1784277102.599929121] [cmd_vel_guard]: Guard status: cmds=951, nav_approved=True, odom=yes, pos=(2.62,-0.49), passed=342, blocked=608
[WARN] [1784277103.750233726] [cmd_vel_guard]: BLOCKED (spoof fail-stop): localization spoof detected, halting robot
[INFO] [1784277103.850291130] [cmd_vel_guard]: Guard status: cmds=1001, nav_approved=True, odom=yes, pos=(2.62,-0.49), passed=342, blocked=658
[INFO] [1784277105.099904538] [cmd_vel_guard]: Guard status: cmds=1051, nav_approved=True, odom=yes, pos=(2.62,-0.49), passed=342, blocked=708
[WARN] [1784277105.750410822] [cmd_vel_guard]: BLOCKED (spoof fail-stop): localization spoof detected, halting robot
[INFO] [1784277106.349983901] [cmd_vel_guard]: Guard status: cmds=1101, nav_approved=True, odom=yes, pos=(2.62,-0.49), passed=342, blocked=758
[INFO] [1784277106.694408786] [cmd_vel_guard]: [HEARTBEAT #19] cmds=1114, odom=yes, nav_approved=True, pos=(2.62,-0.49)
[INFO] [1784277107.735746195] [cmd_vel_guard]: Guard status: cmds=1151, nav_approved=True, odom=yes, pos=(2.62,-0.49), passed=342, blocked=808
[WARN] [1784277107.806222193] [cmd_vel_guard]: BLOCKED (spoof fail-stop): localization spoof detected, halting robot
[INFO] [1784277109.176909685] [cmd_vel_guard]: Guard status: cmds=1201, nav_approved=True, odom=yes, pos=(2.62,-0.49), passed=342, blocked=858
[WARN] [1784277109.826804536] [cmd_vel_guard]: BLOCKED (spoof fail-stop): localization spoof detected, halting robot
[INFO] [1784277110.426660382] [cmd_vel_guard]: Guard status: cmds=1251, nav_approved=True, odom=yes, pos=(2.62,-0.49), passed=342, blocked=908
[INFO] [1784277111.675803974] [cmd_vel_guard]: Guard status: cmds=1301, nav_approved=True, odom=yes, pos=(2.62,-0.49), passed=342, blocked=958
[INFO] [1784277111.703486112] [cmd_vel_guard]: [HEARTBEAT #20] cmds=1302, odom=yes, nav_approved=True, pos=(2.62,-0.49)
[WARN] [1784277111.846539648] [cmd_vel_guard]: BLOCKED (spoof fail-stop): localization spoof detected, halting robot
[INFO] [1784277112.926994672] [cmd_vel_guard]: Guard status: cmds=1351, nav_approved=True, odom=yes, pos=(2.62,-0.49), passed=342, blocked=1008
[WARN] [1784277113.875728785] [cmd_vel_guard]: BLOCKED (spoof fail-stop): localization spoof detected, halting robot
[INFO] [1784277114.176723738] [cmd_vel_guard]: Guard status: cmds=1401, nav_approved=True, odom=yes, pos=(2.62,-0.49), passed=342, blocked=1058
[INFO] [1784277115.426704102] [cmd_vel_guard]: Guard status: cmds=1451, nav_approved=True, odom=yes, pos=(2.62,-0.49), passed=342, blocked=1108
[WARN] [1784277115.876674500] [cmd_vel_guard]: BLOCKED (spoof fail-stop): localization spoof detected, halting robot
[INFO] [1784277116.676525935] [cmd_vel_guard]: Guard status: cmds=1501, nav_approved=True, odom=yes, pos=(2.62,-0.49), passed=342, blocked=1158
[INFO] [1784277116.711324170] [cmd_vel_guard]: [HEARTBEAT #21] cmds=1502, odom=yes, nav_approved=True, pos=(2.62,-0.49)
[WARN] [1784277117.876717709] [cmd_vel_guard]: BLOCKED (spoof fail-stop): localization spoof detected, halting robot
[INFO] [1784277117.927195217] [cmd_vel_guard]: Guard status: cmds=1551, nav_approved=True, odom=yes, pos=(2.62,-0.49), passed=342, blocked=1208
[INFO] [1784277119.255723251] [cmd_vel_guard]: Guard status: cmds=1601, nav_approved=True, odom=yes, pos=(2.62,-0.49), passed=342, blocked=1258
[WARN] [1784277119.886500859] [cmd_vel_guard]: BLOCKED (spoof fail-stop): localization spoof detected, halting robot
[INFO] [1784277120.499703394] [cmd_vel_guard]: Guard status: cmds=1651, nav_approved=True, odom=yes, pos=(2.62,-0.49), passed=342, blocked=1308
[INFO] [1784277121.720386861] [cmd_vel_guard]: [HEARTBEAT #22] cmds=1699, odom=yes, nav_approved=True, pos=(2.62,-0.49)
[INFO] [1784277121.749775944] [cmd_vel_guard]: Guard status: cmds=1701, nav_approved=True, odom=yes, pos=(2.62,-0.49), passed=342, blocked=1358
[WARN] [1784277121.895808808] [cmd_vel_guard]: BLOCKED (spoof fail-stop): localization spoof detected, halting robot
[INFO] [1784277122.999919372] [cmd_vel_guard]: Guard status: cmds=1751, nav_approved=True, odom=yes, pos=(2.62,-0.49), passed=342, blocked=1408
[WARN] [1784277123.895928565] [cmd_vel_guard]: BLOCKED (spoof fail-stop): localization spoof detected, halting robot
[INFO] [1784277124.249692123] [cmd_vel_guard]: Guard status: cmds=1801, nav_approved=True, odom=yes, pos=(2.62,-0.49), passed=342, blocked=1458
[INFO] [1784277125.499906177] [cmd_vel_guard]: Guard status: cmds=1851, nav_approved=True, odom=yes, pos=(2.62,-0.49), passed=342, blocked=1508
[WARN] [1784277125.899660560] [cmd_vel_guard]: BLOCKED (spoof fail-stop): localization spoof detected, halting robot
[INFO] [1784277126.728389028] [cmd_vel_guard]: [HEARTBEAT #23] cmds=1899, odom=yes, nav_approved=True, pos=(2.62,-0.49)
[INFO] [1784277126.749673225] [cmd_vel_guard]: Guard status: cmds=1901, nav_approved=True, odom=yes, pos=(2.62,-0.49), passed=342, blocked=1558
[WARN] [1784277127.899898690] [cmd_vel_guard]: BLOCKED (spoof fail-stop): localization spoof detected, halting robot
[INFO] [1784277128.000108626] [cmd_vel_guard]: Guard status: cmds=1951, nav_approved=True, odom=yes, pos=(2.62,-0.49), passed=342, blocked=1608
[INFO] [1784277129.475829255] [cmd_vel_guard]: Guard status: cmds=2001, nav_approved=True, odom=yes, pos=(2.62,-0.49), passed=342, blocked=1658
[WARN] [1784277129.935891321] [cmd_vel_guard]: BLOCKED (spoof fail-stop): localization spoof detected, halting robot
[INFO] [1784277131.163764550] [cmd_vel_guard]: Guard status: cmds=2051, nav_approved=True, odom=yes, pos=(2.62,-0.49), passed=342, blocked=1708
[INFO] [1784277131.736647438] [cmd_vel_guard]: [HEARTBEAT #24] cmds=2067, odom=yes, nav_approved=True, pos=(2.62,-0.49)
[WARN] [1784277131.946041489] [cmd_vel_guard]: BLOCKED (spoof fail-stop): localization spoof detected, halting robot
[INFO] [1784277132.845998480] [cmd_vel_guard]: Guard status: cmds=2101, nav_approved=True, odom=yes, pos=(2.62,-0.49), passed=342, blocked=1758
[WARN] [1784277133.964068797] [cmd_vel_guard]: BLOCKED (spoof fail-stop): localization spoof detected, halting robot
[INFO] [1784277134.485884735] [cmd_vel_guard]: Guard status: cmds=2151, nav_approved=True, odom=yes, pos=(2.62,-0.49), passed=342, blocked=1808
[WARN] [1784277135.975681888] [cmd_vel_guard]: BLOCKED (spoof fail-stop): localization spoof detected, halting robot
[INFO] [1784277136.163871390] [cmd_vel_guard]: Guard status: cmds=2201, nav_approved=True, odom=yes, pos=(2.62,-0.49), passed=342, blocked=1858
[INFO] [1784277136.744830108] [cmd_vel_guard]: [HEARTBEAT #25] cmds=2218, odom=yes, nav_approved=True, pos=(2.62,-0.49)
[INFO] [1784277137.855831039] [cmd_vel_guard]: Guard status: cmds=2251, nav_approved=True, odom=yes, pos=(2.62,-0.49), passed=342, blocked=1908
[WARN] [1784277137.985747539] [cmd_vel_guard]: BLOCKED (spoof fail-stop): localization spoof detected, halting robot
[INFO] [1784277139.925886212] [cmd_vel_guard]: Guard status: cmds=2301, nav_approved=True, odom=yes, pos=(2.62,-0.49), passed=342, blocked=1958
[WARN] [1784277139.985843766] [cmd_vel_guard]: BLOCKED (spoof fail-stop): localization spoof detected, halting robot
[INFO] [1784277141.753652291] [cmd_vel_guard]: [HEARTBEAT #26] cmds=2337, odom=yes, nav_approved=True, pos=(2.62,-0.49)
[WARN] [1784277141.985985577] [cmd_vel_guard]: BLOCKED (spoof fail-stop): localization spoof detected, halting robot
[INFO] [1784277142.466057988] [cmd_vel_guard]: Guard status: cmds=2351, nav_approved=True, odom=yes, pos=(2.62,-0.49), passed=342, blocked=2008
[WARN] [1784277143.996009260] [cmd_vel_guard]: BLOCKED (spoof fail-stop): localization spoof detected, halting robot
[INFO] [1784277144.325913671] [cmd_vel_guard]: Guard status: cmds=2401, nav_approved=True, odom=yes, pos=(2.62,-0.49), passed=342, blocked=2058
[INFO] [1784277145.576748914] [cmd_vel_guard]: Guard status: cmds=2451, nav_approved=True, odom=yes, pos=(2.62,-0.49), passed=342, blocked=2108
[WARN] [1784277146.025728204] [cmd_vel_guard]: BLOCKED (spoof fail-stop): localization spoof detected, halting robot
[INFO] [1784277146.762194375] [cmd_vel_guard]: [HEARTBEAT #27] cmds=2498, odom=yes, nav_approved=True, pos=(2.62,-0.49)
[INFO] [1784277146.826698817] [cmd_vel_guard]: Guard status: cmds=2501, nav_approved=True, odom=yes, pos=(2.62,-0.49), passed=342, blocked=2158
[WARN] [1784277148.026832986] [cmd_vel_guard]: BLOCKED (spoof fail-stop): localization spoof detected, halting robot
[INFO] [1784277148.076830116] [cmd_vel_guard]: Guard status: cmds=2551, nav_approved=True, odom=yes, pos=(2.62,-0.49), passed=342, blocked=2208
[INFO] [1784277149.326734174] [cmd_vel_guard]: Guard status: cmds=2601, nav_approved=True, odom=yes, pos=(2.62,-0.49), passed=342, blocked=2258
[WARN] [1784277150.027313753] [cmd_vel_guard]: BLOCKED (spoof fail-stop): localization spoof detected, halting robot
[INFO] [1784277150.575672610] [cmd_vel_guard]: Guard status: cmds=2651, nav_approved=True, odom=yes, pos=(2.62,-0.49), passed=342, blocked=2308
[INFO] [1784277151.770538842] [cmd_vel_guard]: [HEARTBEAT #28] cmds=2698, odom=yes, nav_approved=True, pos=(2.62,-0.49)
[INFO] [1784277151.827166568] [cmd_vel_guard]: Guard status: cmds=2701, nav_approved=True, odom=yes, pos=(2.62,-0.49), passed=342, blocked=2358
[WARN] [1784277152.035804048] [cmd_vel_guard]: BLOCKED (spoof fail-stop): localization spoof detected, halting robot
[INFO] [1784277153.076542727] [cmd_vel_guard]: Guard status: cmds=2751, nav_approved=True, odom=yes, pos=(2.62,-0.49), passed=342, blocked=2408
[WARN] [1784277154.053178085] [cmd_vel_guard]: BLOCKED (spoof fail-stop): localization spoof detected, halting robot
[INFO] [1784277154.375747739] [cmd_vel_guard]: Guard status: cmds=2801, nav_approved=True, odom=yes, pos=(2.62,-0.49), passed=342, blocked=2458
[INFO] [1784277155.649811937] [cmd_vel_guard]: Guard status: cmds=2851, nav_approved=True, odom=yes, pos=(2.62,-0.49), passed=342, blocked=2508
[WARN] [1784277156.085937017] [cmd_vel_guard]: BLOCKED (spoof fail-stop): localization spoof detected, halting robot
[INFO] [1784277156.779279827] [cmd_vel_guard]: [HEARTBEAT #29] cmds=2895, odom=yes, nav_approved=True, pos=(2.62,-0.49)
[INFO] [1784277156.900143880] [cmd_vel_guard]: Guard status: cmds=2901, nav_approved=True, odom=yes, pos=(2.62,-0.49), passed=342, blocked=2558
[WARN] [1784277158.100061739] [cmd_vel_guard]: BLOCKED (spoof fail-stop): localization spoof detected, halting robot
[INFO] [1784277158.149843299] [cmd_vel_guard]: Guard status: cmds=2951, nav_approved=True, odom=yes, pos=(2.62,-0.49), passed=342, blocked=2608
[INFO] [1784277159.399831186] [cmd_vel_guard]: Guard status: cmds=3001, nav_approved=True, odom=yes, pos=(2.62,-0.49), passed=342, blocked=2658
[WARN] [1784277160.125931919] [cmd_vel_guard]: BLOCKED (spoof fail-stop): localization spoof detected, halting robot
[INFO] [1784277160.650016679] [cmd_vel_guard]: Guard status: cmds=3051, nav_approved=True, odom=yes, pos=(2.62,-0.49), passed=342, blocked=2708
[INFO] [1784277161.787344991] [cmd_vel_guard]: [HEARTBEAT #30] cmds=3095, odom=yes, nav_approved=True, pos=(2.62,-0.49)
[INFO] [1784277161.900167180] [cmd_vel_guard]: Guard status: cmds=3101, nav_approved=True, odom=yes, pos=(2.62,-0.49), passed=342, blocked=2758
[WARN] [1784277162.149779202] [cmd_vel_guard]: BLOCKED (spoof fail-stop): localization spoof detected, halting robot
[INFO] [1784277163.149755740] [cmd_vel_guard]: Guard status: cmds=3151, nav_approved=True, odom=yes, pos=(2.62,-0.49), passed=342, blocked=2808
[WARN] [1784277164.163524386] [cmd_vel_guard]: BLOCKED (spoof fail-stop): localization spoof detected, halting robot
[INFO] [1784277164.495933173] [cmd_vel_guard]: Guard status: cmds=3201, nav_approved=True, odom=yes, pos=(2.62,-0.49), passed=342, blocked=2858
[INFO] [1784277166.163440540] [cmd_vel_guard]: Guard status: cmds=3251, nav_approved=True, odom=yes, pos=(2.62,-0.49), passed=342, blocked=2908
[WARN] [1784277166.163649513] [cmd_vel_guard]: BLOCKED (spoof fail-stop): localization spoof detected, halting robot
[INFO] [1784277166.796200150] [cmd_vel_guard]: [HEARTBEAT #31] cmds=3270, odom=yes, nav_approved=True, pos=(2.62,-0.49)
[INFO] [1784277167.835775788] [cmd_vel_guard]: Guard status: cmds=3301, nav_approved=True, odom=yes, pos=(2.62,-0.49), passed=342, blocked=2958
[WARN] [1784277168.175785557] [cmd_vel_guard]: BLOCKED (spoof fail-stop): localization spoof detected, halting robot
[INFO] [1784277169.506275528] [cmd_vel_guard]: Guard status: cmds=3351, nav_approved=True, odom=yes, pos=(2.62,-0.49), passed=342, blocked=3008
[WARN] [1784277170.175880633] [cmd_vel_guard]: BLOCKED (spoof fail-stop): localization spoof detected, halting robot
[INFO] [1784277171.163644357] [cmd_vel_guard]: Guard status: cmds=3401, nav_approved=True, odom=yes, pos=(2.62,-0.49), passed=342, blocked=3058
[INFO] [1784277171.803399249] [cmd_vel_guard]: [HEARTBEAT #32] cmds=3420, odom=yes, nav_approved=True, pos=(2.62,-0.49)
[WARN] [1784277172.175959235] [cmd_vel_guard]: BLOCKED (spoof fail-stop): localization spoof detected, halting robot
[INFO] [1784277172.845844344] [cmd_vel_guard]: Guard status: cmds=3451, nav_approved=True, odom=yes, pos=(2.62,-0.49), passed=342, blocked=3108
[WARN] [1784277174.185891404] [cmd_vel_guard]: BLOCKED (spoof fail-stop): localization spoof detected, halting robot
[INFO] [1784277174.645821341] [cmd_vel_guard]: Guard status: cmds=3501, nav_approved=True, odom=yes, pos=(2.62,-0.49), passed=342, blocked=3158
[INFO] [1784277176.127169152] [cmd_vel_guard]: Guard status: cmds=3551, nav_approved=True, odom=yes, pos=(2.62,-0.49), passed=342, blocked=3208
[WARN] [1784277176.186416351] [cmd_vel_guard]: BLOCKED (spoof fail-stop): localization spoof detected, halting robot
[INFO] [1784277176.813638410] [cmd_vel_guard]: [HEARTBEAT #33] cmds=3578, odom=yes, nav_approved=True, pos=(2.62,-0.49)
[INFO] [1784277177.376780051] [cmd_vel_guard]: Guard status: cmds=3601, nav_approved=True, odom=yes, pos=(2.62,-0.49), passed=342, blocked=3258
[WARN] [1784277178.215647337] [cmd_vel_guard]: BLOCKED (spoof fail-stop): localization spoof detected, halting robot
[INFO] [1784277178.625663333] [cmd_vel_guard]: Guard status: cmds=3651, nav_approved=True, odom=yes, pos=(2.62,-0.49), passed=342, blocked=3308
[INFO] [1784277179.877431178] [cmd_vel_guard]: Guard status: cmds=3701, nav_approved=True, odom=yes, pos=(2.62,-0.49), passed=342, blocked=3358
[WARN] [1784277180.225809251] [cmd_vel_guard]: BLOCKED (spoof fail-stop): localization spoof detected, halting robot
[INFO] [1784277181.125781376] [cmd_vel_guard]: Guard status: cmds=3751, nav_approved=True, odom=yes, pos=(2.62,-0.49), passed=342, blocked=3408
[INFO] [1784277181.821770789] [cmd_vel_guard]: [HEARTBEAT #34] cmds=3778, odom=yes, nav_approved=True, pos=(2.62,-0.49)
[WARN] [1784277182.226728711] [cmd_vel_guard]: BLOCKED (spoof fail-stop): localization spoof detected, halting robot
[INFO] [1784277182.376773050] [cmd_vel_guard]: Guard status: cmds=3801, nav_approved=True, odom=yes, pos=(2.62,-0.49), passed=342, blocked=3458
[INFO] [1784277183.625624791] [cmd_vel_guard]: Guard status: cmds=3851, nav_approved=True, odom=yes, pos=(2.62,-0.49), passed=342, blocked=3508
[WARN] [1784277184.226874481] [cmd_vel_guard]: BLOCKED (spoof fail-stop): localization spoof detected, halting robot
[INFO] [1784277184.865619900] [cmd_vel_guard]: Guard status: cmds=3901, nav_approved=True, odom=yes, pos=(2.62,-0.49), passed=342, blocked=3558
[INFO] [1784277186.199921437] [cmd_vel_guard]: Guard status: cmds=3951, nav_approved=True, odom=yes, pos=(2.62,-0.49), passed=342, blocked=3608
[WARN] [1784277186.235702876] [cmd_vel_guard]: BLOCKED (spoof fail-stop): localization spoof detected, halting robot
[INFO] [1784277186.830813169] [cmd_vel_guard]: [HEARTBEAT #35] cmds=3975, odom=yes, nav_approved=True, pos=(2.62,-0.49)
[INFO] [1784277187.450374364] [cmd_vel_guard]: Guard status: cmds=4001, nav_approved=True, odom=yes, pos=(2.62,-0.49), passed=342, blocked=3658
[WARN] [1784277188.235844712] [cmd_vel_guard]: BLOCKED (spoof fail-stop): localization spoof detected, halting robot
[INFO] [1784277188.700140403] [cmd_vel_guard]: Guard status: cmds=4051, nav_approved=True, odom=yes, pos=(2.62,-0.49), passed=342, blocked=3708
[INFO] [1784277189.950167015] [cmd_vel_guard]: Guard status: cmds=4101, nav_approved=True, odom=yes, pos=(2.62,-0.49), passed=342, blocked=3758
[WARN] [1784277190.235962208] [cmd_vel_guard]: BLOCKED (spoof fail-stop): localization spoof detected, halting robot
[INFO] [1784277191.200158907] [cmd_vel_guard]: Guard status: cmds=4151, nav_approved=True, odom=yes, pos=(2.62,-0.49), passed=342, blocked=3808
[INFO] [1784277191.839013761] [cmd_vel_guard]: [HEARTBEAT #36] cmds=4176, odom=yes, nav_approved=True, pos=(2.62,-0.49)
[WARN] [1784277192.250088490] [cmd_vel_guard]: BLOCKED (spoof fail-stop): localization spoof detected, halting robot
[INFO] [1784277192.450063148] [cmd_vel_guard]: Guard status: cmds=4201, nav_approved=True, odom=yes, pos=(2.62,-0.49), passed=342, blocked=3858
[INFO] [1784277193.700897062] [cmd_vel_guard]: Guard status: cmds=4251, nav_approved=True, odom=yes, pos=(2.62,-0.49), passed=342, blocked=3908
[WARN] [1784277194.250457511] [cmd_vel_guard]: BLOCKED (spoof fail-stop): localization spoof detected, halting robot
[INFO] [1784277194.955875848] [cmd_vel_guard]: Guard status: cmds=4301, nav_approved=True, odom=yes, pos=(2.62,-0.49), passed=342, blocked=3958
[WARN] [1784277196.263634640] [cmd_vel_guard]: BLOCKED (spoof fail-stop): localization spoof detected, halting robot
[INFO] [1784277196.415581638] [cmd_vel_guard]: Guard status: cmds=4351, nav_approved=True, odom=yes, pos=(2.62,-0.49), passed=342, blocked=4008
[INFO] [1784277196.847680205] [cmd_vel_guard]: [HEARTBEAT #37] cmds=4363, odom=yes, nav_approved=True, pos=(2.62,-0.49)
[INFO] [1784277198.085717237] [cmd_vel_guard]: Guard status: cmds=4401, nav_approved=True, odom=yes, pos=(2.62,-0.49), passed=342, blocked=4058
[WARN] [1784277198.263656179] [cmd_vel_guard]: BLOCKED (spoof fail-stop): localization spoof detected, halting robot
[INFO] [1784277199.766036454] [cmd_vel_guard]: Guard status: cmds=4451, nav_approved=True, odom=yes, pos=(2.62,-0.49), passed=342, blocked=4108
[WARN] [1784277200.285778812] [cmd_vel_guard]: BLOCKED (spoof fail-stop): localization spoof detected, halting robot
[INFO] [1784277201.425594208] [cmd_vel_guard]: Guard status: cmds=4501, nav_approved=True, odom=yes, pos=(2.62,-0.49), passed=342, blocked=4158
[INFO] [1784277201.856098494] [cmd_vel_guard]: [HEARTBEAT #38] cmds=4513, odom=yes, nav_approved=True, pos=(2.62,-0.49)
[WARN] [1784277202.295822421] [cmd_vel_guard]: BLOCKED (spoof fail-stop): localization spoof detected, halting robot
[INFO] [1784277203.095890853] [cmd_vel_guard]: Guard status: cmds=4551, nav_approved=True, odom=yes, pos=(2.62,-0.49), passed=342, blocked=4208
[WARN] [1784277204.295875205] [cmd_vel_guard]: BLOCKED (spoof fail-stop): localization spoof detected, halting robot
[INFO] [1784277204.763370192] [cmd_vel_guard]: Guard status: cmds=4601, nav_approved=True, odom=yes, pos=(2.62,-0.49), passed=342, blocked=4258
[WARN] [1784277206.295892096] [cmd_vel_guard]: BLOCKED (spoof fail-stop): localization spoof detected, halting robot
[INFO] [1784277206.836207338] [cmd_vel_guard]: Guard status: cmds=4651, nav_approved=True, odom=yes, pos=(2.62,-0.49), passed=342, blocked=4308
[INFO] [1784277206.864446049] [cmd_vel_guard]: [HEARTBEAT #39] cmds=4651, odom=yes, nav_approved=True, pos=(2.62,-0.49)
[WARN] [1784277208.335773251] [cmd_vel_guard]: BLOCKED (spoof fail-stop): localization spoof detected, halting robot
[INFO] [1784277209.335876986] [cmd_vel_guard]: Guard status: cmds=4701, nav_approved=True, odom=yes, pos=(2.62,-0.49), passed=342, blocked=4358
[WARN] [1784277210.375806207] [cmd_vel_guard]: BLOCKED (spoof fail-stop): localization spoof detected, halting robot
[INFO] [1784277211.275615978] [cmd_vel_guard]: Guard status: cmds=4751, nav_approved=True, odom=yes, pos=(2.62,-0.49), passed=342, blocked=4408
[INFO] [1784277211.872755491] [cmd_vel_guard]: [HEARTBEAT #40] cmds=4774, odom=yes, nav_approved=True, pos=(2.62,-0.49)
[WARN] [1784277212.376638698] [cmd_vel_guard]: BLOCKED (spoof fail-stop): localization spoof detected, halting robot
[INFO] [1784277212.526507587] [cmd_vel_guard]: Guard status: cmds=4801, nav_approved=True, odom=yes, pos=(2.62,-0.49), passed=342, blocked=4458
[INFO] [1784277213.776769403] [cmd_vel_guard]: Guard status: cmds=4851, nav_approved=True, odom=yes, pos=(2.62,-0.49), passed=342, blocked=4508
[WARN] [1784277214.376655639] [cmd_vel_guard]: BLOCKED (spoof fail-stop): localization spoof detected, halting robot
[INFO] [1784277215.015547221] [cmd_vel_guard]: Guard status: cmds=4901, nav_approved=True, odom=yes, pos=(2.62,-0.49), passed=342, blocked=4558
[INFO] [1784277216.276594994] [cmd_vel_guard]: Guard status: cmds=4951, nav_approved=True, odom=yes, pos=(2.62,-0.49), passed=342, blocked=4608
[WARN] [1784277216.385818596] [cmd_vel_guard]: BLOCKED (spoof fail-stop): localization spoof detected, halting robot
[INFO] [1784277216.881463438] [cmd_vel_guard]: [HEARTBEAT #41] cmds=4975, odom=yes, nav_approved=True, pos=(2.62,-0.49)
[INFO] [1784277217.515539593] [cmd_vel_guard]: Guard status: cmds=5001, nav_approved=True, odom=yes, pos=(2.62,-0.49), passed=342, blocked=4658
[WARN] [1784277218.395837218] [cmd_vel_guard]: BLOCKED (spoof fail-stop): localization spoof detected, halting robot
[INFO] [1784277218.776808678] [cmd_vel_guard]: Guard status: cmds=5051, nav_approved=True, odom=yes, pos=(2.62,-0.49), passed=342, blocked=4708
[INFO] [1784277220.025806593] [cmd_vel_guard]: Guard status: cmds=5101, nav_approved=True, odom=yes, pos=(2.62,-0.49), passed=342, blocked=4758
[WARN] [1784277220.395985198] [cmd_vel_guard]: BLOCKED (spoof fail-stop): localization spoof detected, halting robot
[INFO] [1784277221.325696860] [cmd_vel_guard]: Guard status: cmds=5151, nav_approved=True, odom=yes, pos=(2.62,-0.49), passed=342, blocked=4808
[INFO] [1784277221.890786497] [cmd_vel_guard]: [HEARTBEAT #42] cmds=5172, odom=yes, nav_approved=True, pos=(2.62,-0.49)
[WARN] [1784277222.400750261] [cmd_vel_guard]: BLOCKED (spoof fail-stop): localization spoof detected, halting robot
[INFO] [1784277222.606088144] [cmd_vel_guard]: Guard status: cmds=5201, nav_approved=True, odom=yes, pos=(2.62,-0.49), passed=342, blocked=4858
[INFO] [1784277223.850840409] [cmd_vel_guard]: Guard status: cmds=5251, nav_approved=True, odom=yes, pos=(2.62,-0.49), passed=342, blocked=4908
[WARN] [1784277224.405801697] [cmd_vel_guard]: BLOCKED (spoof fail-stop): localization spoof detected, halting robot
[INFO] [1784277225.100766935] [cmd_vel_guard]: Guard status: cmds=5301, nav_approved=True, odom=yes, pos=(2.62,-0.49), passed=342, blocked=4958
[INFO] [1784277226.350560304] [cmd_vel_guard]: Guard status: cmds=5351, nav_approved=True, odom=yes, pos=(2.62,-0.49), passed=342, blocked=5008
[WARN] [1784277226.405858577] [cmd_vel_guard]: BLOCKED (spoof fail-stop): localization spoof detected, halting robot
[INFO] [1784277226.899285266] [cmd_vel_guard]: [HEARTBEAT #43] cmds=5372, odom=yes, nav_approved=True, pos=(2.62,-0.49)
[INFO] [1784277227.606087708] [cmd_vel_guard]: Guard status: cmds=5401, nav_approved=True, odom=yes, pos=(2.62,-0.49), passed=342, blocked=5058
[WARN] [1784277228.405870265] [cmd_vel_guard]: BLOCKED (spoof fail-stop): localization spoof detected, halting robot
[INFO] [1784277228.850680304] [cmd_vel_guard]: Guard status: cmds=5451, nav_approved=True, odom=yes, pos=(2.62,-0.49), passed=342, blocked=5108
[INFO] [1784277230.100452942] [cmd_vel_guard]: Guard status: cmds=5501, nav_approved=True, odom=yes, pos=(2.62,-0.49), passed=342, blocked=5158
[WARN] [1784277230.415902275] [cmd_vel_guard]: BLOCKED (spoof fail-stop): localization spoof detected, halting robot
[INFO] [1784277231.446301275] [cmd_vel_guard]: Guard status: cmds=5551, nav_approved=True, odom=yes, pos=(2.62,-0.49), passed=342, blocked=5208
[INFO] [1784277231.908060334] [cmd_vel_guard]: [HEARTBEAT #44] cmds=5565, odom=yes, nav_approved=True, pos=(2.62,-0.49)
[WARN] [1784277232.445977331] [cmd_vel_guard]: BLOCKED (spoof fail-stop): localization spoof detected, halting robot
[INFO] [1784277233.085841030] [cmd_vel_guard]: Guard status: cmds=5601, nav_approved=True, odom=yes, pos=(2.62,-0.49), passed=342, blocked=5258
[WARN] [1784277234.456020129] [cmd_vel_guard]: BLOCKED (spoof fail-stop): localization spoof detected, halting robot
[INFO] [1784277234.763397169] [cmd_vel_guard]: Guard status: cmds=5651, nav_approved=True, odom=yes, pos=(2.62,-0.49), passed=342, blocked=5308
[INFO] [1784277236.455837164] [cmd_vel_guard]: Guard status: cmds=5701, nav_approved=True, odom=yes, pos=(2.62,-0.49), passed=342, blocked=5358
[WARN] [1784277236.456033413] [cmd_vel_guard]: BLOCKED (spoof fail-stop): localization spoof detected, halting robot
[INFO] [1784277236.916225763] [cmd_vel_guard]: [HEARTBEAT #45] cmds=5715, odom=yes, nav_approved=True, pos=(2.62,-0.49)
[INFO] [1784277238.095776118] [cmd_vel_guard]: Guard status: cmds=5751, nav_approved=True, odom=yes, pos=(2.62,-0.49), passed=342, blocked=5408
[WARN] [1784277238.463449874] [cmd_vel_guard]: BLOCKED (spoof fail-stop): localization spoof detected, halting robot
[INFO] [1784277239.763441310] [cmd_vel_guard]: Guard status: cmds=5801, nav_approved=True, odom=yes, pos=(2.62,-0.49), passed=342, blocked=5458
[WARN] [1784277240.463581577] [cmd_vel_guard]: BLOCKED (spoof fail-stop): localization spoof detected, halting robot
[INFO] [1784277241.525766317] [cmd_vel_guard]: Guard status: cmds=5851, nav_approved=True, odom=yes, pos=(2.62,-0.49), passed=342, blocked=5508
[INFO] [1784277241.924496034] [cmd_vel_guard]: [HEARTBEAT #46] cmds=5858, odom=yes, nav_approved=True, pos=(2.62,-0.49)
[WARN] [1784277242.476853254] [cmd_vel_guard]: BLOCKED (spoof fail-stop): localization spoof detected, halting robot
[INFO] [1784277243.076747046] [cmd_vel_guard]: Guard status: cmds=5901, nav_approved=True, odom=yes, pos=(2.62,-0.49), passed=342, blocked=5558
[INFO] [1784277244.326787645] [cmd_vel_guard]: Guard status: cmds=5951, nav_approved=True, odom=yes, pos=(2.62,-0.49), passed=342, blocked=5608
[WARN] [1784277244.476970485] [cmd_vel_guard]: BLOCKED (spoof fail-stop): localization spoof detected, halting robot
[INFO] [1784277245.565622996] [cmd_vel_guard]: Guard status: cmds=6001, nav_approved=True, odom=yes, pos=(2.62,-0.49), passed=342, blocked=5658
[WARN] [1784277246.476996596] [cmd_vel_guard]: BLOCKED (spoof fail-stop): localization spoof detected, halting robot
[INFO] [1784277246.826792847] [cmd_vel_guard]: Guard status: cmds=6051, nav_approved=True, odom=yes, pos=(2.62,-0.49), passed=342, blocked=5708
[INFO] [1784277246.932838695] [cmd_vel_guard]: [HEARTBEAT #47] cmds=6055, odom=yes, nav_approved=True, pos=(2.62,-0.49)
[INFO] [1784277248.075759773] [cmd_vel_guard]: Guard status: cmds=6101, nav_approved=True, odom=yes, pos=(2.62,-0.49), passed=342, blocked=5758
[INFO] [1784277248.293287984] [cmd_vel_guard]: Navigation completed
[WARN] [1784277248.536025665] [cmd_vel_guard]: BLOCKED (spoof fail-stop): localization spoof detected, halting robot
[INFO] [1784277250.255519159] [cmd_vel_guard]: Guard status: cmds=6151, nav_approved=False, odom=yes, pos=(2.62,-0.49), passed=342, blocked=5808
[WARN] [1784277250.555513914] [cmd_vel_guard]: BLOCKED (spoof fail-stop): localization spoof detected, halting robot
[INFO] [1784277251.941378178] [cmd_vel_guard]: [HEARTBEAT #48] cmds=6157, odom=yes, nav_approved=False, pos=(2.62,-0.49)
