[INFO] [1784267133.808361247] [cmd_vel_guard]: Zones loaded: 2
[INFO] [1784267133.808603456] [cmd_vel_guard]: CBF margin: 0.1m (real-time control)
[INFO] [1784267133.808841106] [cmd_vel_guard]: SSM base margin: 0.05m (velocity-dependent)
[INFO] [1784267133.813040183] [cmd_vel_guard]: Spoof detection ON [memoryless]: amcl=/amcl_pose, offset_thresh=0.95m, jump_thresh=0.45m, enforce_pose=amcl
[INFO] [1784267133.813608901] [cmd_vel_guard]: DEBUG subscriptions:
[INFO] [1784267133.813854035] [cmd_vel_guard]:   cmd_sub topic: /cmd_vel_nav
[INFO] [1784267133.814140829] [cmd_vel_guard]:   odom_sub topic: /odom
[INFO] [1784267133.814501292] [cmd_vel_guard]:   nav_state_sub topic: /geofence/nav_state
[INFO] [1784267133.815230925] [cmd_vel_guard]: ============================================================
[INFO] [1784267133.815488883] [cmd_vel_guard]: Cmd Vel Guard node initialized
[INFO] [1784267133.815738026] [cmd_vel_guard]: Safety method: geofence
[INFO] [1784267133.815984302] [cmd_vel_guard]: Input: /cmd_vel_nav -> Output: /cmd_vel
[INFO] [1784267133.816089752] [cmd_vel_guard]:   Mode: Forward Simulation
[INFO] [1784267133.816191074] [cmd_vel_guard]:   Horizon: 1.0s, Steps: 10
[INFO] [1784267133.816297526] [cmd_vel_guard]:   Margin: 0.562m
[INFO] [1784267133.816562508] [cmd_vel_guard]: ============================================================
[INFO] [1784267136.661607337] [cmd_vel_guard]: [HEARTBEAT #1] cmds=0, odom=yes, nav_approved=False, pos=(-0.00,0.00)
[INFO] [1784267139.889689314] [cmd_vel_guard]: [HEARTBEAT #2] cmds=0, odom=yes, nav_approved=False, pos=(-0.00,0.00)
[INFO] [1784267143.520847934] [cmd_vel_guard]: Guard status: cmds=1, nav_approved=False, odom=yes, pos=(-0.00,0.00), passed=0, blocked=0
[INFO] [1784267144.897934650] [cmd_vel_guard]: [HEARTBEAT #3] cmds=1, odom=yes, nav_approved=False, pos=(-0.00,0.00)
[INFO] [1784267149.906993747] [cmd_vel_guard]: [HEARTBEAT #4] cmds=3, odom=yes, nav_approved=False, pos=(-0.00,0.00)
[INFO] [1784267154.912651043] [cmd_vel_guard]: [HEARTBEAT #5] cmds=7, odom=yes, nav_approved=False, pos=(-0.00,0.00)
[INFO] [1784267160.014583966] [cmd_vel_guard]: [HEARTBEAT #6] cmds=47, odom=yes, nav_approved=False, pos=(-0.00,0.00)
[INFO] [1784267165.021902915] [cmd_vel_guard]: [HEARTBEAT #7] cmds=47, odom=yes, nav_approved=False, pos=(-0.00,0.00)
[INFO] [1784267170.028856627] [cmd_vel_guard]: [HEARTBEAT #8] cmds=47, odom=yes, nav_approved=False, pos=(-0.00,0.00)
[INFO] [1784267175.036246760] [cmd_vel_guard]: [HEARTBEAT #9] cmds=47, odom=yes, nav_approved=False, pos=(-0.00,0.00)
[INFO] [1784267180.043398576] [cmd_vel_guard]: [HEARTBEAT #10] cmds=47, odom=yes, nav_approved=False, pos=(-0.00,0.00)
[INFO] [1784267183.734495462] [cmd_vel_guard]: Navigation authorized
[INFO] [1784267183.859289974] [cmd_vel_guard]: Guard status: cmds=51, nav_approved=True, odom=yes, pos=(0.00,-0.00), passed=50, blocked=0
[INFO] [1784267185.051412881] [cmd_vel_guard]: [HEARTBEAT #11] cmds=98, odom=yes, nav_approved=True, pos=(0.24,-0.01)
[INFO] [1784267185.104413574] [cmd_vel_guard]: Guard status: cmds=101, nav_approved=True, odom=yes, pos=(0.26,-0.01), passed=100, blocked=0
[INFO] [1784267186.358607177] [cmd_vel_guard]: Guard status: cmds=151, nav_approved=True, odom=yes, pos=(0.51,-0.01), passed=150, blocked=0
[INFO] [1784267187.608480475] [cmd_vel_guard]: Guard status: cmds=201, nav_approved=True, odom=yes, pos=(0.78,-0.01), passed=200, blocked=0
[INFO] [1784267187.980326877] [cmd_vel_guard]: [spoofmon] d_abs=0.035 jump=0.011 max_jump=0.025 c=(0.08,0.01)
[INFO] [1784267188.858617256] [cmd_vel_guard]: Guard status: cmds=251, nav_approved=True, odom=yes, pos=(1.05,-0.01), passed=250, blocked=0
[INFO] [1784267190.059580669] [cmd_vel_guard]: [HEARTBEAT #12] cmds=299, odom=yes, nav_approved=True, pos=(1.30,-0.01)
[INFO] [1784267190.108514947] [cmd_vel_guard]: Guard status: cmds=301, nav_approved=True, odom=yes, pos=(1.32,-0.01), passed=300, blocked=0
[INFO] [1784267191.358433040] [cmd_vel_guard]: Guard status: cmds=351, nav_approved=True, odom=yes, pos=(1.57,-0.01), passed=350, blocked=0
[INFO] [1784267192.608589267] [cmd_vel_guard]: Guard status: cmds=401, nav_approved=True, odom=yes, pos=(1.83,-0.01), passed=400, blocked=0
[INFO] [1784267192.991109342] [cmd_vel_guard]: [spoofmon] d_abs=0.146 jump=0.011 max_jump=0.025 c=(0.19,0.03)
[INFO] [1784267193.858577069] [cmd_vel_guard]: Guard status: cmds=451, nav_approved=True, odom=yes, pos=(2.09,-0.01), passed=450, blocked=0
[INFO] [1784267195.067847558] [cmd_vel_guard]: [HEARTBEAT #13] cmds=500, odom=yes, nav_approved=True, pos=(2.34,-0.01)
[INFO] [1784267195.108886142] [cmd_vel_guard]: Guard status: cmds=501, nav_approved=True, odom=yes, pos=(2.36,-0.01), passed=500, blocked=0
[INFO] [1784267196.354332875] [cmd_vel_guard]: Guard status: cmds=551, nav_approved=True, odom=yes, pos=(2.62,-0.01), passed=550, blocked=0
[INFO] [1784267197.608465672] [cmd_vel_guard]: Guard status: cmds=601, nav_approved=True, odom=yes, pos=(2.88,-0.03), passed=600, blocked=0
[INFO] [1784267198.000785692] [cmd_vel_guard]: [spoofmon] d_abs=0.136 jump=0.010 max_jump=0.025 c=(0.14,0.10)
[INFO] [1784267198.854505223] [cmd_vel_guard]: Guard status: cmds=651, nav_approved=True, odom=yes, pos=(3.14,-0.06), passed=650, blocked=0
[INFO] [1784267200.075938785] [cmd_vel_guard]: [HEARTBEAT #14] cmds=700, odom=yes, nav_approved=True, pos=(3.40,-0.09)
[INFO] [1784267200.108485346] [cmd_vel_guard]: Guard status: cmds=701, nav_approved=True, odom=yes, pos=(3.41,-0.09), passed=700, blocked=0
[INFO] [1784267201.358645474] [cmd_vel_guard]: Guard status: cmds=751, nav_approved=True, odom=yes, pos=(3.67,-0.10), passed=750, blocked=0
[INFO] [1784267202.594307388] [cmd_vel_guard]: Guard status: cmds=801, nav_approved=True, odom=yes, pos=(3.93,-0.12), passed=800, blocked=0
[INFO] [1784267203.007031662] [cmd_vel_guard]: [spoofmon] d_abs=0.184 jump=0.005 max_jump=0.025 c=(0.14,0.16)
[INFO] [1784267203.684988160] [cmd_vel_guard]: Navigation completed
[INFO] [1784267203.964459458] [cmd_vel_guard]: Guard status: cmds=851, nav_approved=False, odom=yes, pos=(4.12,-0.14), passed=850, blocked=0
