[INFO] [1784283457.508029994] [cmd_vel_guard]: Zones loaded: 2
[INFO] [1784283457.508319584] [cmd_vel_guard]: CBF margin: 0.1m (real-time control)
[INFO] [1784283457.508461483] [cmd_vel_guard]: SSM base margin: 0.05m (velocity-dependent)
[INFO] [1784283457.512840922] [cmd_vel_guard]: Spoof detection ON [memoryless]: amcl=/amcl_pose, offset_thresh=0.95m, jump_thresh=0.45m, enforce_pose=amcl
[INFO] [1784283457.513376860] [cmd_vel_guard]: DEBUG subscriptions:
[INFO] [1784283457.513613710] [cmd_vel_guard]:   cmd_sub topic: /cmd_vel_nav
[INFO] [1784283457.513843306] [cmd_vel_guard]:   odom_sub topic: /odom
[INFO] [1784283457.514067652] [cmd_vel_guard]:   nav_state_sub topic: /geofence/nav_state
[INFO] [1784283457.515666810] [cmd_vel_guard]: ============================================================
[INFO] [1784283457.515949747] [cmd_vel_guard]: Cmd Vel Guard node initialized
[INFO] [1784283457.516214290] [cmd_vel_guard]: Safety method: geofence
[INFO] [1784283457.516464365] [cmd_vel_guard]: Input: /cmd_vel_nav -> Output: /cmd_vel
[INFO] [1784283457.516722856] [cmd_vel_guard]: Simulated comm latency: 100ms
[INFO] [1784283457.516817405] [cmd_vel_guard]:   Mode: Forward Simulation
[INFO] [1784283457.516914239] [cmd_vel_guard]:   Horizon: 1.0s, Steps: 10
[INFO] [1784283457.517019599] [cmd_vel_guard]:   Margin: 0.562m
[INFO] [1784283457.517270225] [cmd_vel_guard]: ============================================================
[INFO] [1784283457.696395039] [cmd_vel_guard]: [HEARTBEAT #1] cmds=0, odom=no, nav_approved=False, pos=(0.00,0.00)
[INFO] [1784283458.909099849] [cmd_vel_guard]: [HEARTBEAT #2] cmds=0, odom=yes, nav_approved=False, pos=(-0.00,0.00)
[INFO] [1784283463.585201937] [cmd_vel_guard]: [HEARTBEAT #3] cmds=0, odom=yes, nav_approved=False, pos=(-0.00,0.00)
[INFO] [1784283467.499602568] [cmd_vel_guard]: Guard status: cmds=1, nav_approved=False, odom=yes, pos=(-0.00,0.00), passed=0, blocked=0
[INFO] [1784283468.592462247] [cmd_vel_guard]: [HEARTBEAT #4] cmds=1, odom=yes, nav_approved=False, pos=(-0.00,0.00)
[INFO] [1784283473.746720374] [cmd_vel_guard]: [HEARTBEAT #5] cmds=31, odom=yes, nav_approved=False, pos=(-0.00,0.00)
[INFO] [1784283478.620132761] [cmd_vel_guard]: [HEARTBEAT #6] cmds=33, odom=yes, nav_approved=False, pos=(-0.00,0.00)
[INFO] [1784283483.712244913] [cmd_vel_guard]: [HEARTBEAT #7] cmds=33, odom=yes, nav_approved=False, pos=(-0.00,0.00)
[INFO] [1784283488.718332755] [cmd_vel_guard]: [HEARTBEAT #8] cmds=33, odom=yes, nav_approved=False, pos=(-0.00,0.00)
[INFO] [1784283493.725467618] [cmd_vel_guard]: [HEARTBEAT #9] cmds=33, odom=yes, nav_approved=False, pos=(-0.00,0.00)
[INFO] [1784283498.733432982] [cmd_vel_guard]: [HEARTBEAT #10] cmds=33, odom=yes, nav_approved=False, pos=(-0.00,0.00)
[INFO] [1784283503.740290417] [cmd_vel_guard]: [HEARTBEAT #11] cmds=33, odom=yes, nav_approved=False, pos=(-0.00,0.00)
[INFO] [1784283505.995592648] [cmd_vel_guard]: Navigation authorized
[INFO] [1784283507.737714665] [cmd_vel_guard]: Guard status: cmds=51, nav_approved=True, odom=yes, pos=(0.18,-0.02), passed=50, blocked=0
[INFO] [1784283508.849415641] [cmd_vel_guard]: [HEARTBEAT #12] cmds=61, odom=yes, nav_approved=True, pos=(0.39,-0.06)
[INFO] [1784283511.074520862] [cmd_vel_guard]: [spoofmon] d_abs=0.019 jump=0.014 max_jump=0.014 c=(0.12,0.01)
[INFO] [1784283512.793570253] [cmd_vel_guard]: Guard status: cmds=101, nav_approved=True, odom=yes, pos=(1.03,-0.13), passed=100, blocked=0
[INFO] [1784283513.906382306] [cmd_vel_guard]: [HEARTBEAT #13] cmds=111, odom=yes, nav_approved=True, pos=(1.18,-0.17)
[INFO] [1784283517.849044982] [cmd_vel_guard]: Guard status: cmds=151, nav_approved=True, odom=yes, pos=(1.70,-0.21), passed=150, blocked=0
[INFO] [1784283518.253783398] [cmd_vel_guard]: [spoofmon] d_abs=0.189 jump=0.004 max_jump=0.048 c=(0.24,0.13)
[INFO] [1784283518.963629229] [cmd_vel_guard]: [HEARTBEAT #14] cmds=161, odom=yes, nav_approved=True, pos=(1.74,-0.23)
[INFO] [1784283520.884419933] [cmd_vel_guard]: [spoofmon] d_abs=0.255 jump=0.007 max_jump=0.048 c=(0.30,0.16)
[INFO] [1784283522.907480983] [cmd_vel_guard]: Guard status: cmds=201, nav_approved=True, odom=yes, pos=(2.28,-0.56), passed=200, blocked=0
[INFO] [1784283523.918004976] [cmd_vel_guard]: [HEARTBEAT #15] cmds=210, odom=yes, nav_approved=True, pos=(2.45,-0.53)
[INFO] [1784283524.423537129] [cmd_vel_guard]: [spoofmon] d_abs=0.781 jump=0.139 max_jump=0.141 c=(0.44,0.70)
[INFO] [1784283527.254455920] [cmd_vel_guard]: [spoofmon] d_abs=1.663 jump=0.023 max_jump=0.141 c=(0.57,1.60)
[INFO] [1784283527.964151629] [cmd_vel_guard]: Guard status: cmds=251, nav_approved=True, odom=yes, pos=(3.00,-1.04), passed=250, blocked=0
[INFO] [1784283528.975659290] [cmd_vel_guard]: [HEARTBEAT #16] cmds=260, odom=yes, nav_approved=True, pos=(3.08,-1.24)
[INFO] [1784283532.511372808] [cmd_vel_guard]: [spoofmon] d_abs=2.537 jump=0.084 max_jump=0.141 c=(0.86,2.42)
[INFO] [1784283533.017332256] [cmd_vel_guard]: Guard status: cmds=301, nav_approved=True, odom=yes, pos=(3.28,-2.07), passed=300, blocked=0
[INFO] [1784283533.926569629] [cmd_vel_guard]: [HEARTBEAT #17] cmds=309, odom=yes, nav_approved=True, pos=(3.27,-2.26)
[INFO] [1784283537.560197271] [cmd_vel_guard]: [spoofmon] d_abs=3.336 jump=0.090 max_jump=0.141 c=(1.00,3.21)
[INFO] [1784283538.066273571] [cmd_vel_guard]: Guard status: cmds=351, nav_approved=True, odom=yes, pos=(3.23,-2.87), passed=350, blocked=0
[INFO] [1784283538.976702289] [cmd_vel_guard]: [HEARTBEAT #18] cmds=359, odom=yes, nav_approved=True, pos=(3.20,-3.06)
[INFO] [1784283542.007671449] [cmd_vel_guard]: [spoofmon] d_abs=4.411 jump=0.120 max_jump=0.169 c=(0.47,4.40)
[INFO] [1784283543.121056491] [cmd_vel_guard]: Guard status: cmds=401, nav_approved=True, odom=yes, pos=(3.47,-3.87), passed=400, blocked=0
[INFO] [1784283543.929900710] [cmd_vel_guard]: [HEARTBEAT #19] cmds=408, odom=yes, nav_approved=True, pos=(3.59,-4.02)
[INFO] [1784283548.172038965] [cmd_vel_guard]: [spoofmon] d_abs=4.717 jump=0.006 max_jump=0.169 c=(0.23,4.72)
[INFO] [1784283548.172430429] [cmd_vel_guard]: Guard status: cmds=451, nav_approved=True, odom=yes, pos=(4.12,-4.60), passed=450, blocked=0
[INFO] [1784283548.981017755] [cmd_vel_guard]: [HEARTBEAT #20] cmds=458, odom=yes, nav_approved=True, pos=(4.12,-4.60)
[INFO] [1784283549.384103764] [cmd_vel_guard]: Navigation completed
[INFO] [1784283553.819615192] [cmd_vel_guard]: [HEARTBEAT #21] cmds=490, odom=yes, nav_approved=False, pos=(4.12,-4.60)
