[INFO] [1784284710.715014835] [cmd_vel_guard]: Zones loaded: 2
[INFO] [1784284710.715215605] [cmd_vel_guard]: CBF margin: 0.1m (real-time control)
[INFO] [1784284710.715346847] [cmd_vel_guard]: SSM base margin: 0.05m (velocity-dependent)
[INFO] [1784284710.719202552] [cmd_vel_guard]: Spoof detection ON [memoryless]: amcl=/amcl_pose, offset_thresh=0.95m, jump_thresh=0.45m, enforce_pose=amcl
[INFO] [1784284710.719643777] [cmd_vel_guard]: DEBUG subscriptions:
[INFO] [1784284710.719877648] [cmd_vel_guard]:   cmd_sub topic: /cmd_vel_nav
[INFO] [1784284710.720097925] [cmd_vel_guard]:   odom_sub topic: /odom
[INFO] [1784284710.720359898] [cmd_vel_guard]:   nav_state_sub topic: /geofence/nav_state
[INFO] [1784284710.720942393] [cmd_vel_guard]: ============================================================
[INFO] [1784284710.721187385] [cmd_vel_guard]: Cmd Vel Guard node initialized
[INFO] [1784284710.721422759] [cmd_vel_guard]: Safety method: geofence
[INFO] [1784284710.721661129] [cmd_vel_guard]: Input: /cmd_vel_nav -> Output: /cmd_vel
[INFO] [1784284710.721755974] [cmd_vel_guard]:   Mode: Forward Simulation
[INFO] [1784284710.721849417] [cmd_vel_guard]:   Horizon: 1.0s, Steps: 10
[INFO] [1784284710.721952817] [cmd_vel_guard]:   Margin: 0.562m
[INFO] [1784284710.722197198] [cmd_vel_guard]: ============================================================
[INFO] [1784284711.172234783] [cmd_vel_guard]: [HEARTBEAT #1] cmds=0, odom=no, nav_approved=False, pos=(0.00,0.00)
[INFO] [1784284714.433869798] [cmd_vel_guard]: [HEARTBEAT #2] cmds=0, odom=yes, nav_approved=False, pos=(-0.00,0.00)
[INFO] [1784284719.441915169] [cmd_vel_guard]: [HEARTBEAT #3] cmds=0, odom=yes, nav_approved=False, pos=(-0.00,0.00)
[INFO] [1784284719.708866438] [cmd_vel_guard]: Guard status: cmds=1, nav_approved=False, odom=yes, pos=(-0.00,0.00), passed=0, blocked=0
[INFO] [1784284724.448681415] [cmd_vel_guard]: [HEARTBEAT #4] cmds=40, odom=yes, nav_approved=False, pos=(-0.00,0.00)
[INFO] [1784284729.551963287] [cmd_vel_guard]: [HEARTBEAT #5] cmds=41, odom=yes, nav_approved=False, pos=(-0.00,0.00)
[INFO] [1784284734.559280810] [cmd_vel_guard]: [HEARTBEAT #6] cmds=41, odom=yes, nav_approved=False, pos=(-0.00,0.00)
[INFO] [1784284739.566689150] [cmd_vel_guard]: [HEARTBEAT #7] cmds=41, odom=yes, nav_approved=False, pos=(-0.00,0.00)
[INFO] [1784284744.573673434] [cmd_vel_guard]: [HEARTBEAT #8] cmds=41, odom=yes, nav_approved=False, pos=(-0.00,0.00)
[INFO] [1784284749.581128739] [cmd_vel_guard]: [HEARTBEAT #9] cmds=41, odom=yes, nav_approved=False, pos=(-0.00,0.00)
[INFO] [1784284754.589324300] [cmd_vel_guard]: [HEARTBEAT #10] cmds=41, odom=yes, nav_approved=False, pos=(-0.00,0.00)
[INFO] [1784284754.784716014] [cmd_vel_guard]: Navigation authorized
[INFO] [1784284755.058630316] [cmd_vel_guard]: Guard status: cmds=51, nav_approved=True, odom=yes, pos=(0.02,-0.00), passed=50, blocked=0
[INFO] [1784284756.288601586] [cmd_vel_guard]: Guard status: cmds=101, nav_approved=True, odom=yes, pos=(0.28,-0.01), passed=100, blocked=0
[INFO] [1784284757.558690826] [cmd_vel_guard]: Guard status: cmds=151, nav_approved=True, odom=yes, pos=(0.55,-0.02), passed=150, blocked=0
[INFO] [1784284758.536049638] [cmd_vel_guard]: [spoofmon] d_abs=0.029 jump=0.009 max_jump=0.020 c=(0.06,0.00)
[INFO] [1784284758.788592031] [cmd_vel_guard]: Guard status: cmds=201, nav_approved=True, odom=yes, pos=(0.80,-0.02), passed=200, blocked=0
[INFO] [1784284759.597514997] [cmd_vel_guard]: [HEARTBEAT #11] cmds=232, odom=yes, nav_approved=True, pos=(0.97,-0.03)
[INFO] [1784284760.059935827] [cmd_vel_guard]: Guard status: cmds=251, nav_approved=True, odom=yes, pos=(1.07,-0.03), passed=250, blocked=0
[INFO] [1784284761.298658297] [cmd_vel_guard]: Guard status: cmds=301, nav_approved=True, odom=yes, pos=(1.33,-0.04), passed=300, blocked=0
[INFO] [1784284762.538643591] [cmd_vel_guard]: Guard status: cmds=351, nav_approved=True, odom=yes, pos=(1.59,-0.07), passed=350, blocked=0
[INFO] [1784284763.541335899] [cmd_vel_guard]: [spoofmon] d_abs=0.226 jump=0.026 max_jump=0.047 c=(0.22,0.13)
[INFO] [1784284763.798549996] [cmd_vel_guard]: Guard status: cmds=401, nav_approved=True, odom=yes, pos=(1.69,-0.08), passed=400, blocked=0
[INFO] [1784284764.606117598] [cmd_vel_guard]: [HEARTBEAT #12] cmds=433, odom=yes, nav_approved=True, pos=(1.70,-0.09)
[INFO] [1784284765.458881063] [cmd_vel_guard]: Guard status: cmds=451, nav_approved=True, odom=yes, pos=(1.70,-0.09), passed=450, blocked=0
[INFO] [1784284767.858852778] [cmd_vel_guard]: Guard status: cmds=501, nav_approved=True, odom=yes, pos=(1.73,-0.09), passed=500, blocked=0
[INFO] [1784284769.108688850] [cmd_vel_guard]: Guard status: cmds=551, nav_approved=True, odom=yes, pos=(1.89,0.04), passed=550, blocked=0
[INFO] [1784284769.161082525] [cmd_vel_guard]: [spoofmon] d_abs=0.685 jump=0.090 max_jump=0.097 c=(0.46,0.54)
[INFO] [1784284769.614470485] [cmd_vel_guard]: [HEARTBEAT #13] cmds=572, odom=yes, nav_approved=True, pos=(1.98,0.08)
[INFO] [1784284770.348744870] [cmd_vel_guard]: Guard status: cmds=601, nav_approved=True, odom=yes, pos=(2.14,0.06), passed=600, blocked=0
[INFO] [1784284771.608762119] [cmd_vel_guard]: Guard status: cmds=651, nav_approved=True, odom=yes, pos=(2.32,-0.14), passed=650, blocked=0
[INFO] [1784284772.260951909] [cmd_vel_guard]: [spoofmon] d_abs=1.288 jump=0.096 max_jump=0.097 c=(0.49,1.20)
[INFO] [1784284772.858964536] [cmd_vel_guard]: Guard status: cmds=701, nav_approved=True, odom=yes, pos=(2.48,-0.36), passed=700, blocked=0
[INFO] [1784284774.108859250] [cmd_vel_guard]: Guard status: cmds=751, nav_approved=True, odom=yes, pos=(2.64,-0.58), passed=750, blocked=0
[INFO] [1784284774.622925247] [cmd_vel_guard]: [HEARTBEAT #14] cmds=772, odom=yes, nav_approved=True, pos=(2.70,-0.66)
[INFO] [1784284775.358498106] [cmd_vel_guard]: Guard status: cmds=801, nav_approved=True, odom=yes, pos=(2.79,-0.81), passed=800, blocked=0
[INFO] [1784284776.608467073] [cmd_vel_guard]: Guard status: cmds=851, nav_approved=True, odom=yes, pos=(2.92,-1.04), passed=850, blocked=0
[INFO] [1784284777.858471957] [cmd_vel_guard]: Guard status: cmds=901, nav_approved=True, odom=yes, pos=(3.01,-1.29), passed=900, blocked=0
[INFO] [1784284778.576624410] [cmd_vel_guard]: [spoofmon] d_abs=2.241 jump=0.114 max_jump=0.114 c=(0.65,2.15)
[INFO] [1784284779.108746783] [cmd_vel_guard]: Guard status: cmds=951, nav_approved=True, odom=yes, pos=(3.09,-1.54), passed=950, blocked=0
[INFO] [1784284779.630692657] [cmd_vel_guard]: [HEARTBEAT #15] cmds=972, odom=yes, nav_approved=True, pos=(3.12,-1.65)
[INFO] [1784284780.359156014] [cmd_vel_guard]: Guard status: cmds=1001, nav_approved=True, odom=yes, pos=(3.14,-1.81), passed=1000, blocked=0
[INFO] [1784284781.598592739] [cmd_vel_guard]: Guard status: cmds=1051, nav_approved=True, odom=yes, pos=(3.15,-2.07), passed=1050, blocked=0
[INFO] [1784284782.858364850] [cmd_vel_guard]: Guard status: cmds=1101, nav_approved=True, odom=yes, pos=(3.16,-2.33), passed=1100, blocked=0
[INFO] [1784284783.785328870] [cmd_vel_guard]: [spoofmon] d_abs=3.059 jump=0.049 max_jump=0.114 c=(0.91,2.93)
[INFO] [1784284784.108260675] [cmd_vel_guard]: Guard status: cmds=1151, nav_approved=True, odom=yes, pos=(3.17,-2.59), passed=1150, blocked=0
[INFO] [1784284784.638966074] [cmd_vel_guard]: [HEARTBEAT #16] cmds=1172, odom=yes, nav_approved=True, pos=(3.19,-2.71)
[INFO] [1784284785.358292897] [cmd_vel_guard]: Guard status: cmds=1201, nav_approved=True, odom=yes, pos=(3.21,-2.86), passed=1200, blocked=0
[INFO] [1784284786.608219614] [cmd_vel_guard]: Guard status: cmds=1251, nav_approved=True, odom=yes, pos=(3.25,-3.12), passed=1250, blocked=0
[INFO] [1784284787.838558270] [cmd_vel_guard]: Guard status: cmds=1301, nav_approved=True, odom=yes, pos=(3.30,-3.37), passed=1300, blocked=0
[INFO] [1784284789.089467564] [cmd_vel_guard]: [spoofmon] d_abs=4.073 jump=0.131 max_jump=0.239 c=(0.60,4.03)
[INFO] [1784284789.108285652] [cmd_vel_guard]: Guard status: cmds=1351, nav_approved=True, odom=yes, pos=(3.41,-3.63), passed=1350, blocked=0
[INFO] [1784284789.647401832] [cmd_vel_guard]: [HEARTBEAT #17] cmds=1372, odom=yes, nav_approved=True, pos=(3.47,-3.73)
[INFO] [1784284790.348863658] [cmd_vel_guard]: Guard status: cmds=1401, nav_approved=True, odom=yes, pos=(3.56,-3.85), passed=1400, blocked=0
[INFO] [1784284791.588518336] [cmd_vel_guard]: Guard status: cmds=1451, nav_approved=True, odom=yes, pos=(3.74,-4.04), passed=1450, blocked=0
[INFO] [1784284792.848633497] [cmd_vel_guard]: Guard status: cmds=1501, nav_approved=True, odom=yes, pos=(3.94,-4.22), passed=1500, blocked=0
[INFO] [1784284794.108932642] [cmd_vel_guard]: Guard status: cmds=1551, nav_approved=True, odom=yes, pos=(4.13,-4.38), passed=1550, blocked=0
[INFO] [1784284794.655587644] [cmd_vel_guard]: [HEARTBEAT #18] cmds=1573, odom=yes, nav_approved=True, pos=(4.15,-4.41)
[INFO] [1784284795.001308403] [cmd_vel_guard]: [spoofmon] d_abs=4.578 jump=0.008 max_jump=0.239 c=(0.16,4.57)
[INFO] [1784284795.358715243] [cmd_vel_guard]: Guard status: cmds=1601, nav_approved=True, odom=yes, pos=(4.15,-4.41), passed=1600, blocked=0
[INFO] [1784284796.588550353] [cmd_vel_guard]: Guard status: cmds=1651, nav_approved=True, odom=yes, pos=(4.21,-4.43), passed=1650, blocked=0
[INFO] [1784284797.858531125] [cmd_vel_guard]: Guard status: cmds=1701, nav_approved=True, odom=yes, pos=(4.21,-4.43), passed=1700, blocked=0
[INFO] [1784284797.935001261] [cmd_vel_guard]: Navigation completed
[INFO] [1784284799.664355938] [cmd_vel_guard]: [HEARTBEAT #19] cmds=1740, odom=yes, nav_approved=False, pos=(4.21,-4.43)
