[INFO] [1784266471.430445664] [cmd_vel_guard]: Zones loaded: 2
[INFO] [1784266471.430656873] [cmd_vel_guard]: CBF margin: 0.1m (real-time control)
[INFO] [1784266471.430803500] [cmd_vel_guard]: SSM base margin: 0.05m (velocity-dependent)
[INFO] [1784266471.435687610] [cmd_vel_guard]: Spoof detection ON [memoryless]: amcl=/amcl_pose, offset_thresh=0.95m, jump_thresh=0.45m, enforce_pose=amcl
[INFO] [1784266471.436293767] [cmd_vel_guard]: DEBUG subscriptions:
[INFO] [1784266471.436574929] [cmd_vel_guard]:   cmd_sub topic: /cmd_vel_nav
[INFO] [1784266471.436807319] [cmd_vel_guard]:   odom_sub topic: /odom
[INFO] [1784266471.437029830] [cmd_vel_guard]:   nav_state_sub topic: /geofence/nav_state
[INFO] [1784266471.437958226] [cmd_vel_guard]: ============================================================
[INFO] [1784266471.438218999] [cmd_vel_guard]: Cmd Vel Guard node initialized
[INFO] [1784266471.438464524] [cmd_vel_guard]: Safety method: geofence
[INFO] [1784266471.438722983] [cmd_vel_guard]: Input: /cmd_vel_nav -> Output: /cmd_vel
[INFO] [1784266471.438817502] [cmd_vel_guard]:   Mode: Forward Simulation
[INFO] [1784266471.438914625] [cmd_vel_guard]:   Horizon: 1.0s, Steps: 10
[INFO] [1784266471.439025926] [cmd_vel_guard]:   Margin: 0.562m
[INFO] [1784266471.439278514] [cmd_vel_guard]: ============================================================
[INFO] [1784266471.611091948] [cmd_vel_guard]: [HEARTBEAT #1] cmds=0, odom=no, nav_approved=False, pos=(0.00,0.00)
[INFO] [1784266472.491099450] [cmd_vel_guard]: [HEARTBEAT #2] cmds=0, odom=yes, nav_approved=False, pos=(-0.00,0.00)
[INFO] [1784266477.500981461] [cmd_vel_guard]: [HEARTBEAT #3] cmds=0, odom=yes, nav_approved=False, pos=(-0.00,0.00)
[INFO] [1784266481.416122616] [cmd_vel_guard]: Guard status: cmds=1, nav_approved=False, odom=yes, pos=(-0.00,0.00), passed=0, blocked=0
[INFO] [1784266482.509254920] [cmd_vel_guard]: [HEARTBEAT #4] cmds=1, odom=yes, nav_approved=False, pos=(-0.00,0.00)
[INFO] [1784266487.516678061] [cmd_vel_guard]: [HEARTBEAT #5] cmds=2, odom=yes, nav_approved=False, pos=(-0.00,0.00)
[INFO] [1784266492.525955638] [cmd_vel_guard]: [HEARTBEAT #6] cmds=4, odom=yes, nav_approved=False, pos=(-0.00,0.00)
[INFO] [1784266497.632830254] [cmd_vel_guard]: [HEARTBEAT #7] cmds=5, odom=yes, nav_approved=False, pos=(-0.00,0.00)
[INFO] [1784266502.641049363] [cmd_vel_guard]: [HEARTBEAT #8] cmds=5, odom=yes, nav_approved=False, pos=(-0.00,0.00)
[INFO] [1784266507.648781242] [cmd_vel_guard]: [HEARTBEAT #9] cmds=5, odom=yes, nav_approved=False, pos=(-0.00,0.00)
[INFO] [1784266512.657972552] [cmd_vel_guard]: [HEARTBEAT #10] cmds=5, odom=yes, nav_approved=False, pos=(-0.00,0.00)
[INFO] [1784266515.942289605] [cmd_vel_guard]: Navigation authorized
[INFO] [1784266517.116644747] [cmd_vel_guard]: Guard status: cmds=51, nav_approved=True, odom=yes, pos=(0.22,-0.00), passed=50, blocked=0
[INFO] [1784266517.666631554] [cmd_vel_guard]: [HEARTBEAT #11] cmds=73, odom=yes, nav_approved=True, pos=(0.33,-0.00)
[INFO] [1784266518.363820493] [cmd_vel_guard]: Guard status: cmds=101, nav_approved=True, odom=yes, pos=(0.48,0.00), passed=100, blocked=0
[INFO] [1784266519.593648545] [cmd_vel_guard]: Guard status: cmds=151, nav_approved=True, odom=yes, pos=(0.74,0.00), passed=150, blocked=0
[INFO] [1784266520.203207456] [cmd_vel_guard]: [spoofmon] d_abs=0.035 jump=0.018 max_jump=0.018 c=(0.07,0.00)
[INFO] [1784266520.833588652] [cmd_vel_guard]: Guard status: cmds=201, nav_approved=True, odom=yes, pos=(1.00,-0.00), passed=200, blocked=0
[INFO] [1784266522.093548033] [cmd_vel_guard]: Guard status: cmds=251, nav_approved=True, odom=yes, pos=(1.27,-0.00), passed=250, blocked=0
[INFO] [1784266522.675779076] [cmd_vel_guard]: [HEARTBEAT #12] cmds=274, odom=yes, nav_approved=True, pos=(1.38,-0.00)
[INFO] [1784266523.333525567] [cmd_vel_guard]: Guard status: cmds=301, nav_approved=True, odom=yes, pos=(1.53,-0.00), passed=300, blocked=0
[INFO] [1784266524.603685164] [cmd_vel_guard]: Guard status: cmds=351, nav_approved=True, odom=yes, pos=(1.80,-0.01), passed=350, blocked=0
[INFO] [1784266525.216253584] [cmd_vel_guard]: [spoofmon] d_abs=0.161 jump=0.005 max_jump=0.027 c=(0.19,0.03)
[INFO] [1784266525.833426441] [cmd_vel_guard]: Guard status: cmds=401, nav_approved=True, odom=yes, pos=(2.05,-0.01), passed=400, blocked=0
[INFO] [1784266527.103710037] [cmd_vel_guard]: Guard status: cmds=451, nav_approved=True, odom=yes, pos=(2.32,-0.02), passed=450, blocked=0
[INFO] [1784266527.684666911] [cmd_vel_guard]: [HEARTBEAT #13] cmds=474, odom=yes, nav_approved=True, pos=(2.44,-0.03)
[INFO] [1784266528.343622505] [cmd_vel_guard]: Guard status: cmds=501, nav_approved=True, odom=yes, pos=(2.58,-0.04), passed=500, blocked=0
[INFO] [1784266529.583445575] [cmd_vel_guard]: Guard status: cmds=551, nav_approved=True, odom=yes, pos=(2.84,-0.06), passed=550, blocked=0
[INFO] [1784266530.225405577] [cmd_vel_guard]: [spoofmon] d_abs=0.135 jump=0.010 max_jump=0.027 c=(0.13,0.09)
[INFO] [1784266530.843624346] [cmd_vel_guard]: Guard status: cmds=601, nav_approved=True, odom=yes, pos=(3.10,-0.08), passed=600, blocked=0
[INFO] [1784266532.113759320] [cmd_vel_guard]: Guard status: cmds=651, nav_approved=True, odom=yes, pos=(3.38,-0.09), passed=650, blocked=0
[INFO] [1784266532.693042219] [cmd_vel_guard]: [HEARTBEAT #14] cmds=674, odom=yes, nav_approved=True, pos=(3.49,-0.10)
[INFO] [1784266533.353738782] [cmd_vel_guard]: Guard status: cmds=701, nav_approved=True, odom=yes, pos=(3.64,-0.11), passed=700, blocked=0
[INFO] [1784266534.593605332] [cmd_vel_guard]: Guard status: cmds=751, nav_approved=True, odom=yes, pos=(3.90,-0.12), passed=750, blocked=0
[INFO] [1784266535.231824099] [cmd_vel_guard]: [spoofmon] d_abs=0.177 jump=0.009 max_jump=0.027 c=(0.13,0.15)
[INFO] [1784266535.816868153] [cmd_vel_guard]: Guard status: cmds=801, nav_approved=True, odom=yes, pos=(4.12,-0.14), passed=800, blocked=0
[INFO] [1784266535.843134949] [cmd_vel_guard]: Navigation completed
