[INFO] [1784268257.804648275] [cmd_vel_guard]: Zones loaded: 2
[INFO] [1784268257.804881238] [cmd_vel_guard]: CBF margin: 0.1m (real-time control)
[INFO] [1784268257.805022360] [cmd_vel_guard]: SSM base margin: 0.05m (velocity-dependent)
[INFO] [1784268257.809406376] [cmd_vel_guard]: Spoof detection ON [memoryless]: amcl=/amcl_pose, offset_thresh=0.95m, jump_thresh=0.45m, enforce_pose=amcl
[INFO] [1784268257.809862433] [cmd_vel_guard]: DEBUG subscriptions:
[INFO] [1784268257.810093042] [cmd_vel_guard]:   cmd_sub topic: /cmd_vel_nav
[INFO] [1784268257.810309383] [cmd_vel_guard]:   odom_sub topic: /odom
[INFO] [1784268257.810529713] [cmd_vel_guard]:   nav_state_sub topic: /geofence/nav_state
[INFO] [1784268257.811102697] [cmd_vel_guard]: ============================================================
[INFO] [1784268257.811374352] [cmd_vel_guard]: Cmd Vel Guard node initialized
[INFO] [1784268257.811617885] [cmd_vel_guard]: Safety method: geofence
[INFO] [1784268257.811868160] [cmd_vel_guard]: Input: /cmd_vel_nav -> Output: /cmd_vel
[INFO] [1784268257.812124706] [cmd_vel_guard]: Simulated comm latency: 100ms
[INFO] [1784268257.812248276] [cmd_vel_guard]:   Mode: Forward Simulation
[INFO] [1784268257.812358721] [cmd_vel_guard]:   Horizon: 1.0s, Steps: 10
[INFO] [1784268257.812473064] [cmd_vel_guard]:   Margin: 0.562m
[INFO] [1784268257.812730332] [cmd_vel_guard]: ============================================================
[INFO] [1784268259.328342945] [cmd_vel_guard]: [HEARTBEAT #1] cmds=0, odom=yes, nav_approved=False, pos=(-0.00,0.00)
[INFO] [1784268262.564264280] [cmd_vel_guard]: [HEARTBEAT #2] cmds=0, odom=yes, nav_approved=False, pos=(-0.00,0.00)
[INFO] [1784268267.466431634] [cmd_vel_guard]: Guard status: cmds=1, nav_approved=False, odom=yes, pos=(-0.00,0.00), passed=0, blocked=0
[INFO] [1784268267.574711001] [cmd_vel_guard]: [HEARTBEAT #3] cmds=1, odom=yes, nav_approved=False, pos=(-0.00,0.00)
[INFO] [1784268272.584421469] [cmd_vel_guard]: [HEARTBEAT #4] cmds=2, odom=yes, nav_approved=False, pos=(-0.00,0.00)
[INFO] [1784268277.592373315] [cmd_vel_guard]: [HEARTBEAT #5] cmds=34, odom=yes, nav_approved=False, pos=(-0.00,0.00)
[INFO] [1784268282.696112863] [cmd_vel_guard]: [HEARTBEAT #6] cmds=35, odom=yes, nav_approved=False, pos=(-0.00,0.00)
[INFO] [1784268287.706162521] [cmd_vel_guard]: [HEARTBEAT #7] cmds=35, odom=yes, nav_approved=False, pos=(-0.00,0.00)
[INFO] [1784268292.711605363] [cmd_vel_guard]: [HEARTBEAT #8] cmds=35, odom=yes, nav_approved=False, pos=(-0.00,0.00)
[INFO] [1784268297.719389217] [cmd_vel_guard]: [HEARTBEAT #9] cmds=35, odom=yes, nav_approved=False, pos=(-0.00,0.00)
[INFO] [1784268302.727232764] [cmd_vel_guard]: [HEARTBEAT #10] cmds=35, odom=yes, nav_approved=False, pos=(-0.00,0.00)
[INFO] [1784268307.683588965] [cmd_vel_guard]: Navigation authorized
[INFO] [1784268307.910099488] [cmd_vel_guard]: [HEARTBEAT #11] cmds=37, odom=yes, nav_approved=True, pos=(-0.00,0.00)
[INFO] [1784268309.223518967] [cmd_vel_guard]: Guard status: cmds=51, nav_approved=True, odom=yes, pos=(0.19,-0.01), passed=50, blocked=0
[INFO] [1784268311.852016532] [cmd_vel_guard]: [spoofmon] d_abs=0.023 jump=0.016 max_jump=0.016 c=(0.11,0.00)
[INFO] [1784268312.863281050] [cmd_vel_guard]: [HEARTBEAT #12] cmds=86, odom=yes, nav_approved=True, pos=(0.94,-0.05)
[INFO] [1784268314.279226286] [cmd_vel_guard]: Guard status: cmds=101, nav_approved=True, odom=yes, pos=(1.12,-0.09), passed=100, blocked=0
[INFO] [1784268317.411416069] [cmd_vel_guard]: [spoofmon] d_abs=0.158 jump=0.003 max_jump=0.030 c=(0.24,0.04)
[INFO] [1784268317.917459280] [cmd_vel_guard]: [HEARTBEAT #13] cmds=136, odom=yes, nav_approved=True, pos=(1.77,-0.19)
[INFO] [1784268319.331953280] [cmd_vel_guard]: Guard status: cmds=151, nav_approved=True, odom=yes, pos=(1.96,-0.21), passed=150, blocked=0
[INFO] [1784268322.867530719] [cmd_vel_guard]: [spoofmon] d_abs=0.134 jump=0.008 max_jump=0.030 c=(0.20,0.08)
[INFO] [1784268322.867977049] [cmd_vel_guard]: [HEARTBEAT #14] cmds=185, odom=yes, nav_approved=True, pos=(2.69,-0.25)
[INFO] [1784268324.379565540] [cmd_vel_guard]: Guard status: cmds=201, nav_approved=True, odom=yes, pos=(3.01,-0.24), passed=200, blocked=0
[INFO] [1784268327.915424167] [cmd_vel_guard]: [spoofmon] d_abs=0.152 jump=0.018 max_jump=0.033 c=(0.18,0.12)
[INFO] [1784268327.916020696] [cmd_vel_guard]: [HEARTBEAT #15] cmds=235, odom=yes, nav_approved=True, pos=(3.75,-0.26)
[INFO] [1784268329.432960899] [cmd_vel_guard]: Guard status: cmds=251, nav_approved=True, odom=yes, pos=(4.09,-0.27), passed=250, blocked=0
[INFO] [1784268329.635113139] [cmd_vel_guard]: Navigation completed
[WARN] [1784268329.635809315] [cmd_vel_guard]: BLOCKED (unapproved): cmd_vel without goal_gate authorization (speed=0.22m/s, pos=(4.13, -0.27))
