[INFO] [1784262721.928883367] [cmd_vel_guard]: Zones loaded: 2
[INFO] [1784262721.929098734] [cmd_vel_guard]: CBF margin: 0.1m (real-time control)
[INFO] [1784262721.929241233] [cmd_vel_guard]: SSM base margin: 0.05m (velocity-dependent)
[INFO] [1784262721.933332386] [cmd_vel_guard]: Spoof detection ON [cusum]: amcl=/amcl_pose, offset_thresh=0.95m, jump_thresh=0.45m, enforce_pose=amcl
[INFO] [1784262721.933788618] [cmd_vel_guard]: DEBUG subscriptions:
[INFO] [1784262721.934026027] [cmd_vel_guard]:   cmd_sub topic: /cmd_vel_nav
[INFO] [1784262721.934248377] [cmd_vel_guard]:   odom_sub topic: /odom
[INFO] [1784262721.934470597] [cmd_vel_guard]:   nav_state_sub topic: /geofence/nav_state
[INFO] [1784262721.935022751] [cmd_vel_guard]: ============================================================
[INFO] [1784262721.935276931] [cmd_vel_guard]: Cmd Vel Guard node initialized
[INFO] [1784262721.935520983] [cmd_vel_guard]: Safety method: geofence
[INFO] [1784262721.935774432] [cmd_vel_guard]: Input: /cmd_vel_nav -> Output: /cmd_vel
[INFO] [1784262721.936027600] [cmd_vel_guard]: Simulated comm latency: 50ms
[INFO] [1784262721.936120205] [cmd_vel_guard]:   Mode: Forward Simulation
[INFO] [1784262721.936217138] [cmd_vel_guard]:   Horizon: 1.0s, Steps: 10
[INFO] [1784262721.936321786] [cmd_vel_guard]:   Margin: 0.562m
[INFO] [1784262721.936575495] [cmd_vel_guard]: ============================================================
[INFO] [1784262724.529519266] [cmd_vel_guard]: [HEARTBEAT #1] cmds=0, odom=yes, nav_approved=False, pos=(-0.00,0.00)
[INFO] [1784262727.421400586] [cmd_vel_guard]: [HEARTBEAT #2] cmds=0, odom=yes, nav_approved=False, pos=(-0.00,0.00)
[INFO] [1784262731.703824165] [cmd_vel_guard]: Guard status: cmds=1, nav_approved=False, odom=yes, pos=(-0.00,0.00), passed=0, blocked=0
[INFO] [1784262732.429944864] [cmd_vel_guard]: [HEARTBEAT #3] cmds=1, odom=yes, nav_approved=False, pos=(-0.00,0.00)
[INFO] [1784262737.437600629] [cmd_vel_guard]: [HEARTBEAT #4] cmds=43, odom=yes, nav_approved=False, pos=(-0.00,0.00)
[INFO] [1784262742.445241764] [cmd_vel_guard]: [HEARTBEAT #5] cmds=44, odom=yes, nav_approved=False, pos=(-0.00,0.00)
[INFO] [1784262747.552125286] [cmd_vel_guard]: [HEARTBEAT #6] cmds=44, odom=yes, nav_approved=False, pos=(-0.00,0.00)
[INFO] [1784262752.559408915] [cmd_vel_guard]: [HEARTBEAT #7] cmds=44, odom=yes, nav_approved=False, pos=(-0.00,0.00)
[INFO] [1784262757.567151624] [cmd_vel_guard]: [HEARTBEAT #8] cmds=44, odom=yes, nav_approved=False, pos=(-0.00,0.00)
[INFO] [1784262762.574692587] [cmd_vel_guard]: [HEARTBEAT #9] cmds=44, odom=yes, nav_approved=False, pos=(-0.00,0.00)
[INFO] [1784262766.296916554] [cmd_vel_guard]: Navigation authorized
[INFO] [1784262766.627336216] [cmd_vel_guard]: Guard status: cmds=51, nav_approved=True, odom=yes, pos=(0.01,-0.00), passed=50, blocked=0
[INFO] [1784262767.649304714] [cmd_vel_guard]: [HEARTBEAT #10] cmds=70, odom=yes, nav_approved=True, pos=(0.17,-0.01)
[INFO] [1784262769.183632581] [cmd_vel_guard]: Guard status: cmds=101, nav_approved=True, odom=yes, pos=(0.48,-0.01), passed=100, blocked=0
[INFO] [1784262770.665265263] [cmd_vel_guard]: [spoofmon] d_abs=0.036 jump=0.027 max_jump=0.027 c=(0.14,0.01)
[INFO] [1784262771.738834956] [cmd_vel_guard]: Guard status: cmds=151, nav_approved=True, odom=yes, pos=(1.03,0.04), passed=150, blocked=0
[INFO] [1784262772.658018175] [cmd_vel_guard]: [HEARTBEAT #11] cmds=168, odom=yes, nav_approved=True, pos=(1.23,0.05)
[INFO] [1784262774.293820931] [cmd_vel_guard]: Guard status: cmds=201, nav_approved=True, odom=yes, pos=(1.57,0.03), passed=200, blocked=0
[INFO] [1784262775.723817468] [cmd_vel_guard]: [spoofmon] d_abs=0.147 jump=0.011 max_jump=0.027 c=(0.25,0.04)
[INFO] [1784262776.847791525] [cmd_vel_guard]: Guard status: cmds=251, nav_approved=True, odom=yes, pos=(2.12,0.01), passed=250, blocked=0
[INFO] [1784262777.664546707] [cmd_vel_guard]: [HEARTBEAT #12] cmds=266, odom=yes, nav_approved=True, pos=(2.29,-0.00)
[INFO] [1784262779.402002742] [cmd_vel_guard]: Guard status: cmds=301, nav_approved=True, odom=yes, pos=(2.65,-0.02), passed=300, blocked=0
[INFO] [1784262780.679862305] [cmd_vel_guard]: [spoofmon] d_abs=0.130 jump=0.003 max_jump=0.027 c=(0.20,0.10)
[INFO] [1784262781.958177630] [cmd_vel_guard]: Guard status: cmds=351, nav_approved=True, odom=yes, pos=(3.19,-0.09), passed=350, blocked=0
[INFO] [1784262782.670815479] [cmd_vel_guard]: [HEARTBEAT #13] cmds=364, odom=yes, nav_approved=True, pos=(3.34,-0.09)
[INFO] [1784262784.504820202] [cmd_vel_guard]: Guard status: cmds=401, nav_approved=True, odom=yes, pos=(3.72,-0.11), passed=400, blocked=0
[INFO] [1784262785.732059030] [cmd_vel_guard]: [spoofmon] d_abs=0.171 jump=0.007 max_jump=0.027 c=(0.19,0.16)
[INFO] [1784262786.243617668] [cmd_vel_guard]: Navigation completed
[WARN] [1784262786.244207883] [cmd_vel_guard]: BLOCKED (unapproved): cmd_vel without goal_gate authorization (speed=0.19m/s, pos=(4.09, -0.13))
