[INFO] [1784277795.613528611] [cmd_vel_guard]: Zones loaded: 2
[INFO] [1784277795.613845879] [cmd_vel_guard]: CBF margin: 0.1m (real-time control)
[INFO] [1784277795.614070205] [cmd_vel_guard]: SSM base margin: 0.05m (velocity-dependent)
[INFO] [1784277795.618773874] [cmd_vel_guard]: Spoof detection ON [cusum]: amcl=/amcl_pose, offset_thresh=0.95m, jump_thresh=0.45m, enforce_pose=amcl
[INFO] [1784277795.619239791] [cmd_vel_guard]: DEBUG subscriptions:
[INFO] [1784277795.619474408] [cmd_vel_guard]:   cmd_sub topic: /cmd_vel_nav
[INFO] [1784277795.619699285] [cmd_vel_guard]:   odom_sub topic: /odom
[INFO] [1784277795.619934113] [cmd_vel_guard]:   nav_state_sub topic: /geofence/nav_state
[INFO] [1784277795.620771433] [cmd_vel_guard]: ============================================================
[INFO] [1784277795.621090183] [cmd_vel_guard]: Cmd Vel Guard node initialized
[INFO] [1784277795.621348737] [cmd_vel_guard]: Safety method: geofence
[INFO] [1784277795.621598844] [cmd_vel_guard]: Input: /cmd_vel_nav -> Output: /cmd_vel
[INFO] [1784277795.621700943] [cmd_vel_guard]:   Mode: Forward Simulation
[INFO] [1784277795.621798112] [cmd_vel_guard]:   Horizon: 1.0s, Steps: 10
[INFO] [1784277795.621908186] [cmd_vel_guard]:   Margin: 0.562m
[INFO] [1784277795.622156520] [cmd_vel_guard]: ============================================================
[INFO] [1784277798.434873839] [cmd_vel_guard]: [HEARTBEAT #1] cmds=0, odom=yes, nav_approved=False, pos=(-0.00,0.00)
[INFO] [1784277801.703737288] [cmd_vel_guard]: [HEARTBEAT #2] cmds=0, odom=yes, nav_approved=False, pos=(-0.00,0.00)
[INFO] [1784277805.299528176] [cmd_vel_guard]: Guard status: cmds=1, nav_approved=False, odom=yes, pos=(-0.00,0.00), passed=0, blocked=0
[INFO] [1784277806.712161572] [cmd_vel_guard]: [HEARTBEAT #3] cmds=1, odom=yes, nav_approved=False, pos=(-0.00,0.00)
[INFO] [1784277811.720366825] [cmd_vel_guard]: [HEARTBEAT #4] cmds=3, odom=yes, nav_approved=False, pos=(-0.00,0.00)
[INFO] [1784277816.728485465] [cmd_vel_guard]: [HEARTBEAT #5] cmds=4, odom=yes, nav_approved=False, pos=(-0.00,0.00)
[INFO] [1784277821.829399351] [cmd_vel_guard]: [HEARTBEAT #6] cmds=47, odom=yes, nav_approved=False, pos=(-0.00,0.00)
[INFO] [1784277826.837913226] [cmd_vel_guard]: [HEARTBEAT #7] cmds=47, odom=yes, nav_approved=False, pos=(-0.00,0.00)
[INFO] [1784277831.845596344] [cmd_vel_guard]: [HEARTBEAT #8] cmds=47, odom=yes, nav_approved=False, pos=(-0.00,0.00)
[INFO] [1784277836.854376934] [cmd_vel_guard]: [HEARTBEAT #9] cmds=47, odom=yes, nav_approved=False, pos=(-0.00,0.00)
[INFO] [1784277839.987745348] [cmd_vel_guard]: Navigation authorized
[INFO] [1784277840.096785543] [cmd_vel_guard]: Guard status: cmds=51, nav_approved=True, odom=yes, pos=(0.00,-0.00), passed=50, blocked=0
[INFO] [1784277841.636788324] [cmd_vel_guard]: Guard status: cmds=101, nav_approved=True, odom=yes, pos=(0.28,-0.14), passed=100, blocked=0
[INFO] [1784277841.862257541] [cmd_vel_guard]: [HEARTBEAT #10] cmds=110, odom=yes, nav_approved=True, pos=(0.31,-0.17)
[INFO] [1784277842.519639439] [cmd_vel_guard]: [spoofmon] d_abs=0.118 jump=0.027 max_jump=0.091 c=(0.07,0.05)
[INFO] [1784277842.896473615] [cmd_vel_guard]: Guard status: cmds=151, nav_approved=True, odom=yes, pos=(0.51,-0.26), passed=150, blocked=0
[INFO] [1784277844.146696819] [cmd_vel_guard]: Guard status: cmds=201, nav_approved=True, odom=yes, pos=(0.77,-0.30), passed=200, blocked=0
[INFO] [1784277845.396217882] [cmd_vel_guard]: Guard status: cmds=251, nav_approved=True, odom=yes, pos=(1.05,-0.30), passed=250, blocked=0
[INFO] [1784277846.646330116] [cmd_vel_guard]: Guard status: cmds=301, nav_approved=True, odom=yes, pos=(1.31,-0.30), passed=300, blocked=0
[INFO] [1784277846.871045699] [cmd_vel_guard]: [HEARTBEAT #11] cmds=310, odom=yes, nav_approved=True, pos=(1.35,-0.30)
[INFO] [1784277847.526068975] [cmd_vel_guard]: [spoofmon] d_abs=0.254 jump=0.003 max_jump=0.091 c=(0.21,0.05)
[INFO] [1784277847.896221201] [cmd_vel_guard]: Guard status: cmds=351, nav_approved=True, odom=yes, pos=(1.57,-0.29), passed=350, blocked=0
[INFO] [1784277849.146203665] [cmd_vel_guard]: Guard status: cmds=401, nav_approved=True, odom=yes, pos=(1.83,-0.29), passed=400, blocked=0
[INFO] [1784277850.396579317] [cmd_vel_guard]: Guard status: cmds=451, nav_approved=True, odom=yes, pos=(2.09,-0.29), passed=450, blocked=0
[INFO] [1784277851.646320179] [cmd_vel_guard]: Guard status: cmds=501, nav_approved=True, odom=yes, pos=(2.11,-0.29), passed=500, blocked=0
[INFO] [1784277851.880015286] [cmd_vel_guard]: [HEARTBEAT #12] cmds=510, odom=yes, nav_approved=True, pos=(2.11,-0.29)
[INFO] [1784277853.546545937] [cmd_vel_guard]: Guard status: cmds=551, nav_approved=True, odom=yes, pos=(2.12,-0.29), passed=550, blocked=0
[INFO] [1784277855.657466581] [cmd_vel_guard]: Guard status: cmds=601, nav_approved=True, odom=yes, pos=(2.14,-0.29), passed=600, blocked=0
[INFO] [1784277856.535626406] [cmd_vel_guard]: [spoofmon] d_abs=0.503 jump=0.062 max_jump=0.091 c=(0.41,0.29)
[INFO] [1784277856.887397958] [cmd_vel_guard]: [HEARTBEAT #13] cmds=650, odom=yes, nav_approved=True, pos=(2.17,-0.29)
[INFO] [1784277856.896732936] [cmd_vel_guard]: Guard status: cmds=651, nav_approved=True, odom=yes, pos=(2.17,-0.29), passed=650, blocked=0
[INFO] [1784277858.156771123] [cmd_vel_guard]: Guard status: cmds=701, nav_approved=True, odom=yes, pos=(2.17,-0.29), passed=700, blocked=0
[INFO] [1784277859.396722139] [cmd_vel_guard]: Guard status: cmds=751, nav_approved=True, odom=yes, pos=(2.18,-0.30), passed=750, blocked=0
[INFO] [1784277860.647544480] [cmd_vel_guard]: [spoofmon] d_abs=0.777 jump=0.003 max_jump=0.091 c=(0.62,0.48)
[INFO] [1784277860.666233529] [cmd_vel_guard]: Guard status: cmds=801, nav_approved=True, odom=yes, pos=(2.19,-0.31), passed=800, blocked=0
[INFO] [1784277861.895466907] [cmd_vel_guard]: [HEARTBEAT #14] cmds=850, odom=yes, nav_approved=True, pos=(2.20,-0.32)
[INFO] [1784277861.896533848] [cmd_vel_guard]: Guard status: cmds=851, nav_approved=True, odom=yes, pos=(2.20,-0.32), passed=850, blocked=0
[INFO] [1784277863.136772912] [cmd_vel_guard]: Guard status: cmds=901, nav_approved=True, odom=yes, pos=(2.20,-0.32), passed=900, blocked=0
[INFO] [1784277864.396758000] [cmd_vel_guard]: Guard status: cmds=951, nav_approved=True, odom=yes, pos=(2.20,-0.32), passed=950, blocked=0
[INFO] [1784277865.736913708] [cmd_vel_guard]: Guard status: cmds=1001, nav_approved=True, odom=yes, pos=(2.42,-0.37), passed=1000, blocked=0
[INFO] [1784277866.903783330] [cmd_vel_guard]: [HEARTBEAT #15] cmds=1047, odom=yes, nav_approved=True, pos=(2.66,-0.34)
[INFO] [1784277866.956432194] [cmd_vel_guard]: [spoofmon] d_abs=0.362 jump=0.043 max_jump=0.091 c=(0.32,0.08)
[INFO] [1784277866.995899629] [cmd_vel_guard]: Guard status: cmds=1051, nav_approved=True, odom=yes, pos=(2.69,-0.33), passed=1050, blocked=0
[INFO] [1784277868.245809841] [cmd_vel_guard]: Guard status: cmds=1101, nav_approved=True, odom=yes, pos=(2.94,-0.25), passed=1100, blocked=0
[INFO] [1784277869.495846333] [cmd_vel_guard]: Guard status: cmds=1151, nav_approved=True, odom=yes, pos=(3.20,-0.17), passed=1150, blocked=0
[INFO] [1784277870.746051499] [cmd_vel_guard]: Guard status: cmds=1201, nav_approved=True, odom=yes, pos=(3.47,-0.12), passed=1200, blocked=0
[INFO] [1784277871.912135315] [cmd_vel_guard]: [HEARTBEAT #16] cmds=1248, odom=yes, nav_approved=True, pos=(3.71,-0.07)
[INFO] [1784277871.995755200] [cmd_vel_guard]: Guard status: cmds=1251, nav_approved=True, odom=yes, pos=(3.74,-0.07), passed=1250, blocked=0
[INFO] [1784277872.067861854] [cmd_vel_guard]: [spoofmon] d_abs=0.382 jump=0.013 max_jump=0.091 c=(0.33,-0.03)
[INFO] [1784277873.022713044] [cmd_vel_guard]: Navigation completed
[WARN] [1784277873.056916584] [cmd_vel_guard]: BLOCKED (unapproved): cmd_vel without goal_gate authorization (speed=0.14m/s, pos=(3.93, -0.01))
[INFO] [1784277873.416773252] [cmd_vel_guard]: Guard status: cmds=1301, nav_approved=False, odom=yes, pos=(3.95,-0.00), passed=1293, blocked=7
[INFO] [1784277875.876581585] [cmd_vel_guard]: Guard status: cmds=1351, nav_approved=False, odom=yes, pos=(3.95,-0.00), passed=1325, blocked=25
[INFO] [1784277876.919551816] [cmd_vel_guard]: [HEARTBEAT #17] cmds=1359, odom=yes, nav_approved=False, pos=(3.95,-0.00)
