[INFO] [1784266026.660837794] [cmd_vel_guard]: Zones loaded: 2
[INFO] [1784266026.661053351] [cmd_vel_guard]: CBF margin: 0.1m (real-time control)
[INFO] [1784266026.661190139] [cmd_vel_guard]: SSM base margin: 0.05m (velocity-dependent)
[INFO] [1784266026.666335211] [cmd_vel_guard]: Spoof detection ON [memoryless]: amcl=/amcl_pose, offset_thresh=0.95m, jump_thresh=0.45m, enforce_pose=amcl
[INFO] [1784266026.666933409] [cmd_vel_guard]: DEBUG subscriptions:
[INFO] [1784266026.667200753] [cmd_vel_guard]:   cmd_sub topic: /cmd_vel_nav
[INFO] [1784266026.667422632] [cmd_vel_guard]:   odom_sub topic: /odom
[INFO] [1784266026.667643388] [cmd_vel_guard]:   nav_state_sub topic: /geofence/nav_state
[INFO] [1784266026.668757319] [cmd_vel_guard]: ============================================================
[INFO] [1784266026.669038248] [cmd_vel_guard]: Cmd Vel Guard node initialized
[INFO] [1784266026.669285605] [cmd_vel_guard]: Safety method: geofence
[INFO] [1784266026.669558750] [cmd_vel_guard]: Input: /cmd_vel_nav -> Output: /cmd_vel
[INFO] [1784266026.669830482] [cmd_vel_guard]: Simulated comm latency: 50ms
[INFO] [1784266026.669934779] [cmd_vel_guard]:   Mode: Forward Simulation
[INFO] [1784266026.670029848] [cmd_vel_guard]:   Horizon: 1.0s, Steps: 10
[INFO] [1784266026.670137171] [cmd_vel_guard]:   Margin: 0.562m
[INFO] [1784266026.670393754] [cmd_vel_guard]: ============================================================
[INFO] [1784266027.251455259] [cmd_vel_guard]: [HEARTBEAT #1] cmds=0, odom=no, nav_approved=False, pos=(0.00,0.00)
[INFO] [1784266030.447884833] [cmd_vel_guard]: [HEARTBEAT #2] cmds=0, odom=yes, nav_approved=False, pos=(-0.00,0.00)
[INFO] [1784266035.459155456] [cmd_vel_guard]: [HEARTBEAT #3] cmds=0, odom=yes, nav_approved=False, pos=(-0.00,0.00)
[INFO] [1784266036.470990089] [cmd_vel_guard]: Guard status: cmds=1, nav_approved=False, odom=yes, pos=(-0.00,0.00), passed=0, blocked=0
[INFO] [1784266040.467280029] [cmd_vel_guard]: [HEARTBEAT #4] cmds=41, odom=yes, nav_approved=False, pos=(-0.00,0.00)
[INFO] [1784266045.474322721] [cmd_vel_guard]: [HEARTBEAT #5] cmds=42, odom=yes, nav_approved=False, pos=(-0.00,0.00)
[INFO] [1784266050.579254019] [cmd_vel_guard]: [HEARTBEAT #6] cmds=42, odom=yes, nav_approved=False, pos=(-0.00,0.00)
[INFO] [1784266055.586728196] [cmd_vel_guard]: [HEARTBEAT #7] cmds=42, odom=yes, nav_approved=False, pos=(-0.00,0.00)
[INFO] [1784266060.596079269] [cmd_vel_guard]: [HEARTBEAT #8] cmds=42, odom=yes, nav_approved=False, pos=(-0.00,0.00)
[INFO] [1784266065.603839359] [cmd_vel_guard]: [HEARTBEAT #9] cmds=42, odom=yes, nav_approved=False, pos=(-0.00,0.00)
[INFO] [1784266070.611795013] [cmd_vel_guard]: [HEARTBEAT #10] cmds=42, odom=yes, nav_approved=False, pos=(-0.00,0.00)
[INFO] [1784266072.161377032] [cmd_vel_guard]: Navigation authorized
[INFO] [1784266072.593914288] [cmd_vel_guard]: Guard status: cmds=51, nav_approved=True, odom=yes, pos=(0.02,0.00), passed=50, blocked=0
[INFO] [1784266075.148481371] [cmd_vel_guard]: Guard status: cmds=101, nav_approved=True, odom=yes, pos=(0.51,-0.00), passed=100, blocked=0
[INFO] [1784266075.711328730] [cmd_vel_guard]: [HEARTBEAT #11] cmds=111, odom=yes, nav_approved=True, pos=(0.63,0.00)
[INFO] [1784266076.528946121] [cmd_vel_guard]: [spoofmon] d_abs=0.033 jump=0.010 max_jump=0.024 c=(0.14,-0.00)
[INFO] [1784266077.704818086] [cmd_vel_guard]: Guard status: cmds=151, nav_approved=True, odom=yes, pos=(1.05,-0.02), passed=150, blocked=0
[INFO] [1784266080.258939250] [cmd_vel_guard]: Guard status: cmds=201, nav_approved=True, odom=yes, pos=(1.57,-0.04), passed=200, blocked=0
[INFO] [1784266080.718800215] [cmd_vel_guard]: [HEARTBEAT #12] cmds=209, odom=yes, nav_approved=True, pos=(1.67,-0.04)
[INFO] [1784266081.536273589] [cmd_vel_guard]: [spoofmon] d_abs=0.149 jump=0.011 max_jump=0.025 c=(0.25,0.03)
[INFO] [1784266082.814320041] [cmd_vel_guard]: Guard status: cmds=251, nav_approved=True, odom=yes, pos=(2.11,-0.06), passed=250, blocked=0
[INFO] [1784266085.368784694] [cmd_vel_guard]: Guard status: cmds=301, nav_approved=True, odom=yes, pos=(2.64,-0.08), passed=300, blocked=0
[INFO] [1784266085.726834913] [cmd_vel_guard]: [HEARTBEAT #13] cmds=307, odom=yes, nav_approved=True, pos=(2.72,-0.08)
[INFO] [1784266086.543372847] [cmd_vel_guard]: [spoofmon] d_abs=0.121 jump=0.003 max_jump=0.025 c=(0.19,0.09)
[INFO] [1784266087.923016294] [cmd_vel_guard]: Guard status: cmds=351, nav_approved=True, odom=yes, pos=(3.18,-0.12), passed=350, blocked=0
[INFO] [1784266090.472685115] [cmd_vel_guard]: Guard status: cmds=401, nav_approved=True, odom=yes, pos=(3.71,-0.16), passed=400, blocked=0
[INFO] [1784266090.728489017] [cmd_vel_guard]: [HEARTBEAT #14] cmds=405, odom=yes, nav_approved=True, pos=(3.77,-0.16)
[INFO] [1784266091.543288465] [cmd_vel_guard]: [spoofmon] d_abs=0.159 jump=0.009 max_jump=0.025 c=(0.18,0.14)
[INFO] [1784266092.208248882] [cmd_vel_guard]: Navigation completed
[WARN] [1784266092.208894260] [cmd_vel_guard]: BLOCKED (unapproved): cmd_vel without goal_gate authorization (speed=0.16m/s, pos=(4.07, -0.15))
