[INFO] [1784264958.037504371] [cmd_vel_guard]: Zones loaded: 2
[INFO] [1784264958.037720333] [cmd_vel_guard]: CBF margin: 0.1m (real-time control)
[INFO] [1784264958.037857805] [cmd_vel_guard]: SSM base margin: 0.05m (velocity-dependent)
[INFO] [1784264958.041730105] [cmd_vel_guard]: Spoof detection ON [cusum]: amcl=/amcl_pose, offset_thresh=0.95m, jump_thresh=0.45m, enforce_pose=amcl
[INFO] [1784264958.042176155] [cmd_vel_guard]: DEBUG subscriptions:
[INFO] [1784264958.042407836] [cmd_vel_guard]:   cmd_sub topic: /cmd_vel_nav
[INFO] [1784264958.042631813] [cmd_vel_guard]:   odom_sub topic: /odom
[INFO] [1784264958.042861651] [cmd_vel_guard]:   nav_state_sub topic: /geofence/nav_state
[INFO] [1784264958.043408834] [cmd_vel_guard]: ============================================================
[INFO] [1784264958.043657177] [cmd_vel_guard]: Cmd Vel Guard node initialized
[INFO] [1784264958.043919266] [cmd_vel_guard]: Safety method: geofence
[INFO] [1784264958.044163612] [cmd_vel_guard]: Input: /cmd_vel_nav -> Output: /cmd_vel
[INFO] [1784264958.044414641] [cmd_vel_guard]: Simulated comm latency: 100ms
[INFO] [1784264958.044505864] [cmd_vel_guard]:   Mode: Forward Simulation
[INFO] [1784264958.044601737] [cmd_vel_guard]:   Horizon: 1.0s, Steps: 10
[INFO] [1784264958.044712438] [cmd_vel_guard]:   Margin: 0.562m
[INFO] [1784264958.044964759] [cmd_vel_guard]: ============================================================
[INFO] [1784264960.881486608] [cmd_vel_guard]: [HEARTBEAT #1] cmds=0, odom=yes, nav_approved=False, pos=(-0.00,0.00)
[INFO] [1784264964.102251639] [cmd_vel_guard]: [HEARTBEAT #2] cmds=0, odom=yes, nav_approved=False, pos=(-0.00,0.00)
[INFO] [1784264967.896451351] [cmd_vel_guard]: Guard status: cmds=1, nav_approved=False, odom=yes, pos=(-0.00,0.00), passed=0, blocked=0
[INFO] [1784264969.109504823] [cmd_vel_guard]: [HEARTBEAT #3] cmds=1, odom=yes, nav_approved=False, pos=(-0.00,0.00)
[INFO] [1784264974.116358707] [cmd_vel_guard]: [HEARTBEAT #4] cmds=31, odom=yes, nav_approved=False, pos=(-0.00,0.00)
[INFO] [1784264979.124153228] [cmd_vel_guard]: [HEARTBEAT #5] cmds=32, odom=yes, nav_approved=False, pos=(-0.00,0.00)
[INFO] [1784264984.229569601] [cmd_vel_guard]: [HEARTBEAT #6] cmds=32, odom=yes, nav_approved=False, pos=(-0.00,0.00)
[INFO] [1784264989.237240895] [cmd_vel_guard]: [HEARTBEAT #7] cmds=32, odom=yes, nav_approved=False, pos=(-0.00,0.00)
[INFO] [1784264994.243878998] [cmd_vel_guard]: [HEARTBEAT #8] cmds=32, odom=yes, nav_approved=False, pos=(-0.00,0.00)
[INFO] [1784264999.250566292] [cmd_vel_guard]: [HEARTBEAT #9] cmds=32, odom=yes, nav_approved=False, pos=(-0.00,0.00)
[INFO] [1784265004.257903985] [cmd_vel_guard]: [HEARTBEAT #10] cmds=32, odom=yes, nav_approved=False, pos=(-0.00,0.00)
[INFO] [1784265007.771138999] [cmd_vel_guard]: Navigation authorized
[INFO] [1784265009.412588946] [cmd_vel_guard]: [HEARTBEAT #11] cmds=48, odom=yes, nav_approved=True, pos=(0.21,-0.01)
[INFO] [1784265009.615233041] [cmd_vel_guard]: Guard status: cmds=51, nav_approved=True, odom=yes, pos=(0.25,-0.02), passed=50, blocked=0
[INFO] [1784265012.444467640] [cmd_vel_guard]: [spoofmon] d_abs=0.026 jump=0.013 max_jump=0.013 c=(0.10,0.00)
[INFO] [1784265014.467484106] [cmd_vel_guard]: [HEARTBEAT #12] cmds=98, odom=yes, nav_approved=True, pos=(1.21,-0.05)
[INFO] [1784265014.669995955] [cmd_vel_guard]: Guard status: cmds=101, nav_approved=True, odom=yes, pos=(1.26,-0.05), passed=100, blocked=0
[INFO] [1784265017.804783679] [cmd_vel_guard]: [spoofmon] d_abs=0.153 jump=0.007 max_jump=0.032 c=(0.22,0.02)
[INFO] [1784265019.422835782] [cmd_vel_guard]: [HEARTBEAT #13] cmds=147, odom=yes, nav_approved=True, pos=(2.26,-0.08)
[INFO] [1784265019.725090060] [cmd_vel_guard]: Guard status: cmds=151, nav_approved=True, odom=yes, pos=(2.32,-0.08), passed=150, blocked=0
[INFO] [1784265022.758110365] [cmd_vel_guard]: [spoofmon] d_abs=0.173 jump=0.006 max_jump=0.032 c=(0.22,0.09)
[INFO] [1784265024.478844316] [cmd_vel_guard]: [HEARTBEAT #14] cmds=197, odom=yes, nav_approved=True, pos=(3.31,-0.18)
[INFO] [1784265024.782398224] [cmd_vel_guard]: Guard status: cmds=201, nav_approved=True, odom=yes, pos=(3.38,-0.18), passed=200, blocked=0
[INFO] [1784265027.815626111] [cmd_vel_guard]: [spoofmon] d_abs=0.181 jump=0.008 max_jump=0.032 c=(0.17,0.15)
[INFO] [1784265028.119053354] [cmd_vel_guard]: Navigation completed
[WARN] [1784265028.119662114] [cmd_vel_guard]: BLOCKED (unapproved): cmd_vel without goal_gate authorization (speed=0.16m/s, pos=(4.08, -0.18))
