{"t": 1784266513.740634, "x": -7.712057423396859e-12, "y": -2.313884316121257e-13, "zone": null, "min_dist": 1.802775637738283}
{"t": 1784266513.8926945, "x": -7.712057423396859e-12, "y": -2.313884316121257e-13, "zone": null, "min_dist": 1.802775637738283}
{"t": 1784266514.045546, "x": -7.712057423396859e-12, "y": -2.313884316121257e-13, "zone": null, "min_dist": 1.802775637738283}
{"t": 1784266514.2053409, "x": -7.712057423396859e-12, "y": -2.313884316121257e-13, "zone": null, "min_dist": 1.802775637738283}
{"t": 1784266514.3579545, "x": -7.712057423396859e-12, "y": -2.313884316121257e-13, "zone": null, "min_dist": 1.802775637738283}
{"t": 1784266514.5265923, "x": -7.712057423396859e-12, "y": -2.313884316121257e-13, "zone": null, "min_dist": 1.802775637738283}
{"t": 1784266514.6863508, "x": -7.712057423396859e-12, "y": -2.313884316121257e-13, "zone": null, "min_dist": 1.802775637738283}
{"t": 1784266514.8384426, "x": -7.712057423396859e-12, "y": -2.313884316121257e-13, "zone": null, "min_dist": 1.802775637738283}
{"t": 1784266514.990562, "x": -7.712057423396859e-12, "y": -2.313884316121257e-13, "zone": null, "min_dist": 1.802775637738283}
{"t": 1784266515.1509097, "x": -7.712057423396859e-12, "y": -2.313884316121257e-13, "zone": null, "min_dist": 1.802775637738283}
{"t": 1784266515.3032827, "x": -7.712057423396859e-12, "y": -2.313884316121257e-13, "zone": null, "min_dist": 1.802775637738283}
{"t": 1784266515.4553478, "x": -7.712057423396859e-12, "y": -2.313884316121257e-13, "zone": null, "min_dist": 1.802775637738283}
{"t": 1784266515.6075666, "x": -7.712057423396859e-12, "y": -2.313884316121257e-13, "zone": null, "min_dist": 1.802775637738283}
{"t": 1784266515.768085, "x": -7.712057423396859e-12, "y": -2.313884316121257e-13, "zone": null, "min_dist": 1.802775637738283}
{"t": 1784266515.9203105, "x": -7.712057423396859e-12, "y": -2.313884316121257e-13, "zone": null, "min_dist": 1.802775637738283}
{"t": 1784266516.0727775, "x": 0.005826581285986762, "y": -2.849106183969819e-05, "zone": null, "min_dist": 1.7979146875977134}
{"t": 1784266516.2249088, "x": 0.03246892964879178, "y": -0.00040647392639171065, "zone": null, "min_dist": 1.7756223302871679}
{"t": 1784266516.3771553, "x": 0.06328322405376752, "y": -0.0008634346677328964, "zone": null, "min_dist": 1.749979705730697}
{"t": 1784266516.5294952, "x": 0.09492775951486243, "y": -0.001332707269581082, "zone": null, "min_dist": 1.723822601821727}
{"t": 1784266516.6818583, "x": 0.1277763128735746, "y": -0.001819834641424905, "zone": null, "min_dist": 1.696868141614461}
{"t": 1784266516.8341897, "x": 0.160097796142398, "y": -0.002299145890834757, "zone": null, "min_dist": 1.6705522770008177}
{"t": 1784266517.0106413, "x": 0.19776270746765479, "y": -0.0028576974239531033, "zone": null, "min_dist": 1.640156924702217}
{"t": 1784266517.1625924, "x": 0.23116703447438497, "y": -0.0033530665085513525, "zone": null, "min_dist": 1.6134566013507876}
{"t": 1784266517.3149543, "x": 0.26227234658284765, "y": -0.003754974738603824, "zone": null, "min_dist": 1.588859306040535}
{"t": 1784266517.46809, "x": 0.29468160749074684, "y": -0.0036232875175579936, "zone": null, "min_dist": 1.5638283091498275}
{"t": 1784266517.6197684, "x": 0.3275966310664808, "y": -0.0029826393230114744, "zone": null, "min_dist": 1.5390169839797003}
{"t": 1784266517.7719698, "x": 0.3591807752080791, "y": -0.002339473995494514, "zone": null, "min_dist": 1.5155180727402844}
{"t": 1784266517.9325426, "x": 0.39257854345847537, "y": -0.0016593768816811675, "zone": null, "min_dist": 1.4909950644374463}
{"t": 1784266518.0923843, "x": 0.4265992503094744, "y": -0.0009665944907928646, "zone": null, "min_dist": 1.466375434450368}
{"t": 1784266518.2523878, "x": 0.46083762455957294, "y": -0.00027161229423279233, "zone": null, "min_dist": 1.4419831107595413}
{"t": 1784266518.412461, "x": 0.4947403662543046, "y": 6.325420610455683e-05, "zone": null, "min_dist": 1.4179821732489564}
{"t": 1784266518.565414, "x": 0.5263340523922931, "y": -0.0002704606207184229, "zone": null, "min_dist": 1.3955230307803321}
{"t": 1784266518.7175303, "x": 0.5579213207089683, "y": -0.0007355384327245618, "zone": null, "min_dist": 1.373332334916087}
{"t": 1784266518.87764, "x": 0.5919662904762368, "y": -0.0010353576454281155, "zone": null, "min_dist": 1.3499835459390175}
{"t": 1784266519.0377555, "x": 0.6252046223924765, "y": -0.0006203052992192891, "zone": null, "min_dist": 1.3281666788711857}
{"t": 1784266519.1904173, "x": 0.6563256226824637, "y": 1.8731873701911174e-05, "zone": null, "min_dist": 1.3083668900734302}
{"t": 1784266519.3507438, "x": 0.6906889384322478, "y": 0.000595026793541589, "zone": null, "min_dist": 1.2869245517977697}
{"t": 1784266519.502502, "x": 0.7235594266858326, "y": 0.0004982457385378841, "zone": null, "min_dist": 1.2664346424566586}
{"t": 1784266519.6626673, "x": 0.756722063080539, "y": 1.9328649372273895e-05, "zone": null, "min_dist": 1.2459938800746944}
{"t": 1784266519.82335, "x": 0.7903370962810404, "y": -0.000471493739782178, "zone": null, "min_dist": 1.22583794677013}
{"t": 1784266519.9834464, "x": 0.8242113056738681, "y": -0.0009661003684594566, "zone": null, "min_dist": 1.2061339444655477}
{"t": 1784266520.1361089, "x": 0.8566288872332679, "y": -0.0014394382953739635, "zone": null, "min_dist": 1.1878760811358067}
{"t": 1784266520.2959783, "x": 0.8903365422088751, "y": -0.0019316129506212558, "zone": null, "min_dist": 1.1695426614677975}
{"t": 1784266520.4564834, "x": 0.9245172747579923, "y": -0.002430695099180127, "zone": null, "min_dist": 1.1516617928594632}
{"t": 1784266520.6167305, "x": 0.9577717904834611, "y": -0.0029162534489401816, "zone": null, "min_dist": 1.134983448703905}
{"t": 1784266520.7933464, "x": 0.9954368281988485, "y": -0.0034662108575898728, "zone": null, "min_dist": 1.1169886244902263}
{"t": 1784266520.9536304, "x": 1.0303518881758753, "y": -0.003976014973201499, "zone": null, "min_dist": 1.1011962257874977}
{"t": 1784266521.1136663, "x": 1.0639768906909184, "y": -0.004466982838142357, "zone": null, "min_dist": 1.086831238100447}
{"t": 1784266521.2663412, "x": 1.0951626569034694, "y": -0.00491569026315733, "zone": null, "min_dist": 1.074283974491804}
{"t": 1784266521.4265301, "x": 1.1288420918584505, "y": -0.005129556971948898, "zone": null, "min_dist": 1.0618499852553756}
{"t": 1784266521.5865185, "x": 1.1621395882060561, "y": -0.0046836094574126625, "zone": null, "min_dist": 1.0510967487059875}
{"t": 1784266521.7394698, "x": 1.1937103968014555, "y": -0.0038199681127460074, "zone": null, "min_dist": 1.042203423981332}
{"t": 1784266521.8911812, "x": 1.2261222597281103, "y": -0.0029192494679099908, "zone": null, "min_dist": 1.0340111409932065}
{"t": 1784266522.0437672, "x": 1.2585947448599408, "y": -0.002016846235938294, "zone": null, "min_dist": 1.0267652469800972}
{"t": 1784266522.1955822, "x": 1.2905336624670771, "y": -0.0011292708149618382, "zone": null, "min_dist": 1.020597315390407}
{"t": 1784266522.3556907, "x": 1.3249953417045122, "y": -0.0003310770806365428, "zone": null, "min_dist": 1.0148717090725707}
{"t": 1784266522.5162559, "x": 1.358350218409174, "y": -0.00024424812966837247, "zone": null, "min_dist": 1.009740671668989}
{"t": 1784266522.6684902, "x": 1.3907675593177862, "y": -0.0006962929211158722, "zone": null, "min_dist": 1.0052559997726915}
{"t": 1784266522.8209279, "x": 1.4228177168461336, "y": -0.0011827951713645271, "zone": null, "min_dist": 1.001794846011164}
{"t": 1784266522.9811912, "x": 1.4551071089566758, "y": -0.0016729289451232559, "zone": null, "min_dist": 0.9993359357429495}
{"t": 1784266523.133605, "x": 1.487246565810953, "y": -0.0021607865345438216, "zone": null, "min_dist": 0.9979207112857087}
{"t": 1784266523.285775, "x": 1.5183991581282177, "y": -0.002633664248990354, "zone": null, "min_dist": 0.9973663357510096}
{"t": 1784266523.4375288, "x": 1.5496157693316768, "y": -0.0031075137127454765, "zone": null, "min_dist": 0.9968924862872546}
{"t": 1784266523.5899827, "x": 1.582307599101597, "y": -0.0036037558615959545, "zone": null, "min_dist": 0.996396244138404}
{"t": 1784266523.7502344, "x": 1.6159323120943594, "y": -0.00411415874867449, "zone": null, "min_dist": 0.9958858412513255}
{"t": 1784266523.9026647, "x": 1.6483176338909116, "y": -0.004605748344522886, "zone": null, "min_dist": 0.9953942516554771}
{"t": 1784266524.0548975, "x": 1.681472596115394, "y": -0.0051090204767986515, "zone": null, "min_dist": 0.9948909795232014}
{"t": 1784266524.2075703, "x": 1.7135227537671656, "y": -0.005595522544048233, "zone": null, "min_dist": 0.9944044774559517}
{"t": 1784266524.359637, "x": 1.7450998378111386, "y": -0.006074843674207365, "zone": null, "min_dist": 0.9939251563257926}
{"t": 1784266524.5195782, "x": 1.77928027614733, "y": -0.006593682048942911, "zone": null, "min_dist": 0.993406317951057}
{"t": 1784266524.6720204, "x": 1.810774708375132, "y": -0.007071748628345094, "zone": null, "min_dist": 0.9929282513716549}
{"t": 1784266524.8484714, "x": 1.8477910756120397, "y": -0.0076336347698272395, "zone": null, "min_dist": 0.9923663652301727}
{"t": 1784266525.0006928, "x": 1.8803903124400339, "y": -0.008128471416137942, "zone": null, "min_dist": 0.9918715285838621}
{"t": 1784266525.1531851, "x": 1.9123478491014116, "y": -0.008613567567627385, "zone": null, "min_dist": 0.9913864324323726}
{"t": 1784266525.313586, "x": 1.9455921094657624, "y": -0.00911819543180732, "zone": null, "min_dist": 0.9908818045681926}
{"t": 1784266525.473735, "x": 1.9798651686942284, "y": -0.009638439722318069, "zone": null, "min_dist": 0.990361560277682}
{"t": 1784266525.6259117, "x": 2.011544842693531, "y": -0.010119318131489408, "zone": null, "min_dist": 0.9898806818685106}
{"t": 1784266525.7867968, "x": 2.0454374353457703, "y": -0.010633787192118967, "zone": null, "min_dist": 0.9893662128078811}
{"t": 1784266525.9384134, "x": 2.0778580764236145, "y": -0.011125912914946062, "zone": null, "min_dist": 0.988874087085054}
{"t": 1784266526.0909896, "x": 2.1097230061438474, "y": -0.011609603359547213, "zone": null, "min_dist": 0.9883903966404528}
{"t": 1784266526.2433941, "x": 2.1416705736983803, "y": -0.012094548148729988, "zone": null, "min_dist": 0.98790545185127}
{"t": 1784266526.395425, "x": 2.1739985938766435, "y": -0.012585267957017756, "zone": null, "min_dist": 0.9874147320429822}
{"t": 1784266526.5556004, "x": 2.2070675816308, "y": -0.013087235359389498, "zone": null, "min_dist": 0.9869127646406105}
{"t": 1784266526.715942, "x": 2.241241373877699, "y": -0.013605972825441086, "zone": null, "min_dist": 0.9863940271745589}
{"t": 1784266526.8761597, "x": 2.2762868082792713, "y": -0.014214665353112645, "zone": null, "min_dist": 0.9857853346468873}
{"t": 1784266527.028382, "x": 2.3074884311493116, "y": -0.015313653567989471, "zone": null, "min_dist": 0.9846863464320106}
{"t": 1784266527.180477, "x": 2.3402667279605622, "y": -0.01717096819319913, "zone": null, "min_dist": 0.9828290318068009}
{"t": 1784266527.3409574, "x": 2.3747799203341495, "y": -0.019869730119064507, "zone": null, "min_dist": 0.9801302698809355}
{"t": 1784266527.501381, "x": 2.4077329121434987, "y": -0.022682414609847854, "zone": null, "min_dist": 0.9773175853901521}
{"t": 1784266527.65343, "x": 2.439937587501242, "y": -0.02543122663352147, "zone": null, "min_dist": 0.9745687733664785}
{"t": 1784266527.8057146, "x": 2.4724290849340207, "y": -0.02820452011498212, "zone": null, "min_dist": 0.9717954798850179}
{"t": 1784266527.958244, "x": 2.5037911990473316, "y": -0.030732633221520103, "zone": null, "min_dist": 0.9692673667784799}
{"t": 1784266528.1187131, "x": 2.537881586063861, "y": -0.033171081095572166, "zone": null, "min_dist": 0.9668289189044278}
{"t": 1784266528.270588, "x": 2.569853949595735, "y": -0.035455211375834954, "zone": null, "min_dist": 0.964544788624165}
{"t": 1784266528.4228382, "x": 2.6010771996467796, "y": -0.037685824529222256, "zone": null, "min_dist": 0.9623141754707778}
{"t": 1784266528.5750794, "x": 2.63369633570856, "y": -0.04001616069526393, "zone": null, "min_dist": 0.9599838393047361}
{"t": 1784266528.7275157, "x": 2.6664364421982265, "y": -0.042355139065606395, "zone": null, "min_dist": 0.9576448609343936}
{"t": 1784266528.8880754, "x": 2.6992689868372493, "y": -0.044700721531053714, "zone": null, "min_dist": 0.9552992784689462}
{"t": 1784266529.0480902, "x": 2.733636990967848, "y": -0.04715599816459824, "zone": null, "min_dist": 0.9528440018354017}
{"t": 1784266529.1999178, "x": 2.7655172038570774, "y": -0.049435783124762336, "zone": null, "min_dist": 0.9505642168752376}
{"t": 1784266529.3527873, "x": 2.798372613512132, "y": -0.0520844668502191, "zone": null, "min_dist": 0.9479155331497809}
{"t": 1784266529.5046086, "x": 2.8308656699509562, "y": -0.054669213126477635, "zone": null, "min_dist": 0.9453307868735223}
{"t": 1784266529.6647696, "x": 2.8645857912806476, "y": -0.05667541851181395, "zone": null, "min_dist": 0.9433245814881861}
{"t": 1784266529.8172872, "x": 2.8959342349777577, "y": -0.05839294573437131, "zone": null, "min_dist": 0.9416070542656287}
{"t": 1784266529.9773312, "x": 2.9301599124056534, "y": -0.06026811158991886, "zone": null, "min_dist": 0.9397318884100812}
{"t": 1784266530.1375487, "x": 2.963460661416976, "y": -0.06209260240427038, "zone": null, "min_dist": 0.9379073975957296}
{"t": 1784266530.2979949, "x": 2.996758092031498, "y": -0.06391691141666332, "zone": null, "min_dist": 0.9360830885833367}
{"t": 1784266530.4505987, "x": 3.029312261003314, "y": -0.06570049825077155, "zone": null, "min_dist": 0.9342995017492285}
{"t": 1784266530.6024258, "x": 3.061225617004473, "y": -0.06744897617448918, "zone": null, "min_dist": 0.9325510238255108}
{"t": 1784266530.7553475, "x": 3.092851539164788, "y": -0.06918170610022373, "zone": null, "min_dist": 0.9308182938997762}
{"t": 1784266530.91522, "x": 3.1270772165917693, "y": -0.07105687204273232, "zone": null, "min_dist": 0.9289431279572676}
{"t": 1784266531.0681372, "x": 3.158620601275182, "y": -0.0727850799370146, "zone": null, "min_dist": 0.9272149200629854}
{"t": 1784266531.2196093, "x": 3.1909897846233575, "y": -0.07455853176336177, "zone": null, "min_dist": 0.9254414682366382}
{"t": 1784266531.3722224, "x": 3.223885291477865, "y": -0.07636081987901469, "zone": null, "min_dist": 0.9236391801209853}
{"t": 1784266531.5243683, "x": 3.2555211690374426, "y": -0.07809409528402332, "zone": null, "min_dist": 0.9219059047159767}
{"t": 1784266531.676537, "x": 3.2877659229990392, "y": -0.07986072985335686, "zone": null, "min_dist": 0.9201392701466431}
{"t": 1784266531.836776, "x": 3.321557740413007, "y": -0.08171212541280846, "zone": null, "min_dist": 0.9182878745871915}
{"t": 1784266531.9973743, "x": 3.355658986897404, "y": -0.0835804740178276, "zone": null, "min_dist": 0.9164195259821724}
{"t": 1784266532.1492832, "x": 3.3874698948076785, "y": -0.08532333896726221, "zone": null, "min_dist": 0.9146766610327378}
{"t": 1784266532.3093042, "x": 3.421510586581939, "y": -0.08718836989306177, "zone": null, "min_dist": 0.9128116301069382}
{"t": 1784266532.469534, "x": 3.4547188427916216, "y": -0.08900779323910926, "zone": null, "min_dist": 0.9109922067608908}
{"t": 1784266532.6223094, "x": 3.486995533288043, "y": -0.09077617755634547, "zone": null, "min_dist": 0.9092238224436545}
{"t": 1784266532.7742126, "x": 3.5191863678056143, "y": -0.09253985800823634, "zone": null, "min_dist": 0.9074601419917636}
{"t": 1784266532.9344776, "x": 3.551558897771331, "y": -0.09431349345334272, "zone": null, "min_dist": 0.9056865065466573}
{"t": 1784266533.0864866, "x": 3.584202199395526, "y": -0.09610196370245362, "zone": null, "min_dist": 0.9038980362975464}
{"t": 1784266533.238776, "x": 3.6165780196186907, "y": -0.09787577917397816, "zone": null, "min_dist": 0.9021242208260218}
{"t": 1784266533.3913176, "x": 3.647658981814661, "y": -0.09957865179546277, "zone": null, "min_dist": 0.9004213482045372}
{"t": 1784266533.5676336, "x": 3.685300230439204, "y": -0.10164095098739555, "zone": null, "min_dist": 0.8983590490126044}
{"t": 1784266533.7198586, "x": 3.717306079260368, "y": -0.10339449641966224, "zone": null, "min_dist": 0.8966055035803377}
{"t": 1784266533.8723998, "x": 3.748562030050501, "y": -0.10510695630852357, "zone": null, "min_dist": 0.8948930436914764}
{"t": 1784266534.0244997, "x": 3.780660371710615, "y": -0.1068655692582031, "zone": null, "min_dist": 0.8931344307417969}
{"t": 1784266534.1765234, "x": 3.813434767504961, "y": -0.10866122193634725, "zone": null, "min_dist": 0.8913387780636528}
{"t": 1784266534.328906, "x": 3.8446015423637596, "y": -0.11036879605833873, "zone": null, "min_dist": 0.8896312039416613}
{"t": 1784266534.5054512, "x": 3.882370568273898, "y": -0.11243809593759103, "zone": null, "min_dist": 0.887561904062409}
{"t": 1784266534.6577284, "x": 3.9143764171258324, "y": -0.11419164137315636, "zone": null, "min_dist": 0.8858083586268436}
{"t": 1784266534.809721, "x": 3.9453548893969166, "y": -0.11588889872834694, "zone": null, "min_dist": 0.884111101271653}
{"t": 1784266534.9624052, "x": 3.9780043644006495, "y": -0.11779328155089831, "zone": null, "min_dist": 0.8822067184491017}
{"t": 1784266535.1143467, "x": 4.00879664157504, "y": -0.11972761808848083, "zone": null, "min_dist": 0.8802723819115191}
{"t": 1784266535.2666996, "x": 4.038347526748508, "y": -0.12192928688473567, "zone": null, "min_dist": 0.8780707131152643}
{"t": 1784266535.418638, "x": 4.0620873794971715, "y": -0.12385866857120698, "zone": null, "min_dist": 0.876141331428793}
{"t": 1784266535.5711257, "x": 4.0891168686668715, "y": -0.12628022726868532, "zone": null, "min_dist": 0.8737197727313146}
{"t": 1784266535.7317102, "x": 4.114389957672285, "y": -0.12854550070764786, "zone": null, "min_dist": 0.8714544992923521}
{"t": 1784266535.892007, "x": 4.1345548970436505, "y": -0.13031790446581276, "zone": null, "min_dist": 0.8696820955341873}
{"t": 1784266536.0440814, "x": 4.142207531263538, "y": -0.1309691805090821, "zone": null, "min_dist": 0.8690308194909179}
