{"t": 1784263211.7972648, "x": -7.716614080323938e-12, "y": -2.319519272146274e-13, "zone": null, "min_dist": 1.8027756377382869}
{"t": 1784263211.94918, "x": -7.716614080323938e-12, "y": -2.319519272146274e-13, "zone": null, "min_dist": 1.8027756377382869}
{"t": 1784263212.1013758, "x": -7.716614080323938e-12, "y": -2.319519272146274e-13, "zone": null, "min_dist": 1.8027756377382869}
{"t": 1784263212.2773652, "x": -7.716614080323938e-12, "y": -2.319519272146274e-13, "zone": null, "min_dist": 1.8027756377382869}
{"t": 1784263212.4381802, "x": -7.716614080323938e-12, "y": -2.319519272146274e-13, "zone": null, "min_dist": 1.8027756377382869}
{"t": 1784263212.5988946, "x": -7.716614080323938e-12, "y": -2.319519272146274e-13, "zone": null, "min_dist": 1.8027756377382869}
{"t": 1784263212.75099, "x": -7.716614080323938e-12, "y": -2.319519272146274e-13, "zone": null, "min_dist": 1.8027756377382869}
{"t": 1784263212.9031577, "x": -7.716614080323938e-12, "y": -2.319519272146274e-13, "zone": null, "min_dist": 1.8027756377382869}
{"t": 1784263213.055556, "x": -7.716614080323938e-12, "y": -2.319519272146274e-13, "zone": null, "min_dist": 1.8027756377382869}
{"t": 1784263213.215512, "x": -7.716614080323938e-12, "y": -2.319519272146274e-13, "zone": null, "min_dist": 1.8027756377382869}
{"t": 1784263213.367531, "x": -7.716614080323938e-12, "y": -2.319519272146274e-13, "zone": null, "min_dist": 1.8027756377382869}
{"t": 1784263213.5194454, "x": -7.716614080323938e-12, "y": -2.319519272146274e-13, "zone": null, "min_dist": 1.8027756377382869}
{"t": 1784263213.6797917, "x": -7.716614080323938e-12, "y": -2.319519272146274e-13, "zone": null, "min_dist": 1.8027756377382869}
{"t": 1784263213.832436, "x": -7.716614080323938e-12, "y": -2.319519272146274e-13, "zone": null, "min_dist": 1.8027756377382869}
{"t": 1784263213.9844155, "x": -7.716614080323938e-12, "y": -2.319519272146274e-13, "zone": null, "min_dist": 1.8027756377382869}
{"t": 1784263214.1367617, "x": -7.716614080323938e-12, "y": -2.319519272146274e-13, "zone": null, "min_dist": 1.8027756377382869}
{"t": 1784263214.2893732, "x": -7.716614080323938e-12, "y": -2.319519272146274e-13, "zone": null, "min_dist": 1.8027756377382869}
{"t": 1784263214.4414115, "x": -7.716614080323938e-12, "y": -2.319519272146274e-13, "zone": null, "min_dist": 1.8027756377382869}
{"t": 1784263214.593839, "x": -7.716614080323938e-12, "y": -2.319519272146274e-13, "zone": null, "min_dist": 1.8027756377382869}
{"t": 1784263214.7459185, "x": -7.716614080323938e-12, "y": -2.319519272146274e-13, "zone": null, "min_dist": 1.8027756377382869}
{"t": 1784263214.9063232, "x": -7.716614080323938e-12, "y": -2.319519272146274e-13, "zone": null, "min_dist": 1.8027756377382869}
{"t": 1784263215.058927, "x": -7.716614080323938e-12, "y": -2.319519272146274e-13, "zone": null, "min_dist": 1.8027756377382869}
{"t": 1784263215.2183673, "x": -7.716614080323938e-12, "y": -2.319519272146274e-13, "zone": null, "min_dist": 1.8027756377382869}
{"t": 1784263215.3944023, "x": -7.716614080323938e-12, "y": -2.319519272146274e-13, "zone": null, "min_dist": 1.8027756377382869}
{"t": 1784263215.5547783, "x": -7.716614080323938e-12, "y": -2.319519272146274e-13, "zone": null, "min_dist": 1.8027756377382869}
{"t": 1784263215.7152464, "x": 0.0035196884597896248, "y": 1.2636924683645436e-10, "zone": null, "min_dist": 1.7998481388940077}
{"t": 1784263215.8676395, "x": 0.027465290887179354, "y": 3.0237928459136195e-09, "zone": null, "min_dist": 1.7799883358015482}
{"t": 1784263216.0197866, "x": 0.05877840083395085, "y": -2.217025664503828e-06, "zone": null, "min_dist": 1.7541708194632386}
{"t": 1784263216.1801329, "x": 0.09218785215140023, "y": -0.00013492363789920498, "zone": null, "min_dist": 1.7267498992496504}
{"t": 1784263216.3405354, "x": 0.12544225087977454, "y": -0.000284823990584063, "zone": null, "min_dist": 1.6996586241978118}
{"t": 1784263216.4927673, "x": 0.15703262172946614, "y": -0.00042722342604275035, "zone": null, "min_dist": 1.6741287628992585}
{"t": 1784263216.645147, "x": 0.18923277608214317, "y": -0.0005723714383965531, "zone": null, "min_dist": 1.6483222682563006}
{"t": 1784263216.7971847, "x": 0.22150020817472615, "y": -0.0007178227255130802, "zone": null, "min_dist": 1.6226911559245363}
{"t": 1784263216.9498022, "x": 0.2521621470198715, "y": -0.000838920016627772, "zone": null, "min_dist": 1.5985687883490016}
{"t": 1784263217.1098275, "x": 0.2866088509246387, "y": -0.0005029652434772995, "zone": null, "min_dist": 1.572040840163355}
{"t": 1784263217.2623453, "x": 0.31828423475695894, "y": 3.7823694345975024e-05, "zone": null, "min_dist": 1.5480722846957986}
{"t": 1784263217.4146645, "x": 0.34912317221650024, "y": 0.0005623343555930753, "zone": null, "min_dist": 1.5250057238122503}
{"t": 1784263217.574722, "x": 0.3834069685429598, "y": 0.0007782490267609915, "zone": null, "min_dist": 1.4994455980873371}
{"t": 1784263217.7351122, "x": 0.41793130854123345, "y": 0.00029450291559695153, "zone": null, "min_dist": 1.473588051525408}
{"t": 1784263217.887283, "x": 0.4503151073245199, "y": -0.0002888584637085243, "zone": null, "min_dist": 1.4495726061232426}
{"t": 1784263218.0395632, "x": 0.4831586814306071, "y": -0.0008805020167938001, "zone": null, "min_dist": 1.425554642376137}
{"t": 1784263218.1914086, "x": 0.514220529074393, "y": -0.0014400498386411393, "zone": null, "min_dist": 1.403168963227389}
{"t": 1784263218.3515537, "x": 0.5476551325782693, "y": -0.00204234029636313, "zone": null, "min_dist": 1.3794492513556538}
{"t": 1784263218.5034943, "x": 0.5797156324553887, "y": -0.0026198776207587613, "zone": null, "min_dist": 1.3570889527456242}
{"t": 1784263218.6635413, "x": 0.613114800367102, "y": -0.003221529758318372, "zone": null, "min_dist": 1.3342161279437572}
{"t": 1784263218.8161654, "x": 0.6448756322808322, "y": -0.003793668886425825, "zone": null, "min_dist": 1.3128841298522405}
{"t": 1784263218.9686096, "x": 0.6774799816464618, "y": -0.0043810030307065905, "zone": null, "min_dist": 1.2914319059549546}
{"t": 1784263219.1208322, "x": 0.7101449528519455, "y": -0.004969429209145975, "zone": null, "min_dist": 1.2704160075792608}
{"t": 1784263219.2728863, "x": 0.741720551841788, "y": -0.005538231581739581, "zone": null, "min_dist": 1.2505766391328026}
{"t": 1784263219.4249692, "x": 0.7744175177849468, "y": -0.006127234105532192, "zone": null, "min_dist": 1.2305498824850936}
{"t": 1784263219.5854166, "x": 0.8075775667913466, "y": -0.0067245787922323415, "zone": null, "min_dist": 1.2108034061671864}
{"t": 1784263219.73746, "x": 0.8398974208198977, "y": -0.007306788061767318, "zone": null, "min_dist": 1.1921305415383283}
{"t": 1784263219.897807, "x": 0.8734852208051003, "y": -0.007911838170556518, "zone": null, "min_dist": 1.1733540341225908}
{"t": 1784263220.0502362, "x": 0.9047003639725896, "y": -0.00847414738463284, "zone": null, "min_dist": 1.1565055871283105}
{"t": 1784263220.2025738, "x": 0.937390656257159, "y": -0.009063029672008649, "zone": null, "min_dist": 1.1395110147908043}
{"t": 1784263220.3627198, "x": 0.9719046355792893, "y": -0.009684763811716702, "zone": null, "min_dist": 1.1223230287886365}
{"t": 1784263220.5152283, "x": 1.0033049701612327, "y": -0.010250409044694903, "zone": null, "min_dist": 1.1073889133735844}
{"t": 1784263220.667492, "x": 1.0359026737878656, "y": -0.01083762344711862, "zone": null, "min_dist": 1.0926246086305198}
{"t": 1784263220.8197813, "x": 1.0679513239867704, "y": -0.011414947321497369, "zone": null, "min_dist": 1.078872775087101}
{"t": 1784263220.9724524, "x": 1.1003351226928568, "y": -0.011998308494274188, "zone": null, "min_dist": 1.0657764102151581}
{"t": 1784263221.1324692, "x": 1.1353121847724672, "y": -0.012628384523831929, "zone": null, "min_dist": 1.052568244639486}
{"t": 1784263221.2847397, "x": 1.1679031078110005, "y": -0.013215476794299503, "zone": null, "min_dist": 1.0411685939557982}
{"t": 1784263221.4369664, "x": 1.1991082406767386, "y": -0.013777605653186491, "zone": null, "min_dist": 1.0311015769262546}
{"t": 1784263221.589099, "x": 1.2318052066074872, "y": -0.014366608178327682, "zone": null, "min_dist": 1.021470327653597}
{"t": 1784263221.7416286, "x": 1.2634514114187396, "y": -0.014936682468586218, "zone": null, "min_dist": 1.013067112439142}
{"t": 1784263221.8934, "x": 1.295218887506312, "y": -0.015508941316373278, "zone": null, "min_dist": 1.0055634980756614}
{"t": 1784263222.0694125, "x": 1.3330031041914885, "y": -0.016189585465380994, "zone": null, "min_dist": 0.9978832070720791}
{"t": 1784263222.22163, "x": 1.3650517543971235, "y": -0.016766909339886032, "zone": null, "min_dist": 0.9924506736157391}
{"t": 1784263222.3817062, "x": 1.398201834745447, "y": -0.017364074410830023, "zone": null, "min_dist": 0.9878948469891308}
{"t": 1784263222.5420191, "x": 1.432658515167645, "y": -0.017984776392496814, "zone": null, "min_dist": 0.9843214794853969}
{"t": 1784263222.702513, "x": 1.4661890302753204, "y": -0.018588794590789673, "zone": null, "min_dist": 0.981993449966181}
{"t": 1784263222.8545067, "x": 1.4975793961180062, "y": -0.019154260200135602, "zone": null, "min_dist": 0.9808487266682345}
{"t": 1784263223.0305917, "x": 1.534351490467009, "y": -0.019816672176858098, "zone": null, "min_dist": 0.9801833278231419}
{"t": 1784263223.190559, "x": 1.5688368133084492, "y": -0.020437890113259038, "zone": null, "min_dist": 0.979562109886741}
{"t": 1784263223.3512485, "x": 1.6017476969810758, "y": -0.021030746363024058, "zone": null, "min_dist": 0.978969253636976}
{"t": 1784263223.5037694, "x": 1.6344379892905334, "y": -0.02161962865086044, "zone": null, "min_dist": 0.9783803713491396}
{"t": 1784263223.6558735, "x": 1.6663014064236308, "y": -0.022193615769980603, "zone": null, "min_dist": 0.9778063842300194}
{"t": 1784263223.808314, "x": 1.6982474714471238, "y": -0.022769091654486644, "zone": null, "min_dist": 0.9772309083455134}
{"t": 1784263223.9605582, "x": 1.7301108885757417, "y": -0.023343078775991854, "zone": null, "min_dist": 0.9766569212240082}
{"t": 1784263224.112976, "x": 1.7609555237894627, "y": -0.023898713730454584, "zone": null, "min_dist": 0.9761012862695454}
{"t": 1784263224.265015, "x": 1.7927163555827013, "y": -0.024470852855119678, "zone": null, "min_dist": 0.9755291471448804}
{"t": 1784263224.417403, "x": 1.825320704911262, "y": -0.025058186998174414, "zone": null, "min_dist": 0.9749418130018256}
{"t": 1784263224.5693831, "x": 1.8566284228991443, "y": -0.025622163850823436, "zone": null, "min_dist": 0.9743778361491766}
{"t": 1784263224.7293384, "x": 1.8908006079195718, "y": -0.026237740953941702, "zone": null, "min_dist": 0.9737622590460583}
{"t": 1784263224.881558, "x": 1.9229418746276519, "y": -0.026816733205542797, "zone": null, "min_dist": 0.9731832667944572}
{"t": 1784263225.0422664, "x": 1.9563764503263985, "y": -0.0274190231541298, "zone": null, "min_dist": 0.9725809768458702}
{"t": 1784263225.1943312, "x": 1.9885717085727281, "y": -0.02799898797230157, "zone": null, "min_dist": 0.9720010120276984}
{"t": 1784263225.3468447, "x": 2.0208342342810144, "y": -0.0285801645571783, "zone": null, "min_dist": 0.9714198354428217}
{"t": 1784263225.507104, "x": 2.053809064181335, "y": -0.02917417273720239, "zone": null, "min_dist": 0.9708258272627976}
{"t": 1784263225.6592786, "x": 2.0862754206544616, "y": -0.02975902107644525, "zone": null, "min_dist": 0.9702409789235548}
{"t": 1784263225.811638, "x": 2.1182314543050595, "y": -0.030334676572930517, "zone": null, "min_dist": 0.9696653234270695}
{"t": 1784263225.9637988, "x": 2.1499989320757114, "y": -0.030906935443181485, "zone": null, "min_dist": 0.9690930645568185}
{"t": 1784263226.1170192, "x": 2.182596635710198, "y": -0.031494149845766914, "zone": null, "min_dist": 0.9685058501542331}
{"t": 1784263226.2682714, "x": 2.2146452859115184, "y": -0.032071473720209465, "zone": null, "min_dist": 0.9679285262797905}
{"t": 1784263226.4209304, "x": 2.2462216718891987, "y": -0.032644278592159, "zone": null, "min_dist": 0.967355721407841}
{"t": 1784263226.580809, "x": 2.2808643146469763, "y": -0.03368182540249402, "zone": null, "min_dist": 0.966318174597506}
{"t": 1784263226.7332954, "x": 2.313125071025652, "y": -0.03534588263793191, "zone": null, "min_dist": 0.9646541173620681}
{"t": 1784263226.885666, "x": 2.3453901864298325, "y": -0.037314265611388384, "zone": null, "min_dist": 0.9626857343886116}
{"t": 1784263227.0379145, "x": 2.378181348634848, "y": -0.039316118064272425, "zone": null, "min_dist": 0.9606838819357276}
{"t": 1784263227.1984382, "x": 2.4115625254694515, "y": -0.04135399015356005, "zone": null, "min_dist": 0.95864600984644}
{"t": 1784263227.3582823, "x": 2.44511866936232, "y": -0.04340254362211716, "zone": null, "min_dist": 0.9565974563778828}
{"t": 1784263227.518922, "x": 2.4792395215337293, "y": -0.04548557163855042, "zone": null, "min_dist": 0.9545144283614496}
{"t": 1784263227.6785605, "x": 2.5136058115439255, "y": -0.047583583233990895, "zone": null, "min_dist": 0.9524164167660091}
{"t": 1784263227.830695, "x": 2.544942928980356, "y": -0.04949666844460065, "zone": null, "min_dist": 0.9505033315553993}
{"t": 1784263227.9906178, "x": 2.5793411594548776, "y": -0.051596629949318316, "zone": null, "min_dist": 0.9484033700506816}
{"t": 1784263228.1429217, "x": 2.610873147399611, "y": -0.05352161172808654, "zone": null, "min_dist": 0.9464783882719134}
{"t": 1784263228.2952113, "x": 2.643013791780416, "y": -0.05548375096566297, "zone": null, "min_dist": 0.9445162490343371}
{"t": 1784263228.4476812, "x": 2.675221589526926, "y": -0.0574499898295721, "zone": null, "min_dist": 0.9425500101704279}
{"t": 1784263228.599562, "x": 2.7058290249092525, "y": -0.05931852915697012, "zone": null, "min_dist": 0.9406814708430299}
{"t": 1784263228.752364, "x": 2.7383680729784423, "y": -0.061304990294857815, "zone": null, "min_dist": 0.9386950097051422}
{"t": 1784263228.9043574, "x": 2.770732195707024, "y": -0.06328077255018719, "zone": null, "min_dist": 0.9367192274498128}
{"t": 1784263229.0564544, "x": 2.802324716552062, "y": -0.06520944976170538, "zone": null, "min_dist": 0.9347905502382946}
{"t": 1784263229.2083735, "x": 2.8349595830651872, "y": -0.06720176046120498, "zone": null, "min_dist": 0.932798239538795}
{"t": 1784263229.360309, "x": 2.8668614086966477, "y": -0.06914932023009719, "zone": null, "min_dist": 0.9308506797699028}
{"t": 1784263229.5128636, "x": 2.899741873741875, "y": -0.07128784810539551, "zone": null, "min_dist": 0.9287121518946044}
{"t": 1784263229.66547, "x": 2.932803553349026, "y": -0.07388485937973896, "zone": null, "min_dist": 0.926115140620261}
{"t": 1784263229.8177168, "x": 2.9645636091530783, "y": -0.0765127248688808, "zone": null, "min_dist": 0.9234872751311192}
{"t": 1784263229.9698293, "x": 2.9961290963704132, "y": -0.07912449142565617, "zone": null, "min_dist": 0.9208755085743439}
{"t": 1784263230.1304605, "x": 3.0303816869984055, "y": -0.081958592002602, "zone": null, "min_dist": 0.918041407997398}
{"t": 1784263230.282422, "x": 3.0618647944300905, "y": -0.08456354235419856, "zone": null, "min_dist": 0.9154364576458014}
{"t": 1784263230.4345338, "x": 3.093061017160467, "y": -0.08714475551582904, "zone": null, "min_dist": 0.912855244484171}
{"t": 1784263230.587098, "x": 3.1245441244045753, "y": -0.08974970583939071, "zone": null, "min_dist": 0.9102502941606093}
{"t": 1784263230.7393515, "x": 3.156119547801238, "y": -0.09236229449849685, "zone": null, "min_dist": 0.9076377055015031}
{"t": 1784263230.891696, "x": 3.188764264696442, "y": -0.09506335758707, "zone": null, "min_dist": 0.90493664241293}
{"t": 1784263231.0520563, "x": 3.2226761405085798, "y": -0.09786926702215906, "zone": null, "min_dist": 0.902130732977841}
{"t": 1784263231.2045472, "x": 3.253506424948742, "y": -0.1004202020683058, "zone": null, "min_dist": 0.8995797979316942}
{"t": 1784263231.3646233, "x": 3.286835854467448, "y": -0.10317791929593252, "zone": null, "min_dist": 0.8968220807040674}
{"t": 1784263231.5167294, "x": 3.3189266143851257, "y": -0.10583314742705328, "zone": null, "min_dist": 0.8941668525729467}
{"t": 1784263231.6690729, "x": 3.350094258256179, "y": -0.10841199595439587, "zone": null, "min_dist": 0.8915880040456041}
{"t": 1784263231.821637, "x": 3.381946629952929, "y": -0.11104749960722857, "zone": null, "min_dist": 0.8889525003927714}
{"t": 1784263231.9736288, "x": 3.4127835245770592, "y": -0.11359898161590629, "zone": null, "min_dist": 0.8864010183840937}
{"t": 1784263232.1258693, "x": 3.4447182760277477, "y": -0.11624130140900579, "zone": null, "min_dist": 0.8837586985909942}
{"t": 1784263232.278006, "x": 3.477216860451359, "y": -0.11893027337736232, "zone": null, "min_dist": 0.8810697266226377}
{"t": 1784263232.4382546, "x": 3.509530840815807, "y": -0.12160397126615108, "zone": null, "min_dist": 0.8783960287338489}
{"t": 1784263232.6148863, "x": 3.5467308951157777, "y": -0.12468194855658621, "zone": null, "min_dist": 0.8753180514434138}
{"t": 1784263232.7751093, "x": 3.581161448871572, "y": -0.12753077394229445, "zone": null, "min_dist": 0.8724692260577056}
{"t": 1784263232.9354835, "x": 3.6155029987350606, "y": -0.13037223506770937, "zone": null, "min_dist": 0.8696277649322907}
{"t": 1784263233.0877502, "x": 3.646606905531494, "y": -0.13294580990574775, "zone": null, "min_dist": 0.8670541900942522}
{"t": 1784263233.2400637, "x": 3.67965937267383, "y": -0.135680610713109, "zone": null, "min_dist": 0.864319389286891}
{"t": 1784263233.392224, "x": 3.7111424940125053, "y": -0.13828556219662788, "zone": null, "min_dist": 0.8617144378033721}
{"t": 1784263233.544532, "x": 3.743233314352341, "y": -0.14094079530697737, "zone": null, "min_dist": 0.8590592046930227}
{"t": 1784263233.6965125, "x": 3.774468022932372, "y": -0.143525192853569, "zone": null, "min_dist": 0.856474807146431}
{"t": 1784263233.8485835, "x": 3.8052126153848578, "y": -0.14606903768156798, "zone": null, "min_dist": 0.853930962318432}
{"t": 1784263234.0085604, "x": 3.839550897758908, "y": -0.14891022842193866, "zone": null, "min_dist": 0.8510897715780613}
{"t": 1784263234.1610737, "x": 3.8723197614688085, "y": -0.15162156356720485, "zone": null, "min_dist": 0.8483784364327951}
{"t": 1784263234.313326, "x": 3.90361823679496, "y": -0.1542112372534832, "zone": null, "min_dist": 0.8457887627465168}
{"t": 1784263234.4654114, "x": 3.9365717775144797, "y": -0.1569378527516788, "zone": null, "min_dist": 0.8430621472483212}
{"t": 1784263234.61778, "x": 3.968516465448831, "y": -0.15958099474205617, "zone": null, "min_dist": 0.8404190052579439}
{"t": 1784263234.7781346, "x": 4.001559010561115, "y": -0.16231497481040283, "zone": null, "min_dist": 0.8376850251895972}
{"t": 1784263234.9383922, "x": 4.0312781759461735, "y": -0.16477397489060952, "zone": null, "min_dist": 0.8352260251093905}
{"t": 1784263235.0909147, "x": 4.057031060417869, "y": -0.16690480037337915, "zone": null, "min_dist": 0.8330951996266208}
{"t": 1784263235.2430744, "x": 4.080351850360246, "y": -0.1688343916276781, "zone": null, "min_dist": 0.8311656083723219}
{"t": 1784263235.3954747, "x": 4.101332846368392, "y": -0.1705703856596222, "zone": null, "min_dist": 0.8294296143403778}
{"t": 1784263235.5715375, "x": 4.118794298397516, "y": -0.17201516860512966, "zone": null, "min_dist": 0.8279848313948703}
