{"t": 1784287846.4372203, "x": -7.71644042725791e-12, "y": -2.319896065296313e-13, "zone": null, "min_dist": 1.8027756377382864}
{"t": 1784287846.5970998, "x": -7.71644042725791e-12, "y": -2.319896065296313e-13, "zone": null, "min_dist": 1.8027756377382864}
{"t": 1784287846.7493446, "x": -7.71644042725791e-12, "y": -2.319896065296313e-13, "zone": null, "min_dist": 1.8027756377382864}
{"t": 1784287846.9092803, "x": -7.71644042725791e-12, "y": -2.319896065296313e-13, "zone": null, "min_dist": 1.8027756377382864}
{"t": 1784287847.0616956, "x": -7.71644042725791e-12, "y": -2.319896065296313e-13, "zone": null, "min_dist": 1.8027756377382864}
{"t": 1784287847.2239485, "x": -7.71644042725791e-12, "y": -2.319896065296313e-13, "zone": null, "min_dist": 1.8027756377382864}
{"t": 1784287847.3839078, "x": -7.71644042725791e-12, "y": -2.319896065296313e-13, "zone": null, "min_dist": 1.8027756377382864}
{"t": 1784287847.5359643, "x": -7.71644042725791e-12, "y": -2.319896065296313e-13, "zone": null, "min_dist": 1.8027756377382864}
{"t": 1784287847.6961792, "x": -7.71644042725791e-12, "y": -2.319896065296313e-13, "zone": null, "min_dist": 1.8027756377382864}
{"t": 1784287847.8483367, "x": -7.71644042725791e-12, "y": -2.319896065296313e-13, "zone": null, "min_dist": 1.8027756377382864}
{"t": 1784287848.008419, "x": -7.71644042725791e-12, "y": -2.319896065296313e-13, "zone": null, "min_dist": 1.8027756377382864}
{"t": 1784287848.160622, "x": -7.71644042725791e-12, "y": -2.319896065296313e-13, "zone": null, "min_dist": 1.8027756377382864}
{"t": 1784287848.3212552, "x": -7.71644042725791e-12, "y": -2.319896065296313e-13, "zone": null, "min_dist": 1.8027756377382864}
{"t": 1784287848.4814382, "x": -7.71644042725791e-12, "y": -2.319896065296313e-13, "zone": null, "min_dist": 1.8027756377382864}
{"t": 1784287848.6417282, "x": -7.71644042725791e-12, "y": -2.319896065296313e-13, "zone": null, "min_dist": 1.8027756377382864}
{"t": 1784287848.802102, "x": -7.71644042725791e-12, "y": -2.319896065296313e-13, "zone": null, "min_dist": 1.8027756377382864}
{"t": 1784287848.954231, "x": -7.71644042725791e-12, "y": -2.319896065296313e-13, "zone": null, "min_dist": 1.8027756377382864}
{"t": 1784287849.1152408, "x": -7.71644042725791e-12, "y": -2.319896065296313e-13, "zone": null, "min_dist": 1.8027756377382864}
{"t": 1784287849.2760015, "x": -7.71644042725791e-12, "y": -2.319896065296313e-13, "zone": null, "min_dist": 1.8027756377382864}
{"t": 1784287849.436114, "x": -7.71644042725791e-12, "y": -2.319896065296313e-13, "zone": null, "min_dist": 1.8027756377382864}
{"t": 1784287849.5887215, "x": 0.00038381143996214193, "y": -8.924185357535792e-08, "zone": null, "min_dist": 1.8024562503727064}
{"t": 1784287849.7483585, "x": 0.017667989572998533, "y": -0.0002130500377604248, "zone": null, "min_dist": 1.7879826997069501}
{"t": 1784287849.900618, "x": 0.04913709384446258, "y": -0.0010784419395118712, "zone": null, "min_dist": 1.7614901224860968}
{"t": 1784287850.0525432, "x": 0.08080335029287476, "y": -0.0020114681573048993, "zone": null, "min_dist": 1.7349640458031017}
{"t": 1784287850.204871, "x": 0.11172555443691497, "y": -0.002922571334729753, "zone": null, "min_dist": 1.709230626614571}
{"t": 1784287850.3811285, "x": 0.1492283914855369, "y": -0.004027568393780743, "zone": null, "min_dist": 1.67825654263237}
{"t": 1784287850.533419, "x": 0.18136092784983465, "y": -0.00497433300234039, "zone": null, "min_dist": 1.6519337397683922}
{"t": 1784287850.6858902, "x": 0.21274276733186237, "y": -0.0058989788780396905, "zone": null, "min_dist": 1.626427995102198}
{"t": 1784287850.8383787, "x": 0.2454308519662872, "y": -0.006862112263515847, "zone": null, "min_dist": 1.6000833138482888}
{"t": 1784287850.9908493, "x": 0.2781795419710462, "y": -0.007827031337773498, "zone": null, "min_dist": 1.573928979148074}
{"t": 1784287851.142646, "x": 0.3096539729055016, "y": -0.008754405342063093, "zone": null, "min_dist": 1.5490292099080711}
{"t": 1784287851.2947502, "x": 0.3417865093126285, "y": -0.0097011699428083, "zone": null, "min_dist": 1.5238603160470021}
{"t": 1784287851.4546273, "x": 0.37549309942175, "y": -0.010694313038493516, "zone": null, "min_dist": 1.4977454762750846}
{"t": 1784287851.6151478, "x": 0.4090045409653032, "y": -0.011681706194714007, "zone": null, "min_dist": 1.472088360630747}
{"t": 1784287851.7673976, "x": 0.4417852170267591, "y": -0.01264756771093683, "zone": null, "min_dist": 1.447302094398482}
{"t": 1784287851.9194298, "x": 0.4732696138418528, "y": -0.013575235391957222, "zone": null, "min_dist": 1.4238009348544798}
{"t": 1784287852.0713582, "x": 0.5051144101641292, "y": -0.014513521912694982, "zone": null, "min_dist": 1.400350290233122}
{"t": 1784287852.2315183, "x": 0.5387923516170072, "y": -0.015505820905696492, "zone": null, "min_dist": 1.3759174873445463}
{"t": 1784287852.384029, "x": 0.5704905797402356, "y": -0.016439788946583742, "zone": null, "min_dist": 1.353284320133461}
{"t": 1784287852.5364609, "x": 0.602801654959239, "y": -0.017391814021991036, "zone": null, "min_dist": 1.3305952493132063}
{"t": 1784287852.6884978, "x": 0.6350267827256857, "y": -0.01834130674684068, "zone": null, "min_dist": 1.3083701527631155}
{"t": 1784287852.8409162, "x": 0.6663160308412786, "y": -0.019263224486111685, "zone": null, "min_dist": 1.2871960158723375}
{"t": 1784287853.0014796, "x": 0.7001791535326969, "y": -0.020260979707904126, "zone": null, "min_dist": 1.2647537050060733}
{"t": 1784287853.1534736, "x": 0.733045763103043, "y": -0.021229373161277824, "zone": null, "min_dist": 1.2434672257267012}
{"t": 1784287853.314069, "x": 0.7659190587861132, "y": -0.02219796389840628, "zone": null, "min_dist": 1.2226903328553345}
{"t": 1784287853.4663785, "x": 0.7986930630102763, "y": -0.023163628814397725, "zone": null, "min_dist": 1.2025143308671893}
{"t": 1784287853.6266208, "x": 0.8332902449989575, "y": -0.024183012483347942, "zone": null, "min_dist": 1.1818293830073883}
{"t": 1784287853.7866225, "x": 0.8661635268466521, "y": -0.025151602816190565, "zone": null, "min_dist": 1.1627889198781165}
{"t": 1784287853.938842, "x": 0.8986564627474053, "y": -0.026108986253599645, "zone": null, "min_dist": 1.1445862817854555}
{"t": 1784287854.0910914, "x": 0.9298630853248661, "y": -0.027028469532754437, "zone": null, "min_dist": 1.127709936364425}
{"t": 1784287854.2437723, "x": 0.9611622993313148, "y": -0.027950680952730084, "zone": null, "min_dist": 1.111407191951796}
{"t": 1784287854.4039187, "x": 0.9955103850868693, "y": -0.028962725181598308, "zone": null, "min_dist": 1.0942683220499199}
{"t": 1784287854.563604, "x": 1.0292169752347777, "y": -0.029955868279952558, "zone": null, "min_dist": 1.0782496343109014}
{"t": 1784287854.716012, "x": 1.0608765888445129, "y": -0.03088869854410246, "zone": null, "min_dist": 1.0639577457936826}
{"t": 1784287854.8764198, "x": 1.0951387272578013, "y": -0.03189821042973166, "zone": null, "min_dist": 1.0493491912302546}
{"t": 1784287855.028648, "x": 1.1277948258856976, "y": -0.03286040137230057, "zone": null, "min_dist": 1.0362893876090817}
{"t": 1784287855.1811671, "x": 1.1587137085456383, "y": -0.03377140658301893, "zone": null, "min_dist": 1.0247311976666023}
{"t": 1784287855.3336608, "x": 1.1912166103660247, "y": -0.0347290837012337, "zone": null, "min_dist": 1.0134570161413394}
{"t": 1784287855.4947782, "x": 1.2244602436617489, "y": -0.035708586147977776, "zone": null, "min_dist": 1.0028858799243685}
{"t": 1784287855.6548667, "x": 1.2580642765008092, "y": -0.036698707433900454, "zone": null, "min_dist": 0.9932181404729754}
{"t": 1784287855.8069878, "x": 1.2902001348071441, "y": -0.037645569917893834, "zone": null, "min_dist": 0.9849578836344202}
{"t": 1784287855.9672923, "x": 1.3232437948862128, "y": -0.03860682794664062, "zone": null, "min_dist": 0.9775068221332511}
{"t": 1784287856.1193697, "x": 1.3556225677090505, "y": -0.039200920464506205, "zone": null, "min_dist": 0.9715861846440489}
{"t": 1784287856.2714212, "x": 1.388499922300195, "y": -0.03968192842651867, "zone": null, "min_dist": 0.96676939645278}
{"t": 1784287856.4313953, "x": 1.4212590237359457, "y": -0.04024719988312876, "zone": null, "min_dist": 0.9629774549153222}
{"t": 1784287856.5915809, "x": 1.4556421791184535, "y": -0.041497167737453065, "zone": null, "min_dist": 0.9595286841614916}
{"t": 1784287856.751783, "x": 1.490211207594481, "y": -0.043539168325380746, "zone": null, "min_dist": 0.9565109215186529}
{"t": 1784287856.9046574, "x": 1.515689164022214, "y": -0.04537605853128522, "zone": null, "min_dist": 0.9546239414687148}
{"t": 1784287857.0645707, "x": 1.530051848560645, "y": -0.046416403967131155, "zone": null, "min_dist": 0.9535835960328688}
{"t": 1784287857.224449, "x": 1.532541514083657, "y": -0.0465967403023831, "zone": null, "min_dist": 0.9534032596976169}
{"t": 1784287857.4012752, "x": 1.5358012471856373, "y": -0.046841536348068966, "zone": null, "min_dist": 0.953158463651931}
{"t": 1784287857.5536025, "x": 1.536675121567201, "y": -0.04690966930353315, "zone": null, "min_dist": 0.9530903306964669}
{"t": 1784287857.7057784, "x": 1.5367731852659023, "y": -0.0469177551711029, "zone": null, "min_dist": 0.9530822448288971}
{"t": 1784287857.8578074, "x": 1.5380891830327017, "y": -0.04702944010141985, "zone": null, "min_dist": 0.9529705598985801}
{"t": 1784287858.0104573, "x": 1.538089195430119, "y": -0.047029441188023845, "zone": null, "min_dist": 0.9529705588119761}
{"t": 1784287858.1625102, "x": 1.5380912877589779, "y": -0.04702962872111628, "zone": null, "min_dist": 0.9529703712788837}
{"t": 1784287858.3147228, "x": 1.5380942305320089, "y": -0.04702990809175521, "zone": null, "min_dist": 0.9529700919082448}
{"t": 1784287858.4672332, "x": 1.5380959133897156, "y": -0.04703007633976028, "zone": null, "min_dist": 0.9529699236602397}
{"t": 1784287858.6195803, "x": 1.538096342114194, "y": -0.04703011987479784, "zone": null, "min_dist": 0.9529698801252021}
{"t": 1784287858.7716365, "x": 1.5380984619942837, "y": -0.04703034211431945, "zone": null, "min_dist": 0.9529696578856806}
{"t": 1784287858.9237576, "x": 1.5381057292478177, "y": -0.047031186844049805, "zone": null, "min_dist": 0.9529688131559502}
{"t": 1784287859.076037, "x": 1.538108763547297, "y": -0.04703157871038203, "zone": null, "min_dist": 0.952968421289618}
{"t": 1784287859.2363925, "x": 1.5381144056242624, "y": -0.04703235837253784, "zone": null, "min_dist": 0.9529676416274622}
{"t": 1784287859.3965185, "x": 1.5381218828811707, "y": -0.04703351893439981, "zone": null, "min_dist": 0.9529664810656002}
{"t": 1784287859.5566003, "x": 1.538130761902889, "y": -0.047035087173775, "zone": null, "min_dist": 0.952964912826225}
{"t": 1784287859.7168381, "x": 1.5381383427751374, "y": -0.04703659166849495, "zone": null, "min_dist": 0.9529634083315051}
{"t": 1784287859.86918, "x": 1.5381468735697017, "y": -0.047038662127911766, "zone": null, "min_dist": 0.9529613378720883}
{"t": 1784287860.0213356, "x": 1.5381554597600695, "y": -0.047041528276685264, "zone": null, "min_dist": 0.9529584717233147}
{"t": 1784287860.1736863, "x": 1.5381638386264276, "y": -0.04704532761088081, "zone": null, "min_dist": 0.9529546723891192}
{"t": 1784287860.3258603, "x": 1.5381718079048023, "y": -0.047049997557280704, "zone": null, "min_dist": 0.9529500024427193}
{"t": 1784287860.4860973, "x": 1.5381796659119886, "y": -0.04705565416043318, "zone": null, "min_dist": 0.9529443458395668}
{"t": 1784287860.6382387, "x": 1.5384471908908617, "y": -0.04728266165195997, "zone": null, "min_dist": 0.9527173383480401}
{"t": 1784287860.7904706, "x": 1.539757523525065, "y": -0.04847083060802603, "zone": null, "min_dist": 0.951529169391974}
{"t": 1784287860.9428332, "x": 1.5407824190051937, "y": -0.049553008080184965, "zone": null, "min_dist": 0.9504469919198151}
{"t": 1784287861.1034951, "x": 1.5412325582322677, "y": -0.05012023767786472, "zone": null, "min_dist": 0.9498797623221353}
{"t": 1784287861.2554786, "x": 1.541470458636902, "y": -0.05049452596688423, "zone": null, "min_dist": 0.9495054740331158}
{"t": 1784287861.4159634, "x": 1.5424036332098319, "y": -0.05210574993812814, "zone": null, "min_dist": 0.9478942500618719}
{"t": 1784287861.5681574, "x": 1.5432138538455298, "y": -0.053678382288583, "zone": null, "min_dist": 0.946321617711417}
{"t": 1784287861.7204452, "x": 1.5432991859466023, "y": -0.053849925597073446, "zone": null, "min_dist": 0.9461500744029265}
{"t": 1784287861.8724012, "x": 1.5432991859466023, "y": -0.053849925597073446, "zone": null, "min_dist": 0.9461500744029265}
{"t": 1784287862.0245163, "x": 1.5440214367771827, "y": -0.05532086611336538, "zone": null, "min_dist": 0.9446791338866346}
{"t": 1784287862.1769605, "x": 1.544796133868869, "y": -0.05690597827737596, "zone": null, "min_dist": 0.943094021722624}
{"t": 1784287862.337205, "x": 1.5448788001822695, "y": -0.057078890876668176, "zone": null, "min_dist": 0.9429211091233318}
{"t": 1784287862.4975271, "x": 1.5448822883247502, "y": -0.05708788674042735, "zone": null, "min_dist": 0.9429121132595727}
{"t": 1784287862.6498232, "x": 1.5448850168395478, "y": -0.057096634462213046, "zone": null, "min_dist": 0.942903365537787}
{"t": 1784287862.8103032, "x": 1.5448872600020973, "y": -0.05710601219294691, "zone": null, "min_dist": 0.9428939878070531}
{"t": 1784287862.962712, "x": 1.5448887842112393, "y": -0.05711504120870981, "zone": null, "min_dist": 0.9428849587912902}
{"t": 1784287863.1152873, "x": 1.5448896467827198, "y": -0.05712417521352655, "zone": null, "min_dist": 0.9428758247864735}
{"t": 1784287863.2753785, "x": 1.544889663192406, "y": -0.05713387014025599, "zone": null, "min_dist": 0.942866129859744}
{"t": 1784287863.435485, "x": 1.5448886491827247, "y": -0.0571435387477747, "zone": null, "min_dist": 0.9428564612522253}
{"t": 1784287863.5879729, "x": 1.5442148090132126, "y": -0.059951770570956735, "zone": null, "min_dist": 0.9400482294290433}
{"t": 1784287863.7400155, "x": 1.5404012831229859, "y": -0.0727112790983007, "zone": null, "min_dist": 0.9272887209016993}
{"t": 1784287863.8925343, "x": 1.5342451926091891, "y": -0.08915305983393902, "zone": null, "min_dist": 0.9108469401660609}
{"t": 1784287864.0526123, "x": 1.5235832617264067, "y": -0.11365164050117385, "zone": null, "min_dist": 0.8863483594988262}
{"t": 1784287864.2050076, "x": 1.5108582386415976, "y": -0.14103631593687305, "zone": null, "min_dist": 0.858963684063127}
{"t": 1784287864.364984, "x": 1.4962773743724527, "y": -0.17214514412868848, "zone": null, "min_dist": 0.8278632256183824}
{"t": 1784287864.5175166, "x": 1.483518629619463, "y": -0.20240491218580173, "zone": null, "min_dist": 0.7977653537694898}
{"t": 1784287864.6775165, "x": 1.4735553761632258, "y": -0.2303672903069781, "zone": null, "min_dist": 0.7700868950704796}
{"t": 1784287864.8295295, "x": 1.4647562373410816, "y": -0.2583329574930213, "zone": null, "min_dist": 0.7425039560483208}
{"t": 1784287864.9820042, "x": 1.456275611885426, "y": -0.29033732519806293, "zone": null, "min_dist": 0.7110083924420539}
{"t": 1784287865.1423945, "x": 1.449879760877938, "y": -0.32285683474365173, "zone": null, "min_dist": 0.6789955114896112}
{"t": 1784287865.3024783, "x": 1.4462131279192454, "y": -0.35635687316538844, "zone": null, "min_dist": 0.6458866017573575}
{"t": 1784287865.4551256, "x": 1.4458364495338476, "y": -0.38910159567484887, "zone": null, "min_dist": 0.6132948317131942}
{"t": 1784287865.6074924, "x": 1.4488317296897257, "y": -0.41801174557616366, "zone": null, "min_dist": 0.5842332754763712}
{"t": 1784287865.7675476, "x": 1.455460487113717, "y": -0.44879926345297616, "zone": null, "min_dist": 0.5529973057602803}
{"t": 1784287865.9276872, "x": 1.4654301180000693, "y": -0.4809030606240266, "zone": null, "min_dist": 0.5202467772230714}
{"t": 1784287866.0801363, "x": 1.4766798877286293, "y": -0.5099765226952383, "zone": null, "min_dist": 0.4905780630503158}
{"t": 1784287866.2324145, "x": 1.48958147217792, "y": -0.5395267990267157, "zone": null, "min_dist": 0.4605910491277073}
{"t": 1784287866.3849506, "x": 1.5033860023765189, "y": -0.5692995616743227, "zone": null, "min_dist": 0.4307004383256773}
{"t": 1784287866.5449426, "x": 1.517606554284525, "y": -0.5993328712709484, "zone": null, "min_dist": 0.40066712872905164}
{"t": 1784287866.6970603, "x": 1.5309797196505357, "y": -0.6274695245190038, "zone": null, "min_dist": 0.37253047548099616}
{"t": 1784287866.8494275, "x": 1.543621534022297, "y": -0.6541467486918283, "zone": null, "min_dist": 0.3458532513081717}
{"t": 1784287867.0018299, "x": 1.5568795006904739, "y": -0.6829274081438129, "zone": null, "min_dist": 0.3170725918561871}
{"t": 1784287867.1541264, "x": 1.5696888385450254, "y": -0.7119105822047086, "zone": null, "min_dist": 0.2880894177952914}
{"t": 1784287867.3064992, "x": 1.582046444799959, "y": -0.7410892499899279, "zone": null, "min_dist": 0.25891075001007213}
{"t": 1784287867.4584634, "x": 1.5939493325514014, "y": -0.770456358481788, "zone": null, "min_dist": 0.22954364151821205}
{"t": 1784287867.6108718, "x": 1.605394627551312, "y": -0.8000048160741077, "zone": null, "min_dist": 0.19999518392589233}
{"t": 1784287867.7715442, "x": 1.616944918963434, "y": -0.8312965319551237, "zone": null, "min_dist": 0.16870346804487635}
{"t": 1784287867.9236884, "x": 1.627442412241165, "y": -0.8611948425544627, "zone": null, "min_dist": 0.13880515744553734}
{"t": 1784287868.099377, "x": 1.6390154714439935, "y": -0.8960126655650036, "zone": null, "min_dist": 0.10398733443499641}
{"t": 1784287868.2596385, "x": 1.6489915002309283, "y": -0.9278412641936034, "zone": null, "min_dist": 0.07215873580639665}
{"t": 1784287868.4122727, "x": 1.6579855012788065, "y": -0.9582257066205494, "zone": null, "min_dist": 0.0417742933794506}
{"t": 1784287868.5643904, "x": 1.6665064566845877, "y": -0.988746186895204, "zone": null, "min_dist": 0.011253813104796007}
{"t": 1784287868.7250516, "x": 1.6737229243142415, "y": -1.0156768952196618, "zone": "wh_forbidden_zone", "min_dist": 0.0}
{"t": 1784287868.8772273, "x": 1.6777667639515237, "y": -1.0297563624684574, "zone": "wh_forbidden_zone", "min_dist": 0.0}
{"t": 1784287869.0371947, "x": 1.6788325226044336, "y": -1.0329886364095606, "zone": "wh_forbidden_zone", "min_dist": 0.0}
{"t": 1784287869.1975186, "x": 1.678829359007479, "y": -1.0329817584784242, "zone": "wh_forbidden_zone", "min_dist": 0.0}
{"t": 1784287869.4577878, "x": 1.6788252578978247, "y": -1.0329752194062147, "zone": "wh_forbidden_zone", "min_dist": 0.0}
{"t": 1784287869.6139367, "x": 1.6788168280756588, "y": -1.0329661757117712, "zone": "wh_forbidden_zone", "min_dist": 0.0}
{"t": 1784287869.7743802, "x": 1.6788105801790796, "y": -1.0329616245498103, "zone": "wh_forbidden_zone", "min_dist": 0.0}
{"t": 1784287869.9269254, "x": 1.6788040889903164, "y": -1.0329581925235198, "zone": "wh_forbidden_zone", "min_dist": 0.0}
{"t": 1784287870.0790467, "x": 1.6787971839788536, "y": -1.0329556967052023, "zone": "wh_forbidden_zone", "min_dist": 0.0}
{"t": 1784287870.2391462, "x": 1.6787896158498943, "y": -1.0329541338112733, "zone": "wh_forbidden_zone", "min_dist": 0.0}
{"t": 1784287870.3992476, "x": 1.6787819005489906, "y": -1.032953695233071, "zone": "wh_forbidden_zone", "min_dist": 0.0}
{"t": 1784287870.5594475, "x": 1.6787742042000837, "y": -1.0329543903946994, "zone": "wh_forbidden_zone", "min_dist": 0.0}
{"t": 1784287870.7114458, "x": 1.6787670611564027, "y": -1.0329560875519652, "zone": "wh_forbidden_zone", "min_dist": 0.0}
{"t": 1784287870.8639505, "x": 1.6787602235315602, "y": -1.0329587615866296, "zone": "wh_forbidden_zone", "min_dist": 0.0}
{"t": 1784287871.016118, "x": 1.6787538242209663, "y": -1.032962360531254, "zone": "wh_forbidden_zone", "min_dist": 0.0}
{"t": 1784287871.1686718, "x": 1.6787480242820128, "y": -1.0329667233125155, "zone": "wh_forbidden_zone", "min_dist": 0.0}
{"t": 1784287871.3207984, "x": 1.682846682704258, "y": -1.028973191215324, "zone": "wh_forbidden_zone", "min_dist": 0.0}
{"t": 1784287871.472674, "x": 1.696487545920823, "y": -1.0127853235306417, "zone": "wh_forbidden_zone", "min_dist": 0.0}
{"t": 1784287871.6252708, "x": 1.7142669415078522, "y": -0.9879577849846238, "zone": null, "min_dist": 0.012042215015376168}
{"t": 1784287871.7773657, "x": 1.7308105802547504, "y": -0.9619431579444109, "zone": null, "min_dist": 0.038056842055589124}
{"t": 1784287871.937461, "x": 1.745725537250921, "y": -0.936519293089539, "zone": null, "min_dist": 0.06348070691046104}
{"t": 1784287872.0895836, "x": 1.7584710451826917, "y": -0.9141117041631189, "zone": null, "min_dist": 0.08588829583688107}
{"t": 1784287872.24953, "x": 1.7718560296409156, "y": -0.8909740252622377, "zone": null, "min_dist": 0.10902597473776232}
{"t": 1784287872.4098544, "x": 1.786523084523655, "y": -0.8674989820509935, "zone": null, "min_dist": 0.13250101794900648}
{"t": 1784287872.562117, "x": 1.8009484548777412, "y": -0.8464139626661488, "zone": null, "min_dist": 0.15358603733385123}
{"t": 1784287872.7144601, "x": 1.816402226105122, "y": -0.82565030378981, "zone": null, "min_dist": 0.17434969621019003}
{"t": 1784287872.8669312, "x": 1.8304302538763828, "y": -0.8086585891482374, "zone": null, "min_dist": 0.1913414108517626}
{"t": 1784287873.0194569, "x": 1.8514407350581734, "y": -0.7866091328317155, "zone": null, "min_dist": 0.21339086716828448}
{"t": 1784287873.1717353, "x": 1.8758229582797925, "y": -0.765057671816351, "zone": null, "min_dist": 0.23494232818364902}
{"t": 1784287873.3236017, "x": 1.9025092109059034, "y": -0.7460194804992875, "zone": null, "min_dist": 0.25398051950071254}
{"t": 1784287873.4760299, "x": 1.9314725389716836, "y": -0.7303535467736867, "zone": null, "min_dist": 0.2696464532263133}
{"t": 1784287873.6284344, "x": 1.9611349442858252, "y": -0.7192755188748995, "zone": null, "min_dist": 0.2807244811251005}
{"t": 1784287873.7890112, "x": 1.9937001937074406, "y": -0.7121901238078494, "zone": null, "min_dist": 0.2878098761921506}
{"t": 1784287873.9411602, "x": 2.0252838969797318, "y": -0.7099425042385197, "zone": null, "min_dist": 0.2900574957614803}
{"t": 1784287874.0932903, "x": 2.058228451274149, "y": -0.7122234667856463, "zone": null, "min_dist": 0.2877765332143537}
{"t": 1784287874.2455523, "x": 2.0909302366189917, "y": -0.7191251612895461, "zone": null, "min_dist": 0.28087483871045393}
{"t": 1784287874.4063683, "x": 2.123788853831494, "y": -0.7311508108190062, "zone": null, "min_dist": 0.26884918918099376}
{"t": 1784287874.5582285, "x": 2.152931232651523, "y": -0.7468793957910738, "zone": null, "min_dist": 0.25312060420892624}
{"t": 1784287874.7104127, "x": 2.17971545978761, "y": -0.7665544346814043, "zone": null, "min_dist": 0.23344556531859573}
{"t": 1784287874.8628907, "x": 2.203271868474261, "y": -0.7895618087046764, "zone": null, "min_dist": 0.2104381912953236}
{"t": 1784287875.0393982, "x": 2.2257937719279948, "y": -0.8192598045703888, "zone": null, "min_dist": 0.18074019542961117}
{"t": 1784287875.1935456, "x": 2.2413323552293454, "y": -0.84756269166909, "zone": null, "min_dist": 0.15243730833090996}
{"t": 1784287875.351608, "x": 2.2542838342088967, "y": -0.8801504866863626, "zone": null, "min_dist": 0.11984951331363736}
{"t": 1784287875.504255, "x": 2.263107868843039, "y": -0.9119229924105715, "zone": null, "min_dist": 0.08807700758942849}
{"t": 1784287875.6563902, "x": 2.268974438338986, "y": -0.943776924689839, "zone": null, "min_dist": 0.05622307531016102}
{"t": 1784287875.8084788, "x": 2.2726187978981858, "y": -0.9769924679665157, "zone": null, "min_dist": 0.023007532033484268}
{"t": 1784287875.9605224, "x": 2.2743975184195655, "y": -1.0099315650032763, "zone": "wh_forbidden_zone", "min_dist": 0.0}
{"t": 1784287876.120401, "x": 2.275097563506462, "y": -1.045011178098448, "zone": "wh_forbidden_zone", "min_dist": 0.0}
{"t": 1784287876.2811487, "x": 2.2754379040478074, "y": -1.0801752775985187, "zone": "wh_forbidden_zone", "min_dist": 0.0}
{"t": 1784287876.4334707, "x": 2.276124000243247, "y": -1.1131051559004064, "zone": "wh_forbidden_zone", "min_dist": 0.0}
{"t": 1784287876.5855255, "x": 2.2779147124993315, "y": -1.1460233951096843, "zone": "wh_forbidden_zone", "min_dist": 0.0}
{"t": 1784287876.745939, "x": 2.281723694564192, "y": -1.1803468141855282, "zone": "wh_forbidden_zone", "min_dist": 0.0}
{"t": 1784287876.906188, "x": 2.288168869203156, "y": -1.2137656743646419, "zone": "wh_forbidden_zone", "min_dist": 0.0}
{"t": 1784287877.0586932, "x": 2.2974929519041214, "y": -1.2449153499671932, "zone": "wh_forbidden_zone", "min_dist": 0.0}
{"t": 1784287877.2186444, "x": 2.3106781742678817, "y": -1.2767441810538442, "zone": "wh_forbidden_zone", "min_dist": 0.0}
{"t": 1784287877.3791742, "x": 2.3264905071221103, "y": -1.3078233151226173, "zone": "wh_forbidden_zone", "min_dist": 0.0}
{"t": 1784287877.5312853, "x": 2.3425069747169056, "y": -1.3354626274568695, "zone": "wh_forbidden_zone", "min_dist": 0.0}
{"t": 1784287877.6836572, "x": 2.360595306717634, "y": -1.3632672802826342, "zone": "wh_forbidden_zone", "min_dist": 0.0}
{"t": 1784287877.8443716, "x": 2.380894918480072, "y": -1.392013852535237, "zone": "wh_forbidden_zone", "min_dist": 0.0}
{"t": 1784287877.996181, "x": 2.4006027135363635, "y": -1.4190241641050356, "zone": "wh_forbidden_zone", "min_dist": 0.0}
{"t": 1784287878.1573238, "x": 2.4214448752454487, "y": -1.4473919204162993, "zone": "wh_forbidden_zone", "min_dist": 0.0}
{"t": 1784287878.3162801, "x": 2.4416424195547335, "y": -1.475623242231981, "zone": "wh_forbidden_zone", "min_dist": 0.0}
{"t": 1784287878.4686675, "x": 2.4600062282998096, "y": -1.502338600927007, "zone": "wh_forbidden_zone", "min_dist": 0.0}
{"t": 1784287878.6210337, "x": 2.4780910218701164, "y": -1.5294634190770156, "zone": "wh_forbidden_zone", "min_dist": 0.0}
{"t": 1784287878.7814255, "x": 2.4975019308817514, "y": -1.5587892766200875, "zone": "wh_forbidden_zone", "min_dist": 0.0}
{"t": 1784287878.9339938, "x": 2.5154223347673037, "y": -1.5857665872045608, "zone": "wh_forbidden_zone", "min_dist": 0.0}
{"t": 1784287879.0937335, "x": 2.5349219668920226, "y": -1.6144540122986455, "zone": "wh_forbidden_zone", "min_dist": 0.0}
{"t": 1784287879.2539203, "x": 2.5553391367418015, "y": -1.643116834378826, "zone": "wh_forbidden_zone", "min_dist": 0.0}
{"t": 1784287879.4064422, "x": 2.575270269343842, "y": -1.6698381307838681, "zone": "wh_forbidden_zone", "min_dist": 0.0}
{"t": 1784287879.5584488, "x": 2.595430124669292, "y": -1.6958627101722044, "zone": "wh_forbidden_zone", "min_dist": 0.0}
{"t": 1784287879.718888, "x": 2.6164113762013526, "y": -1.722810304374781, "zone": "wh_forbidden_zone", "min_dist": 0.0}
{"t": 1784287879.8710992, "x": 2.636252427726384, "y": -1.7482934653498028, "zone": "wh_forbidden_zone", "min_dist": 0.0}
{"t": 1784287880.0234582, "x": 2.6559972814415893, "y": -1.773653073291608, "zone": "wh_forbidden_zone", "min_dist": 0.0}
{"t": 1784287880.1755438, "x": 2.676295634380132, "y": -1.79972357636575, "zone": "wh_forbidden_zone", "min_dist": 0.0}
{"t": 1784287880.3279092, "x": 2.6963819330079004, "y": -1.8255217242711141, "zone": "wh_forbidden_zone", "min_dist": 0.0}
{"t": 1784287880.480249, "x": 2.716338841089965, "y": -1.8511536875409553, "zone": "wh_forbidden_zone", "min_dist": 0.0}
{"t": 1784287880.6325524, "x": 2.7368234834906673, "y": -1.877463454274586, "zone": "wh_forbidden_zone", "min_dist": 0.0}
{"t": 1784287880.792874, "x": 2.757463289934352, "y": -1.903972508760675, "zone": "wh_forbidden_zone", "min_dist": 0.0}
{"t": 1784287880.9458354, "x": 2.7780068900464525, "y": -1.9303579987349577, "zone": "wh_forbidden_zone", "min_dist": 0.0}
{"t": 1784287881.0975194, "x": 2.798246293902412, "y": -1.956352789678768, "zone": "wh_forbidden_zone", "min_dist": 0.0}
{"t": 1784287881.249841, "x": 2.8187898940772036, "y": -1.9827382797339235, "zone": "wh_forbidden_zone", "min_dist": 0.0}
{"t": 1784287881.4022386, "x": 2.8386878530589303, "y": -2.008294530823387, "zone": "wh_forbidden_zone", "min_dist": 0.0}
{"t": 1784287881.5623703, "x": 2.8603126953172606, "y": -2.0360687308417913, "zone": "wh_forbidden_zone", "min_dist": 0.0}
{"t": 1784287881.72239, "x": 2.8810249762321845, "y": -2.0626708689639925, "zone": "wh_forbidden_zone", "min_dist": 0.0}
{"t": 1784287881.8743267, "x": 2.901437144141474, "y": -2.088887552039096, "zone": "wh_forbidden_zone", "min_dist": 0.0}
{"t": 1784287882.0263245, "x": 2.9216196404759938, "y": -2.1148092529528753, "zone": "wh_forbidden_zone", "min_dist": 0.0}
{"t": 1784287882.1869226, "x": 2.9432444827749884, "y": -2.142583453023524, "zone": "wh_forbidden_zone", "min_dist": 0.0}
{"t": 1784287882.339458, "x": 2.963085534260908, "y": -2.168066614115737, "zone": "wh_forbidden_zone", "min_dist": 0.0}
{"t": 1784287882.491468, "x": 2.9836291344106214, "y": -2.194452104138761, "zone": "wh_forbidden_zone", "min_dist": 0.0}
{"t": 1784287882.6519158, "x": 3.0046083354806763, "y": -2.221397065197601, "zone": "wh_forbidden_zone", "min_dist": 0.0}
{"t": 1784287882.8124378, "x": 3.0262331777518483, "y": -2.2491712652325204, "zone": "wh_forbidden_zone", "min_dist": 0.0}
{"t": 1784287882.9642847, "x": 3.0464725815910327, "y": -2.2751660561549696, "zone": "wh_forbidden_zone", "min_dist": 0.0}
{"t": 1784287883.1168323, "x": 3.0664254063111893, "y": -2.3007927748565793, "zone": "wh_forbidden_zone", "min_dist": 0.0}
{"t": 1784287883.2691033, "x": 3.0862115919601005, "y": -2.3262054682100834, "zone": "wh_forbidden_zone", "min_dist": 0.0}
{"t": 1784287883.4293528, "x": 3.1078364342027625, "y": -2.3539796682083924, "zone": "wh_forbidden_zone", "min_dist": 0.0}
{"t": 1784287883.5896118, "x": 3.1294612765225516, "y": -2.3817538683057613, "zone": "wh_forbidden_zone", "min_dist": 0.0}
{"t": 1784287883.7420588, "x": 3.1496044826800906, "y": -2.4076251062655425, "zone": "wh_forbidden_zone", "min_dist": 0.0}
{"t": 1784287883.9024234, "x": 3.1705660664978335, "y": -2.43454744036654, "zone": "wh_forbidden_zone", "min_dist": 0.0}
{"t": 1784287884.0625176, "x": 3.1921909087405487, "y": -2.46232164036493, "zone": "wh_forbidden_zone", "min_dist": 0.0}
{"t": 1784287884.2227283, "x": 3.213301542033411, "y": -2.489435408349075, "zone": "wh_forbidden_zone", "min_dist": 0.0}
{"t": 1784287884.3750381, "x": 3.2337137099817337, "y": -2.5156520914743283, "zone": "wh_forbidden_zone", "min_dist": 0.0}
{"t": 1784287884.527204, "x": 3.253954597398366, "y": -2.5416451552883705, "zone": "wh_forbidden_zone", "min_dist": 0.0}
{"t": 1784287884.6795907, "x": 3.2746296879271584, "y": -2.5679245546031524, "zone": "wh_forbidden_zone", "min_dist": 0.0}
{"t": 1784287884.8399827, "x": 3.2964244628541226, "y": -2.5955650902826046, "zone": "wh_forbidden_zone", "min_dist": 0.0}
{"t": 1784287884.9923859, "x": 3.3170731240933367, "y": -2.6212129216325057, "zone": "wh_forbidden_zone", "min_dist": 0.0}
{"t": 1784287885.1685612, "x": 3.341507167105582, "y": -2.6505176701341955, "zone": "wh_forbidden_zone", "min_dist": 0.0}
{"t": 1784287885.3205483, "x": 3.362665031224856, "y": -2.6756539168262967, "zone": "wh_forbidden_zone", "min_dist": 0.0}
{"t": 1784287885.4726555, "x": 3.383481312057216, "y": -2.7003843514613624, "zone": "wh_forbidden_zone", "min_dist": 0.0}
{"t": 1784287885.6329696, "x": 3.4053756025245914, "y": -2.7263954975477973, "zone": "wh_forbidden_zone", "min_dist": 0.0}
{"t": 1784287885.7854857, "x": 3.4268892461293317, "y": -2.7519544222243555, "zone": "wh_forbidden_zone", "min_dist": 0.0}
{"t": 1784287885.9457042, "x": 3.448900689766196, "y": -2.778104750179098, "zone": "wh_forbidden_zone", "min_dist": 0.0}
{"t": 1784287886.097866, "x": 3.470434930314071, "y": -2.8036881447300663, "zone": "wh_forbidden_zone", "min_dist": 0.0}
{"t": 1784287886.2498496, "x": 3.4916503057896833, "y": -2.8288927170854477, "zone": "wh_forbidden_zone", "min_dist": 0.0}
{"t": 1784287886.4023275, "x": 3.513184546365071, "y": -2.854476111672582, "zone": "wh_forbidden_zone", "min_dist": 0.0}
{"t": 1784287886.5627794, "x": 3.535852168053226, "y": -2.8814060007475955, "zone": "wh_forbidden_zone", "min_dist": 0.0}
{"t": 1784287886.7233481, "x": 3.5585197897504584, "y": -2.9083358898335807, "zone": "wh_forbidden_zone", "min_dist": 0.0}
{"t": 1784287886.8997648, "x": 3.5829509381999567, "y": -2.9375754176534445, "zone": "wh_forbidden_zone", "min_dist": 0.0}
{"t": 1784287887.059755, "x": 3.6050991147079285, "y": -2.9642152097923096, "zone": "wh_forbidden_zone", "min_dist": 0.0}
{"t": 1784287887.2115443, "x": 3.6264903135365643, "y": -2.989915651299097, "zone": "wh_forbidden_zone", "min_dist": 0.0}
{"t": 1784287887.3638146, "x": 3.6482343659733614, "y": -3.0153099425384084, "zone": "wh_forbidden_zone", "min_dist": 0.0}
{"t": 1784287887.5159788, "x": 3.6704268092454795, "y": -3.040315029883998, "zone": "wh_forbidden_zone", "min_dist": 0.0}
{"t": 1784287887.6683192, "x": 3.6929325294617312, "y": -3.06503956023143, "zone": "wh_forbidden_zone", "min_dist": 0.0}
{"t": 1784287887.828715, "x": 3.716847808127611, "y": -3.0907295345626875, "zone": "wh_forbidden_zone", "min_dist": 0.0}
{"t": 1784287887.9889252, "x": 3.7407132996616217, "y": -3.116055240309279, "zone": "wh_forbidden_zone", "min_dist": 0.0}
{"t": 1784287888.141168, "x": 3.763329947686905, "y": -3.1400141244315756, "zone": "wh_forbidden_zone", "min_dist": 0.0}
{"t": 1784287888.301542, "x": 3.787160881089981, "y": -3.16524116604951, "zone": "wh_forbidden_zone", "min_dist": 0.0}
{"t": 1784287888.4616277, "x": 3.8098911224917646, "y": -3.1897697628924333, "zone": "wh_forbidden_zone", "min_dist": 0.0}
{"t": 1784287888.6134696, "x": 3.829552664105825, "y": -3.2119462740256406, "zone": "wh_forbidden_zone", "min_dist": 0.0}
{"t": 1784287888.7737076, "x": 3.851669575071028, "y": -3.2380133259105266, "zone": "wh_forbidden_zone", "min_dist": 0.0}
{"t": 1784287888.9262824, "x": 3.8722516298191425, "y": -3.263394409800493, "zone": "wh_forbidden_zone", "min_dist": 0.0}
{"t": 1784287889.0784638, "x": 3.892205856534733, "y": -3.289026927338055, "zone": "wh_forbidden_zone", "min_dist": 0.0}
{"t": 1784287889.2307618, "x": 3.9124837943337982, "y": -3.3153475716099243, "zone": "wh_forbidden_zone", "min_dist": 0.0}
{"t": 1784287889.3912628, "x": 3.9339664321024417, "y": -3.3432319089551754, "zone": "wh_forbidden_zone", "min_dist": 0.0}
{"t": 1784287889.5675437, "x": 3.9572519334412997, "y": -3.3734261221777957, "zone": "wh_forbidden_zone", "min_dist": 0.0}
{"t": 1784287889.7277725, "x": 3.9791472280637783, "y": -3.4009762725792836, "zone": "wh_forbidden_zone", "min_dist": 0.0}
{"t": 1784287889.9039345, "x": 4.003848903004404, "y": -3.430782256325797, "zone": "wh_forbidden_zone", "min_dist": 0.0}
{"t": 1784287890.0562718, "x": 4.025670400662413, "y": -3.4561106726062794, "zone": "wh_forbidden_zone", "min_dist": 0.0}
{"t": 1784287890.2164936, "x": 4.049135956991861, "y": -3.482337255489595, "zone": "wh_forbidden_zone", "min_dist": 0.0}
{"t": 1784287890.3685186, "x": 4.0717900099377395, "y": -3.5069261695065013, "zone": "wh_forbidden_zone", "min_dist": 0.0}
{"t": 1784287890.529091, "x": 4.095588045170376, "y": -3.532178186350667, "zone": "wh_forbidden_zone", "min_dist": 0.0}
{"t": 1784287890.6893907, "x": 4.119606654124282, "y": -3.5570971184201357, "zone": "wh_forbidden_zone", "min_dist": 0.0}
{"t": 1784287890.8416355, "x": 4.14249841012824, "y": -3.5813515745411024, "zone": "wh_forbidden_zone", "min_dist": 0.0}
{"t": 1784287891.0019505, "x": 4.164609427959514, "y": -3.6058320527684042, "zone": "wh_forbidden_zone", "min_dist": 0.0}
{"t": 1784287891.1625786, "x": 4.187613413539916, "y": -3.6324853035505527, "zone": "wh_forbidden_zone", "min_dist": 0.0}
{"t": 1784287891.3145707, "x": 4.208906382507886, "y": -3.6582793998267507, "zone": "wh_forbidden_zone", "min_dist": 0.0}
{"t": 1784287891.475027, "x": 4.230445029871691, "y": -3.685499059182713, "zone": "wh_forbidden_zone", "min_dist": 0.0}
{"t": 1784287891.627196, "x": 4.250333056858788, "y": -3.7110952609791124, "zone": "wh_forbidden_zone", "min_dist": 0.0}
{"t": 1784287891.7793067, "x": 4.270618115933876, "y": -3.7376851612532347, "zone": "wh_forbidden_zone", "min_dist": 0.0}
{"t": 1784287891.9318433, "x": 4.290890762542053, "y": -3.764272334801221, "zone": "wh_forbidden_zone", "min_dist": 0.0}
{"t": 1784287892.0921016, "x": 4.312784476005592, "y": -3.791823755837711, "zone": "wh_forbidden_zone", "min_dist": 0.0}
{"t": 1784287892.2521589, "x": 4.335292744076154, "y": -3.8188755048023517, "zone": "wh_forbidden_zone", "min_dist": 0.0}
{"t": 1784287892.4125588, "x": 4.35840414332515, "y": -3.845413850638281, "zone": "wh_forbidden_zone", "min_dist": 0.0}
{"t": 1784287892.5649543, "x": 4.380351609498928, "y": -3.8698566961804826, "zone": "wh_forbidden_zone", "min_dist": 0.0}
{"t": 1784287892.7168007, "x": 4.40268129485341, "y": -3.894750471687719, "zone": "wh_forbidden_zone", "min_dist": 0.0}
{"t": 1784287892.8696148, "x": 4.424866765739335, "y": -3.9197771187954102, "zone": "wh_forbidden_zone", "min_dist": 0.0}
{"t": 1784287893.0292852, "x": 4.447843788038896, "y": -3.9464530142701846, "zone": "wh_forbidden_zone", "min_dist": 0.0}
{"t": 1784287893.1817257, "x": 4.469171341342409, "y": -3.972217820884409, "zone": "wh_forbidden_zone", "min_dist": 0.0}
{"t": 1784287893.341851, "x": 4.489696096733709, "y": -3.997875080941945, "zone": "wh_forbidden_zone", "min_dist": 0.0}
{"t": 1784287893.5022156, "x": 4.51103500917247, "y": -4.0258068790913075, "zone": null, "min_dist": 0.028067177198105496}
{"t": 1784287893.6545513, "x": 4.530761356989831, "y": -4.052698624943475, "zone": null, "min_dist": 0.06101971939290493}
{"t": 1784287893.8067632, "x": 4.5499092738075175, "y": -4.079630079085639, "zone": null, "min_dist": 0.09397810972337609}
{"t": 1784287893.9589474, "x": 4.568934064751541, "y": -4.106526546463277, "zone": null, "min_dist": 0.12688502821279704}
{"t": 1784287894.1113493, "x": 4.588244796578027, "y": -4.1338272649376275, "zone": null, "min_dist": 0.16030246711695778}
{"t": 1784287894.2636375, "x": 4.607537058297821, "y": -4.161101871030956, "zone": null, "min_dist": 0.19369571951136066}
{"t": 1784287894.415593, "x": 4.625847986896223, "y": -4.186989109133476, "zone": null, "min_dist": 0.22539441594760704}
{"t": 1784287894.5759275, "x": 4.644354414506208, "y": -4.213152736019119, "zone": null, "min_dist": 0.2574340417657822}
{"t": 1784287894.735949, "x": 4.663667065339502, "y": -4.2404561678266655, "zone": null, "min_dist": 0.2908712377027511}
{"t": 1784287894.888426, "x": 4.681040480040216, "y": -4.265017987632657, "zone": null, "min_dist": 0.3209520044836219}
{"t": 1784287895.0485706, "x": 4.696604829223775, "y": -4.2870222260380375, "zone": null, "min_dist": 0.34790115997785914}
{"t": 1784287895.208501, "x": 4.710455504329136, "y": -4.306603742884907, "zone": null, "min_dist": 0.3718835495870521}
{"t": 1784287895.4680886, "x": 4.721873652902663, "y": -4.32269715729408, "zone": null, "min_dist": 0.3916138061637402}
{"t": 1784287895.6255317, "x": 4.72657534157992, "y": -4.329044449608613, "zone": null, "min_dist": 0.39950799144734606}
{"t": 1784287895.7775714, "x": 4.726570407895841, "y": -4.329039208001408, "zone": null, "min_dist": 0.39950087626472325}
{"t": 1784287895.9299119, "x": 4.726565085143838, "y": -4.329034412567037, "zone": null, "min_dist": 0.39949390791296086}
{"t": 1784287896.0901117, "x": 4.72655921525923, "y": -4.329029846040471, "zone": null, "min_dist": 0.3994868178104179}
{"t": 1784287896.242561, "x": 4.72655340260044, "y": -4.329025898808406, "zone": null, "min_dist": 0.3994802702468753}
{"t": 1784287896.402594, "x": 4.726547048170329, "y": -4.329022158736185, "zone": null, "min_dist": 0.3994735860781147}
{"t": 1784287896.554452, "x": 4.726540805864119, "y": -4.329019008153676, "zone": null, "min_dist": 0.3994674510495106}
{"t": 1784287896.715052, "x": 4.7265340416818376, "y": -4.329016125550896, "zone": null, "min_dist": 0.39946124081471474}
{"t": 1784287896.8756185, "x": 4.726527111228954, "y": -4.329013694922035, "zone": null, "min_dist": 0.3994553085990784}
{"t": 1784287897.0274322, "x": 4.726520399632246, "y": -4.3290117922710225, "zone": null, "min_dist": 0.399449935414869}
{"t": 1784287897.187364, "x": 4.7265132720799405, "y": -4.329010180659264, "zone": null, "min_dist": 0.39944456612376467}
{"t": 1784287897.347828, "x": 4.726506127235718, "y": -4.3290088160532445, "zone": null, "min_dist": 0.3994393905413946}
{"t": 1784287897.5081503, "x": 4.726498968311725, "y": -4.329007623455756, "zone": null, "min_dist": 0.39943434872113914}
