[INFO] [1784106542.838598426] [cmd_vel_guard]: Zones loaded: 2
[INFO] [1784106542.838831276] [cmd_vel_guard]: CBF margin: 0.1m (real-time control)
[INFO] [1784106542.838973434] [cmd_vel_guard]: SSM base margin: 0.05m (velocity-dependent)
[INFO] [1784106542.845285340] [cmd_vel_guard]: Spoof detection ON [cusum]: amcl=/amcl_pose, offset_thresh=1.35m, jump_thresh=0.45m, enforce_pose=amcl
[INFO] [1784106542.846353156] [cmd_vel_guard]: DEBUG subscriptions:
[INFO] [1784106542.846730528] [cmd_vel_guard]:   cmd_sub topic: /cmd_vel_nav
[INFO] [1784106542.847103372] [cmd_vel_guard]:   odom_sub topic: /odom
[INFO] [1784106542.847472058] [cmd_vel_guard]:   nav_state_sub topic: /geofence/nav_state
[INFO] [1784106542.851958057] [cmd_vel_guard]: ============================================================
[INFO] [1784106542.852452771] [cmd_vel_guard]: Cmd Vel Guard node initialized
[INFO] [1784106542.852875258] [cmd_vel_guard]: Safety method: geofence
[INFO] [1784106542.853316782] [cmd_vel_guard]: Input: /cmd_vel_nav -> Output: /cmd_vel
[INFO] [1784106542.853477766] [cmd_vel_guard]:   Mode: Forward Simulation
[INFO] [1784106542.853626747] [cmd_vel_guard]:   Horizon: 1.0s, Steps: 10
[INFO] [1784106542.853803230] [cmd_vel_guard]:   Margin: 0.562m
[INFO] [1784106542.854262467] [cmd_vel_guard]: ============================================================
[INFO] [1784106544.772522076] [cmd_vel_guard]: [HEARTBEAT #1] cmds=0, odom=yes, nav_approved=False, pos=(-0.00,0.00)
[INFO] [1784106545.305228320] [cmd_vel_guard]: [HEARTBEAT #2] cmds=0, odom=yes, nav_approved=False, pos=(-0.00,0.00)
[INFO] [1784106550.510329237] [cmd_vel_guard]: [HEARTBEAT #3] cmds=0, odom=yes, nav_approved=False, pos=(-0.00,0.00)
[INFO] [1784106552.105012423] [cmd_vel_guard]: Guard status: cmds=1, nav_approved=False, odom=yes, pos=(-0.00,0.00), passed=0, blocked=0
[INFO] [1784106555.702276735] [cmd_vel_guard]: [HEARTBEAT #4] cmds=30, odom=yes, nav_approved=False, pos=(-0.00,0.00)
[INFO] [1784106561.294861594] [cmd_vel_guard]: [HEARTBEAT #5] cmds=30, odom=yes, nav_approved=False, pos=(-0.00,0.00)
[INFO] [1784106565.865824110] [cmd_vel_guard]: [HEARTBEAT #6] cmds=30, odom=yes, nav_approved=False, pos=(-0.00,0.00)
[INFO] [1784106570.912335990] [cmd_vel_guard]: [HEARTBEAT #7] cmds=30, odom=yes, nav_approved=False, pos=(-0.00,0.00)
[INFO] [1784106576.091228009] [cmd_vel_guard]: [HEARTBEAT #8] cmds=30, odom=yes, nav_approved=False, pos=(-0.00,0.00)
[INFO] [1784106581.403038466] [cmd_vel_guard]: Navigation authorized
[INFO] [1784106581.600832760] [cmd_vel_guard]: [HEARTBEAT #9] cmds=37, odom=yes, nav_approved=True, pos=(-0.00,0.00)
[INFO] [1784106581.927710184] [cmd_vel_guard]: Guard status: cmds=51, nav_approved=True, odom=yes, pos=(0.06,-0.00), passed=50, blocked=0
[INFO] [1784106583.228909608] [cmd_vel_guard]: Guard status: cmds=101, nav_approved=True, odom=yes, pos=(0.26,-0.12), passed=100, blocked=0
[INFO] [1784106584.494986097] [cmd_vel_guard]: Guard status: cmds=151, nav_approved=True, odom=yes, pos=(0.55,-0.23), passed=150, blocked=0
[INFO] [1784106584.581904165] [cmd_vel_guard]: [spoofmon] d_abs=0.088 jump=0.060 max_jump=0.060 c=(0.05,0.05)
[INFO] [1784106585.727709901] [cmd_vel_guard]: Guard status: cmds=201, nav_approved=True, odom=yes, pos=(0.80,-0.23), passed=200, blocked=0
[INFO] [1784106586.633242029] [cmd_vel_guard]: [HEARTBEAT #10] cmds=231, odom=yes, nav_approved=True, pos=(0.94,-0.23)
[INFO] [1784106587.076641099] [cmd_vel_guard]: Guard status: cmds=251, nav_approved=True, odom=yes, pos=(1.02,-0.22), passed=250, blocked=0
[INFO] [1784106588.422954927] [cmd_vel_guard]: Guard status: cmds=301, nav_approved=True, odom=yes, pos=(1.29,-0.22), passed=300, blocked=0
[INFO] [1784106589.677790568] [cmd_vel_guard]: Guard status: cmds=351, nav_approved=True, odom=yes, pos=(1.54,-0.23), passed=350, blocked=0
[INFO] [1784106590.436077160] [cmd_vel_guard]: [spoofmon] d_abs=0.244 jump=0.040 max_jump=0.068 c=(0.20,0.03)
[INFO] [1784106591.127777938] [cmd_vel_guard]: Guard status: cmds=401, nav_approved=True, odom=yes, pos=(1.90,-0.23), passed=400, blocked=0
[INFO] [1784106591.593249529] [cmd_vel_guard]: [HEARTBEAT #11] cmds=406, odom=yes, nav_approved=True, pos=(1.94,-0.23)
[INFO] [1784106592.477604651] [cmd_vel_guard]: Guard status: cmds=451, nav_approved=True, odom=yes, pos=(2.18,-0.21), passed=450, blocked=0
[INFO] [1784106593.727608825] [cmd_vel_guard]: Guard status: cmds=501, nav_approved=True, odom=yes, pos=(2.44,-0.19), passed=500, blocked=0
[INFO] [1784106594.890846577] [cmd_vel_guard]: [spoofmon] d_abs=0.283 jump=0.011 max_jump=0.068 c=(0.19,-0.09)
[INFO] [1784106594.977598081] [cmd_vel_guard]: Guard status: cmds=551, nav_approved=True, odom=yes, pos=(2.71,-0.17), passed=550, blocked=0
[INFO] [1784106596.228522314] [cmd_vel_guard]: Guard status: cmds=601, nav_approved=True, odom=yes, pos=(2.98,-0.14), passed=600, blocked=0
[INFO] [1784106596.543783722] [cmd_vel_guard]: [HEARTBEAT #12] cmds=613, odom=yes, nav_approved=True, pos=(3.03,-0.13)
[INFO] [1784106597.485039897] [cmd_vel_guard]: Guard status: cmds=651, nav_approved=True, odom=yes, pos=(3.24,-0.10), passed=650, blocked=0
[INFO] [1784106598.727437494] [cmd_vel_guard]: Guard status: cmds=701, nav_approved=True, odom=yes, pos=(3.50,-0.04), passed=700, blocked=0
[INFO] [1784106599.900545755] [cmd_vel_guard]: [spoofmon] d_abs=0.337 jump=0.014 max_jump=0.068 c=(0.15,-0.21)
[INFO] [1784106599.977351843] [cmd_vel_guard]: Guard status: cmds=751, nav_approved=True, odom=yes, pos=(3.75,0.03), passed=750, blocked=0
[INFO] [1784106601.227316468] [cmd_vel_guard]: Guard status: cmds=801, nav_approved=True, odom=yes, pos=(4.01,0.10), passed=800, blocked=0
[INFO] [1784106601.555345631] [cmd_vel_guard]: [HEARTBEAT #13] cmds=813, odom=yes, nav_approved=True, pos=(4.06,0.13)
[INFO] [1784106602.495091608] [cmd_vel_guard]: Guard status: cmds=851, nav_approved=True, odom=yes, pos=(4.14,0.16), passed=850, blocked=0
[INFO] [1784106602.649523183] [cmd_vel_guard]: Navigation completed
[INFO] [1784106606.931811153] [cmd_vel_guard]: [HEARTBEAT #14] cmds=900, odom=yes, nav_approved=False, pos=(4.14,0.16)
