[INFO] [1784102696.215957749] [cmd_vel_guard]: Zones loaded: 2
[INFO] [1784102696.216167004] [cmd_vel_guard]: CBF margin: 0.1m (real-time control)
[INFO] [1784102696.216300035] [cmd_vel_guard]: SSM base margin: 0.05m (velocity-dependent)
[INFO] [1784102696.222055601] [cmd_vel_guard]: Spoof detection ON [cusum]: amcl=/amcl_pose, offset_thresh=1.35m, jump_thresh=0.45m, enforce_pose=amcl
[INFO] [1784102696.223356767] [cmd_vel_guard]: DEBUG subscriptions:
[INFO] [1784102696.223644270] [cmd_vel_guard]:   cmd_sub topic: /cmd_vel_nav
[INFO] [1784102696.224082788] [cmd_vel_guard]:   odom_sub topic: /odom
[INFO] [1784102696.224510014] [cmd_vel_guard]:   nav_state_sub topic: /geofence/nav_state
[INFO] [1784102696.227125281] [cmd_vel_guard]: ============================================================
[INFO] [1784102696.227557738] [cmd_vel_guard]: Cmd Vel Guard node initialized
[INFO] [1784102696.227987509] [cmd_vel_guard]: Safety method: geofence
[INFO] [1784102696.228441145] [cmd_vel_guard]: Input: /cmd_vel_nav -> Output: /cmd_vel
[INFO] [1784102696.228597060] [cmd_vel_guard]:   Mode: Forward Simulation
[INFO] [1784102696.228756721] [cmd_vel_guard]:   Horizon: 1.0s, Steps: 10
[INFO] [1784102696.228918637] [cmd_vel_guard]:   Margin: 0.562m
[INFO] [1784102696.229369368] [cmd_vel_guard]: ============================================================
[INFO] [1784102697.603938411] [cmd_vel_guard]: [HEARTBEAT #1] cmds=0, odom=no, nav_approved=False, pos=(0.00,0.00)
[INFO] [1784102700.972503366] [cmd_vel_guard]: [HEARTBEAT #2] cmds=0, odom=yes, nav_approved=False, pos=(-0.00,0.00)
[INFO] [1784102706.181230917] [cmd_vel_guard]: [HEARTBEAT #3] cmds=0, odom=yes, nav_approved=False, pos=(-0.00,0.00)
[INFO] [1784102711.479578860] [cmd_vel_guard]: [HEARTBEAT #4] cmds=0, odom=yes, nav_approved=False, pos=(-0.00,0.00)
[INFO] [1784102716.489427765] [cmd_vel_guard]: [HEARTBEAT #5] cmds=0, odom=yes, nav_approved=False, pos=(-0.00,0.00)
[INFO] [1784102721.557409292] [cmd_vel_guard]: [HEARTBEAT #6] cmds=0, odom=yes, nav_approved=False, pos=(-0.00,0.00)
[INFO] [1784102726.644805607] [cmd_vel_guard]: [HEARTBEAT #7] cmds=0, odom=yes, nav_approved=False, pos=(-0.00,0.00)
[INFO] [1784102731.650198216] [cmd_vel_guard]: [HEARTBEAT #8] cmds=0, odom=yes, nav_approved=False, pos=(-0.00,0.00)
[INFO] [1784102736.890466888] [cmd_vel_guard]: [HEARTBEAT #9] cmds=0, odom=yes, nav_approved=False, pos=(-0.00,0.00)
[INFO] [1784102741.887570617] [cmd_vel_guard]: [HEARTBEAT #10] cmds=0, odom=yes, nav_approved=False, pos=(-0.00,0.00)
