[INFO] [1784103514.209139517] [cmd_vel_guard]: Zones loaded: 2
[INFO] [1784103514.209355755] [cmd_vel_guard]: CBF margin: 0.1m (real-time control)
[INFO] [1784103514.209493125] [cmd_vel_guard]: SSM base margin: 0.05m (velocity-dependent)
[INFO] [1784103514.216749472] [cmd_vel_guard]: Spoof detection ON [cusum]: amcl=/amcl_pose, offset_thresh=1.35m, jump_thresh=0.45m, enforce_pose=amcl
[INFO] [1784103514.217526328] [cmd_vel_guard]: DEBUG subscriptions:
[INFO] [1784103514.217777041] [cmd_vel_guard]:   cmd_sub topic: /cmd_vel_nav
[INFO] [1784103514.217997598] [cmd_vel_guard]:   odom_sub topic: /odom
[INFO] [1784103514.218218344] [cmd_vel_guard]:   nav_state_sub topic: /geofence/nav_state
[INFO] [1784103514.219826680] [cmd_vel_guard]: ============================================================
[INFO] [1784103514.220085860] [cmd_vel_guard]: Cmd Vel Guard node initialized
[INFO] [1784103514.220324460] [cmd_vel_guard]: Safety method: geofence
[INFO] [1784103514.220594009] [cmd_vel_guard]: Input: /cmd_vel_nav -> Output: /cmd_vel
[INFO] [1784103514.220707363] [cmd_vel_guard]:   Mode: Forward Simulation
[INFO] [1784103514.220855883] [cmd_vel_guard]:   Horizon: 1.0s, Steps: 10
[INFO] [1784103514.221027918] [cmd_vel_guard]:   Margin: 0.562m
[INFO] [1784103514.221450055] [cmd_vel_guard]: ============================================================
[INFO] [1784103518.638645593] [cmd_vel_guard]: [HEARTBEAT #1] cmds=0, odom=yes, nav_approved=False, pos=(-0.00,0.00)
[INFO] [1784103522.903400392] [cmd_vel_guard]: [HEARTBEAT #2] cmds=0, odom=yes, nav_approved=False, pos=(-0.00,0.00)
[INFO] [1784103528.066905713] [cmd_vel_guard]: [HEARTBEAT #3] cmds=0, odom=yes, nav_approved=False, pos=(-0.00,0.00)
[INFO] [1784103533.224481077] [cmd_vel_guard]: [HEARTBEAT #4] cmds=0, odom=yes, nav_approved=False, pos=(-0.00,0.00)
[INFO] [1784103538.242555988] [cmd_vel_guard]: [HEARTBEAT #5] cmds=0, odom=yes, nav_approved=False, pos=(-0.00,0.00)
[INFO] [1784103543.419226381] [cmd_vel_guard]: [HEARTBEAT #6] cmds=0, odom=yes, nav_approved=False, pos=(-0.00,0.00)
[INFO] [1784103549.092049700] [cmd_vel_guard]: [HEARTBEAT #7] cmds=0, odom=yes, nav_approved=False, pos=(-0.00,0.00)
[INFO] [1784103550.313811547] [cmd_vel_guard]: Navigation authorized
[INFO] [1784103550.341384974] [cmd_vel_guard]: Guard status: cmds=1, nav_approved=True, odom=yes, pos=(-0.00,0.00), passed=0, blocked=0
[INFO] [1784103551.628269907] [cmd_vel_guard]: Guard status: cmds=51, nav_approved=True, odom=yes, pos=(0.23,-0.06), passed=50, blocked=0
[INFO] [1784103552.868226839] [cmd_vel_guard]: Guard status: cmds=101, nav_approved=True, odom=yes, pos=(0.46,-0.21), passed=100, blocked=0
[INFO] [1784103553.426163239] [cmd_vel_guard]: [spoofmon] d_abs=0.091 jump=0.041 max_jump=0.050 c=(0.10,0.08)
[INFO] [1784103553.676205719] [cmd_vel_guard]: [HEARTBEAT #8] cmds=133, odom=yes, nav_approved=True, pos=(0.61,-0.25)
[INFO] [1784103554.118465408] [cmd_vel_guard]: Guard status: cmds=151, nav_approved=True, odom=yes, pos=(0.71,-0.26), passed=150, blocked=0
[INFO] [1784103555.378398175] [cmd_vel_guard]: Guard status: cmds=201, nav_approved=True, odom=yes, pos=(0.98,-0.25), passed=200, blocked=0
[INFO] [1784103556.609113662] [cmd_vel_guard]: Guard status: cmds=251, nav_approved=True, odom=yes, pos=(1.23,-0.23), passed=250, blocked=0
[INFO] [1784103557.265425195] [cmd_vel_guard]: Navigation completed
[WARN] [1784103557.308397860] [cmd_vel_guard]: BLOCKED (unapproved): cmd_vel without goal_gate authorization (speed=0.22m/s, pos=(1.37, -0.22))
[INFO] [1784103558.428229112] [cmd_vel_guard]: Guard status: cmds=301, nav_approved=False, odom=yes, pos=(1.43,-0.22), passed=295, blocked=5
[INFO] [1784103558.713464652] [cmd_vel_guard]: [HEARTBEAT #9] cmds=306, odom=yes, nav_approved=False, pos=(1.43,-0.22)
