[INFO] [1784183240.805188982] [cmd_vel_guard]: Zones loaded: 2
[INFO] [1784183240.805399032] [cmd_vel_guard]: CBF margin: 0.1m (real-time control)
[INFO] [1784183240.805537066] [cmd_vel_guard]: SSM base margin: 0.05m (velocity-dependent)
[INFO] [1784183240.809409981] [cmd_vel_guard]: Spoof detection ON [memoryless]: amcl=/amcl_pose, offset_thresh=0.95m, jump_thresh=0.45m, enforce_pose=amcl
[INFO] [1784183240.809883995] [cmd_vel_guard]: DEBUG subscriptions:
[INFO] [1784183240.810167666] [cmd_vel_guard]:   cmd_sub topic: /cmd_vel_nav
[INFO] [1784183240.810387706] [cmd_vel_guard]:   odom_sub topic: /odom
[INFO] [1784183240.810631491] [cmd_vel_guard]:   nav_state_sub topic: /geofence/nav_state
[INFO] [1784183240.811183323] [cmd_vel_guard]: ============================================================
[INFO] [1784183240.811445052] [cmd_vel_guard]: Cmd Vel Guard node initialized
[INFO] [1784183240.811754943] [cmd_vel_guard]: Safety method: geofence
[INFO] [1784183240.812013015] [cmd_vel_guard]: Input: /cmd_vel_nav -> Output: /cmd_vel
[INFO] [1784183240.812104760] [cmd_vel_guard]:   Mode: Forward Simulation
[INFO] [1784183240.812199801] [cmd_vel_guard]:   Horizon: 1.0s, Steps: 10
[INFO] [1784183240.812331082] [cmd_vel_guard]:   Margin: 0.562m
[INFO] [1784183240.812621997] [cmd_vel_guard]: ============================================================
[INFO] [1784183241.042747877] [cmd_vel_guard]: [HEARTBEAT #1] cmds=0, odom=no, nav_approved=False, pos=(0.00,0.00)
[INFO] [1784183241.907407522] [cmd_vel_guard]: [HEARTBEAT #2] cmds=0, odom=no, nav_approved=False, pos=(0.00,0.00)
[INFO] [1784183246.915486399] [cmd_vel_guard]: [HEARTBEAT #3] cmds=0, odom=yes, nav_approved=False, pos=(-0.00,0.00)
[INFO] [1784183250.781019878] [cmd_vel_guard]: Guard status: cmds=1, nav_approved=False, odom=yes, pos=(-0.00,0.00), passed=0, blocked=0
[INFO] [1784183251.923061136] [cmd_vel_guard]: [HEARTBEAT #4] cmds=24, odom=yes, nav_approved=False, pos=(-0.00,0.00)
[INFO] [1784183256.930658522] [cmd_vel_guard]: [HEARTBEAT #5] cmds=44, odom=yes, nav_approved=False, pos=(-0.00,0.00)
[INFO] [1784183261.937992939] [cmd_vel_guard]: [HEARTBEAT #6] cmds=45, odom=yes, nav_approved=False, pos=(-0.00,0.00)
[INFO] [1784183267.040758090] [cmd_vel_guard]: [HEARTBEAT #7] cmds=46, odom=yes, nav_approved=False, pos=(-0.00,0.00)
[INFO] [1784183272.049259385] [cmd_vel_guard]: [HEARTBEAT #8] cmds=46, odom=yes, nav_approved=False, pos=(-0.00,0.00)
[INFO] [1784183277.055882464] [cmd_vel_guard]: [HEARTBEAT #9] cmds=46, odom=yes, nav_approved=False, pos=(-0.00,0.00)
[INFO] [1784183282.063226516] [cmd_vel_guard]: [HEARTBEAT #10] cmds=46, odom=yes, nav_approved=False, pos=(-0.00,0.00)
[INFO] [1784183287.070255389] [cmd_vel_guard]: [HEARTBEAT #11] cmds=46, odom=yes, nav_approved=False, pos=(-0.00,0.00)
[INFO] [1784183288.354813001] [cmd_vel_guard]: Navigation authorized
[INFO] [1784183288.478668457] [cmd_vel_guard]: Guard status: cmds=51, nav_approved=True, odom=yes, pos=(0.00,-0.00), passed=50, blocked=0
[INFO] [1784183289.746007959] [cmd_vel_guard]: Guard status: cmds=101, nav_approved=True, odom=yes, pos=(0.24,-0.09), passed=100, blocked=0
[INFO] [1784183290.978344537] [cmd_vel_guard]: Guard status: cmds=151, nav_approved=True, odom=yes, pos=(0.48,-0.21), passed=150, blocked=0
[INFO] [1784183291.325426917] [cmd_vel_guard]: [spoofmon] d_abs=0.103 jump=0.063 max_jump=0.063 c=(0.11,0.07)
[INFO] [1784183292.078637120] [cmd_vel_guard]: [HEARTBEAT #12] cmds=194, odom=yes, nav_approved=True, pos=(0.71,-0.25)
[INFO] [1784183292.228468519] [cmd_vel_guard]: Guard status: cmds=201, nav_approved=True, odom=yes, pos=(0.74,-0.25), passed=200, blocked=0
[INFO] [1784183293.478167806] [cmd_vel_guard]: Guard status: cmds=251, nav_approved=True, odom=yes, pos=(1.00,-0.26), passed=250, blocked=0
[INFO] [1784183294.755961716] [cmd_vel_guard]: Guard status: cmds=301, nav_approved=True, odom=yes, pos=(1.27,-0.27), passed=300, blocked=0
[INFO] [1784183295.986297844] [cmd_vel_guard]: Guard status: cmds=351, nav_approved=True, odom=yes, pos=(1.53,-0.27), passed=350, blocked=0
[INFO] [1784183296.331466998] [cmd_vel_guard]: [spoofmon] d_abs=0.211 jump=0.014 max_jump=0.063 c=(0.22,0.06)
[INFO] [1784183297.086077215] [cmd_vel_guard]: [HEARTBEAT #13] cmds=394, odom=yes, nav_approved=True, pos=(1.77,-0.27)
[INFO] [1784183297.228216360] [cmd_vel_guard]: Guard status: cmds=401, nav_approved=True, odom=yes, pos=(1.80,-0.27), passed=400, blocked=0
[INFO] [1784183298.485865673] [cmd_vel_guard]: Guard status: cmds=451, nav_approved=True, odom=yes, pos=(2.07,-0.28), passed=450, blocked=0
[INFO] [1784183299.755981851] [cmd_vel_guard]: Guard status: cmds=501, nav_approved=True, odom=yes, pos=(2.34,-0.28), passed=500, blocked=0
[INFO] [1784183300.996442332] [cmd_vel_guard]: Guard status: cmds=551, nav_approved=True, odom=yes, pos=(2.60,-0.28), passed=550, blocked=0
[INFO] [1784183301.335014082] [cmd_vel_guard]: [spoofmon] d_abs=0.174 jump=0.012 max_jump=0.063 c=(0.18,0.11)
[INFO] [1784183302.094553911] [cmd_vel_guard]: [HEARTBEAT #14] cmds=594, odom=yes, nav_approved=True, pos=(2.83,-0.28)
[INFO] [1784183302.228221519] [cmd_vel_guard]: Guard status: cmds=601, nav_approved=True, odom=yes, pos=(2.86,-0.28), passed=600, blocked=0
[INFO] [1784183303.495940788] [cmd_vel_guard]: Guard status: cmds=651, nav_approved=True, odom=yes, pos=(3.12,-0.29), passed=650, blocked=0
[INFO] [1784183304.728330628] [cmd_vel_guard]: Guard status: cmds=701, nav_approved=True, odom=yes, pos=(3.38,-0.29), passed=700, blocked=0
[INFO] [1784183306.006185033] [cmd_vel_guard]: Guard status: cmds=751, nav_approved=True, odom=yes, pos=(3.65,-0.30), passed=750, blocked=0
[INFO] [1784183306.342307116] [cmd_vel_guard]: [spoofmon] d_abs=0.157 jump=0.011 max_jump=0.063 c=(0.13,0.17)
[INFO] [1784183307.102353045] [cmd_vel_guard]: [HEARTBEAT #15] cmds=795, odom=yes, nav_approved=True, pos=(3.88,-0.30)
[INFO] [1784183307.236481951] [cmd_vel_guard]: Guard status: cmds=801, nav_approved=True, odom=yes, pos=(3.92,-0.29), passed=800, blocked=0
[INFO] [1784183308.479336146] [cmd_vel_guard]: Guard status: cmds=851, nav_approved=True, odom=yes, pos=(4.14,-0.26), passed=850, blocked=0
[INFO] [1784183308.964967433] [cmd_vel_guard]: Navigation completed
