[INFO] [1784185403.964791118] [cmd_vel_guard]: Zones loaded: 2
[INFO] [1784185403.965004446] [cmd_vel_guard]: CBF margin: 0.1m (real-time control)
[INFO] [1784185403.965140891] [cmd_vel_guard]: SSM base margin: 0.05m (velocity-dependent)
[INFO] [1784185403.969544720] [cmd_vel_guard]: Spoof detection ON [cusum]: amcl=/amcl_pose, offset_thresh=0.95m, jump_thresh=0.45m, enforce_pose=amcl
[INFO] [1784185403.970092723] [cmd_vel_guard]: DEBUG subscriptions:
[INFO] [1784185403.970391791] [cmd_vel_guard]:   cmd_sub topic: /cmd_vel_nav
[INFO] [1784185403.970677865] [cmd_vel_guard]:   odom_sub topic: /odom
[INFO] [1784185403.970990509] [cmd_vel_guard]:   nav_state_sub topic: /geofence/nav_state
[INFO] [1784185403.972388518] [cmd_vel_guard]: ============================================================
[INFO] [1784185403.972776602] [cmd_vel_guard]: Cmd Vel Guard node initialized
[INFO] [1784185403.973063888] [cmd_vel_guard]: Safety method: geofence
[INFO] [1784185403.973312232] [cmd_vel_guard]: Input: /cmd_vel_nav -> Output: /cmd_vel
[INFO] [1784185403.973641897] [cmd_vel_guard]: Simulated comm latency: 50ms
[INFO] [1784185403.973739980] [cmd_vel_guard]:   Mode: Forward Simulation
[INFO] [1784185403.973841890] [cmd_vel_guard]:   Horizon: 1.0s, Steps: 10
[INFO] [1784185403.973960752] [cmd_vel_guard]:   Margin: 0.562m
[INFO] [1784185403.974215969] [cmd_vel_guard]: ============================================================
[INFO] [1784185405.702713539] [cmd_vel_guard]: [HEARTBEAT #1] cmds=0, odom=yes, nav_approved=False, pos=(-0.00,0.00)
[INFO] [1784185409.876298387] [cmd_vel_guard]: [HEARTBEAT #2] cmds=0, odom=yes, nav_approved=False, pos=(-0.00,0.00)
[INFO] [1784185413.901308538] [cmd_vel_guard]: Guard status: cmds=1, nav_approved=False, odom=yes, pos=(-0.00,0.00), passed=0, blocked=0
[INFO] [1784185414.969194949] [cmd_vel_guard]: [HEARTBEAT #3] cmds=20, odom=yes, nav_approved=False, pos=(-0.00,0.00)
[INFO] [1784185419.892548932] [cmd_vel_guard]: [HEARTBEAT #4] cmds=41, odom=yes, nav_approved=False, pos=(-0.00,0.00)
[INFO] [1784185424.900621790] [cmd_vel_guard]: [HEARTBEAT #5] cmds=42, odom=yes, nav_approved=False, pos=(-0.00,0.00)
[INFO] [1784185430.004352572] [cmd_vel_guard]: [HEARTBEAT #6] cmds=42, odom=yes, nav_approved=False, pos=(-0.00,0.00)
[INFO] [1784185435.012824817] [cmd_vel_guard]: [HEARTBEAT #7] cmds=42, odom=yes, nav_approved=False, pos=(-0.00,0.00)
[INFO] [1784185440.022086410] [cmd_vel_guard]: [HEARTBEAT #8] cmds=42, odom=yes, nav_approved=False, pos=(-0.00,0.00)
[INFO] [1784185445.029600592] [cmd_vel_guard]: [HEARTBEAT #9] cmds=42, odom=yes, nav_approved=False, pos=(-0.00,0.00)
[INFO] [1784185450.036868060] [cmd_vel_guard]: [HEARTBEAT #10] cmds=42, odom=yes, nav_approved=False, pos=(-0.00,0.00)
[INFO] [1784185452.046304975] [cmd_vel_guard]: Navigation authorized
[INFO] [1784185452.478665198] [cmd_vel_guard]: Guard status: cmds=51, nav_approved=True, odom=yes, pos=(0.02,-0.00), passed=50, blocked=0
[INFO] [1784185455.028479347] [cmd_vel_guard]: Guard status: cmds=101, nav_approved=True, odom=yes, pos=(0.50,-0.00), passed=100, blocked=0
[INFO] [1784185455.131319099] [cmd_vel_guard]: [HEARTBEAT #11] cmds=102, odom=yes, nav_approved=True, pos=(0.53,-0.00)
[INFO] [1784185455.952685521] [cmd_vel_guard]: [spoofmon] d_abs=0.036 jump=0.017 max_jump=0.019 c=(0.14,-0.00)
[INFO] [1784185457.589318910] [cmd_vel_guard]: Guard status: cmds=151, nav_approved=True, odom=yes, pos=(1.04,-0.03), passed=150, blocked=0
[INFO] [1784185460.141121289] [cmd_vel_guard]: [HEARTBEAT #12] cmds=200, odom=yes, nav_approved=True, pos=(1.57,-0.05)
[INFO] [1784185460.141442027] [cmd_vel_guard]: Guard status: cmds=201, nav_approved=True, odom=yes, pos=(1.57,-0.05), passed=200, blocked=0
[INFO] [1784185460.964871998] [cmd_vel_guard]: [spoofmon] d_abs=0.148 jump=0.001 max_jump=0.029 c=(0.25,0.01)
[INFO] [1784185462.695945425] [cmd_vel_guard]: Guard status: cmds=251, nav_approved=True, odom=yes, pos=(2.09,-0.09), passed=250, blocked=0
[INFO] [1784185465.147840688] [cmd_vel_guard]: [HEARTBEAT #13] cmds=298, odom=yes, nav_approved=True, pos=(2.61,-0.10)
[INFO] [1784185465.250259009] [cmd_vel_guard]: Guard status: cmds=301, nav_approved=True, odom=yes, pos=(2.62,-0.10), passed=300, blocked=0
[INFO] [1784185466.170896848] [cmd_vel_guard]: [spoofmon] d_abs=0.117 jump=0.006 max_jump=0.029 c=(0.20,0.08)
[INFO] [1784185467.804539243] [cmd_vel_guard]: Guard status: cmds=351, nav_approved=True, odom=yes, pos=(3.16,-0.15), passed=350, blocked=0
[INFO] [1784185470.153352794] [cmd_vel_guard]: [HEARTBEAT #14] cmds=396, odom=yes, nav_approved=True, pos=(3.66,-0.15)
[INFO] [1784185470.357927272] [cmd_vel_guard]: Guard status: cmds=401, nav_approved=True, odom=yes, pos=(3.70,-0.15), passed=400, blocked=0
[INFO] [1784185471.175982897] [cmd_vel_guard]: [spoofmon] d_abs=0.141 jump=0.011 max_jump=0.029 c=(0.18,0.12)
[INFO] [1784185472.147237230] [cmd_vel_guard]: Navigation completed
[WARN] [1784185472.148037164] [cmd_vel_guard]: BLOCKED (unapproved): cmd_vel without goal_gate authorization (speed=0.16m/s, pos=(4.07, -0.15))
[INFO] [1784185472.410989653] [cmd_vel_guard]: Guard status: cmds=451, nav_approved=False, odom=yes, pos=(4.18,-0.15), passed=436, blocked=14
