[INFO] [1784184122.367011020] [cmd_vel_guard]: Zones loaded: 2
[INFO] [1784184122.367224057] [cmd_vel_guard]: CBF margin: 0.1m (real-time control)
[INFO] [1784184122.367354697] [cmd_vel_guard]: SSM base margin: 0.05m (velocity-dependent)
[INFO] [1784184122.371433327] [cmd_vel_guard]: Spoof detection ON [memoryless]: amcl=/amcl_pose, offset_thresh=0.95m, jump_thresh=0.45m, enforce_pose=amcl
[INFO] [1784184122.371869277] [cmd_vel_guard]: DEBUG subscriptions:
[INFO] [1784184122.372100054] [cmd_vel_guard]:   cmd_sub topic: /cmd_vel_nav
[INFO] [1784184122.372319361] [cmd_vel_guard]:   odom_sub topic: /odom
[INFO] [1784184122.372538558] [cmd_vel_guard]:   nav_state_sub topic: /geofence/nav_state
[INFO] [1784184122.373073843] [cmd_vel_guard]: ============================================================
[INFO] [1784184122.373320258] [cmd_vel_guard]: Cmd Vel Guard node initialized
[INFO] [1784184122.373558027] [cmd_vel_guard]: Safety method: geofence
[INFO] [1784184122.373805344] [cmd_vel_guard]: Input: /cmd_vel_nav -> Output: /cmd_vel
[INFO] [1784184122.374055375] [cmd_vel_guard]: Simulated comm latency: 50ms
[INFO] [1784184122.374146236] [cmd_vel_guard]:   Mode: Forward Simulation
[INFO] [1784184122.374244409] [cmd_vel_guard]:   Horizon: 1.0s, Steps: 10
[INFO] [1784184122.374355255] [cmd_vel_guard]:   Margin: 0.562m
[INFO] [1784184122.374604755] [cmd_vel_guard]: ============================================================
[INFO] [1784184125.206250470] [cmd_vel_guard]: [HEARTBEAT #1] cmds=0, odom=yes, nav_approved=False, pos=(-0.00,0.00)
[INFO] [1784184128.467842830] [cmd_vel_guard]: [HEARTBEAT #2] cmds=0, odom=yes, nav_approved=False, pos=(-0.00,0.00)
[INFO] [1784184132.329183877] [cmd_vel_guard]: Guard status: cmds=1, nav_approved=False, odom=yes, pos=(-0.00,0.00), passed=0, blocked=0
[INFO] [1784184133.554907681] [cmd_vel_guard]: [HEARTBEAT #3] cmds=18, odom=yes, nav_approved=False, pos=(-0.00,0.00)
[INFO] [1784184138.482597058] [cmd_vel_guard]: [HEARTBEAT #4] cmds=37, odom=yes, nav_approved=False, pos=(-0.00,0.00)
[INFO] [1784184143.490350512] [cmd_vel_guard]: [HEARTBEAT #5] cmds=38, odom=yes, nav_approved=False, pos=(-0.00,0.00)
[INFO] [1784184148.497631004] [cmd_vel_guard]: [HEARTBEAT #6] cmds=40, odom=yes, nav_approved=False, pos=(-0.00,0.00)
[INFO] [1784184153.601477598] [cmd_vel_guard]: [HEARTBEAT #7] cmds=40, odom=yes, nav_approved=False, pos=(-0.00,0.00)
[INFO] [1784184158.608416930] [cmd_vel_guard]: [HEARTBEAT #8] cmds=40, odom=yes, nav_approved=False, pos=(-0.00,0.00)
[INFO] [1784184163.615518593] [cmd_vel_guard]: [HEARTBEAT #9] cmds=40, odom=yes, nav_approved=False, pos=(-0.00,0.00)
[INFO] [1784184168.622642650] [cmd_vel_guard]: [HEARTBEAT #10] cmds=40, odom=yes, nav_approved=False, pos=(-0.00,0.00)
[INFO] [1784184173.041524940] [cmd_vel_guard]: Navigation authorized
[INFO] [1784184173.576976853] [cmd_vel_guard]: Guard status: cmds=51, nav_approved=True, odom=yes, pos=(0.03,-0.00), passed=50, blocked=0
[INFO] [1784184173.730658475] [cmd_vel_guard]: [HEARTBEAT #11] cmds=53, odom=yes, nav_approved=True, pos=(0.05,-0.00)
[INFO] [1784184175.876433307] [cmd_vel_guard]: [spoofmon] d_abs=0.094 jump=0.028 max_jump=0.067 c=(0.08,0.03)
[INFO] [1784184176.132881788] [cmd_vel_guard]: Guard status: cmds=101, nav_approved=True, odom=yes, pos=(0.45,-0.25), passed=100, blocked=0
[INFO] [1784184178.674715624] [cmd_vel_guard]: Guard status: cmds=151, nav_approved=True, odom=yes, pos=(0.98,-0.19), passed=150, blocked=0
[INFO] [1784184178.726260863] [cmd_vel_guard]: [HEARTBEAT #12] cmds=151, odom=yes, nav_approved=True, pos=(0.99,-0.19)
[INFO] [1784184180.055164682] [cmd_vel_guard]: [spoofmon] d_abs=0.307 jump=0.005 max_jump=0.067 c=(0.29,0.04)
[INFO] [1784184181.230119889] [cmd_vel_guard]: Guard status: cmds=201, nav_approved=True, odom=yes, pos=(1.52,-0.19), passed=200, blocked=0
[INFO] [1784184183.734576616] [cmd_vel_guard]: [HEARTBEAT #13] cmds=249, odom=yes, nav_approved=True, pos=(2.05,-0.17)
[INFO] [1784184183.785935283] [cmd_vel_guard]: Guard status: cmds=251, nav_approved=True, odom=yes, pos=(2.05,-0.17), passed=250, blocked=0
[INFO] [1784184185.062956672] [cmd_vel_guard]: [spoofmon] d_abs=0.275 jump=0.007 max_jump=0.067 c=(0.26,0.06)
[INFO] [1784184186.339725560] [cmd_vel_guard]: Guard status: cmds=301, nav_approved=True, odom=yes, pos=(2.60,-0.18), passed=300, blocked=0
[INFO] [1784184188.740565465] [cmd_vel_guard]: [HEARTBEAT #14] cmds=347, odom=yes, nav_approved=True, pos=(3.10,-0.20)
[INFO] [1784184188.894467532] [cmd_vel_guard]: Guard status: cmds=351, nav_approved=True, odom=yes, pos=(3.13,-0.20), passed=350, blocked=0
[INFO] [1784184190.069930868] [cmd_vel_guard]: [spoofmon] d_abs=0.236 jump=0.010 max_jump=0.067 c=(0.20,0.11)
[INFO] [1784184191.448935319] [cmd_vel_guard]: Guard status: cmds=401, nav_approved=True, odom=yes, pos=(3.66,-0.22), passed=400, blocked=0
[INFO] [1784184193.387550870] [cmd_vel_guard]: Navigation completed
[WARN] [1784184193.388319218] [cmd_vel_guard]: BLOCKED (unapproved): cmd_vel without goal_gate authorization (speed=0.16m/s, pos=(4.07, -0.24))
