[INFO] [1784188460.335309517] [cmd_vel_guard]: Zones loaded: 2
[INFO] [1784188460.335517880] [cmd_vel_guard]: CBF margin: 0.1m (real-time control)
[INFO] [1784188460.335658395] [cmd_vel_guard]: SSM base margin: 0.05m (velocity-dependent)
[INFO] [1784188460.340573834] [cmd_vel_guard]: Spoof detection ON [cusum]: amcl=/amcl_pose, offset_thresh=0.95m, jump_thresh=0.45m, enforce_pose=amcl
[INFO] [1784188460.341115515] [cmd_vel_guard]: DEBUG subscriptions:
[INFO] [1784188460.341350859] [cmd_vel_guard]:   cmd_sub topic: /cmd_vel_nav
[INFO] [1784188460.341578859] [cmd_vel_guard]:   odom_sub topic: /odom
[INFO] [1784188460.341839651] [cmd_vel_guard]:   nav_state_sub topic: /geofence/nav_state
[INFO] [1784188460.342755989] [cmd_vel_guard]: ============================================================
[INFO] [1784188460.343011320] [cmd_vel_guard]: Cmd Vel Guard node initialized
[INFO] [1784188460.343255210] [cmd_vel_guard]: Safety method: geofence
[INFO] [1784188460.343496405] [cmd_vel_guard]: Input: /cmd_vel_nav -> Output: /cmd_vel
[INFO] [1784188460.343813623] [cmd_vel_guard]: Simulated comm latency: 100ms
[INFO] [1784188460.343954739] [cmd_vel_guard]:   Mode: Forward Simulation
[INFO] [1784188460.344104411] [cmd_vel_guard]:   Horizon: 1.0s, Steps: 10
[INFO] [1784188460.344273841] [cmd_vel_guard]:   Margin: 0.562m
[INFO] [1784188460.344759086] [cmd_vel_guard]: ============================================================
[INFO] [1784188461.041868985] [cmd_vel_guard]: [HEARTBEAT #1] cmds=0, odom=no, nav_approved=False, pos=(0.00,0.00)
[INFO] [1784188464.695069378] [cmd_vel_guard]: [HEARTBEAT #2] cmds=0, odom=yes, nav_approved=False, pos=(-0.00,0.00)
[INFO] [1784188469.499847067] [cmd_vel_guard]: Guard status: cmds=1, nav_approved=False, odom=yes, pos=(-0.00,0.00), passed=0, blocked=0
[INFO] [1784188469.903797590] [cmd_vel_guard]: [HEARTBEAT #3] cmds=4, odom=yes, nav_approved=False, pos=(-0.00,0.00)
[INFO] [1784188474.715269346] [cmd_vel_guard]: [HEARTBEAT #4] cmds=31, odom=yes, nav_approved=False, pos=(-0.00,0.00)
[INFO] [1784188479.723905943] [cmd_vel_guard]: [HEARTBEAT #5] cmds=33, odom=yes, nav_approved=False, pos=(-0.00,0.00)
[INFO] [1784188484.825216322] [cmd_vel_guard]: [HEARTBEAT #6] cmds=33, odom=yes, nav_approved=False, pos=(-0.00,0.00)
[INFO] [1784188489.832761551] [cmd_vel_guard]: [HEARTBEAT #7] cmds=33, odom=yes, nav_approved=False, pos=(-0.00,0.00)
[INFO] [1784188494.840530494] [cmd_vel_guard]: [HEARTBEAT #8] cmds=33, odom=yes, nav_approved=False, pos=(-0.00,0.00)
[INFO] [1784188499.848494608] [cmd_vel_guard]: [HEARTBEAT #9] cmds=33, odom=yes, nav_approved=False, pos=(-0.00,0.00)
[INFO] [1784188504.717875061] [cmd_vel_guard]: Navigation authorized
[INFO] [1784188505.045504154] [cmd_vel_guard]: [HEARTBEAT #10] cmds=36, odom=yes, nav_approved=True, pos=(-0.00,0.00)
[INFO] [1784188506.687827551] [cmd_vel_guard]: Guard status: cmds=51, nav_approved=True, odom=yes, pos=(0.28,-0.02), passed=50, blocked=0
[INFO] [1784188508.807734388] [cmd_vel_guard]: [spoofmon] d_abs=0.020 jump=0.017 max_jump=0.017 c=(0.10,0.01)
[INFO] [1784188510.021530593] [cmd_vel_guard]: [HEARTBEAT #11] cmds=83, odom=yes, nav_approved=True, pos=(0.97,-0.06)
[INFO] [1784188511.738635766] [cmd_vel_guard]: Guard status: cmds=101, nav_approved=True, odom=yes, pos=(1.32,-0.09), passed=100, blocked=0
[INFO] [1784188514.064279485] [cmd_vel_guard]: [spoofmon] d_abs=0.136 jump=0.017 max_jump=0.027 c=(0.21,0.05)
[INFO] [1784188514.975432543] [cmd_vel_guard]: [HEARTBEAT #12] cmds=132, odom=yes, nav_approved=True, pos=(2.00,-0.09)
[INFO] [1784188516.792471609] [cmd_vel_guard]: Guard status: cmds=151, nav_approved=True, odom=yes, pos=(2.38,-0.12), passed=150, blocked=0
[INFO] [1784188519.218519742] [cmd_vel_guard]: [spoofmon] d_abs=0.249 jump=0.027 max_jump=0.027 c=(0.21,0.22)
[INFO] [1784188520.027913221] [cmd_vel_guard]: [HEARTBEAT #13] cmds=182, odom=yes, nav_approved=True, pos=(3.06,-0.16)
[INFO] [1784188521.847566782] [cmd_vel_guard]: Guard status: cmds=201, nav_approved=True, odom=yes, pos=(3.45,-0.19), passed=200, blocked=0
[INFO] [1784188524.172899913] [cmd_vel_guard]: [spoofmon] d_abs=0.494 jump=0.030 max_jump=0.034 c=(0.22,0.48)
[INFO] [1784188525.082449631] [cmd_vel_guard]: [HEARTBEAT #14] cmds=232, odom=yes, nav_approved=True, pos=(4.10,-0.37)
[INFO] [1784188526.700579426] [cmd_vel_guard]: Navigation completed
[INFO] [1784188526.902714348] [cmd_vel_guard]: Guard status: cmds=251, nav_approved=False, odom=yes, pos=(4.18,-0.41), passed=250, blocked=0
[INFO] [1784188529.897551034] [cmd_vel_guard]: [HEARTBEAT #15] cmds=277, odom=yes, nav_approved=False, pos=(4.18,-0.41)
