[INFO] [1784184349.337297793] [cmd_vel_guard]: Zones loaded: 2
[INFO] [1784184349.337518802] [cmd_vel_guard]: CBF margin: 0.1m (real-time control)
[INFO] [1784184349.337657963] [cmd_vel_guard]: SSM base margin: 0.05m (velocity-dependent)
[INFO] [1784184349.342748791] [cmd_vel_guard]: Spoof detection ON [cusum]: amcl=/amcl_pose, offset_thresh=0.95m, jump_thresh=0.45m, enforce_pose=amcl
[INFO] [1784184349.343387012] [cmd_vel_guard]: DEBUG subscriptions:
[INFO] [1784184349.343644547] [cmd_vel_guard]:   cmd_sub topic: /cmd_vel_nav
[INFO] [1784184349.343872208] [cmd_vel_guard]:   odom_sub topic: /odom
[INFO] [1784184349.344096703] [cmd_vel_guard]:   nav_state_sub topic: /geofence/nav_state
[INFO] [1784184349.344909089] [cmd_vel_guard]: ============================================================
[INFO] [1784184349.345177754] [cmd_vel_guard]: Cmd Vel Guard node initialized
[INFO] [1784184349.345424339] [cmd_vel_guard]: Safety method: geofence
[INFO] [1784184349.345676935] [cmd_vel_guard]: Input: /cmd_vel_nav -> Output: /cmd_vel
[INFO] [1784184349.345777416] [cmd_vel_guard]:   Mode: Forward Simulation
[INFO] [1784184349.345873330] [cmd_vel_guard]:   Horizon: 1.0s, Steps: 10
[INFO] [1784184349.345983558] [cmd_vel_guard]:   Margin: 0.562m
[INFO] [1784184349.346233079] [cmd_vel_guard]: ============================================================
[INFO] [1784184349.408816696] [cmd_vel_guard]: [HEARTBEAT #1] cmds=0, odom=no, nav_approved=False, pos=(0.00,0.00)
[INFO] [1784184350.112554182] [cmd_vel_guard]: [HEARTBEAT #2] cmds=0, odom=yes, nav_approved=False, pos=(-0.00,0.00)
[INFO] [1784184355.119923794] [cmd_vel_guard]: [HEARTBEAT #3] cmds=0, odom=yes, nav_approved=False, pos=(-0.00,0.00)
[INFO] [1784184359.674184405] [cmd_vel_guard]: Guard status: cmds=1, nav_approved=False, odom=yes, pos=(-0.00,0.00), passed=0, blocked=0
[INFO] [1784184360.137995084] [cmd_vel_guard]: [HEARTBEAT #4] cmds=10, odom=yes, nav_approved=False, pos=(-0.00,0.00)
[INFO] [1784184365.145537138] [cmd_vel_guard]: [HEARTBEAT #5] cmds=44, odom=yes, nav_approved=False, pos=(-0.00,0.00)
[INFO] [1784184370.158034299] [cmd_vel_guard]: [HEARTBEAT #6] cmds=45, odom=yes, nav_approved=False, pos=(-0.00,0.00)
[INFO] [1784184375.263522085] [cmd_vel_guard]: [HEARTBEAT #7] cmds=46, odom=yes, nav_approved=False, pos=(-0.00,0.00)
[INFO] [1784184380.271491054] [cmd_vel_guard]: [HEARTBEAT #8] cmds=46, odom=yes, nav_approved=False, pos=(-0.00,0.00)
[INFO] [1784184385.278966354] [cmd_vel_guard]: [HEARTBEAT #9] cmds=46, odom=yes, nav_approved=False, pos=(-0.00,0.00)
[INFO] [1784184390.287606724] [cmd_vel_guard]: [HEARTBEAT #10] cmds=46, odom=yes, nav_approved=False, pos=(-0.00,0.00)
[INFO] [1784184395.294500943] [cmd_vel_guard]: [HEARTBEAT #11] cmds=46, odom=yes, nav_approved=False, pos=(-0.00,0.00)
[INFO] [1784184399.322279000] [cmd_vel_guard]: Navigation authorized
[INFO] [1784184399.462766909] [cmd_vel_guard]: Guard status: cmds=51, nav_approved=True, odom=yes, pos=(0.00,-0.00), passed=50, blocked=0
[INFO] [1784184400.307013949] [cmd_vel_guard]: [HEARTBEAT #12] cmds=84, odom=yes, nav_approved=True, pos=(0.13,-0.01)
[INFO] [1784184400.733044961] [cmd_vel_guard]: Guard status: cmds=101, nav_approved=True, odom=yes, pos=(0.22,-0.02), passed=100, blocked=0
[INFO] [1784184401.963197235] [cmd_vel_guard]: Guard status: cmds=151, nav_approved=True, odom=yes, pos=(0.48,-0.04), passed=150, blocked=0
[INFO] [1784184403.202703764] [cmd_vel_guard]: Guard status: cmds=201, nav_approved=True, odom=yes, pos=(0.73,-0.05), passed=200, blocked=0
[INFO] [1784184403.844827116] [cmd_vel_guard]: [spoofmon] d_abs=0.018 jump=0.007 max_jump=0.012 c=(0.07,0.01)
[INFO] [1784184404.472819132] [cmd_vel_guard]: Guard status: cmds=251, nav_approved=True, odom=yes, pos=(0.99,-0.06), passed=250, blocked=0
[INFO] [1784184405.315404339] [cmd_vel_guard]: [HEARTBEAT #13] cmds=285, odom=yes, nav_approved=True, pos=(1.18,-0.07)
[INFO] [1784184405.702998916] [cmd_vel_guard]: Guard status: cmds=301, nav_approved=True, odom=yes, pos=(1.26,-0.08), passed=300, blocked=0
[INFO] [1784184406.972819458] [cmd_vel_guard]: Guard status: cmds=351, nav_approved=True, odom=yes, pos=(1.52,-0.09), passed=350, blocked=0
[INFO] [1784184408.212707038] [cmd_vel_guard]: Guard status: cmds=401, nav_approved=True, odom=yes, pos=(1.77,-0.10), passed=400, blocked=0
[INFO] [1784184408.855708658] [cmd_vel_guard]: [spoofmon] d_abs=0.145 jump=0.008 max_jump=0.024 c=(0.19,0.04)
[INFO] [1784184409.445915667] [cmd_vel_guard]: Guard status: cmds=451, nav_approved=True, odom=yes, pos=(2.03,-0.11), passed=450, blocked=0
[INFO] [1784184410.323403036] [cmd_vel_guard]: [HEARTBEAT #14] cmds=485, odom=yes, nav_approved=True, pos=(2.21,-0.12)
[INFO] [1784184410.712645250] [cmd_vel_guard]: Guard status: cmds=501, nav_approved=True, odom=yes, pos=(2.29,-0.13), passed=500, blocked=0
[INFO] [1784184411.945908352] [cmd_vel_guard]: Guard status: cmds=551, nav_approved=True, odom=yes, pos=(2.55,-0.14), passed=550, blocked=0
[INFO] [1784184413.222823930] [cmd_vel_guard]: Guard status: cmds=601, nav_approved=True, odom=yes, pos=(2.81,-0.15), passed=600, blocked=0
[INFO] [1784184413.866858247] [cmd_vel_guard]: [spoofmon] d_abs=0.140 jump=0.008 max_jump=0.024 c=(0.15,0.10)
[INFO] [1784184414.452781381] [cmd_vel_guard]: Guard status: cmds=651, nav_approved=True, odom=yes, pos=(3.06,-0.16), passed=650, blocked=0
[INFO] [1784184415.332029510] [cmd_vel_guard]: [HEARTBEAT #15] cmds=685, odom=yes, nav_approved=True, pos=(3.24,-0.17)
[INFO] [1784184415.695824908] [cmd_vel_guard]: Guard status: cmds=701, nav_approved=True, odom=yes, pos=(3.32,-0.17), passed=700, blocked=0
[INFO] [1784184416.952756200] [cmd_vel_guard]: Guard status: cmds=751, nav_approved=True, odom=yes, pos=(3.59,-0.18), passed=750, blocked=0
[INFO] [1784184418.196037645] [cmd_vel_guard]: Guard status: cmds=801, nav_approved=True, odom=yes, pos=(3.85,-0.20), passed=800, blocked=0
[INFO] [1784184418.970258417] [cmd_vel_guard]: [spoofmon] d_abs=0.158 jump=0.007 max_jump=0.024 c=(0.12,0.15)
[INFO] [1784184419.462769910] [cmd_vel_guard]: Guard status: cmds=851, nav_approved=True, odom=yes, pos=(4.11,-0.20), passed=850, blocked=0
[INFO] [1784184419.722460191] [cmd_vel_guard]: Navigation completed
