[INFO] [1784184798.663915414] [cmd_vel_guard]: Zones loaded: 2
[INFO] [1784184798.664135520] [cmd_vel_guard]: CBF margin: 0.1m (real-time control)
[INFO] [1784184798.664272954] [cmd_vel_guard]: SSM base margin: 0.05m (velocity-dependent)
[INFO] [1784184798.668594251] [cmd_vel_guard]: Spoof detection ON [cusum]: amcl=/amcl_pose, offset_thresh=0.95m, jump_thresh=0.45m, enforce_pose=amcl
[INFO] [1784184798.669048439] [cmd_vel_guard]: DEBUG subscriptions:
[INFO] [1784184798.669280889] [cmd_vel_guard]:   cmd_sub topic: /cmd_vel_nav
[INFO] [1784184798.669496326] [cmd_vel_guard]:   odom_sub topic: /odom
[INFO] [1784184798.669734877] [cmd_vel_guard]:   nav_state_sub topic: /geofence/nav_state
[INFO] [1784184798.670301613] [cmd_vel_guard]: ============================================================
[INFO] [1784184798.670545593] [cmd_vel_guard]: Cmd Vel Guard node initialized
[INFO] [1784184798.670792389] [cmd_vel_guard]: Safety method: geofence
[INFO] [1784184798.671048893] [cmd_vel_guard]: Input: /cmd_vel_nav -> Output: /cmd_vel
[INFO] [1784184798.671300878] [cmd_vel_guard]: Simulated comm latency: 100ms
[INFO] [1784184798.671391064] [cmd_vel_guard]:   Mode: Forward Simulation
[INFO] [1784184798.671484597] [cmd_vel_guard]:   Horizon: 1.0s, Steps: 10
[INFO] [1784184798.671590903] [cmd_vel_guard]:   Margin: 0.562m
[INFO] [1784184798.671844641] [cmd_vel_guard]: ============================================================
[INFO] [1784184801.503554038] [cmd_vel_guard]: [HEARTBEAT #1] cmds=0, odom=yes, nav_approved=False, pos=(-0.00,0.00)
[INFO] [1784184804.756075251] [cmd_vel_guard]: [HEARTBEAT #2] cmds=0, odom=yes, nav_approved=False, pos=(-0.00,0.00)
[INFO] [1784184807.325276682] [cmd_vel_guard]: Guard status: cmds=1, nav_approved=False, odom=yes, pos=(-0.00,0.00), passed=0, blocked=0
[INFO] [1784184809.764919400] [cmd_vel_guard]: [HEARTBEAT #3] cmds=1, odom=yes, nav_approved=False, pos=(-0.00,0.00)
[INFO] [1784184814.772726603] [cmd_vel_guard]: [HEARTBEAT #4] cmds=2, odom=yes, nav_approved=False, pos=(-0.00,0.00)
[INFO] [1784184819.779670207] [cmd_vel_guard]: [HEARTBEAT #5] cmds=33, odom=yes, nav_approved=False, pos=(-0.00,0.00)
[INFO] [1784184824.887271618] [cmd_vel_guard]: [HEARTBEAT #6] cmds=34, odom=yes, nav_approved=False, pos=(-0.00,0.00)
[INFO] [1784184829.894619976] [cmd_vel_guard]: [HEARTBEAT #7] cmds=34, odom=yes, nav_approved=False, pos=(-0.00,0.00)
[INFO] [1784184834.902429712] [cmd_vel_guard]: [HEARTBEAT #8] cmds=34, odom=yes, nav_approved=False, pos=(-0.00,0.00)
[INFO] [1784184839.909146530] [cmd_vel_guard]: [HEARTBEAT #9] cmds=34, odom=yes, nav_approved=False, pos=(-0.00,0.00)
[INFO] [1784184844.917014765] [cmd_vel_guard]: [HEARTBEAT #10] cmds=34, odom=yes, nav_approved=False, pos=(-0.00,0.00)
[INFO] [1784184845.488134745] [cmd_vel_guard]: Navigation authorized
[INFO] [1784184847.130734518] [cmd_vel_guard]: Guard status: cmds=51, nav_approved=True, odom=yes, pos=(0.20,-0.06), passed=50, blocked=0
[INFO] [1784184848.141841426] [cmd_vel_guard]: [spoofmon] d_abs=0.112 jump=0.046 max_jump=0.069 c=(0.03,0.04)
[INFO] [1784184850.061039578] [cmd_vel_guard]: [HEARTBEAT #11] cmds=79, odom=yes, nav_approved=True, pos=(0.71,-0.27)
[INFO] [1784184851.779270387] [cmd_vel_guard]: [spoofmon] d_abs=0.315 jump=0.004 max_jump=0.069 c=(0.23,0.09)
[INFO] [1784184852.184335215] [cmd_vel_guard]: Guard status: cmds=101, nav_approved=True, odom=yes, pos=(1.16,-0.26), passed=100, blocked=0
[INFO] [1784184855.116549864] [cmd_vel_guard]: [HEARTBEAT #12] cmds=129, odom=yes, nav_approved=True, pos=(1.77,-0.22)
[INFO] [1784184856.733647825] [cmd_vel_guard]: [spoofmon] d_abs=0.341 jump=0.005 max_jump=0.069 c=(0.26,0.07)
[INFO] [1784184857.239790853] [cmd_vel_guard]: Guard status: cmds=151, nav_approved=True, odom=yes, pos=(2.22,-0.21), passed=150, blocked=0
[INFO] [1784184860.071146585] [cmd_vel_guard]: [HEARTBEAT #13] cmds=178, odom=yes, nav_approved=True, pos=(2.82,-0.21)
[INFO] [1784184861.889650245] [cmd_vel_guard]: [spoofmon] d_abs=0.292 jump=0.004 max_jump=0.069 c=(0.19,0.12)
[INFO] [1784184862.292901602] [cmd_vel_guard]: Guard status: cmds=201, nav_approved=True, odom=yes, pos=(3.28,-0.20), passed=200, blocked=0
[INFO] [1784184865.117614846] [cmd_vel_guard]: [HEARTBEAT #14] cmds=228, odom=yes, nav_approved=True, pos=(3.88,-0.23)
[INFO] [1784184866.023808328] [cmd_vel_guard]: Navigation completed
[WARN] [1784184866.024279860] [cmd_vel_guard]: BLOCKED (unapproved): cmd_vel without goal_gate authorization (speed=0.16m/s, pos=(4.07, -0.23))
[INFO] [1784184866.185417376] [cmd_vel_guard]: Guard status: cmds=251, nav_approved=False, odom=yes, pos=(4.16,-0.22), passed=238, blocked=12
