[INFO] [1784188227.396341900] [cmd_vel_guard]: Zones loaded: 2
[INFO] [1784188227.396580639] [cmd_vel_guard]: CBF margin: 0.1m (real-time control)
[INFO] [1784188227.396774183] [cmd_vel_guard]: SSM base margin: 0.05m (velocity-dependent)
[INFO] [1784188227.401010339] [cmd_vel_guard]: Spoof detection ON [cusum]: amcl=/amcl_pose, offset_thresh=0.95m, jump_thresh=0.45m, enforce_pose=amcl
[INFO] [1784188227.401458913] [cmd_vel_guard]: DEBUG subscriptions:
[INFO] [1784188227.401691521] [cmd_vel_guard]:   cmd_sub topic: /cmd_vel_nav
[INFO] [1784188227.401912146] [cmd_vel_guard]:   odom_sub topic: /odom
[INFO] [1784188227.402132060] [cmd_vel_guard]:   nav_state_sub topic: /geofence/nav_state
[INFO] [1784188227.402715288] [cmd_vel_guard]: ============================================================
[INFO] [1784188227.402968435] [cmd_vel_guard]: Cmd Vel Guard node initialized
[INFO] [1784188227.403211723] [cmd_vel_guard]: Safety method: geofence
[INFO] [1784188227.403459860] [cmd_vel_guard]: Input: /cmd_vel_nav -> Output: /cmd_vel
[INFO] [1784188227.403720952] [cmd_vel_guard]: Simulated comm latency: 50ms
[INFO] [1784188227.403814919] [cmd_vel_guard]:   Mode: Forward Simulation
[INFO] [1784188227.403914947] [cmd_vel_guard]:   Horizon: 1.0s, Steps: 10
[INFO] [1784188227.404020926] [cmd_vel_guard]:   Margin: 0.562m
[INFO] [1784188227.404273692] [cmd_vel_guard]: ============================================================
[INFO] [1784188228.137766881] [cmd_vel_guard]: [HEARTBEAT #1] cmds=0, odom=no, nav_approved=False, pos=(0.00,0.00)
[INFO] [1784188231.070299046] [cmd_vel_guard]: [HEARTBEAT #2] cmds=0, odom=yes, nav_approved=False, pos=(-0.00,0.00)
[INFO] [1784188236.070619236] [cmd_vel_guard]: Guard status: cmds=1, nav_approved=False, odom=yes, pos=(-0.00,0.00), passed=0, blocked=0
[INFO] [1784188236.122268599] [cmd_vel_guard]: [HEARTBEAT #3] cmds=1, odom=yes, nav_approved=False, pos=(-0.00,0.00)
[INFO] [1784188241.144981434] [cmd_vel_guard]: [HEARTBEAT #4] cmds=38, odom=yes, nav_approved=False, pos=(-0.00,0.00)
[INFO] [1784188246.107281216] [cmd_vel_guard]: [HEARTBEAT #5] cmds=44, odom=yes, nav_approved=False, pos=(-0.00,0.00)
[INFO] [1784188251.203949556] [cmd_vel_guard]: [HEARTBEAT #6] cmds=45, odom=yes, nav_approved=False, pos=(-0.00,0.00)
[INFO] [1784188256.211937539] [cmd_vel_guard]: [HEARTBEAT #7] cmds=45, odom=yes, nav_approved=False, pos=(-0.00,0.00)
[INFO] [1784188261.219659695] [cmd_vel_guard]: [HEARTBEAT #8] cmds=45, odom=yes, nav_approved=False, pos=(-0.00,0.00)
[INFO] [1784188266.227209768] [cmd_vel_guard]: [HEARTBEAT #9] cmds=45, odom=yes, nav_approved=False, pos=(-0.00,0.00)
[INFO] [1784188271.235192203] [cmd_vel_guard]: [HEARTBEAT #10] cmds=45, odom=yes, nav_approved=False, pos=(-0.00,0.00)
[INFO] [1784188274.969526327] [cmd_vel_guard]: Navigation authorized
[INFO] [1784188275.249501938] [cmd_vel_guard]: Guard status: cmds=51, nav_approved=True, odom=yes, pos=(0.00,-0.00), passed=50, blocked=0
[INFO] [1784188276.323450039] [cmd_vel_guard]: [HEARTBEAT #11] cmds=71, odom=yes, nav_approved=True, pos=(0.16,-0.00)
[INFO] [1784188277.807065185] [cmd_vel_guard]: Guard status: cmds=101, nav_approved=True, odom=yes, pos=(0.48,-0.01), passed=100, blocked=0
[INFO] [1784188279.493761409] [cmd_vel_guard]: [spoofmon] d_abs=0.030 jump=0.013 max_jump=0.016 c=(0.12,0.00)
[INFO] [1784188280.362812550] [cmd_vel_guard]: Guard status: cmds=151, nav_approved=True, odom=yes, pos=(1.00,-0.01), passed=150, blocked=0
[INFO] [1784188281.334472730] [cmd_vel_guard]: [HEARTBEAT #12] cmds=169, odom=yes, nav_approved=True, pos=(1.21,-0.02)
[INFO] [1784188282.917481438] [cmd_vel_guard]: Guard status: cmds=201, nav_approved=True, odom=yes, pos=(1.54,-0.03), passed=200, blocked=0
[INFO] [1784188284.496165379] [cmd_vel_guard]: [spoofmon] d_abs=0.165 jump=0.017 max_jump=0.031 c=(0.25,0.06)
[INFO] [1784188285.467022565] [cmd_vel_guard]: Guard status: cmds=251, nav_approved=True, odom=yes, pos=(2.08,-0.04), passed=250, blocked=0
[INFO] [1784188286.336709008] [cmd_vel_guard]: [HEARTBEAT #13] cmds=267, odom=yes, nav_approved=True, pos=(2.26,-0.05)
[INFO] [1784188288.023368119] [cmd_vel_guard]: Guard status: cmds=301, nav_approved=True, odom=yes, pos=(2.61,-0.06), passed=300, blocked=0
[INFO] [1784188289.506236414] [cmd_vel_guard]: [spoofmon] d_abs=0.281 jump=0.024 max_jump=0.031 c=(0.26,0.23)
[INFO] [1784188290.579321012] [cmd_vel_guard]: Guard status: cmds=351, nav_approved=True, odom=yes, pos=(3.15,-0.13), passed=350, blocked=0
[INFO] [1784188291.345750487] [cmd_vel_guard]: [HEARTBEAT #14] cmds=365, odom=yes, nav_approved=True, pos=(3.30,-0.16)
[INFO] [1784188293.124182313] [cmd_vel_guard]: Guard status: cmds=401, nav_approved=True, odom=yes, pos=(3.68,-0.23), passed=400, blocked=0
[INFO] [1784188294.602117302] [cmd_vel_guard]: [spoofmon] d_abs=0.538 jump=0.039 max_jump=0.039 c=(0.25,0.52)
[INFO] [1784188295.675228218] [cmd_vel_guard]: Guard status: cmds=451, nav_approved=True, odom=yes, pos=(4.15,-0.44), passed=450, blocked=0
[INFO] [1784188296.339455446] [cmd_vel_guard]: [HEARTBEAT #15] cmds=463, odom=yes, nav_approved=True, pos=(4.17,-0.45)
[INFO] [1784188297.358473826] [cmd_vel_guard]: Navigation completed
[INFO] [1784188298.224249541] [cmd_vel_guard]: Guard status: cmds=501, nav_approved=False, odom=yes, pos=(4.17,-0.45), passed=500, blocked=0
[INFO] [1784188300.783629949] [cmd_vel_guard]: Guard status: cmds=551, nav_approved=False, odom=yes, pos=(4.17,-0.45), passed=550, blocked=0
[INFO] [1784188301.285772763] [cmd_vel_guard]: [HEARTBEAT #16] cmds=552, odom=yes, nav_approved=False, pos=(4.17,-0.45)
