[INFO] [1784183901.699267421] [cmd_vel_guard]: Zones loaded: 2
[INFO] [1784183901.699504963] [cmd_vel_guard]: CBF margin: 0.1m (real-time control)
[INFO] [1784183901.699646912] [cmd_vel_guard]: SSM base margin: 0.05m (velocity-dependent)
[INFO] [1784183901.704153926] [cmd_vel_guard]: Spoof detection ON [memoryless]: amcl=/amcl_pose, offset_thresh=0.95m, jump_thresh=0.45m, enforce_pose=amcl
[INFO] [1784183901.704648185] [cmd_vel_guard]: DEBUG subscriptions:
[INFO] [1784183901.704881308] [cmd_vel_guard]:   cmd_sub topic: /cmd_vel_nav
[INFO] [1784183901.705101897] [cmd_vel_guard]:   odom_sub topic: /odom
[INFO] [1784183901.705319190] [cmd_vel_guard]:   nav_state_sub topic: /geofence/nav_state
[INFO] [1784183901.706145309] [cmd_vel_guard]: ============================================================
[INFO] [1784183901.706410934] [cmd_vel_guard]: Cmd Vel Guard node initialized
[INFO] [1784183901.706659015] [cmd_vel_guard]: Safety method: geofence
[INFO] [1784183901.706902929] [cmd_vel_guard]: Input: /cmd_vel_nav -> Output: /cmd_vel
[INFO] [1784183901.706993831] [cmd_vel_guard]:   Mode: Forward Simulation
[INFO] [1784183901.707088732] [cmd_vel_guard]:   Horizon: 1.0s, Steps: 10
[INFO] [1784183901.707196276] [cmd_vel_guard]:   Margin: 0.562m
[INFO] [1784183901.707441011] [cmd_vel_guard]: ============================================================
[INFO] [1784183901.882936580] [cmd_vel_guard]: [HEARTBEAT #1] cmds=0, odom=no, nav_approved=False, pos=(0.00,0.00)
[INFO] [1784183902.779515403] [cmd_vel_guard]: [HEARTBEAT #2] cmds=0, odom=yes, nav_approved=False, pos=(-0.00,0.00)
[INFO] [1784183907.788908499] [cmd_vel_guard]: [HEARTBEAT #3] cmds=0, odom=yes, nav_approved=False, pos=(-0.00,0.00)
[INFO] [1784183911.367286387] [cmd_vel_guard]: Guard status: cmds=1, nav_approved=False, odom=yes, pos=(-0.00,0.00), passed=0, blocked=0
[INFO] [1784183912.794872733] [cmd_vel_guard]: [HEARTBEAT #4] cmds=1, odom=yes, nav_approved=False, pos=(-0.00,0.00)
[INFO] [1784183917.802522170] [cmd_vel_guard]: [HEARTBEAT #5] cmds=43, odom=yes, nav_approved=False, pos=(-0.00,0.00)
[INFO] [1784183922.810988704] [cmd_vel_guard]: [HEARTBEAT #6] cmds=45, odom=yes, nav_approved=False, pos=(-0.00,0.00)
[INFO] [1784183927.910470890] [cmd_vel_guard]: [HEARTBEAT #7] cmds=45, odom=yes, nav_approved=False, pos=(-0.00,0.00)
[INFO] [1784183932.921285543] [cmd_vel_guard]: [HEARTBEAT #8] cmds=45, odom=yes, nav_approved=False, pos=(-0.00,0.00)
[INFO] [1784183937.928599814] [cmd_vel_guard]: [HEARTBEAT #9] cmds=45, odom=yes, nav_approved=False, pos=(-0.00,0.00)
[INFO] [1784183942.936417630] [cmd_vel_guard]: [HEARTBEAT #10] cmds=45, odom=yes, nav_approved=False, pos=(-0.00,0.00)
[INFO] [1784183946.760607680] [cmd_vel_guard]: Navigation authorized
[INFO] [1784183946.918137900] [cmd_vel_guard]: Guard status: cmds=51, nav_approved=True, odom=yes, pos=(0.01,-0.00), passed=50, blocked=0
[INFO] [1784183947.943887135] [cmd_vel_guard]: [HEARTBEAT #11] cmds=92, odom=yes, nav_approved=True, pos=(0.21,-0.00)
[INFO] [1784183948.178226672] [cmd_vel_guard]: Guard status: cmds=101, nav_approved=True, odom=yes, pos=(0.26,-0.00), passed=100, blocked=0
[INFO] [1784183949.428145776] [cmd_vel_guard]: Guard status: cmds=151, nav_approved=True, odom=yes, pos=(0.53,-0.00), passed=150, blocked=0
[INFO] [1784183950.684716761] [cmd_vel_guard]: Guard status: cmds=201, nav_approved=True, odom=yes, pos=(0.80,-0.00), passed=200, blocked=0
[INFO] [1784183950.993235808] [cmd_vel_guard]: [spoofmon] d_abs=0.024 jump=0.002 max_jump=0.022 c=(0.07,0.01)
[INFO] [1784183951.928115795] [cmd_vel_guard]: Guard status: cmds=251, nav_approved=True, odom=yes, pos=(1.06,-0.00), passed=250, blocked=0
[INFO] [1784183952.952599010] [cmd_vel_guard]: [HEARTBEAT #12] cmds=292, odom=yes, nav_approved=True, pos=(1.27,-0.01)
[INFO] [1784183953.157952366] [cmd_vel_guard]: Guard status: cmds=301, nav_approved=True, odom=yes, pos=(1.32,-0.01), passed=300, blocked=0
[INFO] [1784183954.428065574] [cmd_vel_guard]: Guard status: cmds=351, nav_approved=True, odom=yes, pos=(1.58,-0.01), passed=350, blocked=0
[INFO] [1784183955.668039539] [cmd_vel_guard]: Guard status: cmds=401, nav_approved=True, odom=yes, pos=(1.84,-0.01), passed=400, blocked=0
[INFO] [1784183956.006291714] [cmd_vel_guard]: [spoofmon] d_abs=0.138 jump=0.004 max_jump=0.029 c=(0.18,0.03)
[INFO] [1784183956.928039471] [cmd_vel_guard]: Guard status: cmds=451, nav_approved=True, odom=yes, pos=(2.11,-0.01), passed=450, blocked=0
[INFO] [1784183957.960725065] [cmd_vel_guard]: [HEARTBEAT #13] cmds=492, odom=yes, nav_approved=True, pos=(2.32,-0.01)
[INFO] [1784183958.168181791] [cmd_vel_guard]: Guard status: cmds=501, nav_approved=True, odom=yes, pos=(2.37,-0.02), passed=500, blocked=0
[INFO] [1784183959.398033716] [cmd_vel_guard]: Guard status: cmds=551, nav_approved=True, odom=yes, pos=(2.62,-0.04), passed=550, blocked=0
[INFO] [1784183960.678333759] [cmd_vel_guard]: Guard status: cmds=601, nav_approved=True, odom=yes, pos=(2.89,-0.06), passed=600, blocked=0
[INFO] [1784183961.016502768] [cmd_vel_guard]: [spoofmon] d_abs=0.127 jump=0.015 max_jump=0.029 c=(0.13,0.10)
[INFO] [1784183961.907998965] [cmd_vel_guard]: Guard status: cmds=651, nav_approved=True, odom=yes, pos=(3.15,-0.10), passed=650, blocked=0
[INFO] [1784183962.968974247] [cmd_vel_guard]: [HEARTBEAT #14] cmds=692, odom=yes, nav_approved=True, pos=(3.37,-0.13)
[INFO] [1784183963.178088187] [cmd_vel_guard]: Guard status: cmds=701, nav_approved=True, odom=yes, pos=(3.42,-0.13), passed=700, blocked=0
[INFO] [1784183964.408093143] [cmd_vel_guard]: Guard status: cmds=751, nav_approved=True, odom=yes, pos=(3.67,-0.15), passed=750, blocked=0
[INFO] [1784183965.647954829] [cmd_vel_guard]: Guard status: cmds=801, nav_approved=True, odom=yes, pos=(3.93,-0.17), passed=800, blocked=0
[INFO] [1784183966.020740379] [cmd_vel_guard]: [spoofmon] d_abs=0.182 jump=0.006 max_jump=0.029 c=(0.14,0.16)
[INFO] [1784183966.660968891] [cmd_vel_guard]: Navigation completed
