{"t": 1784444229.4267519, "x": -7.711884801660196e-12, "y": -2.3140627437273223e-13, "zone": null, "min_dist": 2.000000000007712}
{"t": 1784444229.5785205, "x": -7.711884801660196e-12, "y": -2.3140627437273223e-13, "zone": null, "min_dist": 2.000000000007712}
{"t": 1784444229.7304718, "x": -7.711884801660196e-12, "y": -2.3140627437273223e-13, "zone": null, "min_dist": 2.000000000007712}
{"t": 1784444229.8913698, "x": -7.711884801660196e-12, "y": -2.3140627437273223e-13, "zone": null, "min_dist": 2.000000000007712}
{"t": 1784444230.051128, "x": -7.711884801660196e-12, "y": -2.3140627437273223e-13, "zone": null, "min_dist": 2.000000000007712}
{"t": 1784444230.2122076, "x": -7.711884801660196e-12, "y": -2.3140627437273223e-13, "zone": null, "min_dist": 2.000000000007712}
{"t": 1784444230.3720615, "x": -7.711884801660196e-12, "y": -2.3140627437273223e-13, "zone": null, "min_dist": 2.000000000007712}
{"t": 1784444230.532123, "x": -7.711884801660196e-12, "y": -2.3140627437273223e-13, "zone": null, "min_dist": 2.000000000007712}
{"t": 1784444230.6843898, "x": -7.711884801660196e-12, "y": -2.3140627437273223e-13, "zone": null, "min_dist": 2.000000000007712}
{"t": 1784444230.8364232, "x": -7.711884801660196e-12, "y": -2.3140627437273223e-13, "zone": null, "min_dist": 2.000000000007712}
{"t": 1784444230.9968066, "x": -7.711884801660196e-12, "y": -2.3140627437273223e-13, "zone": null, "min_dist": 2.000000000007712}
{"t": 1784444231.1490078, "x": -7.711884801660196e-12, "y": -2.3140627437273223e-13, "zone": null, "min_dist": 2.000000000007712}
{"t": 1784444231.3092825, "x": -7.711884801660196e-12, "y": -2.3140627437273223e-13, "zone": null, "min_dist": 2.000000000007712}
{"t": 1784444231.469522, "x": -7.711884801660196e-12, "y": -2.3140627437273223e-13, "zone": null, "min_dist": 2.000000000007712}
{"t": 1784444231.6220298, "x": -7.711884801660196e-12, "y": -2.3140627437273223e-13, "zone": null, "min_dist": 2.000000000007712}
{"t": 1784444231.774226, "x": -7.711884801660196e-12, "y": -2.3140627437273223e-13, "zone": null, "min_dist": 2.000000000007712}
{"t": 1784444231.9263957, "x": -7.711884801660196e-12, "y": -2.3140627437273223e-13, "zone": null, "min_dist": 2.000000000007712}
{"t": 1784444232.0784333, "x": -7.711884801660196e-12, "y": -2.3140627437273223e-13, "zone": null, "min_dist": 2.000000000007712}
{"t": 1784444232.2385058, "x": -7.711884801660196e-12, "y": -2.3140627437273223e-13, "zone": null, "min_dist": 2.000000000007712}
{"t": 1784444232.390958, "x": -7.711884801660196e-12, "y": -2.3140627437273223e-13, "zone": null, "min_dist": 2.000000000007712}
{"t": 1784444232.543251, "x": -7.711884801660196e-12, "y": -2.3140627437273223e-13, "zone": null, "min_dist": 2.000000000007712}
{"t": 1784444232.6959321, "x": -7.711884801660196e-12, "y": -2.3140627437273223e-13, "zone": null, "min_dist": 2.000000000007712}
{"t": 1784444232.855855, "x": 0.00582657723762408, "y": -2.8855384704468552e-05, "zone": null, "min_dist": 1.994173422762376}
{"t": 1784444233.0158827, "x": 0.027620957763798793, "y": -0.0005307153592749023, "zone": null, "min_dist": 1.9723790422362013}
{"t": 1784444233.1684608, "x": 0.05017906356392879, "y": -0.0016210686174092258, "zone": null, "min_dist": 1.9498209364360712}
{"t": 1784444233.3284817, "x": 0.07465116598907462, "y": -0.0034337727806554017, "zone": null, "min_dist": 1.9253488340109253}
{"t": 1784444233.4804344, "x": 0.09913535405177366, "y": -0.005884214749739971, "zone": null, "min_dist": 1.9008646459482264}
{"t": 1784444233.6406624, "x": 0.12548154489886335, "y": -0.009205913691960188, "zone": null, "min_dist": 1.8745184551011367}
{"t": 1784444233.8009808, "x": 0.1527536893287754, "y": -0.013374636285885855, "zone": null, "min_dist": 1.8472463106712247}
{"t": 1784444233.953344, "x": 0.1800280223720256, "y": -0.01826878313064874, "zone": null, "min_dist": 1.8199719776279744}
{"t": 1784444234.1055076, "x": 0.2099862923370434, "y": -0.024443071035724236, "zone": null, "min_dist": 1.7900137076629565}
{"t": 1784444234.2655528, "x": 0.24161941083966135, "y": -0.03185152098908131, "zone": null, "min_dist": 1.7583805891603386}
{"t": 1784444234.4423678, "x": 0.2749751036984721, "y": -0.040694752236773775, "zone": null, "min_dist": 1.725024896301528}
{"t": 1784444234.594583, "x": 0.30505673836308655, "y": -0.04959385483191433, "zone": null, "min_dist": 1.6949432616369133}
{"t": 1784444234.7547834, "x": 0.33643081161110494, "y": -0.0597956624320152, "zone": null, "min_dist": 1.663569188388895}
{"t": 1784444234.907216, "x": 0.36519020653109957, "y": -0.06998070677146308, "zone": null, "min_dist": 1.6348097934689005}
{"t": 1784444235.0668254, "x": 0.3959782437044967, "y": -0.08167851359633413, "zone": null, "min_dist": 1.6040217562955033}
{"t": 1784444235.2191935, "x": 0.42507255697844903, "y": -0.09349256172275179, "zone": null, "min_dist": 1.574927443021551}
{"t": 1784444235.3713346, "x": 0.45350487634931297, "y": -0.10578209894944103, "zone": null, "min_dist": 1.546495123650687}
{"t": 1784444235.5313725, "x": 0.4850064460979119, "y": -0.12009280360869926, "zone": null, "min_dist": 1.5149935539020882}
{"t": 1784444235.683316, "x": 0.5142147207876188, "y": -0.1333470229291703, "zone": null, "min_dist": 1.4857852792123811}
{"t": 1784444235.8360908, "x": 0.5428472807579392, "y": -0.14579450367168081, "zone": null, "min_dist": 1.4571527192420608}
{"t": 1784444235.9882889, "x": 0.5727999350979956, "y": -0.15808089410781173, "zone": null, "min_dist": 1.4272000649020042}
{"t": 1784444236.1485682, "x": 0.6036896694712137, "y": -0.1700066757506019, "zone": null, "min_dist": 1.3963103305287863}
{"t": 1784444236.3008225, "x": 0.6344126922419072, "y": -0.18109272924945882, "zone": null, "min_dist": 1.365587307758093}
{"t": 1784444236.4531662, "x": 0.665781745969427, "y": -0.19165503822362423, "zone": null, "min_dist": 1.334218254030573}
{"t": 1784444236.6054223, "x": 0.6972484106327042, "y": -0.20146728246110976, "zone": null, "min_dist": 1.3027515893672958}
{"t": 1784444236.7657137, "x": 0.7307465745592565, "y": -0.2110429681491381, "zone": null, "min_dist": 1.2692534254407435}
{"t": 1784444236.925602, "x": 0.7639331521039167, "y": -0.21972093438252122, "zone": null, "min_dist": 1.2360668478960832}
{"t": 1784444237.0774333, "x": 0.7942962618647978, "y": -0.22695001537912027, "zone": null, "min_dist": 1.205703738135202}
{"t": 1784444237.2304673, "x": 0.8259012878452312, "y": -0.23375726877365777, "zone": null, "min_dist": 1.1740987121547688}
{"t": 1784444237.3901227, "x": 0.8592860733261872, "y": -0.24017836279483662, "zone": null, "min_dist": 1.1407139266738127}
{"t": 1784444237.5505147, "x": 0.8930476501817531, "y": -0.24588663585175713, "zone": null, "min_dist": 1.106952349818247}
{"t": 1784444237.703157, "x": 0.9260222127358707, "y": -0.2507154655916359, "zone": null, "min_dist": 1.0739777872641292}
{"t": 1784444237.855576, "x": 0.9576415259350523, "y": -0.2546522003076809, "zone": null, "min_dist": 1.0423584740649479}
{"t": 1784444238.0077076, "x": 0.9897751116063191, "y": -0.2580311121652947, "zone": null, "min_dist": 1.0102248883936809}
{"t": 1784444238.167631, "x": 1.0227764955055392, "y": -0.26137662948920604, "zone": null, "min_dist": 0.9772235044944608}
{"t": 1784444238.327924, "x": 1.0564470382453166, "y": -0.26478295634755367, "zone": null, "min_dist": 0.9435529617546834}
{"t": 1784444238.480361, "x": 1.0889151348054695, "y": -0.26775879012165255, "zone": null, "min_dist": 0.9110848651945305}
{"t": 1784444238.6408765, "x": 1.1234241780821848, "y": -0.27017909583452226, "zone": null, "min_dist": 0.8765758219178152}
{"t": 1784444238.7930374, "x": 1.1556958326164615, "y": -0.271746161352282, "zone": null, "min_dist": 0.8443041673835385}
{"t": 1784444238.945289, "x": 1.1886300211482608, "y": -0.27280573248537143, "zone": null, "min_dist": 0.8113699788517392}
{"t": 1784444239.0978518, "x": 1.221959406662047, "y": -0.27379284609663906, "zone": null, "min_dist": 0.7780405933379531}
{"t": 1784444239.2493627, "x": 1.2551288623458303, "y": -0.2747752232475341, "zone": null, "min_dist": 0.7448711376541697}
{"t": 1784444239.4251056, "x": 1.2933908685187647, "y": -0.27590842614565864, "zone": null, "min_dist": 0.7066091314812353}
{"t": 1784444239.5777204, "x": 1.3248448645582807, "y": -0.27683999701075934, "zone": null, "min_dist": 0.6751551354417193}
{"t": 1784444239.7301674, "x": 1.3553208096530311, "y": -0.27774260115071914, "zone": null, "min_dist": 0.6446791903469689}
{"t": 1784444239.890325, "x": 1.3878201984124523, "y": -0.27870513346262277, "zone": null, "min_dist": 0.6121798015875477}
{"t": 1784444240.0426157, "x": 1.419792705057053, "y": -0.2796520609555469, "zone": null, "min_dist": 0.5802072949429471}
{"t": 1784444240.1947646, "x": 1.4517651979183424, "y": -0.2805989880454873, "zone": null, "min_dist": 0.5482348020816576}
{"t": 1784444240.3470347, "x": 1.483527284666689, "y": -0.281539683578067, "zone": null, "min_dist": 0.5164727153333111}
{"t": 1784444240.5080652, "x": 1.517169796008113, "y": -0.28253607148466037, "zone": null, "min_dist": 0.48283020399188703}
{"t": 1784444240.6677709, "x": 1.5506270805695366, "y": -0.2835269735893302, "zone": null, "min_dist": 0.4493729194304634}
{"t": 1784444240.8198905, "x": 1.5825676463975378, "y": -0.2844729550848431, "zone": null, "min_dist": 0.4174323536024622}
{"t": 1784444240.9802852, "x": 1.61633136780061, "y": -0.28547293284388775, "zone": null, "min_dist": 0.38366863219939007}
{"t": 1784444241.1323497, "x": 1.647687723877221, "y": -0.2864016119454101, "zone": null, "min_dist": 0.35231227612277904}
{"t": 1784444241.28459, "x": 1.6797885628866187, "y": -0.28732332594238785, "zone": null, "min_dist": 0.3202114371133813}
{"t": 1784444241.4372435, "x": 1.711860254676866, "y": -0.28815545457266206, "zone": null, "min_dist": 0.288139745323134}
{"t": 1784444241.5894246, "x": 1.743313188473448, "y": -0.28894136599847475, "zone": null, "min_dist": 0.25668681152655193}
{"t": 1784444241.7416506, "x": 1.7754181607705861, "y": -0.2897219924582648, "zone": null, "min_dist": 0.22458183922941388}
{"t": 1784444241.893545, "x": 1.8073965766247402, "y": -0.2904413488189625, "zone": null, "min_dist": 0.19260342337525982}
{"t": 1784444242.0461085, "x": 1.8391338684998946, "y": -0.29109279688157075, "zone": null, "min_dist": 0.16086613150010542}
{"t": 1784444242.1983573, "x": 1.871242070255376, "y": -0.2917301182833769, "zone": null, "min_dist": 0.12875792974462397}
{"t": 1784444242.3583438, "x": 1.9044616321361894, "y": -0.29238949937729886, "zone": null, "min_dist": 0.09553836786381065}
{"t": 1784444242.5111642, "x": 1.936473852793106, "y": -0.2930249156723874, "zone": null, "min_dist": 0.06352614720689398}
{"t": 1784444242.6630673, "x": 1.9688245330369625, "y": -0.29366705006137106, "zone": null, "min_dist": 0.031175466963037524}
{"t": 1784444242.815648, "x": 2.0009933233930424, "y": -0.2943055741262204, "zone": "wh_zone_0", "min_dist": 0.0}
{"t": 1784444242.9755914, "x": 2.03432746511593, "y": -0.29496722950645793, "zone": "wh_zone_0", "min_dist": 0.0}
{"t": 1784444243.1274507, "x": 2.066464247808922, "y": -0.29560511825430663, "zone": "wh_zone_0", "min_dist": 0.0}
{"t": 1784444243.2796037, "x": 2.0982911968839972, "y": -0.29623685710996306, "zone": "wh_zone_0", "min_dist": 0.0}
{"t": 1784444243.4402454, "x": 2.131817269647423, "y": -0.2969023221456811, "zone": "wh_zone_0", "min_dist": 0.0}
{"t": 1784444243.6003654, "x": 2.165375291066422, "y": -0.29756842134319567, "zone": "wh_zone_0", "min_dist": 0.0}
{"t": 1784444243.7605474, "x": 2.1987480548727474, "y": -0.29823084337102523, "zone": "wh_zone_0", "min_dist": 0.0}
{"t": 1784444243.9128084, "x": 2.2310314265800826, "y": -0.29887164173831726, "zone": "wh_zone_0", "min_dist": 0.0}
{"t": 1784444244.0656114, "x": 2.263941109542543, "y": -0.2995248717972481, "zone": "wh_zone_0", "min_dist": 0.0}
{"t": 1784444244.2175725, "x": 2.296313692699186, "y": -0.3001674409329703, "zone": "wh_zone_0", "min_dist": 0.0}
{"t": 1784444244.369329, "x": 2.3274991462532246, "y": -0.30078644670465643, "zone": "wh_zone_0", "min_dist": 0.0}
{"t": 1784444244.5217173, "x": 2.3595113512773076, "y": -0.30142186269994226, "zone": "wh_zone_0", "min_dist": 0.0}
{"t": 1784444244.6741533, "x": 2.391341683647402, "y": -0.3020536687067778, "zone": "wh_zone_0", "min_dist": 0.0}
{"t": 1784444244.8265557, "x": 2.4232933296637316, "y": -0.3026878826460982, "zone": "wh_zone_0", "min_dist": 0.0}
{"t": 1784444244.9863908, "x": 2.456854673889454, "y": -0.30335404781245934, "zone": "wh_zone_0", "min_dist": 0.0}
{"t": 1784444245.138527, "x": 2.4899428929708693, "y": -0.3040108216241933, "zone": "wh_zone_0", "min_dist": 0.0}
{"t": 1784444245.2986488, "x": 2.5249187403698787, "y": -0.30470506327440605, "zone": "wh_zone_0", "min_dist": 0.0}
{"t": 1784444245.4510417, "x": 2.5583521547283046, "y": -0.3053686888708854, "zone": "wh_zone_0", "min_dist": 0.0}
{"t": 1784444245.6034493, "x": 2.59071471233214, "y": -0.3060110589847332, "zone": "wh_zone_0", "min_dist": 0.0}
{"t": 1784444245.7553551, "x": 2.6222133501886202, "y": -0.30663628116576286, "zone": "wh_zone_0", "min_dist": 0.0}
{"t": 1784444245.915511, "x": 2.65592452854455, "y": -0.3073054204035113, "zone": "wh_zone_0", "min_dist": 0.0}
{"t": 1784444246.0680692, "x": 2.6876841546100483, "y": -0.30794105462745625, "zone": "wh_zone_0", "min_dist": 0.0}
{"t": 1784444246.2284243, "x": 2.721764492017176, "y": -0.3086971243486458, "zone": "wh_zone_0", "min_dist": 0.0}
{"t": 1784444246.3885872, "x": 2.756539783579033, "y": -0.30947541849384974, "zone": "wh_zone_0", "min_dist": 0.0}
{"t": 1784444246.548684, "x": 2.79138579439037, "y": -0.3102552953615585, "zone": "wh_zone_0", "min_dist": 0.0}
{"t": 1784444246.7013001, "x": 2.824351058076912, "y": -0.31099307986079094, "zone": "wh_zone_0", "min_dist": 0.0}
{"t": 1784444246.85351, "x": 2.855385016198164, "y": -0.3116876407525262, "zone": "wh_zone_0", "min_dist": 0.0}
{"t": 1784444247.0139835, "x": 2.889451432703708, "y": -0.31245006989314517, "zone": "wh_zone_0", "min_dist": 0.0}
{"t": 1784444247.166199, "x": 2.9217464288790946, "y": -0.31317285349420937, "zone": "wh_zone_0", "min_dist": 0.0}
{"t": 1784444247.3186927, "x": 2.954063373286903, "y": -0.3138961282962354, "zone": "wh_zone_0", "min_dist": 0.0}
{"t": 1784444247.478432, "x": 2.987766181541474, "y": -0.31465041967138674, "zone": "wh_zone_0", "min_dist": 0.0}
{"t": 1784444247.6385126, "x": 3.0213997744293204, "y": -0.31540316202564345, "zone": "wh_zone_0", "min_dist": 0.0}
{"t": 1784444247.7904649, "x": 3.0535921339976118, "y": -0.316123648550814, "zone": "wh_zone_0", "min_dist": 0.0}
{"t": 1784444247.9427514, "x": 3.0859983797369828, "y": -0.3168489219414767, "zone": "wh_zone_0", "min_dist": 0.0}
{"t": 1784444248.103374, "x": 3.1210362973512638, "y": -0.31763309378666676, "zone": "wh_zone_0", "min_dist": 0.0}
{"t": 1784444248.2634807, "x": 3.1544326251308283, "y": -0.318380525979652, "zone": "wh_zone_0", "min_dist": 0.0}
{"t": 1784444248.4156845, "x": 3.1853032122008336, "y": -0.3190714305547663, "zone": "wh_zone_0", "min_dist": 0.0}
{"t": 1784444248.5677915, "x": 3.2172530905292125, "y": -0.3197864902329575, "zone": "wh_zone_0", "min_dist": 0.0}
{"t": 1784444248.7204504, "x": 3.2490497147528186, "y": -0.32049812001592665, "zone": "wh_zone_0", "min_dist": 0.0}
{"t": 1784444248.8724961, "x": 3.280811069345012, "y": -0.32120896041731223, "zone": "wh_zone_0", "min_dist": 0.0}
{"t": 1784444249.0251746, "x": 3.3134378013328774, "y": -0.3219391684340363, "zone": "wh_zone_0", "min_dist": 0.0}
{"t": 1784444249.1852322, "x": 3.348533012760458, "y": -0.3227246225288667, "zone": "wh_zone_0", "min_dist": 0.0}
{"t": 1784444249.3457491, "x": 3.383628224327463, "y": -0.32351007662680825, "zone": "wh_zone_0", "min_dist": 0.0}
{"t": 1784444249.5062187, "x": 3.4188194118668953, "y": -0.3242976787149536, "zone": "wh_zone_0", "min_dist": 0.0}
{"t": 1784444249.66655, "x": 3.4527511877008386, "y": -0.32505709450998543, "zone": "wh_zone_0", "min_dist": 0.0}
{"t": 1784444249.818585, "x": 3.4835510680494095, "y": -0.3257464166280023, "zone": "wh_zone_0", "min_dist": 0.0}
{"t": 1784444249.9706478, "x": 3.5153157141151894, "y": -0.32645733071737226, "zone": "wh_zone_0", "min_dist": 0.0}
{"t": 1784444250.1231031, "x": 3.547112338328617, "y": -0.32716896050011834, "zone": "wh_zone_0", "min_dist": 0.0}
{"t": 1784444250.2755377, "x": 3.578873692918058, "y": -0.327879800901447, "zone": "wh_zone_0", "min_dist": 0.0}
{"t": 1784444250.4358544, "x": 3.6122127127308143, "y": -0.32862595053795335, "zone": "wh_zone_0", "min_dist": 0.0}
{"t": 1784444250.595889, "x": 3.6455517325337916, "y": -0.3293721001742415, "zone": "wh_zone_0", "min_dist": 0.0}
{"t": 1784444250.7482212, "x": 3.678766106732026, "y": -0.3301154599202142, "zone": "wh_zone_0", "min_dist": 0.0}
{"t": 1784444250.9003975, "x": 3.7121657428209143, "y": -0.33086296590543485, "zone": "wh_zone_0", "min_dist": 0.0}
{"t": 1784444251.0526896, "x": 3.7448363884920415, "y": -0.33159415668507547, "zone": "wh_zone_0", "min_dist": 0.0}
{"t": 1784444251.2049353, "x": 3.7750907075186677, "y": -0.3322712688589775, "zone": "wh_zone_0", "min_dist": 0.0}
{"t": 1784444251.3569257, "x": 3.8059292574616617, "y": -0.3329614564347283, "zone": "wh_zone_0", "min_dist": 0.0}
{"t": 1784444251.5095375, "x": 3.83716350843239, "y": -0.33366050000788194, "zone": "wh_zone_0", "min_dist": 0.0}
{"t": 1784444251.6616063, "x": 3.8692026741630743, "y": -0.33437755796790763, "zone": "wh_zone_0", "min_dist": 0.0}
{"t": 1784444251.8138487, "x": 3.9006288787927406, "y": -0.33508089756393616, "zone": "wh_zone_0", "min_dist": 0.0}
{"t": 1784444251.9661348, "x": 3.9337506756544043, "y": -0.3358221853719617, "zone": "wh_zone_0", "min_dist": 0.0}
{"t": 1784444252.118272, "x": 3.967086358810359, "y": -0.33656826004798723, "zone": "wh_zone_0", "min_dist": 0.0}
{"t": 1784444252.2706156, "x": 4.000396723102478, "y": -0.3373137680957346, "zone": null, "min_dist": 0.00039672310247773623}
{"t": 1784444252.4225981, "x": 4.03351519764627, "y": -0.3380549815339638, "zone": null, "min_dist": 0.03351519764627042}
{"t": 1784444252.5749345, "x": 4.064704034892069, "y": -0.338753008705634, "zone": null, "min_dist": 0.06470403489206866}
{"t": 1784444252.7272463, "x": 4.097298773261484, "y": -0.33948250068347235, "zone": null, "min_dist": 0.09729877326148362}
{"t": 1784444252.8874197, "x": 4.131653162759834, "y": -0.3402513747935087, "zone": null, "min_dist": 0.13165316275983407}
{"t": 1784444253.047446, "x": 4.163944866192268, "y": -0.34097408494303305, "zone": null, "min_dist": 0.163944866192268}
{"t": 1784444253.1998947, "x": 4.196699565986577, "y": -0.3417071569425332, "zone": null, "min_dist": 0.19669956598657734}
{"t": 1784444253.3601983, "x": 4.231299804105959, "y": -0.3424815332638818, "zone": null, "min_dist": 0.23129980410595863}
{"t": 1784444253.5122519, "x": 4.264115120537589, "y": -0.34321596189440934, "zone": null, "min_dist": 0.2641151205375891}
{"t": 1784444253.664563, "x": 4.295320823510753, "y": -0.34391436652412, "zone": null, "min_dist": 0.29532082351075317}
{"t": 1784444253.8164513, "x": 4.327551882241031, "y": -0.34463571915915886, "zone": null, "min_dist": 0.32755188224103104}
{"t": 1784444253.9689667, "x": 4.358939359764128, "y": -0.3453381920135, "zone": null, "min_dist": 0.35893935976412816}
{"t": 1784444254.1212955, "x": 4.391227695265548, "y": -0.3460608265296699, "zone": null, "min_dist": 0.391227695265548}
{"t": 1784444254.2735565, "x": 4.423915133662888, "y": -0.3467923931554005, "zone": null, "min_dist": 0.4239151336628879}
{"t": 1784444254.4334314, "x": 4.456519976791576, "y": -0.3475221115468193, "zone": null, "min_dist": 0.45651997679157574}
{"t": 1784444254.5936558, "x": 4.49065378976249, "y": -0.3482860490428897, "zone": null, "min_dist": 0.4906537897624901}
{"t": 1784444254.7533786, "x": 4.525257334878834, "y": -0.3490604993970611, "zone": null, "min_dist": 0.5252573348788339}
{"t": 1784444254.9058912, "x": 4.558104721921337, "y": -0.3497920730225699, "zone": null, "min_dist": 0.5581047219213371}
{"t": 1784444255.058294, "x": 4.590651607867163, "y": -0.350302859517448, "zone": null, "min_dist": 0.5906516078671631}
{"t": 1784444255.2107077, "x": 4.6227224122947606, "y": -0.35012981509279384, "zone": null, "min_dist": 0.6227224122947606}
{"t": 1784444255.3870208, "x": 4.660289804418521, "y": -0.3493932948706038, "zone": null, "min_dist": 0.6602898044185208}
{"t": 1784444255.5476, "x": 4.69433931971341, "y": -0.3487074915345652, "zone": null, "min_dist": 0.6943393197134098}
{"t": 1784444255.7075794, "x": 4.728417505758429, "y": -0.3480211108032771, "zone": null, "min_dist": 0.7284175057584292}
{"t": 1784444255.8838074, "x": 4.764817657248335, "y": -0.3472879627779778, "zone": null, "min_dist": 0.7648176572483347}
{"t": 1784444256.0441766, "x": 4.7989277917036235, "y": -0.3466009386263286, "zone": null, "min_dist": 0.7989277917036235}
{"t": 1784444256.1965687, "x": 4.831431560173902, "y": -0.345946268829116, "zone": null, "min_dist": 0.8314315601739022}
{"t": 1784444256.348547, "x": 4.862658866160556, "y": -0.34531730893523715, "zone": null, "min_dist": 0.8626588661605563}
{"t": 1784444256.5011487, "x": 4.894315693562578, "y": -0.34467969778736635, "zone": null, "min_dist": 0.8943156935625778}
{"t": 1784444256.6536746, "x": 4.9275383388628216, "y": -0.34401054877258525, "zone": null, "min_dist": 0.9275383388628216}
{"t": 1784444256.8135247, "x": 4.962603242526542, "y": -0.3433042941323178, "zone": null, "min_dist": 0.9626032425265416}
{"t": 1784444256.965907, "x": 4.994968932321827, "y": -0.34265240544911607, "zone": null, "min_dist": 0.9949689323218269}
{"t": 1784444257.1182508, "x": 5.025839007542451, "y": -0.34202278377871365, "zone": null, "min_dist": 1.0258390075424506}
{"t": 1784444257.2784958, "x": 5.059338899107251, "y": -0.34103263767327807, "zone": null, "min_dist": 1.0593388991072512}
{"t": 1784444257.4306588, "x": 5.090998008049775, "y": -0.3394139732772978, "zone": null, "min_dist": 1.090998008049775}
{"t": 1784444257.5826561, "x": 5.123366520969483, "y": -0.33705697040401306, "zone": null, "min_dist": 1.1233665209694834}
{"t": 1784444257.7352514, "x": 5.156556110417718, "y": -0.33393856799186833, "zone": null, "min_dist": 1.1565561104177178}
{"t": 1784444257.9115133, "x": 5.1949671903636085, "y": -0.3298947717989957, "zone": null, "min_dist": 1.1949671903636085}
{"t": 1784444258.0721226, "x": 5.229973176467217, "y": -0.3262041041744605, "zone": null, "min_dist": 1.229973176467217}
{"t": 1784444258.2241929, "x": 5.261822147486434, "y": -0.32272187456812657, "zone": null, "min_dist": 1.2618221474864342}
{"t": 1784444258.376566, "x": 5.293469319644233, "y": -0.31865063304425356, "zone": null, "min_dist": 1.2934693196442328}
{"t": 1784444258.5287137, "x": 5.325258486383193, "y": -0.31386316566171174, "zone": null, "min_dist": 1.325258486383193}
{"t": 1784444258.6811528, "x": 5.358172148381018, "y": -0.3081858305230236, "zone": null, "min_dist": 1.3581721483810183}
{"t": 1784444258.8331826, "x": 5.390836086902326, "y": -0.30185513049653584, "zone": null, "min_dist": 1.3908360869023264}
{"t": 1784444258.9855769, "x": 5.423425559314273, "y": -0.29484085637630264, "zone": null, "min_dist": 1.423425559314273}
{"t": 1784444259.145441, "x": 5.457541381452085, "y": -0.2867449820291501, "zone": null, "min_dist": 1.457541381452085}
{"t": 1784444259.2974596, "x": 5.489807472497844, "y": -0.2783680573616256, "zone": null, "min_dist": 1.4898074724978443}
{"t": 1784444259.4576397, "x": 5.523552540890236, "y": -0.2688442483952656, "zone": null, "min_dist": 1.5235525408902362}
{"t": 1784444259.6342082, "x": 5.560407222693897, "y": -0.2575370088039973, "zone": null, "min_dist": 1.5604072226938968}
{"t": 1784444259.7943885, "x": 5.593595310006197, "y": -0.24652513401985615, "zone": null, "min_dist": 1.5935953100061973}
{"t": 1784444259.946954, "x": 5.624976939481707, "y": -0.23537462898697037, "zone": null, "min_dist": 1.6249769394817069}
{"t": 1784444260.0989332, "x": 5.655914049202028, "y": -0.2236627370634727, "zone": null, "min_dist": 1.6559140492020283}
{"t": 1784444260.251305, "x": 5.686817191748881, "y": -0.21124757202018368, "zone": null, "min_dist": 1.6868171917488812}
{"t": 1784444260.403566, "x": 5.717147677091715, "y": -0.19836790576877023, "zone": null, "min_dist": 1.717147677091715}
{"t": 1784444260.5797143, "x": 5.751984535163584, "y": -0.1826991858889206, "zone": null, "min_dist": 1.7519845351635839}
{"t": 1784444260.7321744, "x": 5.7818031503101945, "y": -0.1685253883868403, "zone": null, "min_dist": 1.7818031503101945}
{"t": 1784444260.8844767, "x": 5.811395466098689, "y": -0.15374125720122647, "zone": null, "min_dist": 1.8113954660986886}
{"t": 1784444261.0445457, "x": 5.8424062100051195, "y": -0.13744650259777424, "zone": null, "min_dist": 1.8424062100051195}
{"t": 1784444261.1966577, "x": 5.871238302012139, "y": -0.12155845297585176, "zone": null, "min_dist": 1.8712383020121388}
{"t": 1784444261.356747, "x": 5.901463041976841, "y": -0.10410261218672968, "zone": null, "min_dist": 1.9014630419768412}
{"t": 1784444261.5090952, "x": 5.929734750020154, "y": -0.08698911579465375, "zone": null, "min_dist": 1.9297347500201543}
{"t": 1784444261.6615243, "x": 5.957846981738798, "y": -0.06919269584041217, "zone": null, "min_dist": 1.9578469817387978}
{"t": 1784444261.8140066, "x": 5.985437614748217, "y": -0.05094359352183833, "zone": null, "min_dist": 1.985437614748217}
{"t": 1784444261.9654653, "x": 6.012708692866369, "y": -0.032107446668195, "zone": null, "min_dist": 2.0127086928663687}
{"t": 1784444262.1178565, "x": 6.039544845515949, "y": -0.012766028277247692, "zone": null, "min_dist": 2.039544845515949}
{"t": 1784444262.278464, "x": 6.067408711638361, "y": 0.008201167356955976, "zone": null, "min_dist": 2.067408711638361}
{"t": 1784444262.4304261, "x": 6.093578662761079, "y": 0.028747019704609276, "zone": null, "min_dist": 2.093578662761079}
{"t": 1784444262.5827854, "x": 6.119175570652193, "y": 0.0496977752046284, "zone": null, "min_dist": 2.1191755706521933}
{"t": 1784444262.7350788, "x": 6.144417350103116, "y": 0.07122650958903048, "zone": null, "min_dist": 2.144417350103116}
{"t": 1784444262.887445, "x": 6.168912344952086, "y": 0.09293173448301124, "zone": null, "min_dist": 2.168912344952086}
{"t": 1784444263.0396883, "x": 6.193133473841073, "y": 0.1152053436085471, "zone": null, "min_dist": 2.1931334738410726}
{"t": 1784444263.192081, "x": 6.216748222103268, "y": 0.1378723189412535, "zone": null, "min_dist": 2.216748222103268}
{"t": 1784444263.3525853, "x": 6.241198672531098, "y": 0.16257741007918433, "zone": null, "min_dist": 2.241198672531098}
{"t": 1784444263.504827, "x": 6.263734724907941, "y": 0.18631019082393982, "zone": null, "min_dist": 2.263734724907941}
{"t": 1784444263.6801596, "x": 6.289346144066046, "y": 0.2143886898401558, "zone": null, "min_dist": 2.2893461440660463}
{"t": 1784444263.832681, "x": 6.31102447464683, "y": 0.2391202618279331, "zone": null, "min_dist": 2.31102447464683}
{"t": 1784444263.993198, "x": 6.333321262231325, "y": 0.2656264716143718, "zone": null, "min_dist": 2.3333212622313253}
{"t": 1784444264.1456425, "x": 6.353953862897981, "y": 0.2914114431072026, "zone": null, "min_dist": 2.3539538628979813}
{"t": 1784444264.297583, "x": 6.373962347737417, "y": 0.3175481592720014, "zone": null, "min_dist": 2.373962347737417}
{"t": 1784444264.4498363, "x": 6.393427972597108, "y": 0.34422512478534995, "zone": null, "min_dist": 2.3934279725971077}
{"t": 1784444264.6020586, "x": 6.412202210625006, "y": 0.3712589482861997, "zone": null, "min_dist": 2.412202210625006}
{"t": 1784444264.7544467, "x": 6.430440751102805, "y": 0.3987900060931675, "zone": null, "min_dist": 2.4304407511028048}
{"t": 1784444264.9062946, "x": 6.447901762574361, "y": 0.4265538943740948, "zone": null, "min_dist": 2.447901762574361}
{"t": 1784444265.0588827, "x": 6.464872154600874, "y": 0.4549290822481146, "zone": null, "min_dist": 2.464872154600874}
{"t": 1784444265.2112153, "x": 6.4809443785432315, "y": 0.4833226458109411, "zone": null, "min_dist": 2.4809443785432315}
{"t": 1784444265.3634136, "x": 6.496372575934165, "y": 0.5122381209383214, "zone": null, "min_dist": 2.4963725759341653}
{"t": 1784444265.5155072, "x": 6.5110520773738845, "y": 0.5414295512893337, "zone": null, "min_dist": 2.5110520773738845}
{"t": 1784444265.69204, "x": 6.522080871723966, "y": 0.5647953123523366, "zone": null, "min_dist": 2.522080871723966}
{"t": 1784444265.844542, "x": 6.526975963286063, "y": 0.5761264238238015, "zone": null, "min_dist": 2.5269759632860627}
{"t": 1784444265.9967005, "x": 6.530842824336925, "y": 0.5867660397961794, "zone": null, "min_dist": 2.5308428243369248}
{"t": 1784444266.1492128, "x": 6.533298654864672, "y": 0.596615306624529, "zone": null, "min_dist": 2.533298654864672}
{"t": 1784444266.3015592, "x": 6.534177730756567, "y": 0.6057885457607636, "zone": null, "min_dist": 2.534177730756567}
{"t": 1784444266.453774, "x": 6.533008317033662, "y": 0.6039405892934138, "zone": null, "min_dist": 2.533008317033662}
{"t": 1784444266.606068, "x": 6.532449112416182, "y": 0.6025523465484828, "zone": null, "min_dist": 2.532449112416182}
{"t": 1784444266.75826, "x": 6.532463935495195, "y": 0.6018192713135857, "zone": null, "min_dist": 2.532463935495195}
{"t": 1784444266.91026, "x": 6.532523152364047, "y": 0.6011988287470704, "zone": null, "min_dist": 2.532523152364047}
{"t": 1784444267.0628667, "x": 6.5332217790848315, "y": 0.6016013055556405, "zone": null, "min_dist": 2.5332217790848315}
{"t": 1784444267.2229986, "x": 6.528831216158951, "y": 0.596151451078669, "zone": null, "min_dist": 2.5288312161589506}
{"t": 1784444267.3750615, "x": 6.525884798219036, "y": 0.5919571567844748, "zone": null, "min_dist": 2.525884798219036}
{"t": 1784444267.5274754, "x": 6.51627968974534, "y": 0.5766814344990746, "zone": null, "min_dist": 2.51627968974534}
{"t": 1784444267.6800992, "x": 6.505719113855092, "y": 0.5556396094233562, "zone": null, "min_dist": 2.5057191138550916}
{"t": 1784444267.8321204, "x": 6.506177628625099, "y": 0.5574820110614284, "zone": null, "min_dist": 2.5061776286250987}
{"t": 1784444267.9923263, "x": 6.507453276083387, "y": 0.5628213619807663, "zone": null, "min_dist": 2.507453276083387}
{"t": 1784444268.1529064, "x": 6.507254600218064, "y": 0.5616875296421542, "zone": null, "min_dist": 2.5072546002180642}
{"t": 1784444268.3047812, "x": 6.506743611148136, "y": 0.5586581048411459, "zone": null, "min_dist": 2.506743611148136}
{"t": 1784444268.457479, "x": 6.506244116223409, "y": 0.5548620215932814, "zone": null, "min_dist": 2.5062441162234093}
{"t": 1784444268.6175528, "x": 6.505773474778682, "y": 0.5508212722360482, "zone": null, "min_dist": 2.5057734747786817}
{"t": 1784444268.7773597, "x": 6.505313395853883, "y": 0.5466768660330197, "zone": null, "min_dist": 2.505313395853883}
{"t": 1784444268.9373026, "x": 6.505808208137, "y": 0.5542516365811246, "zone": null, "min_dist": 2.505808208137}
{"t": 1784444269.089548, "x": 6.50537598541226, "y": 0.5809996264270851, "zone": null, "min_dist": 2.50537598541226}
{"t": 1784444269.2419689, "x": 6.504698134612307, "y": 0.5869658680790174, "zone": null, "min_dist": 2.5046981346123074}
{"t": 1784444269.3943553, "x": 6.499956302958387, "y": 0.6102257192841936, "zone": null, "min_dist": 2.4999563029583873}
{"t": 1784444269.5464013, "x": 6.489663123733186, "y": 0.6409808002210415, "zone": null, "min_dist": 2.4896631237331857}
{"t": 1784444269.722592, "x": 6.472460035522857, "y": 0.6744459513148794, "zone": null, "min_dist": 2.4724600355228574}
{"t": 1784444269.874932, "x": 6.4531761805529495, "y": 0.7011952218741571, "zone": null, "min_dist": 2.4531761805529495}
{"t": 1784444270.027263, "x": 6.431824715975871, "y": 0.7234435985151136, "zone": null, "min_dist": 2.4318247159758712}
{"t": 1784444270.1794074, "x": 6.406122393681701, "y": 0.7435799416421508, "zone": null, "min_dist": 2.4061223936817013}
{"t": 1784444270.3394063, "x": 6.3767631594581164, "y": 0.760500939028042, "zone": null, "min_dist": 2.3767631594581164}
{"t": 1784444270.50009, "x": 6.346363614731403, "y": 0.7729382275058316, "zone": null, "min_dist": 2.346363614731403}
{"t": 1784444270.6606195, "x": 6.3140506772430935, "y": 0.7849455021658247, "zone": null, "min_dist": 2.3140506772430935}
{"t": 1784444270.8204064, "x": 6.281517282464411, "y": 0.7885526614124346, "zone": null, "min_dist": 2.281517282464411}
{"t": 1784444270.980364, "x": 6.24693512780432, "y": 0.7873658919140903, "zone": null, "min_dist": 2.2469351278043197}
{"t": 1784444271.140855, "x": 6.212379065131997, "y": 0.7810391730738933, "zone": null, "min_dist": 2.212379065131997}
{"t": 1784444271.293742, "x": 6.200338932035354, "y": 0.7775702847559355, "zone": null, "min_dist": 2.200338932035354}
{"t": 1784444271.445631, "x": 6.20361326843148, "y": 0.7786443774143549, "zone": null, "min_dist": 2.2036132684314804}
{"t": 1784444271.6065183, "x": 6.207030319811558, "y": 0.7797572679850557, "zone": null, "min_dist": 2.207030319811558}
{"t": 1784444271.7667475, "x": 6.21045767977755, "y": 0.7808658126685055, "zone": null, "min_dist": 2.2104576797775497}
{"t": 1784444271.927313, "x": 6.213886890956223, "y": 0.7819948265307572, "zone": null, "min_dist": 2.213886890956223}
{"t": 1784444272.0870695, "x": 6.217325440588103, "y": 0.7831386869499686, "zone": null, "min_dist": 2.2173254405881027}
{"t": 1784444272.2393508, "x": 6.2180618986084175, "y": 0.7829674519503436, "zone": null, "min_dist": 2.2180618986084175}
{"t": 1784444272.3917887, "x": 6.1903612011468985, "y": 0.7644657206456934, "zone": null, "min_dist": 2.1903612011468985}
{"t": 1784444272.55224, "x": 6.164487697180313, "y": 0.7412753954632242, "zone": null, "min_dist": 2.164487697180313}
{"t": 1784444272.7045512, "x": 6.143017003562025, "y": 0.7157066605218443, "zone": null, "min_dist": 2.143017003562025}
{"t": 1784444272.8568215, "x": 6.127908054609214, "y": 0.6932271904972858, "zone": null, "min_dist": 2.1279080546092137}
{"t": 1784444273.016723, "x": 6.1132094656489375, "y": 0.6621546705953653, "zone": null, "min_dist": 2.1132094656489375}
{"t": 1784444273.1690676, "x": 6.103254155727321, "y": 0.6304501265201933, "zone": null, "min_dist": 2.1032541557273214}
{"t": 1784444273.3218896, "x": 6.097692672766403, "y": 0.5975149164072254, "zone": null, "min_dist": 2.097692672766403}
{"t": 1784444273.4814851, "x": 6.096730544477992, "y": 0.5624615844493198, "zone": null, "min_dist": 2.0967305444779916}
{"t": 1784444273.6334374, "x": 6.100439224130466, "y": 0.5295740251558152, "zone": null, "min_dist": 2.100439224130466}
{"t": 1784444273.785818, "x": 6.1072080312886, "y": 0.4984040639797007, "zone": null, "min_dist": 2.1072080312886}
{"t": 1784444273.937762, "x": 6.1177686718827795, "y": 0.4676082594442011, "zone": null, "min_dist": 2.1177686718827795}
{"t": 1784444274.090134, "x": 6.132806042964253, "y": 0.4377701187012038, "zone": null, "min_dist": 2.132806042964253}
{"t": 1784444274.2425525, "x": 6.151742945752059, "y": 0.41028595377220667, "zone": null, "min_dist": 2.1517429457520594}
{"t": 1784444274.3951192, "x": 6.1739107748175535, "y": 0.38592833321446024, "zone": null, "min_dist": 2.1739107748175535}
{"t": 1784444274.5554523, "x": 6.197857545818425, "y": 0.36585829189203756, "zone": null, "min_dist": 2.197857545818425}
{"t": 1784444274.7081766, "x": 6.218247513814815, "y": 0.3529890197297357, "zone": null, "min_dist": 2.2182475138148154}
{"t": 1784444274.8681736, "x": 6.238899459064901, "y": 0.34368093673452144, "zone": null, "min_dist": 2.2388994590649007}
{"t": 1784444275.0204377, "x": 6.250291129188815, "y": 0.34014080538567965, "zone": null, "min_dist": 2.250291129188815}
{"t": 1784444275.1805215, "x": 6.2518942785072555, "y": 0.3397950815221914, "zone": null, "min_dist": 2.2518942785072555}
{"t": 1784444275.3325894, "x": 6.251888571683993, "y": 0.33979552446974026, "zone": null, "min_dist": 2.2518885716839927}
{"t": 1784444275.484855, "x": 6.251881941348382, "y": 0.33979554548587876, "zone": null, "min_dist": 2.2518819413483824}
{"t": 1784444275.645175, "x": 6.251874755948191, "y": 0.33979514068525696, "zone": null, "min_dist": 2.251874755948191}
{"t": 1784444275.7978907, "x": 6.251867909430738, "y": 0.33979446406893155, "zone": null, "min_dist": 2.2518679094307377}
{"t": 1784444275.949737, "x": 6.251863214532917, "y": 0.3397938930401653, "zone": null, "min_dist": 2.251863214532917}
{"t": 1784444276.1022525, "x": 6.256786872459665, "y": 0.34043555236120926, "zone": null, "min_dist": 2.2567868724596654}
{"t": 1784444276.2544057, "x": 6.270777653495704, "y": 0.34209758854650024, "zone": null, "min_dist": 2.2707776534957036}
{"t": 1784444276.430861, "x": 6.287030841925816, "y": 0.34351994010920917, "zone": null, "min_dist": 2.287030841925816}
{"t": 1784444276.5903924, "x": 6.301856564720321, "y": 0.3440399834568871, "zone": null, "min_dist": 2.301856564720321}
{"t": 1784444276.743045, "x": 6.322552924846814, "y": 0.3433226300815348, "zone": null, "min_dist": 2.322552924846814}
{"t": 1784444276.8952625, "x": 6.350782948311306, "y": 0.34010318886635643, "zone": null, "min_dist": 2.3507829483113056}
{"t": 1784444277.0474212, "x": 6.376831129468231, "y": 0.3344672291974958, "zone": null, "min_dist": 2.376831129468231}
{"t": 1784444277.2001371, "x": 6.4017664024308525, "y": 0.3252940627728933, "zone": null, "min_dist": 2.4017664024308525}
{"t": 1784444277.3516796, "x": 6.429031524966042, "y": 0.31084105420558916, "zone": null, "min_dist": 2.4290315249660424}
{"t": 1784444277.5124397, "x": 6.4568872711597765, "y": 0.29048364221280537, "zone": null, "min_dist": 2.4568872711597765}
{"t": 1784444277.664535, "x": 6.480154637619045, "y": 0.26782536090214637, "zone": null, "min_dist": 2.4801546376190453}
{"t": 1784444277.8165588, "x": 6.499874023824763, "y": 0.24222026476864886, "zone": null, "min_dist": 2.4998740238247628}
{"t": 1784444277.9769979, "x": 6.517191077330041, "y": 0.21159969539686602, "zone": null, "min_dist": 2.5171910773300414}
{"t": 1784444278.1293752, "x": 6.529323793266873, "y": 0.18045749383074008, "zone": null, "min_dist": 2.5293237932668733}
{"t": 1784444278.2817483, "x": 6.537007712894059, "y": 0.1479306288141982, "zone": null, "min_dist": 2.5370077128940594}
{"t": 1784444278.4414127, "x": 6.540107109703666, "y": 0.11336022887857466, "zone": null, "min_dist": 2.5401071097036656}
{"t": 1784444278.5935428, "x": 6.538360750060457, "y": 0.08149883791046417, "zone": null, "min_dist": 2.5383607500604572}
{"t": 1784444278.753882, "x": 6.531470506695983, "y": 0.04712566231794305, "zone": null, "min_dist": 2.5314705066959826}
{"t": 1784444278.9140997, "x": 6.520063468310501, "y": 0.015262417756423369, "zone": null, "min_dist": 2.520063468310501}
{"t": 1784444279.0663428, "x": 6.5047834052746945, "y": -0.013561395579061171, "zone": null, "min_dist": 2.5047834052746945}
{"t": 1784444279.218857, "x": 6.485541972572063, "y": -0.04066559047087386, "zone": null, "min_dist": 2.4855419725720633}
{"t": 1784444279.3717177, "x": 6.462953307983998, "y": -0.06505631301249816, "zone": null, "min_dist": 2.462953307983998}
{"t": 1784444279.5236583, "x": 6.438518864710778, "y": -0.08592296232365475, "zone": null, "min_dist": 2.438518864710778}
{"t": 1784444279.6840448, "x": 6.411917785600285, "y": -0.10424248794769524, "zone": null, "min_dist": 2.411917785600285}
{"t": 1784444279.8365538, "x": 6.3850371622765865, "y": -0.11959451981039518, "zone": null, "min_dist": 2.3850371622765865}
{"t": 1784444279.98846, "x": 6.3565623454888796, "y": -0.1333412041022621, "zone": null, "min_dist": 2.3565623454888796}
{"t": 1784444280.1484008, "x": 6.325670457978013, "y": -0.1459101795312429, "zone": null, "min_dist": 2.3256704579780134}
{"t": 1784444280.3007002, "x": 6.295143280966275, "y": -0.15621024752313883, "zone": null, "min_dist": 2.2951432809662746}
{"t": 1784444280.452953, "x": 6.264758728994288, "y": -0.16520401201486623, "zone": null, "min_dist": 2.2647587289942877}
{"t": 1784444280.6054928, "x": 6.232609006205656, "y": -0.17396759141020413, "zone": null, "min_dist": 2.2326090062056556}
{"t": 1784444280.7577078, "x": 6.2001582163811255, "y": -0.18207180857489141, "zone": null, "min_dist": 2.2001582163811255}
{"t": 1784444280.9099588, "x": 6.168496692600949, "y": -0.1892691539168499, "zone": null, "min_dist": 2.1684966926009492}
{"t": 1784444281.062439, "x": 6.139334263698468, "y": -0.19524064553353238, "zone": null, "min_dist": 2.1393342636984682}
{"t": 1784444281.2144217, "x": 6.115934445169025, "y": -0.19952911385629662, "zone": null, "min_dist": 2.1159344451690254}
{"t": 1784444281.3670523, "x": 6.098384151129555, "y": -0.20240483634816464, "zone": null, "min_dist": 2.0983841511295553}
{"t": 1784444281.5187154, "x": 6.091936529375388, "y": -0.2034429802638907, "zone": null, "min_dist": 2.0919365293753884}
{"t": 1784444281.6713223, "x": 6.091905110774248, "y": -0.2034478476908212, "zone": null, "min_dist": 2.091905110774248}
{"t": 1784444281.8233528, "x": 6.091896802008435, "y": -0.2034488132013999, "zone": null, "min_dist": 2.091896802008435}
{"t": 1784444281.983573, "x": 6.091887671700492, "y": -0.2034494189015913, "zone": null, "min_dist": 2.0918876717004924}
{"t": 1784444282.1354423, "x": 6.091878681502011, "y": -0.20344942501949362, "zone": null, "min_dist": 2.0918786815020107}
{"t": 1784444282.2956707, "x": 6.091869192156311, "y": -0.2034489601359223, "zone": null, "min_dist": 2.0918691921563113}
{"t": 1784444282.4480836, "x": 6.091860187477596, "y": -0.2034482273704557, "zone": null, "min_dist": 2.0918601874775957}
{"t": 1784444282.6003425, "x": 6.0918567363239156, "y": -0.2034479003585355, "zone": null, "min_dist": 2.0918567363239156}
{"t": 1784444282.7608516, "x": 6.091852187975243, "y": -0.2034474346761638, "zone": null, "min_dist": 2.0918521879752427}
{"t": 1784444282.9124436, "x": 6.09184320815325, "y": -0.20344635667531094, "zone": null, "min_dist": 2.09184320815325}
{"t": 1784444283.0725582, "x": 6.091833753987209, "y": -0.20344486502190257, "zone": null, "min_dist": 2.091833753987209}
{"t": 1784444283.2244809, "x": 6.091824824889443, "y": -0.2034431163371653, "zone": null, "min_dist": 2.091824824889443}
{"t": 1784444283.3771698, "x": 6.091820772776772, "y": -0.20344226176598357, "zone": null, "min_dist": 2.0918207727767717}
{"t": 1784444283.5293267, "x": 6.091828724998479, "y": -0.20344390737078738, "zone": null, "min_dist": 2.0918287249984786}
{"t": 1784444283.6815946, "x": 6.09182281901386, "y": -0.20344270688788108, "zone": null, "min_dist": 2.09182281901386}
{"t": 1784444283.8336673, "x": 6.091813970323018, "y": -0.20344065361444216, "zone": null, "min_dist": 2.0918139703230176}
{"t": 1784444283.9860458, "x": 6.091805203964757, "y": -0.20343802558847235, "zone": null, "min_dist": 2.091805203964757}
{"t": 1784444284.1383164, "x": 6.091796653965641, "y": -0.2034345285038174, "zone": null, "min_dist": 2.091796653965641}
{"t": 1784444284.2986846, "x": 6.091788121684192, "y": -0.20342964109720071, "zone": null, "min_dist": 2.091788121684192}
{"t": 1784444284.4513001, "x": 6.091780751448757, "y": -0.20342388322613209, "zone": null, "min_dist": 2.0917807514487574}
{"t": 1784444284.611471, "x": 6.0917739381896, "y": -0.20341677786966952, "zone": null, "min_dist": 2.0917739381895997}
{"t": 1784444284.7638395, "x": 6.091768494594788, "y": -0.20340917255612442, "zone": null, "min_dist": 2.0917684945947883}
{"t": 1784444284.9160998, "x": 6.09176416150823, "y": -0.20340088408431267, "zone": null, "min_dist": 2.0917641615082303}
{"t": 1784444285.0681806, "x": 6.09176102317302, "y": -0.20339207358595662, "zone": null, "min_dist": 2.09176102317302}
{"t": 1784444285.22057, "x": 6.091759140554622, "y": -0.20338291220597055, "zone": null, "min_dist": 2.091759140554622}
{"t": 1784444285.372721, "x": 6.0917585502575715, "y": -0.20337357801048356, "zone": null, "min_dist": 2.0917585502575715}
{"t": 1784444285.5250676, "x": 6.091759263634068, "y": -0.2033642528292867, "zone": null, "min_dist": 2.091759263634068}
{"t": 1784444285.6771915, "x": 6.091761235081587, "y": -0.20335512453149712, "zone": null, "min_dist": 2.091761235081587}
{"t": 1784444285.8296797, "x": 6.091764229518723, "y": -0.20334636365695324, "zone": null, "min_dist": 2.0917642295187227}
{"t": 1784444285.9823747, "x": 6.0917681160276365, "y": -0.20333797875005785, "zone": null, "min_dist": 2.0917681160276365}
{"t": 1784444286.134214, "x": 6.091772855373394, "y": -0.2033300446517123, "zone": null, "min_dist": 2.091772855373394}
{"t": 1784444286.2871027, "x": 6.091778361728302, "y": -0.20332263045939328, "zone": null, "min_dist": 2.091778361728302}
{"t": 1784444286.4463797, "x": 6.091784688807722, "y": -0.20331535184027652, "zone": null, "min_dist": 2.0917846888077216}
{"t": 1784444286.5984237, "x": 6.0917911265885545, "y": -0.20330884760834547, "zone": null, "min_dist": 2.0917911265885545}
{"t": 1784444286.7510753, "x": 6.091797960520118, "y": -0.20330276090248076, "zone": null, "min_dist": 2.0917979605201182}
{"t": 1784444286.9112988, "x": 6.091805552332091, "y": -0.2032968313881629, "zone": null, "min_dist": 2.091805552332091}
{"t": 1784444287.0721438, "x": 6.091813519814244, "y": -0.20329141718575544, "zone": null, "min_dist": 2.0918135198142442}
{"t": 1784444287.224206, "x": 6.091821405127292, "y": -0.20328677262088923, "zone": null, "min_dist": 2.091821405127292}
{"t": 1784444287.384671, "x": 6.091830008605187, "y": -0.20328242624555168, "zone": null, "min_dist": 2.0918300086051866}
{"t": 1784444287.5364485, "x": 6.091838373768225, "y": -0.20327875641743118, "zone": null, "min_dist": 2.0918383737682253}
{"t": 1784444287.688968, "x": 6.091846858365381, "y": -0.2032753934247351, "zone": null, "min_dist": 2.091846858365381}
{"t": 1784444287.84114, "x": 6.091855397320808, "y": -0.2032722305809233, "zone": null, "min_dist": 2.091855397320808}
{"t": 1784444287.993199, "x": 6.091864001981345, "y": -0.20326925097087548, "zone": null, "min_dist": 2.091864001981345}
{"t": 1784444288.1457846, "x": 6.091872668387256, "y": -0.2032664559674198, "zone": null, "min_dist": 2.091872668387256}
{"t": 1784444288.3055549, "x": 6.091881853232425, "y": -0.20326371470966892, "zone": null, "min_dist": 2.091881853232425}
{"t": 1784444288.4654374, "x": 6.0918910974665925, "y": -0.2032611808018509, "zone": null, "min_dist": 2.0918910974665925}
{"t": 1784444288.625858, "x": 6.091900396362881, "y": -0.20325885554035195, "zone": null, "min_dist": 2.091900396362881}
{"t": 1784444288.7783585, "x": 6.091909276691051, "y": -0.20325684086554535, "zone": null, "min_dist": 2.0919092766910508}
{"t": 1784444288.9316003, "x": 6.091918197208401, "y": -0.20325501343916, "zone": null, "min_dist": 2.0919181972084013}
